TestJson(file='curl-7.52.1-o0-curl', cve='CVE-2017-2629', commit='', ground_truth='vuln', project='curl') is not valid
TestJson(file='curl-7.52.0-o0-curl', cve='CVE-2017-2629', commit='', ground_truth='vuln', project='curl') is not valid
TestJson(file='curl-7.51.0-o0-curl', cve='CVE-2017-2629', commit='', ground_truth='vuln', project='curl') is not valid
CVE-2017-2629 curl-7.53.0-o0-curl truth = patch result = patch
CVE-2017-2629 curl-7.53.1-o0-curl truth = patch result = patch
TestJson(file='curl-7.54.0-o0-curl', cve='CVE-2017-2629', commit='', ground_truth='patch', project='curl') is not valid
CVE-2013-1944 has no sigs, skip
CVE-2013-1944 has no sigs, skip
CVE-2013-1944 has no sigs, skip
CVE-2013-1944 has no sigs, skip
CVE-2018-16840 curl-7.61.1-o0-curl truth = vuln result = vuln
CVE-2018-16840 curl-7.61.0-o0-curl truth = vuln result = vuln
CVE-2018-16840 curl-7.60.0-o0-curl truth = vuln result = vuln
CVE-2018-16840 curl-7.62.0-o0-curl truth = patch result = vuln
CVE-2018-16840 curl-7.63.0-o0-curl truth = patch result = vuln
CVE-2018-16840 curl-7.64.0-o0-curl truth = patch result = vuln
CVE-2018-1000301 curl-7.59.0-o0-curl truth = vuln result = vuln
CVE-2018-1000301 curl-7.58.0-o0-curl truth = vuln result = vuln
CVE-2018-1000301 curl-7.57.0-o0-curl truth = vuln result = vuln
CVE-2018-1000301 curl-7.60.0-o0-curl truth = patch result = patch
CVE-2018-1000301 curl-7.61.0-o0-curl truth = patch result = patch
CVE-2018-1000301 curl-7.61.1-o0-curl truth = patch result = patch
CVE-2016-9586 curl-7.51.0-o0-curl truth = vuln result = vuln
CVE-2016-9586 curl-7.50.3-o0-curl truth = vuln result = vuln
CVE-2016-9586 curl-7.50.2-o0-curl truth = vuln result = vuln
CVE-2016-9586 curl-7.52.0-o0-curl truth = patch result = vuln
CVE-2016-9586 curl-7.52.1-o0-curl truth = patch result = vuln
CVE-2016-9586 curl-7.53.0-o0-curl truth = patch result = vuln
CVE-2017-9502 curl-7.54.0-o0-curl truth = vuln result = vuln
CVE-2017-9502 curl-7.53.1-o0-curl truth = vuln result = vuln
CVE-2017-9502 curl-7.53.0-o0-curl truth = vuln result = vuln
CVE-2017-9502 curl-7.54.1-o0-curl truth = patch result = patch
CVE-2017-9502 curl-7.55.0-o0-curl truth = patch result = patch
CVE-2017-9502 curl-7.55.1-o0-curl truth = patch result = patch
CVE-2017-7407 curl-7.53.1-o0-curl truth = vuln result = vuln
CVE-2017-7407 curl-7.54.0-o0-curl truth = patch result = patch
CVE-2017-7407 curl-7.54.1-o0-curl truth = patch result = patch
CVE-2017-7407 curl-7.55.0-o0-curl truth = patch result = patch
CVE-2018-16839 curl-7.61.1-o0-curl truth = vuln result = vuln
CVE-2018-16839 curl-7.61.0-o0-curl truth = vuln result = vuln
CVE-2018-16839 curl-7.60.0-o0-curl truth = vuln result = vuln
CVE-2018-16839 curl-7.62.0-o0-curl truth = patch result = patch
CVE-2018-16839 curl-7.63.0-o0-curl truth = patch result = patch
CVE-2018-16839 curl-7.64.0-o0-curl truth = patch result = patch
CVE-2018-1000300 curl-7.59.0-o0-curl truth = vuln result = vuln
CVE-2018-1000300 curl-7.58.0-o0-curl truth = vuln result = vuln
CVE-2018-1000300 curl-7.57.0-o0-curl truth = vuln result = vuln
CVE-2018-1000300 curl-7.60.0-o0-curl truth = patch result = vuln
CVE-2018-1000300 curl-7.61.0-o0-curl truth = patch result = vuln
CVE-2018-1000300 curl-7.61.1-o0-curl truth = patch result = vuln
CVE-2023-46219 curl-8.4.0-o0-curl truth = vuln result = vuln
CVE-2023-46219 curl-8.2.1-o0-curl truth = vuln result = vuln
CVE-2023-46219 curl-8.2.0-o0-curl truth = vuln result = vuln
CVE-2023-46219 curl-8.5.0-o0-curl truth = patch result = patch
CVE-2023-46219 curl-8.6.0-o0-curl truth = patch result = patch
CVE-2023-46219 curl-8.7.1-o0-curl truth = patch result = patch
CVE-2016-8621 curl-7.50.3-o0-curl truth = vuln result = vuln
CVE-2016-8621 curl-7.50.2-o0-curl truth = vuln result = vuln
CVE-2016-8621 curl-7.50.1-o0-curl truth = vuln result = vuln
CVE-2016-8621 curl-7.51.0-o0-curl truth = patch result = patch
CVE-2016-8621 curl-7.52.0-o0-curl truth = patch result = patch
CVE-2016-8621 curl-7.52.1-o0-curl truth = patch result = patch
TestJson(file='curl-7.60.0-o0-curl', cve='CVE-2018-0500', commit='', ground_truth='vuln', project='curl') is not valid
TestJson(file='curl-7.59.0-o0-curl', cve='CVE-2018-0500', commit='', ground_truth='vuln', project='curl') is not valid
TestJson(file='curl-7.58.0-o0-curl', cve='CVE-2018-0500', commit='', ground_truth='vuln', project='curl') is not valid
CVE-2018-0500 curl-7.61.0-o0-curl truth = patch result = patch
TestJson(file='curl-7.61.1-o0-curl', cve='CVE-2018-0500', commit='', ground_truth='patch', project='curl') is not valid
TestJson(file='curl-7.62.0-o0-curl', cve='CVE-2018-0500', commit='', ground_truth='patch', project='curl') is not valid
CVE-2013-0249 curl-7.30.0-o0-curl truth = patch result = patch
CVE-2013-0249 curl-7.31.0-o0-curl truth = patch result = patch
CVE-2013-0249 curl-7.32.0-o0-curl truth = patch result = patch
CVE-2014-0015 curl-7.34.0-o0-curl truth = vuln result = vuln
CVE-2014-0015 curl-7.33.0-o0-curl truth = vuln result = vuln
TestJson(file='curl-7.32.0-o0-curl', cve='CVE-2014-0015', commit='', ground_truth='vuln', project='curl') is not valid
CVE-2014-0015 curl-7.35.0-o0-curl truth = patch result = patch
TestJson(file='curl-7.36.0-o0-curl', cve='CVE-2014-0015', commit='', ground_truth='patch', project='curl') is not valid
TestJson(file='curl-7.37.0-o0-curl', cve='CVE-2014-0015', commit='', ground_truth='patch', project='curl') is not valid
TestJson(file='curl-7.70.0-o0-curl', cve='CVE-2020-8169', commit='', ground_truth='vuln', project='curl') is not valid
TestJson(file='curl-7.69.1-o0-curl', cve='CVE-2020-8169', commit='', ground_truth='vuln', project='curl') is not valid
TestJson(file='curl-7.69.0-o0-curl', cve='CVE-2020-8169', commit='', ground_truth='vuln', project='curl') is not valid
TestJson(file='curl-7.71.0-o0-curl', cve='CVE-2020-8169', commit='', ground_truth='patch', project='curl') is not valid
TestJson(file='curl-7.71.1-o0-curl', cve='CVE-2020-8169', commit='', ground_truth='patch', project='curl') is not valid
TestJson(file='curl-7.72.0-o0-curl', cve='CVE-2020-8169', commit='', ground_truth='patch', project='curl') is not valid
CVE-2017-8817 curl-7.56.1-o0-curl truth = vuln result = vuln
CVE-2017-8817 curl-7.56.0-o0-curl truth = vuln result = vuln
CVE-2017-8817 curl-7.55.1-o0-curl truth = vuln result = vuln
CVE-2017-8817 curl-7.57.0-o0-curl truth = patch result = vuln
CVE-2017-8817 curl-7.58.0-o0-curl truth = patch result = vuln
CVE-2017-8817 curl-7.59.0-o0-curl truth = patch result = vuln
CVE-2021-22898 curl-7.76.1-o0-curl truth = vuln result = vuln
CVE-2021-22898 curl-7.76.0-o0-curl truth = vuln result = vuln
CVE-2021-22898 curl-7.75.0-o0-curl truth = vuln result = vuln
CVE-2021-22898 curl-7.77.0-o0-curl truth = patch result = patch
TestJson(file='curl-7.78.0-o0-curl', cve='CVE-2021-22898', commit='', ground_truth='patch', project='curl') is not valid
TestJson(file='curl-7.79.0-o0-curl', cve='CVE-2021-22898', commit='', ground_truth='patch', project='curl') is not valid
CVE-2019-5482 curl-7.65.3-o0-curl truth = vuln result = vuln
CVE-2019-5482 curl-7.65.2-o0-curl truth = vuln result = vuln
CVE-2019-5482 curl-7.65.1-o0-curl truth = vuln result = patch
CVE-2019-5482 curl-7.66.0-o0-curl truth = patch result = patch
CVE-2019-5482 curl-7.67.0-o0-curl truth = patch result = patch
CVE-2019-5482 curl-7.68.0-o0-curl truth = patch result = patch
TestJson(file='curl-7.50.3-o0-curl', cve='CVE-2016-8624', commit='', ground_truth='vuln', project='curl') is not valid
TestJson(file='curl-7.50.2-o0-curl', cve='CVE-2016-8624', commit='', ground_truth='vuln', project='curl') is not valid
TestJson(file='curl-7.50.1-o0-curl', cve='CVE-2016-8624', commit='', ground_truth='vuln', project='curl') is not valid
TestJson(file='curl-7.51.0-o0-curl', cve='CVE-2016-8624', commit='', ground_truth='patch', project='curl') is not valid
TestJson(file='curl-7.52.0-o0-curl', cve='CVE-2016-8624', commit='', ground_truth='patch', project='curl') is not valid
TestJson(file='curl-7.52.1-o0-curl', cve='CVE-2016-8624', commit='', ground_truth='patch', project='curl') is not valid
CVE-2016-8618 curl-7.50.3-o0-curl truth = vuln result = vuln
CVE-2016-8618 curl-7.50.2-o0-curl truth = vuln result = vuln
CVE-2016-8618 curl-7.50.1-o0-curl truth = vuln result = vuln
CVE-2016-8618 curl-7.51.0-o0-curl truth = patch result = patch
CVE-2016-8618 curl-7.52.0-o0-curl truth = patch result = patch
CVE-2016-8618 curl-7.52.1-o0-curl truth = patch result = patch
CVE-2023-46218 curl-8.4.0-o0-curl truth = vuln result = vuln
CVE-2023-46218 curl-8.2.1-o0-curl truth = vuln result = patch
CVE-2023-46218 curl-8.2.0-o0-curl truth = vuln result = patch
CVE-2023-46218 curl-8.5.0-o0-curl truth = patch result = patch
CVE-2023-46218 curl-8.6.0-o0-curl truth = patch result = patch
CVE-2023-46218 curl-8.7.1-o0-curl truth = patch result = patch
CVE-2016-8617 has no sigs, skip
CVE-2016-8617 has no sigs, skip
CVE-2016-8617 has no sigs, skip
CVE-2016-8617 has no sigs, skip
CVE-2016-8617 has no sigs, skip
CVE-2016-8617 has no sigs, skip
CVE-2017-1000101 curl-7.55.0-o0-curl truth = vuln result = patch
CVE-2017-1000101 curl-7.54.1-o0-curl truth = vuln result = patch
CVE-2017-1000101 curl-7.54.0-o0-curl truth = vuln result = patch
CVE-2017-1000101 curl-7.55.1-o0-curl truth = patch result = patch
CVE-2017-1000101 curl-7.56.0-o0-curl truth = patch result = patch
CVE-2017-1000101 curl-7.56.1-o0-curl truth = patch result = patch
CVE-2016-9594 curl-7.52.0-o0-curl truth = vuln result = vuln
TestJson(file='curl-7.51.0-o0-curl', cve='CVE-2016-9594', commit='', ground_truth='vuln', project='curl') is not valid
TestJson(file='curl-7.50.3-o0-curl', cve='CVE-2016-9594', commit='', ground_truth='vuln', project='curl') is not valid
CVE-2016-9594 curl-7.52.1-o0-curl truth = patch result = patch
CVE-2016-9594 curl-7.53.0-o0-curl truth = patch result = patch
CVE-2016-9594 curl-7.53.1-o0-curl truth = patch result = patch
CVE-2018-1000122 curl-7.58.0-o0-curl truth = vuln result = vuln
CVE-2018-1000122 curl-7.57.0-o0-curl truth = vuln result = vuln
CVE-2018-1000122 curl-7.56.1-o0-curl truth = vuln result = vuln
CVE-2018-1000122 curl-7.59.0-o0-curl truth = patch result = patch
CVE-2018-1000122 curl-7.60.0-o0-curl truth = patch result = vuln
CVE-2018-1000122 curl-7.61.0-o0-curl truth = patch result = vuln
CVE-2018-16842 curl-7.61.1-o0-curl truth = vuln result = vuln
CVE-2018-16842 curl-7.61.0-o0-curl truth = vuln result = vuln
CVE-2018-16842 curl-7.60.0-o0-curl truth = vuln result = vuln
CVE-2018-16842 curl-7.62.0-o0-curl truth = patch result = patch
CVE-2018-16842 curl-7.63.0-o0-curl truth = patch result = patch
CVE-2018-16842 curl-7.64.0-o0-curl truth = patch result = patch
CVE-2022-42916 curl-7.85.0-o0-curl truth = vuln result = vuln
CVE-2022-42916 curl-7.84.0-o0-curl truth = vuln result = patch
CVE-2022-42916 curl-7.83.1-o0-curl truth = vuln result = patch
CVE-2022-42916 curl-7.86.0-o0-curl truth = patch result = patch
CVE-2022-42916 curl-7.87.0-o0-curl truth = patch result = patch
CVE-2022-42916 curl-7.88.0-o0-curl truth = patch result = patch
CVE-2022-42915 curl-7.85.0-o0-curl truth = vuln result = patch
CVE-2022-42915 curl-7.84.0-o0-curl truth = vuln result = patch
CVE-2022-42915 curl-7.83.1-o0-curl truth = vuln result = patch
CVE-2022-42915 curl-7.86.0-o0-curl truth = patch result = patch
CVE-2022-42915 curl-7.87.0-o0-curl truth = patch result = patch
CVE-2022-42915 curl-7.88.0-o0-curl truth = patch result = patch
CVE-2020-8284 curl-7.73.0-o0-curl truth = vuln result = patch
CVE-2020-8284 curl-7.72.0-o0-curl truth = vuln result = patch
CVE-2020-8284 curl-7.71.1-o0-curl truth = vuln result = patch
CVE-2020-8284 curl-7.74.0-o0-curl truth = patch result = patch
CVE-2020-8284 curl-7.75.0-o0-curl truth = patch result = patch
CVE-2020-8284 curl-7.76.0-o0-curl truth = patch result = patch
CVE-2020-8177 curl-7.70.0-o0-curl truth = vuln result = vuln
CVE-2020-8177 curl-7.69.1-o0-curl truth = vuln result = vuln
CVE-2020-8177 curl-7.69.0-o0-curl truth = vuln result = vuln
CVE-2020-8177 curl-7.71.0-o0-curl truth = patch result = vuln
CVE-2020-8177 curl-7.71.1-o0-curl truth = patch result = vuln
CVE-2020-8177 curl-7.72.0-o0-curl truth = patch result = vuln
CVE-2019-5435 curl-7.64.1-o0-curl truth = vuln result = vuln
CVE-2019-5435 curl-7.64.0-o0-curl truth = vuln result = vuln
CVE-2019-5435 curl-7.63.0-o0-curl truth = vuln result = vuln
CVE-2019-5435 curl-7.65.0-o0-curl truth = patch result = patch
CVE-2019-5435 curl-7.65.1-o0-curl truth = patch result = patch
CVE-2019-5435 curl-7.65.2-o0-curl truth = patch result = patch
CVE-2018-1000007 curl-7.57.0-o0-curl truth = vuln result = vuln
CVE-2018-1000007 curl-7.56.1-o0-curl truth = vuln result = vuln
CVE-2018-1000007 curl-7.56.0-o0-curl truth = vuln result = vuln
CVE-2018-1000007 curl-7.58.0-o0-curl truth = patch result = patch
CVE-2018-1000007 curl-7.59.0-o0-curl truth = patch result = vuln
CVE-2018-1000007 curl-7.60.0-o0-curl truth = patch result = vuln
TestJson(file='curl-7.58.0-o0-curl', cve='CVE-2018-1000120', commit='', ground_truth='vuln', project='curl') is not valid
TestJson(file='curl-7.57.0-o0-curl', cve='CVE-2018-1000120', commit='', ground_truth='vuln', project='curl') is not valid
TestJson(file='curl-7.56.1-o0-curl', cve='CVE-2018-1000120', commit='', ground_truth='vuln', project='curl') is not valid
CVE-2018-1000120 curl-7.59.0-o0-curl truth = patch result = patch
TestJson(file='curl-7.60.0-o0-curl', cve='CVE-2018-1000120', commit='', ground_truth='patch', project='curl') is not valid
TestJson(file='curl-7.61.0-o0-curl', cve='CVE-2018-1000120', commit='', ground_truth='patch', project='curl') is not valid
CVE-2017-8818 curl-7.56.1-o0-curl truth = vuln result = vuln
CVE-2017-8818 curl-7.56.0-o0-curl truth = vuln result = vuln
CVE-2017-8818 curl-7.57.0-o0-curl truth = patch result = vuln
CVE-2017-8818 curl-7.58.0-o0-curl truth = patch result = vuln
CVE-2017-8818 curl-7.59.0-o0-curl truth = patch result = vuln
TestJson(file='curl-7.56.1-o0-curl', cve='CVE-2017-8816', commit='', ground_truth='vuln', project='curl') is not valid
TestJson(file='curl-7.56.0-o0-curl', cve='CVE-2017-8816', commit='', ground_truth='vuln', project='curl') is not valid
TestJson(file='curl-7.55.1-o0-curl', cve='CVE-2017-8816', commit='', ground_truth='vuln', project='curl') is not valid
CVE-2017-8816 curl-7.57.0-o0-curl truth = patch result = patch
CVE-2017-8816 curl-7.58.0-o0-curl truth = patch result = patch
CVE-2017-8816 curl-7.59.0-o0-curl truth = patch result = patch
CVE-2016-8625 curl-7.50.3-o0-curl truth = vuln result = vuln
CVE-2016-8625 curl-7.50.2-o0-curl truth = vuln result = vuln
CVE-2016-8625 curl-7.50.1-o0-curl truth = vuln result = vuln
CVE-2016-8625 curl-7.51.0-o0-curl truth = patch result = patch
CVE-2016-8625 curl-7.52.0-o0-curl truth = patch result = patch
CVE-2016-8625 curl-7.52.1-o0-curl truth = patch result = patch
CVE-2016-8623 curl-7.50.3-o0-curl truth = vuln result = vuln
CVE-2016-8623 curl-7.50.2-o0-curl truth = vuln result = vuln
CVE-2016-8623 curl-7.50.1-o0-curl truth = vuln result = vuln
CVE-2016-8623 curl-7.51.0-o0-curl truth = patch result = vuln
CVE-2016-8623 curl-7.52.0-o0-curl truth = patch result = vuln
CVE-2016-8623 curl-7.52.1-o0-curl truth = patch result = vuln
