[*] ------------------------------------------
[*] Detecting CVE: CVE-2020-19724
[*] Detection for target/binutils/binutils-2.33.1-o3-nm,display_rel_file,-1
[*] Detection Result:P Patch
[*] Detection for target/binutils/binutils-2.32-o3-nm,display_rel_file,-1
[*] Detection Result:P Patch
[*] Detection for target/binutils/binutils-2.31.1-o3-nm,display_rel_file,-1
[*] Detection Result:P Patch
[*] Detection for target/binutils/binutils-2.34-o3-nm,display_rel_file,1
[*] Detection Result:P Patch
[*] Detection for target/binutils/binutils-2.35-o3-nm,display_rel_file,1
[*] Detection Result:P Patch
[*] Detection for target/binutils/binutils-2.35.1-o3-nm,display_rel_file,1
[*] Detection Result:P Patch
[*] ------------------------------------------
[*] Detecting CVE: CVE-2020-16590
[*] Detection for target/binutils/binutils-2.35-o3-readelf,get_num_dynamic_syms,-1
[*] target function: get_num_dynamic_syms not found
[*] Detection for target/binutils/binutils-2.35.1-o3-readelf,get_num_dynamic_syms,1
[*] target function: get_num_dynamic_syms not found
[*] Detection for target/binutils/binutils-2.35.2-o3-readelf,get_num_dynamic_syms,1
[*] target function: get_num_dynamic_syms not found
[*] Detection for target/binutils/binutils-2.36.1-o3-readelf,get_num_dynamic_syms,1
[*] target function: get_num_dynamic_syms not found
[*] ------------------------------------------
[*] Detecting CVE: CVE-2020-16591
[*] Detection for target/binutils/binutils-2.35-o3-readelf,get_num_dynamic_syms,-1
[*] target function: get_num_dynamic_syms not found
[*] Detection for target/binutils/binutils-2.35.1-o3-readelf,get_num_dynamic_syms,1
[*] target function: get_num_dynamic_syms not found
[*] Detection for target/binutils/binutils-2.35.2-o3-readelf,get_num_dynamic_syms,1
[*] target function: get_num_dynamic_syms not found
[*] Detection for target/binutils/binutils-2.36.1-o3-readelf,get_num_dynamic_syms,1
[*] target function: get_num_dynamic_syms not found
[*] ------------------------------------------
[*] Detecting CVE: CVE-2020-16593
[*] Detection for target/binutils/binutils-2.35-o3-objdump,scan_unit_for_symbols,-1
[*] Detection Result:P Patch
[*] Detection for target/binutils/binutils-2.35.1-o3-objdump,scan_unit_for_symbols,1
[*] Detection Result:P Patch
[*] Detection for target/binutils/binutils-2.35.2-o3-objdump,scan_unit_for_symbols,1
[*] Detection Result:P Patch
[*] Detection for target/binutils/binutils-2.36.1-o3-objdump,scan_unit_for_symbols,1
[*] Detection Result:P Patch
[*] ------------------------------------------
[*] Detecting CVE: CVE-2020-16599
[*] Detection for target/binutils/binutils-2.35-o3-objdump,_bfd_elf_get_symbol_version_string,-1
[*] Detection Result:P Patch
[*] Detection for target/binutils/binutils-2.35.1-o3-objdump,_bfd_elf_get_symbol_version_string,1
[*] Detection Result:P Patch
[*] Detection for target/binutils/binutils-2.35.2-o3-objdump,_bfd_elf_get_symbol_version_string,1
[*] Detection Result:P Patch
[*] Detection for target/binutils/binutils-2.36.1-o3-objdump,_bfd_elf_get_symbol_version_string,1
[*] Detection Result:P Patch
[*] ------------------------------------------
[*] Detecting CVE: CVE-2020-35448
[*] Detection for target/binutils/binutils-2.35.1-o3-objdump,_bfd_elf_slurp_secondary_reloc_section,-1
[*] Detection Result:P Patch
[*] Detection for target/binutils/binutils-2.35.2-o3-objdump,_bfd_elf_slurp_secondary_reloc_section,1
[*] Detection Result:P Patch
[*] Detection for target/binutils/binutils-2.36.1-o3-objdump,_bfd_elf_slurp_secondary_reloc_section,1
[*] Detection Result:P Patch
[*] Detection for target/binutils/binutils-2.37-o3-objdump,_bfd_elf_slurp_secondary_reloc_section,1
[*] Detection Result:P Patch
[*] ------------------------------------------
[*] Detecting CVE: CVE-2021-20294
[*] Detection for target/binutils/binutils-2.35.1-o3-readelf,print_dynamic_symbol,-1
[*] Detection Result:V Vulnerability
[*] Detection for target/binutils/binutils-2.35-o3-readelf,print_dynamic_symbol,-1
[*] Detection Result:V Vulnerability
[*] Detection for target/binutils/binutils-2.35.2-o3-readelf,print_dynamic_symbol,1
[*] Detection Result:V Vulnerability
[*] Detection for target/binutils/binutils-2.36.1-o3-readelf,print_dynamic_symbol,1
[*] Detection Result:V Vulnerability
[*] Detection for target/binutils/binutils-2.37-o3-readelf,print_dynamic_symbol,1
[*] Detection Result:V Vulnerability
[*] ------------------------------------------
[*] Detecting CVE: CVE-2021-45078
[*] Detection for target/binutils/binutils-2.37-o3-objdump,stab_record_type,-1
[*] target function: stab_record_type not found
[*] Detection for target/binutils/binutils-2.36.1-o3-objdump,stab_record_type,-1
[*] target function: stab_record_type not found
[*] Detection for target/binutils/binutils-2.35.2-o3-objdump,stab_record_type,-1
[*] target function: stab_record_type not found
[*] Detection for target/binutils/binutils-2.38-o3-objdump,stab_record_type,1
[*] target function: stab_record_type not found
[*] Detection for target/binutils/binutils-2.39-o3-objdump,stab_record_type,1
[*] target function: stab_record_type not found
[*] Detection for target/binutils/binutils-2.37-o3-objdump,stab_xcoff_builtin_type,-1
[*] Detection Result:P Patch
[*] Detection for target/binutils/binutils-2.36.1-o3-objdump,stab_xcoff_builtin_type,-1
[*] Detection Result:P Patch
[*] Detection for target/binutils/binutils-2.35.2-o3-objdump,stab_xcoff_builtin_type,-1
[*] Detection Result:P Patch
[*] Detection for target/binutils/binutils-2.38-o3-objdump,stab_xcoff_builtin_type,1
[*] Detection Result:V Vulnerability
[*] Detection for target/binutils/binutils-2.39-o3-objdump,stab_xcoff_builtin_type,1
[*] Detection Result:V Vulnerability
[*] Detection for target/binutils/binutils-2.37-o3-objdump,stab_find_type,-1
[*] target function: stab_find_type not found
[*] Detection for target/binutils/binutils-2.36.1-o3-objdump,stab_find_type,-1
[*] target function: stab_find_type not found
[*] Detection for target/binutils/binutils-2.35.2-o3-objdump,stab_find_type,-1
[*] target function: stab_find_type not found
[*] Detection for target/binutils/binutils-2.38-o3-objdump,stab_find_type,1
[*] target function: stab_find_type not found
[*] Detection for target/binutils/binutils-2.39-o3-objdump,stab_find_type,1
[*] target function: stab_find_type not found
[*] ------------------------------------------
[*] Detecting CVE: CVE-2022-38533
[*] Detection for target/binutils/binutils-2.39-o3-objdump,rewrite_elf_program_header,-1
[*] target function: rewrite_elf_program_header not found
[*] Detection for target/binutils/binutils-2.38-o3-objdump,rewrite_elf_program_header,-1
[*] target function: rewrite_elf_program_header not found
[*] Detection for target/binutils/binutils-2.37-o3-objdump,rewrite_elf_program_header,-1
[*] target function: rewrite_elf_program_header not found
[*] Detection for target/binutils/binutils-2.41-o3-objdump,rewrite_elf_program_header,1
[*] target function: rewrite_elf_program_header not found
[*] Detection for target/binutils/binutils-2.42-o3-objdump,rewrite_elf_program_header,1
[*] target function: rewrite_elf_program_header not found
[*] Detection for target/binutils/binutils-2.39-o3-objdump,_bfd_elf_symbol_from_bfd_symbol,-1
[*] Detection Result:V Vulnerability
[*] Detection for target/binutils/binutils-2.38-o3-objdump,_bfd_elf_symbol_from_bfd_symbol,-1
[*] Detection Result:V Vulnerability
[*] Detection for target/binutils/binutils-2.37-o3-objdump,_bfd_elf_symbol_from_bfd_symbol,-1
[*] Detection Result:V Vulnerability
[*] Detection for target/binutils/binutils-2.41-o3-objdump,_bfd_elf_symbol_from_bfd_symbol,1
[*] Detection Result:V Vulnerability
[*] Detection for target/binutils/binutils-2.42-o3-objdump,_bfd_elf_symbol_from_bfd_symbol,1
[*] Detection Result:V Vulnerability
[*] ------------------------------------------
[*] Detecting CVE: CVE-2023-25586
[*] Detection for target/binutils/binutils-2.41-o3-objdump,bfd_init_section_decompress_status,1
[*] Detection Result:V Vulnerability
[*] Detection for target/binutils/binutils-2.42-o3-objdump,bfd_init_section_decompress_status,1
[*] Detection Result:V Vulnerability
[*] Detection for target/binutils/binutils-2.43-o3-objdump,bfd_init_section_decompress_status,1
[*] Detection Result:V Vulnerability
[*] ------------------------------------------
[*] Detecting CVE: CVE-2022-48063
[*] Detection for target/binutils/binutils-2.39-o3-objdump,load_specific_debug_section,-1
[*] target function: load_specific_debug_section not found
[*] Detection for target/binutils/binutils-2.38-o3-objdump,load_specific_debug_section,-1
[*] target function: load_specific_debug_section not found
[*] Detection for target/binutils/binutils-2.37-o3-objdump,load_specific_debug_section,-1
[*] target function: load_specific_debug_section not found
[*] Detection for target/binutils/binutils-2.41-o3-objdump,load_specific_debug_section,1
[*] target function: load_specific_debug_section not found
[*] Detection for target/binutils/binutils-2.42-o3-objdump,load_specific_debug_section,1
[*] target function: load_specific_debug_section not found
[*] ------------------------------------------
[*] Detecting CVE: CVE-2022-48064
[*] Detection for target/binutils/binutils-2.39-o3-objdump,find_debug_info,-1
[*] Detection Result:P Patch
[*] Detection for target/binutils/binutils-2.38-o3-objdump,find_debug_info,-1
[*] Detection Result:P Patch
[*] Detection for target/binutils/binutils-2.37-o3-objdump,find_debug_info,-1
[*] Detection Result:P Patch
[*] Detection for target/binutils/binutils-2.41-o3-objdump,find_debug_info,1
[*] Detection Result:P Patch
[*] Detection for target/binutils/binutils-2.42-o3-objdump,find_debug_info,1
[*] Detection Result:P Patch
[*] ------------------------------------------
[*] Detecting CVE: CVE-2022-48065
[*] Detection for target/binutils/binutils-2.39-o3-objdump,scan_unit_for_symbols,-1
[*] Detection Result:V Vulnerability
[*] Detection for target/binutils/binutils-2.38-o3-objdump,scan_unit_for_symbols,-1
[*] Detection Result:V Vulnerability
[*] Detection for target/binutils/binutils-2.37-o3-objdump,scan_unit_for_symbols,-1
[*] Detection Result:V Vulnerability
[*] Detection for target/binutils/binutils-2.41-o3-objdump,scan_unit_for_symbols,1
[*] Detection Result:V Vulnerability
[*] Detection for target/binutils/binutils-2.42-o3-objdump,scan_unit_for_symbols,1
[*] Detection Result:V Vulnerability
[*] Detection for target/binutils/binutils-2.39-o3-objdump,find_abstract_instance,-1
[*] Detection Result:P Patch
[*] Detection for target/binutils/binutils-2.38-o3-objdump,find_abstract_instance,-1
[*] Detection Result:P Patch
[*] Detection for target/binutils/binutils-2.37-o3-objdump,find_abstract_instance,-1
[*] Detection Result:P Patch
[*] Detection for target/binutils/binutils-2.41-o3-objdump,find_abstract_instance,1
[*] Detection Result:P Patch
[*] Detection for target/binutils/binutils-2.42-o3-objdump,find_abstract_instance,1
[*] Detection Result:P Patch
[*] ------------------------------------------
[*] Detecting CVE: CVE-2023-1579
[*] Detection for target/binutils/binutils-2.39-o3-objdump,read_indexed_address,-1
[*] Detection Result:V Vulnerability
[*] Detection for target/binutils/binutils-2.41-o3-objdump,read_indexed_address,1
[*] Detection Result:V Vulnerability
[*] Detection for target/binutils/binutils-2.42-o3-objdump,read_indexed_address,1
[*] Detection Result:V Vulnerability
[*] ------------------------------------------
[*] Detecting CVE: CVE-2018-17358
[*] Detection for target/binutils/binutils-2.31.1-o3-objdump,_bfd_stab_section_find_nearest_line,-1
[*] Detection Result:V Vulnerability
[*] Detection for target/binutils/binutils-2.41-o3-objdump,_bfd_stab_section_find_nearest_line,1
[*] Detection Result:V Vulnerability
[*] Detection for target/binutils/binutils-2.42-o3-objdump,_bfd_stab_section_find_nearest_line,1
[*] Detection Result:V Vulnerability
[*] Detection for target/binutils/binutils-2.43-o3-objdump,_bfd_stab_section_find_nearest_line,1
[*] Detection Result:V Vulnerability