[*] ------------------------------------------
[*] Detecting CVE: CVE-2015-8895
[*] Detection for /binaries/PatchEvolution/imagemagick/CVE-2015-8895-c35e4fefb875-magickcore,AcquireVirtualMemory,1
[*] Detection Result:V Vulnerability_True
[*] Detection for /binaries/PatchEvolution/imagemagick/CVE-2015-8895-c35e4fefb875-magickcore,WritePICTImage,1
[*] Detection Result:P Patch
[*] Detection for /binaries/PatchEvolution/imagemagick/CVE-2015-8895-c35e4fefb875-magickcore,ReadICONImage,1
[*] Detection Result:P Patch
[*] Detection for /binaries/PatchEvolution/imagemagick/CVE-2015-8895-c35e4fefb875-magickcore,AutoResizeImage,1
[*] Detection Result:V Vulnerability_True
[*] Detection for /binaries/PatchEvolution/imagemagick/CVE-2015-8895-c35e4fefb875-magickcore,RelinquishVirtualMemory,1
[*] Detection Result:V Vulnerability_True
[*] Detection for /binaries/PatchEvolution/imagemagick/CVE-2015-8895-c35e4fefb875-magickcore,GetMagickDelegates,1
[*] Detection Result:V Vulnerability_True
[*] Detection for /binaries/PatchEvolution/imagemagick/CVE-2015-8895-f2dc1dd09342-magickcore,AcquireVirtualMemory,1
[*] Detection Result:V Vulnerability_True
[*] Detection for /binaries/PatchEvolution/imagemagick/CVE-2015-8895-f2dc1dd09342-magickcore,WritePICTImage,1
[*] Detection Result:P Patch
[*] Detection for /binaries/PatchEvolution/imagemagick/CVE-2015-8895-f2dc1dd09342-magickcore,ReadICONImage,1
[*] Detection Result:V Vulnerability
[*] Detection for /binaries/PatchEvolution/imagemagick/CVE-2015-8895-f2dc1dd09342-magickcore,AutoResizeImage,1
[*] Detection Result:V Vulnerability
[*] Detection for /binaries/PatchEvolution/imagemagick/CVE-2015-8895-f2dc1dd09342-magickcore,RelinquishVirtualMemory,1
[*] Detection Result:V Vulnerability_True
[*] Detection for /binaries/PatchEvolution/imagemagick/CVE-2015-8895-f2dc1dd09342-magickcore,GetMagickDelegates,1
[*] Detection Result:V Vulnerability_True
[*] Detection for /binaries/PatchEvolution/imagemagick/CVE-2015-8895-2f78c1d4ff5e-magickcore,AcquireVirtualMemory,1
[*] Detection Result:V Vulnerability_True
[*] Detection for /binaries/PatchEvolution/imagemagick/CVE-2015-8895-2f78c1d4ff5e-magickcore,WritePICTImage,1
[*] Detection Result:P Patch
[*] Detection for /binaries/PatchEvolution/imagemagick/CVE-2015-8895-2f78c1d4ff5e-magickcore,ReadICONImage,1
[*] Detection Result:P Patch
[*] Detection for /binaries/PatchEvolution/imagemagick/CVE-2015-8895-2f78c1d4ff5e-magickcore,AutoResizeImage,1
[*] Detection Result:V Vulnerability_True
[*] Detection for /binaries/PatchEvolution/imagemagick/CVE-2015-8895-2f78c1d4ff5e-magickcore,RelinquishVirtualMemory,1
[*] Detection Result:V Vulnerability_True
[*] Detection for /binaries/PatchEvolution/imagemagick/CVE-2015-8895-2f78c1d4ff5e-magickcore,GetMagickDelegates,1
[*] Detection Result:V Vulnerability_True
[*] Detection for /binaries/PatchEvolution/imagemagick/CVE-2015-8895-d50c8c51f33d-magickcore,AcquireVirtualMemory,1
[*] Detection Result:V Vulnerability_True
[*] Detection for /binaries/PatchEvolution/imagemagick/CVE-2015-8895-d50c8c51f33d-magickcore,WritePICTImage,1
[*] Detection Result:P Patch
[*] Detection for /binaries/PatchEvolution/imagemagick/CVE-2015-8895-d50c8c51f33d-magickcore,ReadICONImage,1
[*] Detection Result:V Vulnerability
[*] Detection for /binaries/PatchEvolution/imagemagick/CVE-2015-8895-d50c8c51f33d-magickcore,AutoResizeImage,1
[*] Detection Result:V Vulnerability
[*] Detection for /binaries/PatchEvolution/imagemagick/CVE-2015-8895-d50c8c51f33d-magickcore,RelinquishVirtualMemory,1
[*] Detection Result:V Vulnerability_True
[*] Detection for /binaries/PatchEvolution/imagemagick/CVE-2015-8895-d50c8c51f33d-magickcore,GetMagickDelegates,1
[*] Detection Result:V Vulnerability_True
[*] ------------------------------------------
[*] Detecting CVE: CVE-2015-8896
[*] Detection for /binaries/PatchEvolution/imagemagick/CVE-2015-8896-2f78c1d4ff5e-magickcore,AcquireVirtualMemory,1
[*] Detection Result:V Vulnerability_True
[*] Detection for /binaries/PatchEvolution/imagemagick/CVE-2015-8896-2f78c1d4ff5e-magickcore,WritePICTImage,1
[*] Detection Result:P Patch
[*] Detection for /binaries/PatchEvolution/imagemagick/CVE-2015-8896-2f78c1d4ff5e-magickcore,ReadICONImage,1
[*] Detection Result:P Patch
[*] Detection for /binaries/PatchEvolution/imagemagick/CVE-2015-8896-2f78c1d4ff5e-magickcore,AutoResizeImage,1
[*] Detection Result:V Vulnerability_True
[*] Detection for /binaries/PatchEvolution/imagemagick/CVE-2015-8896-2f78c1d4ff5e-magickcore,RelinquishVirtualMemory,1
[*] Detection Result:V Vulnerability_True
[*] Detection for /binaries/PatchEvolution/imagemagick/CVE-2015-8896-2f78c1d4ff5e-magickcore,GetMagickDelegates,1
[*] Detection Result:V Vulnerability_True
[*] Detection for /binaries/PatchEvolution/imagemagick/CVE-2015-8896-d50c8c51f33d-magickcore,AcquireVirtualMemory,1
[*] Detection Result:V Vulnerability_True
[*] Detection for /binaries/PatchEvolution/imagemagick/CVE-2015-8896-d50c8c51f33d-magickcore,WritePICTImage,1
[*] Detection Result:P Patch
[*] Detection for /binaries/PatchEvolution/imagemagick/CVE-2015-8896-d50c8c51f33d-magickcore,ReadICONImage,1
[*] Detection Result:V Vulnerability
[*] Detection for /binaries/PatchEvolution/imagemagick/CVE-2015-8896-d50c8c51f33d-magickcore,AutoResizeImage,1
[*] Detection Result:V Vulnerability
[*] Detection for /binaries/PatchEvolution/imagemagick/CVE-2015-8896-d50c8c51f33d-magickcore,RelinquishVirtualMemory,1
[*] Detection Result:V Vulnerability_True
[*] Detection for /binaries/PatchEvolution/imagemagick/CVE-2015-8896-d50c8c51f33d-magickcore,GetMagickDelegates,1
[*] Detection Result:V Vulnerability_True
[*] Detection for /binaries/PatchEvolution/imagemagick/CVE-2015-8896-c35e4fefb875-magickcore,AcquireVirtualMemory,1
[*] Detection Result:V Vulnerability_True
[*] Detection for /binaries/PatchEvolution/imagemagick/CVE-2015-8896-c35e4fefb875-magickcore,WritePICTImage,1
[*] Detection Result:P Patch
[*] Detection for /binaries/PatchEvolution/imagemagick/CVE-2015-8896-c35e4fefb875-magickcore,ReadICONImage,1
[*] Detection Result:P Patch
[*] Detection for /binaries/PatchEvolution/imagemagick/CVE-2015-8896-c35e4fefb875-magickcore,AutoResizeImage,1
[*] Detection Result:V Vulnerability_True
[*] Detection for /binaries/PatchEvolution/imagemagick/CVE-2015-8896-c35e4fefb875-magickcore,RelinquishVirtualMemory,1
[*] Detection Result:V Vulnerability_True
[*] Detection for /binaries/PatchEvolution/imagemagick/CVE-2015-8896-c35e4fefb875-magickcore,GetMagickDelegates,1
[*] Detection Result:V Vulnerability_True
[*] Detection for /binaries/PatchEvolution/imagemagick/CVE-2015-8896-f2dc1dd09342-magickcore,AcquireVirtualMemory,1
[*] Detection Result:V Vulnerability_True
[*] Detection for /binaries/PatchEvolution/imagemagick/CVE-2015-8896-f2dc1dd09342-magickcore,WritePICTImage,1
[*] Detection Result:P Patch
[*] Detection for /binaries/PatchEvolution/imagemagick/CVE-2015-8896-f2dc1dd09342-magickcore,ReadICONImage,1
[*] Detection Result:V Vulnerability
[*] Detection for /binaries/PatchEvolution/imagemagick/CVE-2015-8896-f2dc1dd09342-magickcore,AutoResizeImage,1
[*] Detection Result:V Vulnerability
[*] Detection for /binaries/PatchEvolution/imagemagick/CVE-2015-8896-f2dc1dd09342-magickcore,RelinquishVirtualMemory,1
[*] Detection Result:V Vulnerability_True
[*] Detection for /binaries/PatchEvolution/imagemagick/CVE-2015-8896-f2dc1dd09342-magickcore,GetMagickDelegates,1
[*] Detection Result:V Vulnerability_True
[*] ------------------------------------------
[*] Detecting CVE: CVE-2015-8900
[*] Detection for /binaries/PatchEvolution/imagemagick/CVE-2015-8900-686c45509c81-magickcore,ReadHDRImage,1
[*] Detection Result:P Patch
[*] Detection for /binaries/PatchEvolution/imagemagick/CVE-2015-8900-b2eaec135972-magickcore,ReadHDRImage,1
[*] Detection Result:P Patch
[*] Detection for /binaries/PatchEvolution/imagemagick/CVE-2015-8900-c18375b6df82-magickcore,ReadHDRImage,1
[*] Detection Result:P Patch
[*] ------------------------------------------
[*] Detecting CVE: CVE-2015-8958
[*] Detection for /binaries/PatchEvolution/imagemagick/CVE-2015-8958-69967f4161bd-magickcore,ReadSUNImage,1
[*] Detection Result:V Vulnerability
[*] Detection for /binaries/PatchEvolution/imagemagick/CVE-2015-8958-f4e4ebab852a-magickcore,ReadSUNImage,1
[*] Detection Result:V Vulnerability
[*] Detection for /binaries/PatchEvolution/imagemagick/CVE-2015-8958-6cad3f644f0d-magickcore,ReadSUNImage,1
[*] Detection Result:V Vulnerability
[*] Detection for /binaries/PatchEvolution/imagemagick/CVE-2015-8958-932ffb4af454-magickcore,ReadSUNImage,1
[*] Detection Result:V Vulnerability
[*] ------------------------------------------
[*] Detecting CVE: CVE-2016-10060
[*] Detection for /binaries/PatchEvolution/imagemagick/CVE-2016-10060-9f96fe801a5d-magickwand,ConcatenateImages,1
[*] Detection Result:V Vulnerability
[*] Detection for /binaries/PatchEvolution/imagemagick/CVE-2016-10060-9f96fe801a5d-magickwand,MagickUsage,1
[*] Detection Result:V Vulnerability_True
[*] Detection for /binaries/PatchEvolution/imagemagick/CVE-2016-10060-2ef7c3652e78-magickwand,ConcatenateImages,1
[*] Detection Result:V Vulnerability
[*] Detection for /binaries/PatchEvolution/imagemagick/CVE-2016-10060-2ef7c3652e78-magickwand,MagickUsage,1
[*] Detection Result:V Vulnerability_True
[*] Detection for /binaries/PatchEvolution/imagemagick/CVE-2016-10060-cd80a8a842d9-magickwand,ConcatenateImages,1
[*] Detection Result:V Vulnerability
[*] Detection for /binaries/PatchEvolution/imagemagick/CVE-2016-10060-cd80a8a842d9-magickwand,MagickUsage,1
[*] Detection Result:V Vulnerability_True
[*] Detection for /binaries/PatchEvolution/imagemagick/CVE-2016-10060-56fba375ff6f-magickwand,ConcatenateImages,1
[*] Detection Result:V Vulnerability
[*] Detection for /binaries/PatchEvolution/imagemagick/CVE-2016-10060-56fba375ff6f-magickwand,MagickUsage,1
[*] Detection Result:V Vulnerability_True
[*] ------------------------------------------
[*] Detecting CVE: CVE-2016-10065
[*] Detection for /binaries/PatchEvolution/imagemagick/CVE-2016-10065-54ce5d9f4025-magickcore,IsVIFF,1
[*] Detection Result:V Vulnerability_True
[*] Detection for /binaries/PatchEvolution/imagemagick/CVE-2016-10065-54ce5d9f4025-magickcore,ImportGrayQuantum,1
[*] Detection Result:V Vulnerability
[*] Detection for /binaries/PatchEvolution/imagemagick/CVE-2016-10065-54ce5d9f4025-magickcore,ReadVIFFImage,1
[*] Detection Result:P Patch
[*] Detection for /binaries/PatchEvolution/imagemagick/CVE-2016-10065-fe3066122ef7-magickcore,IsVIFF,1
[*] Detection Result:V Vulnerability_True
[*] Detection for /binaries/PatchEvolution/imagemagick/CVE-2016-10065-fe3066122ef7-magickcore,ImportGrayQuantum,1
[*] Detection Result:V Vulnerability
[*] Detection for /binaries/PatchEvolution/imagemagick/CVE-2016-10065-fe3066122ef7-magickcore,ReadVIFFImage,1
[*] Detection Result:P Patch
[*] Detection for /binaries/PatchEvolution/imagemagick/CVE-2016-10065-f9e7a09d8c2a-magickcore,IsVIFF,1
[*] Detection Result:V Vulnerability_True
[*] Detection for /binaries/PatchEvolution/imagemagick/CVE-2016-10065-f9e7a09d8c2a-magickcore,ImportGrayQuantum,1
[*] Detection Result:V Vulnerability
[*] Detection for /binaries/PatchEvolution/imagemagick/CVE-2016-10065-f9e7a09d8c2a-magickcore,ReadVIFFImage,1
[*] Detection Result:V Vulnerability
[*] Detection for /binaries/PatchEvolution/imagemagick/CVE-2016-10065-79e5c00f636f-magickcore,IsVIFF,1
[*] Detection Result:V Vulnerability_True
[*] Detection for /binaries/PatchEvolution/imagemagick/CVE-2016-10065-79e5c00f636f-magickcore,ImportGrayQuantum,1
[*] Detection Result:V Vulnerability
[*] Detection for /binaries/PatchEvolution/imagemagick/CVE-2016-10065-79e5c00f636f-magickcore,ReadVIFFImage,1
[*] Detection Result:P Patch
[*] ------------------------------------------
[*] Detecting CVE: CVE-2016-5689
[*] Detection for /binaries/PatchEvolution/imagemagick/CVE-2016-5689-94933146cb2d-magickcore,ReadDCMImage,1
[*] Detection Result:P Patch
[*] Detection for /binaries/PatchEvolution/imagemagick/CVE-2016-5689-6fc767d65744-magickcore,ReadDCMImage,1
[*] Detection Result:P Patch
[*] Detection for /binaries/PatchEvolution/imagemagick/CVE-2016-5689-fcce81295235-magickcore,ReadDCMImage,1
[*] Detection Result:P Patch
[*] Detection for /binaries/PatchEvolution/imagemagick/CVE-2016-5689-7c8d19b19d7f-magickcore,ReadDCMImage,1
[*] Detection Result:P Patch
[*] ------------------------------------------
[*] Detecting CVE: CVE-2016-5690
[*] Detection for /binaries/PatchEvolution/imagemagick/CVE-2016-5690-6fc767d65744-magickcore,ReadDCMImage,1
[*] Detection Result:P Patch
[*] Detection for /binaries/PatchEvolution/imagemagick/CVE-2016-5690-94933146cb2d-magickcore,ReadDCMImage,1
[*] Detection Result:P Patch
[*] Detection for /binaries/PatchEvolution/imagemagick/CVE-2016-5690-fcce81295235-magickcore,ReadDCMImage,1
[*] Detection Result:P Patch
[*] Detection for /binaries/PatchEvolution/imagemagick/CVE-2016-5690-7c8d19b19d7f-magickcore,ReadDCMImage,1
[*] Detection Result:P Patch
[*] ------------------------------------------
[*] Detecting CVE: CVE-2016-5691
[*] Detection for /binaries/PatchEvolution/imagemagick/CVE-2016-5691-fcce81295235-magickcore,ReadDCMImage,1
[*] Detection Result:P Patch
[*] Detection for /binaries/PatchEvolution/imagemagick/CVE-2016-5691-7c8d19b19d7f-magickcore,ReadDCMImage,1
[*] Detection Result:P Patch
[*] Detection for /binaries/PatchEvolution/imagemagick/CVE-2016-5691-94933146cb2d-magickcore,ReadDCMImage,1
[*] Detection Result:P Patch
[*] Detection for /binaries/PatchEvolution/imagemagick/CVE-2016-5691-6fc767d65744-magickcore,ReadDCMImage,1
[*] Detection Result:P Patch
[*] ------------------------------------------
[*] Detecting CVE: CVE-2016-6491
[*] Detection for /binaries/PatchEvolution/imagemagick/CVE-2016-6491-f2dc1dd09342-magickcore,Get8BIMProperty,1
[*] Detection Result:P Patch
[*] Detection for /binaries/PatchEvolution/imagemagick/CVE-2016-6491-1309276c9907-magickcore,Get8BIMProperty,1
[*] Detection Result:P Patch
[*] Detection for /binaries/PatchEvolution/imagemagick/CVE-2016-6491-9e7d67541600-magickcore,Get8BIMProperty,1
[*] Detection Result:P Patch_True
[*] Detection for /binaries/PatchEvolution/imagemagick/CVE-2016-6491-a5abceec48df-magickcore,Get8BIMProperty,1
[*] Detection Result:P Patch_True
[*] ------------------------------------------
[*] Detecting CVE: CVE-2016-7101
[*] Detection for /binaries/PatchEvolution/imagemagick/CVE-2016-7101-f2dc1dd09342-magickcore,ReadSGIImage,1
[*] Detection Result:V Vulnerability
[*] Detection for /binaries/PatchEvolution/imagemagick/CVE-2016-7101-81bfff275985-magickcore,ReadSGIImage,1
[*] Detection Result:V Vulnerability
[*] Detection for /binaries/PatchEvolution/imagemagick/CVE-2016-7101-b2eaec135972-magickcore,ReadSGIImage,1
[*] Detection Result:V Vulnerability
[*] Detection for /binaries/PatchEvolution/imagemagick/CVE-2016-7101-d843df088db5-magickcore,ReadSGIImage,1
[*] Detection Result:V Vulnerability
[*] ------------------------------------------
[*] Detecting CVE: CVE-2016-7514
[*] Detection for /binaries/PatchEvolution/imagemagick/CVE-2016-7514-c07194a63d41-magickcore,ReadPSDImage,1
[*] Detection Result:P Patch
[*] Detection for /binaries/PatchEvolution/imagemagick/CVE-2016-7514-bea57c9fe2b2-magickcore,ReadPSDImage,1
[*] Detection Result:P Patch
[*] Detection for /binaries/PatchEvolution/imagemagick/CVE-2016-7514-0dadfa75c7fa-magickcore,ReadPSDImage,1
[*] Detection Result:P Patch
[*] Detection for /binaries/PatchEvolution/imagemagick/CVE-2016-7514-f2dc1dd09342-magickcore,ReadPSDImage,1
[*] Detection Result:P Patch
[*] ------------------------------------------
[*] Detecting CVE: CVE-2016-7515
[*] Detection for /binaries/PatchEvolution/imagemagick/CVE-2016-7515-86cb33143c5b-magickcore,ReadRLEImage,1
[*] Detection Result:P Patch
[*] Detection for /binaries/PatchEvolution/imagemagick/CVE-2016-7515-f6240ee77847-magickcore,ReadRLEImage,1
[*] Detection Result:P Patch
[*] Detection for /binaries/PatchEvolution/imagemagick/CVE-2016-7515-73aad72d1d28-magickcore,ReadRLEImage,1
[*] Detection Result:V Vulnerability
[*] Detection for /binaries/PatchEvolution/imagemagick/CVE-2016-7515-14be5f727add-magickcore,ReadRLEImage,1
[*] Detection Result:V Vulnerability
[*] ------------------------------------------
[*] Detecting CVE: CVE-2016-7534
[*] Detection for /binaries/PatchEvolution/imagemagick/CVE-2016-7534-427e4434bdf9-magickcore,SetQuantumPack,1
[*] Detection Result:V Vulnerability_True
[*] Detection for /binaries/PatchEvolution/imagemagick/CVE-2016-7534-427e4434bdf9-magickcore,GetQuantumExtent,1
[*] Detection Result:V Vulnerability_True
[*] Detection for /binaries/PatchEvolution/imagemagick/CVE-2016-7534-427e4434bdf9-magickcore,ImportCbYCrYQuantum,1
[*] Detection Result:V Vulnerability
[*] Detection for /binaries/PatchEvolution/imagemagick/CVE-2016-7534-901d1c1a8f43-magickcore,SetQuantumPack,1
[*] Detection Result:V Vulnerability_True
[*] Detection for /binaries/PatchEvolution/imagemagick/CVE-2016-7534-901d1c1a8f43-magickcore,GetQuantumExtent,1
[*] Detection Result:V Vulnerability_True
[*] Detection for /binaries/PatchEvolution/imagemagick/CVE-2016-7534-901d1c1a8f43-magickcore,ImportCbYCrYQuantum,1
[*] Detection Result:P Patch
[*] Detection for /binaries/PatchEvolution/imagemagick/CVE-2016-7534-f2dc1dd09342-magickcore,SetQuantumPack,1
[*] Detection Result:V Vulnerability_True
[*] Detection for /binaries/PatchEvolution/imagemagick/CVE-2016-7534-f2dc1dd09342-magickcore,GetQuantumExtent,1
[*] Detection Result:V Vulnerability_True
[*] Detection for /binaries/PatchEvolution/imagemagick/CVE-2016-7534-f2dc1dd09342-magickcore,ImportCbYCrYQuantum,1
[*] Detection Result:V Vulnerability
[*] ------------------------------------------
[*] Detecting CVE: CVE-2016-9556
[*] Detection for /binaries/PatchEvolution/imagemagick/CVE-2016-9556-24ed32b8c210-magickcore,ReadSGIImage,1
[*] Detection Result:P Patch
[*] Detection for /binaries/PatchEvolution/imagemagick/CVE-2016-9556-7ba113a0d26b-magickcore,ReadSGIImage,1
[*] Detection Result:P Patch
[*] Detection for /binaries/PatchEvolution/imagemagick/CVE-2016-9556-b2eaec135972-magickcore,ReadSGIImage,1
[*] Detection Result:P Patch
[*] Detection for /binaries/PatchEvolution/imagemagick/CVE-2016-9556-d843df088db5-magickcore,ReadSGIImage,1
[*] Detection Result:P Patch
[*] ------------------------------------------
[*] Detecting CVE: CVE-2017-11523
[*] Detection for /binaries/PatchEvolution/imagemagick/CVE-2017-11523-8ea06c4f7028-magickcore,ReadTXTImage,1
[*] Detection Result:V Vulnerability
[*] Detection for /binaries/PatchEvolution/imagemagick/CVE-2017-11523-089751036261-magickcore,ReadTXTImage,1
[*] Detection Result:V Vulnerability
[*] Detection for /binaries/PatchEvolution/imagemagick/CVE-2017-11523-b8fcb59e9e1d-magickcore,ReadTXTImage,1
[*] Detection Result:V Vulnerability
[*] ------------------------------------------
[*] Detecting CVE: CVE-2017-14174
[*] Detection for /binaries/PatchEvolution/imagemagick/CVE-2017-14174-1f88c4827809-magickcore,ReadPSDLayersInternal,1
[*] Detection Result:P Patch
[*] Detection for /binaries/PatchEvolution/imagemagick/CVE-2017-14174-1f88c4827809-magickcore,ReadPSDChannel,1
[*] Detection Result:V Vulnerability
[*] Detection for /binaries/PatchEvolution/imagemagick/CVE-2017-14174-d90c06fef6df-magickcore,ReadPSDLayersInternal,1
[*] Detection Result:P Patch
[*] Detection for /binaries/PatchEvolution/imagemagick/CVE-2017-14174-d90c06fef6df-magickcore,ReadPSDChannel,1
[*] Detection Result:V Vulnerability
[*] Detection for /binaries/PatchEvolution/imagemagick/CVE-2017-14174-ae12904cc151-magickcore,ReadPSDLayersInternal,1
[*] Detection Result:P Patch
[*] Detection for /binaries/PatchEvolution/imagemagick/CVE-2017-14174-ae12904cc151-magickcore,ReadPSDChannel,1
[*] Detection Result:V Vulnerability
[*] Detection for /binaries/PatchEvolution/imagemagick/CVE-2017-14174-63cfa542ab3d-magickcore,ReadPSDLayersInternal,1
[*] Detection Result:P Patch
[*] Detection for /binaries/PatchEvolution/imagemagick/CVE-2017-14174-63cfa542ab3d-magickcore,ReadPSDChannel,1
[*] Detection Result:V Vulnerability
[*] ------------------------------------------
[*] Detecting CVE: CVE-2017-15032
[*] Detection for /binaries/PatchEvolution/imagemagick/CVE-2017-15032-0b866d493b30-magickcore,ReadYCBCRImage,1
[*] Detection Result:V Vulnerability
[*] Detection for /binaries/PatchEvolution/imagemagick/CVE-2017-15032-d9fe4da55926-magickcore,ReadYCBCRImage,1
[*] Detection Result:V Vulnerability
[*] Detection for /binaries/PatchEvolution/imagemagick/CVE-2017-15032-67c2457c9a09-magickcore,ReadYCBCRImage,1
[*] Detection Result:V Vulnerability
[*] Detection for /binaries/PatchEvolution/imagemagick/CVE-2017-15032-654a0fdd31cb-magickcore,ReadYCBCRImage,1
[*] Detection Result:V Vulnerability
[*] ------------------------------------------
[*] Detecting CVE: CVE-2017-15033
[*] Detection for /binaries/PatchEvolution/imagemagick/CVE-2017-15033-7ba113a0d26b-magickcore,ReadYUVImage,1
[*] Detection Result:V Vulnerability
[*] Detection for /binaries/PatchEvolution/imagemagick/CVE-2017-15033-f2dc1dd09342-magickcore,ReadYUVImage,1
[*] Detection Result:V Vulnerability
[*] Detection for /binaries/PatchEvolution/imagemagick/CVE-2017-15033-b2eaec135972-magickcore,ReadYUVImage,1
[*] Detection Result:V Vulnerability
[*] Detection for /binaries/PatchEvolution/imagemagick/CVE-2017-15033-a017a0f0ea9a-magickcore,ReadYUVImage,1
[*] Detection Result:V Vulnerability
[*] ------------------------------------------
[*] Detecting CVE: CVE-2017-15277
[*] Detection for /binaries/PatchEvolution/imagemagick/CVE-2017-15277-2537827ce5ed-magickcore,ReadGIFImage,1
[*] Detection Result:V Vulnerability
[*] Detection for /binaries/PatchEvolution/imagemagick/CVE-2017-15277-f2dc1dd09342-magickcore,ReadGIFImage,1
[*] Detection Result:V Vulnerability
[*] Detection for /binaries/PatchEvolution/imagemagick/CVE-2017-15277-7ba113a0d26b-magickcore,ReadGIFImage,1
[*] Detection Result:V Vulnerability
[*] Detection for /binaries/PatchEvolution/imagemagick/CVE-2017-15277-dfbf466c7960-magickcore,ReadGIFImage,1
[*] Detection Result:V Vulnerability
[*] ------------------------------------------
[*] Detecting CVE: CVE-2017-9098
[*] Detection for /binaries/PatchEvolution/imagemagick/CVE-2017-9098-d3267035346a-magickcore,ReadRLEImage,1
[*] Detection Result:P Patch
[*] Detection for /binaries/PatchEvolution/imagemagick/CVE-2017-9098-80bd592dd20d-magickcore,ReadRLEImage,1
[*] Detection Result:P Patch
[*] Detection for /binaries/PatchEvolution/imagemagick/CVE-2017-9098-7ba113a0d26b-magickcore,ReadRLEImage,1
[*] Detection Result:P Patch
[*] Detection for /binaries/PatchEvolution/imagemagick/CVE-2017-9098-ac28e5143cd1-magickcore,ReadRLEImage,1
[*] Detection Result:P Patch
[*] ------------------------------------------
[*] Detecting CVE: CVE-2017-9499
[*] Detection for /binaries/PatchEvolution/imagemagick/CVE-2017-9499-250607087522-magickcore,ReadMPCImage,1
[*] Detection Result:V Vulnerability
[*] Detection for /binaries/PatchEvolution/imagemagick/CVE-2017-9499-688b19a560a3-magickcore,ReadMPCImage,1
[*] Detection Result:V Vulnerability
[*] Detection for /binaries/PatchEvolution/imagemagick/CVE-2017-9499-409701b58ec9-magickcore,ReadMPCImage,1
[*] Detection Result:V Vulnerability
[*] Detection for /binaries/PatchEvolution/imagemagick/CVE-2017-9499-645ed1311a2d-magickcore,ReadMPCImage,1
[*] Detection Result:V Vulnerability
[*] ------------------------------------------
[*] Detecting CVE: CVE-2018-16643
[*] Detection for /binaries/PatchEvolution/imagemagick/CVE-2018-16643-0ec3f1586cec-magickcore,ReadCALSImage,1
[*] Detection Result:P Patch
[*] Detection for /binaries/PatchEvolution/imagemagick/CVE-2018-16643-0ec3f1586cec-magickcore,ReadPWPImage,1
[*] Detection Result:P Patch
[*] Detection for /binaries/PatchEvolution/imagemagick/CVE-2018-16643-0ec3f1586cec-magickcore,ReadPICTImage,1
[*] Detection Result:P Patch
[*] Detection for /binaries/PatchEvolution/imagemagick/CVE-2018-16643-0ec3f1586cec-magickcore,ReadDCMImage,1
[*] Detection Result:P Patch
[*] Detection for /binaries/PatchEvolution/imagemagick/CVE-2018-16643-a0eac20ff7a8-magickcore,ReadCALSImage,1
[*] Detection Result:P Patch
[*] Detection for /binaries/PatchEvolution/imagemagick/CVE-2018-16643-a0eac20ff7a8-magickcore,ReadPWPImage,1
[*] Detection Result:P Patch
[*] Detection for /binaries/PatchEvolution/imagemagick/CVE-2018-16643-a0eac20ff7a8-magickcore,ReadPICTImage,1
[*] Detection Result:P Patch
[*] Detection for /binaries/PatchEvolution/imagemagick/CVE-2018-16643-a0eac20ff7a8-magickcore,ReadDCMImage,1
[*] Detection Result:P Patch
[*] Detection for /binaries/PatchEvolution/imagemagick/CVE-2018-16643-616fe7839d1d-magickcore,ReadCALSImage,1
[*] Detection Result:P Patch_True
[*] Detection for /binaries/PatchEvolution/imagemagick/CVE-2018-16643-616fe7839d1d-magickcore,ReadPWPImage,1
[*] Detection Result:P Patch_True
[*] Detection for /binaries/PatchEvolution/imagemagick/CVE-2018-16643-616fe7839d1d-magickcore,ReadPICTImage,1
[*] Detection Result:P Patch
[*] Detection for /binaries/PatchEvolution/imagemagick/CVE-2018-16643-616fe7839d1d-magickcore,ReadDCMImage,1
[*] Detection Result:P Patch
[*] Detection for /binaries/PatchEvolution/imagemagick/CVE-2018-16643-0000f6d490b5-magickcore,ReadCALSImage,1
[*] Detection Result:P Patch_True
[*] Detection for /binaries/PatchEvolution/imagemagick/CVE-2018-16643-0000f6d490b5-magickcore,ReadPWPImage,1
[*] Detection Result:P Patch_True
[*] Detection for /binaries/PatchEvolution/imagemagick/CVE-2018-16643-0000f6d490b5-magickcore,ReadPICTImage,1
[*] Detection Result:P Patch
[*] Detection for /binaries/PatchEvolution/imagemagick/CVE-2018-16643-0000f6d490b5-magickcore,ReadDCMImage,1
[*] Detection Result:P Patch
[*] ------------------------------------------
[*] Detecting CVE: CVE-2018-16644
[*] Detection for /binaries/PatchEvolution/imagemagick/CVE-2018-16644-647d1294b47f-magickcore,ReadDCMImage,1
[*] Detection Result:P Patch
[*] Detection for /binaries/PatchEvolution/imagemagick/CVE-2018-16644-cf00632d1d21-magickcore,ReadDCMImage,1
[*] Detection Result:P Patch
[*] Detection for /binaries/PatchEvolution/imagemagick/CVE-2018-16644-a0eac20ff7a8-magickcore,ReadDCMImage,1
[*] Detection Result:P Patch
[*] Detection for /binaries/PatchEvolution/imagemagick/CVE-2018-16644-4b0377467fb3-magickcore,ReadDCMImage,1
[*] Detection Result:P Patch
[*] ------------------------------------------
[*] Detecting CVE: CVE-2018-16645
[*] Detection for /binaries/PatchEvolution/imagemagick/CVE-2018-16645-19e5e6298e85-magickcore,ReadBMPImage,1
[*] Detection Result:V Vulnerability
[*] Detection for /binaries/PatchEvolution/imagemagick/CVE-2018-16645-fe3066122ef7-magickcore,ReadBMPImage,1
[*] Detection Result:V Vulnerability
[*] Detection for /binaries/PatchEvolution/imagemagick/CVE-2018-16645-285c84a86dac-magickcore,ReadBMPImage,1
[*] Detection Result:V Vulnerability
[*] Detection for /binaries/PatchEvolution/imagemagick/CVE-2018-16645-a8cd168786da-magickcore,ReadBMPImage,1
[*] Detection Result:V Vulnerability
[*] ------------------------------------------
[*] Detecting CVE: CVE-2018-20467
[*] Detection for /binaries/PatchEvolution/imagemagick/CVE-2018-20467-b215d851689e-magickcore,ReadBMPImage,1
[*] Detection Result:P Patch
[*] Detection for /binaries/PatchEvolution/imagemagick/CVE-2018-20467-31176f90be5b-magickcore,ReadBMPImage,1
[*] Detection Result:P Patch
[*] Detection for /binaries/PatchEvolution/imagemagick/CVE-2018-20467-6c7d62f7dc40-magickcore,ReadBMPImage,1
[*] Detection Result:P Patch
[*] Detection for /binaries/PatchEvolution/imagemagick/CVE-2018-20467-285c84a86dac-magickcore,ReadBMPImage,1
[*] Detection Result:P Patch
[*] ------------------------------------------
[*] Detecting CVE: CVE-2019-11470
[*] Detection for /binaries/PatchEvolution/imagemagick/CVE-2019-11470-6e0765d987fe-magickcore,ReadCINImage,1
[*] Detection Result:P Patch
[*] Detection for /binaries/PatchEvolution/imagemagick/CVE-2019-11470-dc244bebee65-magickcore,ReadCINImage,1
[*] Detection Result:P Patch
[*] Detection for /binaries/PatchEvolution/imagemagick/CVE-2019-11470-c5d3358acc7c-magickcore,ReadCINImage,1
[*] Detection Result:P Patch
[*] Detection for /binaries/PatchEvolution/imagemagick/CVE-2019-11470-ca3654ebf7a4-magickcore,ReadCINImage,1
[*] Detection Result:P Patch
[*] ------------------------------------------
[*] Detecting CVE: CVE-2019-13307
[*] Detection for /binaries/PatchEvolution/imagemagick/CVE-2019-13307-0c33fe598495-magickcore,AcquirePixelThreadSet,1
[*] Detection Result:V Vulnerability_True
[*] Detection for /binaries/PatchEvolution/imagemagick/CVE-2019-13307-a564acf287b1-magickcore,AcquirePixelThreadSet,1
[*] target function: AcquirePixelThreadSet not found
[*] Detection for /binaries/PatchEvolution/imagemagick/CVE-2019-13307-5775664a028c-magickcore,AcquirePixelThreadSet,1
[*] target function: AcquirePixelThreadSet not found
[*] Detection for /binaries/PatchEvolution/imagemagick/CVE-2019-13307-427e4434bdf9-magickcore,AcquirePixelThreadSet,1
[*] target function: AcquirePixelThreadSet not found
[*] ------------------------------------------
[*] Detecting CVE: CVE-2019-7396
[*] Detection for /binaries/PatchEvolution/imagemagick/CVE-2019-7396-2b1047948364-magickcore,ReadSIXELImage,1
[*] Detection Result:V Vulnerability
[*] Detection for /binaries/PatchEvolution/imagemagick/CVE-2019-7396-4ba2bbc3447e-magickcore,ReadSIXELImage,1
[*] Detection Result:V Vulnerability
[*] Detection for /binaries/PatchEvolution/imagemagick/CVE-2019-7396-adbc1855ec47-magickcore,ReadSIXELImage,1
[*] Detection Result:V Vulnerability
[*] Detection for /binaries/PatchEvolution/imagemagick/CVE-2019-7396-7ba113a0d26b-magickcore,ReadSIXELImage,1
[*] Detection Result:V Vulnerability
