[*] ------------------------------------------
[*] Detecting CVE: CVE-2015-8871
[*] Detection for /binaries/PatchEvolution/openjpeg/CVE-2015-8871-28d2eabca79d-openjpeg,opj_j2k_write_mco,1
[*] Detection Result:P Patch
[*] ------------------------------------------
[*] Detecting CVE: CVE-2016-10506
[*] Detection for /binaries/PatchEvolution/openjpeg/CVE-2016-10506-2d606701e8b7-openjpeg,opj_pi_next_pcrl,1
[*] Detection Result:P Patch
[*] Detection for /binaries/PatchEvolution/openjpeg/CVE-2016-10506-2d606701e8b7-openjpeg,opj_pi_next_cprl,1
[*] Detection Result:P Patch
[*] Detection for /binaries/PatchEvolution/openjpeg/CVE-2016-10506-2d606701e8b7-openjpeg,opj_pi_next_rpcl,1
[*] Detection Result:P Patch
[*] ------------------------------------------
[*] Detecting CVE: CVE-2016-7163
[*] Detection for /binaries/PatchEvolution/openjpeg/CVE-2016-7163-22eb737d5d5d-openjpeg,opj_pi_create_decode,1
[*] Detection Result:V Vulnerability_True
[*] Detection for /binaries/PatchEvolution/openjpeg/CVE-2016-7163-fb9eae5d637d-openjpeg,opj_pi_create_decode,1
[*] Detection Result:V Vulnerability_True
[*] Detection for /binaries/PatchEvolution/openjpeg/CVE-2016-7163-774889a328ab-openjpeg,opj_pi_create_decode,1
[*] Detection Result:V Vulnerability_True
[*] Detection for /binaries/PatchEvolution/openjpeg/CVE-2016-7163-80818c39f5bf-openjpeg,opj_pi_create_decode,1
[*] Detection Result:V Vulnerability_True
[*] ------------------------------------------
[*] Detecting CVE: CVE-2017-14039
[*] Detection for /binaries/PatchEvolution/openjpeg/CVE-2017-14039-5dd75f62e20e-openjpeg,opj_j2k_write_sot,1
[*] Detection Result:V Vulnerability
[*] Detection for /binaries/PatchEvolution/openjpeg/CVE-2017-14039-5dd75f62e20e-openjpeg,opj_j2k_write_sod,1
[*] Detection Result:P Patch
[*] Detection for /binaries/PatchEvolution/openjpeg/CVE-2017-14039-5dd75f62e20e-openjpeg,opj_t2_encode_packet,1
[*] Detection Result:P Patch
[*] Detection for /binaries/PatchEvolution/openjpeg/CVE-2017-14039-aaff099b4936-openjpeg,opj_j2k_write_sot,1
[*] Detection Result:V Vulnerability
[*] Detection for /binaries/PatchEvolution/openjpeg/CVE-2017-14039-aaff099b4936-openjpeg,opj_j2k_write_sod,1
[*] Detection Result:V Vulnerability
[*] Detection for /binaries/PatchEvolution/openjpeg/CVE-2017-14039-aaff099b4936-openjpeg,opj_t2_encode_packet,1
[*] Detection Result:P Patch
[*] Detection for /binaries/PatchEvolution/openjpeg/CVE-2017-14039-1d358f25c8ea-openjpeg,opj_j2k_write_sot,1
[*] Detection Result:V Vulnerability
[*] Detection for /binaries/PatchEvolution/openjpeg/CVE-2017-14039-1d358f25c8ea-openjpeg,opj_j2k_write_sod,1
[*] Detection Result:V Vulnerability
[*] Detection for /binaries/PatchEvolution/openjpeg/CVE-2017-14039-1d358f25c8ea-openjpeg,opj_t2_encode_packet,1
[*] Detection Result:P Patch
[*] ------------------------------------------
[*] Detecting CVE: CVE-2017-14164
[*] Detection for /binaries/PatchEvolution/openjpeg/CVE-2017-14164-4e5501b3c72a-openjpeg,opj_j2k_write_sot,1
[*] Detection Result:P Patch
[*] Detection for /binaries/PatchEvolution/openjpeg/CVE-2017-14164-4e5501b3c72a-openjpeg,opj_j2k_write_first_tile_part,1
[*] Detection Result:V Vulnerability
[*] Detection for /binaries/PatchEvolution/openjpeg/CVE-2017-14164-4e5501b3c72a-openjpeg,opj_j2k_write_tlm,1
[*] Detection Result:V Vulnerability
[*] Detection for /binaries/PatchEvolution/openjpeg/CVE-2017-14164-4e5501b3c72a-openjpeg,opj_j2k_write_all_tile_parts,1
[*] Detection Result:V Vulnerability
[*] Detection for /binaries/PatchEvolution/openjpeg/CVE-2017-14164-c28965f255c7-openjpeg,opj_j2k_write_sot,1
[*] Detection Result:P Patch
[*] Detection for /binaries/PatchEvolution/openjpeg/CVE-2017-14164-c28965f255c7-openjpeg,opj_j2k_write_first_tile_part,1
[*] Detection Result:V Vulnerability
[*] Detection for /binaries/PatchEvolution/openjpeg/CVE-2017-14164-c28965f255c7-openjpeg,opj_j2k_write_tlm,1
[*] Detection Result:V Vulnerability
[*] Detection for /binaries/PatchEvolution/openjpeg/CVE-2017-14164-c28965f255c7-openjpeg,opj_j2k_write_all_tile_parts,1
[*] Detection Result:V Vulnerability
[*] Detection for /binaries/PatchEvolution/openjpeg/CVE-2017-14164-4f447c6e1844-openjpeg,opj_j2k_write_sot,1
[*] Detection Result:P Patch
[*] Detection for /binaries/PatchEvolution/openjpeg/CVE-2017-14164-4f447c6e1844-openjpeg,opj_j2k_write_first_tile_part,1
[*] Detection Result:V Vulnerability
[*] Detection for /binaries/PatchEvolution/openjpeg/CVE-2017-14164-4f447c6e1844-openjpeg,opj_j2k_write_tlm,1
[*] Detection Result:V Vulnerability
[*] Detection for /binaries/PatchEvolution/openjpeg/CVE-2017-14164-4f447c6e1844-openjpeg,opj_j2k_write_all_tile_parts,1
[*] Detection Result:V Vulnerability_True
[*] Detection for /binaries/PatchEvolution/openjpeg/CVE-2017-14164-5dd75f62e20e-openjpeg,opj_j2k_write_sot,1
[*] Detection Result:P Patch
[*] Detection for /binaries/PatchEvolution/openjpeg/CVE-2017-14164-5dd75f62e20e-openjpeg,opj_j2k_write_first_tile_part,1
[*] Detection Result:V Vulnerability_True
[*] Detection for /binaries/PatchEvolution/openjpeg/CVE-2017-14164-5dd75f62e20e-openjpeg,opj_j2k_write_tlm,1
[*] Detection Result:P Patch
[*] Detection for /binaries/PatchEvolution/openjpeg/CVE-2017-14164-5dd75f62e20e-openjpeg,opj_j2k_write_all_tile_parts,1
[*] Detection Result:V Vulnerability_True
[*] ------------------------------------------
[*] Detecting CVE: CVE-2018-20847
[*] Detection for /binaries/PatchEvolution/openjpeg/CVE-2018-20847-29313eb5f1b2-openjpeg,opj_get_all_encoding_parameters,1
[*] Detection Result:P Patch
[*] Detection for /binaries/PatchEvolution/openjpeg/CVE-2018-20847-29313eb5f1b2-openjpeg,opj_tcd_init_tile,1
[*] Detection Result:P Patch
[*] Detection for /binaries/PatchEvolution/openjpeg/CVE-2018-20847-1d358f25c8ea-openjpeg,opj_get_all_encoding_parameters,1
[*] Detection Result:V Vulnerability
[*] Detection for /binaries/PatchEvolution/openjpeg/CVE-2018-20847-1d358f25c8ea-openjpeg,opj_tcd_init_tile,1
[*] Detection Result:P Patch
[*] Detection for /binaries/PatchEvolution/openjpeg/CVE-2018-20847-22eb737d5d5d-openjpeg,opj_get_all_encoding_parameters,1
[*] Detection Result:V Vulnerability
[*] Detection for /binaries/PatchEvolution/openjpeg/CVE-2018-20847-22eb737d5d5d-openjpeg,opj_tcd_init_tile,1
[*] Detection Result:P Patch
[*] Detection for /binaries/PatchEvolution/openjpeg/CVE-2018-20847-774889a328ab-openjpeg,opj_get_all_encoding_parameters,1
[*] Detection Result:V Vulnerability
[*] Detection for /binaries/PatchEvolution/openjpeg/CVE-2018-20847-774889a328ab-openjpeg,opj_tcd_init_tile,1
[*] Detection Result:P Patch