[*] ------------------------------------------
[*] Detecting CVE: CVE-2017-12893
[*] Detection for /binaries/PatchEvolution/tcpdump/CVE-2017-12893-1ac29c4be46a-tcpdump,name_len,1
[*] Detection Result:P Patch_True
[*] Detection for /binaries/PatchEvolution/tcpdump/CVE-2017-12893-3a7639e545c0-tcpdump,name_len,1
[*] Detection Result:P Patch_True
[*] Detection for /binaries/PatchEvolution/tcpdump/CVE-2017-12893-dcca20dd391f-tcpdump,name_len,1
[*] Detection Result:P Patch_True
[*] Detection for /binaries/PatchEvolution/tcpdump/CVE-2017-12893-b3171b9a9f50-tcpdump,name_len,1
[*] Detection Result:P Patch_True
[*] ------------------------------------------
[*] Detecting CVE: CVE-2017-12894
[*] Detection for /binaries/PatchEvolution/tcpdump/CVE-2017-12894-3059f3581287-tcpdump,lookup_bytestring,1
[*] Detection Result:P Patch
[*] Detection for /binaries/PatchEvolution/tcpdump/CVE-2017-12894-3059f3581287-tcpdump,le64addr_string,1
[*] Detection Result:V Vulnerability
[*] Detection for /binaries/PatchEvolution/tcpdump/CVE-2017-12894-3059f3581287-tcpdump,linkaddr_string,1
[*] Detection Result:V Vulnerability
[*] Detection for /binaries/PatchEvolution/tcpdump/CVE-2017-12894-3059f3581287-tcpdump,lookup_emem,1
[*] Detection Result:V Vulnerability
[*] Detection for /binaries/PatchEvolution/tcpdump/CVE-2017-12894-f477e59db0cc-tcpdump,lookup_bytestring,1
[*] Detection Result:P Patch
[*] Detection for /binaries/PatchEvolution/tcpdump/CVE-2017-12894-f477e59db0cc-tcpdump,le64addr_string,1
[*] Detection Result:V Vulnerability
[*] Detection for /binaries/PatchEvolution/tcpdump/CVE-2017-12894-f477e59db0cc-tcpdump,linkaddr_string,1
[*] Detection Result:V Vulnerability
[*] Detection for /binaries/PatchEvolution/tcpdump/CVE-2017-12894-f477e59db0cc-tcpdump,lookup_emem,1
[*] Detection Result:V Vulnerability
[*] Detection for /binaries/PatchEvolution/tcpdump/CVE-2017-12894-db3f9f277f42-tcpdump,lookup_bytestring,1
[*] Detection Result:P Patch
[*] Detection for /binaries/PatchEvolution/tcpdump/CVE-2017-12894-db3f9f277f42-tcpdump,le64addr_string,1
[*] Detection Result:V Vulnerability
[*] Detection for /binaries/PatchEvolution/tcpdump/CVE-2017-12894-db3f9f277f42-tcpdump,linkaddr_string,1
[*] Detection Result:V Vulnerability
[*] Detection for /binaries/PatchEvolution/tcpdump/CVE-2017-12894-db3f9f277f42-tcpdump,lookup_emem,1
[*] Detection Result:V Vulnerability
[*] Detection for /binaries/PatchEvolution/tcpdump/CVE-2017-12894-d8bf24c8743e-tcpdump,lookup_bytestring,1
[*] Detection Result:P Patch
[*] Detection for /binaries/PatchEvolution/tcpdump/CVE-2017-12894-d8bf24c8743e-tcpdump,le64addr_string,1
[*] Detection Result:V Vulnerability
[*] Detection for /binaries/PatchEvolution/tcpdump/CVE-2017-12894-d8bf24c8743e-tcpdump,linkaddr_string,1
[*] Detection Result:V Vulnerability
[*] Detection for /binaries/PatchEvolution/tcpdump/CVE-2017-12894-d8bf24c8743e-tcpdump,lookup_emem,1
[*] Detection Result:V Vulnerability
[*] ------------------------------------------
[*] Detecting CVE: CVE-2017-12895
[*] Detection for /binaries/PatchEvolution/tcpdump/CVE-2017-12895-577621026df8-tcpdump,icmp_print,1
[*] Detection Result:P Patch
[*] Detection for /binaries/PatchEvolution/tcpdump/CVE-2017-12895-7a5c4fb61005-tcpdump,icmp_print,1
[*] Detection Result:P Patch
[*] Detection for /binaries/PatchEvolution/tcpdump/CVE-2017-12895-e2982e7f6f0b-tcpdump,icmp_print,1
[*] Detection Result:P Patch
[*] Detection for /binaries/PatchEvolution/tcpdump/CVE-2017-12895-d7efbc8f63e9-tcpdump,icmp_print,1
[*] Detection Result:P Patch
[*] ------------------------------------------
[*] Detecting CVE: CVE-2017-12896
[*] Detection for /binaries/PatchEvolution/tcpdump/CVE-2017-12896-ee68aa36460d-tcpdump,isakmp_rfc3948_print,1
[*] Detection Result:P Patch
[*] Detection for /binaries/PatchEvolution/tcpdump/CVE-2017-12896-6288c273b66f-tcpdump,isakmp_rfc3948_print,1
[*] Detection Result:P Patch
[*] Detection for /binaries/PatchEvolution/tcpdump/CVE-2017-12896-e2982e7f6f0b-tcpdump,isakmp_rfc3948_print,1
[*] Detection Result:P Patch_True
[*] Detection for /binaries/PatchEvolution/tcpdump/CVE-2017-12896-4dee61760d29-tcpdump,isakmp_rfc3948_print,1
[*] Detection Result:P Patch
[*] ------------------------------------------
[*] Detecting CVE: CVE-2017-12897
[*] Detection for /binaries/PatchEvolution/tcpdump/CVE-2017-12897-e2982e7f6f0b-tcpdump,fr_print,1
[*] Detection Result:V Vulnerability
[*] Detection for /binaries/PatchEvolution/tcpdump/CVE-2017-12897-e2982e7f6f0b-tcpdump,handle_ppp,1
[*] Detection Result:V Vulnerability_True
[*] Detection for /binaries/PatchEvolution/tcpdump/CVE-2017-12897-e2982e7f6f0b-tcpdump,ethertype_print,1
[*] Detection Result:V Vulnerability_True
[*] Detection for /binaries/PatchEvolution/tcpdump/CVE-2017-12897-e2982e7f6f0b-tcpdump,juniper_atm1_print,1
[*] target function: juniper_atm1_print not found
[*] Detection for /binaries/PatchEvolution/tcpdump/CVE-2017-12897-e2982e7f6f0b-tcpdump,gre_print_0,1
[*] Detection Result:V Vulnerability_True
[*] Detection for /binaries/PatchEvolution/tcpdump/CVE-2017-12897-e2982e7f6f0b-tcpdump,atm_if_print,1
[*] Detection Result:V Vulnerability_True
[*] Detection for /binaries/PatchEvolution/tcpdump/CVE-2017-12897-e2982e7f6f0b-tcpdump,juniper_atm2_print,1
[*] target function: juniper_atm2_print not found
[*] Detection for /binaries/PatchEvolution/tcpdump/CVE-2017-12897-e2982e7f6f0b-tcpdump,null_if_print,1
[*] Detection Result:V Vulnerability_True
[*] Detection for /binaries/PatchEvolution/tcpdump/CVE-2017-12897-e2982e7f6f0b-tcpdump,llc_print,1
[*] Detection Result:V Vulnerability_True
[*] Detection for /binaries/PatchEvolution/tcpdump/CVE-2017-12897-e2982e7f6f0b-tcpdump,chdlc_print,1
[*] Detection Result:V Vulnerability
[*] Detection for /binaries/PatchEvolution/tcpdump/CVE-2017-12897-e2982e7f6f0b-tcpdump,juniper_mfr_print,1
[*] target function: juniper_mfr_print not found
[*] Detection for /binaries/PatchEvolution/tcpdump/CVE-2017-12897-e2982e7f6f0b-tcpdump,juniper_mlppp_print,1
[*] target function: juniper_mlppp_print not found
[*] Detection for /binaries/PatchEvolution/tcpdump/CVE-2017-12897-e2982e7f6f0b-tcpdump,juniper_mlfr_print,1
[*] target function: juniper_mlfr_print not found
[*] Detection for /binaries/PatchEvolution/tcpdump/CVE-2017-12897-e2982e7f6f0b-tcpdump,isoclns_print,1
[*] Detection Result:P Patch_True
[*] Detection for /binaries/PatchEvolution/tcpdump/CVE-2017-12897-e2982e7f6f0b-tcpdump,mpls_print,1
[*] Detection Result:V Vulnerability_True
[*] Detection for /binaries/PatchEvolution/tcpdump/CVE-2017-12897-1a04b92e365f-tcpdump,fr_print,1
[*] Detection Result:V Vulnerability
[*] Detection for /binaries/PatchEvolution/tcpdump/CVE-2017-12897-1a04b92e365f-tcpdump,handle_ppp,1
[*] Detection Result:V Vulnerability_True
[*] Detection for /binaries/PatchEvolution/tcpdump/CVE-2017-12897-1a04b92e365f-tcpdump,ethertype_print,1
[*] Detection Result:V Vulnerability_True
[*] Detection for /binaries/PatchEvolution/tcpdump/CVE-2017-12897-1a04b92e365f-tcpdump,juniper_atm1_print,1
[*] target function: juniper_atm1_print not found
[*] Detection for /binaries/PatchEvolution/tcpdump/CVE-2017-12897-1a04b92e365f-tcpdump,gre_print_0,1
[*] Detection Result:V Vulnerability_True
[*] Detection for /binaries/PatchEvolution/tcpdump/CVE-2017-12897-1a04b92e365f-tcpdump,atm_if_print,1
[*] Detection Result:V Vulnerability_True
[*] Detection for /binaries/PatchEvolution/tcpdump/CVE-2017-12897-1a04b92e365f-tcpdump,juniper_atm2_print,1
[*] target function: juniper_atm2_print not found
[*] Detection for /binaries/PatchEvolution/tcpdump/CVE-2017-12897-1a04b92e365f-tcpdump,null_if_print,1
[*] Detection Result:V Vulnerability_True
[*] Detection for /binaries/PatchEvolution/tcpdump/CVE-2017-12897-1a04b92e365f-tcpdump,llc_print,1
[*] Detection Result:V Vulnerability_True
[*] Detection for /binaries/PatchEvolution/tcpdump/CVE-2017-12897-1a04b92e365f-tcpdump,chdlc_print,1
[*] Detection Result:V Vulnerability
[*] Detection for /binaries/PatchEvolution/tcpdump/CVE-2017-12897-1a04b92e365f-tcpdump,juniper_mfr_print,1
[*] target function: juniper_mfr_print not found
[*] Detection for /binaries/PatchEvolution/tcpdump/CVE-2017-12897-1a04b92e365f-tcpdump,juniper_mlppp_print,1
[*] target function: juniper_mlppp_print not found
[*] Detection for /binaries/PatchEvolution/tcpdump/CVE-2017-12897-1a04b92e365f-tcpdump,juniper_mlfr_print,1
[*] target function: juniper_mlfr_print not found
[*] Detection for /binaries/PatchEvolution/tcpdump/CVE-2017-12897-1a04b92e365f-tcpdump,isoclns_print,1
[*] Detection Result:P Patch_True
[*] Detection for /binaries/PatchEvolution/tcpdump/CVE-2017-12897-1a04b92e365f-tcpdump,mpls_print,1
[*] Detection Result:V Vulnerability_True
[*] Detection for /binaries/PatchEvolution/tcpdump/CVE-2017-12897-ee68aa36460d-tcpdump,fr_print,1
[*] Detection Result:V Vulnerability
[*] Detection for /binaries/PatchEvolution/tcpdump/CVE-2017-12897-ee68aa36460d-tcpdump,handle_ppp,1
[*] Detection Result:V Vulnerability_True
[*] Detection for /binaries/PatchEvolution/tcpdump/CVE-2017-12897-ee68aa36460d-tcpdump,ethertype_print,1
[*] Detection Result:V Vulnerability_True
[*] Detection for /binaries/PatchEvolution/tcpdump/CVE-2017-12897-ee68aa36460d-tcpdump,juniper_atm1_print,1
[*] target function: juniper_atm1_print not found
[*] Detection for /binaries/PatchEvolution/tcpdump/CVE-2017-12897-ee68aa36460d-tcpdump,gre_print_0,1
[*] Detection Result:V Vulnerability
[*] Detection for /binaries/PatchEvolution/tcpdump/CVE-2017-12897-ee68aa36460d-tcpdump,atm_if_print,1
[*] Detection Result:V Vulnerability
[*] Detection for /binaries/PatchEvolution/tcpdump/CVE-2017-12897-ee68aa36460d-tcpdump,juniper_atm2_print,1
[*] target function: juniper_atm2_print not found
[*] Detection for /binaries/PatchEvolution/tcpdump/CVE-2017-12897-ee68aa36460d-tcpdump,null_if_print,1
[*] Detection Result:V Vulnerability
[*] Detection for /binaries/PatchEvolution/tcpdump/CVE-2017-12897-ee68aa36460d-tcpdump,llc_print,1
[*] Detection Result:V Vulnerability
[*] Detection for /binaries/PatchEvolution/tcpdump/CVE-2017-12897-ee68aa36460d-tcpdump,chdlc_print,1
[*] Detection Result:V Vulnerability
[*] Detection for /binaries/PatchEvolution/tcpdump/CVE-2017-12897-ee68aa36460d-tcpdump,juniper_mfr_print,1
[*] target function: juniper_mfr_print not found
[*] Detection for /binaries/PatchEvolution/tcpdump/CVE-2017-12897-ee68aa36460d-tcpdump,juniper_mlppp_print,1
[*] target function: juniper_mlppp_print not found
[*] Detection for /binaries/PatchEvolution/tcpdump/CVE-2017-12897-ee68aa36460d-tcpdump,juniper_mlfr_print,1
[*] target function: juniper_mlfr_print not found
[*] Detection for /binaries/PatchEvolution/tcpdump/CVE-2017-12897-ee68aa36460d-tcpdump,isoclns_print,1
[*] Detection Result:P Patch
[*] Detection for /binaries/PatchEvolution/tcpdump/CVE-2017-12897-ee68aa36460d-tcpdump,mpls_print,1
[*] Detection Result:V Vulnerability
[*] Detection for /binaries/PatchEvolution/tcpdump/CVE-2017-12897-6e1fdd00a653-tcpdump,fr_print,1
[*] Detection Result:V Vulnerability
[*] Detection for /binaries/PatchEvolution/tcpdump/CVE-2017-12897-6e1fdd00a653-tcpdump,handle_ppp,1
[*] Detection Result:V Vulnerability_True
[*] Detection for /binaries/PatchEvolution/tcpdump/CVE-2017-12897-6e1fdd00a653-tcpdump,ethertype_print,1
[*] Detection Result:V Vulnerability_True
[*] Detection for /binaries/PatchEvolution/tcpdump/CVE-2017-12897-6e1fdd00a653-tcpdump,juniper_atm1_print,1
[*] target function: juniper_atm1_print not found
[*] Detection for /binaries/PatchEvolution/tcpdump/CVE-2017-12897-6e1fdd00a653-tcpdump,gre_print_0,1
[*] Detection Result:V Vulnerability
[*] Detection for /binaries/PatchEvolution/tcpdump/CVE-2017-12897-6e1fdd00a653-tcpdump,atm_if_print,1
[*] Detection Result:V Vulnerability
[*] Detection for /binaries/PatchEvolution/tcpdump/CVE-2017-12897-6e1fdd00a653-tcpdump,juniper_atm2_print,1
[*] target function: juniper_atm2_print not found
[*] Detection for /binaries/PatchEvolution/tcpdump/CVE-2017-12897-6e1fdd00a653-tcpdump,null_if_print,1
[*] Detection Result:V Vulnerability
[*] Detection for /binaries/PatchEvolution/tcpdump/CVE-2017-12897-6e1fdd00a653-tcpdump,llc_print,1
[*] Detection Result:V Vulnerability
[*] Detection for /binaries/PatchEvolution/tcpdump/CVE-2017-12897-6e1fdd00a653-tcpdump,chdlc_print,1
[*] Detection Result:V Vulnerability
[*] Detection for /binaries/PatchEvolution/tcpdump/CVE-2017-12897-6e1fdd00a653-tcpdump,juniper_mfr_print,1
[*] target function: juniper_mfr_print not found
[*] Detection for /binaries/PatchEvolution/tcpdump/CVE-2017-12897-6e1fdd00a653-tcpdump,juniper_mlppp_print,1
[*] target function: juniper_mlppp_print not found
[*] Detection for /binaries/PatchEvolution/tcpdump/CVE-2017-12897-6e1fdd00a653-tcpdump,juniper_mlfr_print,1
[*] target function: juniper_mlfr_print not found
[*] Detection for /binaries/PatchEvolution/tcpdump/CVE-2017-12897-6e1fdd00a653-tcpdump,isoclns_print,1
[*] Detection Result:P Patch
[*] Detection for /binaries/PatchEvolution/tcpdump/CVE-2017-12897-6e1fdd00a653-tcpdump,mpls_print,1
[*] Detection Result:V Vulnerability
[*] ------------------------------------------
[*] Detecting CVE: CVE-2017-12898
[*] Detection for /binaries/PatchEvolution/tcpdump/CVE-2017-12898-577621026df8-tcpdump,parserep,1
[*] Detection Result:P Patch_True
[*] Detection for /binaries/PatchEvolution/tcpdump/CVE-2017-12898-577621026df8-tcpdump,nfsreq_print_noaddr,1
[*] target function: nfsreq_print_noaddr not found
[*] Detection for /binaries/PatchEvolution/tcpdump/CVE-2017-12898-577621026df8-tcpdump,interp_reply,1
[*] Detection Result:V Vulnerability
[*] Detection for /binaries/PatchEvolution/tcpdump/CVE-2017-12898-21b12733b62c-tcpdump,parserep,1
[*] Detection Result:V Vulnerability
[*] Detection for /binaries/PatchEvolution/tcpdump/CVE-2017-12898-21b12733b62c-tcpdump,nfsreq_print_noaddr,1
[*] target function: nfsreq_print_noaddr not found
[*] Detection for /binaries/PatchEvolution/tcpdump/CVE-2017-12898-21b12733b62c-tcpdump,interp_reply,1
[*] Detection Result:V Vulnerability
[*] Detection for /binaries/PatchEvolution/tcpdump/CVE-2017-12898-e2982e7f6f0b-tcpdump,parserep,1
[*] Detection Result:V Vulnerability
[*] Detection for /binaries/PatchEvolution/tcpdump/CVE-2017-12898-e2982e7f6f0b-tcpdump,nfsreq_print_noaddr,1
[*] target function: nfsreq_print_noaddr not found
[*] Detection for /binaries/PatchEvolution/tcpdump/CVE-2017-12898-e2982e7f6f0b-tcpdump,interp_reply,1
[*] Detection Result:V Vulnerability
[*] Detection for /binaries/PatchEvolution/tcpdump/CVE-2017-12898-279bd14fc59e-tcpdump,parserep,1
[*] Detection Result:V Vulnerability
[*] Detection for /binaries/PatchEvolution/tcpdump/CVE-2017-12898-279bd14fc59e-tcpdump,nfsreq_print_noaddr,1
[*] target function: nfsreq_print_noaddr not found
[*] Detection for /binaries/PatchEvolution/tcpdump/CVE-2017-12898-279bd14fc59e-tcpdump,interp_reply,1
[*] Detection Result:V Vulnerability
[*] ------------------------------------------
[*] Detecting CVE: CVE-2017-12899
[*] Detection for /binaries/PatchEvolution/tcpdump/CVE-2017-12899-8bbad56e3761-tcpdump,print_decnet_ctlmsg,1
[*] Detection Result:V Vulnerability
[*] Detection for /binaries/PatchEvolution/tcpdump/CVE-2017-12899-8bbad56e3761-tcpdump,decnet_print,1
[*] Detection Result:P Patch
[*] Detection for /binaries/PatchEvolution/tcpdump/CVE-2017-12899-5c2027db8817-tcpdump,print_decnet_ctlmsg,1
[*] Detection Result:V Vulnerability
[*] Detection for /binaries/PatchEvolution/tcpdump/CVE-2017-12899-5c2027db8817-tcpdump,decnet_print,1
[*] Detection Result:P Patch
[*] Detection for /binaries/PatchEvolution/tcpdump/CVE-2017-12899-bef667db65b1-tcpdump,print_decnet_ctlmsg,1
[*] Detection Result:V Vulnerability
[*] Detection for /binaries/PatchEvolution/tcpdump/CVE-2017-12899-bef667db65b1-tcpdump,decnet_print,1
[*] Detection Result:P Patch
[*] Detection for /binaries/PatchEvolution/tcpdump/CVE-2017-12899-ee68aa36460d-tcpdump,print_decnet_ctlmsg,1
[*] Detection Result:V Vulnerability
[*] Detection for /binaries/PatchEvolution/tcpdump/CVE-2017-12899-ee68aa36460d-tcpdump,decnet_print,1
[*] Detection Result:P Patch
[*] ------------------------------------------
[*] Detecting CVE: CVE-2017-12901
[*] Detection for /binaries/PatchEvolution/tcpdump/CVE-2017-12901-e2982e7f6f0b-tcpdump,eigrp_print,1
[*] Detection Result:P Patch
[*] Detection for /binaries/PatchEvolution/tcpdump/CVE-2017-12901-59d37c7ec5a7-tcpdump,eigrp_print,1
[*] Detection Result:P Patch
[*] Detection for /binaries/PatchEvolution/tcpdump/CVE-2017-12901-ee68aa36460d-tcpdump,eigrp_print,1
[*] Detection Result:P Patch
[*] Detection for /binaries/PatchEvolution/tcpdump/CVE-2017-12901-e150c713a2ea-tcpdump,eigrp_print,1
[*] Detection Result:P Patch
[*] ------------------------------------------
[*] Detecting CVE: CVE-2017-12902
[*] Detection for /binaries/PatchEvolution/tcpdump/CVE-2017-12902-e2982e7f6f0b-tcpdump,zephyr_print,1
[*] Detection Result:P Patch
[*] Detection for /binaries/PatchEvolution/tcpdump/CVE-2017-12902-676778970d1c-tcpdump,zephyr_print,1
[*] Detection Result:V Vulnerability
[*] Detection for /binaries/PatchEvolution/tcpdump/CVE-2017-12902-29973d83e8ce-tcpdump,zephyr_print,1
[*] Detection Result:V Vulnerability
[*] Detection for /binaries/PatchEvolution/tcpdump/CVE-2017-12902-546558eabd81-tcpdump,zephyr_print,1
[*] Detection Result:P Patch
[*] ------------------------------------------
[*] Detecting CVE: CVE-2017-12985
[*] Detection for /binaries/PatchEvolution/tcpdump/CVE-2017-12985-db7a7633e65e-tcpdump,ip6_print,1
[*] Detection Result:P Patch
[*] Detection for /binaries/PatchEvolution/tcpdump/CVE-2017-12985-db7a7633e65e-tcpdump,mobility_print,1
[*] Detection Result:V Vulnerability
[*] Detection for /binaries/PatchEvolution/tcpdump/CVE-2017-12985-e2982e7f6f0b-tcpdump,ip6_print,1
[*] Detection Result:P Patch
[*] Detection for /binaries/PatchEvolution/tcpdump/CVE-2017-12985-e2982e7f6f0b-tcpdump,mobility_print,1
[*] Detection Result:V Vulnerability
[*] Detection for /binaries/PatchEvolution/tcpdump/CVE-2017-12985-2055e39f2af0-tcpdump,ip6_print,1
[*] Detection Result:P Patch
[*] Detection for /binaries/PatchEvolution/tcpdump/CVE-2017-12985-2055e39f2af0-tcpdump,mobility_print,1
[*] Detection Result:V Vulnerability
[*] Detection for /binaries/PatchEvolution/tcpdump/CVE-2017-12985-ca71c847281b-tcpdump,ip6_print,1
[*] Detection Result:P Patch
[*] Detection for /binaries/PatchEvolution/tcpdump/CVE-2017-12985-ca71c847281b-tcpdump,mobility_print,1
[*] Detection Result:V Vulnerability
[*] ------------------------------------------
[*] Detecting CVE: CVE-2017-12987
[*] Detection for /binaries/PatchEvolution/tcpdump/CVE-2017-12987-ee68aa36460d-tcpdump,parse_elements,1
[*] Detection Result:V Vulnerability
[*] Detection for /binaries/PatchEvolution/tcpdump/CVE-2017-12987-e2982e7f6f0b-tcpdump,parse_elements,1
[*] Detection Result:V Vulnerability
[*] Detection for /binaries/PatchEvolution/tcpdump/CVE-2017-12987-cb9b66505924-tcpdump,parse_elements,1
[*] Detection Result:V Vulnerability
[*] Detection for /binaries/PatchEvolution/tcpdump/CVE-2017-12987-39c8c55aa9ff-tcpdump,parse_elements,1
[*] Detection Result:V Vulnerability
[*] ------------------------------------------
[*] Detecting CVE: CVE-2017-12988
[*] Detection for /binaries/PatchEvolution/tcpdump/CVE-2017-12988-e2982e7f6f0b-tcpdump,telnet_parse,1
[*] Detection Result:P Patch_True
[*] Detection for /binaries/PatchEvolution/tcpdump/CVE-2017-12988-abc8c2d61c65-tcpdump,telnet_parse,1
[*] Detection Result:P Patch
[*] Detection for /binaries/PatchEvolution/tcpdump/CVE-2017-12988-56d8c43b671a-tcpdump,telnet_parse,1
[*] Detection Result:P Patch
[*] Detection for /binaries/PatchEvolution/tcpdump/CVE-2017-12988-ba8936b39b0c-tcpdump,telnet_parse,1
[*] Detection Result:P Patch
[*] ------------------------------------------
[*] Detecting CVE: CVE-2017-12989
[*] Detection for /binaries/PatchEvolution/tcpdump/CVE-2017-12989-abc8c2d61c65-tcpdump,resp_get_length,1
[*] Detection Result:V Vulnerability
[*] Detection for /binaries/PatchEvolution/tcpdump/CVE-2017-12989-29517faf6cf8-tcpdump,resp_get_length,1
[*] Detection Result:P Patch
[*] Detection for /binaries/PatchEvolution/tcpdump/CVE-2017-12989-03a2d9c4c1e3-tcpdump,resp_get_length,1
[*] Detection Result:P Patch
[*] Detection for /binaries/PatchEvolution/tcpdump/CVE-2017-12989-ee68aa36460d-tcpdump,resp_get_length,1
[*] Detection Result:V Vulnerability
[*] ------------------------------------------
[*] Detecting CVE: CVE-2017-12990
[*] Detection for /binaries/PatchEvolution/tcpdump/CVE-2017-12990-d526e47658b6-tcpdump,ikev1_n_print,1
[*] Detection Result:P Patch
[*] Detection for /binaries/PatchEvolution/tcpdump/CVE-2017-12990-d526e47658b6-tcpdump,isakmp_rfc3948_print,1
[*] Detection Result:V Vulnerability_True
[*] Detection for /binaries/PatchEvolution/tcpdump/CVE-2017-12990-d526e47658b6-tcpdump,ikev2_n_print,1
[*] Detection Result:P Patch
[*] Detection for /binaries/PatchEvolution/tcpdump/CVE-2017-12990-d526e47658b6-tcpdump,ikev1_nonce_print,1
[*] Detection Result:V Vulnerability
[*] Detection for /binaries/PatchEvolution/tcpdump/CVE-2017-12990-d526e47658b6-tcpdump,ikev2_auth_print,1
[*] Detection Result:V Vulnerability
[*] Detection for /binaries/PatchEvolution/tcpdump/CVE-2017-12990-e2982e7f6f0b-tcpdump,ikev1_n_print,1
[*] Detection Result:P Patch
[*] Detection for /binaries/PatchEvolution/tcpdump/CVE-2017-12990-e2982e7f6f0b-tcpdump,isakmp_rfc3948_print,1
[*] Detection Result:V Vulnerability_True
[*] Detection for /binaries/PatchEvolution/tcpdump/CVE-2017-12990-e2982e7f6f0b-tcpdump,ikev2_n_print,1
[*] Detection Result:P Patch
[*] Detection for /binaries/PatchEvolution/tcpdump/CVE-2017-12990-e2982e7f6f0b-tcpdump,ikev1_nonce_print,1
[*] Detection Result:V Vulnerability
[*] Detection for /binaries/PatchEvolution/tcpdump/CVE-2017-12990-e2982e7f6f0b-tcpdump,ikev2_auth_print,1
[*] Detection Result:V Vulnerability
[*] Detection for /binaries/PatchEvolution/tcpdump/CVE-2017-12990-794a259a335c-tcpdump,ikev1_n_print,1
[*] Detection Result:P Patch
[*] Detection for /binaries/PatchEvolution/tcpdump/CVE-2017-12990-794a259a335c-tcpdump,isakmp_rfc3948_print,1
[*] Detection Result:V Vulnerability
[*] Detection for /binaries/PatchEvolution/tcpdump/CVE-2017-12990-794a259a335c-tcpdump,ikev2_n_print,1
[*] Detection Result:P Patch
[*] Detection for /binaries/PatchEvolution/tcpdump/CVE-2017-12990-794a259a335c-tcpdump,ikev1_nonce_print,1
[*] Detection Result:V Vulnerability
[*] Detection for /binaries/PatchEvolution/tcpdump/CVE-2017-12990-794a259a335c-tcpdump,ikev2_auth_print,1
[*] Detection Result:V Vulnerability
[*] Detection for /binaries/PatchEvolution/tcpdump/CVE-2017-12990-e9b059b7a948-tcpdump,ikev1_n_print,1
[*] Detection Result:P Patch
[*] Detection for /binaries/PatchEvolution/tcpdump/CVE-2017-12990-e9b059b7a948-tcpdump,isakmp_rfc3948_print,1
[*] Detection Result:V Vulnerability
[*] Detection for /binaries/PatchEvolution/tcpdump/CVE-2017-12990-e9b059b7a948-tcpdump,ikev2_n_print,1
[*] Detection Result:P Patch
[*] Detection for /binaries/PatchEvolution/tcpdump/CVE-2017-12990-e9b059b7a948-tcpdump,ikev1_nonce_print,1
[*] Detection Result:V Vulnerability
[*] Detection for /binaries/PatchEvolution/tcpdump/CVE-2017-12990-e9b059b7a948-tcpdump,ikev2_auth_print,1
[*] Detection Result:V Vulnerability
[*] ------------------------------------------
[*] Detecting CVE: CVE-2017-12991
[*] Detection for /binaries/PatchEvolution/tcpdump/CVE-2017-12991-756d0a1356a4-tcpdump,bgp_attr_print,1
[*] Detection Result:P Patch
[*] Detection for /binaries/PatchEvolution/tcpdump/CVE-2017-12991-f9c2c905b118-tcpdump,bgp_attr_print,1
[*] Detection Result:P Patch
[*] Detection for /binaries/PatchEvolution/tcpdump/CVE-2017-12991-e2982e7f6f0b-tcpdump,bgp_attr_print,1
[*] Detection Result:P Patch
[*] Detection for /binaries/PatchEvolution/tcpdump/CVE-2017-12991-24df77f09e26-tcpdump,bgp_attr_print,1
[*] Detection Result:V Vulnerability
[*] ------------------------------------------
[*] Detecting CVE: CVE-2017-12992
[*] Detection for /binaries/PatchEvolution/tcpdump/CVE-2017-12992-efc775d05163-tcpdump,ripng_print,1
[*] Detection Result:P Patch
[*] Detection for /binaries/PatchEvolution/tcpdump/CVE-2017-12992-59d37c7ec5a7-tcpdump,ripng_print,1
[*] Detection Result:P Patch
[*] Detection for /binaries/PatchEvolution/tcpdump/CVE-2017-12992-57b0a999a9fa-tcpdump,ripng_print,1
[*] Detection Result:P Patch
[*] Detection for /binaries/PatchEvolution/tcpdump/CVE-2017-12992-ff2bbd6ffe2b-tcpdump,ripng_print,1
[*] Detection Result:P Patch
[*] ------------------------------------------
[*] Detecting CVE: CVE-2017-12993
[*] Detection for /binaries/PatchEvolution/tcpdump/CVE-2017-12993-21b12733b62c-tcpdump,juniper_es_print,1
[*] target function: juniper_es_print not found
[*] Detection for /binaries/PatchEvolution/tcpdump/CVE-2017-12993-21b12733b62c-tcpdump,juniper_atm1_print,1
[*] target function: juniper_atm1_print not found
[*] Detection for /binaries/PatchEvolution/tcpdump/CVE-2017-12993-21b12733b62c-tcpdump,juniper_monitor_print,1
[*] target function: juniper_monitor_print not found
[*] Detection for /binaries/PatchEvolution/tcpdump/CVE-2017-12993-21b12733b62c-tcpdump,juniper_services_print,1
[*] target function: juniper_services_print not found
[*] Detection for /binaries/PatchEvolution/tcpdump/CVE-2017-12993-21b12733b62c-tcpdump,juniper_parse_header,1
[*] Detection Result:V Vulnerability
[*] Detection for /binaries/PatchEvolution/tcpdump/CVE-2017-12993-21b12733b62c-tcpdump,juniper_ggsn_print,1
[*] target function: juniper_ggsn_print not found
[*] Detection for /binaries/PatchEvolution/tcpdump/CVE-2017-12993-21b12733b62c-tcpdump,juniper_atm2_print,1
[*] target function: juniper_atm2_print not found
[*] Detection for /binaries/PatchEvolution/tcpdump/CVE-2017-12993-21b12733b62c-tcpdump,juniper_pppoe_atm_print,1
[*] target function: juniper_pppoe_atm_print not found
[*] Detection for /binaries/PatchEvolution/tcpdump/CVE-2017-12993-e2982e7f6f0b-tcpdump,juniper_es_print,1
[*] target function: juniper_es_print not found
[*] Detection for /binaries/PatchEvolution/tcpdump/CVE-2017-12993-e2982e7f6f0b-tcpdump,juniper_atm1_print,1
[*] target function: juniper_atm1_print not found
[*] Detection for /binaries/PatchEvolution/tcpdump/CVE-2017-12993-e2982e7f6f0b-tcpdump,juniper_monitor_print,1
[*] target function: juniper_monitor_print not found
[*] Detection for /binaries/PatchEvolution/tcpdump/CVE-2017-12993-e2982e7f6f0b-tcpdump,juniper_services_print,1
[*] target function: juniper_services_print not found
[*] Detection for /binaries/PatchEvolution/tcpdump/CVE-2017-12993-e2982e7f6f0b-tcpdump,juniper_parse_header,1
[*] Detection Result:V Vulnerability
[*] Detection for /binaries/PatchEvolution/tcpdump/CVE-2017-12993-e2982e7f6f0b-tcpdump,juniper_ggsn_print,1
[*] target function: juniper_ggsn_print not found
[*] Detection for /binaries/PatchEvolution/tcpdump/CVE-2017-12993-e2982e7f6f0b-tcpdump,juniper_atm2_print,1
[*] target function: juniper_atm2_print not found
[*] Detection for /binaries/PatchEvolution/tcpdump/CVE-2017-12993-e2982e7f6f0b-tcpdump,juniper_pppoe_atm_print,1
[*] target function: juniper_pppoe_atm_print not found
[*] Detection for /binaries/PatchEvolution/tcpdump/CVE-2017-12993-61c422a88cae-tcpdump,juniper_es_print,1
[*] target function: juniper_es_print not found
[*] Detection for /binaries/PatchEvolution/tcpdump/CVE-2017-12993-61c422a88cae-tcpdump,juniper_atm1_print,1
[*] target function: juniper_atm1_print not found
[*] Detection for /binaries/PatchEvolution/tcpdump/CVE-2017-12993-61c422a88cae-tcpdump,juniper_monitor_print,1
[*] target function: juniper_monitor_print not found
[*] Detection for /binaries/PatchEvolution/tcpdump/CVE-2017-12993-61c422a88cae-tcpdump,juniper_services_print,1
[*] target function: juniper_services_print not found
[*] Detection for /binaries/PatchEvolution/tcpdump/CVE-2017-12993-61c422a88cae-tcpdump,juniper_parse_header,1
[*] Detection Result:V Vulnerability
[*] Detection for /binaries/PatchEvolution/tcpdump/CVE-2017-12993-61c422a88cae-tcpdump,juniper_ggsn_print,1
[*] target function: juniper_ggsn_print not found
[*] Detection for /binaries/PatchEvolution/tcpdump/CVE-2017-12993-61c422a88cae-tcpdump,juniper_atm2_print,1
[*] target function: juniper_atm2_print not found
[*] Detection for /binaries/PatchEvolution/tcpdump/CVE-2017-12993-61c422a88cae-tcpdump,juniper_pppoe_atm_print,1
[*] target function: juniper_pppoe_atm_print not found
[*] Detection for /binaries/PatchEvolution/tcpdump/CVE-2017-12993-3712d818767d-tcpdump,juniper_es_print,1
[*] target function: juniper_es_print not found
[*] Detection for /binaries/PatchEvolution/tcpdump/CVE-2017-12993-3712d818767d-tcpdump,juniper_atm1_print,1
[*] target function: juniper_atm1_print not found
[*] Detection for /binaries/PatchEvolution/tcpdump/CVE-2017-12993-3712d818767d-tcpdump,juniper_monitor_print,1
[*] target function: juniper_monitor_print not found
[*] Detection for /binaries/PatchEvolution/tcpdump/CVE-2017-12993-3712d818767d-tcpdump,juniper_services_print,1
[*] target function: juniper_services_print not found
[*] Detection for /binaries/PatchEvolution/tcpdump/CVE-2017-12993-3712d818767d-tcpdump,juniper_parse_header,1
[*] Detection Result:V Vulnerability
[*] Detection for /binaries/PatchEvolution/tcpdump/CVE-2017-12993-3712d818767d-tcpdump,juniper_ggsn_print,1
[*] target function: juniper_ggsn_print not found
[*] Detection for /binaries/PatchEvolution/tcpdump/CVE-2017-12993-3712d818767d-tcpdump,juniper_atm2_print,1
[*] target function: juniper_atm2_print not found
[*] Detection for /binaries/PatchEvolution/tcpdump/CVE-2017-12993-3712d818767d-tcpdump,juniper_pppoe_atm_print,1
[*] target function: juniper_pppoe_atm_print not found
[*] ------------------------------------------
[*] Detecting CVE: CVE-2017-12994
[*] Detection for /binaries/PatchEvolution/tcpdump/CVE-2017-12994-577621026df8-tcpdump,bgp_attr_print,1
[*] Detection Result:P Patch
[*] Detection for /binaries/PatchEvolution/tcpdump/CVE-2017-12994-c376b499aed0-tcpdump,bgp_attr_print,1
[*] Detection Result:P Patch
[*] Detection for /binaries/PatchEvolution/tcpdump/CVE-2017-12994-abc8c2d61c65-tcpdump,bgp_attr_print,1
[*] Detection Result:P Patch
[*] Detection for /binaries/PatchEvolution/tcpdump/CVE-2017-12994-e2982e7f6f0b-tcpdump,bgp_attr_print,1
[*] Detection Result:P Patch
[*] ------------------------------------------
[*] Detecting CVE: CVE-2017-12995
[*] Detection for /binaries/PatchEvolution/tcpdump/CVE-2017-12995-e2877011a1fc-tcpdump,ns_nprint,1
[*] target function: ns_nprint not found
[*] Detection for /binaries/PatchEvolution/tcpdump/CVE-2017-12995-3e3e6d2ef4c1-tcpdump,ns_nprint,1
[*] Detection Result:P Patch
[*] Detection for /binaries/PatchEvolution/tcpdump/CVE-2017-12995-6bb25b4b4c84-tcpdump,ns_nprint,1
[*] target function: ns_nprint not found
[*] Detection for /binaries/PatchEvolution/tcpdump/CVE-2017-12995-f853e73acf39-tcpdump,ns_nprint,1
[*] target function: ns_nprint not found
[*] ------------------------------------------
[*] Detecting CVE: CVE-2017-12996
[*] Detection for /binaries/PatchEvolution/tcpdump/CVE-2017-12996-034c2fc03a6b-tcpdump,pimv2_print,1
[*] Detection Result:V Vulnerability
[*] Detection for /binaries/PatchEvolution/tcpdump/CVE-2017-12996-577621026df8-tcpdump,pimv2_print,1
[*] Detection Result:V Vulnerability
[*] Detection for /binaries/PatchEvolution/tcpdump/CVE-2017-12996-f68c3e3ec011-tcpdump,pimv2_print,1
[*] Detection Result:V Vulnerability
[*] Detection for /binaries/PatchEvolution/tcpdump/CVE-2017-12996-e2982e7f6f0b-tcpdump,pimv2_print,1
[*] Detection Result:V Vulnerability
[*] ------------------------------------------
[*] Detecting CVE: CVE-2017-12997
[*] Detection for /binaries/PatchEvolution/tcpdump/CVE-2017-12997-dc36fbcfb329-tcpdump,lldp_private_8021_print,1
[*] Detection Result:P Patch
[*] Detection for /binaries/PatchEvolution/tcpdump/CVE-2017-12997-e2982e7f6f0b-tcpdump,lldp_private_8021_print,1
[*] Detection Result:P Patch
[*] Detection for /binaries/PatchEvolution/tcpdump/CVE-2017-12997-da20bc56d610-tcpdump,lldp_private_8021_print,1
[*] Detection Result:P Patch_True
[*] Detection for /binaries/PatchEvolution/tcpdump/CVE-2017-12997-577621026df8-tcpdump,lldp_private_8021_print,1
[*] Detection Result:P Patch
[*] ------------------------------------------
[*] Detecting CVE: CVE-2017-12998
[*] Detection for /binaries/PatchEvolution/tcpdump/CVE-2017-12998-3db38df8ed9d-tcpdump,isis_print_extd_ip_reach,1
[*] Detection Result:P Patch
[*] Detection for /binaries/PatchEvolution/tcpdump/CVE-2017-12998-abc8c2d61c65-tcpdump,isis_print_extd_ip_reach,1
[*] Detection Result:P Patch
[*] Detection for /binaries/PatchEvolution/tcpdump/CVE-2017-12998-1ed63b5d0630-tcpdump,isis_print_extd_ip_reach,1
[*] Detection Result:P Patch
[*] Detection for /binaries/PatchEvolution/tcpdump/CVE-2017-12998-e2982e7f6f0b-tcpdump,isis_print_extd_ip_reach,1
[*] Detection Result:P Patch
[*] ------------------------------------------
[*] Detecting CVE: CVE-2017-12999
[*] Detection for /binaries/PatchEvolution/tcpdump/CVE-2017-12999-77a49fcb6ee8-tcpdump,isis_print,1
[*] Detection Result:P Patch
[*] Detection for /binaries/PatchEvolution/tcpdump/CVE-2017-12999-b09710dfcdd5-tcpdump,isis_print,1
[*] Detection Result:P Patch
[*] Detection for /binaries/PatchEvolution/tcpdump/CVE-2017-12999-3e3e6d2ef4c1-tcpdump,isis_print,1
[*] Detection Result:P Patch
[*] Detection for /binaries/PatchEvolution/tcpdump/CVE-2017-12999-6e15ad4b9938-tcpdump,isis_print,1
[*] Detection Result:V Vulnerability
[*] ------------------------------------------
[*] Detecting CVE: CVE-2017-13000
[*] Detection for /binaries/PatchEvolution/tcpdump/CVE-2017-13000-851273488322-tcpdump,ieee802_15_4_if_print,1
[*] Detection Result:P Patch_True
[*] Detection for /binaries/PatchEvolution/tcpdump/CVE-2017-13000-e2982e7f6f0b-tcpdump,ieee802_15_4_if_print,1
[*] Detection Result:P Patch_True
[*] Detection for /binaries/PatchEvolution/tcpdump/CVE-2017-13000-10dd76aef1d2-tcpdump,ieee802_15_4_if_print,1
[*] Detection Result:V Vulnerability
[*] ------------------------------------------
[*] Detecting CVE: CVE-2017-13002
[*] Detection for /binaries/PatchEvolution/tcpdump/CVE-2017-13002-d526e47658b6-tcpdump,aodv_extension,1
[*] Detection Result:P Patch_True
[*] Detection for /binaries/PatchEvolution/tcpdump/CVE-2017-13002-e2982e7f6f0b-tcpdump,aodv_extension,1
[*] Detection Result:P Patch_True
[*] Detection for /binaries/PatchEvolution/tcpdump/CVE-2017-13002-8186bd1a7693-tcpdump,aodv_extension,1
[*] Detection Result:P Patch_True
[*] Detection for /binaries/PatchEvolution/tcpdump/CVE-2017-13002-ef5323efe6c0-tcpdump,aodv_extension,1
[*] Detection Result:V Vulnerability
[*] ------------------------------------------
[*] Detecting CVE: CVE-2017-13003
[*] Detection for /binaries/PatchEvolution/tcpdump/CVE-2017-13003-46efa1bc471e-tcpdump,lmp_print,1
[*] Detection Result:P Patch
[*] Detection for /binaries/PatchEvolution/tcpdump/CVE-2017-13003-e2982e7f6f0b-tcpdump,lmp_print,1
[*] Detection Result:P Patch
[*] Detection for /binaries/PatchEvolution/tcpdump/CVE-2017-13003-577621026df8-tcpdump,lmp_print,1
[*] Detection Result:P Patch
[*] Detection for /binaries/PatchEvolution/tcpdump/CVE-2017-13003-84ef17ac0eec-tcpdump,lmp_print,1
[*] Detection Result:P Patch
[*] ------------------------------------------
[*] Detecting CVE: CVE-2017-13004
[*] Detection for /binaries/PatchEvolution/tcpdump/CVE-2017-13004-480af1cdceda-tcpdump,juniper_parse_header,1
[*] Detection Result:V Vulnerability
[*] Detection for /binaries/PatchEvolution/tcpdump/CVE-2017-13004-57be4eb7ed49-tcpdump,juniper_parse_header,1
[*] Detection Result:V Vulnerability
[*] Detection for /binaries/PatchEvolution/tcpdump/CVE-2017-13004-3712d818767d-tcpdump,juniper_parse_header,1
[*] Detection Result:V Vulnerability
[*] Detection for /binaries/PatchEvolution/tcpdump/CVE-2017-13004-e2982e7f6f0b-tcpdump,juniper_parse_header,1
[*] Detection Result:V Vulnerability
[*] ------------------------------------------
[*] Detecting CVE: CVE-2017-13005
[*] Detection for /binaries/PatchEvolution/tcpdump/CVE-2017-13005-224629731a82-tcpdump,xid_map_enter,1
[*] Detection Result:V Vulnerability
[*] Detection for /binaries/PatchEvolution/tcpdump/CVE-2017-13005-da20bc56d610-tcpdump,xid_map_enter,1
[*] Detection Result:V Vulnerability
[*] Detection for /binaries/PatchEvolution/tcpdump/CVE-2017-13005-0ee15606e2bd-tcpdump,xid_map_enter,1
[*] Detection Result:V Vulnerability
[*] Detection for /binaries/PatchEvolution/tcpdump/CVE-2017-13005-577621026df8-tcpdump,xid_map_enter,1
[*] Detection Result:V Vulnerability
[*] ------------------------------------------
[*] Detecting CVE: CVE-2017-13006
[*] Detection for /binaries/PatchEvolution/tcpdump/CVE-2017-13006-cfa9ab5f80dd-tcpdump,l2tp_result_code_print,1
[*] Detection Result:P Patch
[*] Detection for /binaries/PatchEvolution/tcpdump/CVE-2017-13006-cfa9ab5f80dd-tcpdump,print_32bits_val,1
[*] Detection Result:V Vulnerability_True
[*] Detection for /binaries/PatchEvolution/tcpdump/CVE-2017-13006-cfa9ab5f80dd-tcpdump,l2tp_framing_cap_print,1
[*] Detection Result:P Patch
[*] Detection for /binaries/PatchEvolution/tcpdump/CVE-2017-13006-cfa9ab5f80dd-tcpdump,l2tp_packet_proc_delay_print,1
[*] Detection Result:V Vulnerability_True
[*] Detection for /binaries/PatchEvolution/tcpdump/CVE-2017-13006-cfa9ab5f80dd-tcpdump,l2tp_ppp_discon_cc_print,1
[*] Detection Result:P Patch
[*] Detection for /binaries/PatchEvolution/tcpdump/CVE-2017-13006-cfa9ab5f80dd-tcpdump,l2tp_avp_print,1
[*] Detection Result:V Vulnerability
[*] Detection for /binaries/PatchEvolution/tcpdump/CVE-2017-13006-cfa9ab5f80dd-tcpdump,l2tp_bearer_type_print,1
[*] Detection Result:P Patch
[*] Detection for /binaries/PatchEvolution/tcpdump/CVE-2017-13006-cfa9ab5f80dd-tcpdump,l2tp_bearer_cap_print,1
[*] Detection Result:P Patch
[*] Detection for /binaries/PatchEvolution/tcpdump/CVE-2017-13006-e2982e7f6f0b-tcpdump,l2tp_result_code_print,1
[*] Detection Result:P Patch_True
[*] Detection for /binaries/PatchEvolution/tcpdump/CVE-2017-13006-e2982e7f6f0b-tcpdump,print_32bits_val,1
[*] Detection Result:V Vulnerability_True
[*] Detection for /binaries/PatchEvolution/tcpdump/CVE-2017-13006-e2982e7f6f0b-tcpdump,l2tp_framing_cap_print,1
[*] Detection Result:P Patch_True
[*] Detection for /binaries/PatchEvolution/tcpdump/CVE-2017-13006-e2982e7f6f0b-tcpdump,l2tp_packet_proc_delay_print,1
[*] Detection Result:V Vulnerability_True
[*] Detection for /binaries/PatchEvolution/tcpdump/CVE-2017-13006-e2982e7f6f0b-tcpdump,l2tp_ppp_discon_cc_print,1
[*] Detection Result:P Patch_True
[*] Detection for /binaries/PatchEvolution/tcpdump/CVE-2017-13006-e2982e7f6f0b-tcpdump,l2tp_avp_print,1
[*] Detection Result:P Patch_True
[*] Detection for /binaries/PatchEvolution/tcpdump/CVE-2017-13006-e2982e7f6f0b-tcpdump,l2tp_bearer_type_print,1
[*] Detection Result:P Patch_True
[*] Detection for /binaries/PatchEvolution/tcpdump/CVE-2017-13006-e2982e7f6f0b-tcpdump,l2tp_bearer_cap_print,1
[*] Detection Result:P Patch_True
[*] Detection for /binaries/PatchEvolution/tcpdump/CVE-2017-13006-577621026df8-tcpdump,l2tp_result_code_print,1
[*] Detection Result:P Patch_True
[*] Detection for /binaries/PatchEvolution/tcpdump/CVE-2017-13006-577621026df8-tcpdump,print_32bits_val,1
[*] Detection Result:V Vulnerability_True
[*] Detection for /binaries/PatchEvolution/tcpdump/CVE-2017-13006-577621026df8-tcpdump,l2tp_framing_cap_print,1
[*] Detection Result:P Patch_True
[*] Detection for /binaries/PatchEvolution/tcpdump/CVE-2017-13006-577621026df8-tcpdump,l2tp_packet_proc_delay_print,1
[*] Detection Result:V Vulnerability_True
[*] Detection for /binaries/PatchEvolution/tcpdump/CVE-2017-13006-577621026df8-tcpdump,l2tp_ppp_discon_cc_print,1
[*] Detection Result:P Patch_True
[*] Detection for /binaries/PatchEvolution/tcpdump/CVE-2017-13006-577621026df8-tcpdump,l2tp_avp_print,1
[*] Detection Result:P Patch_True
[*] Detection for /binaries/PatchEvolution/tcpdump/CVE-2017-13006-577621026df8-tcpdump,l2tp_bearer_type_print,1
[*] Detection Result:P Patch_True
[*] Detection for /binaries/PatchEvolution/tcpdump/CVE-2017-13006-577621026df8-tcpdump,l2tp_bearer_cap_print,1
[*] Detection Result:P Patch_True
[*] Detection for /binaries/PatchEvolution/tcpdump/CVE-2017-13006-ee68aa36460d-tcpdump,l2tp_result_code_print,1
[*] Detection Result:P Patch
[*] Detection for /binaries/PatchEvolution/tcpdump/CVE-2017-13006-ee68aa36460d-tcpdump,print_32bits_val,1
[*] Detection Result:V Vulnerability_True
[*] Detection for /binaries/PatchEvolution/tcpdump/CVE-2017-13006-ee68aa36460d-tcpdump,l2tp_framing_cap_print,1
[*] Detection Result:P Patch
[*] Detection for /binaries/PatchEvolution/tcpdump/CVE-2017-13006-ee68aa36460d-tcpdump,l2tp_packet_proc_delay_print,1
[*] Detection Result:V Vulnerability_True
[*] Detection for /binaries/PatchEvolution/tcpdump/CVE-2017-13006-ee68aa36460d-tcpdump,l2tp_ppp_discon_cc_print,1
[*] Detection Result:P Patch
[*] Detection for /binaries/PatchEvolution/tcpdump/CVE-2017-13006-ee68aa36460d-tcpdump,l2tp_avp_print,1
[*] Detection Result:V Vulnerability
[*] Detection for /binaries/PatchEvolution/tcpdump/CVE-2017-13006-ee68aa36460d-tcpdump,l2tp_bearer_type_print,1
[*] Detection Result:P Patch
[*] Detection for /binaries/PatchEvolution/tcpdump/CVE-2017-13006-ee68aa36460d-tcpdump,l2tp_bearer_cap_print,1
[*] Detection Result:P Patch
[*] ------------------------------------------
[*] Detecting CVE: CVE-2017-13009
[*] Detection for /binaries/PatchEvolution/tcpdump/CVE-2017-13009-e2982e7f6f0b-tcpdump,mobility_print,1
[*] Detection Result:P Patch
[*] Detection for /binaries/PatchEvolution/tcpdump/CVE-2017-13009-306c2a0384af-tcpdump,mobility_print,1
[*] Detection Result:P Patch
[*] Detection for /binaries/PatchEvolution/tcpdump/CVE-2017-13009-39c8c55aa9ff-tcpdump,mobility_print,1
[*] Detection Result:P Patch
[*] Detection for /binaries/PatchEvolution/tcpdump/CVE-2017-13009-f68c3e3ec011-tcpdump,mobility_print,1
[*] Detection Result:P Patch
[*] ------------------------------------------
[*] Detecting CVE: CVE-2017-13011
[*] Detection for /binaries/PatchEvolution/tcpdump/CVE-2017-13011-857656d29151-tcpdump,bittok2str_internal,1
[*] Detection Result:P Patch
[*] Detection for /binaries/PatchEvolution/tcpdump/CVE-2017-13011-63610e417b2d-tcpdump,bittok2str_internal,1
[*] Detection Result:P Patch
[*] ------------------------------------------
[*] Detecting CVE: CVE-2017-13012
[*] Detection for /binaries/PatchEvolution/tcpdump/CVE-2017-13012-e2982e7f6f0b-tcpdump,icmp_print,1
[*] Detection Result:P Patch
[*] Detection for /binaries/PatchEvolution/tcpdump/CVE-2017-13012-1ed63b5d0630-tcpdump,icmp_print,1
[*] Detection Result:P Patch
[*] Detection for /binaries/PatchEvolution/tcpdump/CVE-2017-13012-7a5c4fb61005-tcpdump,icmp_print,1
[*] Detection Result:P Patch
[*] Detection for /binaries/PatchEvolution/tcpdump/CVE-2017-13012-6d3b0e4599c5-tcpdump,icmp_print,1
[*] Detection Result:P Patch
[*] ------------------------------------------
[*] Detecting CVE: CVE-2017-13013
[*] Detection for /binaries/PatchEvolution/tcpdump/CVE-2017-13013-e2982e7f6f0b-tcpdump,atmarp_print,1
[*] Detection Result:V Vulnerability_True
[*] Detection for /binaries/PatchEvolution/tcpdump/CVE-2017-13013-e2982e7f6f0b-tcpdump,isnonzero,1
[*] Detection Result:V Vulnerability_True
[*] Detection for /binaries/PatchEvolution/tcpdump/CVE-2017-13013-e2982e7f6f0b-tcpdump,arp_print,1
[*] Detection Result:V Vulnerability_True
[*] Detection for /binaries/PatchEvolution/tcpdump/CVE-2017-13013-e2982e7f6f0b-tcpdump,atmarp_addr_print,1
[*] Detection Result:V Vulnerability_True
[*] Detection for /binaries/PatchEvolution/tcpdump/CVE-2017-13013-306c2a0384af-tcpdump,atmarp_print,1
[*] Detection Result:V Vulnerability
[*] Detection for /binaries/PatchEvolution/tcpdump/CVE-2017-13013-306c2a0384af-tcpdump,isnonzero,1
[*] Detection Result:V Vulnerability
[*] Detection for /binaries/PatchEvolution/tcpdump/CVE-2017-13013-306c2a0384af-tcpdump,arp_print,1
[*] Detection Result:V Vulnerability
[*] Detection for /binaries/PatchEvolution/tcpdump/CVE-2017-13013-306c2a0384af-tcpdump,atmarp_addr_print,1
[*] Detection Result:V Vulnerability_True
[*] Detection for /binaries/PatchEvolution/tcpdump/CVE-2017-13013-84ef17ac0eec-tcpdump,atmarp_print,1
[*] Detection Result:V Vulnerability_True
[*] Detection for /binaries/PatchEvolution/tcpdump/CVE-2017-13013-84ef17ac0eec-tcpdump,isnonzero,1
[*] Detection Result:V Vulnerability_True
[*] Detection for /binaries/PatchEvolution/tcpdump/CVE-2017-13013-84ef17ac0eec-tcpdump,arp_print,1
[*] Detection Result:V Vulnerability_True
[*] Detection for /binaries/PatchEvolution/tcpdump/CVE-2017-13013-84ef17ac0eec-tcpdump,atmarp_addr_print,1
[*] Detection Result:V Vulnerability_True
[*] Detection for /binaries/PatchEvolution/tcpdump/CVE-2017-13013-1af20c3adc4d-tcpdump,atmarp_print,1
[*] Detection Result:V Vulnerability
[*] Detection for /binaries/PatchEvolution/tcpdump/CVE-2017-13013-1af20c3adc4d-tcpdump,isnonzero,1
[*] Detection Result:V Vulnerability
[*] Detection for /binaries/PatchEvolution/tcpdump/CVE-2017-13013-1af20c3adc4d-tcpdump,arp_print,1
[*] Detection Result:V Vulnerability
[*] Detection for /binaries/PatchEvolution/tcpdump/CVE-2017-13013-1af20c3adc4d-tcpdump,atmarp_addr_print,1
[*] Detection Result:V Vulnerability_True
[*] ------------------------------------------
[*] Detecting CVE: CVE-2017-13014
[*] Detection for /binaries/PatchEvolution/tcpdump/CVE-2017-13014-d526e47658b6-tcpdump,wb_prep,1
[*] Detection Result:P Patch
[*] Detection for /binaries/PatchEvolution/tcpdump/CVE-2017-13014-d526e47658b6-tcpdump,wb_print,1
[*] Detection Result:P Patch
[*] Detection for /binaries/PatchEvolution/tcpdump/CVE-2017-13014-306c2a0384af-tcpdump,wb_prep,1
[*] Detection Result:P Patch
[*] Detection for /binaries/PatchEvolution/tcpdump/CVE-2017-13014-306c2a0384af-tcpdump,wb_print,1
[*] Detection Result:P Patch
[*] Detection for /binaries/PatchEvolution/tcpdump/CVE-2017-13014-e2982e7f6f0b-tcpdump,wb_prep,1
[*] Detection Result:P Patch
[*] Detection for /binaries/PatchEvolution/tcpdump/CVE-2017-13014-e2982e7f6f0b-tcpdump,wb_print,1
[*] Detection Result:P Patch
[*] Detection for /binaries/PatchEvolution/tcpdump/CVE-2017-13014-0dad1934af3d-tcpdump,wb_prep,1
[*] Detection Result:P Patch
[*] Detection for /binaries/PatchEvolution/tcpdump/CVE-2017-13014-0dad1934af3d-tcpdump,wb_print,1
[*] Detection Result:P Patch
[*] ------------------------------------------
[*] Detecting CVE: CVE-2017-13015
[*] Detection for /binaries/PatchEvolution/tcpdump/CVE-2017-13015-e10fe19f4578-tcpdump,eap_print,1
[*] Detection Result:V Vulnerability
[*] Detection for /binaries/PatchEvolution/tcpdump/CVE-2017-13015-5cea2703185c-tcpdump,eap_print,1
[*] Detection Result:V Vulnerability
[*] Detection for /binaries/PatchEvolution/tcpdump/CVE-2017-13015-e2982e7f6f0b-tcpdump,eap_print,1
[*] Detection Result:V Vulnerability
[*] Detection for /binaries/PatchEvolution/tcpdump/CVE-2017-13015-61d5da84a02a-tcpdump,eap_print,1
[*] Detection Result:V Vulnerability
[*] ------------------------------------------
[*] Detecting CVE: CVE-2017-13016
[*] Detection for /binaries/PatchEvolution/tcpdump/CVE-2017-13016-1dbc62cb8386-tcpdump,esis_print,1
[*] Detection Result:P Patch
[*] Detection for /binaries/PatchEvolution/tcpdump/CVE-2017-13016-306c2a0384af-tcpdump,esis_print,1
[*] Detection Result:P Patch
[*] Detection for /binaries/PatchEvolution/tcpdump/CVE-2017-13016-228f225ca02d-tcpdump,esis_print,1
[*] Detection Result:P Patch
[*] Detection for /binaries/PatchEvolution/tcpdump/CVE-2017-13016-e2982e7f6f0b-tcpdump,esis_print,1
[*] Detection Result:P Patch
[*] ------------------------------------------
[*] Detecting CVE: CVE-2017-13017
[*] Detection for /binaries/PatchEvolution/tcpdump/CVE-2017-13017-ee68aa36460d-tcpdump,dhcp6opt_print,1
[*] Detection Result:P Patch
[*] Detection for /binaries/PatchEvolution/tcpdump/CVE-2017-13017-40ae3ad744d9-tcpdump,dhcp6opt_print,1
[*] Detection Result:P Patch
[*] Detection for /binaries/PatchEvolution/tcpdump/CVE-2017-13017-f6a0369dfc99-tcpdump,dhcp6opt_print,1
[*] Detection Result:P Patch
[*] Detection for /binaries/PatchEvolution/tcpdump/CVE-2017-13017-3e3e6d2ef4c1-tcpdump,dhcp6opt_print,1
[*] Detection Result:P Patch
[*] ------------------------------------------
[*] Detecting CVE: CVE-2017-13018
[*] Detection for /binaries/PatchEvolution/tcpdump/CVE-2017-13018-51e180c4fb05-tcpdump,pgm_print,1
[*] Detection Result:V Vulnerability
[*] Detection for /binaries/PatchEvolution/tcpdump/CVE-2017-13018-a95802aa0d87-tcpdump,pgm_print,1
[*] Detection Result:V Vulnerability
[*] Detection for /binaries/PatchEvolution/tcpdump/CVE-2017-13018-57caa8d3383f-tcpdump,pgm_print,1
[*] Detection Result:V Vulnerability
[*] Detection for /binaries/PatchEvolution/tcpdump/CVE-2017-13018-e2982e7f6f0b-tcpdump,pgm_print,1
[*] Detection Result:V Vulnerability
[*] ------------------------------------------
[*] Detecting CVE: CVE-2017-13019
[*] Detection for /binaries/PatchEvolution/tcpdump/CVE-2017-13019-51e180c4fb05-tcpdump,pgm_print,1
[*] Detection Result:P Patch
[*] Detection for /binaries/PatchEvolution/tcpdump/CVE-2017-13019-57caa8d3383f-tcpdump,pgm_print,1
[*] Detection Result:P Patch
[*] Detection for /binaries/PatchEvolution/tcpdump/CVE-2017-13019-e2982e7f6f0b-tcpdump,pgm_print,1
[*] Detection Result:P Patch
[*] Detection for /binaries/PatchEvolution/tcpdump/CVE-2017-13019-a95802aa0d87-tcpdump,pgm_print,1
[*] Detection Result:P Patch
[*] ------------------------------------------
[*] Detecting CVE: CVE-2017-13020
[*] Detection for /binaries/PatchEvolution/tcpdump/CVE-2017-13020-57ff158eb0b5-tcpdump,vtp_print,1
[*] Detection Result:V Vulnerability
[*] Detection for /binaries/PatchEvolution/tcpdump/CVE-2017-13020-3e3e6d2ef4c1-tcpdump,vtp_print,1
[*] Detection Result:P Patch
[*] Detection for /binaries/PatchEvolution/tcpdump/CVE-2017-13020-abc8c2d61c65-tcpdump,vtp_print,1
[*] Detection Result:V Vulnerability
[*] Detection for /binaries/PatchEvolution/tcpdump/CVE-2017-13020-40ae3ad744d9-tcpdump,vtp_print,1
[*] Detection Result:P Patch
[*] ------------------------------------------
[*] Detecting CVE: CVE-2017-13021
[*] Detection for /binaries/PatchEvolution/tcpdump/CVE-2017-13021-01c04c916b3d-tcpdump,icmp6_print,1
[*] Detection Result:P Patch
[*] Detection for /binaries/PatchEvolution/tcpdump/CVE-2017-13021-6e15ad4b9938-tcpdump,icmp6_print,1
[*] Detection Result:P Patch
[*] Detection for /binaries/PatchEvolution/tcpdump/CVE-2017-13021-e2982e7f6f0b-tcpdump,icmp6_print,1
[*] Detection Result:P Patch
[*] Detection for /binaries/PatchEvolution/tcpdump/CVE-2017-13021-98440166f7d7-tcpdump,icmp6_print,1
[*] Detection Result:P Patch
[*] ------------------------------------------
[*] Detecting CVE: CVE-2017-13022
[*] Detection for /binaries/PatchEvolution/tcpdump/CVE-2017-13022-39c8c55aa9ff-tcpdump,ip_optprint,1
[*] Detection Result:V Vulnerability
[*] Detection for /binaries/PatchEvolution/tcpdump/CVE-2017-13022-39c8c55aa9ff-tcpdump,ip_printroute,1
[*] Detection Result:P Patch_True
[*] Detection for /binaries/PatchEvolution/tcpdump/CVE-2017-13022-e2982e7f6f0b-tcpdump,ip_optprint,1
[*] Detection Result:P Patch
[*] Detection for /binaries/PatchEvolution/tcpdump/CVE-2017-13022-e2982e7f6f0b-tcpdump,ip_printroute,1
[*] Detection Result:P Patch
[*] Detection for /binaries/PatchEvolution/tcpdump/CVE-2017-13022-00b189d27cd2-tcpdump,ip_optprint,1
[*] Detection Result:V Vulnerability
[*] Detection for /binaries/PatchEvolution/tcpdump/CVE-2017-13022-00b189d27cd2-tcpdump,ip_printroute,1
[*] Detection Result:P Patch_True
[*] Detection for /binaries/PatchEvolution/tcpdump/CVE-2017-13022-c98ea428912f-tcpdump,ip_optprint,1
[*] Detection Result:P Patch
[*] Detection for /binaries/PatchEvolution/tcpdump/CVE-2017-13022-c98ea428912f-tcpdump,ip_printroute,1
[*] Detection Result:V Vulnerability
[*] ------------------------------------------
[*] Detecting CVE: CVE-2017-13023
[*] Detection for /binaries/PatchEvolution/tcpdump/CVE-2017-13023-abc8c2d61c65-tcpdump,mobility_opt_print,1
[*] Detection Result:P Patch
[*] Detection for /binaries/PatchEvolution/tcpdump/CVE-2017-13023-e2982e7f6f0b-tcpdump,mobility_opt_print,1
[*] Detection Result:P Patch
[*] Detection for /binaries/PatchEvolution/tcpdump/CVE-2017-13023-1a90fd99d279-tcpdump,mobility_opt_print,1
[*] Detection Result:P Patch
[*] Detection for /binaries/PatchEvolution/tcpdump/CVE-2017-13023-f68c3e3ec011-tcpdump,mobility_opt_print,1
[*] Detection Result:P Patch
[*] ------------------------------------------
[*] Detecting CVE: CVE-2017-13024
[*] Detection for /binaries/PatchEvolution/tcpdump/CVE-2017-13024-f68c3e3ec011-tcpdump,mobility_opt_print,1
[*] Detection Result:P Patch
[*] Detection for /binaries/PatchEvolution/tcpdump/CVE-2017-13024-abc8c2d61c65-tcpdump,mobility_opt_print,1
[*] Detection Result:P Patch
[*] Detection for /binaries/PatchEvolution/tcpdump/CVE-2017-13024-e2982e7f6f0b-tcpdump,mobility_opt_print,1
[*] Detection Result:P Patch
[*] Detection for /binaries/PatchEvolution/tcpdump/CVE-2017-13024-1a90fd99d279-tcpdump,mobility_opt_print,1
[*] Detection Result:P Patch
[*] ------------------------------------------
[*] Detecting CVE: CVE-2017-13025
[*] Detection for /binaries/PatchEvolution/tcpdump/CVE-2017-13025-abc8c2d61c65-tcpdump,mobility_opt_print,1
[*] Detection Result:P Patch
[*] Detection for /binaries/PatchEvolution/tcpdump/CVE-2017-13025-1a90fd99d279-tcpdump,mobility_opt_print,1
[*] Detection Result:P Patch
[*] Detection for /binaries/PatchEvolution/tcpdump/CVE-2017-13025-f68c3e3ec011-tcpdump,mobility_opt_print,1
[*] Detection Result:P Patch
[*] Detection for /binaries/PatchEvolution/tcpdump/CVE-2017-13025-e2982e7f6f0b-tcpdump,mobility_opt_print,1
[*] Detection Result:P Patch
[*] ------------------------------------------
[*] Detecting CVE: CVE-2017-13026
[*] Detection for /binaries/PatchEvolution/tcpdump/CVE-2017-13026-51e180c4fb05-tcpdump,isis_print_mt_capability_subtlv,1
[*] Detection Result:V Vulnerability
[*] Detection for /binaries/PatchEvolution/tcpdump/CVE-2017-13026-51e180c4fb05-tcpdump,isis_print_mt_port_cap_subtlv,1
[*] Detection Result:P Patch
[*] Detection for /binaries/PatchEvolution/tcpdump/CVE-2017-13026-0fa0692de376-tcpdump,isis_print_mt_capability_subtlv,1
[*] Detection Result:V Vulnerability
[*] Detection for /binaries/PatchEvolution/tcpdump/CVE-2017-13026-0fa0692de376-tcpdump,isis_print_mt_port_cap_subtlv,1
[*] Detection Result:P Patch
[*] Detection for /binaries/PatchEvolution/tcpdump/CVE-2017-13026-2f6c71013128-tcpdump,isis_print_mt_capability_subtlv,1
[*] Detection Result:P Patch
[*] Detection for /binaries/PatchEvolution/tcpdump/CVE-2017-13026-2f6c71013128-tcpdump,isis_print_mt_port_cap_subtlv,1
[*] Detection Result:P Patch
[*] Detection for /binaries/PatchEvolution/tcpdump/CVE-2017-13026-e2982e7f6f0b-tcpdump,isis_print_mt_capability_subtlv,1
[*] Detection Result:P Patch
[*] Detection for /binaries/PatchEvolution/tcpdump/CVE-2017-13026-e2982e7f6f0b-tcpdump,isis_print_mt_port_cap_subtlv,1
[*] Detection Result:P Patch
[*] ------------------------------------------
[*] Detecting CVE: CVE-2017-13028
[*] Detection for /binaries/PatchEvolution/tcpdump/CVE-2017-13028-2a1c7a3975cd-tcpdump,bootp_print,1
[*] Detection Result:P Patch
[*] Detection for /binaries/PatchEvolution/tcpdump/CVE-2017-13028-306c2a0384af-tcpdump,bootp_print,1
[*] Detection Result:P Patch
[*] Detection for /binaries/PatchEvolution/tcpdump/CVE-2017-13028-ea0d29f7436f-tcpdump,bootp_print,1
[*] Detection Result:P Patch
[*] Detection for /binaries/PatchEvolution/tcpdump/CVE-2017-13028-3e3e6d2ef4c1-tcpdump,bootp_print,1
[*] Detection Result:P Patch
[*] ------------------------------------------
[*] Detecting CVE: CVE-2017-13029
[*] Detection for /binaries/PatchEvolution/tcpdump/CVE-2017-13029-84ef17ac0eec-tcpdump,print_ipcp_config_options,1
[*] Detection Result:V Vulnerability
[*] Detection for /binaries/PatchEvolution/tcpdump/CVE-2017-13029-84ef17ac0eec-tcpdump,print_bacp_config_options,1
[*] Detection Result:V Vulnerability
[*] Detection for /binaries/PatchEvolution/tcpdump/CVE-2017-13029-84ef17ac0eec-tcpdump,print_ccp_config_options,1
[*] Detection Result:P Patch
[*] Detection for /binaries/PatchEvolution/tcpdump/CVE-2017-13029-84ef17ac0eec-tcpdump,print_lcp_config_options,1
[*] Detection Result:V Vulnerability
[*] Detection for /binaries/PatchEvolution/tcpdump/CVE-2017-13029-ee68aa36460d-tcpdump,print_ipcp_config_options,1
[*] Detection Result:V Vulnerability
[*] Detection for /binaries/PatchEvolution/tcpdump/CVE-2017-13029-ee68aa36460d-tcpdump,print_bacp_config_options,1
[*] Detection Result:V Vulnerability
[*] Detection for /binaries/PatchEvolution/tcpdump/CVE-2017-13029-ee68aa36460d-tcpdump,print_ccp_config_options,1
[*] Detection Result:P Patch
[*] Detection for /binaries/PatchEvolution/tcpdump/CVE-2017-13029-ee68aa36460d-tcpdump,print_lcp_config_options,1
[*] Detection Result:V Vulnerability
[*] Detection for /binaries/PatchEvolution/tcpdump/CVE-2017-13029-e2982e7f6f0b-tcpdump,print_ipcp_config_options,1
[*] Detection Result:V Vulnerability
[*] Detection for /binaries/PatchEvolution/tcpdump/CVE-2017-13029-e2982e7f6f0b-tcpdump,print_bacp_config_options,1
[*] Detection Result:V Vulnerability
[*] Detection for /binaries/PatchEvolution/tcpdump/CVE-2017-13029-e2982e7f6f0b-tcpdump,print_ccp_config_options,1
[*] Detection Result:P Patch
[*] Detection for /binaries/PatchEvolution/tcpdump/CVE-2017-13029-e2982e7f6f0b-tcpdump,print_lcp_config_options,1
[*] Detection Result:V Vulnerability
[*] Detection for /binaries/PatchEvolution/tcpdump/CVE-2017-13029-ff1c209392b2-tcpdump,print_ipcp_config_options,1
[*] Detection Result:V Vulnerability
[*] Detection for /binaries/PatchEvolution/tcpdump/CVE-2017-13029-ff1c209392b2-tcpdump,print_bacp_config_options,1
[*] Detection Result:V Vulnerability
[*] Detection for /binaries/PatchEvolution/tcpdump/CVE-2017-13029-ff1c209392b2-tcpdump,print_ccp_config_options,1
[*] Detection Result:P Patch
[*] Detection for /binaries/PatchEvolution/tcpdump/CVE-2017-13029-ff1c209392b2-tcpdump,print_lcp_config_options,1
[*] Detection Result:V Vulnerability
[*] ------------------------------------------
[*] Detecting CVE: CVE-2017-13030
[*] Detection for /binaries/PatchEvolution/tcpdump/CVE-2017-13030-315fe447eadb-tcpdump,pimv2_addr_print,1
[*] Detection Result:P Patch
[*] Detection for /binaries/PatchEvolution/tcpdump/CVE-2017-13030-315fe447eadb-tcpdump,pim_print,1
[*] Detection Result:P Patch
[*] Detection for /binaries/PatchEvolution/tcpdump/CVE-2017-13030-315fe447eadb-tcpdump,pimv1_print,1
[*] Detection Result:V Vulnerability
[*] Detection for /binaries/PatchEvolution/tcpdump/CVE-2017-13030-315fe447eadb-tcpdump,pimv1_join_prune_print,1
[*] Detection Result:V Vulnerability
[*] Detection for /binaries/PatchEvolution/tcpdump/CVE-2017-13030-315fe447eadb-tcpdump,pimv2_print,1
[*] Detection Result:P Patch
[*] Detection for /binaries/PatchEvolution/tcpdump/CVE-2017-13030-315fe447eadb-tcpdump,cisco_autorp_print,1
[*] Detection Result:V Vulnerability
[*] Detection for /binaries/PatchEvolution/tcpdump/CVE-2017-13030-e2982e7f6f0b-tcpdump,pimv2_addr_print,1
[*] Detection Result:P Patch_True
[*] Detection for /binaries/PatchEvolution/tcpdump/CVE-2017-13030-e2982e7f6f0b-tcpdump,pim_print,1
[*] Detection Result:P Patch
[*] Detection for /binaries/PatchEvolution/tcpdump/CVE-2017-13030-e2982e7f6f0b-tcpdump,pimv1_print,1
[*] Detection Result:V Vulnerability
[*] Detection for /binaries/PatchEvolution/tcpdump/CVE-2017-13030-e2982e7f6f0b-tcpdump,pimv1_join_prune_print,1
[*] Detection Result:V Vulnerability
[*] Detection for /binaries/PatchEvolution/tcpdump/CVE-2017-13030-e2982e7f6f0b-tcpdump,pimv2_print,1
[*] Detection Result:P Patch
[*] Detection for /binaries/PatchEvolution/tcpdump/CVE-2017-13030-e2982e7f6f0b-tcpdump,cisco_autorp_print,1
[*] Detection Result:V Vulnerability
[*] Detection for /binaries/PatchEvolution/tcpdump/CVE-2017-13030-577621026df8-tcpdump,pimv2_addr_print,1
[*] Detection Result:P Patch_True
[*] Detection for /binaries/PatchEvolution/tcpdump/CVE-2017-13030-577621026df8-tcpdump,pim_print,1
[*] Detection Result:P Patch_True
[*] Detection for /binaries/PatchEvolution/tcpdump/CVE-2017-13030-577621026df8-tcpdump,pimv1_print,1
[*] Detection Result:P Patch_True
[*] Detection for /binaries/PatchEvolution/tcpdump/CVE-2017-13030-577621026df8-tcpdump,pimv1_join_prune_print,1
[*] Detection Result:P Patch
[*] Detection for /binaries/PatchEvolution/tcpdump/CVE-2017-13030-577621026df8-tcpdump,pimv2_print,1
[*] Detection Result:P Patch
[*] Detection for /binaries/PatchEvolution/tcpdump/CVE-2017-13030-577621026df8-tcpdump,cisco_autorp_print,1
[*] Detection Result:P Patch_True
[*] Detection for /binaries/PatchEvolution/tcpdump/CVE-2017-13030-8c8d5ecba440-tcpdump,pimv2_addr_print,1
[*] Detection Result:P Patch
[*] Detection for /binaries/PatchEvolution/tcpdump/CVE-2017-13030-8c8d5ecba440-tcpdump,pim_print,1
[*] Detection Result:P Patch
[*] Detection for /binaries/PatchEvolution/tcpdump/CVE-2017-13030-8c8d5ecba440-tcpdump,pimv1_print,1
[*] Detection Result:V Vulnerability
[*] Detection for /binaries/PatchEvolution/tcpdump/CVE-2017-13030-8c8d5ecba440-tcpdump,pimv1_join_prune_print,1
[*] Detection Result:V Vulnerability
[*] Detection for /binaries/PatchEvolution/tcpdump/CVE-2017-13030-8c8d5ecba440-tcpdump,pimv2_print,1
[*] Detection Result:P Patch
[*] Detection for /binaries/PatchEvolution/tcpdump/CVE-2017-13030-8c8d5ecba440-tcpdump,cisco_autorp_print,1
[*] Detection Result:V Vulnerability
[*] ------------------------------------------
[*] Detecting CVE: CVE-2017-13031
[*] Detection for /binaries/PatchEvolution/tcpdump/CVE-2017-13031-d7a661b5d3e7-tcpdump,frag6_print,1
[*] Detection Result:V Vulnerability
[*] Detection for /binaries/PatchEvolution/tcpdump/CVE-2017-13031-e2982e7f6f0b-tcpdump,frag6_print,1
[*] Detection Result:P Patch
[*] Detection for /binaries/PatchEvolution/tcpdump/CVE-2017-13031-2e943ce0c947-tcpdump,frag6_print,1
[*] Detection Result:V Vulnerability
[*] Detection for /binaries/PatchEvolution/tcpdump/CVE-2017-13031-d526e47658b6-tcpdump,frag6_print,1
[*] Detection Result:P Patch
[*] ------------------------------------------
[*] Detecting CVE: CVE-2017-13032
[*] Detection for /binaries/PatchEvolution/tcpdump/CVE-2017-13032-ba8936b39b0c-tcpdump,print_attr_string,1
[*] Detection Result:P Patch
[*] Detection for /binaries/PatchEvolution/tcpdump/CVE-2017-13032-e2982e7f6f0b-tcpdump,print_attr_string,1
[*] Detection Result:P Patch
[*] Detection for /binaries/PatchEvolution/tcpdump/CVE-2017-13032-5cea2703185c-tcpdump,print_attr_string,1
[*] Detection Result:P Patch
[*] Detection for /binaries/PatchEvolution/tcpdump/CVE-2017-13032-03a2d9c4c1e3-tcpdump,print_attr_string,1
[*] Detection Result:P Patch_True
[*] ------------------------------------------
[*] Detecting CVE: CVE-2017-13033
[*] Detection for /binaries/PatchEvolution/tcpdump/CVE-2017-13033-3e3e6d2ef4c1-tcpdump,vtp_print,1
[*] Detection Result:V Vulnerability
[*] Detection for /binaries/PatchEvolution/tcpdump/CVE-2017-13033-577621026df8-tcpdump,vtp_print,1
[*] Detection Result:P Patch
[*] Detection for /binaries/PatchEvolution/tcpdump/CVE-2017-13033-3c8f3e13b033-tcpdump,vtp_print,1
[*] Detection Result:P Patch
[*] Detection for /binaries/PatchEvolution/tcpdump/CVE-2017-13033-40ae3ad744d9-tcpdump,vtp_print,1
[*] Detection Result:V Vulnerability
[*] ------------------------------------------
[*] Detecting CVE: CVE-2017-13034
[*] Detection for /binaries/PatchEvolution/tcpdump/CVE-2017-13034-e2982e7f6f0b-tcpdump,pgm_print,1
[*] Detection Result:P Patch
[*] Detection for /binaries/PatchEvolution/tcpdump/CVE-2017-13034-bff53faf16b8-tcpdump,pgm_print,1
[*] Detection Result:P Patch
[*] Detection for /binaries/PatchEvolution/tcpdump/CVE-2017-13034-a95802aa0d87-tcpdump,pgm_print,1
[*] Detection Result:P Patch
[*] Detection for /binaries/PatchEvolution/tcpdump/CVE-2017-13034-abc8c2d61c65-tcpdump,pgm_print,1
[*] Detection Result:P Patch
[*] ------------------------------------------
[*] Detecting CVE: CVE-2017-13035
[*] Detection for /binaries/PatchEvolution/tcpdump/CVE-2017-13035-1af20c3adc4d-tcpdump,isis_print_id,1
[*] Detection Result:P Patch
[*] Detection for /binaries/PatchEvolution/tcpdump/CVE-2017-13035-1ed63b5d0630-tcpdump,isis_print_id,1
[*] Detection Result:P Patch
[*] Detection for /binaries/PatchEvolution/tcpdump/CVE-2017-13035-ee68aa36460d-tcpdump,isis_print_id,1
[*] Detection Result:P Patch
[*] ------------------------------------------
[*] Detecting CVE: CVE-2017-13036
[*] Detection for /binaries/PatchEvolution/tcpdump/CVE-2017-13036-6e15ad4b9938-tcpdump,ospf6_decode_v3,1
[*] Detection Result:P Patch
[*] Detection for /binaries/PatchEvolution/tcpdump/CVE-2017-13036-5791511faa59-tcpdump,ospf6_decode_v3,1
[*] Detection Result:P Patch
[*] Detection for /binaries/PatchEvolution/tcpdump/CVE-2017-13036-e2982e7f6f0b-tcpdump,ospf6_decode_v3,1
[*] Detection Result:P Patch
[*] Detection for /binaries/PatchEvolution/tcpdump/CVE-2017-13036-ee68aa36460d-tcpdump,ospf6_decode_v3,1
[*] Detection Result:P Patch
[*] ------------------------------------------
[*] Detecting CVE: CVE-2017-13037
[*] Detection for /binaries/PatchEvolution/tcpdump/CVE-2017-13037-6bb65331a5f9-tcpdump,ip_optprint,1
[*] Detection Result:P Patch_True
[*] Detection for /binaries/PatchEvolution/tcpdump/CVE-2017-13037-6bb65331a5f9-tcpdump,nextproto4_cksum,1
[*] Detection Result:V Vulnerability_True
[*] Detection for /binaries/PatchEvolution/tcpdump/CVE-2017-13037-6bb65331a5f9-tcpdump,ip_printts,1
[*] Detection Result:P Patch
[*] Detection for /binaries/PatchEvolution/tcpdump/CVE-2017-13037-ee68aa36460d-tcpdump,ip_optprint,1
[*] Detection Result:P Patch
[*] Detection for /binaries/PatchEvolution/tcpdump/CVE-2017-13037-ee68aa36460d-tcpdump,nextproto4_cksum,1
[*] Detection Result:V Vulnerability
[*] Detection for /binaries/PatchEvolution/tcpdump/CVE-2017-13037-ee68aa36460d-tcpdump,ip_printts,1
[*] Detection Result:V Vulnerability
[*] Detection for /binaries/PatchEvolution/tcpdump/CVE-2017-13037-64677b0d78ff-tcpdump,ip_optprint,1
[*] Detection Result:P Patch
[*] Detection for /binaries/PatchEvolution/tcpdump/CVE-2017-13037-64677b0d78ff-tcpdump,nextproto4_cksum,1
[*] Detection Result:V Vulnerability
[*] Detection for /binaries/PatchEvolution/tcpdump/CVE-2017-13037-64677b0d78ff-tcpdump,ip_printts,1
[*] Detection Result:V Vulnerability
[*] Detection for /binaries/PatchEvolution/tcpdump/CVE-2017-13037-e2982e7f6f0b-tcpdump,ip_optprint,1
[*] Detection Result:P Patch
[*] Detection for /binaries/PatchEvolution/tcpdump/CVE-2017-13037-e2982e7f6f0b-tcpdump,nextproto4_cksum,1
[*] Detection Result:V Vulnerability
[*] Detection for /binaries/PatchEvolution/tcpdump/CVE-2017-13037-e2982e7f6f0b-tcpdump,ip_printts,1
[*] Detection Result:V Vulnerability
[*] ------------------------------------------
[*] Detecting CVE: CVE-2017-13038
[*] Detection for /binaries/PatchEvolution/tcpdump/CVE-2017-13038-3c8f3e13b033-tcpdump,handle_mlppp,1
[*] Detection Result:P Patch_True
[*] Detection for /binaries/PatchEvolution/tcpdump/CVE-2017-13038-f9dbcc961527-tcpdump,handle_mlppp,1
[*] Detection Result:P Patch
[*] Detection for /binaries/PatchEvolution/tcpdump/CVE-2017-13038-ee68aa36460d-tcpdump,handle_mlppp,1
[*] Detection Result:P Patch
[*] Detection for /binaries/PatchEvolution/tcpdump/CVE-2017-13038-e2982e7f6f0b-tcpdump,handle_mlppp,1
[*] Detection Result:P Patch
[*] ------------------------------------------
[*] Detecting CVE: CVE-2017-13039
[*] Detection for /binaries/PatchEvolution/tcpdump/CVE-2017-13039-abc8c2d61c65-tcpdump,ikev1_t_print,1
[*] Detection Result:P Patch
[*] Detection for /binaries/PatchEvolution/tcpdump/CVE-2017-13039-abc8c2d61c65-tcpdump,ikev1_n_print,1
[*] Detection Result:P Patch
[*] Detection for /binaries/PatchEvolution/tcpdump/CVE-2017-13039-abc8c2d61c65-tcpdump,ikev2_t_print,1
[*] Detection Result:P Patch
[*] Detection for /binaries/PatchEvolution/tcpdump/CVE-2017-13039-abc8c2d61c65-tcpdump,ikev1_attrmap_print,1
[*] Detection Result:V Vulnerability
[*] Detection for /binaries/PatchEvolution/tcpdump/CVE-2017-13039-e2982e7f6f0b-tcpdump,ikev1_t_print,1
[*] Detection Result:P Patch
[*] Detection for /binaries/PatchEvolution/tcpdump/CVE-2017-13039-e2982e7f6f0b-tcpdump,ikev1_n_print,1
[*] Detection Result:P Patch
[*] Detection for /binaries/PatchEvolution/tcpdump/CVE-2017-13039-e2982e7f6f0b-tcpdump,ikev2_t_print,1
[*] Detection Result:P Patch
[*] Detection for /binaries/PatchEvolution/tcpdump/CVE-2017-13039-e2982e7f6f0b-tcpdump,ikev1_attrmap_print,1
[*] Detection Result:P Patch
[*] Detection for /binaries/PatchEvolution/tcpdump/CVE-2017-13039-f68c3e3ec011-tcpdump,ikev1_t_print,1
[*] Detection Result:P Patch_True
[*] Detection for /binaries/PatchEvolution/tcpdump/CVE-2017-13039-f68c3e3ec011-tcpdump,ikev1_n_print,1
[*] Detection Result:P Patch_True
[*] Detection for /binaries/PatchEvolution/tcpdump/CVE-2017-13039-f68c3e3ec011-tcpdump,ikev2_t_print,1
[*] Detection Result:P Patch_True
[*] Detection for /binaries/PatchEvolution/tcpdump/CVE-2017-13039-f68c3e3ec011-tcpdump,ikev1_attrmap_print,1
[*] Detection Result:P Patch_True
[*] Detection for /binaries/PatchEvolution/tcpdump/CVE-2017-13039-a5bb53dd7407-tcpdump,ikev1_t_print,1
[*] Detection Result:P Patch_True
[*] Detection for /binaries/PatchEvolution/tcpdump/CVE-2017-13039-a5bb53dd7407-tcpdump,ikev1_n_print,1
[*] Detection Result:P Patch_True
[*] Detection for /binaries/PatchEvolution/tcpdump/CVE-2017-13039-a5bb53dd7407-tcpdump,ikev2_t_print,1
[*] Detection Result:P Patch_True
[*] Detection for /binaries/PatchEvolution/tcpdump/CVE-2017-13039-a5bb53dd7407-tcpdump,ikev1_attrmap_print,1
[*] Detection Result:P Patch_True
[*] ------------------------------------------
[*] Detecting CVE: CVE-2017-13040
[*] Detection for /binaries/PatchEvolution/tcpdump/CVE-2017-13040-1c75daed55fc-tcpdump,mp_capable_print,1
[*] Detection Result:V Vulnerability
[*] Detection for /binaries/PatchEvolution/tcpdump/CVE-2017-13040-1c75daed55fc-tcpdump,mp_join_print,1
[*] Detection Result:V Vulnerability
[*] Detection for /binaries/PatchEvolution/tcpdump/CVE-2017-13040-afb52045ddc8-tcpdump,mp_capable_print,1
[*] Detection Result:V Vulnerability
[*] Detection for /binaries/PatchEvolution/tcpdump/CVE-2017-13040-afb52045ddc8-tcpdump,mp_join_print,1
[*] Detection Result:V Vulnerability
[*] Detection for /binaries/PatchEvolution/tcpdump/CVE-2017-13040-bf8990f63b15-tcpdump,mp_capable_print,1
[*] Detection Result:V Vulnerability
[*] Detection for /binaries/PatchEvolution/tcpdump/CVE-2017-13040-bf8990f63b15-tcpdump,mp_join_print,1
[*] Detection Result:V Vulnerability
[*] Detection for /binaries/PatchEvolution/tcpdump/CVE-2017-13040-3ebae8948826-tcpdump,mp_capable_print,1
[*] Detection Result:V Vulnerability
[*] Detection for /binaries/PatchEvolution/tcpdump/CVE-2017-13040-3ebae8948826-tcpdump,mp_join_print,1
[*] Detection Result:V Vulnerability
[*] ------------------------------------------
[*] Detecting CVE: CVE-2017-13041
[*] Detection for /binaries/PatchEvolution/tcpdump/CVE-2017-13041-e2982e7f6f0b-tcpdump,icmp6_nodeinfo_print,1
[*] Detection Result:P Patch
[*] Detection for /binaries/PatchEvolution/tcpdump/CVE-2017-13041-180fae3dc2cd-tcpdump,icmp6_nodeinfo_print,1
[*] Detection Result:P Patch
[*] Detection for /binaries/PatchEvolution/tcpdump/CVE-2017-13041-0cced4fcdcad-tcpdump,icmp6_nodeinfo_print,1
[*] Detection Result:P Patch
[*] Detection for /binaries/PatchEvolution/tcpdump/CVE-2017-13041-00b189d27cd2-tcpdump,icmp6_nodeinfo_print,1
[*] Detection Result:P Patch
[*] ------------------------------------------
[*] Detecting CVE: CVE-2017-13043
[*] Detection for /binaries/PatchEvolution/tcpdump/CVE-2017-13043-1ed63b5d0630-tcpdump,decode_multicast_vpn,1
[*] Detection Result:V Vulnerability
[*] Detection for /binaries/PatchEvolution/tcpdump/CVE-2017-13043-07a7f33ba3ff-tcpdump,decode_multicast_vpn,1
[*] Detection Result:V Vulnerability
[*] Detection for /binaries/PatchEvolution/tcpdump/CVE-2017-13043-1a859e9f5ce9-tcpdump,decode_multicast_vpn,1
[*] Detection Result:V Vulnerability
[*] Detection for /binaries/PatchEvolution/tcpdump/CVE-2017-13043-51e180c4fb05-tcpdump,decode_multicast_vpn,1
[*] Detection Result:V Vulnerability
[*] ------------------------------------------
[*] Detecting CVE: CVE-2017-13045
[*] Detection for /binaries/PatchEvolution/tcpdump/CVE-2017-13045-f3882ea37f04-tcpdump,vqp_print,1
[*] Detection Result:P Patch
[*] Detection for /binaries/PatchEvolution/tcpdump/CVE-2017-13045-546558eabd81-tcpdump,vqp_print,1
[*] Detection Result:P Patch
[*] Detection for /binaries/PatchEvolution/tcpdump/CVE-2017-13045-e10fe19f4578-tcpdump,vqp_print,1
[*] Detection Result:P Patch
[*] Detection for /binaries/PatchEvolution/tcpdump/CVE-2017-13045-e2982e7f6f0b-tcpdump,vqp_print,1
[*] Detection Result:P Patch
[*] ------------------------------------------
[*] Detecting CVE: CVE-2017-13046
[*] Detection for /binaries/PatchEvolution/tcpdump/CVE-2017-13046-f9c2c905b118-tcpdump,bgp_attr_print,1
[*] Detection Result:V Vulnerability
[*] Detection for /binaries/PatchEvolution/tcpdump/CVE-2017-13046-e2982e7f6f0b-tcpdump,bgp_attr_print,1
[*] Detection Result:V Vulnerability
[*] Detection for /binaries/PatchEvolution/tcpdump/CVE-2017-13046-abc8c2d61c65-tcpdump,bgp_attr_print,1
[*] Detection Result:V Vulnerability
[*] Detection for /binaries/PatchEvolution/tcpdump/CVE-2017-13046-3b8ff4bf0d8f-tcpdump,bgp_attr_print,1
[*] Detection Result:V Vulnerability
[*] ------------------------------------------
[*] Detecting CVE: CVE-2017-13047
[*] Detection for /binaries/PatchEvolution/tcpdump/CVE-2017-13047-74d0778d0ce7-tcpdump,esis_print,1
[*] Detection Result:V Vulnerability
[*] Detection for /binaries/PatchEvolution/tcpdump/CVE-2017-13047-e2982e7f6f0b-tcpdump,esis_print,1
[*] Detection Result:V Vulnerability
[*] Detection for /binaries/PatchEvolution/tcpdump/CVE-2017-13047-d526e47658b6-tcpdump,esis_print,1
[*] Detection Result:V Vulnerability
[*] Detection for /binaries/PatchEvolution/tcpdump/CVE-2017-13047-228f225ca02d-tcpdump,esis_print,1
[*] Detection Result:V Vulnerability
[*] ------------------------------------------
[*] Detecting CVE: CVE-2017-13048
[*] Detection for /binaries/PatchEvolution/tcpdump/CVE-2017-13048-577621026df8-tcpdump,rsvp_obj_print,1
[*] Detection Result:P Patch
[*] Detection for /binaries/PatchEvolution/tcpdump/CVE-2017-13048-e2982e7f6f0b-tcpdump,rsvp_obj_print,1
[*] Detection Result:P Patch
[*] Detection for /binaries/PatchEvolution/tcpdump/CVE-2017-13048-07cb281e4ed5-tcpdump,rsvp_obj_print,1
[*] Detection Result:P Patch
[*] Detection for /binaries/PatchEvolution/tcpdump/CVE-2017-13048-b5068d5380c7-tcpdump,rsvp_obj_print,1
[*] Detection Result:P Patch
[*] ------------------------------------------
[*] Detecting CVE: CVE-2017-13049
[*] Detection for /binaries/PatchEvolution/tcpdump/CVE-2017-13049-ee68aa36460d-tcpdump,ubik_print,1
[*] Detection Result:V Vulnerability
[*] Detection for /binaries/PatchEvolution/tcpdump/CVE-2017-13049-3c8f3e13b033-tcpdump,ubik_print,1
[*] Detection Result:V Vulnerability
[*] Detection for /binaries/PatchEvolution/tcpdump/CVE-2017-13049-5cea2703185c-tcpdump,ubik_print,1
[*] Detection Result:V Vulnerability
[*] Detection for /binaries/PatchEvolution/tcpdump/CVE-2017-13049-e2982e7f6f0b-tcpdump,ubik_print,1
[*] Detection Result:V Vulnerability
[*] ------------------------------------------
[*] Detecting CVE: CVE-2017-13050
[*] Detection for /binaries/PatchEvolution/tcpdump/CVE-2017-13050-3ed92cd021a6-tcpdump,indent_string,1
[*] Detection Result:V Vulnerability_True
[*] Detection for /binaries/PatchEvolution/tcpdump/CVE-2017-13050-3ed92cd021a6-tcpdump,rpki_rtr_pdu_print,1
[*] Detection Result:P Patch
[*] Detection for /binaries/PatchEvolution/tcpdump/CVE-2017-13050-abc8c2d61c65-tcpdump,indent_string,1
[*] Detection Result:V Vulnerability_True
[*] Detection for /binaries/PatchEvolution/tcpdump/CVE-2017-13050-abc8c2d61c65-tcpdump,rpki_rtr_pdu_print,1
[*] Detection Result:P Patch
[*] Detection for /binaries/PatchEvolution/tcpdump/CVE-2017-13050-577621026df8-tcpdump,indent_string,1
[*] Detection Result:V Vulnerability_True
[*] Detection for /binaries/PatchEvolution/tcpdump/CVE-2017-13050-577621026df8-tcpdump,rpki_rtr_pdu_print,1
[*] Detection Result:P Patch_True
[*] Detection for /binaries/PatchEvolution/tcpdump/CVE-2017-13050-3e3e6d2ef4c1-tcpdump,indent_string,1
[*] Detection Result:V Vulnerability_True
[*] Detection for /binaries/PatchEvolution/tcpdump/CVE-2017-13050-3e3e6d2ef4c1-tcpdump,rpki_rtr_pdu_print,1
[*] Detection Result:P Patch_True
[*] ------------------------------------------
[*] Detecting CVE: CVE-2017-13051
[*] Detection for /binaries/PatchEvolution/tcpdump/CVE-2017-13051-226c6a8d0f90-tcpdump,rsvp_obj_print,1
[*] Detection Result:V Vulnerability
[*] Detection for /binaries/PatchEvolution/tcpdump/CVE-2017-13051-7ceb3ae2a66c-tcpdump,rsvp_obj_print,1
[*] Detection Result:V Vulnerability
[*] Detection for /binaries/PatchEvolution/tcpdump/CVE-2017-13051-e2982e7f6f0b-tcpdump,rsvp_obj_print,1
[*] Detection Result:V Vulnerability
[*] Detection for /binaries/PatchEvolution/tcpdump/CVE-2017-13051-32d1d15c5412-tcpdump,rsvp_obj_print,1
[*] Detection Result:V Vulnerability
[*] ------------------------------------------
[*] Detecting CVE: CVE-2017-13052
[*] Detection for /binaries/PatchEvolution/tcpdump/CVE-2017-13052-e2982e7f6f0b-tcpdump,cfm_network_addr_print,1
[*] Detection Result:P Patch
[*] Detection for /binaries/PatchEvolution/tcpdump/CVE-2017-13052-e2982e7f6f0b-tcpdump,cfm_print,1
[*] Detection Result:P Patch
[*] Detection for /binaries/PatchEvolution/tcpdump/CVE-2017-13052-b1e5f800b368-tcpdump,cfm_network_addr_print,1
[*] Detection Result:P Patch
[*] Detection for /binaries/PatchEvolution/tcpdump/CVE-2017-13052-b1e5f800b368-tcpdump,cfm_print,1
[*] Detection Result:P Patch
[*] Detection for /binaries/PatchEvolution/tcpdump/CVE-2017-13052-e10fe19f4578-tcpdump,cfm_network_addr_print,1
[*] Detection Result:P Patch
[*] Detection for /binaries/PatchEvolution/tcpdump/CVE-2017-13052-e10fe19f4578-tcpdump,cfm_print,1
[*] Detection Result:P Patch
[*] Detection for /binaries/PatchEvolution/tcpdump/CVE-2017-13052-4a28df231d46-tcpdump,cfm_network_addr_print,1
[*] Detection Result:P Patch
[*] Detection for /binaries/PatchEvolution/tcpdump/CVE-2017-13052-4a28df231d46-tcpdump,cfm_print,1
[*] Detection Result:P Patch
[*] ------------------------------------------
[*] Detecting CVE: CVE-2017-13053
[*] Detection for /binaries/PatchEvolution/tcpdump/CVE-2017-13053-e83dfd9b161e-tcpdump,decode_rt_routing_info,1
[*] Detection Result:P Patch_True
[*] Detection for /binaries/PatchEvolution/tcpdump/CVE-2017-13053-577621026df8-tcpdump,decode_rt_routing_info,1
[*] Detection Result:P Patch_True
[*] Detection for /binaries/PatchEvolution/tcpdump/CVE-2017-13053-9c965fd16f87-tcpdump,decode_rt_routing_info,1
[*] Detection Result:P Patch
[*] Detection for /binaries/PatchEvolution/tcpdump/CVE-2017-13053-07ac438e08e5-tcpdump,decode_rt_routing_info,1
[*] Detection Result:P Patch_True
[*] ------------------------------------------
[*] Detecting CVE: CVE-2017-13055
[*] Detection for /binaries/PatchEvolution/tcpdump/CVE-2017-13055-0b3880c91e16-tcpdump,isis_print_is_reach_subtlv,1
[*] target function: isis_print_is_reach_subtlv not found
[*] Detection for /binaries/PatchEvolution/tcpdump/CVE-2017-13055-7217abf41a06-tcpdump,isis_print_is_reach_subtlv,1
[*] target function: isis_print_is_reach_subtlv not found
[*] Detection for /binaries/PatchEvolution/tcpdump/CVE-2017-13055-eebb3f48e30f-tcpdump,isis_print_is_reach_subtlv,1
[*] target function: isis_print_is_reach_subtlv not found
[*] Detection for /binaries/PatchEvolution/tcpdump/CVE-2017-13055-3e3e6d2ef4c1-tcpdump,isis_print_is_reach_subtlv,1
[*] target function: isis_print_is_reach_subtlv not found
[*] ------------------------------------------
[*] Detecting CVE: CVE-2017-13687
[*] Detection for /binaries/PatchEvolution/tcpdump/CVE-2017-13687-5e9a51fdd559-tcpdump,chdlc_print,1
[*] Detection Result:P Patch
[*] Detection for /binaries/PatchEvolution/tcpdump/CVE-2017-13687-e2982e7f6f0b-tcpdump,chdlc_print,1
[*] Detection Result:P Patch
[*] Detection for /binaries/PatchEvolution/tcpdump/CVE-2017-13687-84ef17ac0eec-tcpdump,chdlc_print,1
[*] Detection Result:P Patch_True
[*] Detection for /binaries/PatchEvolution/tcpdump/CVE-2017-13687-40ae3ad744d9-tcpdump,chdlc_print,1
[*] Detection Result:P Patch
[*] ------------------------------------------
[*] Detecting CVE: CVE-2017-13688
[*] Detection for /binaries/PatchEvolution/tcpdump/CVE-2017-13688-3e3e6d2ef4c1-tcpdump,olsr_print,1
[*] Detection Result:P Patch
[*] Detection for /binaries/PatchEvolution/tcpdump/CVE-2017-13688-07a7f33ba3ff-tcpdump,olsr_print,1
[*] Detection Result:P Patch
[*] Detection for /binaries/PatchEvolution/tcpdump/CVE-2017-13688-577621026df8-tcpdump,olsr_print,1
[*] Detection Result:P Patch
[*] Detection for /binaries/PatchEvolution/tcpdump/CVE-2017-13688-40ae3ad744d9-tcpdump,olsr_print,1
[*] Detection Result:P Patch
[*] ------------------------------------------
[*] Detecting CVE: CVE-2017-13689
[*] Detection for /binaries/PatchEvolution/tcpdump/CVE-2017-13689-3db38df8ed9d-tcpdump,ikev1_id_print,1
[*] Detection Result:P Patch
[*] Detection for /binaries/PatchEvolution/tcpdump/CVE-2017-13689-ee68aa36460d-tcpdump,ikev1_id_print,1
[*] Detection Result:P Patch
[*] Detection for /binaries/PatchEvolution/tcpdump/CVE-2017-13689-d526e47658b6-tcpdump,ikev1_id_print,1
[*] Detection Result:P Patch
[*] Detection for /binaries/PatchEvolution/tcpdump/CVE-2017-13689-e2982e7f6f0b-tcpdump,ikev1_id_print,1
[*] Detection Result:P Patch
[*] ------------------------------------------
[*] Detecting CVE: CVE-2017-13690
[*] Detection for /binaries/PatchEvolution/tcpdump/CVE-2017-13690-d526e47658b6-tcpdump,ikev1_sub_print,1
[*] Detection Result:V Vulnerability
[*] Detection for /binaries/PatchEvolution/tcpdump/CVE-2017-13690-d526e47658b6-tcpdump,ikev1_cr_print,1
[*] Detection Result:V Vulnerability
[*] Detection for /binaries/PatchEvolution/tcpdump/CVE-2017-13690-d526e47658b6-tcpdump,ikev1_sig_print,1
[*] Detection Result:V Vulnerability
[*] Detection for /binaries/PatchEvolution/tcpdump/CVE-2017-13690-d526e47658b6-tcpdump,ikev1_cert_print,1
[*] Detection Result:V Vulnerability
[*] Detection for /binaries/PatchEvolution/tcpdump/CVE-2017-13690-d526e47658b6-tcpdump,ikev2_ID_print,1
[*] Detection Result:P Patch
[*] Detection for /binaries/PatchEvolution/tcpdump/CVE-2017-13690-d526e47658b6-tcpdump,ikev2_vid_print,1
[*] Detection Result:V Vulnerability
[*] Detection for /binaries/PatchEvolution/tcpdump/CVE-2017-13690-d526e47658b6-tcpdump,ikev2_gen_print,1
[*] Detection Result:V Vulnerability
[*] Detection for /binaries/PatchEvolution/tcpdump/CVE-2017-13690-d526e47658b6-tcpdump,ikev1_hash_print,1
[*] Detection Result:V Vulnerability
[*] Detection for /binaries/PatchEvolution/tcpdump/CVE-2017-13690-d526e47658b6-tcpdump,ikev2_sa_print,1
[*] Detection Result:V Vulnerability
[*] Detection for /binaries/PatchEvolution/tcpdump/CVE-2017-13690-d526e47658b6-tcpdump,ikev2_sub_print,1
[*] Detection Result:V Vulnerability
[*] Detection for /binaries/PatchEvolution/tcpdump/CVE-2017-13690-d526e47658b6-tcpdump,ikev1_vid_print,1
[*] Detection Result:V Vulnerability
[*] Detection for /binaries/PatchEvolution/tcpdump/CVE-2017-13690-d526e47658b6-tcpdump,ikev2_auth_print,1
[*] Detection Result:P Patch
[*] Detection for /binaries/PatchEvolution/tcpdump/CVE-2017-13690-d526e47658b6-tcpdump,ikev2_p_print,1
[*] Detection Result:V Vulnerability
[*] Detection for /binaries/PatchEvolution/tcpdump/CVE-2017-13690-d526e47658b6-tcpdump,ikev2_ke_print,1
[*] Detection Result:P Patch
[*] Detection for /binaries/PatchEvolution/tcpdump/CVE-2017-13690-d526e47658b6-tcpdump,ikev1_ke_print,1
[*] Detection Result:V Vulnerability
[*] Detection for /binaries/PatchEvolution/tcpdump/CVE-2017-13690-9a6a6502413e-tcpdump,ikev1_sub_print,1
[*] Detection Result:V Vulnerability
[*] Detection for /binaries/PatchEvolution/tcpdump/CVE-2017-13690-9a6a6502413e-tcpdump,ikev1_cr_print,1
[*] Detection Result:V Vulnerability
[*] Detection for /binaries/PatchEvolution/tcpdump/CVE-2017-13690-9a6a6502413e-tcpdump,ikev1_sig_print,1
[*] Detection Result:V Vulnerability
[*] Detection for /binaries/PatchEvolution/tcpdump/CVE-2017-13690-9a6a6502413e-tcpdump,ikev1_cert_print,1
[*] Detection Result:V Vulnerability
[*] Detection for /binaries/PatchEvolution/tcpdump/CVE-2017-13690-9a6a6502413e-tcpdump,ikev2_ID_print,1
[*] Detection Result:P Patch
[*] Detection for /binaries/PatchEvolution/tcpdump/CVE-2017-13690-9a6a6502413e-tcpdump,ikev2_vid_print,1
[*] Detection Result:V Vulnerability
[*] Detection for /binaries/PatchEvolution/tcpdump/CVE-2017-13690-9a6a6502413e-tcpdump,ikev2_gen_print,1
[*] Detection Result:V Vulnerability
[*] Detection for /binaries/PatchEvolution/tcpdump/CVE-2017-13690-9a6a6502413e-tcpdump,ikev1_hash_print,1
[*] Detection Result:V Vulnerability
[*] Detection for /binaries/PatchEvolution/tcpdump/CVE-2017-13690-9a6a6502413e-tcpdump,ikev2_sa_print,1
[*] Detection Result:V Vulnerability
[*] Detection for /binaries/PatchEvolution/tcpdump/CVE-2017-13690-9a6a6502413e-tcpdump,ikev2_sub_print,1
[*] Detection Result:V Vulnerability
[*] Detection for /binaries/PatchEvolution/tcpdump/CVE-2017-13690-9a6a6502413e-tcpdump,ikev1_vid_print,1
[*] Detection Result:V Vulnerability
[*] Detection for /binaries/PatchEvolution/tcpdump/CVE-2017-13690-9a6a6502413e-tcpdump,ikev2_auth_print,1
[*] Detection Result:P Patch
[*] Detection for /binaries/PatchEvolution/tcpdump/CVE-2017-13690-9a6a6502413e-tcpdump,ikev2_p_print,1
[*] Detection Result:V Vulnerability
[*] Detection for /binaries/PatchEvolution/tcpdump/CVE-2017-13690-9a6a6502413e-tcpdump,ikev2_ke_print,1
[*] Detection Result:P Patch
[*] Detection for /binaries/PatchEvolution/tcpdump/CVE-2017-13690-9a6a6502413e-tcpdump,ikev1_ke_print,1
[*] Detection Result:V Vulnerability
[*] Detection for /binaries/PatchEvolution/tcpdump/CVE-2017-13690-e2982e7f6f0b-tcpdump,ikev1_sub_print,1
[*] Detection Result:V Vulnerability
[*] Detection for /binaries/PatchEvolution/tcpdump/CVE-2017-13690-e2982e7f6f0b-tcpdump,ikev1_cr_print,1
[*] Detection Result:V Vulnerability
[*] Detection for /binaries/PatchEvolution/tcpdump/CVE-2017-13690-e2982e7f6f0b-tcpdump,ikev1_sig_print,1
[*] Detection Result:V Vulnerability
[*] Detection for /binaries/PatchEvolution/tcpdump/CVE-2017-13690-e2982e7f6f0b-tcpdump,ikev1_cert_print,1
[*] Detection Result:V Vulnerability
[*] Detection for /binaries/PatchEvolution/tcpdump/CVE-2017-13690-e2982e7f6f0b-tcpdump,ikev2_ID_print,1
[*] Detection Result:P Patch
[*] Detection for /binaries/PatchEvolution/tcpdump/CVE-2017-13690-e2982e7f6f0b-tcpdump,ikev2_vid_print,1
[*] Detection Result:V Vulnerability
[*] Detection for /binaries/PatchEvolution/tcpdump/CVE-2017-13690-e2982e7f6f0b-tcpdump,ikev2_gen_print,1
[*] Detection Result:V Vulnerability
[*] Detection for /binaries/PatchEvolution/tcpdump/CVE-2017-13690-e2982e7f6f0b-tcpdump,ikev1_hash_print,1
[*] Detection Result:V Vulnerability
[*] Detection for /binaries/PatchEvolution/tcpdump/CVE-2017-13690-e2982e7f6f0b-tcpdump,ikev2_sa_print,1
[*] Detection Result:V Vulnerability
[*] Detection for /binaries/PatchEvolution/tcpdump/CVE-2017-13690-e2982e7f6f0b-tcpdump,ikev2_sub_print,1
[*] Detection Result:V Vulnerability
[*] Detection for /binaries/PatchEvolution/tcpdump/CVE-2017-13690-e2982e7f6f0b-tcpdump,ikev1_vid_print,1
[*] Detection Result:V Vulnerability
[*] Detection for /binaries/PatchEvolution/tcpdump/CVE-2017-13690-e2982e7f6f0b-tcpdump,ikev2_auth_print,1
[*] Detection Result:P Patch
[*] Detection for /binaries/PatchEvolution/tcpdump/CVE-2017-13690-e2982e7f6f0b-tcpdump,ikev2_p_print,1
[*] Detection Result:V Vulnerability
[*] Detection for /binaries/PatchEvolution/tcpdump/CVE-2017-13690-e2982e7f6f0b-tcpdump,ikev2_ke_print,1
[*] Detection Result:P Patch
[*] Detection for /binaries/PatchEvolution/tcpdump/CVE-2017-13690-e2982e7f6f0b-tcpdump,ikev1_ke_print,1
[*] Detection Result:V Vulnerability
[*] Detection for /binaries/PatchEvolution/tcpdump/CVE-2017-13690-84ef17ac0eec-tcpdump,ikev1_sub_print,1
[*] Detection Result:V Vulnerability_True
[*] Detection for /binaries/PatchEvolution/tcpdump/CVE-2017-13690-84ef17ac0eec-tcpdump,ikev1_cr_print,1
[*] Detection Result:V Vulnerability_True
[*] Detection for /binaries/PatchEvolution/tcpdump/CVE-2017-13690-84ef17ac0eec-tcpdump,ikev1_sig_print,1
[*] Detection Result:V Vulnerability_True
[*] Detection for /binaries/PatchEvolution/tcpdump/CVE-2017-13690-84ef17ac0eec-tcpdump,ikev1_cert_print,1
[*] Detection Result:V Vulnerability_True
[*] Detection for /binaries/PatchEvolution/tcpdump/CVE-2017-13690-84ef17ac0eec-tcpdump,ikev2_ID_print,1
[*] Detection Result:P Patch_True
[*] Detection for /binaries/PatchEvolution/tcpdump/CVE-2017-13690-84ef17ac0eec-tcpdump,ikev2_vid_print,1
[*] Detection Result:V Vulnerability_True
[*] Detection for /binaries/PatchEvolution/tcpdump/CVE-2017-13690-84ef17ac0eec-tcpdump,ikev2_gen_print,1
[*] Detection Result:V Vulnerability_True
[*] Detection for /binaries/PatchEvolution/tcpdump/CVE-2017-13690-84ef17ac0eec-tcpdump,ikev1_hash_print,1
[*] Detection Result:V Vulnerability_True
[*] Detection for /binaries/PatchEvolution/tcpdump/CVE-2017-13690-84ef17ac0eec-tcpdump,ikev2_sa_print,1
[*] Detection Result:V Vulnerability_True
[*] Detection for /binaries/PatchEvolution/tcpdump/CVE-2017-13690-84ef17ac0eec-tcpdump,ikev2_sub_print,1
[*] Detection Result:V Vulnerability_True
[*] Detection for /binaries/PatchEvolution/tcpdump/CVE-2017-13690-84ef17ac0eec-tcpdump,ikev1_vid_print,1
[*] Detection Result:V Vulnerability_True
[*] Detection for /binaries/PatchEvolution/tcpdump/CVE-2017-13690-84ef17ac0eec-tcpdump,ikev2_auth_print,1
[*] Detection Result:P Patch_True
[*] Detection for /binaries/PatchEvolution/tcpdump/CVE-2017-13690-84ef17ac0eec-tcpdump,ikev2_p_print,1
[*] Detection Result:V Vulnerability_True
[*] Detection for /binaries/PatchEvolution/tcpdump/CVE-2017-13690-84ef17ac0eec-tcpdump,ikev2_ke_print,1
[*] Detection Result:P Patch_True
[*] Detection for /binaries/PatchEvolution/tcpdump/CVE-2017-13690-84ef17ac0eec-tcpdump,ikev1_ke_print,1
[*] Detection Result:V Vulnerability_True
[*] ------------------------------------------
[*] Detecting CVE: CVE-2017-13725
[*] Detection for /binaries/PatchEvolution/tcpdump/CVE-2017-13725-7755951df76e-tcpdump,rt6_print,1
[*] Detection Result:P Patch
[*] Detection for /binaries/PatchEvolution/tcpdump/CVE-2017-13725-7ae157995426-tcpdump,rt6_print,1
[*] Detection Result:P Patch
[*] Detection for /binaries/PatchEvolution/tcpdump/CVE-2017-13725-e2982e7f6f0b-tcpdump,rt6_print,1
[*] Detection Result:P Patch
[*] Detection for /binaries/PatchEvolution/tcpdump/CVE-2017-13725-ee68aa36460d-tcpdump,rt6_print,1
[*] Detection Result:P Patch
