============================================
Patch Detection Log
Time: 2025-09-19 12:02:40
============================================
2025-09-19 12:02:40,610 - INFO - detecting CVE-2017-8395 bfd_init_section_compress_status
2025-09-19 12:02:40,611 - INFO - cmd: python main.py --detect --cve_id CVE-2017-8395 --target_bin /binaries/target_clang/binutils/binutils-2.28-o1-objdump --vul_func_name bfd_init_section_compress_status --project binutils
2025-09-19 12:02:51,769 - INFO - success CVE-2017-8395,details in cve_test/CVE-2017-8395.log

2025-09-19 12:02:51,770 - INFO - detecting CVE-2017-8395 bfd_init_section_compress_status
2025-09-19 12:02:51,770 - INFO - cmd: python main.py --detect --cve_id CVE-2017-8395 --target_bin /binaries/target_clang/binutils/binutils-2.29-o1-objdump --vul_func_name bfd_init_section_compress_status --project binutils
2025-09-19 12:03:03,038 - INFO - success CVE-2017-8395,details in cve_test/CVE-2017-8395.log

2025-09-19 12:03:03,039 - INFO - detecting CVE-2017-8395 bfd_init_section_compress_status
2025-09-19 12:03:03,040 - INFO - cmd: python main.py --detect --cve_id CVE-2017-8395 --target_bin /binaries/target_clang/binutils/binutils-2.29.1-o1-objdump --vul_func_name bfd_init_section_compress_status --project binutils
2025-09-19 12:03:13,593 - INFO - success CVE-2017-8395,details in cve_test/CVE-2017-8395.log

2025-09-19 12:03:13,595 - INFO - detecting CVE-2017-8395 bfd_init_section_compress_status
2025-09-19 12:03:13,596 - INFO - cmd: python main.py --detect --cve_id CVE-2017-8395 --target_bin /binaries/target_clang/binutils/binutils-2.30-o1-objdump --vul_func_name bfd_init_section_compress_status --project binutils
2025-09-19 12:03:25,253 - INFO - success CVE-2017-8395,details in cve_test/CVE-2017-8395.log

2025-09-19 12:03:25,255 - INFO - detecting CVE-2017-8396 _bfd_final_link_relocate
2025-09-19 12:03:25,256 - INFO - cmd: python main.py --detect --cve_id CVE-2017-8396 --target_bin /binaries/target_clang/binutils/binutils-2.28-o1-objdump --vul_func_name _bfd_final_link_relocate --project binutils
2025-09-19 12:03:39,517 - INFO - success CVE-2017-8396,details in cve_test/CVE-2017-8396.log

2025-09-19 12:03:39,518 - INFO - detecting CVE-2017-8396 _bfd_final_link_relocate
2025-09-19 12:03:39,519 - INFO - cmd: python main.py --detect --cve_id CVE-2017-8396 --target_bin /binaries/target_clang/binutils/binutils-2.29-o1-objdump --vul_func_name _bfd_final_link_relocate --project binutils
2025-09-19 12:03:54,066 - INFO - success CVE-2017-8396,details in cve_test/CVE-2017-8396.log

2025-09-19 12:03:54,067 - INFO - detecting CVE-2017-8396 _bfd_final_link_relocate
2025-09-19 12:03:54,068 - INFO - cmd: python main.py --detect --cve_id CVE-2017-8396 --target_bin /binaries/target_clang/binutils/binutils-2.29.1-o1-objdump --vul_func_name _bfd_final_link_relocate --project binutils
2025-09-19 12:04:08,554 - INFO - success CVE-2017-8396,details in cve_test/CVE-2017-8396.log

2025-09-19 12:04:08,555 - INFO - detecting CVE-2017-8396 _bfd_final_link_relocate
2025-09-19 12:04:08,555 - INFO - cmd: python main.py --detect --cve_id CVE-2017-8396 --target_bin /binaries/target_clang/binutils/binutils-2.30-o1-objdump --vul_func_name _bfd_final_link_relocate --project binutils
2025-09-19 12:04:25,289 - INFO - success CVE-2017-8396,details in cve_test/CVE-2017-8396.log

2025-09-19 12:04:25,290 - INFO - detecting CVE-2017-8396 bfd_install_relocation
2025-09-19 12:04:25,291 - INFO - cmd: python main.py --detect --cve_id CVE-2017-8396 --target_bin /binaries/target_clang/binutils/binutils-2.28-o1-objdump --vul_func_name bfd_install_relocation --project binutils
2025-09-19 12:04:41,512 - INFO - success CVE-2017-8396,details in cve_test/CVE-2017-8396.log

2025-09-19 12:04:41,513 - INFO - detecting CVE-2017-8396 bfd_install_relocation
2025-09-19 12:04:41,514 - INFO - cmd: python main.py --detect --cve_id CVE-2017-8396 --target_bin /binaries/target_clang/binutils/binutils-2.29-o1-objdump --vul_func_name bfd_install_relocation --project binutils
2025-09-19 12:04:57,266 - INFO - success CVE-2017-8396,details in cve_test/CVE-2017-8396.log

2025-09-19 12:04:57,268 - INFO - detecting CVE-2017-8396 bfd_install_relocation
2025-09-19 12:04:57,268 - INFO - cmd: python main.py --detect --cve_id CVE-2017-8396 --target_bin /binaries/target_clang/binutils/binutils-2.29.1-o1-objdump --vul_func_name bfd_install_relocation --project binutils
2025-09-19 12:05:12,306 - INFO - success CVE-2017-8396,details in cve_test/CVE-2017-8396.log

2025-09-19 12:05:12,307 - INFO - detecting CVE-2017-8396 bfd_install_relocation
2025-09-19 12:05:12,308 - INFO - cmd: python main.py --detect --cve_id CVE-2017-8396 --target_bin /binaries/target_clang/binutils/binutils-2.30-o1-objdump --vul_func_name bfd_install_relocation --project binutils
2025-09-19 12:05:28,080 - INFO - success CVE-2017-8396,details in cve_test/CVE-2017-8396.log

2025-09-19 12:05:28,082 - INFO - detecting CVE-2017-9954 pass_over
2025-09-19 12:05:28,082 - INFO - cmd: python main.py --detect --cve_id CVE-2017-9954 --target_bin /binaries/target_clang/binutils/binutils-2.28-o1-objdump --vul_func_name pass_over --project binutils
2025-09-19 12:05:36,106 - ERROR - fail CVE-2017-9954 ,details1

2025-09-19 12:05:36,107 - INFO - detecting CVE-2017-9954 pass_over
2025-09-19 12:05:36,108 - INFO - cmd: python main.py --detect --cve_id CVE-2017-9954 --target_bin /binaries/target_clang/binutils/binutils-2.29-o1-objdump --vul_func_name pass_over --project binutils
2025-09-19 12:05:43,856 - ERROR - fail CVE-2017-9954 ,details1

2025-09-19 12:05:43,857 - INFO - detecting CVE-2017-9954 pass_over
2025-09-19 12:05:43,857 - INFO - cmd: python main.py --detect --cve_id CVE-2017-9954 --target_bin /binaries/target_clang/binutils/binutils-2.29.1-o1-objdump --vul_func_name pass_over --project binutils
2025-09-19 12:05:52,110 - ERROR - fail CVE-2017-9954 ,details1

2025-09-19 12:05:52,111 - INFO - detecting CVE-2017-9954 pass_over
2025-09-19 12:05:52,112 - INFO - cmd: python main.py --detect --cve_id CVE-2017-9954 --target_bin /binaries/target_clang/binutils/binutils-2.30-o1-objdump --vul_func_name pass_over --project binutils
2025-09-19 12:06:00,230 - ERROR - fail CVE-2017-9954 ,details1

2025-09-19 12:06:00,232 - INFO - detecting CVE-2017-9954 getvalue
2025-09-19 12:06:00,232 - INFO - cmd: python main.py --detect --cve_id CVE-2017-9954 --target_bin /binaries/target_clang/binutils/binutils-2.28-o1-objdump --vul_func_name getvalue --project binutils
2025-09-19 12:06:07,656 - ERROR - fail CVE-2017-9954 ,details1

2025-09-19 12:06:07,657 - INFO - detecting CVE-2017-9954 getvalue
2025-09-19 12:06:07,658 - INFO - cmd: python main.py --detect --cve_id CVE-2017-9954 --target_bin /binaries/target_clang/binutils/binutils-2.29-o1-objdump --vul_func_name getvalue --project binutils
2025-09-19 12:06:15,363 - ERROR - fail CVE-2017-9954 ,details1

2025-09-19 12:06:15,364 - INFO - detecting CVE-2017-9954 getvalue
2025-09-19 12:06:15,365 - INFO - cmd: python main.py --detect --cve_id CVE-2017-9954 --target_bin /binaries/target_clang/binutils/binutils-2.29.1-o1-objdump --vul_func_name getvalue --project binutils
2025-09-19 12:06:23,016 - ERROR - fail CVE-2017-9954 ,details1

2025-09-19 12:06:23,017 - INFO - detecting CVE-2017-9954 getvalue
2025-09-19 12:06:23,017 - INFO - cmd: python main.py --detect --cve_id CVE-2017-9954 --target_bin /binaries/target_clang/binutils/binutils-2.30-o1-objdump --vul_func_name getvalue --project binutils
2025-09-19 12:06:30,008 - ERROR - fail CVE-2017-9954 ,details1

2025-09-19 12:06:30,009 - INFO - detecting CVE-2017-13710 setup_group
2025-09-19 12:06:30,009 - INFO - cmd: python main.py --detect --cve_id CVE-2017-13710 --target_bin /binaries/target_clang/binutils/binutils-2.29-o1-objdump --vul_func_name setup_group --project binutils
2025-09-19 12:06:38,218 - ERROR - fail CVE-2017-13710 ,details1

2025-09-19 12:06:38,219 - INFO - detecting CVE-2017-13710 setup_group
2025-09-19 12:06:38,219 - INFO - cmd: python main.py --detect --cve_id CVE-2017-13710 --target_bin /binaries/target_clang/binutils/binutils-2.29.1-o1-objdump --vul_func_name setup_group --project binutils
2025-09-19 12:06:46,004 - ERROR - fail CVE-2017-13710 ,details1

2025-09-19 12:06:46,005 - INFO - detecting CVE-2017-13710 setup_group
2025-09-19 12:06:46,005 - INFO - cmd: python main.py --detect --cve_id CVE-2017-13710 --target_bin /binaries/target_clang/binutils/binutils-2.30-o1-objdump --vul_func_name setup_group --project binutils
2025-09-19 12:06:54,410 - ERROR - fail CVE-2017-13710 ,details1

2025-09-19 12:06:54,412 - INFO - detecting CVE-2017-13710 setup_group
2025-09-19 12:06:54,412 - INFO - cmd: python main.py --detect --cve_id CVE-2017-13710 --target_bin /binaries/target_clang/binutils/binutils-2.31-o1-objdump --vul_func_name setup_group --project binutils
2025-09-19 12:07:03,107 - ERROR - fail CVE-2017-13710 ,details1

2025-09-19 12:07:03,108 - INFO - detecting CVE-2017-14129 read_section
2025-09-19 12:07:03,108 - INFO - cmd: python main.py --detect --cve_id CVE-2017-14129 --target_bin /binaries/target_clang/binutils/binutils-2.29-o1-objdump --vul_func_name read_section --project binutils
2025-09-19 12:07:17,981 - INFO - success CVE-2017-14129,details in cve_test/CVE-2017-14129.log

2025-09-19 12:07:17,983 - INFO - detecting CVE-2017-14129 read_section
2025-09-19 12:07:17,983 - INFO - cmd: python main.py --detect --cve_id CVE-2017-14129 --target_bin /binaries/target_clang/binutils/binutils-2.29.1-o1-objdump --vul_func_name read_section --project binutils
2025-09-19 12:07:31,902 - INFO - success CVE-2017-14129,details in cve_test/CVE-2017-14129.log

2025-09-19 12:07:31,903 - INFO - detecting CVE-2017-14129 read_section
2025-09-19 12:07:31,903 - INFO - cmd: python main.py --detect --cve_id CVE-2017-14129 --target_bin /binaries/target_clang/binutils/binutils-2.30-o1-objdump --vul_func_name read_section --project binutils
2025-09-19 12:07:45,704 - INFO - success CVE-2017-14129,details in cve_test/CVE-2017-14129.log

2025-09-19 12:07:45,704 - INFO - detecting CVE-2017-14129 read_section
2025-09-19 12:07:45,705 - INFO - cmd: python main.py --detect --cve_id CVE-2017-14129 --target_bin /binaries/target_clang/binutils/binutils-2.31-o1-objdump --vul_func_name read_section --project binutils
2025-09-19 12:07:59,773 - INFO - success CVE-2017-14129,details in cve_test/CVE-2017-14129.log

2025-09-19 12:07:59,774 - INFO - detecting CVE-2017-12448 bfd_generic_archive_p
2025-09-19 12:07:59,775 - INFO - cmd: python main.py --detect --cve_id CVE-2017-12448 --target_bin /binaries/target_clang/binutils/binutils-2.29-o1-objdump --vul_func_name bfd_generic_archive_p --project binutils
2025-09-19 12:08:10,193 - INFO - success CVE-2017-12448,details in cve_test/CVE-2017-12448.log

2025-09-19 12:08:10,194 - INFO - detecting CVE-2017-12448 bfd_generic_archive_p
2025-09-19 12:08:10,195 - INFO - cmd: python main.py --detect --cve_id CVE-2017-12448 --target_bin /binaries/target_clang/binutils/binutils-2.28-o1-objdump --vul_func_name bfd_generic_archive_p --project binutils
2025-09-19 12:08:19,811 - INFO - success CVE-2017-12448,details in cve_test/CVE-2017-12448.log

2025-09-19 12:08:19,812 - INFO - detecting CVE-2017-12448 bfd_generic_archive_p
2025-09-19 12:08:19,812 - INFO - cmd: python main.py --detect --cve_id CVE-2017-12448 --target_bin /binaries/target_clang/binutils/binutils-2.27-o1-objdump --vul_func_name bfd_generic_archive_p --project binutils
2025-09-19 12:08:27,034 - ERROR - fail CVE-2017-12448 ,details1

2025-09-19 12:08:27,035 - INFO - detecting CVE-2017-12448 bfd_generic_archive_p
2025-09-19 12:08:27,036 - INFO - cmd: python main.py --detect --cve_id CVE-2017-12448 --target_bin /binaries/target_clang/binutils/binutils-2.29.1-o1-objdump --vul_func_name bfd_generic_archive_p --project binutils
2025-09-19 12:08:36,717 - INFO - success CVE-2017-12448,details in cve_test/CVE-2017-12448.log

2025-09-19 12:08:36,717 - INFO - detecting CVE-2017-12448 bfd_generic_archive_p
2025-09-19 12:08:36,718 - INFO - cmd: python main.py --detect --cve_id CVE-2017-12448 --target_bin /binaries/target_clang/binutils/binutils-2.30-o1-objdump --vul_func_name bfd_generic_archive_p --project binutils
2025-09-19 12:08:47,737 - INFO - success CVE-2017-12448,details in cve_test/CVE-2017-12448.log

2025-09-19 12:08:47,738 - INFO - detecting CVE-2017-12448 bfd_generic_archive_p
2025-09-19 12:08:47,739 - INFO - cmd: python main.py --detect --cve_id CVE-2017-12448 --target_bin /binaries/target_clang/binutils/binutils-2.31-o1-objdump --vul_func_name bfd_generic_archive_p --project binutils
2025-09-19 12:08:58,767 - INFO - success CVE-2017-12448,details in cve_test/CVE-2017-12448.log

2025-09-19 12:08:58,767 - INFO - detecting CVE-2017-15024 scan_unit_for_symbols
2025-09-19 12:08:58,768 - INFO - cmd: python main.py --detect --cve_id CVE-2017-15024 --target_bin /binaries/target_clang/binutils/binutils-2.29-o1-objdump --vul_func_name scan_unit_for_symbols --project binutils
2025-09-19 12:09:10,649 - INFO - success CVE-2017-15024,details in cve_test/CVE-2017-15024.log

2025-09-19 12:09:10,650 - INFO - detecting CVE-2017-15024 scan_unit_for_symbols
2025-09-19 12:09:10,650 - INFO - cmd: python main.py --detect --cve_id CVE-2017-15024 --target_bin /binaries/target_clang/binutils/binutils-2.29.1-o1-objdump --vul_func_name scan_unit_for_symbols --project binutils
2025-09-19 12:09:22,534 - INFO - success CVE-2017-15024,details in cve_test/CVE-2017-15024.log

2025-09-19 12:09:22,535 - INFO - detecting CVE-2017-15024 scan_unit_for_symbols
2025-09-19 12:09:22,535 - INFO - cmd: python main.py --detect --cve_id CVE-2017-15024 --target_bin /binaries/target_clang/binutils/binutils-2.30-o1-objdump --vul_func_name scan_unit_for_symbols --project binutils
2025-09-19 12:09:35,182 - INFO - success CVE-2017-15024,details in cve_test/CVE-2017-15024.log

2025-09-19 12:09:35,183 - INFO - detecting CVE-2017-15024 scan_unit_for_symbols
2025-09-19 12:09:35,183 - INFO - cmd: python main.py --detect --cve_id CVE-2017-15024 --target_bin /binaries/target_clang/binutils/binutils-2.31-o1-objdump --vul_func_name scan_unit_for_symbols --project binutils
2025-09-19 12:09:45,888 - INFO - success CVE-2017-15024,details in cve_test/CVE-2017-15024.log

2025-09-19 12:09:45,889 - INFO - detecting CVE-2017-15024 find_abstract_instance_name
2025-09-19 12:09:45,890 - INFO - cmd: python main.py --detect --cve_id CVE-2017-15024 --target_bin /binaries/target_clang/binutils/binutils-2.29-o1-objdump --vul_func_name find_abstract_instance_name --project binutils
2025-09-19 12:10:00,031 - INFO - success CVE-2017-15024,details in cve_test/CVE-2017-15024.log

2025-09-19 12:10:00,032 - INFO - detecting CVE-2017-15024 find_abstract_instance_name
2025-09-19 12:10:00,033 - INFO - cmd: python main.py --detect --cve_id CVE-2017-15024 --target_bin /binaries/target_clang/binutils/binutils-2.29.1-o1-objdump --vul_func_name find_abstract_instance_name --project binutils
2025-09-19 12:10:15,433 - INFO - success CVE-2017-15024,details in cve_test/CVE-2017-15024.log

2025-09-19 12:10:15,434 - INFO - detecting CVE-2017-15024 find_abstract_instance_name
2025-09-19 12:10:15,434 - INFO - cmd: python main.py --detect --cve_id CVE-2017-15024 --target_bin /binaries/target_clang/binutils/binutils-2.30-o1-objdump --vul_func_name find_abstract_instance_name --project binutils
2025-09-19 12:10:29,528 - INFO - success CVE-2017-15024,details in cve_test/CVE-2017-15024.log

2025-09-19 12:10:29,530 - INFO - detecting CVE-2017-15024 find_abstract_instance_name
2025-09-19 12:10:29,530 - INFO - cmd: python main.py --detect --cve_id CVE-2017-15024 --target_bin /binaries/target_clang/binutils/binutils-2.31-o1-objdump --vul_func_name find_abstract_instance_name --project binutils
2025-09-19 12:10:37,089 - ERROR - fail CVE-2017-15024 ,details1

2025-09-19 12:10:37,090 - INFO - detecting CVE-2017-15020 parse_line_table
2025-09-19 12:10:37,090 - INFO - cmd: python main.py --detect --cve_id CVE-2017-15020 --target_bin /binaries/target_clang/binutils/binutils-2.29-o1-objdump --vul_func_name parse_line_table --project binutils
2025-09-19 12:10:44,543 - ERROR - fail CVE-2017-15020 ,details1

2025-09-19 12:10:44,544 - INFO - detecting CVE-2017-15020 parse_line_table
2025-09-19 12:10:44,545 - INFO - cmd: python main.py --detect --cve_id CVE-2017-15020 --target_bin /binaries/target_clang/binutils/binutils-2.30-o1-objdump --vul_func_name parse_line_table --project binutils
2025-09-19 12:10:52,133 - ERROR - fail CVE-2017-15020 ,details1

2025-09-19 12:10:52,134 - INFO - detecting CVE-2017-15020 parse_line_table
2025-09-19 12:10:52,134 - INFO - cmd: python main.py --detect --cve_id CVE-2017-15020 --target_bin /binaries/target_clang/binutils/binutils-2.31-o1-objdump --vul_func_name parse_line_table --project binutils
2025-09-19 12:11:00,405 - ERROR - fail CVE-2017-15020 ,details1

2025-09-19 12:11:00,405 - INFO - detecting CVE-2017-15020 parse_line_table
2025-09-19 12:11:00,406 - INFO - cmd: python main.py --detect --cve_id CVE-2017-15020 --target_bin /binaries/target_clang/binutils/binutils-2.31.1-o1-objdump --vul_func_name parse_line_table --project binutils
2025-09-19 12:11:07,483 - ERROR - fail CVE-2017-15020 ,details1

2025-09-19 12:11:07,484 - INFO - detecting CVE-2017-15020 parse_die
2025-09-19 12:11:07,484 - INFO - cmd: python main.py --detect --cve_id CVE-2017-15020 --target_bin /binaries/target_clang/binutils/binutils-2.29-o1-objdump --vul_func_name parse_die --project binutils
2025-09-19 12:11:20,439 - INFO - success CVE-2017-15020,details in cve_test/CVE-2017-15020.log

2025-09-19 12:11:20,440 - INFO - detecting CVE-2017-15020 parse_die
2025-09-19 12:11:20,440 - INFO - cmd: python main.py --detect --cve_id CVE-2017-15020 --target_bin /binaries/target_clang/binutils/binutils-2.30-o1-objdump --vul_func_name parse_die --project binutils
2025-09-19 12:11:33,560 - INFO - success CVE-2017-15020,details in cve_test/CVE-2017-15020.log

2025-09-19 12:11:33,561 - INFO - detecting CVE-2017-15020 parse_die
2025-09-19 12:11:33,562 - INFO - cmd: python main.py --detect --cve_id CVE-2017-15020 --target_bin /binaries/target_clang/binutils/binutils-2.31-o1-objdump --vul_func_name parse_die --project binutils
2025-09-19 12:11:48,034 - INFO - success CVE-2017-15020,details in cve_test/CVE-2017-15020.log

2025-09-19 12:11:48,036 - INFO - detecting CVE-2017-15020 parse_die
2025-09-19 12:11:48,036 - INFO - cmd: python main.py --detect --cve_id CVE-2017-15020 --target_bin /binaries/target_clang/binutils/binutils-2.31.1-o1-objdump --vul_func_name parse_die --project binutils
2025-09-19 12:12:03,816 - INFO - success CVE-2017-15020,details in cve_test/CVE-2017-15020.log

2025-09-19 12:12:03,817 - INFO - detecting CVE-2017-14933 read_formatted_entries
2025-09-19 12:12:03,817 - INFO - cmd: python main.py --detect --cve_id CVE-2017-14933 --target_bin /binaries/target_clang/binutils/binutils-2.29-o1-objdump --vul_func_name read_formatted_entries --project binutils
2025-09-19 12:12:14,782 - INFO - success CVE-2017-14933,details in cve_test/CVE-2017-14933.log

2025-09-19 12:12:14,783 - INFO - detecting CVE-2017-14933 read_formatted_entries
2025-09-19 12:12:14,784 - INFO - cmd: python main.py --detect --cve_id CVE-2017-14933 --target_bin /binaries/target_clang/binutils/binutils-2.30-o1-objdump --vul_func_name read_formatted_entries --project binutils
2025-09-19 12:12:26,202 - INFO - success CVE-2017-14933,details in cve_test/CVE-2017-14933.log

2025-09-19 12:12:26,203 - INFO - detecting CVE-2017-14933 read_formatted_entries
2025-09-19 12:12:26,204 - INFO - cmd: python main.py --detect --cve_id CVE-2017-14933 --target_bin /binaries/target_clang/binutils/binutils-2.31-o1-objdump --vul_func_name read_formatted_entries --project binutils
2025-09-19 12:12:37,834 - INFO - success CVE-2017-14933,details in cve_test/CVE-2017-14933.log

2025-09-19 12:12:37,835 - INFO - detecting CVE-2017-14933 read_formatted_entries
2025-09-19 12:12:37,836 - INFO - cmd: python main.py --detect --cve_id CVE-2017-14933 --target_bin /binaries/target_clang/binutils/binutils-2.31.1-o1-objdump --vul_func_name read_formatted_entries --project binutils
2025-09-19 12:12:48,774 - INFO - success CVE-2017-14933,details in cve_test/CVE-2017-14933.log

2025-09-19 12:12:48,775 - INFO - detecting CVE-2017-15938 find_abstract_instance_name
2025-09-19 12:12:48,776 - INFO - cmd: python main.py --detect --cve_id CVE-2017-15938 --target_bin /binaries/target_clang/binutils/binutils-2.29-o1-objdump --vul_func_name find_abstract_instance_name --project binutils
2025-09-19 12:13:03,409 - INFO - success CVE-2017-15938,details in cve_test/CVE-2017-15938.log

2025-09-19 12:13:03,410 - INFO - detecting CVE-2017-15938 find_abstract_instance_name
2025-09-19 12:13:03,411 - INFO - cmd: python main.py --detect --cve_id CVE-2017-15938 --target_bin /binaries/target_clang/binutils/binutils-2.30-o1-objdump --vul_func_name find_abstract_instance_name --project binutils
2025-09-19 12:13:23,674 - INFO - success CVE-2017-15938,details in cve_test/CVE-2017-15938.log

2025-09-19 12:13:23,675 - INFO - detecting CVE-2017-15938 find_abstract_instance_name
2025-09-19 12:13:23,675 - INFO - cmd: python main.py --detect --cve_id CVE-2017-15938 --target_bin /binaries/target_clang/binutils/binutils-2.31-o1-objdump --vul_func_name find_abstract_instance_name --project binutils
2025-09-19 12:13:30,725 - ERROR - fail CVE-2017-15938 ,details1

2025-09-19 12:13:30,726 - INFO - detecting CVE-2017-15938 find_abstract_instance_name
2025-09-19 12:13:30,727 - INFO - cmd: python main.py --detect --cve_id CVE-2017-15938 --target_bin /binaries/target_clang/binutils/binutils-2.31.1-o1-objdump --vul_func_name find_abstract_instance_name --project binutils
2025-09-19 12:13:38,258 - ERROR - fail CVE-2017-15938 ,details1

2025-09-19 12:13:38,260 - INFO - detecting CVE-2017-15939 decode_line_info
2025-09-19 12:13:38,260 - INFO - cmd: python main.py --detect --cve_id CVE-2017-15939 --target_bin /binaries/target_clang/binutils/binutils-2.29-o1-objdump --vul_func_name decode_line_info --project binutils
2025-09-19 12:13:52,898 - INFO - success CVE-2017-15939,details in cve_test/CVE-2017-15939.log

2025-09-19 12:13:52,899 - INFO - detecting CVE-2017-15939 decode_line_info
2025-09-19 12:13:52,900 - INFO - cmd: python main.py --detect --cve_id CVE-2017-15939 --target_bin /binaries/target_clang/binutils/binutils-2.30-o1-objdump --vul_func_name decode_line_info --project binutils
2025-09-19 12:14:07,007 - INFO - success CVE-2017-15939,details in cve_test/CVE-2017-15939.log

2025-09-19 12:14:07,009 - INFO - detecting CVE-2017-15939 decode_line_info
2025-09-19 12:14:07,009 - INFO - cmd: python main.py --detect --cve_id CVE-2017-15939 --target_bin /binaries/target_clang/binutils/binutils-2.31-o1-objdump --vul_func_name decode_line_info --project binutils
2025-09-19 12:14:22,416 - INFO - success CVE-2017-15939,details in cve_test/CVE-2017-15939.log

2025-09-19 12:14:22,417 - INFO - detecting CVE-2017-15939 decode_line_info
2025-09-19 12:14:22,417 - INFO - cmd: python main.py --detect --cve_id CVE-2017-15939 --target_bin /binaries/target_clang/binutils/binutils-2.31.1-o1-objdump --vul_func_name decode_line_info --project binutils
2025-09-19 12:14:38,654 - INFO - success CVE-2017-15939,details in cve_test/CVE-2017-15939.log

2025-09-19 12:14:38,656 - INFO - detecting CVE-2017-15996 process_archive_index_and_symbols
2025-09-19 12:14:38,657 - INFO - cmd: python main.py --detect --cve_id CVE-2017-15996 --target_bin /binaries/target_clang/binutils/binutils-2.29-o1-objdump --vul_func_name process_archive_index_and_symbols --project binutils
2025-09-19 12:14:52,688 - INFO - success CVE-2017-15996,details in cve_test/CVE-2017-15996.log

2025-09-19 12:14:52,690 - INFO - detecting CVE-2017-15996 process_archive_index_and_symbols
2025-09-19 12:14:52,690 - INFO - cmd: python main.py --detect --cve_id CVE-2017-15996 --target_bin /binaries/target_clang/binutils/binutils-2.30-o1-objdump --vul_func_name process_archive_index_and_symbols --project binutils
2025-09-19 12:15:06,523 - INFO - success CVE-2017-15996,details in cve_test/CVE-2017-15996.log

2025-09-19 12:15:06,525 - INFO - detecting CVE-2017-15996 process_archive_index_and_symbols
2025-09-19 12:15:06,526 - INFO - cmd: python main.py --detect --cve_id CVE-2017-15996 --target_bin /binaries/target_clang/binutils/binutils-2.31-o1-objdump --vul_func_name process_archive_index_and_symbols --project binutils
2025-09-19 12:15:19,866 - INFO - success CVE-2017-15996,details in cve_test/CVE-2017-15996.log

2025-09-19 12:15:19,867 - INFO - detecting CVE-2017-15996 process_archive_index_and_symbols
2025-09-19 12:15:19,868 - INFO - cmd: python main.py --detect --cve_id CVE-2017-15996 --target_bin /binaries/target_clang/binutils/binutils-2.31.1-o1-objdump --vul_func_name process_archive_index_and_symbols --project binutils
2025-09-19 12:15:35,078 - INFO - success CVE-2017-15996,details in cve_test/CVE-2017-15996.log

2025-09-19 12:15:35,080 - INFO - detecting CVE-2017-16831 coff_get_normalized_symtab
2025-09-19 12:15:35,080 - INFO - cmd: python main.py --detect --cve_id CVE-2017-16831 --target_bin /binaries/target_clang/binutils/binutils-2.29.1-o1-objdump --vul_func_name coff_get_normalized_symtab --project binutils
2025-09-19 12:15:50,464 - INFO - success CVE-2017-16831,details in cve_test/CVE-2017-16831.log

2025-09-19 12:15:50,465 - INFO - detecting CVE-2017-16831 coff_get_normalized_symtab
2025-09-19 12:15:50,466 - INFO - cmd: python main.py --detect --cve_id CVE-2017-16831 --target_bin /binaries/target_clang/binutils/binutils-2.30-o1-objdump --vul_func_name coff_get_normalized_symtab --project binutils
2025-09-19 12:16:07,109 - INFO - success CVE-2017-16831,details in cve_test/CVE-2017-16831.log

2025-09-19 12:16:07,110 - INFO - detecting CVE-2017-16831 coff_get_normalized_symtab
2025-09-19 12:16:07,110 - INFO - cmd: python main.py --detect --cve_id CVE-2017-16831 --target_bin /binaries/target_clang/binutils/binutils-2.31-o1-objdump --vul_func_name coff_get_normalized_symtab --project binutils
2025-09-19 12:16:22,165 - INFO - success CVE-2017-16831,details in cve_test/CVE-2017-16831.log

2025-09-19 12:16:22,166 - INFO - detecting CVE-2017-16831 coff_get_normalized_symtab
2025-09-19 12:16:22,167 - INFO - cmd: python main.py --detect --cve_id CVE-2017-16831 --target_bin /binaries/target_clang/binutils/binutils-2.31.1-o1-objdump --vul_func_name coff_get_normalized_symtab --project binutils
2025-09-19 12:16:37,670 - INFO - success CVE-2017-16831,details in cve_test/CVE-2017-16831.log

2025-09-19 12:16:37,671 - INFO - detecting CVE-2017-16831 _bfd_coff_get_external_symbols
2025-09-19 12:16:37,671 - INFO - cmd: python main.py --detect --cve_id CVE-2017-16831 --target_bin /binaries/target_clang/binutils/binutils-2.29.1-o1-objdump --vul_func_name _bfd_coff_get_external_symbols --project binutils
2025-09-19 12:16:49,207 - INFO - success CVE-2017-16831,details in cve_test/CVE-2017-16831.log

2025-09-19 12:16:49,208 - INFO - detecting CVE-2017-16831 _bfd_coff_get_external_symbols
2025-09-19 12:16:49,208 - INFO - cmd: python main.py --detect --cve_id CVE-2017-16831 --target_bin /binaries/target_clang/binutils/binutils-2.30-o1-objdump --vul_func_name _bfd_coff_get_external_symbols --project binutils
2025-09-19 12:17:01,721 - INFO - success CVE-2017-16831,details in cve_test/CVE-2017-16831.log

2025-09-19 12:17:01,722 - INFO - detecting CVE-2017-16831 _bfd_coff_get_external_symbols
2025-09-19 12:17:01,723 - INFO - cmd: python main.py --detect --cve_id CVE-2017-16831 --target_bin /binaries/target_clang/binutils/binutils-2.31-o1-objdump --vul_func_name _bfd_coff_get_external_symbols --project binutils
2025-09-19 12:17:14,726 - INFO - success CVE-2017-16831,details in cve_test/CVE-2017-16831.log

2025-09-19 12:17:14,727 - INFO - detecting CVE-2017-16831 _bfd_coff_get_external_symbols
2025-09-19 12:17:14,727 - INFO - cmd: python main.py --detect --cve_id CVE-2017-16831 --target_bin /binaries/target_clang/binutils/binutils-2.31.1-o1-objdump --vul_func_name _bfd_coff_get_external_symbols --project binutils
2025-09-19 12:17:25,186 - INFO - success CVE-2017-16831,details in cve_test/CVE-2017-16831.log

2025-09-19 12:17:25,188 - INFO - detecting CVE-2017-17080 elfcore_grok_nto_status
2025-09-19 12:17:25,188 - INFO - cmd: python main.py --detect --cve_id CVE-2017-17080 --target_bin /binaries/target_clang/binutils/binutils-2.29.1-o1-objdump --vul_func_name elfcore_grok_nto_status --project binutils
2025-09-19 12:17:32,661 - ERROR - fail CVE-2017-17080 ,details1

2025-09-19 12:17:32,662 - INFO - detecting CVE-2017-17080 elfcore_grok_nto_status
2025-09-19 12:17:32,663 - INFO - cmd: python main.py --detect --cve_id CVE-2017-17080 --target_bin /binaries/target_clang/binutils/binutils-2.30-o1-objdump --vul_func_name elfcore_grok_nto_status --project binutils
2025-09-19 12:17:39,723 - ERROR - fail CVE-2017-17080 ,details1

2025-09-19 12:17:39,725 - INFO - detecting CVE-2017-17080 elfcore_grok_nto_status
2025-09-19 12:17:39,725 - INFO - cmd: python main.py --detect --cve_id CVE-2017-17080 --target_bin /binaries/target_clang/binutils/binutils-2.31-o1-objdump --vul_func_name elfcore_grok_nto_status --project binutils
2025-09-19 12:17:47,547 - ERROR - fail CVE-2017-17080 ,details1

2025-09-19 12:17:47,549 - INFO - detecting CVE-2017-17080 elfcore_grok_nto_status
2025-09-19 12:17:47,549 - INFO - cmd: python main.py --detect --cve_id CVE-2017-17080 --target_bin /binaries/target_clang/binutils/binutils-2.31.1-o1-objdump --vul_func_name elfcore_grok_nto_status --project binutils
2025-09-19 12:17:54,280 - ERROR - fail CVE-2017-17080 ,details1

2025-09-19 12:17:54,281 - INFO - detecting CVE-2018-7208 coff_pointerize_aux
2025-09-19 12:17:54,281 - INFO - cmd: python main.py --detect --cve_id CVE-2018-7208 --target_bin /binaries/target_clang/binutils/binutils-2.30-o1-objdump --vul_func_name coff_pointerize_aux --project binutils
2025-09-19 12:18:01,075 - ERROR - fail CVE-2018-7208 ,details1

2025-09-19 12:18:01,077 - INFO - detecting CVE-2018-7208 coff_pointerize_aux
2025-09-19 12:18:01,077 - INFO - cmd: python main.py --detect --cve_id CVE-2018-7208 --target_bin /binaries/target_clang/binutils/binutils-2.31-o1-objdump --vul_func_name coff_pointerize_aux --project binutils
2025-09-19 12:18:08,635 - ERROR - fail CVE-2018-7208 ,details1

2025-09-19 12:18:08,636 - INFO - detecting CVE-2018-7208 coff_pointerize_aux
2025-09-19 12:18:08,637 - INFO - cmd: python main.py --detect --cve_id CVE-2018-7208 --target_bin /binaries/target_clang/binutils/binutils-2.31.1-o1-objdump --vul_func_name coff_pointerize_aux --project binutils
2025-09-19 12:18:15,729 - ERROR - fail CVE-2018-7208 ,details1

2025-09-19 12:18:15,730 - INFO - detecting CVE-2018-7208 coff_pointerize_aux
2025-09-19 12:18:15,731 - INFO - cmd: python main.py --detect --cve_id CVE-2018-7208 --target_bin /binaries/target_clang/binutils/binutils-2.32-o1-objdump --vul_func_name coff_pointerize_aux --project binutils
2025-09-19 12:18:22,958 - ERROR - fail CVE-2018-7208 ,details1

2025-09-19 12:18:22,960 - INFO - detecting CVE-2018-6543 load_specific_debug_section
2025-09-19 12:18:22,960 - INFO - cmd: python main.py --detect --cve_id CVE-2018-6543 --target_bin /binaries/target_clang/binutils/binutils-2.30-o1-objdump --vul_func_name load_specific_debug_section --project binutils
2025-09-19 12:18:37,798 - INFO - success CVE-2018-6543,details in cve_test/CVE-2018-6543.log

2025-09-19 12:18:37,799 - INFO - detecting CVE-2018-6543 load_specific_debug_section
2025-09-19 12:18:37,800 - INFO - cmd: python main.py --detect --cve_id CVE-2018-6543 --target_bin /binaries/target_clang/binutils/binutils-2.31-o1-objdump --vul_func_name load_specific_debug_section --project binutils
2025-09-19 12:18:53,676 - INFO - success CVE-2018-6543,details in cve_test/CVE-2018-6543.log

2025-09-19 12:18:53,677 - INFO - detecting CVE-2018-6543 load_specific_debug_section
2025-09-19 12:18:53,678 - INFO - cmd: python main.py --detect --cve_id CVE-2018-6543 --target_bin /binaries/target_clang/binutils/binutils-2.31.1-o1-objdump --vul_func_name load_specific_debug_section --project binutils
2025-09-19 12:19:10,942 - INFO - success CVE-2018-6543,details in cve_test/CVE-2018-6543.log

2025-09-19 12:19:10,943 - INFO - detecting CVE-2018-6543 load_specific_debug_section
2025-09-19 12:19:10,943 - INFO - cmd: python main.py --detect --cve_id CVE-2018-6543 --target_bin /binaries/target_clang/binutils/binutils-2.32-o1-objdump --vul_func_name load_specific_debug_section --project binutils
2025-09-19 12:19:26,032 - ERROR - fail CVE-2018-6543 ,details1

2025-09-19 12:19:26,034 - INFO - detecting CVE-2018-6759 bfd_get_debug_link_info_1
2025-09-19 12:19:26,035 - INFO - cmd: python main.py --detect --cve_id CVE-2018-6759 --target_bin /binaries/target_clang/binutils/binutils-2.30-o1-objdump --vul_func_name bfd_get_debug_link_info_1 --project binutils
2025-09-19 12:19:35,207 - INFO - success CVE-2018-6759,details in cve_test/CVE-2018-6759.log

2025-09-19 12:19:35,208 - INFO - detecting CVE-2018-6759 bfd_get_debug_link_info_1
2025-09-19 12:19:35,209 - INFO - cmd: python main.py --detect --cve_id CVE-2018-6759 --target_bin /binaries/target_clang/binutils/binutils-2.31-o1-objdump --vul_func_name bfd_get_debug_link_info_1 --project binutils
2025-09-19 12:19:43,659 - INFO - success CVE-2018-6759,details in cve_test/CVE-2018-6759.log

2025-09-19 12:19:43,660 - INFO - detecting CVE-2018-6759 bfd_get_debug_link_info_1
2025-09-19 12:19:43,661 - INFO - cmd: python main.py --detect --cve_id CVE-2018-6759 --target_bin /binaries/target_clang/binutils/binutils-2.31.1-o1-objdump --vul_func_name bfd_get_debug_link_info_1 --project binutils
2025-09-19 12:19:52,469 - INFO - success CVE-2018-6759,details in cve_test/CVE-2018-6759.log

2025-09-19 12:19:52,470 - INFO - detecting CVE-2018-6759 bfd_get_debug_link_info_1
2025-09-19 12:19:52,470 - INFO - cmd: python main.py --detect --cve_id CVE-2018-6759 --target_bin /binaries/target_clang/binutils/binutils-2.32-o1-objdump --vul_func_name bfd_get_debug_link_info_1 --project binutils
2025-09-19 12:20:00,801 - INFO - success CVE-2018-6759,details in cve_test/CVE-2018-6759.log

2025-09-19 12:20:00,802 - INFO - detecting CVE-2018-10372 process_cu_tu_index
2025-09-19 12:20:00,803 - INFO - cmd: python main.py --detect --cve_id CVE-2018-10372 --target_bin /binaries/target_clang/binutils/binutils-2.30-o1-objdump --vul_func_name process_cu_tu_index --project binutils
2025-09-19 12:20:12,478 - INFO - success CVE-2018-10372,details in cve_test/CVE-2018-10372.log

2025-09-19 12:20:12,479 - INFO - detecting CVE-2018-10372 process_cu_tu_index
2025-09-19 12:20:12,480 - INFO - cmd: python main.py --detect --cve_id CVE-2018-10372 --target_bin /binaries/target_clang/binutils/binutils-2.31-o1-objdump --vul_func_name process_cu_tu_index --project binutils
2025-09-19 12:20:23,996 - INFO - success CVE-2018-10372,details in cve_test/CVE-2018-10372.log

2025-09-19 12:20:23,997 - INFO - detecting CVE-2018-10372 process_cu_tu_index
2025-09-19 12:20:23,997 - INFO - cmd: python main.py --detect --cve_id CVE-2018-10372 --target_bin /binaries/target_clang/binutils/binutils-2.31.1-o1-objdump --vul_func_name process_cu_tu_index --project binutils
2025-09-19 12:20:34,772 - INFO - success CVE-2018-10372,details in cve_test/CVE-2018-10372.log

2025-09-19 12:20:34,774 - INFO - detecting CVE-2018-10372 process_cu_tu_index
2025-09-19 12:20:34,774 - INFO - cmd: python main.py --detect --cve_id CVE-2018-10372 --target_bin /binaries/target_clang/binutils/binutils-2.32-o1-objdump --vul_func_name process_cu_tu_index --project binutils
2025-09-19 12:20:46,129 - INFO - success CVE-2018-10372,details in cve_test/CVE-2018-10372.log

2025-09-19 12:20:46,130 - INFO - detecting CVE-2018-10373 concat_filename
2025-09-19 12:20:46,131 - INFO - cmd: python main.py --detect --cve_id CVE-2018-10373 --target_bin /binaries/target_clang/binutils/binutils-2.30-o1-objdump --vul_func_name concat_filename --project binutils
2025-09-19 12:20:56,735 - INFO - success CVE-2018-10373,details in cve_test/CVE-2018-10373.log

2025-09-19 12:20:56,736 - INFO - detecting CVE-2018-10373 concat_filename
2025-09-19 12:20:56,737 - INFO - cmd: python main.py --detect --cve_id CVE-2018-10373 --target_bin /binaries/target_clang/binutils/binutils-2.31-o1-objdump --vul_func_name concat_filename --project binutils
2025-09-19 12:21:05,211 - INFO - success CVE-2018-10373,details in cve_test/CVE-2018-10373.log

2025-09-19 12:21:05,213 - INFO - detecting CVE-2018-10373 concat_filename
2025-09-19 12:21:05,214 - INFO - cmd: python main.py --detect --cve_id CVE-2018-10373 --target_bin /binaries/target_clang/binutils/binutils-2.31.1-o1-objdump --vul_func_name concat_filename --project binutils
2025-09-19 12:21:13,467 - INFO - success CVE-2018-10373,details in cve_test/CVE-2018-10373.log

2025-09-19 12:21:13,469 - INFO - detecting CVE-2018-10373 concat_filename
2025-09-19 12:21:13,469 - INFO - cmd: python main.py --detect --cve_id CVE-2018-10373 --target_bin /binaries/target_clang/binutils/binutils-2.32-o1-objdump --vul_func_name concat_filename --project binutils
2025-09-19 12:21:21,621 - INFO - success CVE-2018-10373,details in cve_test/CVE-2018-10373.log

2025-09-19 12:21:21,623 - INFO - detecting CVE-2018-8945 _bfd_elf_parse_attributes
2025-09-19 12:21:21,623 - INFO - cmd: python main.py --detect --cve_id CVE-2018-8945 --target_bin /binaries/target_clang/binutils/binutils-2.30-o1-objdump --vul_func_name _bfd_elf_parse_attributes --project binutils
2025-09-19 12:21:32,875 - INFO - success CVE-2018-8945,details in cve_test/CVE-2018-8945.log

2025-09-19 12:21:32,876 - INFO - detecting CVE-2018-8945 _bfd_elf_parse_attributes
2025-09-19 12:21:32,877 - INFO - cmd: python main.py --detect --cve_id CVE-2018-8945 --target_bin /binaries/target_clang/binutils/binutils-2.31-o1-objdump --vul_func_name _bfd_elf_parse_attributes --project binutils
2025-09-19 12:21:44,223 - INFO - success CVE-2018-8945,details in cve_test/CVE-2018-8945.log

2025-09-19 12:21:44,224 - INFO - detecting CVE-2018-8945 _bfd_elf_parse_attributes
2025-09-19 12:21:44,225 - INFO - cmd: python main.py --detect --cve_id CVE-2018-8945 --target_bin /binaries/target_clang/binutils/binutils-2.31.1-o1-objdump --vul_func_name _bfd_elf_parse_attributes --project binutils
2025-09-19 12:21:54,933 - INFO - success CVE-2018-8945,details in cve_test/CVE-2018-8945.log

2025-09-19 12:21:54,936 - INFO - detecting CVE-2018-8945 _bfd_elf_parse_attributes
2025-09-19 12:21:54,936 - INFO - cmd: python main.py --detect --cve_id CVE-2018-8945 --target_bin /binaries/target_clang/binutils/binutils-2.32-o1-objdump --vul_func_name _bfd_elf_parse_attributes --project binutils
2025-09-19 12:22:07,094 - INFO - success CVE-2018-8945,details in cve_test/CVE-2018-8945.log

2025-09-19 12:22:07,096 - INFO - detecting CVE-2018-18607 elf_link_input_bfd
2025-09-19 12:22:07,096 - INFO - cmd: python main.py --detect --cve_id CVE-2018-18607 --target_bin /binaries/target_clang/binutils/binutils-2.31-o1-objdump --vul_func_name elf_link_input_bfd --project binutils
2025-09-19 12:22:21,683 - INFO - success CVE-2018-18607,details in cve_test/CVE-2018-18607.log

2025-09-19 12:22:21,685 - INFO - detecting CVE-2018-18607 elf_link_input_bfd
2025-09-19 12:22:21,686 - INFO - cmd: python main.py --detect --cve_id CVE-2018-18607 --target_bin /binaries/target_clang/binutils/binutils-2.32-o1-objdump --vul_func_name elf_link_input_bfd --project binutils
2025-09-19 12:22:36,090 - INFO - success CVE-2018-18607,details in cve_test/CVE-2018-18607.log

2025-09-19 12:22:36,091 - INFO - detecting CVE-2018-18607 elf_link_input_bfd
2025-09-19 12:22:36,092 - INFO - cmd: python main.py --detect --cve_id CVE-2018-18607 --target_bin /binaries/target_clang/binutils/binutils-2.33.1-o1-objdump --vul_func_name elf_link_input_bfd --project binutils
2025-09-19 12:22:52,099 - INFO - success CVE-2018-18607,details in cve_test/CVE-2018-18607.log

2025-09-19 12:22:52,100 - INFO - detecting CVE-2018-18607 elf_link_input_bfd
2025-09-19 12:22:52,101 - INFO - cmd: python main.py --detect --cve_id CVE-2018-18607 --target_bin /binaries/target_clang/binutils/binutils-2.34-o1-objdump --vul_func_name elf_link_input_bfd --project binutils
2025-09-19 12:23:07,366 - INFO - success CVE-2018-18607,details in cve_test/CVE-2018-18607.log

2025-09-19 12:23:07,368 - INFO - detecting CVE-2018-20671 load_specific_debug_section
2025-09-19 12:23:07,368 - INFO - cmd: python main.py --detect --cve_id CVE-2018-20671 --target_bin /binaries/target_clang/binutils/binutils-2.31.1-o1-objdump --vul_func_name load_specific_debug_section --project binutils
2025-09-19 12:23:23,885 - INFO - success CVE-2018-20671,details in cve_test/CVE-2018-20671.log

2025-09-19 12:23:23,887 - INFO - detecting CVE-2018-20671 load_specific_debug_section
2025-09-19 12:23:23,888 - INFO - cmd: python main.py --detect --cve_id CVE-2018-20671 --target_bin /binaries/target_clang/binutils/binutils-2.31-o1-objdump --vul_func_name load_specific_debug_section --project binutils
2025-09-19 12:23:39,878 - INFO - success CVE-2018-20671,details in cve_test/CVE-2018-20671.log

2025-09-19 12:23:39,880 - INFO - detecting CVE-2018-20671 load_specific_debug_section
2025-09-19 12:23:39,880 - INFO - cmd: python main.py --detect --cve_id CVE-2018-20671 --target_bin /binaries/target_clang/binutils/binutils-2.30-o1-objdump --vul_func_name load_specific_debug_section --project binutils
2025-09-19 12:23:54,880 - INFO - success CVE-2018-20671,details in cve_test/CVE-2018-20671.log

2025-09-19 12:23:54,882 - INFO - detecting CVE-2018-20671 load_specific_debug_section
2025-09-19 12:23:54,883 - INFO - cmd: python main.py --detect --cve_id CVE-2018-20671 --target_bin /binaries/target_clang/binutils/binutils-2.32-o1-objdump --vul_func_name load_specific_debug_section --project binutils
2025-09-19 12:24:09,826 - ERROR - fail CVE-2018-20671 ,details1

2025-09-19 12:24:09,828 - INFO - detecting CVE-2018-20671 load_specific_debug_section
2025-09-19 12:24:09,828 - INFO - cmd: python main.py --detect --cve_id CVE-2018-20671 --target_bin /binaries/target_clang/binutils/binutils-2.33.1-o1-objdump --vul_func_name load_specific_debug_section --project binutils
2025-09-19 12:24:24,963 - INFO - success CVE-2018-20671,details in cve_test/CVE-2018-20671.log

2025-09-19 12:24:24,965 - INFO - detecting CVE-2018-20671 load_specific_debug_section
2025-09-19 12:24:24,966 - INFO - cmd: python main.py --detect --cve_id CVE-2018-20671 --target_bin /binaries/target_clang/binutils/binutils-2.34-o1-objdump --vul_func_name load_specific_debug_section --project binutils
2025-09-19 12:24:41,327 - INFO - success CVE-2018-20671,details in cve_test/CVE-2018-20671.log

2025-09-19 12:24:41,329 - INFO - detecting CVE-2021-20294 print_dynamic_symbol
2025-09-19 12:24:41,330 - INFO - cmd: python main.py --detect --cve_id CVE-2021-20294 --target_bin /binaries/target_clang/binutils/binutils-2.35.1-o1-readelf --vul_func_name print_dynamic_symbol --project binutils
2025-09-19 12:25:02,725 - INFO - success CVE-2021-20294,details in cve_test/CVE-2021-20294.log

2025-09-19 12:25:02,728 - INFO - detecting CVE-2021-20294 print_dynamic_symbol
2025-09-19 12:25:02,728 - INFO - cmd: python main.py --detect --cve_id CVE-2021-20294 --target_bin /binaries/target_clang/binutils/binutils-2.35-o1-readelf --vul_func_name print_dynamic_symbol --project binutils
2025-09-19 12:25:19,494 - INFO - success CVE-2021-20294,details in cve_test/CVE-2021-20294.log

2025-09-19 12:25:19,495 - INFO - detecting CVE-2021-20294 print_dynamic_symbol
2025-09-19 12:25:19,496 - INFO - cmd: python main.py --detect --cve_id CVE-2021-20294 --target_bin /binaries/target_clang/binutils/binutils-2.35.2-o1-readelf --vul_func_name print_dynamic_symbol --project binutils
2025-09-19 12:25:38,880 - INFO - success CVE-2021-20294,details in cve_test/CVE-2021-20294.log

2025-09-19 12:25:38,882 - INFO - detecting CVE-2021-20294 print_dynamic_symbol
2025-09-19 12:25:38,882 - INFO - cmd: python main.py --detect --cve_id CVE-2021-20294 --target_bin /binaries/target_clang/binutils/binutils-2.36.1-o1-readelf --vul_func_name print_dynamic_symbol --project binutils
2025-09-19 12:25:57,355 - INFO - success CVE-2021-20294,details in cve_test/CVE-2021-20294.log

2025-09-19 12:25:57,357 - INFO - detecting CVE-2021-20294 print_dynamic_symbol
2025-09-19 12:25:57,357 - INFO - cmd: python main.py --detect --cve_id CVE-2021-20294 --target_bin /binaries/target_clang/binutils/binutils-2.37-o1-readelf --vul_func_name print_dynamic_symbol --project binutils
2025-09-19 12:26:16,590 - INFO - success CVE-2021-20294,details in cve_test/CVE-2021-20294.log

2025-09-19 12:26:16,592 - INFO - detecting CVE-2021-45078 stab_xcoff_builtin_type
2025-09-19 12:26:16,593 - INFO - cmd: python main.py --detect --cve_id CVE-2021-45078 --target_bin /binaries/target_clang/binutils/binutils-2.37-o1-objdump --vul_func_name stab_xcoff_builtin_type --project binutils
2025-09-19 12:26:23,758 - ERROR - fail CVE-2021-45078 ,details1

2025-09-19 12:26:23,759 - INFO - detecting CVE-2021-45078 stab_xcoff_builtin_type
2025-09-19 12:26:23,759 - INFO - cmd: python main.py --detect --cve_id CVE-2021-45078 --target_bin /binaries/target_clang/binutils/binutils-2.36.1-o1-objdump --vul_func_name stab_xcoff_builtin_type --project binutils
2025-09-19 12:26:31,515 - ERROR - fail CVE-2021-45078 ,details1

2025-09-19 12:26:31,516 - INFO - detecting CVE-2021-45078 stab_xcoff_builtin_type
2025-09-19 12:26:31,517 - INFO - cmd: python main.py --detect --cve_id CVE-2021-45078 --target_bin /binaries/target_clang/binutils/binutils-2.35.2-o1-objdump --vul_func_name stab_xcoff_builtin_type --project binutils
2025-09-19 12:26:39,594 - ERROR - fail CVE-2021-45078 ,details1

2025-09-19 12:26:39,596 - INFO - detecting CVE-2021-45078 stab_xcoff_builtin_type
2025-09-19 12:26:39,597 - INFO - cmd: python main.py --detect --cve_id CVE-2021-45078 --target_bin /binaries/target_clang/binutils/binutils-2.38-o1-objdump --vul_func_name stab_xcoff_builtin_type --project binutils
2025-09-19 12:26:48,022 - ERROR - fail CVE-2021-45078 ,details1

2025-09-19 12:26:48,024 - INFO - detecting CVE-2021-45078 stab_xcoff_builtin_type
2025-09-19 12:26:48,026 - INFO - cmd: python main.py --detect --cve_id CVE-2021-45078 --target_bin /binaries/target_clang/binutils/binutils-2.39-o1-objdump --vul_func_name stab_xcoff_builtin_type --project binutils
2025-09-19 12:26:56,001 - ERROR - fail CVE-2021-45078 ,details1

2025-09-19 12:26:56,003 - INFO - detecting CVE-2021-45078 stab_xcoff_builtin_type
2025-09-19 12:26:56,003 - INFO - cmd: python main.py --detect --cve_id CVE-2021-45078 --target_bin /binaries/target_clang/binutils/binutils-2.40-o1-objdump --vul_func_name stab_xcoff_builtin_type --project binutils
2025-09-19 12:27:01,500 - ERROR - fail CVE-2021-45078 ,details1

2025-09-19 12:27:01,502 - INFO - detecting CVE-2023-25586 bfd_init_section_decompress_status
2025-09-19 12:27:01,502 - INFO - cmd: python main.py --detect --cve_id CVE-2023-25586 --target_bin /binaries/target_clang/binutils/binutils-2.40-o1-objdump --vul_func_name bfd_init_section_decompress_status --project binutils
2025-09-19 12:27:07,771 - ERROR - fail CVE-2023-25586 ,details1

2025-09-19 12:27:07,773 - INFO - detecting CVE-2023-25586 bfd_init_section_decompress_status
2025-09-19 12:27:07,774 - INFO - cmd: python main.py --detect --cve_id CVE-2023-25586 --target_bin /binaries/target_clang/binutils/binutils-2.41-o1-objdump --vul_func_name bfd_init_section_decompress_status --project binutils
2025-09-19 12:27:22,834 - INFO - success CVE-2023-25586,details in cve_test/CVE-2023-25586.log

2025-09-19 12:27:22,836 - INFO - detecting CVE-2023-25586 bfd_init_section_decompress_status
2025-09-19 12:27:22,836 - INFO - cmd: python main.py --detect --cve_id CVE-2023-25586 --target_bin /binaries/target_clang/binutils/binutils-2.42-o1-objdump --vul_func_name bfd_init_section_decompress_status --project binutils
2025-09-19 12:27:36,560 - INFO - success CVE-2023-25586,details in cve_test/CVE-2023-25586.log

2025-09-19 12:27:36,562 - INFO - detecting CVE-2023-25586 bfd_init_section_decompress_status
2025-09-19 12:27:36,562 - INFO - cmd: python main.py --detect --cve_id CVE-2023-25586 --target_bin /binaries/target_clang/binutils/binutils-2.43-o1-objdump --vul_func_name bfd_init_section_decompress_status --project binutils
2025-09-19 12:27:49,835 - INFO - success CVE-2023-25586,details in cve_test/CVE-2023-25586.log

2025-09-19 12:27:49,837 - INFO - detecting CVE-2022-48065 find_abstract_instance
2025-09-19 12:27:49,842 - INFO - cmd: python main.py --detect --cve_id CVE-2022-48065 --target_bin /binaries/target_clang/binutils/binutils-2.39-o1-objdump --vul_func_name find_abstract_instance --project binutils
2025-09-19 12:28:01,728 - INFO - success CVE-2022-48065,details in cve_test/CVE-2022-48065.log

2025-09-19 12:28:01,729 - INFO - detecting CVE-2022-48065 find_abstract_instance
2025-09-19 12:28:01,730 - INFO - cmd: python main.py --detect --cve_id CVE-2022-48065 --target_bin /binaries/target_clang/binutils/binutils-2.38-o1-objdump --vul_func_name find_abstract_instance --project binutils
2025-09-19 12:28:15,585 - INFO - success CVE-2022-48065,details in cve_test/CVE-2022-48065.log

2025-09-19 12:28:15,586 - INFO - detecting CVE-2022-48065 find_abstract_instance
2025-09-19 12:28:15,587 - INFO - cmd: python main.py --detect --cve_id CVE-2022-48065 --target_bin /binaries/target_clang/binutils/binutils-2.37-o1-objdump --vul_func_name find_abstract_instance --project binutils
2025-09-19 12:28:27,378 - INFO - success CVE-2022-48065,details in cve_test/CVE-2022-48065.log

2025-09-19 12:28:27,379 - INFO - detecting CVE-2022-48065 find_abstract_instance
2025-09-19 12:28:27,379 - INFO - cmd: python main.py --detect --cve_id CVE-2022-48065 --target_bin /binaries/target_clang/binutils/binutils-2.40-o1-objdump --vul_func_name find_abstract_instance --project binutils
2025-09-19 12:28:33,065 - ERROR - fail CVE-2022-48065 ,details1

2025-09-19 12:28:33,066 - INFO - detecting CVE-2022-48065 find_abstract_instance
2025-09-19 12:28:33,066 - INFO - cmd: python main.py --detect --cve_id CVE-2022-48065 --target_bin /binaries/target_clang/binutils/binutils-2.41-o1-objdump --vul_func_name find_abstract_instance --project binutils
2025-09-19 12:28:43,049 - INFO - success CVE-2022-48065,details in cve_test/CVE-2022-48065.log

2025-09-19 12:28:43,050 - INFO - detecting CVE-2022-48065 find_abstract_instance
2025-09-19 12:28:43,050 - INFO - cmd: python main.py --detect --cve_id CVE-2022-48065 --target_bin /binaries/target_clang/binutils/binutils-2.42-o1-objdump --vul_func_name find_abstract_instance --project binutils
2025-09-19 12:28:53,404 - INFO - success CVE-2022-48065,details in cve_test/CVE-2022-48065.log