CVE ID: CVE-2017-8395
Target Binary: /binaries/target_clang/binutils/binutils-2.28-o1-objdump
Vulnerable Function Name: bfd_init_section_compress_status
Overall Score is: 0.646
--------------------------------------------
CVE ID: CVE-2017-8395
Target Binary: /binaries/target_clang/binutils/binutils-2.29-o1-objdump
Vulnerable Function Name: bfd_init_section_compress_status
Overall Score is: 0.646
--------------------------------------------
CVE ID: CVE-2017-8395
Target Binary: /binaries/target_clang/binutils/binutils-2.29.1-o1-objdump
Vulnerable Function Name: bfd_init_section_compress_status
Overall Score is: 0.646
--------------------------------------------
CVE ID: CVE-2017-8395
Target Binary: /binaries/target_clang/binutils/binutils-2.30-o1-objdump
Vulnerable Function Name: bfd_init_section_compress_status
Overall Score is: 0.646
--------------------------------------------
CVE ID: CVE-2017-8396
Target Binary: /binaries/target_clang/binutils/binutils-2.28-o1-objdump
Vulnerable Function Name: _bfd_final_link_relocate
Overall Score is: -0.573
--------------------------------------------
CVE ID: CVE-2017-8396
Target Binary: /binaries/target_clang/binutils/binutils-2.29-o1-objdump
Vulnerable Function Name: _bfd_final_link_relocate
Overall Score is: -0.635
--------------------------------------------
CVE ID: CVE-2017-8396
Target Binary: /binaries/target_clang/binutils/binutils-2.29.1-o1-objdump
Vulnerable Function Name: _bfd_final_link_relocate
Overall Score is: -0.635
--------------------------------------------
CVE ID: CVE-2017-8396
Target Binary: /binaries/target_clang/binutils/binutils-2.30-o1-objdump
Vulnerable Function Name: _bfd_final_link_relocate
Overall Score is: -0.635
--------------------------------------------
CVE ID: CVE-2017-8396
Target Binary: /binaries/target_clang/binutils/binutils-2.28-o1-objdump
Vulnerable Function Name: bfd_install_relocation
Overall Score is: -0.517
--------------------------------------------
CVE ID: CVE-2017-8396
Target Binary: /binaries/target_clang/binutils/binutils-2.29-o1-objdump
Vulnerable Function Name: bfd_install_relocation
Overall Score is: -0.572
--------------------------------------------
CVE ID: CVE-2017-8396
Target Binary: /binaries/target_clang/binutils/binutils-2.29.1-o1-objdump
Vulnerable Function Name: bfd_install_relocation
Overall Score is: -0.572
--------------------------------------------
CVE ID: CVE-2017-8396
Target Binary: /binaries/target_clang/binutils/binutils-2.30-o1-objdump
Vulnerable Function Name: bfd_install_relocation
Overall Score is: -0.572
--------------------------------------------
CVE ID: CVE-2017-14129
Target Binary: /binaries/target_clang/binutils/binutils-2.29-o1-objdump
Vulnerable Function Name: read_section
Overall Score is: -0.116
--------------------------------------------
CVE ID: CVE-2017-14129
Target Binary: /binaries/target_clang/binutils/binutils-2.29.1-o1-objdump
Vulnerable Function Name: read_section
Overall Score is: 0.019
--------------------------------------------
CVE ID: CVE-2017-14129
Target Binary: /binaries/target_clang/binutils/binutils-2.30-o1-objdump
Vulnerable Function Name: read_section
Overall Score is: -0.116
--------------------------------------------
CVE ID: CVE-2017-14129
Target Binary: /binaries/target_clang/binutils/binutils-2.31-o1-objdump
Vulnerable Function Name: read_section
Overall Score is: -0.116
--------------------------------------------
CVE ID: CVE-2017-12448
Target Binary: /binaries/target_clang/binutils/binutils-2.29-o1-objdump
Vulnerable Function Name: bfd_generic_archive_p
Overall Score is: -0.005
--------------------------------------------
CVE ID: CVE-2017-12448
Target Binary: /binaries/target_clang/binutils/binutils-2.28-o1-objdump
Vulnerable Function Name: bfd_generic_archive_p
Overall Score is: -0.005
--------------------------------------------
CVE ID: CVE-2017-12448
Target Binary: /binaries/target_clang/binutils/binutils-2.29.1-o1-objdump
Vulnerable Function Name: bfd_generic_archive_p
Overall Score is: -0.005
--------------------------------------------
CVE ID: CVE-2017-12448
Target Binary: /binaries/target_clang/binutils/binutils-2.30-o1-objdump
Vulnerable Function Name: bfd_generic_archive_p
Overall Score is: -0.005
--------------------------------------------
CVE ID: CVE-2017-12448
Target Binary: /binaries/target_clang/binutils/binutils-2.31-o1-objdump
Vulnerable Function Name: bfd_generic_archive_p
Overall Score is: -0.005
--------------------------------------------
CVE ID: CVE-2017-15024
Target Binary: /binaries/target_clang/binutils/binutils-2.29-o1-objdump
Vulnerable Function Name: scan_unit_for_symbols
Overall Score is: 0.124
--------------------------------------------
CVE ID: CVE-2017-15024
Target Binary: /binaries/target_clang/binutils/binutils-2.29.1-o1-objdump
Vulnerable Function Name: scan_unit_for_symbols
Overall Score is: 0.124
--------------------------------------------
CVE ID: CVE-2017-15024
Target Binary: /binaries/target_clang/binutils/binutils-2.30-o1-objdump
Vulnerable Function Name: scan_unit_for_symbols
Overall Score is: 0.233
--------------------------------------------
CVE ID: CVE-2017-15024
Target Binary: /binaries/target_clang/binutils/binutils-2.31-o1-objdump
Vulnerable Function Name: scan_unit_for_symbols
Overall Score is: 0.357
--------------------------------------------
CVE ID: CVE-2017-15024
Target Binary: /binaries/target_clang/binutils/binutils-2.29-o1-objdump
Vulnerable Function Name: find_abstract_instance_name
Overall Score is: 0.572
--------------------------------------------
CVE ID: CVE-2017-15024
Target Binary: /binaries/target_clang/binutils/binutils-2.29.1-o1-objdump
Vulnerable Function Name: find_abstract_instance_name
Overall Score is: 0.572
--------------------------------------------
CVE ID: CVE-2017-15024
Target Binary: /binaries/target_clang/binutils/binutils-2.30-o1-objdump
Vulnerable Function Name: find_abstract_instance_name
Overall Score is: 0.546
--------------------------------------------
CVE ID: CVE-2017-15020
Target Binary: /binaries/target_clang/binutils/binutils-2.29-o1-objdump
Vulnerable Function Name: parse_die
Overall Score is: 0.732
--------------------------------------------
CVE ID: CVE-2017-15020
Target Binary: /binaries/target_clang/binutils/binutils-2.30-o1-objdump
Vulnerable Function Name: parse_die
Overall Score is: 0.055
--------------------------------------------
CVE ID: CVE-2017-15020
Target Binary: /binaries/target_clang/binutils/binutils-2.31-o1-objdump
Vulnerable Function Name: parse_die
Overall Score is: -0.430
--------------------------------------------
CVE ID: CVE-2017-15020
Target Binary: /binaries/target_clang/binutils/binutils-2.31.1-o1-objdump
Vulnerable Function Name: parse_die
Overall Score is: -0.430
--------------------------------------------
CVE ID: CVE-2017-14933
Target Binary: /binaries/target_clang/binutils/binutils-2.29-o1-objdump
Vulnerable Function Name: read_formatted_entries
Overall Score is: 0.842
--------------------------------------------
CVE ID: CVE-2017-14933
Target Binary: /binaries/target_clang/binutils/binutils-2.30-o1-objdump
Vulnerable Function Name: read_formatted_entries
Overall Score is: 0.842
--------------------------------------------
CVE ID: CVE-2017-14933
Target Binary: /binaries/target_clang/binutils/binutils-2.31-o1-objdump
Vulnerable Function Name: read_formatted_entries
Overall Score is: 0.842
--------------------------------------------
CVE ID: CVE-2017-14933
Target Binary: /binaries/target_clang/binutils/binutils-2.31.1-o1-objdump
Vulnerable Function Name: read_formatted_entries
Overall Score is: 0.842
--------------------------------------------
CVE ID: CVE-2017-15938
Target Binary: /binaries/target_clang/binutils/binutils-2.29-o1-objdump
Vulnerable Function Name: find_abstract_instance_name
Overall Score is: -0.475
--------------------------------------------
CVE ID: CVE-2017-15938
Target Binary: /binaries/target_clang/binutils/binutils-2.30-o1-objdump
Vulnerable Function Name: find_abstract_instance_name
Overall Score is: 0.617
--------------------------------------------
CVE ID: CVE-2017-15939
Target Binary: /binaries/target_clang/binutils/binutils-2.29-o1-objdump
Vulnerable Function Name: decode_line_info
Overall Score is: 0.233
--------------------------------------------
CVE ID: CVE-2017-15939
Target Binary: /binaries/target_clang/binutils/binutils-2.30-o1-objdump
Vulnerable Function Name: decode_line_info
Overall Score is: 0.233
--------------------------------------------
CVE ID: CVE-2017-15939
Target Binary: /binaries/target_clang/binutils/binutils-2.31-o1-objdump
Vulnerable Function Name: decode_line_info
Overall Score is: 0.233
--------------------------------------------
CVE ID: CVE-2017-15939
Target Binary: /binaries/target_clang/binutils/binutils-2.31.1-o1-objdump
Vulnerable Function Name: decode_line_info
Overall Score is: 0.233
--------------------------------------------
CVE ID: CVE-2017-15996
Target Binary: /binaries/target_clang/binutils/binutils-2.29-o1-objdump
Vulnerable Function Name: process_archive_index_and_symbols
Overall Score is: 0.024
--------------------------------------------
CVE ID: CVE-2017-15996
Target Binary: /binaries/target_clang/binutils/binutils-2.30-o1-objdump
Vulnerable Function Name: process_archive_index_and_symbols
Overall Score is: 0.222
--------------------------------------------
CVE ID: CVE-2017-15996
Target Binary: /binaries/target_clang/binutils/binutils-2.31-o1-objdump
Vulnerable Function Name: process_archive_index_and_symbols
Overall Score is: 0.222
--------------------------------------------
CVE ID: CVE-2017-15996
Target Binary: /binaries/target_clang/binutils/binutils-2.31.1-o1-objdump
Vulnerable Function Name: process_archive_index_and_symbols
Overall Score is: 0.222
--------------------------------------------
CVE ID: CVE-2017-16831
Target Binary: /binaries/target_clang/binutils/binutils-2.29.1-o1-objdump
Vulnerable Function Name: coff_get_normalized_symtab
Overall Score is: 0.221
--------------------------------------------
CVE ID: CVE-2017-16831
Target Binary: /binaries/target_clang/binutils/binutils-2.30-o1-objdump
Vulnerable Function Name: coff_get_normalized_symtab
Overall Score is: 0.222
--------------------------------------------
CVE ID: CVE-2017-16831
Target Binary: /binaries/target_clang/binutils/binutils-2.31-o1-objdump
Vulnerable Function Name: coff_get_normalized_symtab
Overall Score is: 0.222
--------------------------------------------
CVE ID: CVE-2017-16831
Target Binary: /binaries/target_clang/binutils/binutils-2.31.1-o1-objdump
Vulnerable Function Name: coff_get_normalized_symtab
Overall Score is: 0.222
--------------------------------------------
CVE ID: CVE-2017-16831
Target Binary: /binaries/target_clang/binutils/binutils-2.29.1-o1-objdump
Vulnerable Function Name: _bfd_coff_get_external_symbols
Overall Score is: 0.148
--------------------------------------------
CVE ID: CVE-2017-16831
Target Binary: /binaries/target_clang/binutils/binutils-2.30-o1-objdump
Vulnerable Function Name: _bfd_coff_get_external_symbols
Overall Score is: 0.168
--------------------------------------------
CVE ID: CVE-2017-16831
Target Binary: /binaries/target_clang/binutils/binutils-2.31-o1-objdump
Vulnerable Function Name: _bfd_coff_get_external_symbols
Overall Score is: 0.176
--------------------------------------------
CVE ID: CVE-2017-16831
Target Binary: /binaries/target_clang/binutils/binutils-2.31.1-o1-objdump
Vulnerable Function Name: _bfd_coff_get_external_symbols
Overall Score is: 0.176
--------------------------------------------
CVE ID: CVE-2018-6543
Target Binary: /binaries/target_clang/binutils/binutils-2.30-o1-objdump
Vulnerable Function Name: load_specific_debug_section
Overall Score is: 0.283
--------------------------------------------
CVE ID: CVE-2018-6543
Target Binary: /binaries/target_clang/binutils/binutils-2.31-o1-objdump
Vulnerable Function Name: load_specific_debug_section
Overall Score is: 0.277
--------------------------------------------
CVE ID: CVE-2018-6543
Target Binary: /binaries/target_clang/binutils/binutils-2.31.1-o1-objdump
Vulnerable Function Name: load_specific_debug_section
Overall Score is: 0.277
--------------------------------------------
CVE ID: CVE-2018-6759
Target Binary: /binaries/target_clang/binutils/binutils-2.30-o1-objdump
Vulnerable Function Name: bfd_get_debug_link_info_1
Overall Score is: -0.116
--------------------------------------------
CVE ID: CVE-2018-6759
Target Binary: /binaries/target_clang/binutils/binutils-2.31-o1-objdump
Vulnerable Function Name: bfd_get_debug_link_info_1
Overall Score is: -0.116
--------------------------------------------
CVE ID: CVE-2018-6759
Target Binary: /binaries/target_clang/binutils/binutils-2.31.1-o1-objdump
Vulnerable Function Name: bfd_get_debug_link_info_1
Overall Score is: -0.116
--------------------------------------------
CVE ID: CVE-2018-6759
Target Binary: /binaries/target_clang/binutils/binutils-2.32-o1-objdump
Vulnerable Function Name: bfd_get_debug_link_info_1
Overall Score is: -0.116
--------------------------------------------
CVE ID: CVE-2018-10372
Target Binary: /binaries/target_clang/binutils/binutils-2.30-o1-objdump
Vulnerable Function Name: process_cu_tu_index
Overall Score is: 0.233
--------------------------------------------
CVE ID: CVE-2018-10372
Target Binary: /binaries/target_clang/binutils/binutils-2.31-o1-objdump
Vulnerable Function Name: process_cu_tu_index
Overall Score is: 0.233
--------------------------------------------
CVE ID: CVE-2018-10372
Target Binary: /binaries/target_clang/binutils/binutils-2.31.1-o1-objdump
Vulnerable Function Name: process_cu_tu_index
Overall Score is: 0.233
--------------------------------------------
CVE ID: CVE-2018-10372
Target Binary: /binaries/target_clang/binutils/binutils-2.32-o1-objdump
Vulnerable Function Name: process_cu_tu_index
Overall Score is: 0.233
--------------------------------------------
CVE ID: CVE-2018-10373
Target Binary: /binaries/target_clang/binutils/binutils-2.30-o1-objdump
Vulnerable Function Name: concat_filename
Overall Score is: 0.425
--------------------------------------------
CVE ID: CVE-2018-10373
Target Binary: /binaries/target_clang/binutils/binutils-2.31-o1-objdump
Vulnerable Function Name: concat_filename
Overall Score is: 0.425
--------------------------------------------
CVE ID: CVE-2018-10373
Target Binary: /binaries/target_clang/binutils/binutils-2.31.1-o1-objdump
Vulnerable Function Name: concat_filename
Overall Score is: 0.425
--------------------------------------------
CVE ID: CVE-2018-10373
Target Binary: /binaries/target_clang/binutils/binutils-2.32-o1-objdump
Vulnerable Function Name: concat_filename
Overall Score is: 0.425
--------------------------------------------
CVE ID: CVE-2018-8945
Target Binary: /binaries/target_clang/binutils/binutils-2.30-o1-objdump
Vulnerable Function Name: _bfd_elf_parse_attributes
Overall Score is: 0.455
--------------------------------------------
CVE ID: CVE-2018-8945
Target Binary: /binaries/target_clang/binutils/binutils-2.31-o1-objdump
Vulnerable Function Name: _bfd_elf_parse_attributes
Overall Score is: 0.455
--------------------------------------------
CVE ID: CVE-2018-8945
Target Binary: /binaries/target_clang/binutils/binutils-2.31.1-o1-objdump
Vulnerable Function Name: _bfd_elf_parse_attributes
Overall Score is: 0.455
--------------------------------------------
CVE ID: CVE-2018-8945
Target Binary: /binaries/target_clang/binutils/binutils-2.32-o1-objdump
Vulnerable Function Name: _bfd_elf_parse_attributes
Overall Score is: 0.455
--------------------------------------------
CVE ID: CVE-2018-18607
Target Binary: /binaries/target_clang/binutils/binutils-2.31-o1-objdump
Vulnerable Function Name: elf_link_input_bfd
Overall Score is: 0.284
--------------------------------------------
CVE ID: CVE-2018-18607
Target Binary: /binaries/target_clang/binutils/binutils-2.32-o1-objdump
Vulnerable Function Name: elf_link_input_bfd
Overall Score is: 0.284
--------------------------------------------
CVE ID: CVE-2018-18607
Target Binary: /binaries/target_clang/binutils/binutils-2.33.1-o1-objdump
Vulnerable Function Name: elf_link_input_bfd
Overall Score is: 0.233
--------------------------------------------
CVE ID: CVE-2018-18607
Target Binary: /binaries/target_clang/binutils/binutils-2.34-o1-objdump
Vulnerable Function Name: elf_link_input_bfd
Overall Score is: 0.289
--------------------------------------------
CVE ID: CVE-2018-20671
Target Binary: /binaries/target_clang/binutils/binutils-2.31.1-o1-objdump
Vulnerable Function Name: load_specific_debug_section
Overall Score is: -0.122
--------------------------------------------
CVE ID: CVE-2018-20671
Target Binary: /binaries/target_clang/binutils/binutils-2.31-o1-objdump
Vulnerable Function Name: load_specific_debug_section
Overall Score is: -0.122
--------------------------------------------
CVE ID: CVE-2018-20671
Target Binary: /binaries/target_clang/binutils/binutils-2.30-o1-objdump
Vulnerable Function Name: load_specific_debug_section
Overall Score is: -0.065
--------------------------------------------
CVE ID: CVE-2018-20671
Target Binary: /binaries/target_clang/binutils/binutils-2.33.1-o1-objdump
Vulnerable Function Name: load_specific_debug_section
Overall Score is: -0.125
--------------------------------------------
CVE ID: CVE-2018-20671
Target Binary: /binaries/target_clang/binutils/binutils-2.34-o1-objdump
Vulnerable Function Name: load_specific_debug_section
Overall Score is: -0.125
--------------------------------------------
CVE ID: CVE-2021-20294
Target Binary: /binaries/target_clang/binutils/binutils-2.35.1-o1-readelf
Vulnerable Function Name: print_dynamic_symbol
Overall Score is: 0.054
--------------------------------------------
CVE ID: CVE-2021-20294
Target Binary: /binaries/target_clang/binutils/binutils-2.35-o1-readelf
Vulnerable Function Name: print_dynamic_symbol
Overall Score is: 0.054
--------------------------------------------
CVE ID: CVE-2021-20294
Target Binary: /binaries/target_clang/binutils/binutils-2.35.2-o1-readelf
Vulnerable Function Name: print_dynamic_symbol
Overall Score is: 0.397
--------------------------------------------
CVE ID: CVE-2021-20294
Target Binary: /binaries/target_clang/binutils/binutils-2.36.1-o1-readelf
Vulnerable Function Name: print_dynamic_symbol
Overall Score is: 0.397
--------------------------------------------
CVE ID: CVE-2021-20294
Target Binary: /binaries/target_clang/binutils/binutils-2.37-o1-readelf
Vulnerable Function Name: print_dynamic_symbol
Overall Score is: 0.409
--------------------------------------------
CVE ID: CVE-2023-25586
Target Binary: /binaries/target_clang/binutils/binutils-2.41-o1-objdump
Vulnerable Function Name: bfd_init_section_decompress_status
Overall Score is: 0.227
--------------------------------------------
CVE ID: CVE-2023-25586
Target Binary: /binaries/target_clang/binutils/binutils-2.42-o1-objdump
Vulnerable Function Name: bfd_init_section_decompress_status
Overall Score is: 0.227
--------------------------------------------
CVE ID: CVE-2023-25586
Target Binary: /binaries/target_clang/binutils/binutils-2.43-o1-objdump
Vulnerable Function Name: bfd_init_section_decompress_status
Overall Score is: 0.227
--------------------------------------------
CVE ID: CVE-2022-48065
Target Binary: /binaries/target_clang/binutils/binutils-2.39-o1-objdump
Vulnerable Function Name: find_abstract_instance
Overall Score is: 0.233
--------------------------------------------
CVE ID: CVE-2022-48065
Target Binary: /binaries/target_clang/binutils/binutils-2.38-o1-objdump
Vulnerable Function Name: find_abstract_instance
Overall Score is: 0.233
--------------------------------------------
CVE ID: CVE-2022-48065
Target Binary: /binaries/target_clang/binutils/binutils-2.37-o1-objdump
Vulnerable Function Name: find_abstract_instance
Overall Score is: 0.233
--------------------------------------------
CVE ID: CVE-2022-48065
Target Binary: /binaries/target_clang/binutils/binutils-2.41-o1-objdump
Vulnerable Function Name: find_abstract_instance
Overall Score is: 0.531
--------------------------------------------
CVE ID: CVE-2022-48065
Target Binary: /binaries/target_clang/binutils/binutils-2.42-o1-objdump
Vulnerable Function Name: find_abstract_instance
Overall Score is: 0.531
--------------------------------------------