--------------------------------------------
CVE ID: CVE-2020-20896
Target Binary: /binaries/target_clang/ffmpeg/ffmpeg-4.2.1-o1-ffmpeg
Vulnerable Function Name: latm_write_packet
Overall Score is: -0.915
--------------------------------------------
CVE ID: CVE-2020-20896
Target Binary: /binaries/target_clang/ffmpeg/ffmpeg-4.1.9-o1-ffmpeg
Vulnerable Function Name: latm_write_packet
Overall Score is: 0.925
--------------------------------------------
CVE ID: CVE-2020-20896
Target Binary: /binaries/target_clang/ffmpeg/ffmpeg-4.2.6-o1-ffmpeg
Vulnerable Function Name: latm_write_packet
Overall Score is: 0.925
--------------------------------------------
CVE ID: CVE-2020-20896
Target Binary: /binaries/target_clang/ffmpeg/ffmpeg-4.3-o1-ffmpeg
Vulnerable Function Name: latm_write_packet
Overall Score is: 0.925
--------------------------------------------
CVE ID: CVE-2020-21697
Target Binary: /binaries/target_clang/ffmpeg/ffmpeg-4.2-o1-ffmpeg
Vulnerable Function Name: mpeg_mux_write_packet
Overall Score is: 0.437
--------------------------------------------
CVE ID: CVE-2020-21697
Target Binary: /binaries/target_clang/ffmpeg/ffmpeg-4.3.3-o1-ffmpeg
Vulnerable Function Name: mpeg_mux_write_packet
Overall Score is: 0.536
--------------------------------------------
CVE ID: CVE-2020-21697
Target Binary: /binaries/target_clang/ffmpeg/ffmpeg-4.4-o1-ffmpeg
Vulnerable Function Name: mpeg_mux_write_packet
Overall Score is: 0.536
--------------------------------------------
CVE ID: CVE-2020-22019
Target Binary: /binaries/target_clang/ffmpeg/ffmpeg-4.2-o1-ffmpeg
Vulnerable Function Name: ff_vmafmotion_init
Overall Score is: 0.257
--------------------------------------------
CVE ID: CVE-2020-22019
Target Binary: /binaries/target_clang/ffmpeg/ffmpeg-4.1.7-o1-ffmpeg
Vulnerable Function Name: ff_vmafmotion_init
Overall Score is: 0.425
--------------------------------------------
CVE ID: CVE-2020-22019
Target Binary: /binaries/target_clang/ffmpeg/ffmpeg-3.4.9-o1-ffmpeg
Vulnerable Function Name: ff_vmafmotion_init
Overall Score is: 0.425
--------------------------------------------
CVE ID: CVE-2020-22019
Target Binary: /binaries/target_clang/ffmpeg/ffmpeg-4.2.5-o1-ffmpeg
Vulnerable Function Name: ff_vmafmotion_init
Overall Score is: 0.425
--------------------------------------------
CVE ID: CVE-2020-22029
Target Binary: /binaries/target_clang/ffmpeg/ffmpeg-4.2-o1-ffmpeg
Vulnerable Function Name: slice_get_derivative
Overall Score is: 0.515
--------------------------------------------
CVE ID: CVE-2020-22029
Target Binary: /binaries/target_clang/ffmpeg/ffmpeg-4.1.8-o1-ffmpeg
Vulnerable Function Name: slice_get_derivative
Overall Score is: 0.519
--------------------------------------------
CVE ID: CVE-2020-22029
Target Binary: /binaries/target_clang/ffmpeg/ffmpeg-4.3-o1-ffmpeg
Vulnerable Function Name: slice_get_derivative
Overall Score is: 0.519
--------------------------------------------
CVE ID: CVE-2020-22037
Target Binary: /binaries/target_clang/ffmpeg/ffmpeg-4.2-o1-ffmpeg
Vulnerable Function Name: ff_frame_thread_encoder_init
Overall Score is: 0.298
--------------------------------------------
CVE ID: CVE-2020-22037
Target Binary: /binaries/target_clang/ffmpeg/ffmpeg-4.1.7-o1-ffmpeg
Vulnerable Function Name: ff_frame_thread_encoder_init
Overall Score is: 0.315
--------------------------------------------
CVE ID: CVE-2020-22037
Target Binary: /binaries/target_clang/ffmpeg/ffmpeg-3.4.9-o1-ffmpeg
Vulnerable Function Name: ff_frame_thread_encoder_init
Overall Score is: 0.315
--------------------------------------------
CVE ID: CVE-2020-22037
Target Binary: /binaries/target_clang/ffmpeg/ffmpeg-4.2.5-o1-ffmpeg
Vulnerable Function Name: ff_frame_thread_encoder_init
Overall Score is: 0.315
--------------------------------------------
CVE ID: CVE-2020-22038
Target Binary: /binaries/target_clang/ffmpeg/ffmpeg-4.2-o1-ffmpeg
Vulnerable Function Name: ff_v4l2_m2m_codec_end
Overall Score is: -0.829
--------------------------------------------
CVE ID: CVE-2020-22038
Target Binary: /binaries/target_clang/ffmpeg/ffmpeg-4.4-o1-ffmpeg
Vulnerable Function Name: ff_v4l2_m2m_codec_end
Overall Score is: 0.922
--------------------------------------------
CVE ID: CVE-2020-22038
Target Binary: /binaries/target_clang/ffmpeg/ffmpeg-4.2-o1-ffmpeg
Vulnerable Function Name: v4l2_decode_init
Overall Score is: -0.099
--------------------------------------------
CVE ID: CVE-2020-22038
Target Binary: /binaries/target_clang/ffmpeg/ffmpeg-4.4-o1-ffmpeg
Vulnerable Function Name: v4l2_decode_init
Overall Score is: 0.746
--------------------------------------------
CVE ID: CVE-2020-22039
Target Binary: /binaries/target_clang/ffmpeg/ffmpeg-4.2-o1-ffmpeg
Vulnerable Function Name: avi_write_trailer
Overall Score is: -0.233
--------------------------------------------
CVE ID: CVE-2020-22039
Target Binary: /binaries/target_clang/ffmpeg/ffmpeg-4.3-o1-ffmpeg
Vulnerable Function Name: avi_write_trailer
Overall Score is: -0.233
--------------------------------------------
CVE ID: CVE-2020-22046
Target Binary: /binaries/target_clang/ffmpeg/ffmpeg-4.2-o1-ffmpeg
Vulnerable Function Name: ff_ac3_encode_close
Overall Score is: 0.342
--------------------------------------------
CVE ID: CVE-2020-22046
Target Binary: /binaries/target_clang/ffmpeg/ffmpeg-4.1.10-o1-ffmpeg
Vulnerable Function Name: ff_ac3_encode_close
Overall Score is: 0.680
--------------------------------------------
CVE ID: CVE-2020-22046
Target Binary: /binaries/target_clang/ffmpeg/ffmpeg-4.2.3-o1-ffmpeg
Vulnerable Function Name: ff_ac3_encode_close
Overall Score is: 0.680
--------------------------------------------
CVE ID: CVE-2020-22046
Target Binary: /binaries/target_clang/ffmpeg/ffmpeg-4.3-o1-ffmpeg
Vulnerable Function Name: ff_ac3_encode_close
Overall Score is: 0.680
--------------------------------------------
CVE ID: CVE-2022-1475
Target Binary: /binaries/target_clang/ffmpeg/ffmpeg-4.2.6-o1-ffmpeg
Vulnerable Function Name: g729_parse
Overall Score is: 0.248
--------------------------------------------
CVE ID: CVE-2022-1475
Target Binary: /binaries/target_clang/ffmpeg/ffmpeg-4.3.4-o1-ffmpeg
Vulnerable Function Name: g729_parse
Overall Score is: 0.411
--------------------------------------------
CVE ID: CVE-2022-1475
Target Binary: /binaries/target_clang/ffmpeg/ffmpeg-5.0-o1-ffmpeg
Vulnerable Function Name: g729_parse
Overall Score is: 0.198
--------------------------------------------
CVE ID: CVE-2022-1475
Target Binary: /binaries/target_clang/ffmpeg/ffmpeg-4.4.2-o1-ffmpeg
Vulnerable Function Name: g729_parse
Overall Score is: 0.411
--------------------------------------------
CVE ID: CVE-2022-1475
Target Binary: /binaries/target_clang/ffmpeg/ffmpeg-5.0.1-o1-ffmpeg
Vulnerable Function Name: g729_parse
Overall Score is: 0.411
--------------------------------------------
CVE ID: CVE-2022-1475
Target Binary: /binaries/target_clang/ffmpeg/ffmpeg-5.1-o1-ffmpeg
Vulnerable Function Name: g729_parse
Overall Score is: 0.465