2025-09-17 19:02:54,483 - INFO - detecting CVE-2020-20896 latm_write_packet
2025-09-17 19:02:54,483 - INFO - cmd: python main.py --detect --cve_id CVE-2020-20896 --target_bin /binaries/target_clang/ffmpeg/ffmpeg-4.2.1-o1-ffmpeg --vul_func_name latm_write_packet --project ffmpeg
2025-09-17 19:03:08,497 - INFO - success CVE-2020-20896,details in cve_test/CVE-2020-20896.log

2025-09-17 19:03:08,498 - INFO - detecting CVE-2020-20896 latm_write_packet
2025-09-17 19:03:08,498 - INFO - cmd: python main.py --detect --cve_id CVE-2020-20896 --target_bin /binaries/target_clang/ffmpeg/ffmpeg-4.1.9-o1-ffmpeg --vul_func_name latm_write_packet --project ffmpeg
2025-09-17 19:03:18,870 - INFO - success CVE-2020-20896,details in cve_test/CVE-2020-20896.log

2025-09-17 19:03:18,871 - INFO - detecting CVE-2020-20896 latm_write_packet
2025-09-17 19:03:18,871 - INFO - cmd: python main.py --detect --cve_id CVE-2020-20896 --target_bin /binaries/target_clang/ffmpeg/ffmpeg-4.2.6-o1-ffmpeg --vul_func_name latm_write_packet --project ffmpeg
2025-09-17 19:03:28,981 - INFO - success CVE-2020-20896,details in cve_test/CVE-2020-20896.log

2025-09-17 19:03:28,982 - INFO - detecting CVE-2020-20896 latm_write_packet
2025-09-17 19:03:28,982 - INFO - cmd: python main.py --detect --cve_id CVE-2020-20896 --target_bin /binaries/target_clang/ffmpeg/ffmpeg-4.3-o1-ffmpeg --vul_func_name latm_write_packet --project ffmpeg
2025-09-17 19:03:38,660 - INFO - success CVE-2020-20896,details in cve_test/CVE-2020-20896.log

2025-09-17 19:03:38,661 - INFO - detecting CVE-2020-21697 mpeg_mux_write_packet
2025-09-17 19:03:38,662 - INFO - cmd: python main.py --detect --cve_id CVE-2020-21697 --target_bin /binaries/target_clang/ffmpeg/ffmpeg-4.2-o1-ffmpeg --vul_func_name mpeg_mux_write_packet --project ffmpeg
2025-09-17 19:03:50,045 - INFO - success CVE-2020-21697,details in cve_test/CVE-2020-21697.log

2025-09-17 19:03:50,046 - INFO - detecting CVE-2020-21697 mpeg_mux_write_packet
2025-09-17 19:03:50,047 - INFO - cmd: python main.py --detect --cve_id CVE-2020-21697 --target_bin /binaries/target_clang/ffmpeg/ffmpeg-4.3.3-o1-ffmpeg --vul_func_name mpeg_mux_write_packet --project ffmpeg
2025-09-17 19:04:00,426 - INFO - success CVE-2020-21697,details in cve_test/CVE-2020-21697.log

2025-09-17 19:04:00,427 - INFO - detecting CVE-2020-21697 mpeg_mux_write_packet
2025-09-17 19:04:00,428 - INFO - cmd: python main.py --detect --cve_id CVE-2020-21697 --target_bin /binaries/target_clang/ffmpeg/ffmpeg-4.4-o1-ffmpeg --vul_func_name mpeg_mux_write_packet --project ffmpeg
2025-09-17 19:04:12,820 - INFO - success CVE-2020-21697,details in cve_test/CVE-2020-21697.log

2025-09-17 19:04:12,821 - INFO - detecting CVE-2020-22019 ff_vmafmotion_init
2025-09-17 19:04:12,821 - INFO - cmd: python main.py --detect --cve_id CVE-2020-22019 --target_bin /binaries/target_clang/ffmpeg/ffmpeg-4.2-o1-ffmpeg --vul_func_name ff_vmafmotion_init --project ffmpeg
2025-09-17 19:04:43,374 - INFO - success CVE-2020-22019,details in cve_test/CVE-2020-22019.log

2025-09-17 19:04:43,375 - INFO - detecting CVE-2020-22019 ff_vmafmotion_init
2025-09-17 19:04:43,375 - INFO - cmd: python main.py --detect --cve_id CVE-2020-22019 --target_bin /binaries/target_clang/ffmpeg/ffmpeg-4.1.7-o1-ffmpeg --vul_func_name ff_vmafmotion_init --project ffmpeg
2025-09-17 19:04:49,163 - INFO - success CVE-2020-22019,details in cve_test/CVE-2020-22019.log

2025-09-17 19:04:49,164 - INFO - detecting CVE-2020-22019 ff_vmafmotion_init
2025-09-17 19:04:49,164 - INFO - cmd: python main.py --detect --cve_id CVE-2020-22019 --target_bin /binaries/target_clang/ffmpeg/ffmpeg-3.4.9-o1-ffmpeg --vul_func_name ff_vmafmotion_init --project ffmpeg
2025-09-17 19:04:55,478 - INFO - success CVE-2020-22019,details in cve_test/CVE-2020-22019.log

2025-09-17 19:04:55,479 - INFO - detecting CVE-2020-22019 ff_vmafmotion_init
2025-09-17 19:04:55,480 - INFO - cmd: python main.py --detect --cve_id CVE-2020-22019 --target_bin /binaries/target_clang/ffmpeg/ffmpeg-4.2.5-o1-ffmpeg --vul_func_name ff_vmafmotion_init --project ffmpeg
2025-09-17 19:05:01,015 - INFO - success CVE-2020-22019,details in cve_test/CVE-2020-22019.log

2025-09-17 19:05:01,016 - INFO - detecting CVE-2020-22021 filter_edges
2025-09-17 19:05:01,016 - INFO - cmd: python main.py --detect --cve_id CVE-2020-22021 --target_bin /binaries/target_clang/ffmpeg/ffmpeg-4.2-o1-ffmpeg --vul_func_name filter_edges --project ffmpeg
2025-09-17 19:05:14,602 - ERROR - fail CVE-2020-22021 ,details1

2025-09-17 19:05:14,603 - INFO - detecting CVE-2020-22021 filter_edges
2025-09-17 19:05:14,603 - INFO - cmd: python main.py --detect --cve_id CVE-2020-22021 --target_bin /binaries/target_clang/ffmpeg/ffmpeg-4.1.7-o1-ffmpeg --vul_func_name filter_edges --project ffmpeg
2025-09-17 19:05:27,633 - ERROR - fail CVE-2020-22021 ,details1

2025-09-17 19:05:27,634 - INFO - detecting CVE-2020-22021 filter_edges
2025-09-17 19:05:27,634 - INFO - cmd: python main.py --detect --cve_id CVE-2020-22021 --target_bin /binaries/target_clang/ffmpeg/ffmpeg-3.4.9-o1-ffmpeg --vul_func_name filter_edges --project ffmpeg
2025-09-17 19:05:40,877 - ERROR - fail CVE-2020-22021 ,details1

2025-09-17 19:05:40,878 - INFO - detecting CVE-2020-22021 filter_edges
2025-09-17 19:05:40,878 - INFO - cmd: python main.py --detect --cve_id CVE-2020-22021 --target_bin /binaries/target_clang/ffmpeg/ffmpeg-4.2.5-o1-ffmpeg --vul_func_name filter_edges --project ffmpeg
2025-09-17 19:05:53,181 - ERROR - fail CVE-2020-22021 ,details1

2025-09-17 19:05:53,182 - INFO - detecting CVE-2020-22029 slice_get_derivative
2025-09-17 19:05:53,183 - INFO - cmd: python main.py --detect --cve_id CVE-2020-22029 --target_bin /binaries/target_clang/ffmpeg/ffmpeg-4.2-o1-ffmpeg --vul_func_name slice_get_derivative --project ffmpeg
2025-09-17 19:06:04,196 - INFO - success CVE-2020-22029,details in cve_test/CVE-2020-22029.log

2025-09-17 19:06:04,196 - INFO - detecting CVE-2020-22029 slice_get_derivative
2025-09-17 19:06:04,197 - INFO - cmd: python main.py --detect --cve_id CVE-2020-22029 --target_bin /binaries/target_clang/ffmpeg/ffmpeg-4.1.8-o1-ffmpeg --vul_func_name slice_get_derivative --project ffmpeg
2025-09-17 19:06:15,324 - INFO - success CVE-2020-22029,details in cve_test/CVE-2020-22029.log

2025-09-17 19:06:15,325 - INFO - detecting CVE-2020-22029 slice_get_derivative
2025-09-17 19:06:15,326 - INFO - cmd: python main.py --detect --cve_id CVE-2020-22029 --target_bin /binaries/target_clang/ffmpeg/ffmpeg-4.3-o1-ffmpeg --vul_func_name slice_get_derivative --project ffmpeg
2025-09-17 19:06:26,591 - INFO - success CVE-2020-22029,details in cve_test/CVE-2020-22029.log

2025-09-17 19:06:26,592 - INFO - detecting CVE-2020-22037 ff_frame_thread_encoder_init
2025-09-17 19:06:26,592 - INFO - cmd: python main.py --detect --cve_id CVE-2020-22037 --target_bin /binaries/target_clang/ffmpeg/ffmpeg-4.2-o1-ffmpeg --vul_func_name ff_frame_thread_encoder_init --project ffmpeg
2025-09-17 19:06:34,335 - INFO - success CVE-2020-22037,details in cve_test/CVE-2020-22037.log

2025-09-17 19:06:34,336 - INFO - detecting CVE-2020-22037 ff_frame_thread_encoder_init
2025-09-17 19:06:34,337 - INFO - cmd: python main.py --detect --cve_id CVE-2020-22037 --target_bin /binaries/target_clang/ffmpeg/ffmpeg-4.1.7-o1-ffmpeg --vul_func_name ff_frame_thread_encoder_init --project ffmpeg
2025-09-17 19:06:42,685 - INFO - success CVE-2020-22037,details in cve_test/CVE-2020-22037.log

2025-09-17 19:06:42,686 - INFO - detecting CVE-2020-22037 ff_frame_thread_encoder_init
2025-09-17 19:06:42,687 - INFO - cmd: python main.py --detect --cve_id CVE-2020-22037 --target_bin /binaries/target_clang/ffmpeg/ffmpeg-3.4.9-o1-ffmpeg --vul_func_name ff_frame_thread_encoder_init --project ffmpeg
2025-09-17 19:06:50,957 - INFO - success CVE-2020-22037,details in cve_test/CVE-2020-22037.log

2025-09-17 19:06:50,958 - INFO - detecting CVE-2020-22037 ff_frame_thread_encoder_init
2025-09-17 19:06:50,959 - INFO - cmd: python main.py --detect --cve_id CVE-2020-22037 --target_bin /binaries/target_clang/ffmpeg/ffmpeg-4.2.5-o1-ffmpeg --vul_func_name ff_frame_thread_encoder_init --project ffmpeg
2025-09-17 19:06:58,170 - INFO - success CVE-2020-22037,details in cve_test/CVE-2020-22037.log

2025-09-17 19:06:58,171 - INFO - detecting CVE-2020-22038 ff_v4l2_m2m_codec_end
2025-09-17 19:06:58,172 - INFO - cmd: python main.py --detect --cve_id CVE-2020-22038 --target_bin /binaries/target_clang/ffmpeg/ffmpeg-4.2-o1-ffmpeg --vul_func_name ff_v4l2_m2m_codec_end --project ffmpeg
2025-09-17 19:07:06,887 - INFO - success CVE-2020-22038,details in cve_test/CVE-2020-22038.log

2025-09-17 19:07:06,888 - INFO - detecting CVE-2020-22038 ff_v4l2_m2m_codec_end
2025-09-17 19:07:06,888 - INFO - cmd: python main.py --detect --cve_id CVE-2020-22038 --target_bin /binaries/target_clang/ffmpeg/ffmpeg-4.4-o1-ffmpeg --vul_func_name ff_v4l2_m2m_codec_end --project ffmpeg
2025-09-17 19:07:14,648 - INFO - success CVE-2020-22038,details in cve_test/CVE-2020-22038.log

2025-09-17 19:07:14,649 - INFO - detecting CVE-2020-22038 v4l2_decode_init
2025-09-17 19:07:14,650 - INFO - cmd: python main.py --detect --cve_id CVE-2020-22038 --target_bin /binaries/target_clang/ffmpeg/ffmpeg-4.2-o1-ffmpeg --vul_func_name v4l2_decode_init --project ffmpeg
2025-09-17 19:07:23,879 - INFO - success CVE-2020-22038,details in cve_test/CVE-2020-22038.log

2025-09-17 19:07:23,880 - INFO - detecting CVE-2020-22038 v4l2_decode_init
2025-09-17 19:07:23,881 - INFO - cmd: python main.py --detect --cve_id CVE-2020-22038 --target_bin /binaries/target_clang/ffmpeg/ffmpeg-4.4-o1-ffmpeg --vul_func_name v4l2_decode_init --project ffmpeg
2025-09-17 19:07:31,812 - INFO - success CVE-2020-22038,details in cve_test/CVE-2020-22038.log

2025-09-17 19:07:31,813 - INFO - detecting CVE-2020-22039 avi_write_trailer
2025-09-17 19:07:31,813 - INFO - cmd: python main.py --detect --cve_id CVE-2020-22039 --target_bin /binaries/target_clang/ffmpeg/ffmpeg-4.2-o1-ffmpeg --vul_func_name avi_write_trailer --project ffmpeg
2025-09-17 19:07:44,190 - INFO - success CVE-2020-22039,details in cve_test/CVE-2020-22039.log

2025-09-17 19:07:44,191 - INFO - detecting CVE-2020-22039 avi_write_trailer
2025-09-17 19:07:44,191 - INFO - cmd: python main.py --detect --cve_id CVE-2020-22039 --target_bin /binaries/target_clang/ffmpeg/ffmpeg-4.3-o1-ffmpeg --vul_func_name avi_write_trailer --project ffmpeg
2025-09-17 19:07:54,729 - INFO - success CVE-2020-22039,details in cve_test/CVE-2020-22039.log

2025-09-17 19:07:54,731 - INFO - detecting CVE-2020-22046 ff_ac3_encode_close
2025-09-17 19:07:54,731 - INFO - cmd: python main.py --detect --cve_id CVE-2020-22046 --target_bin /binaries/target_clang/ffmpeg/ffmpeg-4.2-o1-ffmpeg --vul_func_name ff_ac3_encode_close --project ffmpeg
2025-09-17 19:08:02,495 - INFO - success CVE-2020-22046,details in cve_test/CVE-2020-22046.log

2025-09-17 19:08:02,496 - INFO - detecting CVE-2020-22046 ff_ac3_encode_close
2025-09-17 19:08:02,496 - INFO - cmd: python main.py --detect --cve_id CVE-2020-22046 --target_bin /binaries/target_clang/ffmpeg/ffmpeg-4.1.10-o1-ffmpeg --vul_func_name ff_ac3_encode_close --project ffmpeg
2025-09-17 19:08:10,627 - INFO - success CVE-2020-22046,details in cve_test/CVE-2020-22046.log

2025-09-17 19:08:10,628 - INFO - detecting CVE-2020-22046 ff_ac3_encode_close
2025-09-17 19:08:10,628 - INFO - cmd: python main.py --detect --cve_id CVE-2020-22046 --target_bin /binaries/target_clang/ffmpeg/ffmpeg-4.2.3-o1-ffmpeg --vul_func_name ff_ac3_encode_close --project ffmpeg
2025-09-17 19:08:18,110 - INFO - success CVE-2020-22046,details in cve_test/CVE-2020-22046.log

2025-09-17 19:08:18,111 - INFO - detecting CVE-2020-22046 ff_ac3_encode_close
2025-09-17 19:08:18,111 - INFO - cmd: python main.py --detect --cve_id CVE-2020-22046 --target_bin /binaries/target_clang/ffmpeg/ffmpeg-4.3-o1-ffmpeg --vul_func_name ff_ac3_encode_close --project ffmpeg
2025-09-17 19:08:25,669 - INFO - success CVE-2020-22046,details in cve_test/CVE-2020-22046.log

2025-09-17 19:08:25,670 - INFO - detecting CVE-2020-24020 dnn_execute_layer_conv2d
2025-09-17 19:08:25,670 - INFO - cmd: python main.py --detect --cve_id CVE-2020-24020 --target_bin /binaries/target_clang/ffmpeg/ffmpeg-4.2.3-o1-ffmpeg --vul_func_name dnn_execute_layer_conv2d --project ffmpeg
2025-09-17 19:08:30,907 - ERROR - fail CVE-2020-24020 ,details1

2025-09-17 19:08:30,908 - INFO - detecting CVE-2020-24020 dnn_execute_layer_conv2d
2025-09-17 19:08:30,908 - INFO - cmd: python main.py --detect --cve_id CVE-2020-24020 --target_bin /binaries/target_clang/ffmpeg/ffmpeg-4.4-o1-ffmpeg --vul_func_name dnn_execute_layer_conv2d --project ffmpeg
2025-09-17 19:08:36,778 - ERROR - fail CVE-2020-24020 ,details1

2025-09-17 19:08:36,779 - INFO - detecting CVE-2020-24020 dnn_execute_layer_math_binary
2025-09-17 19:08:36,780 - INFO - cmd: python main.py --detect --cve_id CVE-2020-24020 --target_bin /binaries/target_clang/ffmpeg/ffmpeg-4.2.3-o1-ffmpeg --vul_func_name dnn_execute_layer_math_binary --project ffmpeg
2025-09-17 19:08:42,640 - ERROR - fail CVE-2020-24020 ,details1

2025-09-17 19:08:42,642 - INFO - detecting CVE-2020-24020 dnn_execute_layer_math_binary
2025-09-17 19:08:42,642 - INFO - cmd: python main.py --detect --cve_id CVE-2020-24020 --target_bin /binaries/target_clang/ffmpeg/ffmpeg-4.4-o1-ffmpeg --vul_func_name dnn_execute_layer_math_binary --project ffmpeg
2025-09-17 19:08:48,489 - ERROR - fail CVE-2020-24020 ,details1

2025-09-17 19:08:48,489 - INFO - detecting CVE-2020-24020 dnn_execute_layer_math_unary
2025-09-17 19:08:48,490 - INFO - cmd: python main.py --detect --cve_id CVE-2020-24020 --target_bin /binaries/target_clang/ffmpeg/ffmpeg-4.2.3-o1-ffmpeg --vul_func_name dnn_execute_layer_math_unary --project ffmpeg
2025-09-17 19:08:54,245 - ERROR - fail CVE-2020-24020 ,details1

2025-09-17 19:08:54,247 - INFO - detecting CVE-2020-24020 dnn_execute_layer_math_unary
2025-09-17 19:08:54,247 - INFO - cmd: python main.py --detect --cve_id CVE-2020-24020 --target_bin /binaries/target_clang/ffmpeg/ffmpeg-4.4-o1-ffmpeg --vul_func_name dnn_execute_layer_math_unary --project ffmpeg
2025-09-17 19:08:59,466 - ERROR - fail CVE-2020-24020 ,details1

2025-09-17 19:08:59,467 - INFO - detecting CVE-2020-24020 dnn_execute_layer_maximum
2025-09-17 19:08:59,467 - INFO - cmd: python main.py --detect --cve_id CVE-2020-24020 --target_bin /binaries/target_clang/ffmpeg/ffmpeg-4.2.3-o1-ffmpeg --vul_func_name dnn_execute_layer_maximum --project ffmpeg
2025-09-17 19:09:05,371 - ERROR - fail CVE-2020-24020 ,details1

2025-09-17 19:09:05,372 - INFO - detecting CVE-2020-24020 dnn_execute_layer_maximum
2025-09-17 19:09:05,372 - INFO - cmd: python main.py --detect --cve_id CVE-2020-24020 --target_bin /binaries/target_clang/ffmpeg/ffmpeg-4.4-o1-ffmpeg --vul_func_name dnn_execute_layer_maximum --project ffmpeg
2025-09-17 19:09:10,949 - ERROR - fail CVE-2020-24020 ,details1

2025-09-17 19:09:10,951 - INFO - detecting CVE-2020-24020 dnn_execute_layer_pad
2025-09-17 19:09:10,951 - INFO - cmd: python main.py --detect --cve_id CVE-2020-24020 --target_bin /binaries/target_clang/ffmpeg/ffmpeg-4.2.3-o1-ffmpeg --vul_func_name dnn_execute_layer_pad --project ffmpeg
2025-09-17 19:09:16,178 - ERROR - fail CVE-2020-24020 ,details1

2025-09-17 19:09:16,179 - INFO - detecting CVE-2020-24020 dnn_execute_layer_pad
2025-09-17 19:09:16,180 - INFO - cmd: python main.py --detect --cve_id CVE-2020-24020 --target_bin /binaries/target_clang/ffmpeg/ffmpeg-4.4-o1-ffmpeg --vul_func_name dnn_execute_layer_pad --project ffmpeg
2025-09-17 19:09:21,965 - ERROR - fail CVE-2020-24020 ,details1

2025-09-17 19:09:21,966 - INFO - detecting CVE-2022-1475 g729_parse
2025-09-17 19:09:21,966 - INFO - cmd: python main.py --detect --cve_id CVE-2022-1475 --target_bin /binaries/target_clang/ffmpeg/ffmpeg-4.2.6-o1-ffmpeg --vul_func_name g729_parse --project ffmpeg
2025-09-17 19:09:32,735 - INFO - success CVE-2022-1475,details in cve_test/CVE-2022-1475.log

2025-09-17 19:09:32,736 - INFO - detecting CVE-2022-1475 g729_parse
2025-09-17 19:09:32,737 - INFO - cmd: python main.py --detect --cve_id CVE-2022-1475 --target_bin /binaries/target_clang/ffmpeg/ffmpeg-4.3.4-o1-ffmpeg --vul_func_name g729_parse --project ffmpeg
2025-09-17 19:09:43,466 - INFO - success CVE-2022-1475,details in cve_test/CVE-2022-1475.log

2025-09-17 19:09:43,467 - INFO - detecting CVE-2022-1475 g729_parse
2025-09-17 19:09:43,468 - INFO - cmd: python main.py --detect --cve_id CVE-2022-1475 --target_bin /binaries/target_clang/ffmpeg/ffmpeg-5.0-o1-ffmpeg --vul_func_name g729_parse --project ffmpeg
2025-09-17 19:09:53,421 - INFO - success CVE-2022-1475,details in cve_test/CVE-2022-1475.log

2025-09-17 19:09:53,423 - INFO - detecting CVE-2022-1475 g729_parse
2025-09-17 19:09:53,423 - INFO - cmd: python main.py --detect --cve_id CVE-2022-1475 --target_bin /binaries/target_clang/ffmpeg/ffmpeg-4.4.2-o1-ffmpeg --vul_func_name g729_parse --project ffmpeg
2025-09-17 19:10:03,592 - INFO - success CVE-2022-1475,details in cve_test/CVE-2022-1475.log

2025-09-17 19:10:03,593 - INFO - detecting CVE-2022-1475 g729_parse
2025-09-17 19:10:03,594 - INFO - cmd: python main.py --detect --cve_id CVE-2022-1475 --target_bin /binaries/target_clang/ffmpeg/ffmpeg-5.0.1-o1-ffmpeg --vul_func_name g729_parse --project ffmpeg
2025-09-17 19:10:13,065 - INFO - success CVE-2022-1475,details in cve_test/CVE-2022-1475.log

2025-09-17 19:10:13,066 - INFO - detecting CVE-2022-1475 g729_parse
2025-09-17 19:10:13,067 - INFO - cmd: python main.py --detect --cve_id CVE-2022-1475 --target_bin /binaries/target_clang/ffmpeg/ffmpeg-5.1-o1-ffmpeg --vul_func_name g729_parse --project ffmpeg
2025-09-17 19:10:23,851 - INFO - success CVE-2022-1475,details in cve_test/CVE-2022-1475.log