--------------------------------------------
CVE ID: CVE-2010-3855
Target Binary: /binaries/target_clang/freetype/freetype-2.4.3-o1-freetype
Vulnerable Function Name: ft_var_readpackedpoints
Overall Score is: 0.128
--------------------------------------------
CVE ID: CVE-2010-3855
Target Binary: /binaries/target_clang/freetype/freetype-2.4.2-o1-freetype
Vulnerable Function Name: ft_var_readpackedpoints
Overall Score is: 0.128
--------------------------------------------
CVE ID: CVE-2010-3855
Target Binary: /binaries/target_clang/freetype/freetype-2.4.1-o1-freetype
Vulnerable Function Name: ft_var_readpackedpoints
Overall Score is: 0.128
--------------------------------------------
CVE ID: CVE-2010-3855
Target Binary: /binaries/target_clang/freetype/freetype-2.4.4-o1-freetype
Vulnerable Function Name: ft_var_readpackedpoints
Overall Score is: 0.123
--------------------------------------------
CVE ID: CVE-2010-3855
Target Binary: /binaries/target_clang/freetype/freetype-2.4.5-o1-freetype
Vulnerable Function Name: ft_var_readpackedpoints
Overall Score is: 0.123
--------------------------------------------
CVE ID: CVE-2010-3855
Target Binary: /binaries/target_clang/freetype/freetype-2.4.6-o1-freetype
Vulnerable Function Name: ft_var_readpackedpoints
Overall Score is: 0.123
--------------------------------------------
CVE ID: CVE-2014-9746
Target Binary: /binaries/target_clang/freetype/freetype-2.5.3-o1-freetype
Vulnerable Function Name: t1_parse_font_matrix
Overall Score is: 0.281
--------------------------------------------
CVE ID: CVE-2014-9746
Target Binary: /binaries/target_clang/freetype/freetype-2.5.2-o1-freetype
Vulnerable Function Name: t1_parse_font_matrix
Overall Score is: -0.529
--------------------------------------------
CVE ID: CVE-2014-9746
Target Binary: /binaries/target_clang/freetype/freetype-2.5.1-o1-freetype
Vulnerable Function Name: t1_parse_font_matrix
Overall Score is: -0.529
--------------------------------------------
CVE ID: CVE-2014-9746
Target Binary: /binaries/target_clang/freetype/freetype-2.5.4-o1-freetype
Vulnerable Function Name: t1_parse_font_matrix
Overall Score is: 0.281
--------------------------------------------
CVE ID: CVE-2014-9746
Target Binary: /binaries/target_clang/freetype/freetype-2.5.5-o1-freetype
Vulnerable Function Name: t1_parse_font_matrix
Overall Score is: 0.281
--------------------------------------------
CVE ID: CVE-2014-9746
Target Binary: /binaries/target_clang/freetype/freetype-2.6-o1-freetype
Vulnerable Function Name: t1_parse_font_matrix
Overall Score is: 0.281
--------------------------------------------
CVE ID: CVE-2014-9746
Target Binary: /binaries/target_clang/freetype/freetype-2.5.3-o1-freetype
Vulnerable Function Name: t42_parse_font_matrix
Overall Score is: 0.756
--------------------------------------------
CVE ID: CVE-2014-9746
Target Binary: /binaries/target_clang/freetype/freetype-2.5.2-o1-freetype
Vulnerable Function Name: t42_parse_font_matrix
Overall Score is: 0.240
--------------------------------------------
CVE ID: CVE-2014-9746
Target Binary: /binaries/target_clang/freetype/freetype-2.5.1-o1-freetype
Vulnerable Function Name: t42_parse_font_matrix
Overall Score is: 0.240
--------------------------------------------
CVE ID: CVE-2014-9746
Target Binary: /binaries/target_clang/freetype/freetype-2.5.4-o1-freetype
Vulnerable Function Name: t42_parse_font_matrix
Overall Score is: 0.756
--------------------------------------------
CVE ID: CVE-2014-9746
Target Binary: /binaries/target_clang/freetype/freetype-2.5.5-o1-freetype
Vulnerable Function Name: t42_parse_font_matrix
Overall Score is: 0.756
--------------------------------------------
CVE ID: CVE-2014-9746
Target Binary: /binaries/target_clang/freetype/freetype-2.6-o1-freetype
Vulnerable Function Name: t42_parse_font_matrix
Overall Score is: 0.756
--------------------------------------------
CVE ID: CVE-2014-9670
Target Binary: /binaries/target_clang/freetype/freetype-2.5.3-o1-freetype
Vulnerable Function Name: pcf_get_encodings
Overall Score is: -0.180
--------------------------------------------
CVE ID: CVE-2014-9670
Target Binary: /binaries/target_clang/freetype/freetype-2.5.2-o1-freetype
Vulnerable Function Name: pcf_get_encodings
Overall Score is: -0.180
--------------------------------------------
CVE ID: CVE-2014-9670
Target Binary: /binaries/target_clang/freetype/freetype-2.5.1-o1-freetype
Vulnerable Function Name: pcf_get_encodings
Overall Score is: -0.180
--------------------------------------------
CVE ID: CVE-2014-9670
Target Binary: /binaries/target_clang/freetype/freetype-2.5.4-o1-freetype
Vulnerable Function Name: pcf_get_encodings
Overall Score is: -0.179
--------------------------------------------
CVE ID: CVE-2014-9670
Target Binary: /binaries/target_clang/freetype/freetype-2.5.5-o1-freetype
Vulnerable Function Name: pcf_get_encodings
Overall Score is: -0.179
--------------------------------------------
CVE ID: CVE-2014-9670
Target Binary: /binaries/target_clang/freetype/freetype-2.6-o1-freetype
Vulnerable Function Name: pcf_get_encodings
Overall Score is: -0.179
--------------------------------------------
CVE ID: CVE-2014-9669
Target Binary: /binaries/target_clang/freetype/freetype-2.5.3-o1-freetype
Vulnerable Function Name: tt_cmap12_validate
Overall Score is: 0.233
--------------------------------------------
CVE ID: CVE-2014-9669
Target Binary: /binaries/target_clang/freetype/freetype-2.5.2-o1-freetype
Vulnerable Function Name: tt_cmap12_validate
Overall Score is: 0.233
--------------------------------------------
CVE ID: CVE-2014-9669
Target Binary: /binaries/target_clang/freetype/freetype-2.5.1-o1-freetype
Vulnerable Function Name: tt_cmap12_validate
Overall Score is: 0.233
--------------------------------------------
CVE ID: CVE-2014-9669
Target Binary: /binaries/target_clang/freetype/freetype-2.5.4-o1-freetype
Vulnerable Function Name: tt_cmap12_validate
Overall Score is: 0.233
--------------------------------------------
CVE ID: CVE-2014-9669
Target Binary: /binaries/target_clang/freetype/freetype-2.5.5-o1-freetype
Vulnerable Function Name: tt_cmap12_validate
Overall Score is: 0.233
--------------------------------------------
CVE ID: CVE-2014-9669
Target Binary: /binaries/target_clang/freetype/freetype-2.6-o1-freetype
Vulnerable Function Name: tt_cmap12_validate
Overall Score is: 0.233
--------------------------------------------
CVE ID: CVE-2014-9662
Target Binary: /binaries/target_clang/freetype/freetype-2.5.3-o1-freetype
Vulnerable Function Name: cf2_builder_cubeTo
Overall Score is: -0.625
--------------------------------------------
CVE ID: CVE-2014-9662
Target Binary: /binaries/target_clang/freetype/freetype-2.5.2-o1-freetype
Vulnerable Function Name: cf2_builder_cubeTo
Overall Score is: -0.625
--------------------------------------------
CVE ID: CVE-2014-9662
Target Binary: /binaries/target_clang/freetype/freetype-2.5.1-o1-freetype
Vulnerable Function Name: cf2_builder_cubeTo
Overall Score is: -0.625
--------------------------------------------
CVE ID: CVE-2014-9662
Target Binary: /binaries/target_clang/freetype/freetype-2.5.4-o1-freetype
Vulnerable Function Name: cf2_builder_cubeTo
Overall Score is: 0.824
--------------------------------------------
CVE ID: CVE-2014-9662
Target Binary: /binaries/target_clang/freetype/freetype-2.5.5-o1-freetype
Vulnerable Function Name: cf2_builder_cubeTo
Overall Score is: 0.824
--------------------------------------------
CVE ID: CVE-2014-9662
Target Binary: /binaries/target_clang/freetype/freetype-2.6-o1-freetype
Vulnerable Function Name: cf2_builder_cubeTo
Overall Score is: 0.824
--------------------------------------------
CVE ID: CVE-2014-9662
Target Binary: /binaries/target_clang/freetype/freetype-2.5.3-o1-freetype
Vulnerable Function Name: cf2_builder_lineTo
Overall Score is: -0.572
--------------------------------------------
CVE ID: CVE-2014-9662
Target Binary: /binaries/target_clang/freetype/freetype-2.5.2-o1-freetype
Vulnerable Function Name: cf2_builder_lineTo
Overall Score is: -0.572
--------------------------------------------
CVE ID: CVE-2014-9662
Target Binary: /binaries/target_clang/freetype/freetype-2.5.1-o1-freetype
Vulnerable Function Name: cf2_builder_lineTo
Overall Score is: -0.572
--------------------------------------------
CVE ID: CVE-2014-9662
Target Binary: /binaries/target_clang/freetype/freetype-2.5.4-o1-freetype
Vulnerable Function Name: cf2_builder_lineTo
Overall Score is: 0.761
--------------------------------------------
CVE ID: CVE-2014-9662
Target Binary: /binaries/target_clang/freetype/freetype-2.5.5-o1-freetype
Vulnerable Function Name: cf2_builder_lineTo
Overall Score is: 0.761
--------------------------------------------
CVE ID: CVE-2014-9662
Target Binary: /binaries/target_clang/freetype/freetype-2.6-o1-freetype
Vulnerable Function Name: cf2_builder_lineTo
Overall Score is: 0.761
--------------------------------------------
CVE ID: CVE-2015-9382
Target Binary: /binaries/target_clang/freetype/freetype-2.5.5-o1-freetype
Vulnerable Function Name: ps_parser_skip_PS_token
Overall Score is: 0.514
--------------------------------------------
CVE ID: CVE-2015-9382
Target Binary: /binaries/target_clang/freetype/freetype-2.5.4-o1-freetype
Vulnerable Function Name: ps_parser_skip_PS_token
Overall Score is: 0.514
--------------------------------------------
CVE ID: CVE-2015-9382
Target Binary: /binaries/target_clang/freetype/freetype-2.5.3-o1-freetype
Vulnerable Function Name: ps_parser_skip_PS_token
Overall Score is: 0.514
--------------------------------------------
CVE ID: CVE-2015-9382
Target Binary: /binaries/target_clang/freetype/freetype-2.6.1-o1-freetype
Vulnerable Function Name: ps_parser_skip_PS_token
Overall Score is: 0.511
--------------------------------------------
CVE ID: CVE-2015-9382
Target Binary: /binaries/target_clang/freetype/freetype-2.6.2-o1-freetype
Vulnerable Function Name: ps_parser_skip_PS_token
Overall Score is: 0.511
--------------------------------------------
CVE ID: CVE-2015-9382
Target Binary: /binaries/target_clang/freetype/freetype-2.6.3-o1-freetype
Vulnerable Function Name: ps_parser_skip_PS_token
Overall Score is: 0.511
--------------------------------------------
CVE ID: CVE-2017-7864
Target Binary: /binaries/target_clang/freetype/freetype-2.7.1-o1-freetype
Vulnerable Function Name: tt_size_reset
Overall Score is: -0.669
--------------------------------------------
CVE ID: CVE-2017-7864
Target Binary: /binaries/target_clang/freetype/freetype-2.7-o1-freetype
Vulnerable Function Name: tt_size_reset
Overall Score is: -0.669
--------------------------------------------
CVE ID: CVE-2017-7864
Target Binary: /binaries/target_clang/freetype/freetype-2.6.5-o1-freetype
Vulnerable Function Name: tt_size_reset
Overall Score is: -0.669
--------------------------------------------
CVE ID: CVE-2017-7864
Target Binary: /binaries/target_clang/freetype/freetype-2.8-o1-freetype
Vulnerable Function Name: tt_size_reset
Overall Score is: 0.822
--------------------------------------------
CVE ID: CVE-2017-7864
Target Binary: /binaries/target_clang/freetype/freetype-2.8.1-o1-freetype
Vulnerable Function Name: tt_size_reset
Overall Score is: 0.822
--------------------------------------------
CVE ID: CVE-2017-7864
Target Binary: /binaries/target_clang/freetype/freetype-2.9-o1-freetype
Vulnerable Function Name: tt_size_reset
Overall Score is: 0.809
