--------------------------------------------
CVE ID: CVE-2017-14174
Target Binary: /binaries/target_clang/imagemagick/imagemagick-7.0.7-0-o1-magickcore
Vulnerable Function Name: ReadPSDLayersInternal
Overall Score is: 0.233
--------------------------------------------
CVE ID: CVE-2017-14174
Target Binary: /binaries/target_clang/imagemagick/imagemagick-7.0.7-1-o1-magickcore
Vulnerable Function Name: ReadPSDLayersInternal
Overall Score is: 0.233
--------------------------------------------
CVE ID: CVE-2017-14174
Target Binary: /binaries/target_clang/imagemagick/imagemagick-7.0.7-2-o1-magickcore
Vulnerable Function Name: ReadPSDLayersInternal
Overall Score is: 0.233
--------------------------------------------
CVE ID: CVE-2017-14174
Target Binary: /binaries/target_clang/imagemagick/imagemagick-7.0.7-3-o1-magickcore
Vulnerable Function Name: ReadPSDLayersInternal
Overall Score is: 0.233
--------------------------------------------
CVE ID: CVE-2019-10649
Target Binary: /binaries/target_clang/imagemagick/imagemagick-7.0.8-36-o1-magickcore
Vulnerable Function Name: SVGEndElement
Overall Score is: 0.309
--------------------------------------------
CVE ID: CVE-2019-10649
Target Binary: /binaries/target_clang/imagemagick/imagemagick-7.0.8-37-o1-magickcore
Vulnerable Function Name: SVGEndElement
Overall Score is: 0.309
--------------------------------------------
CVE ID: CVE-2019-10649
Target Binary: /binaries/target_clang/imagemagick/imagemagick-7.0.8-38-o1-magickcore
Vulnerable Function Name: SVGEndElement
Overall Score is: 0.309
--------------------------------------------
CVE ID: CVE-2020-27774
Target Binary: /binaries/target_clang/imagemagick/imagemagick-7.0.8-68-o1-magickcore
Vulnerable Function Name: ApplyEvaluateOperator
Overall Score is: 0.197
--------------------------------------------
CVE ID: CVE-2020-27774
Target Binary: /binaries/target_clang/imagemagick/imagemagick-7.0.8-67-o1-magickcore
Vulnerable Function Name: ApplyEvaluateOperator
Overall Score is: 0.197
--------------------------------------------
CVE ID: CVE-2020-27774
Target Binary: /binaries/target_clang/imagemagick/imagemagick-7.0.8-66-o1-magickcore
Vulnerable Function Name: ApplyEvaluateOperator
Overall Score is: 0.197
--------------------------------------------
CVE ID: CVE-2020-27774
Target Binary: /binaries/target_clang/imagemagick/imagemagick-7.1.0-0-o1-magickcore
Vulnerable Function Name: ApplyEvaluateOperator
Overall Score is: 0.197
--------------------------------------------
CVE ID: CVE-2020-27774
Target Binary: /binaries/target_clang/imagemagick/imagemagick-7.1.0-1-o1-magickcore
Vulnerable Function Name: ApplyEvaluateOperator
Overall Score is: 0.197
--------------------------------------------
CVE ID: CVE-2020-27774
Target Binary: /binaries/target_clang/imagemagick/imagemagick-7.1.0-2-o1-magickcore
Vulnerable Function Name: ApplyEvaluateOperator
Overall Score is: 0.197
--------------------------------------------
CVE ID: CVE-2020-27753
Target Binary: /binaries/target_clang/imagemagick/imagemagick-7.0.8-68-o1-magickcore
Vulnerable Function Name: PopRunlengthPacket
Overall Score is: 0.723
--------------------------------------------
CVE ID: CVE-2020-27753
Target Binary: /binaries/target_clang/imagemagick/imagemagick-7.0.8-67-o1-magickcore
Vulnerable Function Name: PopRunlengthPacket
Overall Score is: 0.723
--------------------------------------------
CVE ID: CVE-2020-27753
Target Binary: /binaries/target_clang/imagemagick/imagemagick-7.0.8-66-o1-magickcore
Vulnerable Function Name: PopRunlengthPacket
Overall Score is: 0.723
--------------------------------------------
CVE ID: CVE-2020-27753
Target Binary: /binaries/target_clang/imagemagick/imagemagick-7.1.0-0-o1-magickcore
Vulnerable Function Name: PopRunlengthPacket
Overall Score is: 0.915
--------------------------------------------
CVE ID: CVE-2020-27753
Target Binary: /binaries/target_clang/imagemagick/imagemagick-7.1.0-1-o1-magickcore
Vulnerable Function Name: PopRunlengthPacket
Overall Score is: 0.915
--------------------------------------------
CVE ID: CVE-2020-27753
Target Binary: /binaries/target_clang/imagemagick/imagemagick-7.1.0-2-o1-magickcore
Vulnerable Function Name: PopRunlengthPacket
Overall Score is: 0.915
--------------------------------------------
CVE ID: CVE-2021-20311
Target Binary: /binaries/target_clang/imagemagick/imagemagick-7.0.10-62-o1-magickcore
Vulnerable Function Name: WriteTHUMBNAILImage
Overall Score is: 0.045
--------------------------------------------
CVE ID: CVE-2021-20311
Target Binary: /binaries/target_clang/imagemagick/imagemagick-7.0.10-61-o1-magickcore
Vulnerable Function Name: WriteTHUMBNAILImage
Overall Score is: 0.045
--------------------------------------------
CVE ID: CVE-2021-20311
Target Binary: /binaries/target_clang/imagemagick/imagemagick-7.0.10-60-o1-magickcore
Vulnerable Function Name: WriteTHUMBNAILImage
Overall Score is: 0.045
--------------------------------------------
CVE ID: CVE-2021-20311
Target Binary: /binaries/target_clang/imagemagick/imagemagick-7.0.11-2-o1-magickcore
Vulnerable Function Name: WriteTHUMBNAILImage
Overall Score is: 0.002
--------------------------------------------
CVE ID: CVE-2021-20311
Target Binary: /binaries/target_clang/imagemagick/imagemagick-7.0.11-3-o1-magickcore
Vulnerable Function Name: WriteTHUMBNAILImage
Overall Score is: 0.002
--------------------------------------------
CVE ID: CVE-2021-20311
Target Binary: /binaries/target_clang/imagemagick/imagemagick-7.0.11-4-o1-magickcore
Vulnerable Function Name: WriteTHUMBNAILImage
Overall Score is: 0.002
--------------------------------------------
CVE ID: CVE-2021-20313
Target Binary: /binaries/target_clang/imagemagick/imagemagick-7.0.10-62-o1-magickcore
Vulnerable Function Name: WriteTHUMBNAILImage
Overall Score is: 0.045
--------------------------------------------
CVE ID: CVE-2021-20313
Target Binary: /binaries/target_clang/imagemagick/imagemagick-7.0.10-61-o1-magickcore
Vulnerable Function Name: WriteTHUMBNAILImage
Overall Score is: 0.045
--------------------------------------------
CVE ID: CVE-2021-20313
Target Binary: /binaries/target_clang/imagemagick/imagemagick-7.0.10-60-o1-magickcore
Vulnerable Function Name: WriteTHUMBNAILImage
Overall Score is: 0.045
--------------------------------------------
CVE ID: CVE-2021-20313
Target Binary: /binaries/target_clang/imagemagick/imagemagick-7.0.11-2-o1-magickcore
Vulnerable Function Name: WriteTHUMBNAILImage
Overall Score is: 0.002
--------------------------------------------
CVE ID: CVE-2021-20313
Target Binary: /binaries/target_clang/imagemagick/imagemagick-7.0.11-3-o1-magickcore
Vulnerable Function Name: WriteTHUMBNAILImage
Overall Score is: 0.002
--------------------------------------------
CVE ID: CVE-2021-20313
Target Binary: /binaries/target_clang/imagemagick/imagemagick-7.0.11-4-o1-magickcore
Vulnerable Function Name: WriteTHUMBNAILImage
Overall Score is: 0.002
--------------------------------------------
CVE ID: CVE-2023-34153
Target Binary: /binaries/target_clang/imagemagick/imagemagick-7.1.0-1-o1-magickcore
Vulnerable Function Name: ReadVIDEOImage
Overall Score is: 0.680
--------------------------------------------
CVE ID: CVE-2023-34153
Target Binary: /binaries/target_clang/imagemagick/imagemagick-7.1.0-2-o1-magickcore
Vulnerable Function Name: ReadVIDEOImage
Overall Score is: 0.680
--------------------------------------------
CVE ID: CVE-2023-34153
Target Binary: /binaries/target_clang/imagemagick/imagemagick-7.1.0-0-o1-magickcore
Vulnerable Function Name: ReadVIDEOImage
Overall Score is: 0.716
--------------------------------------------
CVE ID: CVE-2023-34153
Target Binary: /binaries/target_clang/imagemagick/imagemagick-7.1.1-11-o1-magickcore
Vulnerable Function Name: ReadVIDEOImage
Overall Score is: 0.680
--------------------------------------------
CVE ID: CVE-2023-34153
Target Binary: /binaries/target_clang/imagemagick/imagemagick-7.1.1-12-o1-magickcore
Vulnerable Function Name: ReadVIDEOImage
Overall Score is: 0.680
--------------------------------------------
CVE ID: CVE-2023-34153
Target Binary: /binaries/target_clang/imagemagick/imagemagick-7.1.1-13-o1-magickcore
Vulnerable Function Name: ReadVIDEOImage
Overall Score is: 0.680
--------------------------------------------
CVE ID: CVE-2023-5341
Target Binary: /binaries/target_clang/imagemagick/imagemagick-7.1.1-19-o1-magickcore
Vulnerable Function Name: ReadBMPImage
Overall Score is: 0.397
--------------------------------------------
CVE ID: CVE-2023-5341
Target Binary: /binaries/target_clang/imagemagick/imagemagick-7.1.1-11-o1-magickcore
Vulnerable Function Name: ReadBMPImage
Overall Score is: 0.397
--------------------------------------------
CVE ID: CVE-2023-5341
Target Binary: /binaries/target_clang/imagemagick/imagemagick-7.1.1-10-o1-magickcore
Vulnerable Function Name: ReadBMPImage
Overall Score is: 0.397
--------------------------------------------
CVE ID: CVE-2023-5341
Target Binary: /binaries/target_clang/imagemagick/imagemagick-7.1.1-20-o1-magickcore
Vulnerable Function Name: ReadBMPImage
Overall Score is: 0.397
--------------------------------------------
CVE ID: CVE-2023-5341
Target Binary: /binaries/target_clang/imagemagick/imagemagick-7.1.1-21-o1-magickcore
Vulnerable Function Name: ReadBMPImage
Overall Score is: 0.397
--------------------------------------------
CVE ID: CVE-2023-5341
Target Binary: /binaries/target_clang/imagemagick/imagemagick-7.1.1-22-o1-magickcore
Vulnerable Function Name: ReadBMPImage
Overall Score is: 0.397