--------------------------------------------
CVE ID: CVE-2013-0338
Target Binary: /binaries/target_clang/libxml2/libxml2-2.9.0-o1-libxml2
Vulnerable Function Name: xmlParserEntityCheck
Overall Score is: 0.178
--------------------------------------------
CVE ID: CVE-2013-0338
Target Binary: /binaries/target_clang/libxml2/libxml2-2.8.0-o1-libxml2
Vulnerable Function Name: xmlParserEntityCheck
Overall Score is: 0.178
--------------------------------------------
CVE ID: CVE-2013-0338
Target Binary: /binaries/target_clang/libxml2/libxml2-2.8.0-rc2-o1-libxml2
Vulnerable Function Name: xmlParserEntityCheck
Overall Score is: 0.178
--------------------------------------------
CVE ID: CVE-2013-0338
Target Binary: /binaries/target_clang/libxml2/libxml2-2.9.1-o1-libxml2
Vulnerable Function Name: xmlParserEntityCheck
Overall Score is: 0.178
--------------------------------------------
CVE ID: CVE-2013-0338
Target Binary: /binaries/target_clang/libxml2/libxml2-2.9.2-rc1-o1-libxml2
Vulnerable Function Name: xmlParserEntityCheck
Overall Score is: 0.178
--------------------------------------------
CVE ID: CVE-2013-0338
Target Binary: /binaries/target_clang/libxml2/libxml2-2.9.2-rc2-o1-libxml2
Vulnerable Function Name: xmlParserEntityCheck
Overall Score is: 0.178
--------------------------------------------
CVE ID: CVE-2013-1969
Target Binary: /binaries/target_clang/libxml2/libxml2-2.9.0-o1-libxml2
Vulnerable Function Name: htmlParseChunk__internal_alias
Overall Score is: -0.232
--------------------------------------------
CVE ID: CVE-2013-1969
Target Binary: /binaries/target_clang/libxml2/libxml2-2.9.1-o1-libxml2
Vulnerable Function Name: htmlParseChunk__internal_alias
Overall Score is: -0.232
--------------------------------------------
CVE ID: CVE-2013-1969
Target Binary: /binaries/target_clang/libxml2/libxml2-2.9.2-rc1-o1-libxml2
Vulnerable Function Name: htmlParseChunk__internal_alias
Overall Score is: -0.232
--------------------------------------------
CVE ID: CVE-2013-1969
Target Binary: /binaries/target_clang/libxml2/libxml2-2.9.2-rc2-o1-libxml2
Vulnerable Function Name: htmlParseChunk__internal_alias
Overall Score is: -0.232
--------------------------------------------
CVE ID: CVE-2015-7498
Target Binary: /binaries/target_clang/libxml2/libxml2-2.9.2-o1-libxml2
Vulnerable Function Name: xmlParseXMLDecl__internal_alias
Overall Score is: 0.232
--------------------------------------------
CVE ID: CVE-2015-7498
Target Binary: /binaries/target_clang/libxml2/libxml2-2.9.1-o1-libxml2
Vulnerable Function Name: xmlParseXMLDecl__internal_alias
Overall Score is: 0.232
--------------------------------------------
CVE ID: CVE-2015-7498
Target Binary: /binaries/target_clang/libxml2/libxml2-2.9.0-o1-libxml2
Vulnerable Function Name: xmlParseXMLDecl__internal_alias
Overall Score is: 0.232
--------------------------------------------
CVE ID: CVE-2015-7498
Target Binary: /binaries/target_clang/libxml2/libxml2-2.9.3-o1-libxml2
Vulnerable Function Name: xmlParseXMLDecl__internal_alias
Overall Score is: 0.239
--------------------------------------------
CVE ID: CVE-2015-7498
Target Binary: /binaries/target_clang/libxml2/libxml2-2.9.4-o1-libxml2
Vulnerable Function Name: xmlParseXMLDecl__internal_alias
Overall Score is: 0.238
--------------------------------------------
CVE ID: CVE-2015-7498
Target Binary: /binaries/target_clang/libxml2/libxml2-2.9.5-rc1-o1-libxml2
Vulnerable Function Name: xmlParseXMLDecl__internal_alias
Overall Score is: 0.238
--------------------------------------------
CVE ID: CVE-2015-7498
Target Binary: /binaries/target_clang/libxml2/libxml2-2.9.2-o1-libxml2
Vulnerable Function Name: xmlSwitchEncoding__internal_alias
Overall Score is: 0.611
--------------------------------------------
CVE ID: CVE-2015-7498
Target Binary: /binaries/target_clang/libxml2/libxml2-2.9.1-o1-libxml2
Vulnerable Function Name: xmlSwitchEncoding__internal_alias
Overall Score is: 0.611
--------------------------------------------
CVE ID: CVE-2015-7498
Target Binary: /binaries/target_clang/libxml2/libxml2-2.9.0-o1-libxml2
Vulnerable Function Name: xmlSwitchEncoding__internal_alias
Overall Score is: 0.611
--------------------------------------------
CVE ID: CVE-2015-7498
Target Binary: /binaries/target_clang/libxml2/libxml2-2.9.3-o1-libxml2
Vulnerable Function Name: xmlSwitchEncoding__internal_alias
Overall Score is: 0.611
--------------------------------------------
CVE ID: CVE-2015-7498
Target Binary: /binaries/target_clang/libxml2/libxml2-2.9.4-o1-libxml2
Vulnerable Function Name: xmlSwitchEncoding__internal_alias
Overall Score is: 0.611
--------------------------------------------
CVE ID: CVE-2015-7498
Target Binary: /binaries/target_clang/libxml2/libxml2-2.9.5-rc1-o1-libxml2
Vulnerable Function Name: xmlSwitchEncoding__internal_alias
Overall Score is: 0.611
--------------------------------------------
CVE ID: CVE-2015-7500
Target Binary: /binaries/target_clang/libxml2/libxml2-2.9.2-o1-libxml2
Vulnerable Function Name: xmlParseStartTag2
Overall Score is: 0.233
--------------------------------------------
CVE ID: CVE-2015-7500
Target Binary: /binaries/target_clang/libxml2/libxml2-2.9.1-o1-libxml2
Vulnerable Function Name: xmlParseStartTag2
Overall Score is: 0.233
--------------------------------------------
CVE ID: CVE-2015-7500
Target Binary: /binaries/target_clang/libxml2/libxml2-2.9.0-o1-libxml2
Vulnerable Function Name: xmlParseStartTag2
Overall Score is: 0.233
--------------------------------------------
CVE ID: CVE-2015-7500
Target Binary: /binaries/target_clang/libxml2/libxml2-2.9.4-o1-libxml2
Vulnerable Function Name: xmlParseStartTag2
Overall Score is: 0.233
--------------------------------------------
CVE ID: CVE-2015-7500
Target Binary: /binaries/target_clang/libxml2/libxml2-2.9.5-rc1-o1-libxml2
Vulnerable Function Name: xmlParseStartTag2
Overall Score is: 0.233
--------------------------------------------
CVE ID: CVE-2015-7500
Target Binary: /binaries/target_clang/libxml2/libxml2-2.9.5-rc2-o1-libxml2
Vulnerable Function Name: xmlParseStartTag2
Overall Score is: 0.233
--------------------------------------------
CVE ID: CVE-2015-7941
Target Binary: /binaries/target_clang/libxml2/libxml2-2.9.2-o1-libxml2
Vulnerable Function Name: xmlParseConditionalSections
Overall Score is: 0.768
--------------------------------------------
CVE ID: CVE-2015-7941
Target Binary: /binaries/target_clang/libxml2/libxml2-2.9.3-o1-libxml2
Vulnerable Function Name: xmlParseConditionalSections
Overall Score is: 0.824
--------------------------------------------
CVE ID: CVE-2015-7941
Target Binary: /binaries/target_clang/libxml2/libxml2-2.9.4-o1-libxml2
Vulnerable Function Name: xmlParseConditionalSections
Overall Score is: 0.807
--------------------------------------------
CVE ID: CVE-2015-7941
Target Binary: /binaries/target_clang/libxml2/libxml2-2.9.5-rc1-o1-libxml2
Vulnerable Function Name: xmlParseConditionalSections
Overall Score is: 0.805
--------------------------------------------
CVE ID: CVE-2015-8241
Target Binary: /binaries/target_clang/libxml2/libxml2-2.9.2-o1-libxml2
Vulnerable Function Name: xmlParseMarkupDecl__internal_alias
Overall Score is: 0.179
--------------------------------------------
CVE ID: CVE-2015-8241
Target Binary: /binaries/target_clang/libxml2/libxml2-2.9.1-o1-libxml2
Vulnerable Function Name: xmlParseMarkupDecl__internal_alias
Overall Score is: 0.179
--------------------------------------------
CVE ID: CVE-2015-8241
Target Binary: /binaries/target_clang/libxml2/libxml2-2.9.0-o1-libxml2
Vulnerable Function Name: xmlParseMarkupDecl__internal_alias
Overall Score is: 0.179
--------------------------------------------
CVE ID: CVE-2015-8241
Target Binary: /binaries/target_clang/libxml2/libxml2-2.9.3-o1-libxml2
Vulnerable Function Name: xmlParseMarkupDecl__internal_alias
Overall Score is: 0.219
--------------------------------------------
CVE ID: CVE-2015-8241
Target Binary: /binaries/target_clang/libxml2/libxml2-2.9.4-o1-libxml2
Vulnerable Function Name: xmlParseMarkupDecl__internal_alias
Overall Score is: 0.235
--------------------------------------------
CVE ID: CVE-2015-8241
Target Binary: /binaries/target_clang/libxml2/libxml2-2.9.5-rc1-o1-libxml2
Vulnerable Function Name: xmlParseMarkupDecl__internal_alias
Overall Score is: 0.242
--------------------------------------------
CVE ID: CVE-2016-1762
Target Binary: /binaries/target_clang/libxml2/libxml2-2.9.3-o1-libxml2
Vulnerable Function Name: xmlParseInternalSubset
Overall Score is: 0.306
--------------------------------------------
CVE ID: CVE-2016-1762
Target Binary: /binaries/target_clang/libxml2/libxml2-2.9.2-o1-libxml2
Vulnerable Function Name: xmlParseInternalSubset
Overall Score is: 0.306
--------------------------------------------
CVE ID: CVE-2016-1762
Target Binary: /binaries/target_clang/libxml2/libxml2-2.9.2-rc2-o1-libxml2
Vulnerable Function Name: xmlParseInternalSubset
Overall Score is: 0.306
--------------------------------------------
CVE ID: CVE-2016-1762
Target Binary: /binaries/target_clang/libxml2/libxml2-2.9.4-o1-libxml2
Vulnerable Function Name: xmlParseInternalSubset
Overall Score is: 0.432
--------------------------------------------
CVE ID: CVE-2016-1762
Target Binary: /binaries/target_clang/libxml2/libxml2-2.9.5-rc1-o1-libxml2
Vulnerable Function Name: xmlParseInternalSubset
Overall Score is: 0.543
--------------------------------------------
CVE ID: CVE-2016-1762
Target Binary: /binaries/target_clang/libxml2/libxml2-2.9.5-rc2-o1-libxml2
Vulnerable Function Name: xmlParseInternalSubset
Overall Score is: 0.543
--------------------------------------------
CVE ID: CVE-2016-1837
Target Binary: /binaries/target_clang/libxml2/libxml2-2.9.3-o1-libxml2
Vulnerable Function Name: htmlParseSystemLiteral
Overall Score is: 0.277
--------------------------------------------
CVE ID: CVE-2016-1837
Target Binary: /binaries/target_clang/libxml2/libxml2-2.9.2-o1-libxml2
Vulnerable Function Name: htmlParseSystemLiteral
Overall Score is: 0.277
--------------------------------------------
CVE ID: CVE-2016-1837
Target Binary: /binaries/target_clang/libxml2/libxml2-2.9.2-rc2-o1-libxml2
Vulnerable Function Name: htmlParseSystemLiteral
Overall Score is: 0.277
--------------------------------------------
CVE ID: CVE-2016-1837
Target Binary: /binaries/target_clang/libxml2/libxml2-2.9.5-rc1-o1-libxml2
Vulnerable Function Name: htmlParseSystemLiteral
Overall Score is: 0.096
--------------------------------------------
CVE ID: CVE-2016-1837
Target Binary: /binaries/target_clang/libxml2/libxml2-2.9.5-rc2-o1-libxml2
Vulnerable Function Name: htmlParseSystemLiteral
Overall Score is: 0.096
--------------------------------------------
CVE ID: CVE-2016-1837
Target Binary: /binaries/target_clang/libxml2/libxml2-2.9.5-o1-libxml2
Vulnerable Function Name: htmlParseSystemLiteral
Overall Score is: 0.096
--------------------------------------------
CVE ID: CVE-2016-4658
Target Binary: /binaries/target_clang/libxml2/libxml2-2.9.4-o1-libxml2
Vulnerable Function Name: xmlXPtrNewRangeNodeObject__internal_alias
Overall Score is: -0.117
--------------------------------------------
CVE ID: CVE-2016-4658
Target Binary: /binaries/target_clang/libxml2/libxml2-2.9.3-o1-libxml2
Vulnerable Function Name: xmlXPtrNewRangeNodeObject__internal_alias
Overall Score is: -0.117
--------------------------------------------
CVE ID: CVE-2016-4658
Target Binary: /binaries/target_clang/libxml2/libxml2-2.9.2-o1-libxml2
Vulnerable Function Name: xmlXPtrNewRangeNodeObject__internal_alias
Overall Score is: -0.117
--------------------------------------------
CVE ID: CVE-2016-4658
Target Binary: /binaries/target_clang/libxml2/libxml2-2.9.5-rc1-o1-libxml2
Vulnerable Function Name: xmlXPtrNewRangeNodeObject__internal_alias
Overall Score is: -0.065
--------------------------------------------
CVE ID: CVE-2016-4658
Target Binary: /binaries/target_clang/libxml2/libxml2-2.9.5-rc2-o1-libxml2
Vulnerable Function Name: xmlXPtrNewRangeNodeObject__internal_alias
Overall Score is: -0.065
--------------------------------------------
CVE ID: CVE-2016-4658
Target Binary: /binaries/target_clang/libxml2/libxml2-2.9.5-o1-libxml2
Vulnerable Function Name: xmlXPtrNewRangeNodeObject__internal_alias
Overall Score is: -0.065
--------------------------------------------
CVE ID: CVE-2017-5130
Target Binary: /binaries/target_clang/libxml2/libxml2-2.9.4-o1-libxml2
Vulnerable Function Name: xmlMallocLoc__internal_alias
Overall Score is: 0.127
--------------------------------------------
CVE ID: CVE-2017-5130
Target Binary: /binaries/target_clang/libxml2/libxml2-2.9.3-o1-libxml2
Vulnerable Function Name: xmlMallocLoc__internal_alias
Overall Score is: 0.127
--------------------------------------------
CVE ID: CVE-2017-5130
Target Binary: /binaries/target_clang/libxml2/libxml2-2.9.2-o1-libxml2
Vulnerable Function Name: xmlMallocLoc__internal_alias
Overall Score is: 0.127
--------------------------------------------
CVE ID: CVE-2017-5130
Target Binary: /binaries/target_clang/libxml2/libxml2-2.9.5-rc1-o1-libxml2
Vulnerable Function Name: xmlMallocLoc__internal_alias
Overall Score is: 0.358
--------------------------------------------
CVE ID: CVE-2017-5130
Target Binary: /binaries/target_clang/libxml2/libxml2-2.9.5-rc2-o1-libxml2
Vulnerable Function Name: xmlMallocLoc__internal_alias
Overall Score is: 0.358
--------------------------------------------
CVE ID: CVE-2017-5130
Target Binary: /binaries/target_clang/libxml2/libxml2-2.9.5-o1-libxml2
Vulnerable Function Name: xmlMallocLoc__internal_alias
Overall Score is: 0.358
--------------------------------------------
CVE ID: CVE-2017-5130
Target Binary: /binaries/target_clang/libxml2/libxml2-2.9.4-o1-libxml2
Vulnerable Function Name: xmlMemStrdupLoc__internal_alias
Overall Score is: 0.135
--------------------------------------------
CVE ID: CVE-2017-5130
Target Binary: /binaries/target_clang/libxml2/libxml2-2.9.3-o1-libxml2
Vulnerable Function Name: xmlMemStrdupLoc__internal_alias
Overall Score is: 0.135
--------------------------------------------
CVE ID: CVE-2017-5130
Target Binary: /binaries/target_clang/libxml2/libxml2-2.9.2-o1-libxml2
Vulnerable Function Name: xmlMemStrdupLoc__internal_alias
Overall Score is: 0.135
--------------------------------------------
CVE ID: CVE-2017-5130
Target Binary: /binaries/target_clang/libxml2/libxml2-2.9.5-rc1-o1-libxml2
Vulnerable Function Name: xmlMemStrdupLoc__internal_alias
Overall Score is: 0.135
--------------------------------------------
CVE ID: CVE-2017-5130
Target Binary: /binaries/target_clang/libxml2/libxml2-2.9.5-rc2-o1-libxml2
Vulnerable Function Name: xmlMemStrdupLoc__internal_alias
Overall Score is: 0.135
--------------------------------------------
CVE ID: CVE-2017-5130
Target Binary: /binaries/target_clang/libxml2/libxml2-2.9.5-o1-libxml2
Vulnerable Function Name: xmlMemStrdupLoc__internal_alias
Overall Score is: 0.135
--------------------------------------------
CVE ID: CVE-2022-23308
Target Binary: /binaries/target_clang/libxml2/libxml2-2.9.11-o1-libxml2
Vulnerable Function Name: xmlValidCtxtNormalizeAttributeValue__internal_alias
Overall Score is: 0.233
--------------------------------------------
CVE ID: CVE-2022-23308
Target Binary: /binaries/target_clang/libxml2/libxml2-2.9.12-o1-libxml2
Vulnerable Function Name: xmlValidCtxtNormalizeAttributeValue__internal_alias
Overall Score is: 0.233
--------------------------------------------
CVE ID: CVE-2022-23308
Target Binary: /binaries/target_clang/libxml2/libxml2-2.9.10-o1-libxml2
Vulnerable Function Name: xmlValidCtxtNormalizeAttributeValue__internal_alias
Overall Score is: 0.233
--------------------------------------------
CVE ID: CVE-2022-23308
Target Binary: /binaries/target_clang/libxml2/libxml2-2.9.13-o1-libxml2
Vulnerable Function Name: xmlValidCtxtNormalizeAttributeValue__internal_alias
Overall Score is: 0.233
--------------------------------------------
CVE ID: CVE-2022-23308
Target Binary: /binaries/target_clang/libxml2/libxml2-2.9.14-o1-libxml2
Vulnerable Function Name: xmlValidCtxtNormalizeAttributeValue__internal_alias
Overall Score is: 0.233
--------------------------------------------
CVE ID: CVE-2022-23308
Target Binary: /binaries/target_clang/libxml2/libxml2-2.9.11-o1-libxml2
Vulnerable Function Name: xmlValidNormalizeAttributeValue__internal_alias
Overall Score is: 0.233
--------------------------------------------
CVE ID: CVE-2022-23308
Target Binary: /binaries/target_clang/libxml2/libxml2-2.9.12-o1-libxml2
Vulnerable Function Name: xmlValidNormalizeAttributeValue__internal_alias
Overall Score is: 0.233
--------------------------------------------
CVE ID: CVE-2022-23308
Target Binary: /binaries/target_clang/libxml2/libxml2-2.9.10-o1-libxml2
Vulnerable Function Name: xmlValidNormalizeAttributeValue__internal_alias
Overall Score is: 0.233
--------------------------------------------
CVE ID: CVE-2022-23308
Target Binary: /binaries/target_clang/libxml2/libxml2-2.9.13-o1-libxml2
Vulnerable Function Name: xmlValidNormalizeAttributeValue__internal_alias
Overall Score is: 0.233
--------------------------------------------
CVE ID: CVE-2022-23308
Target Binary: /binaries/target_clang/libxml2/libxml2-2.9.14-o1-libxml2
Vulnerable Function Name: xmlValidNormalizeAttributeValue__internal_alias
Overall Score is: 0.233
--------------------------------------------
CVE ID: CVE-2022-29824
Target Binary: /binaries/target_clang/libxml2/libxml2-2.9.13-o1-libxml2
Vulnerable Function Name: xmlBufferCreateSize__internal_alias
Overall Score is: -0.866
--------------------------------------------
CVE ID: CVE-2022-29824
Target Binary: /binaries/target_clang/libxml2/libxml2-2.9.11-o1-libxml2
Vulnerable Function Name: xmlBufferCreateSize__internal_alias
Overall Score is: -0.866
--------------------------------------------
CVE ID: CVE-2022-29824
Target Binary: /binaries/target_clang/libxml2/libxml2-2.9.12-o1-libxml2
Vulnerable Function Name: xmlBufferCreateSize__internal_alias
Overall Score is: -0.866
--------------------------------------------
CVE ID: CVE-2022-29824
Target Binary: /binaries/target_clang/libxml2/libxml2-2.9.13-o1-libxml2
Vulnerable Function Name: xmlBufCreateSize
Overall Score is: -0.876
--------------------------------------------
CVE ID: CVE-2022-29824
Target Binary: /binaries/target_clang/libxml2/libxml2-2.9.11-o1-libxml2
Vulnerable Function Name: xmlBufCreateSize
Overall Score is: -0.876
--------------------------------------------
CVE ID: CVE-2022-29824
Target Binary: /binaries/target_clang/libxml2/libxml2-2.9.12-o1-libxml2
Vulnerable Function Name: xmlBufCreateSize
Overall Score is: -0.876
--------------------------------------------
CVE ID: CVE-2022-29824
Target Binary: /binaries/target_clang/libxml2/libxml2-2.10.0-o1-libxml2
Vulnerable Function Name: xmlBufCreateSize
Overall Score is: 0.809
--------------------------------------------
CVE ID: CVE-2022-29824
Target Binary: /binaries/target_clang/libxml2/libxml2-2.10.1-o1-libxml2
Vulnerable Function Name: xmlBufCreateSize
Overall Score is: 0.809
--------------------------------------------
CVE ID: CVE-2022-29824
Target Binary: /binaries/target_clang/libxml2/libxml2-2.10.2-o1-libxml2
Vulnerable Function Name: xmlBufCreateSize
Overall Score is: 0.809
--------------------------------------------
CVE ID: CVE-2022-40303
Target Binary: /binaries/target_clang/libxml2/libxml2-2.10.2-o1-libxml2
Vulnerable Function Name: xmlParseCDSect
Overall Score is: -0.004
--------------------------------------------
CVE ID: CVE-2022-40303
Target Binary: /binaries/target_clang/libxml2/libxml2-2.10.1-o1-libxml2
Vulnerable Function Name: xmlParseCDSect
Overall Score is: -0.004
--------------------------------------------
CVE ID: CVE-2022-40303
Target Binary: /binaries/target_clang/libxml2/libxml2-2.10.0-o1-libxml2
Vulnerable Function Name: xmlParseCDSect
Overall Score is: -0.004
--------------------------------------------
CVE ID: CVE-2022-40303
Target Binary: /binaries/target_clang/libxml2/libxml2-2.10.4-o1-libxml2
Vulnerable Function Name: xmlParseCDSect
Overall Score is: 0.094
--------------------------------------------
CVE ID: CVE-2022-40303
Target Binary: /binaries/target_clang/libxml2/libxml2-2.11.0-o1-libxml2
Vulnerable Function Name: xmlParseCDSect
Overall Score is: 0.094
--------------------------------------------
CVE ID: CVE-2022-40303
Target Binary: /binaries/target_clang/libxml2/libxml2-2.11.1-o1-libxml2
Vulnerable Function Name: xmlParseCDSect
Overall Score is: 0.094
--------------------------------------------
CVE ID: CVE-2022-40303
Target Binary: /binaries/target_clang/libxml2/libxml2-2.10.2-o1-libxml2
Vulnerable Function Name: xmlParseStringName
Overall Score is: 0.327
--------------------------------------------
CVE ID: CVE-2022-40303
Target Binary: /binaries/target_clang/libxml2/libxml2-2.10.1-o1-libxml2
Vulnerable Function Name: xmlParseStringName
Overall Score is: 0.327
--------------------------------------------
CVE ID: CVE-2022-40303
Target Binary: /binaries/target_clang/libxml2/libxml2-2.10.0-o1-libxml2
Vulnerable Function Name: xmlParseStringName
Overall Score is: 0.327
--------------------------------------------
CVE ID: CVE-2022-40303
Target Binary: /binaries/target_clang/libxml2/libxml2-2.10.4-o1-libxml2
Vulnerable Function Name: xmlParseStringName
Overall Score is: 0.326
--------------------------------------------
CVE ID: CVE-2022-40303
Target Binary: /binaries/target_clang/libxml2/libxml2-2.11.0-o1-libxml2
Vulnerable Function Name: xmlParseStringName
Overall Score is: 0.326
--------------------------------------------
CVE ID: CVE-2022-40303
Target Binary: /binaries/target_clang/libxml2/libxml2-2.11.1-o1-libxml2
Vulnerable Function Name: xmlParseStringName
Overall Score is: 0.326
--------------------------------------------
CVE ID: CVE-2022-40303
Target Binary: /binaries/target_clang/libxml2/libxml2-2.10.2-o1-libxml2
Vulnerable Function Name: xmlParseEntityValue
Overall Score is: 0.059
--------------------------------------------
CVE ID: CVE-2022-40303
Target Binary: /binaries/target_clang/libxml2/libxml2-2.10.1-o1-libxml2
Vulnerable Function Name: xmlParseEntityValue
Overall Score is: 0.059
--------------------------------------------
CVE ID: CVE-2022-40303
Target Binary: /binaries/target_clang/libxml2/libxml2-2.10.0-o1-libxml2
Vulnerable Function Name: xmlParseEntityValue
Overall Score is: 0.059
--------------------------------------------
CVE ID: CVE-2022-40303
Target Binary: /binaries/target_clang/libxml2/libxml2-2.10.4-o1-libxml2
Vulnerable Function Name: xmlParseEntityValue
Overall Score is: 0.036
--------------------------------------------
CVE ID: CVE-2022-40303
Target Binary: /binaries/target_clang/libxml2/libxml2-2.11.0-o1-libxml2
Vulnerable Function Name: xmlParseEntityValue
Overall Score is: 0.015
--------------------------------------------
CVE ID: CVE-2022-40303
Target Binary: /binaries/target_clang/libxml2/libxml2-2.11.1-o1-libxml2
Vulnerable Function Name: xmlParseEntityValue
Overall Score is: 0.015
--------------------------------------------
CVE ID: CVE-2022-40303
Target Binary: /binaries/target_clang/libxml2/libxml2-2.10.2-o1-libxml2
Vulnerable Function Name: xmlParseSystemLiteral
Overall Score is: 0.234
--------------------------------------------
CVE ID: CVE-2022-40303
Target Binary: /binaries/target_clang/libxml2/libxml2-2.10.1-o1-libxml2
Vulnerable Function Name: xmlParseSystemLiteral
Overall Score is: 0.234
--------------------------------------------
CVE ID: CVE-2022-40303
Target Binary: /binaries/target_clang/libxml2/libxml2-2.10.0-o1-libxml2
Vulnerable Function Name: xmlParseSystemLiteral
Overall Score is: 0.234
--------------------------------------------
CVE ID: CVE-2022-40303
Target Binary: /binaries/target_clang/libxml2/libxml2-2.10.4-o1-libxml2
Vulnerable Function Name: xmlParseSystemLiteral
Overall Score is: 0.234
--------------------------------------------
CVE ID: CVE-2022-40303
Target Binary: /binaries/target_clang/libxml2/libxml2-2.11.0-o1-libxml2
Vulnerable Function Name: xmlParseSystemLiteral
Overall Score is: 0.231
--------------------------------------------
CVE ID: CVE-2022-40303
Target Binary: /binaries/target_clang/libxml2/libxml2-2.11.1-o1-libxml2
Vulnerable Function Name: xmlParseSystemLiteral
Overall Score is: 0.231
--------------------------------------------
CVE ID: CVE-2022-40303
Target Binary: /binaries/target_clang/libxml2/libxml2-2.10.2-o1-libxml2
Vulnerable Function Name: xmlParseAttValueInternal
Overall Score is: 0.230
--------------------------------------------
CVE ID: CVE-2022-40303
Target Binary: /binaries/target_clang/libxml2/libxml2-2.10.1-o1-libxml2
Vulnerable Function Name: xmlParseAttValueInternal
Overall Score is: 0.230
--------------------------------------------
CVE ID: CVE-2022-40303
Target Binary: /binaries/target_clang/libxml2/libxml2-2.10.0-o1-libxml2
Vulnerable Function Name: xmlParseAttValueInternal
Overall Score is: 0.230
--------------------------------------------
CVE ID: CVE-2022-40303
Target Binary: /binaries/target_clang/libxml2/libxml2-2.10.4-o1-libxml2
Vulnerable Function Name: xmlParseAttValueInternal
Overall Score is: 0.230
--------------------------------------------
CVE ID: CVE-2022-40303
Target Binary: /binaries/target_clang/libxml2/libxml2-2.11.0-o1-libxml2
Vulnerable Function Name: xmlParseAttValueInternal
Overall Score is: 0.231
--------------------------------------------
CVE ID: CVE-2022-40303
Target Binary: /binaries/target_clang/libxml2/libxml2-2.11.1-o1-libxml2
Vulnerable Function Name: xmlParseAttValueInternal
Overall Score is: 0.231
--------------------------------------------
CVE ID: CVE-2022-40303
Target Binary: /binaries/target_clang/libxml2/libxml2-2.10.2-o1-libxml2
Vulnerable Function Name: xmlParseNCName
Overall Score is: 0.528
--------------------------------------------
CVE ID: CVE-2022-40303
Target Binary: /binaries/target_clang/libxml2/libxml2-2.10.1-o1-libxml2
Vulnerable Function Name: xmlParseNCName
Overall Score is: 0.528
--------------------------------------------
CVE ID: CVE-2022-40303
Target Binary: /binaries/target_clang/libxml2/libxml2-2.10.0-o1-libxml2
Vulnerable Function Name: xmlParseNCName
Overall Score is: 0.528
--------------------------------------------
CVE ID: CVE-2022-40303
Target Binary: /binaries/target_clang/libxml2/libxml2-2.10.4-o1-libxml2
Vulnerable Function Name: xmlParseNCName
Overall Score is: 0.549
--------------------------------------------
CVE ID: CVE-2022-40303
Target Binary: /binaries/target_clang/libxml2/libxml2-2.11.0-o1-libxml2
Vulnerable Function Name: xmlParseNCName
Overall Score is: 0.525
--------------------------------------------
CVE ID: CVE-2022-40303
Target Binary: /binaries/target_clang/libxml2/libxml2-2.11.1-o1-libxml2
Vulnerable Function Name: xmlParseNCName
Overall Score is: 0.525
--------------------------------------------
CVE ID: CVE-2022-40303
Target Binary: /binaries/target_clang/libxml2/libxml2-2.10.2-o1-libxml2
Vulnerable Function Name: xmlParseName
Overall Score is: 0.213
--------------------------------------------
CVE ID: CVE-2022-40303
Target Binary: /binaries/target_clang/libxml2/libxml2-2.10.1-o1-libxml2
Vulnerable Function Name: xmlParseName
Overall Score is: 0.213
--------------------------------------------
CVE ID: CVE-2022-40303
Target Binary: /binaries/target_clang/libxml2/libxml2-2.10.0-o1-libxml2
Vulnerable Function Name: xmlParseName
Overall Score is: 0.213
--------------------------------------------
CVE ID: CVE-2022-40303
Target Binary: /binaries/target_clang/libxml2/libxml2-2.10.4-o1-libxml2
Vulnerable Function Name: xmlParseName
Overall Score is: 0.213
--------------------------------------------
CVE ID: CVE-2022-40303
Target Binary: /binaries/target_clang/libxml2/libxml2-2.11.0-o1-libxml2
Vulnerable Function Name: xmlParseName
Overall Score is: 0.202
--------------------------------------------
CVE ID: CVE-2022-40303
Target Binary: /binaries/target_clang/libxml2/libxml2-2.11.1-o1-libxml2
Vulnerable Function Name: xmlParseName
Overall Score is: 0.202
--------------------------------------------
CVE ID: CVE-2022-40303
Target Binary: /binaries/target_clang/libxml2/libxml2-2.10.2-o1-libxml2
Vulnerable Function Name: xmlParsePI
Overall Score is: -0.127
--------------------------------------------
CVE ID: CVE-2022-40303
Target Binary: /binaries/target_clang/libxml2/libxml2-2.10.1-o1-libxml2
Vulnerable Function Name: xmlParsePI
Overall Score is: -0.127
--------------------------------------------
CVE ID: CVE-2022-40303
Target Binary: /binaries/target_clang/libxml2/libxml2-2.10.0-o1-libxml2
Vulnerable Function Name: xmlParsePI
Overall Score is: -0.127
--------------------------------------------
CVE ID: CVE-2022-40303
Target Binary: /binaries/target_clang/libxml2/libxml2-2.10.4-o1-libxml2
Vulnerable Function Name: xmlParsePI
Overall Score is: -0.029
--------------------------------------------
CVE ID: CVE-2022-40303
Target Binary: /binaries/target_clang/libxml2/libxml2-2.11.0-o1-libxml2
Vulnerable Function Name: xmlParsePI
Overall Score is: -0.029
--------------------------------------------
CVE ID: CVE-2022-40303
Target Binary: /binaries/target_clang/libxml2/libxml2-2.11.1-o1-libxml2
Vulnerable Function Name: xmlParsePI
Overall Score is: -0.029
--------------------------------------------
CVE ID: CVE-2022-40303
Target Binary: /binaries/target_clang/libxml2/libxml2-2.10.2-o1-libxml2
Vulnerable Function Name: xmlParseNmtoken
Overall Score is: 0.216
--------------------------------------------
CVE ID: CVE-2022-40303
Target Binary: /binaries/target_clang/libxml2/libxml2-2.10.1-o1-libxml2
Vulnerable Function Name: xmlParseNmtoken
Overall Score is: 0.216
--------------------------------------------
CVE ID: CVE-2022-40303
Target Binary: /binaries/target_clang/libxml2/libxml2-2.10.0-o1-libxml2
Vulnerable Function Name: xmlParseNmtoken
Overall Score is: 0.216
--------------------------------------------
CVE ID: CVE-2022-40303
Target Binary: /binaries/target_clang/libxml2/libxml2-2.10.4-o1-libxml2
Vulnerable Function Name: xmlParseNmtoken
Overall Score is: 0.215
--------------------------------------------
CVE ID: CVE-2022-40303
Target Binary: /binaries/target_clang/libxml2/libxml2-2.11.0-o1-libxml2
Vulnerable Function Name: xmlParseNmtoken
Overall Score is: 0.353
--------------------------------------------
CVE ID: CVE-2022-40303
Target Binary: /binaries/target_clang/libxml2/libxml2-2.11.1-o1-libxml2
Vulnerable Function Name: xmlParseNmtoken
Overall Score is: 0.353
--------------------------------------------
CVE ID: CVE-2022-40303
Target Binary: /binaries/target_clang/libxml2/libxml2-2.10.2-o1-libxml2
Vulnerable Function Name: xmlParsePubidLiteral
Overall Score is: 0.234
--------------------------------------------
CVE ID: CVE-2022-40303
Target Binary: /binaries/target_clang/libxml2/libxml2-2.10.1-o1-libxml2
Vulnerable Function Name: xmlParsePubidLiteral
Overall Score is: 0.234
--------------------------------------------
CVE ID: CVE-2022-40303
Target Binary: /binaries/target_clang/libxml2/libxml2-2.10.0-o1-libxml2
Vulnerable Function Name: xmlParsePubidLiteral
Overall Score is: 0.234
--------------------------------------------
CVE ID: CVE-2022-40303
Target Binary: /binaries/target_clang/libxml2/libxml2-2.10.4-o1-libxml2
Vulnerable Function Name: xmlParsePubidLiteral
Overall Score is: 0.234
--------------------------------------------
CVE ID: CVE-2022-40303
Target Binary: /binaries/target_clang/libxml2/libxml2-2.11.0-o1-libxml2
Vulnerable Function Name: xmlParsePubidLiteral
Overall Score is: 0.231
--------------------------------------------
CVE ID: CVE-2022-40303
Target Binary: /binaries/target_clang/libxml2/libxml2-2.11.1-o1-libxml2
Vulnerable Function Name: xmlParsePubidLiteral
Overall Score is: 0.231
--------------------------------------------
CVE ID: CVE-2022-40303
Target Binary: /binaries/target_clang/libxml2/libxml2-2.10.2-o1-libxml2
Vulnerable Function Name: xmlParseComment
Overall Score is: 0.326
--------------------------------------------
CVE ID: CVE-2022-40303
Target Binary: /binaries/target_clang/libxml2/libxml2-2.10.1-o1-libxml2
Vulnerable Function Name: xmlParseComment
Overall Score is: 0.326
--------------------------------------------
CVE ID: CVE-2022-40303
Target Binary: /binaries/target_clang/libxml2/libxml2-2.10.0-o1-libxml2
Vulnerable Function Name: xmlParseComment
Overall Score is: 0.326
--------------------------------------------
CVE ID: CVE-2022-40303
Target Binary: /binaries/target_clang/libxml2/libxml2-2.10.4-o1-libxml2
Vulnerable Function Name: xmlParseComment
Overall Score is: 0.305
--------------------------------------------
CVE ID: CVE-2022-40303
Target Binary: /binaries/target_clang/libxml2/libxml2-2.11.0-o1-libxml2
Vulnerable Function Name: xmlParseComment
Overall Score is: 0.305
--------------------------------------------
CVE ID: CVE-2022-40303
Target Binary: /binaries/target_clang/libxml2/libxml2-2.11.1-o1-libxml2
Vulnerable Function Name: xmlParseComment
Overall Score is: 0.305
--------------------------------------------
CVE ID: CVE-2022-40303
Target Binary: /binaries/target_clang/libxml2/libxml2-2.10.2-o1-libxml2
Vulnerable Function Name: xmlParseCommentComplex
Overall Score is: 0.104
--------------------------------------------
CVE ID: CVE-2022-40303
Target Binary: /binaries/target_clang/libxml2/libxml2-2.10.1-o1-libxml2
Vulnerable Function Name: xmlParseCommentComplex
Overall Score is: 0.104
--------------------------------------------
CVE ID: CVE-2022-40303
Target Binary: /binaries/target_clang/libxml2/libxml2-2.10.0-o1-libxml2
Vulnerable Function Name: xmlParseCommentComplex
Overall Score is: 0.104
--------------------------------------------
CVE ID: CVE-2022-40303
Target Binary: /binaries/target_clang/libxml2/libxml2-2.10.4-o1-libxml2
Vulnerable Function Name: xmlParseCommentComplex
Overall Score is: 0.066
--------------------------------------------
CVE ID: CVE-2022-40303
Target Binary: /binaries/target_clang/libxml2/libxml2-2.11.0-o1-libxml2
Vulnerable Function Name: xmlParseCommentComplex
Overall Score is: 0.066
--------------------------------------------
CVE ID: CVE-2022-40303
Target Binary: /binaries/target_clang/libxml2/libxml2-2.11.1-o1-libxml2
Vulnerable Function Name: xmlParseCommentComplex
Overall Score is: 0.066