2025-09-17 16:55:06,306 - INFO - detecting CVE-2017-12896 isakmp_rfc3948_print
2025-09-17 16:55:06,307 - INFO - cmd: python main.py --detect --cve_id CVE-2017-12896 --target_bin /binaries/target_clang/tcpdump/tcpdump-4.9.1-o1-tcpdump --vul_func_name isakmp_rfc3948_print --project tcpdump
2025-09-17 16:55:12,096 - INFO - success CVE-2017-12896,details in cve_test/CVE-2017-12896.log

2025-09-17 16:55:12,097 - INFO - detecting CVE-2017-12896 isakmp_rfc3948_print
2025-09-17 16:55:12,097 - INFO - cmd: python main.py --detect --cve_id CVE-2017-12896 --target_bin /binaries/target_clang/tcpdump/tcpdump-4.9.0-o1-tcpdump --vul_func_name isakmp_rfc3948_print --project tcpdump
2025-09-17 16:55:18,638 - INFO - success CVE-2017-12896,details in cve_test/CVE-2017-12896.log

2025-09-17 16:55:18,639 - INFO - detecting CVE-2017-12896 isakmp_rfc3948_print
2025-09-17 16:55:18,640 - INFO - cmd: python main.py --detect --cve_id CVE-2017-12896 --target_bin /binaries/target_clang/tcpdump/tcpdump-4.8.1-o1-tcpdump --vul_func_name isakmp_rfc3948_print --project tcpdump
2025-09-17 16:55:25,319 - INFO - success CVE-2017-12896,details in cve_test/CVE-2017-12896.log

2025-09-17 16:55:25,320 - INFO - detecting CVE-2017-12896 isakmp_rfc3948_print
2025-09-17 16:55:25,321 - INFO - cmd: python main.py --detect --cve_id CVE-2017-12896 --target_bin /binaries/target_clang/tcpdump/tcpdump-4.9.3-o1-tcpdump --vul_func_name isakmp_rfc3948_print --project tcpdump
2025-09-17 16:55:31,964 - INFO - success CVE-2017-12896,details in cve_test/CVE-2017-12896.log

2025-09-17 16:55:31,965 - INFO - detecting CVE-2017-12896 isakmp_rfc3948_print
2025-09-17 16:55:31,966 - INFO - cmd: python main.py --detect --cve_id CVE-2017-12896 --target_bin /binaries/target_clang/tcpdump/tcpdump-4.99.0-bp-o1-tcpdump --vul_func_name isakmp_rfc3948_print --project tcpdump
2025-09-17 16:55:37,677 - INFO - success CVE-2017-12896,details in cve_test/CVE-2017-12896.log

2025-09-17 16:55:37,678 - INFO - detecting CVE-2017-12896 isakmp_rfc3948_print
2025-09-17 16:55:37,678 - INFO - cmd: python main.py --detect --cve_id CVE-2017-12896 --target_bin /binaries/target_clang/tcpdump/tcpdump-4.99-bp-o1-tcpdump --vul_func_name isakmp_rfc3948_print --project tcpdump
2025-09-17 16:55:43,483 - INFO - success CVE-2017-12896,details in cve_test/CVE-2017-12896.log

2025-09-17 16:55:43,484 - INFO - detecting CVE-2017-12992 ripng_print
2025-09-17 16:55:43,485 - INFO - cmd: python main.py --detect --cve_id CVE-2017-12992 --target_bin /binaries/target_clang/tcpdump/tcpdump-4.9.1-o1-tcpdump --vul_func_name ripng_print --project tcpdump
2025-09-17 16:55:48,992 - INFO - success CVE-2017-12992,details in cve_test/CVE-2017-12992.log

2025-09-17 16:55:48,993 - INFO - detecting CVE-2017-12992 ripng_print
2025-09-17 16:55:48,997 - INFO - cmd: python main.py --detect --cve_id CVE-2017-12992 --target_bin /binaries/target_clang/tcpdump/tcpdump-4.9.0-o1-tcpdump --vul_func_name ripng_print --project tcpdump
2025-09-17 16:55:55,000 - INFO - success CVE-2017-12992,details in cve_test/CVE-2017-12992.log

2025-09-17 16:55:55,001 - INFO - detecting CVE-2017-12992 ripng_print
2025-09-17 16:55:55,002 - INFO - cmd: python main.py --detect --cve_id CVE-2017-12992 --target_bin /binaries/target_clang/tcpdump/tcpdump-4.8.1-o1-tcpdump --vul_func_name ripng_print --project tcpdump
2025-09-17 16:56:01,116 - INFO - success CVE-2017-12992,details in cve_test/CVE-2017-12992.log

2025-09-17 16:56:01,117 - INFO - detecting CVE-2017-12992 ripng_print
2025-09-17 16:56:01,118 - INFO - cmd: python main.py --detect --cve_id CVE-2017-12992 --target_bin /binaries/target_clang/tcpdump/tcpdump-4.9.3-o1-tcpdump --vul_func_name ripng_print --project tcpdump
2025-09-17 16:56:08,326 - INFO - success CVE-2017-12992,details in cve_test/CVE-2017-12992.log

2025-09-17 16:56:08,327 - INFO - detecting CVE-2017-12992 ripng_print
2025-09-17 16:56:08,327 - INFO - cmd: python main.py --detect --cve_id CVE-2017-12992 --target_bin /binaries/target_clang/tcpdump/tcpdump-4.99.0-bp-o1-tcpdump --vul_func_name ripng_print --project tcpdump
2025-09-17 16:56:14,510 - INFO - success CVE-2017-12992,details in cve_test/CVE-2017-12992.log

2025-09-17 16:56:14,511 - INFO - detecting CVE-2017-12992 ripng_print
2025-09-17 16:56:14,512 - INFO - cmd: python main.py --detect --cve_id CVE-2017-12992 --target_bin /binaries/target_clang/tcpdump/tcpdump-4.99-bp-o1-tcpdump --vul_func_name ripng_print --project tcpdump
2025-09-17 16:56:20,704 - INFO - success CVE-2017-12992,details in cve_test/CVE-2017-12992.log

2025-09-17 16:56:20,706 - INFO - detecting CVE-2017-12993 juniper_atm1_print
2025-09-17 16:56:20,707 - INFO - cmd: python main.py --detect --cve_id CVE-2017-12993 --target_bin /binaries/target_clang/tcpdump/tcpdump-4.9.1-o1-tcpdump --vul_func_name juniper_atm1_print --project tcpdump
2025-09-17 16:56:28,850 - INFO - success CVE-2017-12993,details in cve_test/CVE-2017-12993.log

2025-09-17 16:56:28,851 - INFO - detecting CVE-2017-12993 juniper_atm1_print
2025-09-17 16:56:28,852 - INFO - cmd: python main.py --detect --cve_id CVE-2017-12993 --target_bin /binaries/target_clang/tcpdump/tcpdump-4.9.0-o1-tcpdump --vul_func_name juniper_atm1_print --project tcpdump
2025-09-17 16:56:36,581 - INFO - success CVE-2017-12993,details in cve_test/CVE-2017-12993.log

2025-09-17 16:56:36,582 - INFO - detecting CVE-2017-12993 juniper_atm1_print
2025-09-17 16:56:36,583 - INFO - cmd: python main.py --detect --cve_id CVE-2017-12993 --target_bin /binaries/target_clang/tcpdump/tcpdump-4.8.1-o1-tcpdump --vul_func_name juniper_atm1_print --project tcpdump
2025-09-17 16:56:43,971 - INFO - success CVE-2017-12993,details in cve_test/CVE-2017-12993.log

2025-09-17 16:56:43,972 - INFO - detecting CVE-2017-12993 juniper_atm1_print
2025-09-17 16:56:43,973 - INFO - cmd: python main.py --detect --cve_id CVE-2017-12993 --target_bin /binaries/target_clang/tcpdump/tcpdump-4.9.3-o1-tcpdump --vul_func_name juniper_atm1_print --project tcpdump
2025-09-17 16:56:51,180 - INFO - success CVE-2017-12993,details in cve_test/CVE-2017-12993.log

2025-09-17 16:56:51,181 - INFO - detecting CVE-2017-12993 juniper_atm1_print
2025-09-17 16:56:51,182 - INFO - cmd: python main.py --detect --cve_id CVE-2017-12993 --target_bin /binaries/target_clang/tcpdump/tcpdump-4.99.0-bp-o1-tcpdump --vul_func_name juniper_atm1_print --project tcpdump
2025-09-17 16:56:55,956 - ERROR - fail CVE-2017-12993 ,details1

2025-09-17 16:56:55,958 - INFO - detecting CVE-2017-12993 juniper_atm1_print
2025-09-17 16:56:55,958 - INFO - cmd: python main.py --detect --cve_id CVE-2017-12993 --target_bin /binaries/target_clang/tcpdump/tcpdump-4.99-bp-o1-tcpdump --vul_func_name juniper_atm1_print --project tcpdump
2025-09-17 16:56:59,999 - ERROR - fail CVE-2017-12993 ,details1

2025-09-17 16:57:00,000 - INFO - detecting CVE-2017-12995 ns_nprint
2025-09-17 16:57:00,000 - INFO - cmd: python main.py --detect --cve_id CVE-2017-12995 --target_bin /binaries/target_clang/tcpdump/tcpdump-4.9.1-o1-tcpdump --vul_func_name ns_nprint --project tcpdump
2025-09-17 16:57:06,580 - INFO - success CVE-2017-12995,details in cve_test/CVE-2017-12995.log

2025-09-17 16:57:06,581 - INFO - detecting CVE-2017-12995 ns_nprint
2025-09-17 16:57:06,581 - INFO - cmd: python main.py --detect --cve_id CVE-2017-12995 --target_bin /binaries/target_clang/tcpdump/tcpdump-4.9.0-o1-tcpdump --vul_func_name ns_nprint --project tcpdump
2025-09-17 16:57:12,227 - INFO - success CVE-2017-12995,details in cve_test/CVE-2017-12995.log

2025-09-17 16:57:12,228 - INFO - detecting CVE-2017-12995 ns_nprint
2025-09-17 16:57:12,228 - INFO - cmd: python main.py --detect --cve_id CVE-2017-12995 --target_bin /binaries/target_clang/tcpdump/tcpdump-4.8.1-o1-tcpdump --vul_func_name ns_nprint --project tcpdump
2025-09-17 16:57:18,218 - INFO - success CVE-2017-12995,details in cve_test/CVE-2017-12995.log

2025-09-17 16:57:18,219 - INFO - detecting CVE-2017-12995 ns_nprint
2025-09-17 16:57:18,223 - INFO - cmd: python main.py --detect --cve_id CVE-2017-12995 --target_bin /binaries/target_clang/tcpdump/tcpdump-4.9.3-o1-tcpdump --vul_func_name ns_nprint --project tcpdump
2025-09-17 16:57:24,172 - INFO - success CVE-2017-12995,details in cve_test/CVE-2017-12995.log

2025-09-17 16:57:24,173 - INFO - detecting CVE-2017-12995 ns_nprint
2025-09-17 16:57:24,174 - INFO - cmd: python main.py --detect --cve_id CVE-2017-12995 --target_bin /binaries/target_clang/tcpdump/tcpdump-4.99.0-bp-o1-tcpdump --vul_func_name ns_nprint --project tcpdump
2025-09-17 16:57:28,408 - ERROR - fail CVE-2017-12995 ,details1

2025-09-17 16:57:28,410 - INFO - detecting CVE-2017-12995 ns_nprint
2025-09-17 16:57:28,410 - INFO - cmd: python main.py --detect --cve_id CVE-2017-12995 --target_bin /binaries/target_clang/tcpdump/tcpdump-4.99-bp-o1-tcpdump --vul_func_name ns_nprint --project tcpdump
2025-09-17 16:57:32,310 - ERROR - fail CVE-2017-12995 ,details1

2025-09-17 16:57:32,311 - INFO - detecting CVE-2017-13001 nfs_printfh
2025-09-17 16:57:32,312 - INFO - cmd: python main.py --detect --cve_id CVE-2017-13001 --target_bin /binaries/target_clang/tcpdump/tcpdump-4.9.1-o1-tcpdump --vul_func_name nfs_printfh --project tcpdump
2025-09-17 16:57:37,229 - ERROR - fail CVE-2017-13001 ,details1

2025-09-17 16:57:37,230 - INFO - detecting CVE-2017-13001 nfs_printfh
2025-09-17 16:57:37,231 - INFO - cmd: python main.py --detect --cve_id CVE-2017-13001 --target_bin /binaries/target_clang/tcpdump/tcpdump-4.9.0-o1-tcpdump --vul_func_name nfs_printfh --project tcpdump
2025-09-17 16:57:41,922 - ERROR - fail CVE-2017-13001 ,details1

2025-09-17 16:57:41,923 - INFO - detecting CVE-2017-13001 nfs_printfh
2025-09-17 16:57:41,923 - INFO - cmd: python main.py --detect --cve_id CVE-2017-13001 --target_bin /binaries/target_clang/tcpdump/tcpdump-4.8.1-o1-tcpdump --vul_func_name nfs_printfh --project tcpdump
2025-09-17 16:57:46,692 - ERROR - fail CVE-2017-13001 ,details1

2025-09-17 16:57:46,693 - INFO - detecting CVE-2017-13001 nfs_printfh
2025-09-17 16:57:46,694 - INFO - cmd: python main.py --detect --cve_id CVE-2017-13001 --target_bin /binaries/target_clang/tcpdump/tcpdump-4.9.3-o1-tcpdump --vul_func_name nfs_printfh --project tcpdump
2025-09-17 16:57:51,459 - ERROR - fail CVE-2017-13001 ,details1

2025-09-17 16:57:51,460 - INFO - detecting CVE-2017-13001 nfs_printfh
2025-09-17 16:57:51,461 - INFO - cmd: python main.py --detect --cve_id CVE-2017-13001 --target_bin /binaries/target_clang/tcpdump/tcpdump-4.99.0-bp-o1-tcpdump --vul_func_name nfs_printfh --project tcpdump
2025-09-17 16:57:55,598 - ERROR - fail CVE-2017-13001 ,details1

2025-09-17 16:57:55,599 - INFO - detecting CVE-2017-13001 nfs_printfh
2025-09-17 16:57:55,600 - INFO - cmd: python main.py --detect --cve_id CVE-2017-13001 --target_bin /binaries/target_clang/tcpdump/tcpdump-4.99-bp-o1-tcpdump --vul_func_name nfs_printfh --project tcpdump
2025-09-17 16:58:00,364 - ERROR - fail CVE-2017-13001 ,details1

2025-09-17 16:58:00,365 - INFO - detecting CVE-2017-13002 aodv_extension
2025-09-17 16:58:00,365 - INFO - cmd: python main.py --detect --cve_id CVE-2017-13002 --target_bin /binaries/target_clang/tcpdump/tcpdump-4.9.1-o1-tcpdump --vul_func_name aodv_extension --project tcpdump
2025-09-17 16:58:08,507 - INFO - success CVE-2017-13002,details in cve_test/CVE-2017-13002.log

2025-09-17 16:58:08,508 - INFO - detecting CVE-2017-13002 aodv_extension
2025-09-17 16:58:08,509 - INFO - cmd: python main.py --detect --cve_id CVE-2017-13002 --target_bin /binaries/target_clang/tcpdump/tcpdump-4.9.0-o1-tcpdump --vul_func_name aodv_extension --project tcpdump
2025-09-17 16:58:15,740 - INFO - success CVE-2017-13002,details in cve_test/CVE-2017-13002.log

2025-09-17 16:58:15,741 - INFO - detecting CVE-2017-13002 aodv_extension
2025-09-17 16:58:15,741 - INFO - cmd: python main.py --detect --cve_id CVE-2017-13002 --target_bin /binaries/target_clang/tcpdump/tcpdump-4.8.1-o1-tcpdump --vul_func_name aodv_extension --project tcpdump
2025-09-17 16:58:22,701 - INFO - success CVE-2017-13002,details in cve_test/CVE-2017-13002.log

2025-09-17 16:58:22,702 - INFO - detecting CVE-2017-13002 aodv_extension
2025-09-17 16:58:22,703 - INFO - cmd: python main.py --detect --cve_id CVE-2017-13002 --target_bin /binaries/target_clang/tcpdump/tcpdump-4.9.3-o1-tcpdump --vul_func_name aodv_extension --project tcpdump
2025-09-17 16:58:29,183 - INFO - success CVE-2017-13002,details in cve_test/CVE-2017-13002.log

2025-09-17 16:58:29,185 - INFO - detecting CVE-2017-13002 aodv_extension
2025-09-17 16:58:29,185 - INFO - cmd: python main.py --detect --cve_id CVE-2017-13002 --target_bin /binaries/target_clang/tcpdump/tcpdump-4.99.0-bp-o1-tcpdump --vul_func_name aodv_extension --project tcpdump
2025-09-17 16:58:36,665 - INFO - success CVE-2017-13002,details in cve_test/CVE-2017-13002.log

2025-09-17 16:58:36,666 - INFO - detecting CVE-2017-13002 aodv_extension
2025-09-17 16:58:36,666 - INFO - cmd: python main.py --detect --cve_id CVE-2017-13002 --target_bin /binaries/target_clang/tcpdump/tcpdump-4.99-bp-o1-tcpdump --vul_func_name aodv_extension --project tcpdump
2025-09-17 16:58:42,913 - INFO - success CVE-2017-13002,details in cve_test/CVE-2017-13002.log

2025-09-17 16:58:42,914 - INFO - detecting CVE-2017-13003 lmp_print
2025-09-17 16:58:42,915 - INFO - cmd: python main.py --detect --cve_id CVE-2017-13003 --target_bin /binaries/target_clang/tcpdump/tcpdump-4.9.1-o1-tcpdump --vul_func_name lmp_print --project tcpdump
2025-09-17 16:58:50,183 - INFO - success CVE-2017-13003,details in cve_test/CVE-2017-13003.log

2025-09-17 16:58:50,186 - INFO - detecting CVE-2017-13003 lmp_print
2025-09-17 16:58:50,186 - INFO - cmd: python main.py --detect --cve_id CVE-2017-13003 --target_bin /binaries/target_clang/tcpdump/tcpdump-4.9.0-o1-tcpdump --vul_func_name lmp_print --project tcpdump
2025-09-17 16:58:56,450 - INFO - success CVE-2017-13003,details in cve_test/CVE-2017-13003.log

2025-09-17 16:58:56,451 - INFO - detecting CVE-2017-13003 lmp_print
2025-09-17 16:58:56,452 - INFO - cmd: python main.py --detect --cve_id CVE-2017-13003 --target_bin /binaries/target_clang/tcpdump/tcpdump-4.8.1-o1-tcpdump --vul_func_name lmp_print --project tcpdump
2025-09-17 16:59:03,010 - INFO - success CVE-2017-13003,details in cve_test/CVE-2017-13003.log

2025-09-17 16:59:03,011 - INFO - detecting CVE-2017-13003 lmp_print
2025-09-17 16:59:03,012 - INFO - cmd: python main.py --detect --cve_id CVE-2017-13003 --target_bin /binaries/target_clang/tcpdump/tcpdump-4.9.3-o1-tcpdump --vul_func_name lmp_print --project tcpdump
2025-09-17 16:59:09,992 - INFO - success CVE-2017-13003,details in cve_test/CVE-2017-13003.log

2025-09-17 16:59:09,993 - INFO - detecting CVE-2017-13003 lmp_print
2025-09-17 16:59:09,994 - INFO - cmd: python main.py --detect --cve_id CVE-2017-13003 --target_bin /binaries/target_clang/tcpdump/tcpdump-4.99.0-bp-o1-tcpdump --vul_func_name lmp_print --project tcpdump
2025-09-17 16:59:17,060 - INFO - success CVE-2017-13003,details in cve_test/CVE-2017-13003.log

2025-09-17 16:59:17,062 - INFO - detecting CVE-2017-13003 lmp_print
2025-09-17 16:59:17,062 - INFO - cmd: python main.py --detect --cve_id CVE-2017-13003 --target_bin /binaries/target_clang/tcpdump/tcpdump-4.99-bp-o1-tcpdump --vul_func_name lmp_print --project tcpdump
2025-09-17 16:59:24,375 - INFO - success CVE-2017-13003,details in cve_test/CVE-2017-13003.log

2025-09-17 16:59:24,376 - INFO - detecting CVE-2017-13007 pktap_if_print
2025-09-17 16:59:24,376 - INFO - cmd: python main.py --detect --cve_id CVE-2017-13007 --target_bin /binaries/target_clang/tcpdump/tcpdump-4.9.1-o1-tcpdump --vul_func_name pktap_if_print --project tcpdump
2025-09-17 16:59:31,038 - INFO - success CVE-2017-13007,details in cve_test/CVE-2017-13007.log

2025-09-17 16:59:31,040 - INFO - detecting CVE-2017-13007 pktap_if_print
2025-09-17 16:59:31,040 - INFO - cmd: python main.py --detect --cve_id CVE-2017-13007 --target_bin /binaries/target_clang/tcpdump/tcpdump-4.9.0-o1-tcpdump --vul_func_name pktap_if_print --project tcpdump
2025-09-17 16:59:38,372 - INFO - success CVE-2017-13007,details in cve_test/CVE-2017-13007.log

2025-09-17 16:59:38,373 - INFO - detecting CVE-2017-13007 pktap_if_print
2025-09-17 16:59:38,374 - INFO - cmd: python main.py --detect --cve_id CVE-2017-13007 --target_bin /binaries/target_clang/tcpdump/tcpdump-4.8.1-o1-tcpdump --vul_func_name pktap_if_print --project tcpdump
2025-09-17 16:59:45,845 - INFO - success CVE-2017-13007,details in cve_test/CVE-2017-13007.log

2025-09-17 16:59:45,846 - INFO - detecting CVE-2017-13007 pktap_if_print
2025-09-17 16:59:45,847 - INFO - cmd: python main.py --detect --cve_id CVE-2017-13007 --target_bin /binaries/target_clang/tcpdump/tcpdump-4.9.3-o1-tcpdump --vul_func_name pktap_if_print --project tcpdump
2025-09-17 16:59:53,441 - INFO - success CVE-2017-13007,details in cve_test/CVE-2017-13007.log

2025-09-17 16:59:53,442 - INFO - detecting CVE-2017-13007 pktap_if_print
2025-09-17 16:59:53,443 - INFO - cmd: python main.py --detect --cve_id CVE-2017-13007 --target_bin /binaries/target_clang/tcpdump/tcpdump-4.99.0-bp-o1-tcpdump --vul_func_name pktap_if_print --project tcpdump
2025-09-17 17:00:02,140 - INFO - success CVE-2017-13007,details in cve_test/CVE-2017-13007.log

2025-09-17 17:00:02,141 - INFO - detecting CVE-2017-13007 pktap_if_print
2025-09-17 17:00:02,142 - INFO - cmd: python main.py --detect --cve_id CVE-2017-13007 --target_bin /binaries/target_clang/tcpdump/tcpdump-4.99-bp-o1-tcpdump --vul_func_name pktap_if_print --project tcpdump
2025-09-17 17:00:10,402 - INFO - success CVE-2017-13007,details in cve_test/CVE-2017-13007.log

2025-09-17 17:00:10,404 - INFO - detecting CVE-2017-13030 cisco_autorp_print
2025-09-17 17:00:10,404 - INFO - cmd: python main.py --detect --cve_id CVE-2017-13030 --target_bin /binaries/target_clang/tcpdump/tcpdump-4.9.1-o1-tcpdump --vul_func_name cisco_autorp_print --project tcpdump
2025-09-17 17:00:17,383 - INFO - success CVE-2017-13030,details in cve_test/CVE-2017-13030.log

2025-09-17 17:00:17,385 - INFO - detecting CVE-2017-13030 cisco_autorp_print
2025-09-17 17:00:17,385 - INFO - cmd: python main.py --detect --cve_id CVE-2017-13030 --target_bin /binaries/target_clang/tcpdump/tcpdump-4.9.0-o1-tcpdump --vul_func_name cisco_autorp_print --project tcpdump
2025-09-17 17:00:24,448 - INFO - success CVE-2017-13030,details in cve_test/CVE-2017-13030.log

2025-09-17 17:00:24,449 - INFO - detecting CVE-2017-13030 cisco_autorp_print
2025-09-17 17:00:24,450 - INFO - cmd: python main.py --detect --cve_id CVE-2017-13030 --target_bin /binaries/target_clang/tcpdump/tcpdump-4.8.1-o1-tcpdump --vul_func_name cisco_autorp_print --project tcpdump
2025-09-17 17:00:31,134 - INFO - success CVE-2017-13030,details in cve_test/CVE-2017-13030.log

2025-09-17 17:00:31,136 - INFO - detecting CVE-2017-13030 cisco_autorp_print
2025-09-17 17:00:31,136 - INFO - cmd: python main.py --detect --cve_id CVE-2017-13030 --target_bin /binaries/target_clang/tcpdump/tcpdump-4.9.3-o1-tcpdump --vul_func_name cisco_autorp_print --project tcpdump
2025-09-17 17:00:37,010 - INFO - success CVE-2017-13030,details in cve_test/CVE-2017-13030.log

2025-09-17 17:00:37,011 - INFO - detecting CVE-2017-13030 cisco_autorp_print
2025-09-17 17:00:37,011 - INFO - cmd: python main.py --detect --cve_id CVE-2017-13030 --target_bin /binaries/target_clang/tcpdump/tcpdump-4.99.0-bp-o1-tcpdump --vul_func_name cisco_autorp_print --project tcpdump
2025-09-17 17:00:43,283 - INFO - success CVE-2017-13030,details in cve_test/CVE-2017-13030.log

2025-09-17 17:00:43,284 - INFO - detecting CVE-2017-13030 cisco_autorp_print
2025-09-17 17:00:43,285 - INFO - cmd: python main.py --detect --cve_id CVE-2017-13030 --target_bin /binaries/target_clang/tcpdump/tcpdump-4.99-bp-o1-tcpdump --vul_func_name cisco_autorp_print --project tcpdump
2025-09-17 17:00:48,658 - INFO - success CVE-2017-13030,details in cve_test/CVE-2017-13030.log

2025-09-17 17:00:48,659 - INFO - detecting CVE-2017-13031 frag6_print
2025-09-17 17:00:48,660 - INFO - cmd: python main.py --detect --cve_id CVE-2017-13031 --target_bin /binaries/target_clang/tcpdump/tcpdump-4.9.1-o1-tcpdump --vul_func_name frag6_print --project tcpdump
2025-09-17 17:00:54,618 - INFO - success CVE-2017-13031,details in cve_test/CVE-2017-13031.log

2025-09-17 17:00:54,619 - INFO - detecting CVE-2017-13031 frag6_print
2025-09-17 17:00:54,620 - INFO - cmd: python main.py --detect --cve_id CVE-2017-13031 --target_bin /binaries/target_clang/tcpdump/tcpdump-4.9.0-o1-tcpdump --vul_func_name frag6_print --project tcpdump
2025-09-17 17:01:00,588 - INFO - success CVE-2017-13031,details in cve_test/CVE-2017-13031.log

2025-09-17 17:01:00,590 - INFO - detecting CVE-2017-13031 frag6_print
2025-09-17 17:01:00,590 - INFO - cmd: python main.py --detect --cve_id CVE-2017-13031 --target_bin /binaries/target_clang/tcpdump/tcpdump-4.8.1-o1-tcpdump --vul_func_name frag6_print --project tcpdump
2025-09-17 17:01:06,846 - INFO - success CVE-2017-13031,details in cve_test/CVE-2017-13031.log

2025-09-17 17:01:06,847 - INFO - detecting CVE-2017-13031 frag6_print
2025-09-17 17:01:06,848 - INFO - cmd: python main.py --detect --cve_id CVE-2017-13031 --target_bin /binaries/target_clang/tcpdump/tcpdump-4.9.3-o1-tcpdump --vul_func_name frag6_print --project tcpdump
2025-09-17 17:01:13,751 - INFO - success CVE-2017-13031,details in cve_test/CVE-2017-13031.log

2025-09-17 17:01:13,752 - INFO - detecting CVE-2017-13031 frag6_print
2025-09-17 17:01:13,752 - INFO - cmd: python main.py --detect --cve_id CVE-2017-13031 --target_bin /binaries/target_clang/tcpdump/tcpdump-4.99.0-bp-o1-tcpdump --vul_func_name frag6_print --project tcpdump
2025-09-17 17:01:20,548 - INFO - success CVE-2017-13031,details in cve_test/CVE-2017-13031.log

2025-09-17 17:01:20,550 - INFO - detecting CVE-2017-13031 frag6_print
2025-09-17 17:01:20,550 - INFO - cmd: python main.py --detect --cve_id CVE-2017-13031 --target_bin /binaries/target_clang/tcpdump/tcpdump-4.99-bp-o1-tcpdump --vul_func_name frag6_print --project tcpdump
2025-09-17 17:01:27,493 - INFO - success CVE-2017-13031,details in cve_test/CVE-2017-13031.log

2025-09-17 17:01:27,495 - INFO - detecting CVE-2017-13035 isis_print_id
2025-09-17 17:01:27,495 - INFO - cmd: python main.py --detect --cve_id CVE-2017-13035 --target_bin /binaries/target_clang/tcpdump/tcpdump-4.9.1-o1-tcpdump --vul_func_name isis_print_id --project tcpdump
2025-09-17 17:01:39,266 - INFO - success CVE-2017-13035,details in cve_test/CVE-2017-13035.log

2025-09-17 17:01:39,267 - INFO - detecting CVE-2017-13035 isis_print_id
2025-09-17 17:01:39,268 - INFO - cmd: python main.py --detect --cve_id CVE-2017-13035 --target_bin /binaries/target_clang/tcpdump/tcpdump-4.9.0-o1-tcpdump --vul_func_name isis_print_id --project tcpdump
2025-09-17 17:01:51,354 - INFO - success CVE-2017-13035,details in cve_test/CVE-2017-13035.log

2025-09-17 17:01:51,356 - INFO - detecting CVE-2017-13035 isis_print_id
2025-09-17 17:01:51,356 - INFO - cmd: python main.py --detect --cve_id CVE-2017-13035 --target_bin /binaries/target_clang/tcpdump/tcpdump-4.8.1-o1-tcpdump --vul_func_name isis_print_id --project tcpdump
2025-09-17 17:02:03,736 - INFO - success CVE-2017-13035,details in cve_test/CVE-2017-13035.log

2025-09-17 17:02:03,737 - INFO - detecting CVE-2017-13035 isis_print_id
2025-09-17 17:02:03,737 - INFO - cmd: python main.py --detect --cve_id CVE-2017-13035 --target_bin /binaries/target_clang/tcpdump/tcpdump-4.9.3-o1-tcpdump --vul_func_name isis_print_id --project tcpdump
2025-09-17 17:02:08,775 - INFO - success CVE-2017-13035,details in cve_test/CVE-2017-13035.log

2025-09-17 17:02:08,776 - INFO - detecting CVE-2017-13035 isis_print_id
2025-09-17 17:02:08,777 - INFO - cmd: python main.py --detect --cve_id CVE-2017-13035 --target_bin /binaries/target_clang/tcpdump/tcpdump-4.99.0-bp-o1-tcpdump --vul_func_name isis_print_id --project tcpdump
2025-09-17 17:02:13,650 - INFO - success CVE-2017-13035,details in cve_test/CVE-2017-13035.log

2025-09-17 17:02:13,651 - INFO - detecting CVE-2017-13035 isis_print_id
2025-09-17 17:02:13,652 - INFO - cmd: python main.py --detect --cve_id CVE-2017-13035 --target_bin /binaries/target_clang/tcpdump/tcpdump-4.99-bp-o1-tcpdump --vul_func_name isis_print_id --project tcpdump
2025-09-17 17:02:18,597 - INFO - success CVE-2017-13035,details in cve_test/CVE-2017-13035.log

2025-09-17 17:02:18,598 - INFO - detecting CVE-2017-13039 ikev1_attrmap_print
2025-09-17 17:02:18,598 - INFO - cmd: python main.py --detect --cve_id CVE-2017-13039 --target_bin /binaries/target_clang/tcpdump/tcpdump-4.9.1-o1-tcpdump --vul_func_name ikev1_attrmap_print --project tcpdump
2025-09-17 17:02:26,317 - INFO - success CVE-2017-13039,details in cve_test/CVE-2017-13039.log

2025-09-17 17:02:26,318 - INFO - detecting CVE-2017-13039 ikev1_attrmap_print
2025-09-17 17:02:26,319 - INFO - cmd: python main.py --detect --cve_id CVE-2017-13039 --target_bin /binaries/target_clang/tcpdump/tcpdump-4.9.0-o1-tcpdump --vul_func_name ikev1_attrmap_print --project tcpdump
2025-09-17 17:02:33,602 - INFO - success CVE-2017-13039,details in cve_test/CVE-2017-13039.log

2025-09-17 17:02:33,603 - INFO - detecting CVE-2017-13039 ikev1_attrmap_print
2025-09-17 17:02:33,604 - INFO - cmd: python main.py --detect --cve_id CVE-2017-13039 --target_bin /binaries/target_clang/tcpdump/tcpdump-4.8.1-o1-tcpdump --vul_func_name ikev1_attrmap_print --project tcpdump
2025-09-17 17:02:41,109 - INFO - success CVE-2017-13039,details in cve_test/CVE-2017-13039.log

2025-09-17 17:02:41,110 - INFO - detecting CVE-2017-13039 ikev1_attrmap_print
2025-09-17 17:02:41,111 - INFO - cmd: python main.py --detect --cve_id CVE-2017-13039 --target_bin /binaries/target_clang/tcpdump/tcpdump-4.9.3-o1-tcpdump --vul_func_name ikev1_attrmap_print --project tcpdump
2025-09-17 17:02:47,683 - INFO - success CVE-2017-13039,details in cve_test/CVE-2017-13039.log

2025-09-17 17:02:47,685 - INFO - detecting CVE-2017-13039 ikev1_attrmap_print
2025-09-17 17:02:47,685 - INFO - cmd: python main.py --detect --cve_id CVE-2017-13039 --target_bin /binaries/target_clang/tcpdump/tcpdump-4.99.0-bp-o1-tcpdump --vul_func_name ikev1_attrmap_print --project tcpdump
2025-09-17 17:02:54,919 - INFO - success CVE-2017-13039,details in cve_test/CVE-2017-13039.log

2025-09-17 17:02:54,920 - INFO - detecting CVE-2017-13039 ikev1_attrmap_print
2025-09-17 17:02:54,920 - INFO - cmd: python main.py --detect --cve_id CVE-2017-13039 --target_bin /binaries/target_clang/tcpdump/tcpdump-4.99-bp-o1-tcpdump --vul_func_name ikev1_attrmap_print --project tcpdump
2025-09-17 17:03:01,674 - INFO - success CVE-2017-13039,details in cve_test/CVE-2017-13039.log

2025-09-17 17:03:01,675 - INFO - detecting CVE-2017-13050 rpki_rtr_pdu_print
2025-09-17 17:03:01,677 - INFO - cmd: python main.py --detect --cve_id CVE-2017-13050 --target_bin /binaries/target_clang/tcpdump/tcpdump-4.9.1-o1-tcpdump --vul_func_name rpki_rtr_pdu_print --project tcpdump
2025-09-17 17:03:10,671 - INFO - success CVE-2017-13050,details in cve_test/CVE-2017-13050.log

2025-09-17 17:03:10,672 - INFO - detecting CVE-2017-13050 rpki_rtr_pdu_print
2025-09-17 17:03:10,673 - INFO - cmd: python main.py --detect --cve_id CVE-2017-13050 --target_bin /binaries/target_clang/tcpdump/tcpdump-4.9.0-o1-tcpdump --vul_func_name rpki_rtr_pdu_print --project tcpdump
2025-09-17 17:03:20,223 - INFO - success CVE-2017-13050,details in cve_test/CVE-2017-13050.log

2025-09-17 17:03:20,224 - INFO - detecting CVE-2017-13050 rpki_rtr_pdu_print
2025-09-17 17:03:20,225 - INFO - cmd: python main.py --detect --cve_id CVE-2017-13050 --target_bin /binaries/target_clang/tcpdump/tcpdump-4.8.1-o1-tcpdump --vul_func_name rpki_rtr_pdu_print --project tcpdump
2025-09-17 17:03:29,126 - INFO - success CVE-2017-13050,details in cve_test/CVE-2017-13050.log

2025-09-17 17:03:29,127 - INFO - detecting CVE-2017-13050 rpki_rtr_pdu_print
2025-09-17 17:03:29,128 - INFO - cmd: python main.py --detect --cve_id CVE-2017-13050 --target_bin /binaries/target_clang/tcpdump/tcpdump-4.9.3-o1-tcpdump --vul_func_name rpki_rtr_pdu_print --project tcpdump
2025-09-17 17:03:36,075 - INFO - success CVE-2017-13050,details in cve_test/CVE-2017-13050.log

2025-09-17 17:03:36,076 - INFO - detecting CVE-2017-13050 rpki_rtr_pdu_print
2025-09-17 17:03:36,077 - INFO - cmd: python main.py --detect --cve_id CVE-2017-13050 --target_bin /binaries/target_clang/tcpdump/tcpdump-4.99.0-bp-o1-tcpdump --vul_func_name rpki_rtr_pdu_print --project tcpdump
2025-09-17 17:03:42,789 - INFO - success CVE-2017-13050,details in cve_test/CVE-2017-13050.log

2025-09-17 17:03:42,790 - INFO - detecting CVE-2017-13050 rpki_rtr_pdu_print
2025-09-17 17:03:42,791 - INFO - cmd: python main.py --detect --cve_id CVE-2017-13050 --target_bin /binaries/target_clang/tcpdump/tcpdump-4.99-bp-o1-tcpdump --vul_func_name rpki_rtr_pdu_print --project tcpdump
2025-09-17 17:03:49,448 - INFO - success CVE-2017-13050,details in cve_test/CVE-2017-13050.log

2025-09-17 17:03:49,449 - INFO - detecting CVE-2017-13052 cfm_network_addr_print
2025-09-17 17:03:49,450 - INFO - cmd: python main.py --detect --cve_id CVE-2017-13052 --target_bin /binaries/target_clang/tcpdump/tcpdump-4.9.1-o1-tcpdump --vul_func_name cfm_network_addr_print --project tcpdump
2025-09-17 17:03:54,010 - ERROR - fail CVE-2017-13052 ,details1

2025-09-17 17:03:54,011 - INFO - detecting CVE-2017-13052 cfm_network_addr_print
2025-09-17 17:03:54,011 - INFO - cmd: python main.py --detect --cve_id CVE-2017-13052 --target_bin /binaries/target_clang/tcpdump/tcpdump-4.9.0-o1-tcpdump --vul_func_name cfm_network_addr_print --project tcpdump
2025-09-17 17:03:58,612 - ERROR - fail CVE-2017-13052 ,details1

2025-09-17 17:03:58,614 - INFO - detecting CVE-2017-13052 cfm_network_addr_print
2025-09-17 17:03:58,614 - INFO - cmd: python main.py --detect --cve_id CVE-2017-13052 --target_bin /binaries/target_clang/tcpdump/tcpdump-4.8.1-o1-tcpdump --vul_func_name cfm_network_addr_print --project tcpdump
2025-09-17 17:04:03,073 - ERROR - fail CVE-2017-13052 ,details1

2025-09-17 17:04:03,074 - INFO - detecting CVE-2017-13052 cfm_network_addr_print
2025-09-17 17:04:03,075 - INFO - cmd: python main.py --detect --cve_id CVE-2017-13052 --target_bin /binaries/target_clang/tcpdump/tcpdump-4.9.3-o1-tcpdump --vul_func_name cfm_network_addr_print --project tcpdump
2025-09-17 17:04:07,774 - ERROR - fail CVE-2017-13052 ,details1

2025-09-17 17:04:07,775 - INFO - detecting CVE-2017-13052 cfm_network_addr_print
2025-09-17 17:04:07,776 - INFO - cmd: python main.py --detect --cve_id CVE-2017-13052 --target_bin /binaries/target_clang/tcpdump/tcpdump-4.99.0-bp-o1-tcpdump --vul_func_name cfm_network_addr_print --project tcpdump
2025-09-17 17:04:12,279 - ERROR - fail CVE-2017-13052 ,details1

2025-09-17 17:04:12,280 - INFO - detecting CVE-2017-13052 cfm_network_addr_print
2025-09-17 17:04:12,280 - INFO - cmd: python main.py --detect --cve_id CVE-2017-13052 --target_bin /binaries/target_clang/tcpdump/tcpdump-4.99-bp-o1-tcpdump --vul_func_name cfm_network_addr_print --project tcpdump
2025-09-17 17:04:16,644 - ERROR - fail CVE-2017-13052 ,details1

2025-09-17 17:04:16,646 - INFO - detecting CVE-2017-13053 decode_rt_routing_info
2025-09-17 17:04:16,646 - INFO - cmd: python main.py --detect --cve_id CVE-2017-13053 --target_bin /binaries/target_clang/tcpdump/tcpdump-4.9.1-o1-tcpdump --vul_func_name decode_rt_routing_info --project tcpdump
2025-09-17 17:04:20,659 - ERROR - fail CVE-2017-13053 ,details1

2025-09-17 17:04:20,660 - INFO - detecting CVE-2017-13053 decode_rt_routing_info
2025-09-17 17:04:20,660 - INFO - cmd: python main.py --detect --cve_id CVE-2017-13053 --target_bin /binaries/target_clang/tcpdump/tcpdump-4.9.0-o1-tcpdump --vul_func_name decode_rt_routing_info --project tcpdump
2025-09-17 17:04:24,563 - ERROR - fail CVE-2017-13053 ,details1

2025-09-17 17:04:24,563 - INFO - detecting CVE-2017-13053 decode_rt_routing_info
2025-09-17 17:04:24,564 - INFO - cmd: python main.py --detect --cve_id CVE-2017-13053 --target_bin /binaries/target_clang/tcpdump/tcpdump-4.8.1-o1-tcpdump --vul_func_name decode_rt_routing_info --project tcpdump
2025-09-17 17:04:29,190 - ERROR - fail CVE-2017-13053 ,details1

2025-09-17 17:04:29,191 - INFO - detecting CVE-2017-13053 decode_rt_routing_info
2025-09-17 17:04:29,192 - INFO - cmd: python main.py --detect --cve_id CVE-2017-13053 --target_bin /binaries/target_clang/tcpdump/tcpdump-4.9.3-o1-tcpdump --vul_func_name decode_rt_routing_info --project tcpdump
2025-09-17 17:04:33,688 - ERROR - fail CVE-2017-13053 ,details1

2025-09-17 17:04:33,689 - INFO - detecting CVE-2017-13053 decode_rt_routing_info
2025-09-17 17:04:33,689 - INFO - cmd: python main.py --detect --cve_id CVE-2017-13053 --target_bin /binaries/target_clang/tcpdump/tcpdump-4.99.0-bp-o1-tcpdump --vul_func_name decode_rt_routing_info --project tcpdump
2025-09-17 17:04:37,868 - ERROR - fail CVE-2017-13053 ,details1

2025-09-17 17:04:37,869 - INFO - detecting CVE-2017-13053 decode_rt_routing_info
2025-09-17 17:04:37,870 - INFO - cmd: python main.py --detect --cve_id CVE-2017-13053 --target_bin /binaries/target_clang/tcpdump/tcpdump-4.99-bp-o1-tcpdump --vul_func_name decode_rt_routing_info --project tcpdump
2025-09-17 17:04:42,533 - ERROR - fail CVE-2017-13053 ,details1

2025-09-17 17:04:42,534 - INFO - detecting CVE-2017-13687 chdlc_print
2025-09-17 17:04:42,534 - INFO - cmd: python main.py --detect --cve_id CVE-2017-13687 --target_bin /binaries/target_clang/tcpdump/tcpdump-4.9.1-o1-tcpdump --vul_func_name chdlc_print --project tcpdump
2025-09-17 17:04:50,626 - INFO - success CVE-2017-13687,details in cve_test/CVE-2017-13687.log

2025-09-17 17:04:50,627 - INFO - detecting CVE-2017-13687 chdlc_print
2025-09-17 17:04:50,628 - INFO - cmd: python main.py --detect --cve_id CVE-2017-13687 --target_bin /binaries/target_clang/tcpdump/tcpdump-4.9.0-o1-tcpdump --vul_func_name chdlc_print --project tcpdump
2025-09-17 17:04:58,923 - INFO - success CVE-2017-13687,details in cve_test/CVE-2017-13687.log

2025-09-17 17:04:58,924 - INFO - detecting CVE-2017-13687 chdlc_print
2025-09-17 17:04:58,924 - INFO - cmd: python main.py --detect --cve_id CVE-2017-13687 --target_bin /binaries/target_clang/tcpdump/tcpdump-4.8.1-o1-tcpdump --vul_func_name chdlc_print --project tcpdump
2025-09-17 17:05:06,590 - INFO - success CVE-2017-13687,details in cve_test/CVE-2017-13687.log

2025-09-17 17:05:06,592 - INFO - detecting CVE-2017-13687 chdlc_print
2025-09-17 17:05:06,592 - INFO - cmd: python main.py --detect --cve_id CVE-2017-13687 --target_bin /binaries/target_clang/tcpdump/tcpdump-4.9.3-o1-tcpdump --vul_func_name chdlc_print --project tcpdump
2025-09-17 17:05:11,717 - INFO - success CVE-2017-13687,details in cve_test/CVE-2017-13687.log

2025-09-17 17:05:11,719 - INFO - detecting CVE-2017-13687 chdlc_print
2025-09-17 17:05:11,719 - INFO - cmd: python main.py --detect --cve_id CVE-2017-13687 --target_bin /binaries/target_clang/tcpdump/tcpdump-4.99.0-bp-o1-tcpdump --vul_func_name chdlc_print --project tcpdump
2025-09-17 17:05:17,552 - INFO - success CVE-2017-13687,details in cve_test/CVE-2017-13687.log

2025-09-17 17:05:17,553 - INFO - detecting CVE-2017-13687 chdlc_print
2025-09-17 17:05:17,554 - INFO - cmd: python main.py --detect --cve_id CVE-2017-13687 --target_bin /binaries/target_clang/tcpdump/tcpdump-4.99-bp-o1-tcpdump --vul_func_name chdlc_print --project tcpdump
2025-09-17 17:05:22,821 - INFO - success CVE-2017-13687,details in cve_test/CVE-2017-13687.log

2025-09-17 17:05:22,822 - INFO - detecting CVE-2017-13690 ikev2_ID_print
2025-09-17 17:05:22,822 - INFO - cmd: python main.py --detect --cve_id CVE-2017-13690 --target_bin /binaries/target_clang/tcpdump/tcpdump-4.9.1-o1-tcpdump --vul_func_name ikev2_ID_print --project tcpdump
2025-09-17 17:05:29,864 - INFO - success CVE-2017-13690,details in cve_test/CVE-2017-13690.log

2025-09-17 17:05:29,865 - INFO - detecting CVE-2017-13690 ikev2_ID_print
2025-09-17 17:05:29,866 - INFO - cmd: python main.py --detect --cve_id CVE-2017-13690 --target_bin /binaries/target_clang/tcpdump/tcpdump-4.9.0-o1-tcpdump --vul_func_name ikev2_ID_print --project tcpdump
2025-09-17 17:05:38,607 - INFO - success CVE-2017-13690,details in cve_test/CVE-2017-13690.log

2025-09-17 17:05:38,608 - INFO - detecting CVE-2017-13690 ikev2_ID_print
2025-09-17 17:05:38,608 - INFO - cmd: python main.py --detect --cve_id CVE-2017-13690 --target_bin /binaries/target_clang/tcpdump/tcpdump-4.8.1-o1-tcpdump --vul_func_name ikev2_ID_print --project tcpdump
2025-09-17 17:05:46,518 - INFO - success CVE-2017-13690,details in cve_test/CVE-2017-13690.log

2025-09-17 17:05:46,519 - INFO - detecting CVE-2017-13690 ikev2_ID_print
2025-09-17 17:05:46,522 - INFO - cmd: python main.py --detect --cve_id CVE-2017-13690 --target_bin /binaries/target_clang/tcpdump/tcpdump-4.9.3-o1-tcpdump --vul_func_name ikev2_ID_print --project tcpdump
2025-09-17 17:05:53,643 - INFO - success CVE-2017-13690,details in cve_test/CVE-2017-13690.log

2025-09-17 17:05:53,644 - INFO - detecting CVE-2017-13690 ikev2_ID_print
2025-09-17 17:05:53,645 - INFO - cmd: python main.py --detect --cve_id CVE-2017-13690 --target_bin /binaries/target_clang/tcpdump/tcpdump-4.99.0-bp-o1-tcpdump --vul_func_name ikev2_ID_print --project tcpdump
2025-09-17 17:06:02,062 - INFO - success CVE-2017-13690,details in cve_test/CVE-2017-13690.log

2025-09-17 17:06:02,063 - INFO - detecting CVE-2017-13690 ikev2_ID_print
2025-09-17 17:06:02,064 - INFO - cmd: python main.py --detect --cve_id CVE-2017-13690 --target_bin /binaries/target_clang/tcpdump/tcpdump-4.99-bp-o1-tcpdump --vul_func_name ikev2_ID_print --project tcpdump
2025-09-17 17:06:10,368 - INFO - success CVE-2017-13690,details in cve_test/CVE-2017-13690.log

2025-09-17 17:06:10,369 - INFO - detecting CVE-2017-13725 rt6_print
2025-09-17 17:06:10,369 - INFO - cmd: python main.py --detect --cve_id CVE-2017-13725 --target_bin /binaries/target_clang/tcpdump/tcpdump-4.9.1-o1-tcpdump --vul_func_name rt6_print --project tcpdump
2025-09-17 17:06:18,536 - INFO - success CVE-2017-13725,details in cve_test/CVE-2017-13725.log

2025-09-17 17:06:18,537 - INFO - detecting CVE-2017-13725 rt6_print
2025-09-17 17:06:18,538 - INFO - cmd: python main.py --detect --cve_id CVE-2017-13725 --target_bin /binaries/target_clang/tcpdump/tcpdump-4.9.0-o1-tcpdump --vul_func_name rt6_print --project tcpdump
2025-09-17 17:06:26,510 - INFO - success CVE-2017-13725,details in cve_test/CVE-2017-13725.log

2025-09-17 17:06:26,511 - INFO - detecting CVE-2017-13725 rt6_print
2025-09-17 17:06:26,511 - INFO - cmd: python main.py --detect --cve_id CVE-2017-13725 --target_bin /binaries/target_clang/tcpdump/tcpdump-4.8.1-o1-tcpdump --vul_func_name rt6_print --project tcpdump
2025-09-17 17:06:34,321 - INFO - success CVE-2017-13725,details in cve_test/CVE-2017-13725.log

2025-09-17 17:06:34,323 - INFO - detecting CVE-2017-13725 rt6_print
2025-09-17 17:06:34,323 - INFO - cmd: python main.py --detect --cve_id CVE-2017-13725 --target_bin /binaries/target_clang/tcpdump/tcpdump-4.9.3-o1-tcpdump --vul_func_name rt6_print --project tcpdump
2025-09-17 17:06:41,373 - INFO - success CVE-2017-13725,details in cve_test/CVE-2017-13725.log

2025-09-17 17:06:41,374 - INFO - detecting CVE-2017-13725 rt6_print
2025-09-17 17:06:41,375 - INFO - cmd: python main.py --detect --cve_id CVE-2017-13725 --target_bin /binaries/target_clang/tcpdump/tcpdump-4.99.0-bp-o1-tcpdump --vul_func_name rt6_print --project tcpdump
2025-09-17 17:06:47,736 - INFO - success CVE-2017-13725,details in cve_test/CVE-2017-13725.log

2025-09-17 17:06:47,737 - INFO - detecting CVE-2017-13725 rt6_print
2025-09-17 17:06:47,738 - INFO - cmd: python main.py --detect --cve_id CVE-2017-13725 --target_bin /binaries/target_clang/tcpdump/tcpdump-4.99-bp-o1-tcpdump --vul_func_name rt6_print --project tcpdump
2025-09-17 17:06:53,594 - INFO - success CVE-2017-13725,details in cve_test/CVE-2017-13725.log

2025-09-17 17:06:53,596 - INFO - detecting CVE-2018-16228 print_prefix
2025-09-17 17:06:53,596 - INFO - cmd: python main.py --detect --cve_id CVE-2018-16228 --target_bin /binaries/target_clang/tcpdump/tcpdump-4.9.2-o1-tcpdump --vul_func_name print_prefix --project tcpdump
2025-09-17 17:07:00,267 - INFO - success CVE-2018-16228,details in cve_test/CVE-2018-16228.log

2025-09-17 17:07:00,269 - INFO - detecting CVE-2018-16228 print_prefix
2025-09-17 17:07:00,269 - INFO - cmd: python main.py --detect --cve_id CVE-2018-16228 --target_bin /binaries/target_clang/tcpdump/tcpdump-4.9.1-o1-tcpdump --vul_func_name print_prefix --project tcpdump
2025-09-17 17:07:07,499 - INFO - success CVE-2018-16228,details in cve_test/CVE-2018-16228.log

2025-09-17 17:07:07,501 - INFO - detecting CVE-2018-16228 print_prefix
2025-09-17 17:07:07,501 - INFO - cmd: python main.py --detect --cve_id CVE-2018-16228 --target_bin /binaries/target_clang/tcpdump/tcpdump-4.9.0-o1-tcpdump --vul_func_name print_prefix --project tcpdump
2025-09-17 17:07:13,712 - INFO - success CVE-2018-16228,details in cve_test/CVE-2018-16228.log

2025-09-17 17:07:13,713 - INFO - detecting CVE-2018-16228 print_prefix
2025-09-17 17:07:13,714 - INFO - cmd: python main.py --detect --cve_id CVE-2018-16228 --target_bin /binaries/target_clang/tcpdump/tcpdump-4.9.3-o1-tcpdump --vul_func_name print_prefix --project tcpdump
2025-09-17 17:07:21,048 - INFO - success CVE-2018-16228,details in cve_test/CVE-2018-16228.log

2025-09-17 17:07:21,050 - INFO - detecting CVE-2018-16228 print_prefix
2025-09-17 17:07:21,051 - INFO - cmd: python main.py --detect --cve_id CVE-2018-16228 --target_bin /binaries/target_clang/tcpdump/tcpdump-4.99.0-bp-o1-tcpdump --vul_func_name print_prefix --project tcpdump
2025-09-17 17:07:27,976 - INFO - success CVE-2018-16228,details in cve_test/CVE-2018-16228.log

2025-09-17 17:07:27,977 - INFO - detecting CVE-2018-16228 print_prefix
2025-09-17 17:07:27,977 - INFO - cmd: python main.py --detect --cve_id CVE-2018-16228 --target_bin /binaries/target_clang/tcpdump/tcpdump-4.99-bp-o1-tcpdump --vul_func_name print_prefix --project tcpdump
2025-09-17 17:07:35,035 - INFO - success CVE-2018-16228,details in cve_test/CVE-2018-16228.log

2025-09-17 17:07:35,037 - INFO - detecting CVE-2018-16300 bgp_attr_print
2025-09-17 17:07:35,037 - INFO - cmd: python main.py --detect --cve_id CVE-2018-16300 --target_bin /binaries/target_clang/tcpdump/tcpdump-4.9.2-o1-tcpdump --vul_func_name bgp_attr_print --project tcpdump
2025-09-17 17:07:43,434 - INFO - success CVE-2018-16300,details in cve_test/CVE-2018-16300.log

2025-09-17 17:07:43,436 - INFO - detecting CVE-2018-16300 bgp_attr_print
2025-09-17 17:07:43,437 - INFO - cmd: python main.py --detect --cve_id CVE-2018-16300 --target_bin /binaries/target_clang/tcpdump/tcpdump-4.9.1-o1-tcpdump --vul_func_name bgp_attr_print --project tcpdump
2025-09-17 17:07:52,668 - INFO - success CVE-2018-16300,details in cve_test/CVE-2018-16300.log

2025-09-17 17:07:52,669 - INFO - detecting CVE-2018-16300 bgp_attr_print
2025-09-17 17:07:52,669 - INFO - cmd: python main.py --detect --cve_id CVE-2018-16300 --target_bin /binaries/target_clang/tcpdump/tcpdump-4.9.0-o1-tcpdump --vul_func_name bgp_attr_print --project tcpdump
2025-09-17 17:08:00,870 - INFO - success CVE-2018-16300,details in cve_test/CVE-2018-16300.log

2025-09-17 17:08:00,871 - INFO - detecting CVE-2018-16300 bgp_attr_print
2025-09-17 17:08:00,872 - INFO - cmd: python main.py --detect --cve_id CVE-2018-16300 --target_bin /binaries/target_clang/tcpdump/tcpdump-4.9.3-o1-tcpdump --vul_func_name bgp_attr_print --project tcpdump
2025-09-17 17:08:08,537 - INFO - success CVE-2018-16300,details in cve_test/CVE-2018-16300.log

2025-09-17 17:08:08,538 - INFO - detecting CVE-2018-16300 bgp_attr_print
2025-09-17 17:08:08,539 - INFO - cmd: python main.py --detect --cve_id CVE-2018-16300 --target_bin /binaries/target_clang/tcpdump/tcpdump-4.99.0-bp-o1-tcpdump --vul_func_name bgp_attr_print --project tcpdump
2025-09-17 17:08:16,442 - INFO - success CVE-2018-16300,details in cve_test/CVE-2018-16300.log

2025-09-17 17:08:16,443 - INFO - detecting CVE-2018-16300 bgp_attr_print
2025-09-17 17:08:16,444 - INFO - cmd: python main.py --detect --cve_id CVE-2018-16300 --target_bin /binaries/target_clang/tcpdump/tcpdump-4.99-bp-o1-tcpdump --vul_func_name bgp_attr_print --project tcpdump
2025-09-17 17:08:24,478 - INFO - success CVE-2018-16300,details in cve_test/CVE-2018-16300.log