------------------------------------------
Detecing CVE:CVE-2012-5134
Detection for: /data/zhangxb//binaries/target_clang/libxml2/libxml2-2.9.0-o1-libxml2
no function dict_keys(['xmlParseAttValueComplex']) in target
------------------------------------------
Detecing CVE:CVE-2012-5134
Detection for: /data/zhangxb//binaries/target_clang/libxml2/libxml2-2.8.0-o1-libxml2
no function dict_keys(['xmlParseAttValueComplex']) in target
------------------------------------------
Detecing CVE:CVE-2012-5134
Detection for: /data/zhangxb//binaries/target_clang/libxml2/libxml2-2.8.0-rc2-o1-libxml2
no function dict_keys(['xmlParseAttValueComplex']) in target
------------------------------------------
Detecing CVE:CVE-2012-5134
Detection for: /data/zhangxb//binaries/target_clang/libxml2/libxml2-2.9.1-o1-libxml2
no function dict_keys(['xmlParseAttValueComplex']) in target
------------------------------------------
Detecing CVE:CVE-2012-5134
Detection for: /data/zhangxb//binaries/target_clang/libxml2/libxml2-2.9.2-rc1-o1-libxml2
no function dict_keys(['xmlParseAttValueComplex']) in target
------------------------------------------
Detecing CVE:CVE-2012-5134
Detection for: /data/zhangxb//binaries/target_clang/libxml2/libxml2-2.9.2-rc2-o1-libxml2
no function dict_keys(['xmlParseAttValueComplex']) in target
------------------------------------------
Detecing CVE:CVE-2013-0338
Detection for: /data/zhangxb//binaries/target_clang/libxml2/libxml2-2.9.0-o1-libxml2
Result for xmlParserEntityCheck:vuln , truth is vuln
------------------------------------------
Detecing CVE:CVE-2013-0338
Detection for: /data/zhangxb//binaries/target_clang/libxml2/libxml2-2.8.0-o1-libxml2
Result for xmlParserEntityCheck:vuln , truth is vuln
------------------------------------------
Detecing CVE:CVE-2013-0338
Detection for: /data/zhangxb//binaries/target_clang/libxml2/libxml2-2.8.0-rc2-o1-libxml2
Result for xmlParserEntityCheck:vuln , truth is vuln
------------------------------------------
Detecing CVE:CVE-2013-0338
Detection for: /data/zhangxb//binaries/target_clang/libxml2/libxml2-2.9.1-o1-libxml2
Result for xmlParserEntityCheck:vuln , truth is patch
------------------------------------------
Detecing CVE:CVE-2013-0338
Detection for: /data/zhangxb//binaries/target_clang/libxml2/libxml2-2.9.2-rc1-o1-libxml2
Result for xmlParserEntityCheck:vuln , truth is patch
------------------------------------------
Detecing CVE:CVE-2013-0338
Detection for: /data/zhangxb//binaries/target_clang/libxml2/libxml2-2.9.2-rc2-o1-libxml2
Result for xmlParserEntityCheck:vuln , truth is patch
------------------------------------------
Detecing CVE:CVE-2013-0339
CVE-2013-0339 has no sigs, skip
------------------------------------------
Detecing CVE:CVE-2013-0339
CVE-2013-0339 has no sigs, skip
------------------------------------------
Detecing CVE:CVE-2013-0339
CVE-2013-0339 has no sigs, skip
------------------------------------------
Detecing CVE:CVE-2013-0339
CVE-2013-0339 has no sigs, skip
------------------------------------------
Detecing CVE:CVE-2013-0339
CVE-2013-0339 has no sigs, skip
------------------------------------------
Detecing CVE:CVE-2013-0339
CVE-2013-0339 has no sigs, skip
------------------------------------------
Detecing CVE:CVE-2013-1969
CVE-2013-1969 has no sigs, skip
------------------------------------------
Detecing CVE:CVE-2013-1969
CVE-2013-1969 has no sigs, skip
------------------------------------------
Detecing CVE:CVE-2013-1969
CVE-2013-1969 has no sigs, skip
------------------------------------------
Detecing CVE:CVE-2013-1969
CVE-2013-1969 has no sigs, skip
------------------------------------------
Detecing CVE:CVE-2014-3660
CVE-2014-3660 has no sigs, skip
------------------------------------------
Detecing CVE:CVE-2014-3660
CVE-2014-3660 has no sigs, skip
------------------------------------------
Detecing CVE:CVE-2014-3660
CVE-2014-3660 has no sigs, skip
------------------------------------------
Detecing CVE:CVE-2014-3660
CVE-2014-3660 has no sigs, skip
------------------------------------------
Detecing CVE:CVE-2014-3660
CVE-2014-3660 has no sigs, skip
------------------------------------------
Detecing CVE:CVE-2014-3660
CVE-2014-3660 has no sigs, skip
------------------------------------------
Detecing CVE:CVE-2015-5312
CVE-2015-5312 has no sigs, skip
------------------------------------------
Detecing CVE:CVE-2015-5312
CVE-2015-5312 has no sigs, skip
------------------------------------------
Detecing CVE:CVE-2015-5312
CVE-2015-5312 has no sigs, skip
------------------------------------------
Detecing CVE:CVE-2015-5312
CVE-2015-5312 has no sigs, skip
------------------------------------------
Detecing CVE:CVE-2015-5312
CVE-2015-5312 has no sigs, skip
------------------------------------------
Detecing CVE:CVE-2015-5312
CVE-2015-5312 has no sigs, skip
------------------------------------------
Detecing CVE:CVE-2015-7497
Detection for: /data/zhangxb//binaries/target_clang/libxml2/libxml2-2.9.2-o1-libxml2
Result for xmlDictComputeFastQKey:patch , truth is vuln
------------------------------------------
Detecing CVE:CVE-2015-7497
Detection for: /data/zhangxb//binaries/target_clang/libxml2/libxml2-2.9.1-o1-libxml2
Result for xmlDictComputeFastQKey:patch , truth is vuln
------------------------------------------
Detecing CVE:CVE-2015-7497
Detection for: /data/zhangxb//binaries/target_clang/libxml2/libxml2-2.9.0-o1-libxml2
Result for xmlDictComputeFastQKey:patch , truth is vuln
------------------------------------------
Detecing CVE:CVE-2015-7497
Detection for: /data/zhangxb//binaries/target_clang/libxml2/libxml2-2.9.4-o1-libxml2
Result for xmlDictComputeFastQKey:patch , truth is patch
------------------------------------------
Detecing CVE:CVE-2015-7497
Detection for: /data/zhangxb//binaries/target_clang/libxml2/libxml2-2.9.5-rc1-o1-libxml2
Result for xmlDictComputeFastQKey:patch , truth is patch
------------------------------------------
Detecing CVE:CVE-2015-7497
Detection for: /data/zhangxb//binaries/target_clang/libxml2/libxml2-2.9.5-rc2-o1-libxml2
Result for xmlDictComputeFastQKey:patch , truth is patch
------------------------------------------
Detecing CVE:CVE-2015-7498
CVE-2015-7498 has no sigs, skip
------------------------------------------
Detecing CVE:CVE-2015-7498
CVE-2015-7498 has no sigs, skip
------------------------------------------
Detecing CVE:CVE-2015-7498
CVE-2015-7498 has no sigs, skip
------------------------------------------
Detecing CVE:CVE-2015-7498
CVE-2015-7498 has no sigs, skip
------------------------------------------
Detecing CVE:CVE-2015-7498
CVE-2015-7498 has no sigs, skip
------------------------------------------
Detecing CVE:CVE-2015-7498
CVE-2015-7498 has no sigs, skip
------------------------------------------
Detecing CVE:CVE-2015-7499
CVE-2015-7499 has no sigs, skip
------------------------------------------
Detecing CVE:CVE-2015-7499
CVE-2015-7499 has no sigs, skip
------------------------------------------
Detecing CVE:CVE-2015-7499
CVE-2015-7499 has no sigs, skip
------------------------------------------
Detecing CVE:CVE-2015-7499
CVE-2015-7499 has no sigs, skip
------------------------------------------
Detecing CVE:CVE-2015-7499
CVE-2015-7499 has no sigs, skip
------------------------------------------
Detecing CVE:CVE-2015-7499
CVE-2015-7499 has no sigs, skip
------------------------------------------
Detecing CVE:CVE-2015-7500
CVE-2015-7500 has no sigs, skip
------------------------------------------
Detecing CVE:CVE-2015-7500
CVE-2015-7500 has no sigs, skip
------------------------------------------
Detecing CVE:CVE-2015-7500
CVE-2015-7500 has no sigs, skip
------------------------------------------
Detecing CVE:CVE-2015-7500
CVE-2015-7500 has no sigs, skip
------------------------------------------
Detecing CVE:CVE-2015-7500
CVE-2015-7500 has no sigs, skip
------------------------------------------
Detecing CVE:CVE-2015-7500
CVE-2015-7500 has no sigs, skip
------------------------------------------
Detecing CVE:CVE-2015-7941
Detection for: /data/zhangxb//binaries/target_clang/libxml2/libxml2-2.9.2-o1-libxml2
Result for xmlParseConditionalSections:vuln , truth is vuln
------------------------------------------
Detecing CVE:CVE-2015-7941
Detection for: /data/zhangxb//binaries/target_clang/libxml2/libxml2-2.9.3-o1-libxml2
Result for xmlParseConditionalSections:vuln , truth is patch
------------------------------------------
Detecing CVE:CVE-2015-7941
Detection for: /data/zhangxb//binaries/target_clang/libxml2/libxml2-2.9.4-o1-libxml2
Result for xmlParseConditionalSections:vuln , truth is patch
------------------------------------------
Detecing CVE:CVE-2015-7941
Detection for: /data/zhangxb//binaries/target_clang/libxml2/libxml2-2.9.5-rc1-o1-libxml2
Result for xmlParseConditionalSections:vuln , truth is patch
------------------------------------------
Detecing CVE:CVE-2015-8241
CVE-2015-8241 has no sigs, skip
------------------------------------------
Detecing CVE:CVE-2015-8241
CVE-2015-8241 has no sigs, skip
------------------------------------------
Detecing CVE:CVE-2015-8241
CVE-2015-8241 has no sigs, skip
------------------------------------------
Detecing CVE:CVE-2015-8241
CVE-2015-8241 has no sigs, skip
------------------------------------------
Detecing CVE:CVE-2015-8241
CVE-2015-8241 has no sigs, skip
------------------------------------------
Detecing CVE:CVE-2015-8241
CVE-2015-8241 has no sigs, skip
------------------------------------------
Detecing CVE:CVE-2015-8242
CVE-2015-8242 has no sigs, skip
------------------------------------------
Detecing CVE:CVE-2015-8242
CVE-2015-8242 has no sigs, skip
------------------------------------------
Detecing CVE:CVE-2015-8242
CVE-2015-8242 has no sigs, skip
------------------------------------------
Detecing CVE:CVE-2015-8242
CVE-2015-8242 has no sigs, skip
------------------------------------------
Detecing CVE:CVE-2015-8242
CVE-2015-8242 has no sigs, skip
------------------------------------------
Detecing CVE:CVE-2015-8242
CVE-2015-8242 has no sigs, skip
------------------------------------------
Detecing CVE:CVE-2015-8317
CVE-2015-8317 has no sigs, skip
------------------------------------------
Detecing CVE:CVE-2015-8317
CVE-2015-8317 has no sigs, skip
------------------------------------------
Detecing CVE:CVE-2015-8317
CVE-2015-8317 has no sigs, skip
------------------------------------------
Detecing CVE:CVE-2015-8317
CVE-2015-8317 has no sigs, skip
------------------------------------------
Detecing CVE:CVE-2015-8317
CVE-2015-8317 has no sigs, skip
------------------------------------------
Detecing CVE:CVE-2015-8317
CVE-2015-8317 has no sigs, skip
------------------------------------------
Detecing CVE:CVE-2015-8710
Detection for: /data/zhangxb//binaries/target_clang/libxml2/libxml2-2.9.2-o1-libxml2
Result for htmlParseComment:patch , truth is vuln
------------------------------------------
Detecing CVE:CVE-2015-8710
Detection for: /data/zhangxb//binaries/target_clang/libxml2/libxml2-2.9.2-rc2-o1-libxml2
Result for htmlParseComment:patch , truth is vuln
------------------------------------------
Detecing CVE:CVE-2015-8710
Detection for: /data/zhangxb//binaries/target_clang/libxml2/libxml2-2.9.2-rc1-o1-libxml2
Result for htmlParseComment:patch , truth is vuln
------------------------------------------
Detecing CVE:CVE-2015-8710
Detection for: /data/zhangxb//binaries/target_clang/libxml2/libxml2-2.9.3-o1-libxml2
Result for htmlParseComment:patch , truth is patch
------------------------------------------
Detecing CVE:CVE-2015-8710
Detection for: /data/zhangxb//binaries/target_clang/libxml2/libxml2-2.9.4-o1-libxml2
Result for htmlParseComment:patch , truth is patch
------------------------------------------
Detecing CVE:CVE-2015-8710
Detection for: /data/zhangxb//binaries/target_clang/libxml2/libxml2-2.9.5-rc1-o1-libxml2
Result for htmlParseComment:patch , truth is patch
------------------------------------------
Detecing CVE:CVE-2016-1762
Detection for: /data/zhangxb//binaries/target_clang/libxml2/libxml2-2.9.3-o1-libxml2
fail to determine
Result for xmlParseInternalSubset:None , truth is vuln
------------------------------------------
Detecing CVE:CVE-2016-1762
Detection for: /data/zhangxb//binaries/target_clang/libxml2/libxml2-2.9.2-o1-libxml2
fail to determine
Result for xmlParseInternalSubset:None , truth is vuln
------------------------------------------
Detecing CVE:CVE-2016-1762
Detection for: /data/zhangxb//binaries/target_clang/libxml2/libxml2-2.9.2-rc2-o1-libxml2
fail to determine
Result for xmlParseInternalSubset:None , truth is vuln
------------------------------------------
Detecing CVE:CVE-2016-1762
Detection for: /data/zhangxb//binaries/target_clang/libxml2/libxml2-2.9.4-o1-libxml2
fail to determine
Result for xmlParseInternalSubset:None , truth is patch
------------------------------------------
Detecing CVE:CVE-2016-1762
Detection for: /data/zhangxb//binaries/target_clang/libxml2/libxml2-2.9.5-rc1-o1-libxml2
fail to determine
Result for xmlParseInternalSubset:None , truth is patch
------------------------------------------
Detecing CVE:CVE-2016-1762
Detection for: /data/zhangxb//binaries/target_clang/libxml2/libxml2-2.9.5-rc2-o1-libxml2
fail to determine
Result for xmlParseInternalSubset:None , truth is patch
------------------------------------------
Detecing CVE:CVE-2016-1833
CVE-2016-1833 has no sigs, skip
------------------------------------------
Detecing CVE:CVE-2016-1833
CVE-2016-1833 has no sigs, skip
------------------------------------------
Detecing CVE:CVE-2016-1833
CVE-2016-1833 has no sigs, skip
------------------------------------------
Detecing CVE:CVE-2016-1833
CVE-2016-1833 has no sigs, skip
------------------------------------------
Detecing CVE:CVE-2016-1833
CVE-2016-1833 has no sigs, skip
------------------------------------------
Detecing CVE:CVE-2016-1833
CVE-2016-1833 has no sigs, skip
------------------------------------------
Detecing CVE:CVE-2016-1834
CVE-2016-1834 has no sigs, skip
------------------------------------------
Detecing CVE:CVE-2016-1834
CVE-2016-1834 has no sigs, skip
------------------------------------------
Detecing CVE:CVE-2016-1834
CVE-2016-1834 has no sigs, skip
------------------------------------------
Detecing CVE:CVE-2016-1834
CVE-2016-1834 has no sigs, skip
------------------------------------------
Detecing CVE:CVE-2016-1834
CVE-2016-1834 has no sigs, skip
------------------------------------------
Detecing CVE:CVE-2016-1834
CVE-2016-1834 has no sigs, skip
------------------------------------------
Detecing CVE:CVE-2016-1836
Detection for: /data/zhangxb//binaries/target_clang/libxml2/libxml2-2.9.3-o1-libxml2
no function dict_keys(['xmlParseNCNameComplex']) in target
------------------------------------------
Detecing CVE:CVE-2016-1836
Detection for: /data/zhangxb//binaries/target_clang/libxml2/libxml2-2.9.2-o1-libxml2
no function dict_keys(['xmlParseNCNameComplex']) in target
------------------------------------------
Detecing CVE:CVE-2016-1836
Detection for: /data/zhangxb//binaries/target_clang/libxml2/libxml2-2.9.2-rc2-o1-libxml2
no function dict_keys(['xmlParseNCNameComplex']) in target
------------------------------------------
Detecing CVE:CVE-2016-1836
Detection for: /data/zhangxb//binaries/target_clang/libxml2/libxml2-2.9.5-rc1-o1-libxml2
no function dict_keys(['xmlParseNCNameComplex']) in target
------------------------------------------
Detecing CVE:CVE-2016-1836
Detection for: /data/zhangxb//binaries/target_clang/libxml2/libxml2-2.9.5-rc2-o1-libxml2
no function dict_keys(['xmlParseNCNameComplex']) in target
------------------------------------------
Detecing CVE:CVE-2016-1836
Detection for: /data/zhangxb//binaries/target_clang/libxml2/libxml2-2.9.5-o1-libxml2
no function dict_keys(['xmlParseNCNameComplex']) in target
------------------------------------------
Detecing CVE:CVE-2016-1837
CVE-2016-1837 has no sigs, skip
------------------------------------------
Detecing CVE:CVE-2016-1837
CVE-2016-1837 has no sigs, skip
------------------------------------------
Detecing CVE:CVE-2016-1837
CVE-2016-1837 has no sigs, skip
------------------------------------------
Detecing CVE:CVE-2016-1837
CVE-2016-1837 has no sigs, skip
------------------------------------------
Detecing CVE:CVE-2016-1837
CVE-2016-1837 has no sigs, skip
------------------------------------------
Detecing CVE:CVE-2016-1837
CVE-2016-1837 has no sigs, skip
------------------------------------------
Detecing CVE:CVE-2016-1838
Detection for: /data/zhangxb//binaries/target_clang/libxml2/libxml2-2.9.4-o1-libxml2
Result for xmlParseEndTag2:patch , truth is vuln
------------------------------------------
Detecing CVE:CVE-2016-1838
Detection for: /data/zhangxb//binaries/target_clang/libxml2/libxml2-2.9.3-o1-libxml2
fail to determine
Result for xmlParseEndTag2:None , truth is vuln
------------------------------------------
Detecing CVE:CVE-2016-1838
Detection for: /data/zhangxb//binaries/target_clang/libxml2/libxml2-2.9.2-o1-libxml2
fail to determine
Result for xmlParseEndTag2:None , truth is vuln
------------------------------------------
Detecing CVE:CVE-2016-1838
Detection for: /data/zhangxb//binaries/target_clang/libxml2/libxml2-2.9.5-rc1-o1-libxml2
Result for xmlParseEndTag2:patch , truth is patch
------------------------------------------
Detecing CVE:CVE-2016-1838
Detection for: /data/zhangxb//binaries/target_clang/libxml2/libxml2-2.9.5-rc2-o1-libxml2
Result for xmlParseEndTag2:patch , truth is patch
------------------------------------------
Detecing CVE:CVE-2016-1838
Detection for: /data/zhangxb//binaries/target_clang/libxml2/libxml2-2.9.5-o1-libxml2
Result for xmlParseEndTag2:patch , truth is patch
------------------------------------------
Detecing CVE:CVE-2016-1840
Detection for: /data/zhangxb//binaries/target_clang/libxml2/libxml2-2.9.3-o1-libxml2
no function dict_keys(['xmlFAParseCharRange']) in target
------------------------------------------
Detecing CVE:CVE-2016-1840
Detection for: /data/zhangxb//binaries/target_clang/libxml2/libxml2-2.9.2-o1-libxml2
no function dict_keys(['xmlFAParseCharRange']) in target
------------------------------------------
Detecing CVE:CVE-2016-1840
Detection for: /data/zhangxb//binaries/target_clang/libxml2/libxml2-2.9.2-rc2-o1-libxml2
no function dict_keys(['xmlFAParseCharRange']) in target
------------------------------------------
Detecing CVE:CVE-2016-1840
Detection for: /data/zhangxb//binaries/target_clang/libxml2/libxml2-2.9.5-rc1-o1-libxml2
no function dict_keys(['xmlFAParseCharRange']) in target
------------------------------------------
Detecing CVE:CVE-2016-1840
Detection for: /data/zhangxb//binaries/target_clang/libxml2/libxml2-2.9.5-rc2-o1-libxml2
no function dict_keys(['xmlFAParseCharRange']) in target
------------------------------------------
Detecing CVE:CVE-2016-1840
Detection for: /data/zhangxb//binaries/target_clang/libxml2/libxml2-2.9.5-o1-libxml2
no function dict_keys(['xmlFAParseCharRange']) in target
------------------------------------------
Detecing CVE:CVE-2016-4449
CVE-2016-4449 has no sigs, skip
------------------------------------------
Detecing CVE:CVE-2016-4449
CVE-2016-4449 has no sigs, skip
------------------------------------------
Detecing CVE:CVE-2016-4449
CVE-2016-4449 has no sigs, skip
------------------------------------------
Detecing CVE:CVE-2016-4449
CVE-2016-4449 has no sigs, skip
------------------------------------------
Detecing CVE:CVE-2016-4449
CVE-2016-4449 has no sigs, skip
------------------------------------------
Detecing CVE:CVE-2016-4449
CVE-2016-4449 has no sigs, skip
------------------------------------------
Detecing CVE:CVE-2016-4483
Detection for: /data/zhangxb//binaries/target_clang/libxml2/libxml2-2.9.3-o1-libxml2
fail to determine
Result for xmlBufAttrSerializeTxtContent:None , truth is vuln
------------------------------------------
Detecing CVE:CVE-2016-4483
Detection for: /data/zhangxb//binaries/target_clang/libxml2/libxml2-2.9.2-o1-libxml2
fail to determine
Result for xmlBufAttrSerializeTxtContent:None , truth is vuln
------------------------------------------
Detecing CVE:CVE-2016-4483
Detection for: /data/zhangxb//binaries/target_clang/libxml2/libxml2-2.9.2-rc2-o1-libxml2
fail to determine
Result for xmlBufAttrSerializeTxtContent:None , truth is vuln
------------------------------------------
Detecing CVE:CVE-2016-4483
Detection for: /data/zhangxb//binaries/target_clang/libxml2/libxml2-2.9.5-rc1-o1-libxml2
fail to determine
Result for xmlBufAttrSerializeTxtContent:None , truth is patch
------------------------------------------
Detecing CVE:CVE-2016-4483
Detection for: /data/zhangxb//binaries/target_clang/libxml2/libxml2-2.9.5-rc2-o1-libxml2
fail to determine
Result for xmlBufAttrSerializeTxtContent:None , truth is patch
------------------------------------------
Detecing CVE:CVE-2016-4483
Detection for: /data/zhangxb//binaries/target_clang/libxml2/libxml2-2.9.5-o1-libxml2
fail to determine
Result for xmlBufAttrSerializeTxtContent:None , truth is patch
------------------------------------------
Detecing CVE:CVE-2016-4658
CVE-2016-4658 has no sigs, skip
------------------------------------------
Detecing CVE:CVE-2016-4658
CVE-2016-4658 has no sigs, skip
------------------------------------------
Detecing CVE:CVE-2016-4658
CVE-2016-4658 has no sigs, skip
------------------------------------------
Detecing CVE:CVE-2016-4658
CVE-2016-4658 has no sigs, skip
------------------------------------------
Detecing CVE:CVE-2016-4658
CVE-2016-4658 has no sigs, skip
------------------------------------------
Detecing CVE:CVE-2016-4658
CVE-2016-4658 has no sigs, skip
------------------------------------------
Detecing CVE:CVE-2017-16931
Detection for: /data/zhangxb//binaries/target_clang/libxml2/libxml2-2.9.4-o1-libxml2
no function dict_keys(['xmlParseNameComplex']) in target
------------------------------------------
Detecing CVE:CVE-2017-16931
Detection for: /data/zhangxb//binaries/target_clang/libxml2/libxml2-2.9.3-o1-libxml2
no function dict_keys(['xmlParseNameComplex']) in target
------------------------------------------
Detecing CVE:CVE-2017-16931
Detection for: /data/zhangxb//binaries/target_clang/libxml2/libxml2-2.9.2-o1-libxml2
no function dict_keys(['xmlParseNameComplex']) in target
------------------------------------------
Detecing CVE:CVE-2017-16931
Detection for: /data/zhangxb//binaries/target_clang/libxml2/libxml2-2.9.5-rc1-o1-libxml2
no function dict_keys(['xmlParseNameComplex']) in target
------------------------------------------
Detecing CVE:CVE-2017-16931
Detection for: /data/zhangxb//binaries/target_clang/libxml2/libxml2-2.9.5-rc2-o1-libxml2
no function dict_keys(['xmlParseNameComplex']) in target
------------------------------------------
Detecing CVE:CVE-2017-16931
Detection for: /data/zhangxb//binaries/target_clang/libxml2/libxml2-2.9.5-o1-libxml2
no function dict_keys(['xmlParseNameComplex']) in target
------------------------------------------
Detecing CVE:CVE-2017-16932
CVE-2017-16932 has no sigs, skip
------------------------------------------
Detecing CVE:CVE-2017-16932
CVE-2017-16932 has no sigs, skip
------------------------------------------
Detecing CVE:CVE-2017-16932
CVE-2017-16932 has no sigs, skip
------------------------------------------
Detecing CVE:CVE-2017-16932
CVE-2017-16932 has no sigs, skip
------------------------------------------
Detecing CVE:CVE-2017-16932
CVE-2017-16932 has no sigs, skip
------------------------------------------
Detecing CVE:CVE-2017-16932
CVE-2017-16932 has no sigs, skip
------------------------------------------
Detecing CVE:CVE-2017-5130
CVE-2017-5130 has no sigs, skip
------------------------------------------
Detecing CVE:CVE-2017-5130
CVE-2017-5130 has no sigs, skip
------------------------------------------
Detecing CVE:CVE-2017-5130
CVE-2017-5130 has no sigs, skip
------------------------------------------
Detecing CVE:CVE-2017-5130
CVE-2017-5130 has no sigs, skip
------------------------------------------
Detecing CVE:CVE-2017-5130
CVE-2017-5130 has no sigs, skip
------------------------------------------
Detecing CVE:CVE-2017-5130
CVE-2017-5130 has no sigs, skip
------------------------------------------
Detecing CVE:CVE-2017-7375
CVE-2017-7375 has no sigs, skip
------------------------------------------
Detecing CVE:CVE-2017-7375
CVE-2017-7375 has no sigs, skip
------------------------------------------
Detecing CVE:CVE-2017-7375
CVE-2017-7375 has no sigs, skip
------------------------------------------
Detecing CVE:CVE-2017-7375
CVE-2017-7375 has no sigs, skip
------------------------------------------
Detecing CVE:CVE-2017-7375
CVE-2017-7375 has no sigs, skip
------------------------------------------
Detecing CVE:CVE-2017-7375
CVE-2017-7375 has no sigs, skip
------------------------------------------
Detecing CVE:CVE-2018-14404
Detection for: /data/zhangxb//binaries/target_clang/libxml2/libxml2-2.9.8-o1-libxml2
Result for xmlXPathCompOpEval:vuln , truth is vuln
------------------------------------------
Detecing CVE:CVE-2018-14404
Detection for: /data/zhangxb//binaries/target_clang/libxml2/libxml2-2.9.7-o1-libxml2
Result for xmlXPathCompOpEval:vuln , truth is vuln
------------------------------------------
Detecing CVE:CVE-2018-14404
Detection for: /data/zhangxb//binaries/target_clang/libxml2/libxml2-2.9.7-rc1-o1-libxml2
Result for xmlXPathCompOpEval:vuln , truth is vuln
------------------------------------------
Detecing CVE:CVE-2018-14404
Detection for: /data/zhangxb//binaries/target_clang/libxml2/libxml2-2.9.9-rc1-o1-libxml2
Result for xmlXPathCompOpEval:vuln , truth is patch
------------------------------------------
Detecing CVE:CVE-2018-14404
Detection for: /data/zhangxb//binaries/target_clang/libxml2/libxml2-2.9.9-rc2-o1-libxml2
Result for xmlXPathCompOpEval:vuln , truth is patch
------------------------------------------
Detecing CVE:CVE-2018-14404
Detection for: /data/zhangxb//binaries/target_clang/libxml2/libxml2-2.9.9-o1-libxml2
Result for xmlXPathCompOpEval:vuln , truth is patch
------------------------------------------
Detecing CVE:CVE-2019-19956
CVE-2019-19956 has no sigs, skip
------------------------------------------
Detecing CVE:CVE-2019-19956
CVE-2019-19956 has no sigs, skip
------------------------------------------
Detecing CVE:CVE-2019-19956
CVE-2019-19956 has no sigs, skip
------------------------------------------
Detecing CVE:CVE-2019-19956
CVE-2019-19956 has no sigs, skip
------------------------------------------
Detecing CVE:CVE-2019-19956
CVE-2019-19956 has no sigs, skip
------------------------------------------
Detecing CVE:CVE-2019-19956
CVE-2019-19956 has no sigs, skip
------------------------------------------
Detecing CVE:CVE-2020-7595
CVE-2020-7595 has no sigs, skip
------------------------------------------
Detecing CVE:CVE-2020-7595
CVE-2020-7595 has no sigs, skip
------------------------------------------
Detecing CVE:CVE-2020-7595
CVE-2020-7595 has no sigs, skip
------------------------------------------
Detecing CVE:CVE-2020-7595
CVE-2020-7595 has no sigs, skip
------------------------------------------
Detecing CVE:CVE-2022-23308
CVE-2022-23308 has no sigs, skip
------------------------------------------
Detecing CVE:CVE-2022-23308
CVE-2022-23308 has no sigs, skip
------------------------------------------
Detecing CVE:CVE-2022-23308
CVE-2022-23308 has no sigs, skip
------------------------------------------
Detecing CVE:CVE-2022-23308
CVE-2022-23308 has no sigs, skip
------------------------------------------
Detecing CVE:CVE-2022-23308
CVE-2022-23308 has no sigs, skip
------------------------------------------
Detecing CVE:CVE-2022-23308
CVE-2022-23308 has no sigs, skip
------------------------------------------
Detecing CVE:CVE-2022-29824
Detection for: /data/zhangxb//binaries/target_clang/libxml2/libxml2-2.9.13-o1-libxml2
fail to determine
Result for xmlBufCreateSize:None , truth is vuln
Result for xmlBufResize:vuln , truth is vuln
fail to determine
Result for xmlBufAdd:None , truth is vuln
------------------------------------------
Detecing CVE:CVE-2022-29824
Detection for: /data/zhangxb//binaries/target_clang/libxml2/libxml2-2.9.11-o1-libxml2
fail to determine
Result for xmlBufCreateSize:None , truth is vuln
Result for xmlBufResize:vuln , truth is vuln
fail to determine
Result for xmlBufAdd:None , truth is vuln
------------------------------------------
Detecing CVE:CVE-2022-29824
Detection for: /data/zhangxb//binaries/target_clang/libxml2/libxml2-2.9.12-o1-libxml2
fail to determine
Result for xmlBufCreateSize:None , truth is vuln
Result for xmlBufResize:vuln , truth is vuln
fail to determine
Result for xmlBufAdd:None , truth is vuln
------------------------------------------
Detecing CVE:CVE-2022-29824
Detection for: /data/zhangxb//binaries/target_clang/libxml2/libxml2-2.10.0-o1-libxml2
fail to determine
Result for xmlBufCreateSize:None , truth is patch
Result for xmlBufResize:patch , truth is patch
Result for xmlBufAdd:patch , truth is patch
------------------------------------------
Detecing CVE:CVE-2022-29824
Detection for: /data/zhangxb//binaries/target_clang/libxml2/libxml2-2.10.1-o1-libxml2
fail to determine
Result for xmlBufCreateSize:None , truth is patch
Result for xmlBufResize:patch , truth is patch
Result for xmlBufAdd:patch , truth is patch
------------------------------------------
Detecing CVE:CVE-2022-29824
Detection for: /data/zhangxb//binaries/target_clang/libxml2/libxml2-2.10.2-o1-libxml2
fail to determine
Result for xmlBufCreateSize:None , truth is patch
Result for xmlBufResize:patch , truth is patch
Result for xmlBufAdd:patch , truth is patch
------------------------------------------
Detecing CVE:CVE-2022-40303
Detection for: /data/zhangxb//binaries/target_clang/libxml2/libxml2-2.10.2-o1-libxml2
fail to determine
Result for xmlFatalErr:None , truth is vuln
Result for xmlParseNameComplex:None , truth is vuln
Result for xmlParseName:patch , truth is vuln
Result for xmlParseNCNameComplex:None , truth is vuln
Result for xmlParseNCName:patch , truth is vuln
Result for xmlParseStringName:patch , truth is vuln
fail to determine
Result for xmlParseNmtoken:None , truth is vuln
Result for xmlParseEntityValue:vuln , truth is vuln
Result for xmlParseAttValueComplex:None , truth is vuln
Result for xmlParseSystemLiteral:vuln , truth is vuln
Result for xmlParsePubidLiteral:vuln , truth is vuln
Result for xmlParseCommentComplex:vuln , truth is vuln
Result for xmlParseComment:vuln , truth is vuln
Result for xmlParsePI:patch , truth is vuln
fail to determine
Result for xmlParseAttValueInternal:None , truth is vuln
Result for xmlParseCDSect:vuln , truth is vuln
------------------------------------------
Detecing CVE:CVE-2022-40303
Detection for: /data/zhangxb//binaries/target_clang/libxml2/libxml2-2.10.1-o1-libxml2
fail to determine
Result for xmlFatalErr:None , truth is vuln
Result for xmlParseNameComplex:None , truth is vuln
Result for xmlParseName:patch , truth is vuln
Result for xmlParseNCNameComplex:None , truth is vuln
Result for xmlParseNCName:patch , truth is vuln
Result for xmlParseStringName:patch , truth is vuln
fail to determine
Result for xmlParseNmtoken:None , truth is vuln
Result for xmlParseEntityValue:vuln , truth is vuln
Result for xmlParseAttValueComplex:None , truth is vuln
Result for xmlParseSystemLiteral:vuln , truth is vuln
Result for xmlParsePubidLiteral:vuln , truth is vuln
Result for xmlParseCommentComplex:vuln , truth is vuln
Result for xmlParseComment:vuln , truth is vuln
Result for xmlParsePI:patch , truth is vuln
fail to determine
Result for xmlParseAttValueInternal:None , truth is vuln
Result for xmlParseCDSect:vuln , truth is vuln
------------------------------------------
Detecing CVE:CVE-2022-40303
Detection for: /data/zhangxb//binaries/target_clang/libxml2/libxml2-2.10.0-o1-libxml2
fail to determine
Result for xmlFatalErr:None , truth is vuln
Result for xmlParseNameComplex:None , truth is vuln
Result for xmlParseName:patch , truth is vuln
Result for xmlParseNCNameComplex:None , truth is vuln
Result for xmlParseNCName:patch , truth is vuln
Result for xmlParseStringName:patch , truth is vuln
fail to determine
Result for xmlParseNmtoken:None , truth is vuln
Result for xmlParseEntityValue:vuln , truth is vuln
Result for xmlParseAttValueComplex:None , truth is vuln
Result for xmlParseSystemLiteral:vuln , truth is vuln
Result for xmlParsePubidLiteral:vuln , truth is vuln
Result for xmlParseCommentComplex:vuln , truth is vuln
Result for xmlParseComment:vuln , truth is vuln
Result for xmlParsePI:patch , truth is vuln
fail to determine
Result for xmlParseAttValueInternal:None , truth is vuln
Result for xmlParseCDSect:vuln , truth is vuln
------------------------------------------
Detecing CVE:CVE-2022-40303
Detection for: /data/zhangxb//binaries/target_clang/libxml2/libxml2-2.10.4-o1-libxml2
fail to determine
Result for xmlFatalErr:None , truth is patch
Result for xmlParseNameComplex:None , truth is patch
Result for xmlParseName:patch , truth is patch
Result for xmlParseNCNameComplex:None , truth is patch
Result for xmlParseNCName:patch , truth is patch
Result for xmlParseStringName:patch , truth is patch
fail to determine
Result for xmlParseNmtoken:None , truth is patch
Result for xmlParseEntityValue:vuln , truth is patch
Result for xmlParseAttValueComplex:None , truth is patch
Result for xmlParseSystemLiteral:vuln , truth is patch
Result for xmlParsePubidLiteral:vuln , truth is patch
Result for xmlParseCommentComplex:vuln , truth is patch
Result for xmlParseComment:vuln , truth is patch
Result for xmlParsePI:vuln , truth is patch
fail to determine
Result for xmlParseAttValueInternal:None , truth is patch
Result for xmlParseCDSect:vuln , truth is patch
------------------------------------------
Detecing CVE:CVE-2022-40303
Detection for: /data/zhangxb//binaries/target_clang/libxml2/libxml2-2.11.0-o1-libxml2
fail to determine
Result for xmlFatalErr:None , truth is patch
Result for xmlParseNameComplex:None , truth is patch
Result for xmlParseName:patch , truth is patch
Result for xmlParseNCNameComplex:None , truth is patch
Result for xmlParseNCName:patch , truth is patch
Result for xmlParseStringName:patch , truth is patch
fail to determine
Result for xmlParseNmtoken:None , truth is patch
Result for xmlParseEntityValue:vuln , truth is patch
Result for xmlParseAttValueComplex:None , truth is patch
Result for xmlParseSystemLiteral:vuln , truth is patch
Result for xmlParsePubidLiteral:vuln , truth is patch
Result for xmlParseCommentComplex:vuln , truth is patch
Result for xmlParseComment:vuln , truth is patch
Result for xmlParsePI:vuln , truth is patch
fail to determine
Result for xmlParseAttValueInternal:None , truth is patch
Result for xmlParseCDSect:vuln , truth is patch
------------------------------------------
Detecing CVE:CVE-2022-40303
Detection for: /data/zhangxb//binaries/target_clang/libxml2/libxml2-2.11.1-o1-libxml2
fail to determine
Result for xmlFatalErr:None , truth is patch
Result for xmlParseNameComplex:None , truth is patch
Result for xmlParseName:patch , truth is patch
Result for xmlParseNCNameComplex:None , truth is patch
Result for xmlParseNCName:patch , truth is patch
Result for xmlParseStringName:patch , truth is patch
fail to determine
Result for xmlParseNmtoken:None , truth is patch
Result for xmlParseEntityValue:vuln , truth is patch
Result for xmlParseAttValueComplex:None , truth is patch
Result for xmlParseSystemLiteral:vuln , truth is patch
Result for xmlParsePubidLiteral:vuln , truth is patch
Result for xmlParseCommentComplex:vuln , truth is patch
Result for xmlParseComment:vuln , truth is patch
Result for xmlParsePI:vuln , truth is patch
fail to determine
Result for xmlParseAttValueInternal:None , truth is patch
Result for xmlParseCDSect:vuln , truth is patch
------------------------------------------
Detecing CVE:CVE-2022-40304
Detection for: /data/zhangxb//binaries/target_clang/libxml2/libxml2-2.10.2-o1-libxml2
fail to determine
Result for xmlFreeEntity:None , truth is vuln
Result for xmlCreateEntity:vuln , truth is vuln
------------------------------------------
Detecing CVE:CVE-2022-40304
Detection for: /data/zhangxb//binaries/target_clang/libxml2/libxml2-2.10.1-o1-libxml2
fail to determine
Result for xmlFreeEntity:None , truth is vuln
Result for xmlCreateEntity:vuln , truth is vuln
------------------------------------------
Detecing CVE:CVE-2022-40304
Detection for: /data/zhangxb//binaries/target_clang/libxml2/libxml2-2.10.0-o1-libxml2
fail to determine
Result for xmlFreeEntity:None , truth is vuln
Result for xmlCreateEntity:vuln , truth is vuln
------------------------------------------
Detecing CVE:CVE-2022-40304
Detection for: /data/zhangxb//binaries/target_clang/libxml2/libxml2-2.10.4-o1-libxml2
fail to determine
Result for xmlFreeEntity:None , truth is patch
Result for xmlCreateEntity:vuln , truth is patch
------------------------------------------
Detecing CVE:CVE-2022-40304
Detection for: /data/zhangxb//binaries/target_clang/libxml2/libxml2-2.11.0-o1-libxml2
fail to determine
Result for xmlFreeEntity:None , truth is patch
Result for xmlCreateEntity:vuln , truth is patch
------------------------------------------
Detecing CVE:CVE-2022-40304
Detection for: /data/zhangxb//binaries/target_clang/libxml2/libxml2-2.11.1-o1-libxml2
fail to determine
Result for xmlFreeEntity:None , truth is patch
Result for xmlCreateEntity:vuln , truth is patch
------------------------------------------
Detecing CVE:CVE-2023-28484
Detection for: /data/zhangxb//binaries/target_clang/libxml2/libxml2-2.10.3-o1-libxml2
Result for xmlSchemaFixupComplexType:vuln , truth is vuln
------------------------------------------
Detecing CVE:CVE-2023-28484
Detection for: /data/zhangxb//binaries/target_clang/libxml2/libxml2-2.10.2-o1-libxml2
Result for xmlSchemaFixupComplexType:vuln , truth is vuln
------------------------------------------
Detecing CVE:CVE-2023-28484
Detection for: /data/zhangxb//binaries/target_clang/libxml2/libxml2-2.10.1-o1-libxml2
Result for xmlSchemaFixupComplexType:vuln , truth is vuln
------------------------------------------
Detecing CVE:CVE-2023-28484
Detection for: /data/zhangxb//binaries/target_clang/libxml2/libxml2-2.11.0-o1-libxml2
Result for xmlSchemaFixupComplexType:vuln , truth is patch
------------------------------------------
Detecing CVE:CVE-2023-28484
Detection for: /data/zhangxb//binaries/target_clang/libxml2/libxml2-2.11.1-o1-libxml2
Result for xmlSchemaFixupComplexType:vuln , truth is patch
------------------------------------------
Detecing CVE:CVE-2023-28484
Detection for: /data/zhangxb//binaries/target_clang/libxml2/libxml2-2.11.2-o1-libxml2
Result for xmlSchemaFixupComplexType:vuln , truth is patch