============================================
Patch Detection Log
Time: 2025-09-19 12:39:29
============================================
2025-09-19 12:39:29,502 - INFO - detecting CVE-2017-8395 bfd_init_section_compress_status
2025-09-19 12:39:29,503 - INFO - cmd: python main.py --detect --cve_id CVE-2017-8395 --target_bin /binaries/target_clang/binutils/binutils-2.28-o2-objdump --vul_func_name bfd_init_section_compress_status --project binutils
2025-09-19 12:39:38,649 - INFO - success CVE-2017-8395,details in cve_test/CVE-2017-8395.log

2025-09-19 12:39:38,650 - INFO - detecting CVE-2017-8395 bfd_init_section_compress_status
2025-09-19 12:39:38,651 - INFO - cmd: python main.py --detect --cve_id CVE-2017-8395 --target_bin /binaries/target_clang/binutils/binutils-2.29-o2-objdump --vul_func_name bfd_init_section_compress_status --project binutils
2025-09-19 12:39:49,790 - INFO - success CVE-2017-8395,details in cve_test/CVE-2017-8395.log

2025-09-19 12:39:49,792 - INFO - detecting CVE-2017-8395 bfd_init_section_compress_status
2025-09-19 12:39:49,792 - INFO - cmd: python main.py --detect --cve_id CVE-2017-8395 --target_bin /binaries/target_clang/binutils/binutils-2.29.1-o2-objdump --vul_func_name bfd_init_section_compress_status --project binutils
2025-09-19 12:40:00,347 - INFO - success CVE-2017-8395,details in cve_test/CVE-2017-8395.log

2025-09-19 12:40:00,349 - INFO - detecting CVE-2017-8395 bfd_init_section_compress_status
2025-09-19 12:40:00,349 - INFO - cmd: python main.py --detect --cve_id CVE-2017-8395 --target_bin /binaries/target_clang/binutils/binutils-2.30-o2-objdump --vul_func_name bfd_init_section_compress_status --project binutils
2025-09-19 12:40:10,071 - INFO - success CVE-2017-8395,details in cve_test/CVE-2017-8395.log

2025-09-19 12:40:10,072 - INFO - detecting CVE-2017-8396 _bfd_final_link_relocate
2025-09-19 12:40:10,073 - INFO - cmd: python main.py --detect --cve_id CVE-2017-8396 --target_bin /binaries/target_clang/binutils/binutils-2.28-o2-objdump --vul_func_name _bfd_final_link_relocate --project binutils
2025-09-19 12:40:22,198 - INFO - success CVE-2017-8396,details in cve_test/CVE-2017-8396.log

2025-09-19 12:40:22,200 - INFO - detecting CVE-2017-8396 _bfd_final_link_relocate
2025-09-19 12:40:22,200 - INFO - cmd: python main.py --detect --cve_id CVE-2017-8396 --target_bin /binaries/target_clang/binutils/binutils-2.29-o2-objdump --vul_func_name _bfd_final_link_relocate --project binutils
2025-09-19 12:40:34,959 - INFO - success CVE-2017-8396,details in cve_test/CVE-2017-8396.log

2025-09-19 12:40:34,960 - INFO - detecting CVE-2017-8396 _bfd_final_link_relocate
2025-09-19 12:40:34,961 - INFO - cmd: python main.py --detect --cve_id CVE-2017-8396 --target_bin /binaries/target_clang/binutils/binutils-2.29.1-o2-objdump --vul_func_name _bfd_final_link_relocate --project binutils
2025-09-19 12:40:47,587 - INFO - success CVE-2017-8396,details in cve_test/CVE-2017-8396.log

2025-09-19 12:40:47,588 - INFO - detecting CVE-2017-8396 _bfd_final_link_relocate
2025-09-19 12:40:47,589 - INFO - cmd: python main.py --detect --cve_id CVE-2017-8396 --target_bin /binaries/target_clang/binutils/binutils-2.30-o2-objdump --vul_func_name _bfd_final_link_relocate --project binutils
2025-09-19 12:41:00,012 - INFO - success CVE-2017-8396,details in cve_test/CVE-2017-8396.log

2025-09-19 12:41:00,014 - INFO - detecting CVE-2017-8396 bfd_install_relocation
2025-09-19 12:41:00,014 - INFO - cmd: python main.py --detect --cve_id CVE-2017-8396 --target_bin /binaries/target_clang/binutils/binutils-2.28-o2-objdump --vul_func_name bfd_install_relocation --project binutils
2025-09-19 12:41:13,884 - INFO - success CVE-2017-8396,details in cve_test/CVE-2017-8396.log

2025-09-19 12:41:13,885 - INFO - detecting CVE-2017-8396 bfd_install_relocation
2025-09-19 12:41:13,886 - INFO - cmd: python main.py --detect --cve_id CVE-2017-8396 --target_bin /binaries/target_clang/binutils/binutils-2.29-o2-objdump --vul_func_name bfd_install_relocation --project binutils
2025-09-19 12:41:30,759 - INFO - success CVE-2017-8396,details in cve_test/CVE-2017-8396.log

2025-09-19 12:41:30,760 - INFO - detecting CVE-2017-8396 bfd_install_relocation
2025-09-19 12:41:30,761 - INFO - cmd: python main.py --detect --cve_id CVE-2017-8396 --target_bin /binaries/target_clang/binutils/binutils-2.29.1-o2-objdump --vul_func_name bfd_install_relocation --project binutils
2025-09-19 12:41:44,660 - INFO - success CVE-2017-8396,details in cve_test/CVE-2017-8396.log

2025-09-19 12:41:44,661 - INFO - detecting CVE-2017-8396 bfd_install_relocation
2025-09-19 12:41:44,662 - INFO - cmd: python main.py --detect --cve_id CVE-2017-8396 --target_bin /binaries/target_clang/binutils/binutils-2.30-o2-objdump --vul_func_name bfd_install_relocation --project binutils
2025-09-19 12:41:59,079 - INFO - success CVE-2017-8396,details in cve_test/CVE-2017-8396.log

2025-09-19 12:41:59,080 - INFO - detecting CVE-2017-9954 pass_over
2025-09-19 12:41:59,081 - INFO - cmd: python main.py --detect --cve_id CVE-2017-9954 --target_bin /binaries/target_clang/binutils/binutils-2.28-o2-objdump --vul_func_name pass_over --project binutils
2025-09-19 12:42:05,912 - ERROR - fail CVE-2017-9954 ,details1

2025-09-19 12:42:05,913 - INFO - detecting CVE-2017-9954 pass_over
2025-09-19 12:42:05,913 - INFO - cmd: python main.py --detect --cve_id CVE-2017-9954 --target_bin /binaries/target_clang/binutils/binutils-2.29-o2-objdump --vul_func_name pass_over --project binutils
2025-09-19 12:42:12,633 - ERROR - fail CVE-2017-9954 ,details1

2025-09-19 12:42:12,634 - INFO - detecting CVE-2017-9954 pass_over
2025-09-19 12:42:12,635 - INFO - cmd: python main.py --detect --cve_id CVE-2017-9954 --target_bin /binaries/target_clang/binutils/binutils-2.29.1-o2-objdump --vul_func_name pass_over --project binutils
2025-09-19 12:42:20,690 - ERROR - fail CVE-2017-9954 ,details1

2025-09-19 12:42:20,692 - INFO - detecting CVE-2017-9954 pass_over
2025-09-19 12:42:20,692 - INFO - cmd: python main.py --detect --cve_id CVE-2017-9954 --target_bin /binaries/target_clang/binutils/binutils-2.30-o2-objdump --vul_func_name pass_over --project binutils
2025-09-19 12:42:28,193 - ERROR - fail CVE-2017-9954 ,details1

2025-09-19 12:42:28,195 - INFO - detecting CVE-2017-9954 getvalue
2025-09-19 12:42:28,195 - INFO - cmd: python main.py --detect --cve_id CVE-2017-9954 --target_bin /binaries/target_clang/binutils/binutils-2.28-o2-objdump --vul_func_name getvalue --project binutils
2025-09-19 12:42:35,775 - ERROR - fail CVE-2017-9954 ,details1

2025-09-19 12:42:35,777 - INFO - detecting CVE-2017-9954 getvalue
2025-09-19 12:42:35,777 - INFO - cmd: python main.py --detect --cve_id CVE-2017-9954 --target_bin /binaries/target_clang/binutils/binutils-2.29-o2-objdump --vul_func_name getvalue --project binutils
2025-09-19 12:42:42,802 - ERROR - fail CVE-2017-9954 ,details1

2025-09-19 12:42:42,804 - INFO - detecting CVE-2017-9954 getvalue
2025-09-19 12:42:42,805 - INFO - cmd: python main.py --detect --cve_id CVE-2017-9954 --target_bin /binaries/target_clang/binutils/binutils-2.29.1-o2-objdump --vul_func_name getvalue --project binutils
2025-09-19 12:42:50,722 - ERROR - fail CVE-2017-9954 ,details1

2025-09-19 12:42:50,723 - INFO - detecting CVE-2017-9954 getvalue
2025-09-19 12:42:50,724 - INFO - cmd: python main.py --detect --cve_id CVE-2017-9954 --target_bin /binaries/target_clang/binutils/binutils-2.30-o2-objdump --vul_func_name getvalue --project binutils
2025-09-19 12:42:57,556 - ERROR - fail CVE-2017-9954 ,details1

2025-09-19 12:42:57,558 - INFO - detecting CVE-2017-13710 setup_group
2025-09-19 12:42:57,558 - INFO - cmd: python main.py --detect --cve_id CVE-2017-13710 --target_bin /binaries/target_clang/binutils/binutils-2.29-o2-objdump --vul_func_name setup_group --project binutils
2025-09-19 12:43:04,349 - ERROR - fail CVE-2017-13710 ,details1

2025-09-19 12:43:04,351 - INFO - detecting CVE-2017-13710 setup_group
2025-09-19 12:43:04,351 - INFO - cmd: python main.py --detect --cve_id CVE-2017-13710 --target_bin /binaries/target_clang/binutils/binutils-2.29.1-o2-objdump --vul_func_name setup_group --project binutils
2025-09-19 12:43:10,874 - ERROR - fail CVE-2017-13710 ,details1

2025-09-19 12:43:10,875 - INFO - detecting CVE-2017-13710 setup_group
2025-09-19 12:43:10,876 - INFO - cmd: python main.py --detect --cve_id CVE-2017-13710 --target_bin /binaries/target_clang/binutils/binutils-2.30-o2-objdump --vul_func_name setup_group --project binutils
2025-09-19 12:43:17,677 - ERROR - fail CVE-2017-13710 ,details1

2025-09-19 12:43:17,679 - INFO - detecting CVE-2017-13710 setup_group
2025-09-19 12:43:17,679 - INFO - cmd: python main.py --detect --cve_id CVE-2017-13710 --target_bin /binaries/target_clang/binutils/binutils-2.31-o2-objdump --vul_func_name setup_group --project binutils
2025-09-19 12:43:25,149 - ERROR - fail CVE-2017-13710 ,details1

2025-09-19 12:43:25,151 - INFO - detecting CVE-2017-14129 read_section
2025-09-19 12:43:25,151 - INFO - cmd: python main.py --detect --cve_id CVE-2017-14129 --target_bin /binaries/target_clang/binutils/binutils-2.29-o2-objdump --vul_func_name read_section --project binutils
2025-09-19 12:43:39,665 - INFO - success CVE-2017-14129,details in cve_test/CVE-2017-14129.log

2025-09-19 12:43:39,666 - INFO - detecting CVE-2017-14129 read_section
2025-09-19 12:43:39,667 - INFO - cmd: python main.py --detect --cve_id CVE-2017-14129 --target_bin /binaries/target_clang/binutils/binutils-2.29.1-o2-objdump --vul_func_name read_section --project binutils
2025-09-19 12:43:53,612 - INFO - success CVE-2017-14129,details in cve_test/CVE-2017-14129.log

2025-09-19 12:43:53,613 - INFO - detecting CVE-2017-14129 read_section
2025-09-19 12:43:53,614 - INFO - cmd: python main.py --detect --cve_id CVE-2017-14129 --target_bin /binaries/target_clang/binutils/binutils-2.30-o2-objdump --vul_func_name read_section --project binutils
2025-09-19 12:44:06,311 - INFO - success CVE-2017-14129,details in cve_test/CVE-2017-14129.log

2025-09-19 12:44:06,312 - INFO - detecting CVE-2017-14129 read_section
2025-09-19 12:44:06,313 - INFO - cmd: python main.py --detect --cve_id CVE-2017-14129 --target_bin /binaries/target_clang/binutils/binutils-2.31-o2-objdump --vul_func_name read_section --project binutils
2025-09-19 12:44:20,075 - INFO - success CVE-2017-14129,details in cve_test/CVE-2017-14129.log

2025-09-19 12:44:20,076 - INFO - detecting CVE-2017-12448 bfd_generic_archive_p
2025-09-19 12:44:20,077 - INFO - cmd: python main.py --detect --cve_id CVE-2017-12448 --target_bin /binaries/target_clang/binutils/binutils-2.29-o2-objdump --vul_func_name bfd_generic_archive_p --project binutils
2025-09-19 12:44:28,791 - INFO - success CVE-2017-12448,details in cve_test/CVE-2017-12448.log

2025-09-19 12:44:28,793 - INFO - detecting CVE-2017-12448 bfd_generic_archive_p
2025-09-19 12:44:28,793 - INFO - cmd: python main.py --detect --cve_id CVE-2017-12448 --target_bin /binaries/target_clang/binutils/binutils-2.28-o2-objdump --vul_func_name bfd_generic_archive_p --project binutils
2025-09-19 12:44:37,257 - INFO - success CVE-2017-12448,details in cve_test/CVE-2017-12448.log

2025-09-19 12:44:37,259 - INFO - detecting CVE-2017-12448 bfd_generic_archive_p
2025-09-19 12:44:37,259 - INFO - cmd: python main.py --detect --cve_id CVE-2017-12448 --target_bin /binaries/target_clang/binutils/binutils-2.27-o2-objdump --vul_func_name bfd_generic_archive_p --project binutils
2025-09-19 12:44:42,662 - ERROR - fail CVE-2017-12448 ,details1

2025-09-19 12:44:42,664 - INFO - detecting CVE-2017-12448 bfd_generic_archive_p
2025-09-19 12:44:42,664 - INFO - cmd: python main.py --detect --cve_id CVE-2017-12448 --target_bin /binaries/target_clang/binutils/binutils-2.29.1-o2-objdump --vul_func_name bfd_generic_archive_p --project binutils
2025-09-19 12:44:51,566 - INFO - success CVE-2017-12448,details in cve_test/CVE-2017-12448.log

2025-09-19 12:44:51,567 - INFO - detecting CVE-2017-12448 bfd_generic_archive_p
2025-09-19 12:44:51,568 - INFO - cmd: python main.py --detect --cve_id CVE-2017-12448 --target_bin /binaries/target_clang/binutils/binutils-2.30-o2-objdump --vul_func_name bfd_generic_archive_p --project binutils
2025-09-19 12:45:00,534 - INFO - success CVE-2017-12448,details in cve_test/CVE-2017-12448.log

2025-09-19 12:45:00,535 - INFO - detecting CVE-2017-12448 bfd_generic_archive_p
2025-09-19 12:45:00,535 - INFO - cmd: python main.py --detect --cve_id CVE-2017-12448 --target_bin /binaries/target_clang/binutils/binutils-2.31-o2-objdump --vul_func_name bfd_generic_archive_p --project binutils
2025-09-19 12:45:09,451 - INFO - success CVE-2017-12448,details in cve_test/CVE-2017-12448.log

2025-09-19 12:45:09,452 - INFO - detecting CVE-2017-15024 scan_unit_for_symbols
2025-09-19 12:45:09,452 - INFO - cmd: python main.py --detect --cve_id CVE-2017-15024 --target_bin /binaries/target_clang/binutils/binutils-2.29-o2-objdump --vul_func_name scan_unit_for_symbols --project binutils
2025-09-19 12:45:19,384 - INFO - success CVE-2017-15024,details in cve_test/CVE-2017-15024.log

2025-09-19 12:45:19,386 - INFO - detecting CVE-2017-15024 scan_unit_for_symbols
2025-09-19 12:45:19,386 - INFO - cmd: python main.py --detect --cve_id CVE-2017-15024 --target_bin /binaries/target_clang/binutils/binutils-2.29.1-o2-objdump --vul_func_name scan_unit_for_symbols --project binutils
2025-09-19 12:45:28,385 - INFO - success CVE-2017-15024,details in cve_test/CVE-2017-15024.log

2025-09-19 12:45:28,386 - INFO - detecting CVE-2017-15024 scan_unit_for_symbols
2025-09-19 12:45:28,387 - INFO - cmd: python main.py --detect --cve_id CVE-2017-15024 --target_bin /binaries/target_clang/binutils/binutils-2.30-o2-objdump --vul_func_name scan_unit_for_symbols --project binutils
2025-09-19 12:45:39,230 - INFO - success CVE-2017-15024,details in cve_test/CVE-2017-15024.log

2025-09-19 12:45:39,231 - INFO - detecting CVE-2017-15024 scan_unit_for_symbols
2025-09-19 12:45:39,232 - INFO - cmd: python main.py --detect --cve_id CVE-2017-15024 --target_bin /binaries/target_clang/binutils/binutils-2.31-o2-objdump --vul_func_name scan_unit_for_symbols --project binutils
2025-09-19 12:45:49,691 - INFO - success CVE-2017-15024,details in cve_test/CVE-2017-15024.log

2025-09-19 12:45:49,692 - INFO - detecting CVE-2017-15024 find_abstract_instance_name
2025-09-19 12:45:49,692 - INFO - cmd: python main.py --detect --cve_id CVE-2017-15024 --target_bin /binaries/target_clang/binutils/binutils-2.29-o2-objdump --vul_func_name find_abstract_instance_name --project binutils
2025-09-19 12:46:02,754 - INFO - success CVE-2017-15024,details in cve_test/CVE-2017-15024.log

2025-09-19 12:46:02,755 - INFO - detecting CVE-2017-15024 find_abstract_instance_name
2025-09-19 12:46:02,756 - INFO - cmd: python main.py --detect --cve_id CVE-2017-15024 --target_bin /binaries/target_clang/binutils/binutils-2.29.1-o2-objdump --vul_func_name find_abstract_instance_name --project binutils
2025-09-19 12:46:16,276 - INFO - success CVE-2017-15024,details in cve_test/CVE-2017-15024.log

2025-09-19 12:46:16,277 - INFO - detecting CVE-2017-15024 find_abstract_instance_name
2025-09-19 12:46:16,278 - INFO - cmd: python main.py --detect --cve_id CVE-2017-15024 --target_bin /binaries/target_clang/binutils/binutils-2.30-o2-objdump --vul_func_name find_abstract_instance_name --project binutils
2025-09-19 12:46:31,981 - INFO - success CVE-2017-15024,details in cve_test/CVE-2017-15024.log

2025-09-19 12:46:31,982 - INFO - detecting CVE-2017-15024 find_abstract_instance_name
2025-09-19 12:46:31,982 - INFO - cmd: python main.py --detect --cve_id CVE-2017-15024 --target_bin /binaries/target_clang/binutils/binutils-2.31-o2-objdump --vul_func_name find_abstract_instance_name --project binutils
2025-09-19 12:46:38,728 - ERROR - fail CVE-2017-15024 ,details1

2025-09-19 12:46:38,729 - INFO - detecting CVE-2017-15020 parse_line_table
2025-09-19 12:46:38,730 - INFO - cmd: python main.py --detect --cve_id CVE-2017-15020 --target_bin /binaries/target_clang/binutils/binutils-2.29-o2-objdump --vul_func_name parse_line_table --project binutils
2025-09-19 12:46:45,502 - ERROR - fail CVE-2017-15020 ,details1

2025-09-19 12:46:45,504 - INFO - detecting CVE-2017-15020 parse_line_table
2025-09-19 12:46:45,504 - INFO - cmd: python main.py --detect --cve_id CVE-2017-15020 --target_bin /binaries/target_clang/binutils/binutils-2.30-o2-objdump --vul_func_name parse_line_table --project binutils
2025-09-19 12:46:52,363 - ERROR - fail CVE-2017-15020 ,details1

2025-09-19 12:46:52,364 - INFO - detecting CVE-2017-15020 parse_line_table
2025-09-19 12:46:52,364 - INFO - cmd: python main.py --detect --cve_id CVE-2017-15020 --target_bin /binaries/target_clang/binutils/binutils-2.31-o2-objdump --vul_func_name parse_line_table --project binutils
2025-09-19 12:46:59,265 - ERROR - fail CVE-2017-15020 ,details1

2025-09-19 12:46:59,267 - INFO - detecting CVE-2017-15020 parse_line_table
2025-09-19 12:46:59,267 - INFO - cmd: python main.py --detect --cve_id CVE-2017-15020 --target_bin /binaries/target_clang/binutils/binutils-2.31.1-o2-objdump --vul_func_name parse_line_table --project binutils
2025-09-19 12:47:05,816 - ERROR - fail CVE-2017-15020 ,details1

2025-09-19 12:47:05,817 - INFO - detecting CVE-2017-15020 parse_die
2025-09-19 12:47:05,817 - INFO - cmd: python main.py --detect --cve_id CVE-2017-15020 --target_bin /binaries/target_clang/binutils/binutils-2.29-o2-objdump --vul_func_name parse_die --project binutils
2025-09-19 12:47:15,841 - INFO - success CVE-2017-15020,details in cve_test/CVE-2017-15020.log

2025-09-19 12:47:15,842 - INFO - detecting CVE-2017-15020 parse_die
2025-09-19 12:47:15,842 - INFO - cmd: python main.py --detect --cve_id CVE-2017-15020 --target_bin /binaries/target_clang/binutils/binutils-2.30-o2-objdump --vul_func_name parse_die --project binutils
2025-09-19 12:47:27,571 - INFO - success CVE-2017-15020,details in cve_test/CVE-2017-15020.log

2025-09-19 12:47:27,572 - INFO - detecting CVE-2017-15020 parse_die
2025-09-19 12:47:27,573 - INFO - cmd: python main.py --detect --cve_id CVE-2017-15020 --target_bin /binaries/target_clang/binutils/binutils-2.31-o2-objdump --vul_func_name parse_die --project binutils
2025-09-19 12:47:38,528 - INFO - success CVE-2017-15020,details in cve_test/CVE-2017-15020.log

2025-09-19 12:47:38,529 - INFO - detecting CVE-2017-15020 parse_die
2025-09-19 12:47:38,530 - INFO - cmd: python main.py --detect --cve_id CVE-2017-15020 --target_bin /binaries/target_clang/binutils/binutils-2.31.1-o2-objdump --vul_func_name parse_die --project binutils
2025-09-19 12:47:51,190 - INFO - success CVE-2017-15020,details in cve_test/CVE-2017-15020.log

2025-09-19 12:47:51,191 - INFO - detecting CVE-2017-14933 read_formatted_entries
2025-09-19 12:47:51,191 - INFO - cmd: python main.py --detect --cve_id CVE-2017-14933 --target_bin /binaries/target_clang/binutils/binutils-2.29-o2-objdump --vul_func_name read_formatted_entries --project binutils
2025-09-19 12:48:03,120 - INFO - success CVE-2017-14933,details in cve_test/CVE-2017-14933.log

2025-09-19 12:48:03,121 - INFO - detecting CVE-2017-14933 read_formatted_entries
2025-09-19 12:48:03,121 - INFO - cmd: python main.py --detect --cve_id CVE-2017-14933 --target_bin /binaries/target_clang/binutils/binutils-2.30-o2-objdump --vul_func_name read_formatted_entries --project binutils
2025-09-19 12:48:14,208 - INFO - success CVE-2017-14933,details in cve_test/CVE-2017-14933.log

2025-09-19 12:48:14,209 - INFO - detecting CVE-2017-14933 read_formatted_entries
2025-09-19 12:48:14,210 - INFO - cmd: python main.py --detect --cve_id CVE-2017-14933 --target_bin /binaries/target_clang/binutils/binutils-2.31-o2-objdump --vul_func_name read_formatted_entries --project binutils
2025-09-19 12:48:24,974 - INFO - success CVE-2017-14933,details in cve_test/CVE-2017-14933.log

2025-09-19 12:48:24,976 - INFO - detecting CVE-2017-14933 read_formatted_entries
2025-09-19 12:48:24,976 - INFO - cmd: python main.py --detect --cve_id CVE-2017-14933 --target_bin /binaries/target_clang/binutils/binutils-2.31.1-o2-objdump --vul_func_name read_formatted_entries --project binutils
2025-09-19 12:48:36,057 - INFO - success CVE-2017-14933,details in cve_test/CVE-2017-14933.log

2025-09-19 12:48:36,058 - INFO - detecting CVE-2017-15938 find_abstract_instance_name
2025-09-19 12:48:36,059 - INFO - cmd: python main.py --detect --cve_id CVE-2017-15938 --target_bin /binaries/target_clang/binutils/binutils-2.29-o2-objdump --vul_func_name find_abstract_instance_name --project binutils
2025-09-19 12:48:49,145 - INFO - success CVE-2017-15938,details in cve_test/CVE-2017-15938.log

2025-09-19 12:48:49,146 - INFO - detecting CVE-2017-15938 find_abstract_instance_name
2025-09-19 12:48:49,147 - INFO - cmd: python main.py --detect --cve_id CVE-2017-15938 --target_bin /binaries/target_clang/binutils/binutils-2.30-o2-objdump --vul_func_name find_abstract_instance_name --project binutils
2025-09-19 12:49:06,487 - INFO - success CVE-2017-15938,details in cve_test/CVE-2017-15938.log

2025-09-19 12:49:06,488 - INFO - detecting CVE-2017-15938 find_abstract_instance_name
2025-09-19 12:49:06,489 - INFO - cmd: python main.py --detect --cve_id CVE-2017-15938 --target_bin /binaries/target_clang/binutils/binutils-2.31-o2-objdump --vul_func_name find_abstract_instance_name --project binutils
2025-09-19 12:49:12,789 - ERROR - fail CVE-2017-15938 ,details1

2025-09-19 12:49:12,791 - INFO - detecting CVE-2017-15938 find_abstract_instance_name
2025-09-19 12:49:12,791 - INFO - cmd: python main.py --detect --cve_id CVE-2017-15938 --target_bin /binaries/target_clang/binutils/binutils-2.31.1-o2-objdump --vul_func_name find_abstract_instance_name --project binutils
2025-09-19 12:49:19,415 - ERROR - fail CVE-2017-15938 ,details1

2025-09-19 12:49:19,417 - INFO - detecting CVE-2017-15939 decode_line_info
2025-09-19 12:49:19,418 - INFO - cmd: python main.py --detect --cve_id CVE-2017-15939 --target_bin /binaries/target_clang/binutils/binutils-2.29-o2-objdump --vul_func_name decode_line_info --project binutils
2025-09-19 12:49:32,901 - INFO - success CVE-2017-15939,details in cve_test/CVE-2017-15939.log

2025-09-19 12:49:32,902 - INFO - detecting CVE-2017-15939 decode_line_info
2025-09-19 12:49:32,903 - INFO - cmd: python main.py --detect --cve_id CVE-2017-15939 --target_bin /binaries/target_clang/binutils/binutils-2.30-o2-objdump --vul_func_name decode_line_info --project binutils
2025-09-19 12:49:45,268 - INFO - success CVE-2017-15939,details in cve_test/CVE-2017-15939.log

2025-09-19 12:49:45,269 - INFO - detecting CVE-2017-15939 decode_line_info
2025-09-19 12:49:45,270 - INFO - cmd: python main.py --detect --cve_id CVE-2017-15939 --target_bin /binaries/target_clang/binutils/binutils-2.31-o2-objdump --vul_func_name decode_line_info --project binutils
2025-09-19 12:49:57,794 - INFO - success CVE-2017-15939,details in cve_test/CVE-2017-15939.log

2025-09-19 12:49:57,795 - INFO - detecting CVE-2017-15939 decode_line_info
2025-09-19 12:49:57,796 - INFO - cmd: python main.py --detect --cve_id CVE-2017-15939 --target_bin /binaries/target_clang/binutils/binutils-2.31.1-o2-objdump --vul_func_name decode_line_info --project binutils
2025-09-19 12:50:10,254 - INFO - success CVE-2017-15939,details in cve_test/CVE-2017-15939.log

2025-09-19 12:50:10,255 - INFO - detecting CVE-2017-15996 process_archive_index_and_symbols
2025-09-19 12:50:10,255 - INFO - cmd: python main.py --detect --cve_id CVE-2017-15996 --target_bin /binaries/target_clang/binutils/binutils-2.29-o2-objdump --vul_func_name process_archive_index_and_symbols --project binutils
2025-09-19 12:50:21,870 - INFO - success CVE-2017-15996,details in cve_test/CVE-2017-15996.log

2025-09-19 12:50:21,872 - INFO - detecting CVE-2017-15996 process_archive_index_and_symbols
2025-09-19 12:50:21,872 - INFO - cmd: python main.py --detect --cve_id CVE-2017-15996 --target_bin /binaries/target_clang/binutils/binutils-2.30-o2-objdump --vul_func_name process_archive_index_and_symbols --project binutils
2025-09-19 12:50:34,494 - INFO - success CVE-2017-15996,details in cve_test/CVE-2017-15996.log

2025-09-19 12:50:34,496 - INFO - detecting CVE-2017-15996 process_archive_index_and_symbols
2025-09-19 12:50:34,496 - INFO - cmd: python main.py --detect --cve_id CVE-2017-15996 --target_bin /binaries/target_clang/binutils/binutils-2.31-o2-objdump --vul_func_name process_archive_index_and_symbols --project binutils
2025-09-19 12:50:45,084 - INFO - success CVE-2017-15996,details in cve_test/CVE-2017-15996.log

2025-09-19 12:50:45,086 - INFO - detecting CVE-2017-15996 process_archive_index_and_symbols
2025-09-19 12:50:45,086 - INFO - cmd: python main.py --detect --cve_id CVE-2017-15996 --target_bin /binaries/target_clang/binutils/binutils-2.31.1-o2-objdump --vul_func_name process_archive_index_and_symbols --project binutils
2025-09-19 12:50:56,409 - INFO - success CVE-2017-15996,details in cve_test/CVE-2017-15996.log

2025-09-19 12:50:56,410 - INFO - detecting CVE-2017-16831 coff_get_normalized_symtab
2025-09-19 12:50:56,410 - INFO - cmd: python main.py --detect --cve_id CVE-2017-16831 --target_bin /binaries/target_clang/binutils/binutils-2.29.1-o2-objdump --vul_func_name coff_get_normalized_symtab --project binutils
2025-09-19 12:51:08,142 - INFO - success CVE-2017-16831,details in cve_test/CVE-2017-16831.log

2025-09-19 12:51:08,143 - INFO - detecting CVE-2017-16831 coff_get_normalized_symtab
2025-09-19 12:51:08,143 - INFO - cmd: python main.py --detect --cve_id CVE-2017-16831 --target_bin /binaries/target_clang/binutils/binutils-2.30-o2-objdump --vul_func_name coff_get_normalized_symtab --project binutils
2025-09-19 12:51:20,589 - INFO - success CVE-2017-16831,details in cve_test/CVE-2017-16831.log

2025-09-19 12:51:20,590 - INFO - detecting CVE-2017-16831 coff_get_normalized_symtab
2025-09-19 12:51:20,590 - INFO - cmd: python main.py --detect --cve_id CVE-2017-16831 --target_bin /binaries/target_clang/binutils/binutils-2.31-o2-objdump --vul_func_name coff_get_normalized_symtab --project binutils
2025-09-19 12:51:32,434 - INFO - success CVE-2017-16831,details in cve_test/CVE-2017-16831.log

2025-09-19 12:51:32,435 - INFO - detecting CVE-2017-16831 coff_get_normalized_symtab
2025-09-19 12:51:32,436 - INFO - cmd: python main.py --detect --cve_id CVE-2017-16831 --target_bin /binaries/target_clang/binutils/binutils-2.31.1-o2-objdump --vul_func_name coff_get_normalized_symtab --project binutils
2025-09-19 12:51:45,469 - INFO - success CVE-2017-16831,details in cve_test/CVE-2017-16831.log

2025-09-19 12:51:45,471 - INFO - detecting CVE-2017-16831 _bfd_coff_get_external_symbols
2025-09-19 12:51:45,471 - INFO - cmd: python main.py --detect --cve_id CVE-2017-16831 --target_bin /binaries/target_clang/binutils/binutils-2.29.1-o2-objdump --vul_func_name _bfd_coff_get_external_symbols --project binutils
2025-09-19 12:51:55,416 - INFO - success CVE-2017-16831,details in cve_test/CVE-2017-16831.log

2025-09-19 12:51:55,417 - INFO - detecting CVE-2017-16831 _bfd_coff_get_external_symbols
2025-09-19 12:51:55,418 - INFO - cmd: python main.py --detect --cve_id CVE-2017-16831 --target_bin /binaries/target_clang/binutils/binutils-2.30-o2-objdump --vul_func_name _bfd_coff_get_external_symbols --project binutils
2025-09-19 12:52:06,305 - INFO - success CVE-2017-16831,details in cve_test/CVE-2017-16831.log

2025-09-19 12:52:06,306 - INFO - detecting CVE-2017-16831 _bfd_coff_get_external_symbols
2025-09-19 12:52:06,307 - INFO - cmd: python main.py --detect --cve_id CVE-2017-16831 --target_bin /binaries/target_clang/binutils/binutils-2.31-o2-objdump --vul_func_name _bfd_coff_get_external_symbols --project binutils
2025-09-19 12:52:15,819 - INFO - success CVE-2017-16831,details in cve_test/CVE-2017-16831.log

2025-09-19 12:52:15,820 - INFO - detecting CVE-2017-16831 _bfd_coff_get_external_symbols
2025-09-19 12:52:15,820 - INFO - cmd: python main.py --detect --cve_id CVE-2017-16831 --target_bin /binaries/target_clang/binutils/binutils-2.31.1-o2-objdump --vul_func_name _bfd_coff_get_external_symbols --project binutils
2025-09-19 12:52:25,850 - INFO - success CVE-2017-16831,details in cve_test/CVE-2017-16831.log

2025-09-19 12:52:25,852 - INFO - detecting CVE-2017-17080 elfcore_grok_nto_status
2025-09-19 12:52:25,852 - INFO - cmd: python main.py --detect --cve_id CVE-2017-17080 --target_bin /binaries/target_clang/binutils/binutils-2.29.1-o2-objdump --vul_func_name elfcore_grok_nto_status --project binutils
2025-09-19 12:52:32,090 - ERROR - fail CVE-2017-17080 ,details1

2025-09-19 12:52:32,091 - INFO - detecting CVE-2017-17080 elfcore_grok_nto_status
2025-09-19 12:52:32,092 - INFO - cmd: python main.py --detect --cve_id CVE-2017-17080 --target_bin /binaries/target_clang/binutils/binutils-2.30-o2-objdump --vul_func_name elfcore_grok_nto_status --project binutils
2025-09-19 12:52:38,526 - ERROR - fail CVE-2017-17080 ,details1

2025-09-19 12:52:38,527 - INFO - detecting CVE-2017-17080 elfcore_grok_nto_status
2025-09-19 12:52:38,527 - INFO - cmd: python main.py --detect --cve_id CVE-2017-17080 --target_bin /binaries/target_clang/binutils/binutils-2.31-o2-objdump --vul_func_name elfcore_grok_nto_status --project binutils
2025-09-19 12:52:44,958 - ERROR - fail CVE-2017-17080 ,details1

2025-09-19 12:52:44,960 - INFO - detecting CVE-2017-17080 elfcore_grok_nto_status
2025-09-19 12:52:44,960 - INFO - cmd: python main.py --detect --cve_id CVE-2017-17080 --target_bin /binaries/target_clang/binutils/binutils-2.31.1-o2-objdump --vul_func_name elfcore_grok_nto_status --project binutils
2025-09-19 12:52:51,309 - ERROR - fail CVE-2017-17080 ,details1

2025-09-19 12:52:51,311 - INFO - detecting CVE-2018-7208 coff_pointerize_aux
2025-09-19 12:52:51,311 - INFO - cmd: python main.py --detect --cve_id CVE-2018-7208 --target_bin /binaries/target_clang/binutils/binutils-2.30-o2-objdump --vul_func_name coff_pointerize_aux --project binutils
2025-09-19 12:52:58,311 - ERROR - fail CVE-2018-7208 ,details1

2025-09-19 12:52:58,313 - INFO - detecting CVE-2018-7208 coff_pointerize_aux
2025-09-19 12:52:58,313 - INFO - cmd: python main.py --detect --cve_id CVE-2018-7208 --target_bin /binaries/target_clang/binutils/binutils-2.31-o2-objdump --vul_func_name coff_pointerize_aux --project binutils
2025-09-19 12:53:04,688 - ERROR - fail CVE-2018-7208 ,details1

2025-09-19 12:53:04,690 - INFO - detecting CVE-2018-7208 coff_pointerize_aux
2025-09-19 12:53:04,690 - INFO - cmd: python main.py --detect --cve_id CVE-2018-7208 --target_bin /binaries/target_clang/binutils/binutils-2.31.1-o2-objdump --vul_func_name coff_pointerize_aux --project binutils
2025-09-19 12:53:11,307 - ERROR - fail CVE-2018-7208 ,details1

2025-09-19 12:53:11,308 - INFO - detecting CVE-2018-7208 coff_pointerize_aux
2025-09-19 12:53:11,309 - INFO - cmd: python main.py --detect --cve_id CVE-2018-7208 --target_bin /binaries/target_clang/binutils/binutils-2.32-o2-objdump --vul_func_name coff_pointerize_aux --project binutils
2025-09-19 12:53:17,401 - ERROR - fail CVE-2018-7208 ,details1

2025-09-19 12:53:17,402 - INFO - detecting CVE-2018-6543 load_specific_debug_section
2025-09-19 12:53:17,403 - INFO - cmd: python main.py --detect --cve_id CVE-2018-6543 --target_bin /binaries/target_clang/binutils/binutils-2.30-o2-objdump --vul_func_name load_specific_debug_section --project binutils
2025-09-19 12:53:33,079 - INFO - success CVE-2018-6543,details in cve_test/CVE-2018-6543.log

2025-09-19 12:53:33,080 - INFO - detecting CVE-2018-6543 load_specific_debug_section
2025-09-19 12:53:33,080 - INFO - cmd: python main.py --detect --cve_id CVE-2018-6543 --target_bin /binaries/target_clang/binutils/binutils-2.31-o2-objdump --vul_func_name load_specific_debug_section --project binutils
2025-09-19 12:53:47,359 - INFO - success CVE-2018-6543,details in cve_test/CVE-2018-6543.log

2025-09-19 12:53:47,360 - INFO - detecting CVE-2018-6543 load_specific_debug_section
2025-09-19 12:53:47,361 - INFO - cmd: python main.py --detect --cve_id CVE-2018-6543 --target_bin /binaries/target_clang/binutils/binutils-2.31.1-o2-objdump --vul_func_name load_specific_debug_section --project binutils
2025-09-19 12:54:02,192 - INFO - success CVE-2018-6543,details in cve_test/CVE-2018-6543.log

2025-09-19 12:54:02,194 - INFO - detecting CVE-2018-6543 load_specific_debug_section
2025-09-19 12:54:02,194 - INFO - cmd: python main.py --detect --cve_id CVE-2018-6543 --target_bin /binaries/target_clang/binutils/binutils-2.32-o2-objdump --vul_func_name load_specific_debug_section --project binutils
2025-09-19 12:54:14,768 - ERROR - fail CVE-2018-6543 ,details1

2025-09-19 12:54:14,770 - INFO - detecting CVE-2018-6759 bfd_get_debug_link_info_1
2025-09-19 12:54:14,770 - INFO - cmd: python main.py --detect --cve_id CVE-2018-6759 --target_bin /binaries/target_clang/binutils/binutils-2.30-o2-objdump --vul_func_name bfd_get_debug_link_info_1 --project binutils
2025-09-19 12:54:23,093 - INFO - success CVE-2018-6759,details in cve_test/CVE-2018-6759.log

2025-09-19 12:54:23,095 - INFO - detecting CVE-2018-6759 bfd_get_debug_link_info_1
2025-09-19 12:54:23,095 - INFO - cmd: python main.py --detect --cve_id CVE-2018-6759 --target_bin /binaries/target_clang/binutils/binutils-2.31-o2-objdump --vul_func_name bfd_get_debug_link_info_1 --project binutils
2025-09-19 12:54:31,570 - INFO - success CVE-2018-6759,details in cve_test/CVE-2018-6759.log

2025-09-19 12:54:31,572 - INFO - detecting CVE-2018-6759 bfd_get_debug_link_info_1
2025-09-19 12:54:31,572 - INFO - cmd: python main.py --detect --cve_id CVE-2018-6759 --target_bin /binaries/target_clang/binutils/binutils-2.31.1-o2-objdump --vul_func_name bfd_get_debug_link_info_1 --project binutils
2025-09-19 12:54:39,817 - INFO - success CVE-2018-6759,details in cve_test/CVE-2018-6759.log

2025-09-19 12:54:39,818 - INFO - detecting CVE-2018-6759 bfd_get_debug_link_info_1
2025-09-19 12:54:39,819 - INFO - cmd: python main.py --detect --cve_id CVE-2018-6759 --target_bin /binaries/target_clang/binutils/binutils-2.32-o2-objdump --vul_func_name bfd_get_debug_link_info_1 --project binutils
2025-09-19 12:54:49,041 - INFO - success CVE-2018-6759,details in cve_test/CVE-2018-6759.log

2025-09-19 12:54:49,042 - INFO - detecting CVE-2018-10372 process_cu_tu_index
2025-09-19 12:54:49,043 - INFO - cmd: python main.py --detect --cve_id CVE-2018-10372 --target_bin /binaries/target_clang/binutils/binutils-2.30-o2-objdump --vul_func_name process_cu_tu_index --project binutils
2025-09-19 12:54:59,099 - INFO - success CVE-2018-10372,details in cve_test/CVE-2018-10372.log

2025-09-19 12:54:59,100 - INFO - detecting CVE-2018-10372 process_cu_tu_index
2025-09-19 12:54:59,101 - INFO - cmd: python main.py --detect --cve_id CVE-2018-10372 --target_bin /binaries/target_clang/binutils/binutils-2.31-o2-objdump --vul_func_name process_cu_tu_index --project binutils
2025-09-19 12:55:08,550 - INFO - success CVE-2018-10372,details in cve_test/CVE-2018-10372.log

2025-09-19 12:55:08,551 - INFO - detecting CVE-2018-10372 process_cu_tu_index
2025-09-19 12:55:08,551 - INFO - cmd: python main.py --detect --cve_id CVE-2018-10372 --target_bin /binaries/target_clang/binutils/binutils-2.31.1-o2-objdump --vul_func_name process_cu_tu_index --project binutils
2025-09-19 12:55:20,011 - INFO - success CVE-2018-10372,details in cve_test/CVE-2018-10372.log

2025-09-19 12:55:20,012 - INFO - detecting CVE-2018-10372 process_cu_tu_index
2025-09-19 12:55:20,013 - INFO - cmd: python main.py --detect --cve_id CVE-2018-10372 --target_bin /binaries/target_clang/binutils/binutils-2.32-o2-objdump --vul_func_name process_cu_tu_index --project binutils
2025-09-19 12:55:30,432 - INFO - success CVE-2018-10372,details in cve_test/CVE-2018-10372.log

2025-09-19 12:55:30,433 - INFO - detecting CVE-2018-10373 concat_filename
2025-09-19 12:55:30,434 - INFO - cmd: python main.py --detect --cve_id CVE-2018-10373 --target_bin /binaries/target_clang/binutils/binutils-2.30-o2-objdump --vul_func_name concat_filename --project binutils
2025-09-19 12:55:39,442 - INFO - success CVE-2018-10373,details in cve_test/CVE-2018-10373.log

2025-09-19 12:55:39,443 - INFO - detecting CVE-2018-10373 concat_filename
2025-09-19 12:55:39,443 - INFO - cmd: python main.py --detect --cve_id CVE-2018-10373 --target_bin /binaries/target_clang/binutils/binutils-2.31-o2-objdump --vul_func_name concat_filename --project binutils
2025-09-19 12:55:47,192 - INFO - success CVE-2018-10373,details in cve_test/CVE-2018-10373.log

2025-09-19 12:55:47,193 - INFO - detecting CVE-2018-10373 concat_filename
2025-09-19 12:55:47,194 - INFO - cmd: python main.py --detect --cve_id CVE-2018-10373 --target_bin /binaries/target_clang/binutils/binutils-2.31.1-o2-objdump --vul_func_name concat_filename --project binutils
2025-09-19 12:55:54,584 - INFO - success CVE-2018-10373,details in cve_test/CVE-2018-10373.log

2025-09-19 12:55:54,586 - INFO - detecting CVE-2018-10373 concat_filename
2025-09-19 12:55:54,587 - INFO - cmd: python main.py --detect --cve_id CVE-2018-10373 --target_bin /binaries/target_clang/binutils/binutils-2.32-o2-objdump --vul_func_name concat_filename --project binutils
2025-09-19 12:56:01,860 - INFO - success CVE-2018-10373,details in cve_test/CVE-2018-10373.log

2025-09-19 12:56:01,861 - INFO - detecting CVE-2018-8945 _bfd_elf_parse_attributes
2025-09-19 12:56:01,861 - INFO - cmd: python main.py --detect --cve_id CVE-2018-8945 --target_bin /binaries/target_clang/binutils/binutils-2.30-o2-objdump --vul_func_name _bfd_elf_parse_attributes --project binutils
2025-09-19 12:56:11,441 - INFO - success CVE-2018-8945,details in cve_test/CVE-2018-8945.log

2025-09-19 12:56:11,442 - INFO - detecting CVE-2018-8945 _bfd_elf_parse_attributes
2025-09-19 12:56:11,443 - INFO - cmd: python main.py --detect --cve_id CVE-2018-8945 --target_bin /binaries/target_clang/binutils/binutils-2.31-o2-objdump --vul_func_name _bfd_elf_parse_attributes --project binutils
2025-09-19 12:56:20,918 - INFO - success CVE-2018-8945,details in cve_test/CVE-2018-8945.log

2025-09-19 12:56:20,919 - INFO - detecting CVE-2018-8945 _bfd_elf_parse_attributes
2025-09-19 12:56:20,920 - INFO - cmd: python main.py --detect --cve_id CVE-2018-8945 --target_bin /binaries/target_clang/binutils/binutils-2.31.1-o2-objdump --vul_func_name _bfd_elf_parse_attributes --project binutils
2025-09-19 12:56:30,564 - INFO - success CVE-2018-8945,details in cve_test/CVE-2018-8945.log

2025-09-19 12:56:30,566 - INFO - detecting CVE-2018-8945 _bfd_elf_parse_attributes
2025-09-19 12:56:30,566 - INFO - cmd: python main.py --detect --cve_id CVE-2018-8945 --target_bin /binaries/target_clang/binutils/binutils-2.32-o2-objdump --vul_func_name _bfd_elf_parse_attributes --project binutils
2025-09-19 12:56:40,518 - INFO - success CVE-2018-8945,details in cve_test/CVE-2018-8945.log

2025-09-19 12:56:40,519 - INFO - detecting CVE-2018-18607 elf_link_input_bfd
2025-09-19 12:56:40,520 - INFO - cmd: python main.py --detect --cve_id CVE-2018-18607 --target_bin /binaries/target_clang/binutils/binutils-2.31-o2-objdump --vul_func_name elf_link_input_bfd --project binutils
2025-09-19 12:56:52,829 - INFO - success CVE-2018-18607,details in cve_test/CVE-2018-18607.log

2025-09-19 12:56:52,831 - INFO - detecting CVE-2018-18607 elf_link_input_bfd
2025-09-19 12:56:52,832 - INFO - cmd: python main.py --detect --cve_id CVE-2018-18607 --target_bin /binaries/target_clang/binutils/binutils-2.32-o2-objdump --vul_func_name elf_link_input_bfd --project binutils
2025-09-19 12:57:05,679 - INFO - success CVE-2018-18607,details in cve_test/CVE-2018-18607.log

2025-09-19 12:57:05,680 - INFO - detecting CVE-2018-18607 elf_link_input_bfd
2025-09-19 12:57:05,681 - INFO - cmd: python main.py --detect --cve_id CVE-2018-18607 --target_bin /binaries/target_clang/binutils/binutils-2.33.1-o2-objdump --vul_func_name elf_link_input_bfd --project binutils
2025-09-19 12:57:19,705 - INFO - success CVE-2018-18607,details in cve_test/CVE-2018-18607.log

2025-09-19 12:57:19,707 - INFO - detecting CVE-2018-18607 elf_link_input_bfd
2025-09-19 12:57:19,707 - INFO - cmd: python main.py --detect --cve_id CVE-2018-18607 --target_bin /binaries/target_clang/binutils/binutils-2.34-o2-objdump --vul_func_name elf_link_input_bfd --project binutils
2025-09-19 12:57:32,942 - INFO - success CVE-2018-18607,details in cve_test/CVE-2018-18607.log

2025-09-19 12:57:32,943 - INFO - detecting CVE-2018-20671 load_specific_debug_section
2025-09-19 12:57:32,944 - INFO - cmd: python main.py --detect --cve_id CVE-2018-20671 --target_bin /binaries/target_clang/binutils/binutils-2.31.1-o2-objdump --vul_func_name load_specific_debug_section --project binutils
2025-09-19 12:57:46,748 - INFO - success CVE-2018-20671,details in cve_test/CVE-2018-20671.log

2025-09-19 12:57:46,750 - INFO - detecting CVE-2018-20671 load_specific_debug_section
2025-09-19 12:57:46,751 - INFO - cmd: python main.py --detect --cve_id CVE-2018-20671 --target_bin /binaries/target_clang/binutils/binutils-2.31-o2-objdump --vul_func_name load_specific_debug_section --project binutils
2025-09-19 12:58:01,951 - INFO - success CVE-2018-20671,details in cve_test/CVE-2018-20671.log

2025-09-19 12:58:01,953 - INFO - detecting CVE-2018-20671 load_specific_debug_section
2025-09-19 12:58:01,953 - INFO - cmd: python main.py --detect --cve_id CVE-2018-20671 --target_bin /binaries/target_clang/binutils/binutils-2.30-o2-objdump --vul_func_name load_specific_debug_section --project binutils
2025-09-19 12:58:17,665 - INFO - success CVE-2018-20671,details in cve_test/CVE-2018-20671.log

2025-09-19 12:58:17,671 - INFO - detecting CVE-2018-20671 load_specific_debug_section
2025-09-19 12:58:17,672 - INFO - cmd: python main.py --detect --cve_id CVE-2018-20671 --target_bin /binaries/target_clang/binutils/binutils-2.32-o2-objdump --vul_func_name load_specific_debug_section --project binutils
2025-09-19 12:58:30,501 - ERROR - fail CVE-2018-20671 ,details1

2025-09-19 12:58:30,503 - INFO - detecting CVE-2018-20671 load_specific_debug_section
2025-09-19 12:58:30,503 - INFO - cmd: python main.py --detect --cve_id CVE-2018-20671 --target_bin /binaries/target_clang/binutils/binutils-2.33.1-o2-objdump --vul_func_name load_specific_debug_section --project binutils
2025-09-19 12:58:46,379 - INFO - success CVE-2018-20671,details in cve_test/CVE-2018-20671.log

2025-09-19 12:58:46,380 - INFO - detecting CVE-2018-20671 load_specific_debug_section
2025-09-19 12:58:46,381 - INFO - cmd: python main.py --detect --cve_id CVE-2018-20671 --target_bin /binaries/target_clang/binutils/binutils-2.34-o2-objdump --vul_func_name load_specific_debug_section --project binutils
2025-09-19 12:59:03,555 - INFO - success CVE-2018-20671,details in cve_test/CVE-2018-20671.log

2025-09-19 12:59:03,556 - INFO - detecting CVE-2021-20294 print_dynamic_symbol
2025-09-19 12:59:03,557 - INFO - cmd: python main.py --detect --cve_id CVE-2021-20294 --target_bin /binaries/target_clang/binutils/binutils-2.35.1-o2-readelf --vul_func_name print_dynamic_symbol --project binutils
2025-09-19 12:59:24,398 - INFO - success CVE-2021-20294,details in cve_test/CVE-2021-20294.log

2025-09-19 12:59:24,399 - INFO - detecting CVE-2021-20294 print_dynamic_symbol
2025-09-19 12:59:24,400 - INFO - cmd: python main.py --detect --cve_id CVE-2021-20294 --target_bin /binaries/target_clang/binutils/binutils-2.35-o2-readelf --vul_func_name print_dynamic_symbol --project binutils
2025-09-19 12:59:40,168 - INFO - success CVE-2021-20294,details in cve_test/CVE-2021-20294.log

2025-09-19 12:59:40,169 - INFO - detecting CVE-2021-20294 print_dynamic_symbol
2025-09-19 12:59:40,170 - INFO - cmd: python main.py --detect --cve_id CVE-2021-20294 --target_bin /binaries/target_clang/binutils/binutils-2.35.2-o2-readelf --vul_func_name print_dynamic_symbol --project binutils
2025-09-19 12:59:55,832 - ERROR - fail CVE-2021-20294 ,details1

2025-09-19 12:59:55,833 - INFO - detecting CVE-2021-20294 print_dynamic_symbol
2025-09-19 12:59:55,833 - INFO - cmd: python main.py --detect --cve_id CVE-2021-20294 --target_bin /binaries/target_clang/binutils/binutils-2.36.1-o2-readelf --vul_func_name print_dynamic_symbol --project binutils
2025-09-19 13:00:13,451 - ERROR - fail CVE-2021-20294 ,details1

2025-09-19 13:00:13,452 - INFO - detecting CVE-2021-20294 print_dynamic_symbol
2025-09-19 13:00:13,453 - INFO - cmd: python main.py --detect --cve_id CVE-2021-20294 --target_bin /binaries/target_clang/binutils/binutils-2.37-o2-readelf --vul_func_name print_dynamic_symbol --project binutils
2025-09-19 13:00:30,700 - INFO - success CVE-2021-20294,details in cve_test/CVE-2021-20294.log

2025-09-19 13:00:30,702 - INFO - detecting CVE-2021-45078 stab_xcoff_builtin_type
2025-09-19 13:00:30,702 - INFO - cmd: python main.py --detect --cve_id CVE-2021-45078 --target_bin /binaries/target_clang/binutils/binutils-2.37-o2-objdump --vul_func_name stab_xcoff_builtin_type --project binutils
2025-09-19 13:00:37,775 - ERROR - fail CVE-2021-45078 ,details1

2025-09-19 13:00:37,777 - INFO - detecting CVE-2021-45078 stab_xcoff_builtin_type
2025-09-19 13:00:37,777 - INFO - cmd: python main.py --detect --cve_id CVE-2021-45078 --target_bin /binaries/target_clang/binutils/binutils-2.36.1-o2-objdump --vul_func_name stab_xcoff_builtin_type --project binutils
2025-09-19 13:00:45,297 - ERROR - fail CVE-2021-45078 ,details1

2025-09-19 13:00:45,298 - INFO - detecting CVE-2021-45078 stab_xcoff_builtin_type
2025-09-19 13:00:45,299 - INFO - cmd: python main.py --detect --cve_id CVE-2021-45078 --target_bin /binaries/target_clang/binutils/binutils-2.35.2-o2-objdump --vul_func_name stab_xcoff_builtin_type --project binutils
2025-09-19 13:00:52,471 - ERROR - fail CVE-2021-45078 ,details1

2025-09-19 13:00:52,472 - INFO - detecting CVE-2021-45078 stab_xcoff_builtin_type
2025-09-19 13:00:52,472 - INFO - cmd: python main.py --detect --cve_id CVE-2021-45078 --target_bin /binaries/target_clang/binutils/binutils-2.38-o2-objdump --vul_func_name stab_xcoff_builtin_type --project binutils
2025-09-19 13:00:59,371 - ERROR - fail CVE-2021-45078 ,details1

2025-09-19 13:00:59,372 - INFO - detecting CVE-2021-45078 stab_xcoff_builtin_type
2025-09-19 13:00:59,373 - INFO - cmd: python main.py --detect --cve_id CVE-2021-45078 --target_bin /binaries/target_clang/binutils/binutils-2.39-o2-objdump --vul_func_name stab_xcoff_builtin_type --project binutils
2025-09-19 13:01:05,590 - ERROR - fail CVE-2021-45078 ,details1

2025-09-19 13:01:05,591 - INFO - detecting CVE-2021-45078 stab_xcoff_builtin_type
2025-09-19 13:01:05,591 - INFO - cmd: python main.py --detect --cve_id CVE-2021-45078 --target_bin /binaries/target_clang/binutils/binutils-2.40-o2-objdump --vul_func_name stab_xcoff_builtin_type --project binutils
2025-09-19 13:01:11,083 - ERROR - fail CVE-2021-45078 ,details1

2025-09-19 13:01:11,084 - INFO - detecting CVE-2023-25586 bfd_init_section_decompress_status
2025-09-19 13:01:11,084 - INFO - cmd: python main.py --detect --cve_id CVE-2023-25586 --target_bin /binaries/target_clang/binutils/binutils-2.40-o2-objdump --vul_func_name bfd_init_section_decompress_status --project binutils
2025-09-19 13:01:16,307 - ERROR - fail CVE-2023-25586 ,details1

2025-09-19 13:01:16,308 - INFO - detecting CVE-2023-25586 bfd_init_section_decompress_status
2025-09-19 13:01:16,309 - INFO - cmd: python main.py --detect --cve_id CVE-2023-25586 --target_bin /binaries/target_clang/binutils/binutils-2.41-o2-objdump --vul_func_name bfd_init_section_decompress_status --project binutils
2025-09-19 13:01:28,636 - INFO - success CVE-2023-25586,details in cve_test/CVE-2023-25586.log

2025-09-19 13:01:28,637 - INFO - detecting CVE-2023-25586 bfd_init_section_decompress_status
2025-09-19 13:01:28,638 - INFO - cmd: python main.py --detect --cve_id CVE-2023-25586 --target_bin /binaries/target_clang/binutils/binutils-2.42-o2-objdump --vul_func_name bfd_init_section_decompress_status --project binutils
2025-09-19 13:01:41,338 - INFO - success CVE-2023-25586,details in cve_test/CVE-2023-25586.log

2025-09-19 13:01:41,339 - INFO - detecting CVE-2023-25586 bfd_init_section_decompress_status
2025-09-19 13:01:41,340 - INFO - cmd: python main.py --detect --cve_id CVE-2023-25586 --target_bin /binaries/target_clang/binutils/binutils-2.43-o2-objdump --vul_func_name bfd_init_section_decompress_status --project binutils
2025-09-19 13:01:53,044 - INFO - success CVE-2023-25586,details in cve_test/CVE-2023-25586.log

2025-09-19 13:01:53,045 - INFO - detecting CVE-2022-48065 find_abstract_instance
2025-09-19 13:01:53,047 - INFO - cmd: python main.py --detect --cve_id CVE-2022-48065 --target_bin /binaries/target_clang/binutils/binutils-2.39-o2-objdump --vul_func_name find_abstract_instance --project binutils
2025-09-19 13:02:04,967 - INFO - success CVE-2022-48065,details in cve_test/CVE-2022-48065.log

2025-09-19 13:02:04,968 - INFO - detecting CVE-2022-48065 find_abstract_instance
2025-09-19 13:02:04,969 - INFO - cmd: python main.py --detect --cve_id CVE-2022-48065 --target_bin /binaries/target_clang/binutils/binutils-2.38-o2-objdump --vul_func_name find_abstract_instance --project binutils
2025-09-19 13:02:16,798 - INFO - success CVE-2022-48065,details in cve_test/CVE-2022-48065.log

2025-09-19 13:02:16,799 - INFO - detecting CVE-2022-48065 find_abstract_instance
2025-09-19 13:02:16,800 - INFO - cmd: python main.py --detect --cve_id CVE-2022-48065 --target_bin /binaries/target_clang/binutils/binutils-2.37-o2-objdump --vul_func_name find_abstract_instance --project binutils
2025-09-19 13:02:27,505 - INFO - success CVE-2022-48065,details in cve_test/CVE-2022-48065.log

2025-09-19 13:02:27,506 - INFO - detecting CVE-2022-48065 find_abstract_instance
2025-09-19 13:02:27,507 - INFO - cmd: python main.py --detect --cve_id CVE-2022-48065 --target_bin /binaries/target_clang/binutils/binutils-2.40-o2-objdump --vul_func_name find_abstract_instance --project binutils
2025-09-19 13:02:32,833 - ERROR - fail CVE-2022-48065 ,details1

2025-09-19 13:02:32,833 - INFO - detecting CVE-2022-48065 find_abstract_instance
2025-09-19 13:02:32,834 - INFO - cmd: python main.py --detect --cve_id CVE-2022-48065 --target_bin /binaries/target_clang/binutils/binutils-2.41-o2-objdump --vul_func_name find_abstract_instance --project binutils
2025-09-19 13:02:42,210 - INFO - success CVE-2022-48065,details in cve_test/CVE-2022-48065.log

2025-09-19 13:02:42,211 - INFO - detecting CVE-2022-48065 find_abstract_instance
2025-09-19 13:02:42,212 - INFO - cmd: python main.py --detect --cve_id CVE-2022-48065 --target_bin /binaries/target_clang/binutils/binutils-2.42-o2-objdump --vul_func_name find_abstract_instance --project binutils
2025-09-19 13:02:52,953 - INFO - success CVE-2022-48065,details in cve_test/CVE-2022-48065.log