2025-09-18 10:19:25,943 - INFO - detecting CVE-2010-2497 gray_render_cubic
2025-09-18 10:19:25,944 - INFO - cmd: python main.py --detect --cve_id CVE-2010-2497 --target_bin /binaries/target_clang/freetype/freetype-2.3.12-o2-freetype --vul_func_name gray_render_cubic --project freetype
2025-09-18 10:19:30,038 - ERROR - fail CVE-2010-2497 ,details1

2025-09-18 10:19:30,040 - INFO - detecting CVE-2010-2497 gray_render_cubic
2025-09-18 10:19:30,040 - INFO - cmd: python main.py --detect --cve_id CVE-2010-2497 --target_bin /binaries/target_clang/freetype/freetype-2.3.11-o2-freetype --vul_func_name gray_render_cubic --project freetype
2025-09-18 10:19:34,286 - ERROR - fail CVE-2010-2497 ,details1

2025-09-18 10:19:34,287 - INFO - detecting CVE-2010-2497 gray_render_cubic
2025-09-18 10:19:34,288 - INFO - cmd: python main.py --detect --cve_id CVE-2010-2497 --target_bin /binaries/target_clang/freetype/freetype-2.3.10-o2-freetype --vul_func_name gray_render_cubic --project freetype
2025-09-18 10:19:39,133 - ERROR - fail CVE-2010-2497 ,details1

2025-09-18 10:19:39,133 - INFO - detecting CVE-2010-2497 gray_render_cubic
2025-09-18 10:19:39,133 - INFO - cmd: python main.py --detect --cve_id CVE-2010-2497 --target_bin /binaries/target_clang/freetype/freetype-2.4.0-o2-freetype --vul_func_name gray_render_cubic --project freetype
2025-09-18 10:19:43,130 - ERROR - fail CVE-2010-2497 ,details1

2025-09-18 10:19:43,131 - INFO - detecting CVE-2010-2497 gray_render_cubic
2025-09-18 10:19:43,131 - INFO - cmd: python main.py --detect --cve_id CVE-2010-2497 --target_bin /binaries/target_clang/freetype/freetype-2.4.1-o2-freetype --vul_func_name gray_render_cubic --project freetype
2025-09-18 10:19:46,936 - ERROR - fail CVE-2010-2497 ,details1

2025-09-18 10:19:46,937 - INFO - detecting CVE-2010-2497 gray_render_cubic
2025-09-18 10:19:46,938 - INFO - cmd: python main.py --detect --cve_id CVE-2010-2497 --target_bin /binaries/target_clang/freetype/freetype-2.4.2-o2-freetype --vul_func_name gray_render_cubic --project freetype
2025-09-18 10:19:51,052 - ERROR - fail CVE-2010-2497 ,details1

2025-09-18 10:19:51,053 - INFO - detecting CVE-2010-3855 ft_var_readpackedpoints
2025-09-18 10:19:51,053 - INFO - cmd: python main.py --detect --cve_id CVE-2010-3855 --target_bin /binaries/target_clang/freetype/freetype-2.4.3-o2-freetype --vul_func_name ft_var_readpackedpoints --project freetype
2025-09-18 10:20:00,127 - INFO - success CVE-2010-3855,details in cve_test/CVE-2010-3855.log

2025-09-18 10:20:00,128 - INFO - detecting CVE-2010-3855 ft_var_readpackedpoints
2025-09-18 10:20:00,129 - INFO - cmd: python main.py --detect --cve_id CVE-2010-3855 --target_bin /binaries/target_clang/freetype/freetype-2.4.2-o2-freetype --vul_func_name ft_var_readpackedpoints --project freetype
2025-09-18 10:20:09,315 - INFO - success CVE-2010-3855,details in cve_test/CVE-2010-3855.log

2025-09-18 10:20:09,316 - INFO - detecting CVE-2010-3855 ft_var_readpackedpoints
2025-09-18 10:20:09,317 - INFO - cmd: python main.py --detect --cve_id CVE-2010-3855 --target_bin /binaries/target_clang/freetype/freetype-2.4.1-o2-freetype --vul_func_name ft_var_readpackedpoints --project freetype
2025-09-18 10:20:18,739 - INFO - success CVE-2010-3855,details in cve_test/CVE-2010-3855.log

2025-09-18 10:20:18,740 - INFO - detecting CVE-2010-3855 ft_var_readpackedpoints
2025-09-18 10:20:18,741 - INFO - cmd: python main.py --detect --cve_id CVE-2010-3855 --target_bin /binaries/target_clang/freetype/freetype-2.4.4-o2-freetype --vul_func_name ft_var_readpackedpoints --project freetype
2025-09-18 10:20:28,287 - INFO - success CVE-2010-3855,details in cve_test/CVE-2010-3855.log

2025-09-18 10:20:28,288 - INFO - detecting CVE-2010-3855 ft_var_readpackedpoints
2025-09-18 10:20:28,288 - INFO - cmd: python main.py --detect --cve_id CVE-2010-3855 --target_bin /binaries/target_clang/freetype/freetype-2.4.5-o2-freetype --vul_func_name ft_var_readpackedpoints --project freetype
2025-09-18 10:20:37,117 - INFO - success CVE-2010-3855,details in cve_test/CVE-2010-3855.log

2025-09-18 10:20:37,117 - INFO - detecting CVE-2010-3855 ft_var_readpackedpoints
2025-09-18 10:20:37,118 - INFO - cmd: python main.py --detect --cve_id CVE-2010-3855 --target_bin /binaries/target_clang/freetype/freetype-2.4.6-o2-freetype --vul_func_name ft_var_readpackedpoints --project freetype
2025-09-18 10:20:45,318 - INFO - success CVE-2010-3855,details in cve_test/CVE-2010-3855.log

2025-09-18 10:20:45,319 - INFO - detecting CVE-2014-9746 t1_parse_font_matrix
2025-09-18 10:20:45,320 - INFO - cmd: python main.py --detect --cve_id CVE-2014-9746 --target_bin /binaries/target_clang/freetype/freetype-2.5.3-o2-freetype --vul_func_name t1_parse_font_matrix --project freetype
2025-09-18 10:20:52,342 - INFO - success CVE-2014-9746,details in cve_test/CVE-2014-9746.log

2025-09-18 10:20:52,346 - INFO - detecting CVE-2014-9746 t1_parse_font_matrix
2025-09-18 10:20:52,347 - INFO - cmd: python main.py --detect --cve_id CVE-2014-9746 --target_bin /binaries/target_clang/freetype/freetype-2.5.2-o2-freetype --vul_func_name t1_parse_font_matrix --project freetype
2025-09-18 10:20:57,991 - INFO - success CVE-2014-9746,details in cve_test/CVE-2014-9746.log

2025-09-18 10:20:57,992 - INFO - detecting CVE-2014-9746 t1_parse_font_matrix
2025-09-18 10:20:57,993 - INFO - cmd: python main.py --detect --cve_id CVE-2014-9746 --target_bin /binaries/target_clang/freetype/freetype-2.5.1-o2-freetype --vul_func_name t1_parse_font_matrix --project freetype
2025-09-18 10:21:04,360 - INFO - success CVE-2014-9746,details in cve_test/CVE-2014-9746.log

2025-09-18 10:21:04,362 - INFO - detecting CVE-2014-9746 t1_parse_font_matrix
2025-09-18 10:21:04,362 - INFO - cmd: python main.py --detect --cve_id CVE-2014-9746 --target_bin /binaries/target_clang/freetype/freetype-2.5.4-o2-freetype --vul_func_name t1_parse_font_matrix --project freetype
2025-09-18 10:21:11,234 - INFO - success CVE-2014-9746,details in cve_test/CVE-2014-9746.log

2025-09-18 10:21:11,235 - INFO - detecting CVE-2014-9746 t1_parse_font_matrix
2025-09-18 10:21:11,235 - INFO - cmd: python main.py --detect --cve_id CVE-2014-9746 --target_bin /binaries/target_clang/freetype/freetype-2.5.5-o2-freetype --vul_func_name t1_parse_font_matrix --project freetype
2025-09-18 10:21:17,830 - INFO - success CVE-2014-9746,details in cve_test/CVE-2014-9746.log

2025-09-18 10:21:17,831 - INFO - detecting CVE-2014-9746 t1_parse_font_matrix
2025-09-18 10:21:17,831 - INFO - cmd: python main.py --detect --cve_id CVE-2014-9746 --target_bin /binaries/target_clang/freetype/freetype-2.6-o2-freetype --vul_func_name t1_parse_font_matrix --project freetype
2025-09-18 10:21:24,284 - INFO - success CVE-2014-9746,details in cve_test/CVE-2014-9746.log

2025-09-18 10:21:24,285 - INFO - detecting CVE-2014-9746 t42_parse_font_matrix
2025-09-18 10:21:24,286 - INFO - cmd: python main.py --detect --cve_id CVE-2014-9746 --target_bin /binaries/target_clang/freetype/freetype-2.5.3-o2-freetype --vul_func_name t42_parse_font_matrix --project freetype
2025-09-18 10:21:31,510 - INFO - success CVE-2014-9746,details in cve_test/CVE-2014-9746.log

2025-09-18 10:21:31,511 - INFO - detecting CVE-2014-9746 t42_parse_font_matrix
2025-09-18 10:21:31,512 - INFO - cmd: python main.py --detect --cve_id CVE-2014-9746 --target_bin /binaries/target_clang/freetype/freetype-2.5.2-o2-freetype --vul_func_name t42_parse_font_matrix --project freetype
2025-09-18 10:21:38,193 - INFO - success CVE-2014-9746,details in cve_test/CVE-2014-9746.log

2025-09-18 10:21:38,194 - INFO - detecting CVE-2014-9746 t42_parse_font_matrix
2025-09-18 10:21:38,195 - INFO - cmd: python main.py --detect --cve_id CVE-2014-9746 --target_bin /binaries/target_clang/freetype/freetype-2.5.1-o2-freetype --vul_func_name t42_parse_font_matrix --project freetype
2025-09-18 10:21:45,480 - INFO - success CVE-2014-9746,details in cve_test/CVE-2014-9746.log

2025-09-18 10:21:45,481 - INFO - detecting CVE-2014-9746 t42_parse_font_matrix
2025-09-18 10:21:45,481 - INFO - cmd: python main.py --detect --cve_id CVE-2014-9746 --target_bin /binaries/target_clang/freetype/freetype-2.5.4-o2-freetype --vul_func_name t42_parse_font_matrix --project freetype
2025-09-18 10:21:52,211 - INFO - success CVE-2014-9746,details in cve_test/CVE-2014-9746.log

2025-09-18 10:21:52,213 - INFO - detecting CVE-2014-9746 t42_parse_font_matrix
2025-09-18 10:21:52,213 - INFO - cmd: python main.py --detect --cve_id CVE-2014-9746 --target_bin /binaries/target_clang/freetype/freetype-2.5.5-o2-freetype --vul_func_name t42_parse_font_matrix --project freetype
2025-09-18 10:21:59,385 - INFO - success CVE-2014-9746,details in cve_test/CVE-2014-9746.log

2025-09-18 10:21:59,386 - INFO - detecting CVE-2014-9746 t42_parse_font_matrix
2025-09-18 10:21:59,387 - INFO - cmd: python main.py --detect --cve_id CVE-2014-9746 --target_bin /binaries/target_clang/freetype/freetype-2.6-o2-freetype --vul_func_name t42_parse_font_matrix --project freetype
2025-09-18 10:22:06,262 - INFO - success CVE-2014-9746,details in cve_test/CVE-2014-9746.log

2025-09-18 10:22:06,263 - INFO - detecting CVE-2014-9670 pcf_get_encodings
2025-09-18 10:22:06,264 - INFO - cmd: python main.py --detect --cve_id CVE-2014-9670 --target_bin /binaries/target_clang/freetype/freetype-2.5.3-o2-freetype --vul_func_name pcf_get_encodings --project freetype
2025-09-18 10:22:12,265 - INFO - success CVE-2014-9670,details in cve_test/CVE-2014-9670.log

2025-09-18 10:22:12,267 - INFO - detecting CVE-2014-9670 pcf_get_encodings
2025-09-18 10:22:12,267 - INFO - cmd: python main.py --detect --cve_id CVE-2014-9670 --target_bin /binaries/target_clang/freetype/freetype-2.5.2-o2-freetype --vul_func_name pcf_get_encodings --project freetype
2025-09-18 10:22:18,362 - INFO - success CVE-2014-9670,details in cve_test/CVE-2014-9670.log

2025-09-18 10:22:18,363 - INFO - detecting CVE-2014-9670 pcf_get_encodings
2025-09-18 10:22:18,363 - INFO - cmd: python main.py --detect --cve_id CVE-2014-9670 --target_bin /binaries/target_clang/freetype/freetype-2.5.1-o2-freetype --vul_func_name pcf_get_encodings --project freetype
2025-09-18 10:22:25,288 - INFO - success CVE-2014-9670,details in cve_test/CVE-2014-9670.log

2025-09-18 10:22:25,290 - INFO - detecting CVE-2014-9670 pcf_get_encodings
2025-09-18 10:22:25,290 - INFO - cmd: python main.py --detect --cve_id CVE-2014-9670 --target_bin /binaries/target_clang/freetype/freetype-2.5.4-o2-freetype --vul_func_name pcf_get_encodings --project freetype
2025-09-18 10:22:31,989 - INFO - success CVE-2014-9670,details in cve_test/CVE-2014-9670.log

2025-09-18 10:22:31,990 - INFO - detecting CVE-2014-9670 pcf_get_encodings
2025-09-18 10:22:31,991 - INFO - cmd: python main.py --detect --cve_id CVE-2014-9670 --target_bin /binaries/target_clang/freetype/freetype-2.5.5-o2-freetype --vul_func_name pcf_get_encodings --project freetype
2025-09-18 10:22:38,493 - INFO - success CVE-2014-9670,details in cve_test/CVE-2014-9670.log

2025-09-18 10:22:38,494 - INFO - detecting CVE-2014-9670 pcf_get_encodings
2025-09-18 10:22:38,495 - INFO - cmd: python main.py --detect --cve_id CVE-2014-9670 --target_bin /binaries/target_clang/freetype/freetype-2.6-o2-freetype --vul_func_name pcf_get_encodings --project freetype
2025-09-18 10:22:45,144 - INFO - success CVE-2014-9670,details in cve_test/CVE-2014-9670.log

2025-09-18 10:22:45,145 - INFO - detecting CVE-2014-9669 tt_cmap12_validate
2025-09-18 10:22:45,146 - INFO - cmd: python main.py --detect --cve_id CVE-2014-9669 --target_bin /binaries/target_clang/freetype/freetype-2.5.3-o2-freetype --vul_func_name tt_cmap12_validate --project freetype
2025-09-18 10:22:50,875 - INFO - success CVE-2014-9669,details in cve_test/CVE-2014-9669.log

2025-09-18 10:22:50,876 - INFO - detecting CVE-2014-9669 tt_cmap12_validate
2025-09-18 10:22:50,877 - INFO - cmd: python main.py --detect --cve_id CVE-2014-9669 --target_bin /binaries/target_clang/freetype/freetype-2.5.2-o2-freetype --vul_func_name tt_cmap12_validate --project freetype
2025-09-18 10:22:57,231 - INFO - success CVE-2014-9669,details in cve_test/CVE-2014-9669.log

2025-09-18 10:22:57,232 - INFO - detecting CVE-2014-9669 tt_cmap12_validate
2025-09-18 10:22:57,233 - INFO - cmd: python main.py --detect --cve_id CVE-2014-9669 --target_bin /binaries/target_clang/freetype/freetype-2.5.1-o2-freetype --vul_func_name tt_cmap12_validate --project freetype
2025-09-18 10:23:02,838 - INFO - success CVE-2014-9669,details in cve_test/CVE-2014-9669.log

2025-09-18 10:23:02,839 - INFO - detecting CVE-2014-9669 tt_cmap12_validate
2025-09-18 10:23:02,840 - INFO - cmd: python main.py --detect --cve_id CVE-2014-9669 --target_bin /binaries/target_clang/freetype/freetype-2.5.4-o2-freetype --vul_func_name tt_cmap12_validate --project freetype
2025-09-18 10:23:09,294 - INFO - success CVE-2014-9669,details in cve_test/CVE-2014-9669.log

2025-09-18 10:23:09,295 - INFO - detecting CVE-2014-9669 tt_cmap12_validate
2025-09-18 10:23:09,295 - INFO - cmd: python main.py --detect --cve_id CVE-2014-9669 --target_bin /binaries/target_clang/freetype/freetype-2.5.5-o2-freetype --vul_func_name tt_cmap12_validate --project freetype
2025-09-18 10:23:15,527 - INFO - success CVE-2014-9669,details in cve_test/CVE-2014-9669.log

2025-09-18 10:23:15,528 - INFO - detecting CVE-2014-9669 tt_cmap12_validate
2025-09-18 10:23:15,529 - INFO - cmd: python main.py --detect --cve_id CVE-2014-9669 --target_bin /binaries/target_clang/freetype/freetype-2.6-o2-freetype --vul_func_name tt_cmap12_validate --project freetype
2025-09-18 10:23:21,249 - INFO - success CVE-2014-9669,details in cve_test/CVE-2014-9669.log

2025-09-18 10:23:21,250 - INFO - detecting CVE-2014-9662 cf2_builder_cubeTo
2025-09-18 10:23:21,251 - INFO - cmd: python main.py --detect --cve_id CVE-2014-9662 --target_bin /binaries/target_clang/freetype/freetype-2.5.3-o2-freetype --vul_func_name cf2_builder_cubeTo --project freetype
2025-09-18 10:23:28,792 - INFO - success CVE-2014-9662,details in cve_test/CVE-2014-9662.log

2025-09-18 10:23:28,793 - INFO - detecting CVE-2014-9662 cf2_builder_cubeTo
2025-09-18 10:23:28,794 - INFO - cmd: python main.py --detect --cve_id CVE-2014-9662 --target_bin /binaries/target_clang/freetype/freetype-2.5.2-o2-freetype --vul_func_name cf2_builder_cubeTo --project freetype
2025-09-18 10:23:37,396 - INFO - success CVE-2014-9662,details in cve_test/CVE-2014-9662.log

2025-09-18 10:23:37,398 - INFO - detecting CVE-2014-9662 cf2_builder_cubeTo
2025-09-18 10:23:37,398 - INFO - cmd: python main.py --detect --cve_id CVE-2014-9662 --target_bin /binaries/target_clang/freetype/freetype-2.5.1-o2-freetype --vul_func_name cf2_builder_cubeTo --project freetype
2025-09-18 10:23:45,540 - INFO - success CVE-2014-9662,details in cve_test/CVE-2014-9662.log

2025-09-18 10:23:45,541 - INFO - detecting CVE-2014-9662 cf2_builder_cubeTo
2025-09-18 10:23:45,542 - INFO - cmd: python main.py --detect --cve_id CVE-2014-9662 --target_bin /binaries/target_clang/freetype/freetype-2.5.4-o2-freetype --vul_func_name cf2_builder_cubeTo --project freetype
2025-09-18 10:23:53,277 - INFO - success CVE-2014-9662,details in cve_test/CVE-2014-9662.log

2025-09-18 10:23:53,281 - INFO - detecting CVE-2014-9662 cf2_builder_cubeTo
2025-09-18 10:23:53,282 - INFO - cmd: python main.py --detect --cve_id CVE-2014-9662 --target_bin /binaries/target_clang/freetype/freetype-2.5.5-o2-freetype --vul_func_name cf2_builder_cubeTo --project freetype
2025-09-18 10:24:00,152 - INFO - success CVE-2014-9662,details in cve_test/CVE-2014-9662.log

2025-09-18 10:24:00,152 - INFO - detecting CVE-2014-9662 cf2_builder_cubeTo
2025-09-18 10:24:00,153 - INFO - cmd: python main.py --detect --cve_id CVE-2014-9662 --target_bin /binaries/target_clang/freetype/freetype-2.6-o2-freetype --vul_func_name cf2_builder_cubeTo --project freetype
2025-09-18 10:24:06,647 - INFO - success CVE-2014-9662,details in cve_test/CVE-2014-9662.log

2025-09-18 10:24:06,648 - INFO - detecting CVE-2014-9662 cf2_builder_lineTo
2025-09-18 10:24:06,649 - INFO - cmd: python main.py --detect --cve_id CVE-2014-9662 --target_bin /binaries/target_clang/freetype/freetype-2.5.3-o2-freetype --vul_func_name cf2_builder_lineTo --project freetype
2025-09-18 10:24:14,839 - INFO - success CVE-2014-9662,details in cve_test/CVE-2014-9662.log

2025-09-18 10:24:14,840 - INFO - detecting CVE-2014-9662 cf2_builder_lineTo
2025-09-18 10:24:14,840 - INFO - cmd: python main.py --detect --cve_id CVE-2014-9662 --target_bin /binaries/target_clang/freetype/freetype-2.5.2-o2-freetype --vul_func_name cf2_builder_lineTo --project freetype
2025-09-18 10:24:23,406 - INFO - success CVE-2014-9662,details in cve_test/CVE-2014-9662.log

2025-09-18 10:24:23,407 - INFO - detecting CVE-2014-9662 cf2_builder_lineTo
2025-09-18 10:24:23,408 - INFO - cmd: python main.py --detect --cve_id CVE-2014-9662 --target_bin /binaries/target_clang/freetype/freetype-2.5.1-o2-freetype --vul_func_name cf2_builder_lineTo --project freetype
2025-09-18 10:24:32,071 - INFO - success CVE-2014-9662,details in cve_test/CVE-2014-9662.log

2025-09-18 10:24:32,072 - INFO - detecting CVE-2014-9662 cf2_builder_lineTo
2025-09-18 10:24:32,072 - INFO - cmd: python main.py --detect --cve_id CVE-2014-9662 --target_bin /binaries/target_clang/freetype/freetype-2.5.4-o2-freetype --vul_func_name cf2_builder_lineTo --project freetype
2025-09-18 10:24:40,253 - INFO - success CVE-2014-9662,details in cve_test/CVE-2014-9662.log

2025-09-18 10:24:40,254 - INFO - detecting CVE-2014-9662 cf2_builder_lineTo
2025-09-18 10:24:40,254 - INFO - cmd: python main.py --detect --cve_id CVE-2014-9662 --target_bin /binaries/target_clang/freetype/freetype-2.5.5-o2-freetype --vul_func_name cf2_builder_lineTo --project freetype
2025-09-18 10:24:47,963 - INFO - success CVE-2014-9662,details in cve_test/CVE-2014-9662.log

2025-09-18 10:24:47,964 - INFO - detecting CVE-2014-9662 cf2_builder_lineTo
2025-09-18 10:24:47,964 - INFO - cmd: python main.py --detect --cve_id CVE-2014-9662 --target_bin /binaries/target_clang/freetype/freetype-2.6-o2-freetype --vul_func_name cf2_builder_lineTo --project freetype
2025-09-18 10:24:55,821 - INFO - success CVE-2014-9662,details in cve_test/CVE-2014-9662.log

2025-09-18 10:24:55,822 - INFO - detecting CVE-2014-9674 Mac_Read_POST_Resource
2025-09-18 10:24:55,825 - INFO - cmd: python main.py --detect --cve_id CVE-2014-9674 --target_bin /binaries/target_clang/freetype/freetype-2.5.3-o2-freetype --vul_func_name Mac_Read_POST_Resource --project freetype
2025-09-18 10:24:59,631 - ERROR - fail CVE-2014-9674 ,details1

2025-09-18 10:24:59,632 - INFO - detecting CVE-2014-9674 Mac_Read_POST_Resource
2025-09-18 10:24:59,633 - INFO - cmd: python main.py --detect --cve_id CVE-2014-9674 --target_bin /binaries/target_clang/freetype/freetype-2.5.2-o2-freetype --vul_func_name Mac_Read_POST_Resource --project freetype
2025-09-18 10:25:03,359 - ERROR - fail CVE-2014-9674 ,details1

2025-09-18 10:25:03,360 - INFO - detecting CVE-2014-9674 Mac_Read_POST_Resource
2025-09-18 10:25:03,361 - INFO - cmd: python main.py --detect --cve_id CVE-2014-9674 --target_bin /binaries/target_clang/freetype/freetype-2.5.1-o2-freetype --vul_func_name Mac_Read_POST_Resource --project freetype
2025-09-18 10:25:07,413 - ERROR - fail CVE-2014-9674 ,details1

2025-09-18 10:25:07,414 - INFO - detecting CVE-2014-9674 Mac_Read_POST_Resource
2025-09-18 10:25:07,414 - INFO - cmd: python main.py --detect --cve_id CVE-2014-9674 --target_bin /binaries/target_clang/freetype/freetype-2.5.4-o2-freetype --vul_func_name Mac_Read_POST_Resource --project freetype
2025-09-18 10:25:11,670 - ERROR - fail CVE-2014-9674 ,details1

2025-09-18 10:25:11,671 - INFO - detecting CVE-2014-9674 Mac_Read_POST_Resource
2025-09-18 10:25:11,672 - INFO - cmd: python main.py --detect --cve_id CVE-2014-9674 --target_bin /binaries/target_clang/freetype/freetype-2.5.5-o2-freetype --vul_func_name Mac_Read_POST_Resource --project freetype
2025-09-18 10:25:15,925 - ERROR - fail CVE-2014-9674 ,details1

2025-09-18 10:25:15,926 - INFO - detecting CVE-2014-9674 Mac_Read_POST_Resource
2025-09-18 10:25:15,927 - INFO - cmd: python main.py --detect --cve_id CVE-2014-9674 --target_bin /binaries/target_clang/freetype/freetype-2.6-o2-freetype --vul_func_name Mac_Read_POST_Resource --project freetype
2025-09-18 10:25:20,411 - ERROR - fail CVE-2014-9674 ,details1

2025-09-18 10:25:20,412 - INFO - detecting CVE-2015-9382 ps_parser_skip_PS_token
2025-09-18 10:25:20,413 - INFO - cmd: python main.py --detect --cve_id CVE-2015-9382 --target_bin /binaries/target_clang/freetype/freetype-2.5.5-o2-freetype --vul_func_name ps_parser_skip_PS_token --project freetype
2025-09-18 10:25:27,249 - INFO - success CVE-2015-9382,details in cve_test/CVE-2015-9382.log

2025-09-18 10:25:27,250 - INFO - detecting CVE-2015-9382 ps_parser_skip_PS_token
2025-09-18 10:25:27,250 - INFO - cmd: python main.py --detect --cve_id CVE-2015-9382 --target_bin /binaries/target_clang/freetype/freetype-2.5.4-o2-freetype --vul_func_name ps_parser_skip_PS_token --project freetype
2025-09-18 10:25:33,534 - INFO - success CVE-2015-9382,details in cve_test/CVE-2015-9382.log

2025-09-18 10:25:33,535 - INFO - detecting CVE-2015-9382 ps_parser_skip_PS_token
2025-09-18 10:25:33,536 - INFO - cmd: python main.py --detect --cve_id CVE-2015-9382 --target_bin /binaries/target_clang/freetype/freetype-2.5.3-o2-freetype --vul_func_name ps_parser_skip_PS_token --project freetype
2025-09-18 10:25:39,775 - INFO - success CVE-2015-9382,details in cve_test/CVE-2015-9382.log

2025-09-18 10:25:39,776 - INFO - detecting CVE-2015-9382 ps_parser_skip_PS_token
2025-09-18 10:25:39,776 - INFO - cmd: python main.py --detect --cve_id CVE-2015-9382 --target_bin /binaries/target_clang/freetype/freetype-2.6.1-o2-freetype --vul_func_name ps_parser_skip_PS_token --project freetype
2025-09-18 10:25:46,700 - INFO - success CVE-2015-9382,details in cve_test/CVE-2015-9382.log

2025-09-18 10:25:46,701 - INFO - detecting CVE-2015-9382 ps_parser_skip_PS_token
2025-09-18 10:25:46,702 - INFO - cmd: python main.py --detect --cve_id CVE-2015-9382 --target_bin /binaries/target_clang/freetype/freetype-2.6.2-o2-freetype --vul_func_name ps_parser_skip_PS_token --project freetype
2025-09-18 10:25:53,521 - INFO - success CVE-2015-9382,details in cve_test/CVE-2015-9382.log

2025-09-18 10:25:53,523 - INFO - detecting CVE-2015-9382 ps_parser_skip_PS_token
2025-09-18 10:25:53,523 - INFO - cmd: python main.py --detect --cve_id CVE-2015-9382 --target_bin /binaries/target_clang/freetype/freetype-2.6.3-o2-freetype --vul_func_name ps_parser_skip_PS_token --project freetype
2025-09-18 10:26:01,236 - INFO - success CVE-2015-9382,details in cve_test/CVE-2015-9382.log

2025-09-18 10:26:01,237 - INFO - detecting CVE-2015-9381 T1_Get_Private_Dict
2025-09-18 10:26:01,237 - INFO - cmd: python main.py --detect --cve_id CVE-2015-9381 --target_bin /binaries/target_clang/freetype/freetype-2.5.5-o2-freetype --vul_func_name T1_Get_Private_Dict --project freetype
2025-09-18 10:26:05,551 - ERROR - fail CVE-2015-9381 ,details1

2025-09-18 10:26:05,552 - INFO - detecting CVE-2015-9381 T1_Get_Private_Dict
2025-09-18 10:26:05,552 - INFO - cmd: python main.py --detect --cve_id CVE-2015-9381 --target_bin /binaries/target_clang/freetype/freetype-2.5.4-o2-freetype --vul_func_name T1_Get_Private_Dict --project freetype
2025-09-18 10:26:09,969 - ERROR - fail CVE-2015-9381 ,details1

2025-09-18 10:26:09,970 - INFO - detecting CVE-2015-9381 T1_Get_Private_Dict
2025-09-18 10:26:09,971 - INFO - cmd: python main.py --detect --cve_id CVE-2015-9381 --target_bin /binaries/target_clang/freetype/freetype-2.5.3-o2-freetype --vul_func_name T1_Get_Private_Dict --project freetype
2025-09-18 10:26:14,026 - ERROR - fail CVE-2015-9381 ,details1

2025-09-18 10:26:14,027 - INFO - detecting CVE-2015-9381 T1_Get_Private_Dict
2025-09-18 10:26:14,027 - INFO - cmd: python main.py --detect --cve_id CVE-2015-9381 --target_bin /binaries/target_clang/freetype/freetype-2.6.1-o2-freetype --vul_func_name T1_Get_Private_Dict --project freetype
2025-09-18 10:26:18,469 - ERROR - fail CVE-2015-9381 ,details1

2025-09-18 10:26:18,471 - INFO - detecting CVE-2015-9381 T1_Get_Private_Dict
2025-09-18 10:26:18,471 - INFO - cmd: python main.py --detect --cve_id CVE-2015-9381 --target_bin /binaries/target_clang/freetype/freetype-2.6.2-o2-freetype --vul_func_name T1_Get_Private_Dict --project freetype
2025-09-18 10:26:22,407 - ERROR - fail CVE-2015-9381 ,details1

2025-09-18 10:26:22,408 - INFO - detecting CVE-2015-9381 T1_Get_Private_Dict
2025-09-18 10:26:22,409 - INFO - cmd: python main.py --detect --cve_id CVE-2015-9381 --target_bin /binaries/target_clang/freetype/freetype-2.6.3-o2-freetype --vul_func_name T1_Get_Private_Dict --project freetype
2025-09-18 10:26:26,443 - ERROR - fail CVE-2015-9381 ,details1

2025-09-18 10:26:26,444 - INFO - detecting CVE-2017-7864 tt_size_reset
2025-09-18 10:26:26,444 - INFO - cmd: python main.py --detect --cve_id CVE-2017-7864 --target_bin /binaries/target_clang/freetype/freetype-2.7.1-o2-freetype --vul_func_name tt_size_reset --project freetype
2025-09-18 10:26:33,487 - INFO - success CVE-2017-7864,details in cve_test/CVE-2017-7864.log

2025-09-18 10:26:33,488 - INFO - detecting CVE-2017-7864 tt_size_reset
2025-09-18 10:26:33,489 - INFO - cmd: python main.py --detect --cve_id CVE-2017-7864 --target_bin /binaries/target_clang/freetype/freetype-2.7-o2-freetype --vul_func_name tt_size_reset --project freetype
2025-09-18 10:26:40,257 - INFO - success CVE-2017-7864,details in cve_test/CVE-2017-7864.log

2025-09-18 10:26:40,258 - INFO - detecting CVE-2017-7864 tt_size_reset
2025-09-18 10:26:40,259 - INFO - cmd: python main.py --detect --cve_id CVE-2017-7864 --target_bin /binaries/target_clang/freetype/freetype-2.6.5-o2-freetype --vul_func_name tt_size_reset --project freetype
2025-09-18 10:26:46,966 - INFO - success CVE-2017-7864,details in cve_test/CVE-2017-7864.log

2025-09-18 10:26:46,967 - INFO - detecting CVE-2017-7864 tt_size_reset
2025-09-18 10:26:46,967 - INFO - cmd: python main.py --detect --cve_id CVE-2017-7864 --target_bin /binaries/target_clang/freetype/freetype-2.8-o2-freetype --vul_func_name tt_size_reset --project freetype
2025-09-18 10:26:54,059 - INFO - success CVE-2017-7864,details in cve_test/CVE-2017-7864.log

2025-09-18 10:26:54,059 - INFO - detecting CVE-2017-7864 tt_size_reset
2025-09-18 10:26:54,060 - INFO - cmd: python main.py --detect --cve_id CVE-2017-7864 --target_bin /binaries/target_clang/freetype/freetype-2.8.1-o2-freetype --vul_func_name tt_size_reset --project freetype
2025-09-18 10:27:01,833 - INFO - success CVE-2017-7864,details in cve_test/CVE-2017-7864.log

2025-09-18 10:27:01,834 - INFO - detecting CVE-2017-7864 tt_size_reset
2025-09-18 10:27:01,834 - INFO - cmd: python main.py --detect --cve_id CVE-2017-7864 --target_bin /binaries/target_clang/freetype/freetype-2.9-o2-freetype --vul_func_name tt_size_reset --project freetype
2025-09-18 10:27:09,832 - INFO - success CVE-2017-7864,details in cve_test/CVE-2017-7864.log

