2025-09-17 10:01:26,857 - INFO - detecting CVE-2016-10065 ImportGrayQuantum
2025-09-17 10:01:26,858 - INFO - cmd: python main.py --detect --cve_id CVE-2016-10065 --target_bin /binaries/target_clang/imagemagick/imagemagick-7.0.1-1-o2-magickcore --vul_func_name ImportGrayQuantum --project imagemagick
2025-09-17 10:01:33,269 - ERROR - fail CVE-2016-10065 ,details1

2025-09-17 10:01:33,270 - INFO - detecting CVE-2016-10065 ImportGrayQuantum
2025-09-17 10:01:33,271 - INFO - cmd: python main.py --detect --cve_id CVE-2016-10065 --target_bin /binaries/target_clang/imagemagick/imagemagick-7.0.1-2-o2-magickcore --vul_func_name ImportGrayQuantum --project imagemagick
2025-09-17 10:01:40,010 - ERROR - fail CVE-2016-10065 ,details1

2025-09-17 10:01:40,011 - INFO - detecting CVE-2016-10065 ImportGrayQuantum
2025-09-17 10:01:40,012 - INFO - cmd: python main.py --detect --cve_id CVE-2016-10065 --target_bin /binaries/target_clang/imagemagick/imagemagick-7.0.1-3-o2-magickcore --vul_func_name ImportGrayQuantum --project imagemagick
2025-09-17 10:01:46,513 - ERROR - fail CVE-2016-10065 ,details1

2025-09-17 10:01:46,514 - INFO - detecting CVE-2017-14174 ReadPSDLayersInternal
2025-09-17 10:01:46,514 - INFO - cmd: python main.py --detect --cve_id CVE-2017-14174 --target_bin /binaries/target_clang/imagemagick/imagemagick-7.0.7-0-o2-magickcore --vul_func_name ReadPSDLayersInternal --project imagemagick
2025-09-17 10:01:55,602 - INFO - success CVE-2017-14174,details in cve_test/CVE-2017-14174.log

2025-09-17 10:01:55,603 - INFO - detecting CVE-2017-14174 ReadPSDLayersInternal
2025-09-17 10:01:55,603 - INFO - cmd: python main.py --detect --cve_id CVE-2017-14174 --target_bin /binaries/target_clang/imagemagick/imagemagick-7.0.7-1-o2-magickcore --vul_func_name ReadPSDLayersInternal --project imagemagick
2025-09-17 10:02:04,172 - INFO - success CVE-2017-14174,details in cve_test/CVE-2017-14174.log

2025-09-17 10:02:04,173 - INFO - detecting CVE-2017-14174 ReadPSDLayersInternal
2025-09-17 10:02:04,174 - INFO - cmd: python main.py --detect --cve_id CVE-2017-14174 --target_bin /binaries/target_clang/imagemagick/imagemagick-7.0.7-2-o2-magickcore --vul_func_name ReadPSDLayersInternal --project imagemagick
2025-09-17 10:02:13,522 - INFO - success CVE-2017-14174,details in cve_test/CVE-2017-14174.log

2025-09-17 10:02:13,524 - INFO - detecting CVE-2017-14174 ReadPSDLayersInternal
2025-09-17 10:02:13,524 - INFO - cmd: python main.py --detect --cve_id CVE-2017-14174 --target_bin /binaries/target_clang/imagemagick/imagemagick-7.0.7-3-o2-magickcore --vul_func_name ReadPSDLayersInternal --project imagemagick
2025-09-17 10:02:21,762 - INFO - success CVE-2017-14174,details in cve_test/CVE-2017-14174.log

2025-09-17 10:02:21,763 - INFO - detecting CVE-2019-10649 SVGEndElement
2025-09-17 10:02:21,763 - INFO - cmd: python main.py --detect --cve_id CVE-2019-10649 --target_bin /binaries/target_clang/imagemagick/imagemagick-7.0.8-36-o2-magickcore --vul_func_name SVGEndElement --project imagemagick
2025-09-17 10:02:33,653 - INFO - success CVE-2019-10649,details in cve_test/CVE-2019-10649.log

2025-09-17 10:02:33,654 - INFO - detecting CVE-2019-10649 SVGEndElement
2025-09-17 10:02:33,655 - INFO - cmd: python main.py --detect --cve_id CVE-2019-10649 --target_bin /binaries/target_clang/imagemagick/imagemagick-7.0.8-37-o2-magickcore --vul_func_name SVGEndElement --project imagemagick
2025-09-17 10:02:44,932 - INFO - success CVE-2019-10649,details in cve_test/CVE-2019-10649.log

2025-09-17 10:02:44,933 - INFO - detecting CVE-2019-10649 SVGEndElement
2025-09-17 10:02:44,934 - INFO - cmd: python main.py --detect --cve_id CVE-2019-10649 --target_bin /binaries/target_clang/imagemagick/imagemagick-7.0.8-38-o2-magickcore --vul_func_name SVGEndElement --project imagemagick
2025-09-17 10:02:57,279 - INFO - success CVE-2019-10649,details in cve_test/CVE-2019-10649.log

2025-09-17 10:02:57,280 - INFO - detecting CVE-2019-19949 Magick_png_write_raw_profile
2025-09-17 10:02:57,280 - INFO - cmd: python main.py --detect --cve_id CVE-2019-19949 --target_bin /binaries/target_clang/imagemagick/imagemagick-7.0.8-42-o2-magickcore --vul_func_name Magick_png_write_raw_profile --project imagemagick
2025-09-17 10:03:03,415 - ERROR - fail CVE-2019-19949 ,details1

2025-09-17 10:03:03,415 - INFO - detecting CVE-2019-19949 Magick_png_write_raw_profile
2025-09-17 10:03:03,415 - INFO - cmd: python main.py --detect --cve_id CVE-2019-19949 --target_bin /binaries/target_clang/imagemagick/imagemagick-7.0.8-41-o2-magickcore --vul_func_name Magick_png_write_raw_profile --project imagemagick
2025-09-17 10:03:09,839 - ERROR - fail CVE-2019-19949 ,details1

2025-09-17 10:03:09,840 - INFO - detecting CVE-2019-19949 Magick_png_write_raw_profile
2025-09-17 10:03:09,840 - INFO - cmd: python main.py --detect --cve_id CVE-2019-19949 --target_bin /binaries/target_clang/imagemagick/imagemagick-7.0.8-40-o2-magickcore --vul_func_name Magick_png_write_raw_profile --project imagemagick
2025-09-17 10:03:16,438 - ERROR - fail CVE-2019-19949 ,details1

2025-09-17 10:03:16,439 - INFO - detecting CVE-2019-19949 Magick_png_write_raw_profile
2025-09-17 10:03:16,439 - INFO - cmd: python main.py --detect --cve_id CVE-2019-19949 --target_bin /binaries/target_clang/imagemagick/imagemagick-7.0.8-43-o2-magickcore --vul_func_name Magick_png_write_raw_profile --project imagemagick
2025-09-17 10:03:22,870 - ERROR - fail CVE-2019-19949 ,details1

2025-09-17 10:03:22,870 - INFO - detecting CVE-2019-19949 Magick_png_write_raw_profile
2025-09-17 10:03:22,871 - INFO - cmd: python main.py --detect --cve_id CVE-2019-19949 --target_bin /binaries/target_clang/imagemagick/imagemagick-7.0.8-44-o2-magickcore --vul_func_name Magick_png_write_raw_profile --project imagemagick
2025-09-17 10:03:28,988 - ERROR - fail CVE-2019-19949 ,details1

2025-09-17 10:03:28,989 - INFO - detecting CVE-2019-19949 Magick_png_write_raw_profile
2025-09-17 10:03:28,989 - INFO - cmd: python main.py --detect --cve_id CVE-2019-19949 --target_bin /binaries/target_clang/imagemagick/imagemagick-7.0.8-45-o2-magickcore --vul_func_name Magick_png_write_raw_profile --project imagemagick
2025-09-17 10:03:35,334 - ERROR - fail CVE-2019-19949 ,details1

2025-09-17 10:03:35,335 - INFO - detecting CVE-2020-27774 ApplyEvaluateOperator
2025-09-17 10:03:35,335 - INFO - cmd: python main.py --detect --cve_id CVE-2020-27774 --target_bin /binaries/target_clang/imagemagick/imagemagick-7.0.8-68-o2-magickcore --vul_func_name ApplyEvaluateOperator --project imagemagick
2025-09-17 10:03:43,870 - INFO - success CVE-2020-27774,details in cve_test/CVE-2020-27774.log

2025-09-17 10:03:43,871 - INFO - detecting CVE-2020-27774 ApplyEvaluateOperator
2025-09-17 10:03:43,872 - INFO - cmd: python main.py --detect --cve_id CVE-2020-27774 --target_bin /binaries/target_clang/imagemagick/imagemagick-7.0.8-67-o2-magickcore --vul_func_name ApplyEvaluateOperator --project imagemagick
2025-09-17 10:03:51,865 - INFO - success CVE-2020-27774,details in cve_test/CVE-2020-27774.log

2025-09-17 10:03:51,866 - INFO - detecting CVE-2020-27774 ApplyEvaluateOperator
2025-09-17 10:03:51,867 - INFO - cmd: python main.py --detect --cve_id CVE-2020-27774 --target_bin /binaries/target_clang/imagemagick/imagemagick-7.0.8-66-o2-magickcore --vul_func_name ApplyEvaluateOperator --project imagemagick
2025-09-17 10:03:59,220 - INFO - success CVE-2020-27774,details in cve_test/CVE-2020-27774.log

2025-09-17 10:03:59,221 - INFO - detecting CVE-2020-27774 ApplyEvaluateOperator
2025-09-17 10:03:59,221 - INFO - cmd: python main.py --detect --cve_id CVE-2020-27774 --target_bin /binaries/target_clang/imagemagick/imagemagick-7.1.0-0-o2-magickcore --vul_func_name ApplyEvaluateOperator --project imagemagick
2025-09-17 10:04:06,985 - INFO - success CVE-2020-27774,details in cve_test/CVE-2020-27774.log

2025-09-17 10:04:06,986 - INFO - detecting CVE-2020-27774 ApplyEvaluateOperator
2025-09-17 10:04:06,987 - INFO - cmd: python main.py --detect --cve_id CVE-2020-27774 --target_bin /binaries/target_clang/imagemagick/imagemagick-7.1.0-1-o2-magickcore --vul_func_name ApplyEvaluateOperator --project imagemagick
2025-09-17 10:04:15,218 - INFO - success CVE-2020-27774,details in cve_test/CVE-2020-27774.log

2025-09-17 10:04:15,218 - INFO - detecting CVE-2020-27774 ApplyEvaluateOperator
2025-09-17 10:04:15,218 - INFO - cmd: python main.py --detect --cve_id CVE-2020-27774 --target_bin /binaries/target_clang/imagemagick/imagemagick-7.1.0-2-o2-magickcore --vul_func_name ApplyEvaluateOperator --project imagemagick
2025-09-17 10:04:23,485 - INFO - success CVE-2020-27774,details in cve_test/CVE-2020-27774.log

2025-09-17 10:04:23,486 - INFO - detecting CVE-2020-25667 TIFFGetProfiles
2025-09-17 10:04:23,486 - INFO - cmd: python main.py --detect --cve_id CVE-2020-25667 --target_bin /binaries/target_clang/imagemagick/imagemagick-7.0.8-68-o2-magickcore --vul_func_name TIFFGetProfiles --project imagemagick
2025-09-17 10:04:29,627 - ERROR - fail CVE-2020-25667 ,details1

2025-09-17 10:04:29,628 - INFO - detecting CVE-2020-25667 TIFFGetProfiles
2025-09-17 10:04:29,629 - INFO - cmd: python main.py --detect --cve_id CVE-2020-25667 --target_bin /binaries/target_clang/imagemagick/imagemagick-7.0.8-67-o2-magickcore --vul_func_name TIFFGetProfiles --project imagemagick
2025-09-17 10:04:35,675 - ERROR - fail CVE-2020-25667 ,details1

2025-09-17 10:04:35,675 - INFO - detecting CVE-2020-25667 TIFFGetProfiles
2025-09-17 10:04:35,676 - INFO - cmd: python main.py --detect --cve_id CVE-2020-25667 --target_bin /binaries/target_clang/imagemagick/imagemagick-7.0.8-66-o2-magickcore --vul_func_name TIFFGetProfiles --project imagemagick
2025-09-17 10:04:42,050 - ERROR - fail CVE-2020-25667 ,details1

2025-09-17 10:04:42,051 - INFO - detecting CVE-2020-25667 TIFFGetProfiles
2025-09-17 10:04:42,051 - INFO - cmd: python main.py --detect --cve_id CVE-2020-25667 --target_bin /binaries/target_clang/imagemagick/imagemagick-7.1.0-0-o2-magickcore --vul_func_name TIFFGetProfiles --project imagemagick
2025-09-17 10:04:48,545 - ERROR - fail CVE-2020-25667 ,details1

2025-09-17 10:04:48,546 - INFO - detecting CVE-2020-25667 TIFFGetProfiles
2025-09-17 10:04:48,546 - INFO - cmd: python main.py --detect --cve_id CVE-2020-25667 --target_bin /binaries/target_clang/imagemagick/imagemagick-7.1.0-1-o2-magickcore --vul_func_name TIFFGetProfiles --project imagemagick
2025-09-17 10:04:54,167 - ERROR - fail CVE-2020-25667 ,details1

2025-09-17 10:04:54,168 - INFO - detecting CVE-2020-25667 TIFFGetProfiles
2025-09-17 10:04:54,168 - INFO - cmd: python main.py --detect --cve_id CVE-2020-25667 --target_bin /binaries/target_clang/imagemagick/imagemagick-7.1.0-2-o2-magickcore --vul_func_name TIFFGetProfiles --project imagemagick
2025-09-17 10:05:00,303 - ERROR - fail CVE-2020-25667 ,details1

2025-09-17 10:05:00,304 - INFO - detecting CVE-2020-27753 PopRunlengthPacket
2025-09-17 10:05:00,304 - INFO - cmd: python main.py --detect --cve_id CVE-2020-27753 --target_bin /binaries/target_clang/imagemagick/imagemagick-7.0.8-68-o2-magickcore --vul_func_name PopRunlengthPacket --project imagemagick
2025-09-17 10:05:10,557 - INFO - success CVE-2020-27753,details in cve_test/CVE-2020-27753.log

2025-09-17 10:05:10,559 - INFO - detecting CVE-2020-27753 PopRunlengthPacket
2025-09-17 10:05:10,560 - INFO - cmd: python main.py --detect --cve_id CVE-2020-27753 --target_bin /binaries/target_clang/imagemagick/imagemagick-7.0.8-67-o2-magickcore --vul_func_name PopRunlengthPacket --project imagemagick
2025-09-17 10:05:20,105 - INFO - success CVE-2020-27753,details in cve_test/CVE-2020-27753.log

2025-09-17 10:05:20,106 - INFO - detecting CVE-2020-27753 PopRunlengthPacket
2025-09-17 10:05:20,106 - INFO - cmd: python main.py --detect --cve_id CVE-2020-27753 --target_bin /binaries/target_clang/imagemagick/imagemagick-7.0.8-66-o2-magickcore --vul_func_name PopRunlengthPacket --project imagemagick
2025-09-17 10:05:30,542 - INFO - success CVE-2020-27753,details in cve_test/CVE-2020-27753.log

2025-09-17 10:05:30,543 - INFO - detecting CVE-2020-27753 PopRunlengthPacket
2025-09-17 10:05:30,543 - INFO - cmd: python main.py --detect --cve_id CVE-2020-27753 --target_bin /binaries/target_clang/imagemagick/imagemagick-7.1.0-0-o2-magickcore --vul_func_name PopRunlengthPacket --project imagemagick
2025-09-17 10:05:42,565 - INFO - success CVE-2020-27753,details in cve_test/CVE-2020-27753.log

2025-09-17 10:05:42,566 - INFO - detecting CVE-2020-27753 PopRunlengthPacket
2025-09-17 10:05:42,567 - INFO - cmd: python main.py --detect --cve_id CVE-2020-27753 --target_bin /binaries/target_clang/imagemagick/imagemagick-7.1.0-1-o2-magickcore --vul_func_name PopRunlengthPacket --project imagemagick
2025-09-17 10:05:55,063 - INFO - success CVE-2020-27753,details in cve_test/CVE-2020-27753.log

2025-09-17 10:05:55,064 - INFO - detecting CVE-2020-27753 PopRunlengthPacket
2025-09-17 10:05:55,065 - INFO - cmd: python main.py --detect --cve_id CVE-2020-27753 --target_bin /binaries/target_clang/imagemagick/imagemagick-7.1.0-2-o2-magickcore --vul_func_name PopRunlengthPacket --project imagemagick
2025-09-17 10:06:06,314 - INFO - success CVE-2020-27753,details in cve_test/CVE-2020-27753.log

2025-09-17 10:06:06,315 - INFO - detecting CVE-2020-27753 PushRunlengthPacket
2025-09-17 10:06:06,316 - INFO - cmd: python main.py --detect --cve_id CVE-2020-27753 --target_bin /binaries/target_clang/imagemagick/imagemagick-7.0.8-68-o2-magickcore --vul_func_name PushRunlengthPacket --project imagemagick
2025-09-17 10:06:12,530 - ERROR - fail CVE-2020-27753 ,details1

2025-09-17 10:06:12,532 - INFO - detecting CVE-2020-27753 PushRunlengthPacket
2025-09-17 10:06:12,532 - INFO - cmd: python main.py --detect --cve_id CVE-2020-27753 --target_bin /binaries/target_clang/imagemagick/imagemagick-7.0.8-67-o2-magickcore --vul_func_name PushRunlengthPacket --project imagemagick
2025-09-17 10:06:19,262 - ERROR - fail CVE-2020-27753 ,details1

2025-09-17 10:06:19,263 - INFO - detecting CVE-2020-27753 PushRunlengthPacket
2025-09-17 10:06:19,264 - INFO - cmd: python main.py --detect --cve_id CVE-2020-27753 --target_bin /binaries/target_clang/imagemagick/imagemagick-7.0.8-66-o2-magickcore --vul_func_name PushRunlengthPacket --project imagemagick
2025-09-17 10:06:25,157 - ERROR - fail CVE-2020-27753 ,details1

2025-09-17 10:06:25,158 - INFO - detecting CVE-2020-27753 PushRunlengthPacket
2025-09-17 10:06:25,158 - INFO - cmd: python main.py --detect --cve_id CVE-2020-27753 --target_bin /binaries/target_clang/imagemagick/imagemagick-7.1.0-0-o2-magickcore --vul_func_name PushRunlengthPacket --project imagemagick
2025-09-17 10:06:31,154 - ERROR - fail CVE-2020-27753 ,details1

2025-09-17 10:06:31,155 - INFO - detecting CVE-2020-27753 PushRunlengthPacket
2025-09-17 10:06:31,156 - INFO - cmd: python main.py --detect --cve_id CVE-2020-27753 --target_bin /binaries/target_clang/imagemagick/imagemagick-7.1.0-1-o2-magickcore --vul_func_name PushRunlengthPacket --project imagemagick
2025-09-17 10:06:37,527 - ERROR - fail CVE-2020-27753 ,details1

2025-09-17 10:06:37,528 - INFO - detecting CVE-2020-27753 PushRunlengthPacket
2025-09-17 10:06:37,529 - INFO - cmd: python main.py --detect --cve_id CVE-2020-27753 --target_bin /binaries/target_clang/imagemagick/imagemagick-7.1.0-2-o2-magickcore --vul_func_name PushRunlengthPacket --project imagemagick
2025-09-17 10:06:43,775 - ERROR - fail CVE-2020-27753 ,details1

2025-09-17 10:06:43,777 - INFO - detecting CVE-2021-20311 WriteTHUMBNAILImage
2025-09-17 10:06:43,777 - INFO - cmd: python main.py --detect --cve_id CVE-2021-20311 --target_bin /binaries/target_clang/imagemagick/imagemagick-7.0.10-62-o2-magickcore --vul_func_name WriteTHUMBNAILImage --project imagemagick
2025-09-17 10:06:49,992 - INFO - success CVE-2021-20311,details in cve_test/CVE-2021-20311.log

2025-09-17 10:06:49,993 - INFO - detecting CVE-2021-20311 WriteTHUMBNAILImage
2025-09-17 10:06:49,994 - INFO - cmd: python main.py --detect --cve_id CVE-2021-20311 --target_bin /binaries/target_clang/imagemagick/imagemagick-7.0.10-61-o2-magickcore --vul_func_name WriteTHUMBNAILImage --project imagemagick
2025-09-17 10:06:56,339 - INFO - success CVE-2021-20311,details in cve_test/CVE-2021-20311.log

2025-09-17 10:06:56,340 - INFO - detecting CVE-2021-20311 WriteTHUMBNAILImage
2025-09-17 10:06:56,341 - INFO - cmd: python main.py --detect --cve_id CVE-2021-20311 --target_bin /binaries/target_clang/imagemagick/imagemagick-7.0.10-60-o2-magickcore --vul_func_name WriteTHUMBNAILImage --project imagemagick
2025-09-17 10:07:02,277 - INFO - success CVE-2021-20311,details in cve_test/CVE-2021-20311.log

2025-09-17 10:07:02,278 - INFO - detecting CVE-2021-20311 WriteTHUMBNAILImage
2025-09-17 10:07:02,278 - INFO - cmd: python main.py --detect --cve_id CVE-2021-20311 --target_bin /binaries/target_clang/imagemagick/imagemagick-7.0.11-2-o2-magickcore --vul_func_name WriteTHUMBNAILImage --project imagemagick
2025-09-17 10:07:09,337 - INFO - success CVE-2021-20311,details in cve_test/CVE-2021-20311.log

2025-09-17 10:07:09,338 - INFO - detecting CVE-2021-20311 WriteTHUMBNAILImage
2025-09-17 10:07:09,339 - INFO - cmd: python main.py --detect --cve_id CVE-2021-20311 --target_bin /binaries/target_clang/imagemagick/imagemagick-7.0.11-3-o2-magickcore --vul_func_name WriteTHUMBNAILImage --project imagemagick
2025-09-17 10:07:15,769 - INFO - success CVE-2021-20311,details in cve_test/CVE-2021-20311.log

2025-09-17 10:07:15,770 - INFO - detecting CVE-2021-20311 WriteTHUMBNAILImage
2025-09-17 10:07:15,770 - INFO - cmd: python main.py --detect --cve_id CVE-2021-20311 --target_bin /binaries/target_clang/imagemagick/imagemagick-7.0.11-4-o2-magickcore --vul_func_name WriteTHUMBNAILImage --project imagemagick
2025-09-17 10:07:22,043 - INFO - success CVE-2021-20311,details in cve_test/CVE-2021-20311.log

2025-09-17 10:07:22,044 - INFO - detecting CVE-2021-20313 WriteTHUMBNAILImage
2025-09-17 10:07:22,044 - INFO - cmd: python main.py --detect --cve_id CVE-2021-20313 --target_bin /binaries/target_clang/imagemagick/imagemagick-7.0.10-62-o2-magickcore --vul_func_name WriteTHUMBNAILImage --project imagemagick
2025-09-17 10:07:28,889 - INFO - success CVE-2021-20313,details in cve_test/CVE-2021-20313.log

2025-09-17 10:07:28,890 - INFO - detecting CVE-2021-20313 WriteTHUMBNAILImage
2025-09-17 10:07:28,890 - INFO - cmd: python main.py --detect --cve_id CVE-2021-20313 --target_bin /binaries/target_clang/imagemagick/imagemagick-7.0.10-61-o2-magickcore --vul_func_name WriteTHUMBNAILImage --project imagemagick
2025-09-17 10:07:35,496 - INFO - success CVE-2021-20313,details in cve_test/CVE-2021-20313.log

2025-09-17 10:07:35,497 - INFO - detecting CVE-2021-20313 WriteTHUMBNAILImage
2025-09-17 10:07:35,497 - INFO - cmd: python main.py --detect --cve_id CVE-2021-20313 --target_bin /binaries/target_clang/imagemagick/imagemagick-7.0.10-60-o2-magickcore --vul_func_name WriteTHUMBNAILImage --project imagemagick
2025-09-17 10:07:42,147 - INFO - success CVE-2021-20313,details in cve_test/CVE-2021-20313.log

2025-09-17 10:07:42,148 - INFO - detecting CVE-2021-20313 WriteTHUMBNAILImage
2025-09-17 10:07:42,148 - INFO - cmd: python main.py --detect --cve_id CVE-2021-20313 --target_bin /binaries/target_clang/imagemagick/imagemagick-7.0.11-2-o2-magickcore --vul_func_name WriteTHUMBNAILImage --project imagemagick
2025-09-17 10:07:48,378 - INFO - success CVE-2021-20313,details in cve_test/CVE-2021-20313.log

2025-09-17 10:07:48,379 - INFO - detecting CVE-2021-20313 WriteTHUMBNAILImage
2025-09-17 10:07:48,379 - INFO - cmd: python main.py --detect --cve_id CVE-2021-20313 --target_bin /binaries/target_clang/imagemagick/imagemagick-7.0.11-3-o2-magickcore --vul_func_name WriteTHUMBNAILImage --project imagemagick
2025-09-17 10:07:55,122 - INFO - success CVE-2021-20313,details in cve_test/CVE-2021-20313.log

2025-09-17 10:07:55,124 - INFO - detecting CVE-2021-20313 WriteTHUMBNAILImage
2025-09-17 10:07:55,124 - INFO - cmd: python main.py --detect --cve_id CVE-2021-20313 --target_bin /binaries/target_clang/imagemagick/imagemagick-7.0.11-4-o2-magickcore --vul_func_name WriteTHUMBNAILImage --project imagemagick
2025-09-17 10:08:01,790 - INFO - success CVE-2021-20313,details in cve_test/CVE-2021-20313.log

2025-09-17 10:08:01,791 - INFO - detecting CVE-2023-34153 ReadVIDEOImage
2025-09-17 10:08:01,792 - INFO - cmd: python main.py --detect --cve_id CVE-2023-34153 --target_bin /binaries/target_clang/imagemagick/imagemagick-7.1.0-1-o2-magickcore --vul_func_name ReadVIDEOImage --project imagemagick
2025-09-17 10:08:08,589 - INFO - success CVE-2023-34153,details in cve_test/CVE-2023-34153.log

2025-09-17 10:08:08,590 - INFO - detecting CVE-2023-34153 ReadVIDEOImage
2025-09-17 10:08:08,590 - INFO - cmd: python main.py --detect --cve_id CVE-2023-34153 --target_bin /binaries/target_clang/imagemagick/imagemagick-7.1.0-2-o2-magickcore --vul_func_name ReadVIDEOImage --project imagemagick
2025-09-17 10:08:15,159 - INFO - success CVE-2023-34153,details in cve_test/CVE-2023-34153.log

2025-09-17 10:08:15,160 - INFO - detecting CVE-2023-34153 ReadVIDEOImage
2025-09-17 10:08:15,160 - INFO - cmd: python main.py --detect --cve_id CVE-2023-34153 --target_bin /binaries/target_clang/imagemagick/imagemagick-7.1.0-0-o2-magickcore --vul_func_name ReadVIDEOImage --project imagemagick
2025-09-17 10:08:21,830 - INFO - success CVE-2023-34153,details in cve_test/CVE-2023-34153.log

2025-09-17 10:08:21,831 - INFO - detecting CVE-2023-34153 ReadVIDEOImage
2025-09-17 10:08:21,832 - INFO - cmd: python main.py --detect --cve_id CVE-2023-34153 --target_bin /binaries/target_clang/imagemagick/imagemagick-7.1.1-11-o2-magickcore --vul_func_name ReadVIDEOImage --project imagemagick
2025-09-17 10:08:28,446 - INFO - success CVE-2023-34153,details in cve_test/CVE-2023-34153.log

2025-09-17 10:08:28,450 - INFO - detecting CVE-2023-34153 ReadVIDEOImage
2025-09-17 10:08:28,450 - INFO - cmd: python main.py --detect --cve_id CVE-2023-34153 --target_bin /binaries/target_clang/imagemagick/imagemagick-7.1.1-12-o2-magickcore --vul_func_name ReadVIDEOImage --project imagemagick
2025-09-17 10:08:34,194 - INFO - success CVE-2023-34153,details in cve_test/CVE-2023-34153.log

2025-09-17 10:08:34,196 - INFO - detecting CVE-2023-34153 ReadVIDEOImage
2025-09-17 10:08:34,196 - INFO - cmd: python main.py --detect --cve_id CVE-2023-34153 --target_bin /binaries/target_clang/imagemagick/imagemagick-7.1.1-13-o2-magickcore --vul_func_name ReadVIDEOImage --project imagemagick
2025-09-17 10:08:40,693 - INFO - success CVE-2023-34153,details in cve_test/CVE-2023-34153.log

2025-09-17 10:08:40,695 - INFO - detecting CVE-2023-5341 ReadBMPImage
2025-09-17 10:08:40,695 - INFO - cmd: python main.py --detect --cve_id CVE-2023-5341 --target_bin /binaries/target_clang/imagemagick/imagemagick-7.1.1-19-o2-magickcore --vul_func_name ReadBMPImage --project imagemagick
2025-09-17 10:08:47,686 - INFO - success CVE-2023-5341,details in cve_test/CVE-2023-5341.log

2025-09-17 10:08:47,687 - INFO - detecting CVE-2023-5341 ReadBMPImage
2025-09-17 10:08:47,688 - INFO - cmd: python main.py --detect --cve_id CVE-2023-5341 --target_bin /binaries/target_clang/imagemagick/imagemagick-7.1.1-11-o2-magickcore --vul_func_name ReadBMPImage --project imagemagick
2025-09-17 10:08:54,915 - INFO - success CVE-2023-5341,details in cve_test/CVE-2023-5341.log

2025-09-17 10:08:54,916 - INFO - detecting CVE-2023-5341 ReadBMPImage
2025-09-17 10:08:54,917 - INFO - cmd: python main.py --detect --cve_id CVE-2023-5341 --target_bin /binaries/target_clang/imagemagick/imagemagick-7.1.1-10-o2-magickcore --vul_func_name ReadBMPImage --project imagemagick
2025-09-17 10:09:01,265 - INFO - success CVE-2023-5341,details in cve_test/CVE-2023-5341.log

2025-09-17 10:09:01,266 - INFO - detecting CVE-2023-5341 ReadBMPImage
2025-09-17 10:09:01,266 - INFO - cmd: python main.py --detect --cve_id CVE-2023-5341 --target_bin /binaries/target_clang/imagemagick/imagemagick-7.1.1-20-o2-magickcore --vul_func_name ReadBMPImage --project imagemagick
2025-09-17 10:09:08,457 - INFO - success CVE-2023-5341,details in cve_test/CVE-2023-5341.log

2025-09-17 10:09:08,458 - INFO - detecting CVE-2023-5341 ReadBMPImage
2025-09-17 10:09:08,458 - INFO - cmd: python main.py --detect --cve_id CVE-2023-5341 --target_bin /binaries/target_clang/imagemagick/imagemagick-7.1.1-21-o2-magickcore --vul_func_name ReadBMPImage --project imagemagick
2025-09-17 10:09:14,579 - INFO - success CVE-2023-5341,details in cve_test/CVE-2023-5341.log

2025-09-17 10:09:14,581 - INFO - detecting CVE-2023-5341 ReadBMPImage
2025-09-17 10:09:14,581 - INFO - cmd: python main.py --detect --cve_id CVE-2023-5341 --target_bin /binaries/target_clang/imagemagick/imagemagick-7.1.1-22-o2-magickcore --vul_func_name ReadBMPImage --project imagemagick
2025-09-17 10:09:20,566 - INFO - success CVE-2023-5341,details in cve_test/CVE-2023-5341.log