2025-09-18 10:46:18,592 - INFO - detecting CVE-2016-10506 opj_pi_next_cprl
2025-09-18 10:46:18,592 - INFO - cmd: python main.py --detect --cve_id CVE-2016-10506 --target_bin /binaries/target_clang/openjpeg/openjpeg-2.1.2-o2-openjpeg --vul_func_name opj_pi_next_cprl --project openjpeg
2025-09-18 10:46:22,920 - ERROR - fail CVE-2016-10506 ,details1

2025-09-18 10:46:22,921 - INFO - detecting CVE-2016-10506 opj_pi_next_cprl
2025-09-18 10:46:22,921 - INFO - cmd: python main.py --detect --cve_id CVE-2016-10506 --target_bin /binaries/target_clang/openjpeg/openjpeg-2.1.1-o2-openjpeg --vul_func_name opj_pi_next_cprl --project openjpeg
2025-09-18 10:46:27,026 - ERROR - fail CVE-2016-10506 ,details1

2025-09-18 10:46:27,027 - INFO - detecting CVE-2016-10506 opj_pi_next_cprl
2025-09-18 10:46:27,027 - INFO - cmd: python main.py --detect --cve_id CVE-2016-10506 --target_bin /binaries/target_clang/openjpeg/openjpeg-2.0-o2-openjpeg --vul_func_name opj_pi_next_cprl --project openjpeg
2025-09-18 10:46:31,040 - ERROR - fail CVE-2016-10506 ,details1

2025-09-18 10:46:31,040 - INFO - detecting CVE-2016-10506 opj_pi_next_cprl
2025-09-18 10:46:31,041 - INFO - cmd: python main.py --detect --cve_id CVE-2016-10506 --target_bin /binaries/target_clang/openjpeg/openjpeg-2.2.0-o2-openjpeg --vul_func_name opj_pi_next_cprl --project openjpeg
2025-09-18 10:46:35,291 - ERROR - fail CVE-2016-10506 ,details1

2025-09-18 10:46:35,292 - INFO - detecting CVE-2016-10506 opj_pi_next_cprl
2025-09-18 10:46:35,292 - INFO - cmd: python main.py --detect --cve_id CVE-2016-10506 --target_bin /binaries/target_clang/openjpeg/openjpeg-2.3.0-o2-openjpeg --vul_func_name opj_pi_next_cprl --project openjpeg
2025-09-18 10:46:39,829 - ERROR - fail CVE-2016-10506 ,details1

2025-09-18 10:46:39,830 - INFO - detecting CVE-2016-10506 opj_pi_next_cprl
2025-09-18 10:46:39,830 - INFO - cmd: python main.py --detect --cve_id CVE-2016-10506 --target_bin /binaries/target_clang/openjpeg/openjpeg-2.3.1-o2-openjpeg --vul_func_name opj_pi_next_cprl --project openjpeg
2025-09-18 10:46:44,009 - ERROR - fail CVE-2016-10506 ,details1

2025-09-18 10:46:44,010 - INFO - detecting CVE-2016-10504 opj_tcd_code_block_enc_allocate_data
2025-09-18 10:46:44,010 - INFO - cmd: python main.py --detect --cve_id CVE-2016-10504 --target_bin /binaries/target_clang/openjpeg/openjpeg-2.1.2-o2-openjpeg --vul_func_name opj_tcd_code_block_enc_allocate_data --project openjpeg
2025-09-18 10:46:47,989 - ERROR - fail CVE-2016-10504 ,details1

2025-09-18 10:46:47,989 - INFO - detecting CVE-2016-10504 opj_tcd_code_block_enc_allocate_data
2025-09-18 10:46:47,990 - INFO - cmd: python main.py --detect --cve_id CVE-2016-10504 --target_bin /binaries/target_clang/openjpeg/openjpeg-2.1.1-o2-openjpeg --vul_func_name opj_tcd_code_block_enc_allocate_data --project openjpeg
2025-09-18 10:46:51,743 - ERROR - fail CVE-2016-10504 ,details1

2025-09-18 10:46:51,743 - INFO - detecting CVE-2016-10504 opj_tcd_code_block_enc_allocate_data
2025-09-18 10:46:51,744 - INFO - cmd: python main.py --detect --cve_id CVE-2016-10504 --target_bin /binaries/target_clang/openjpeg/openjpeg-2.0-o2-openjpeg --vul_func_name opj_tcd_code_block_enc_allocate_data --project openjpeg
2025-09-18 10:46:55,516 - ERROR - fail CVE-2016-10504 ,details1

2025-09-18 10:46:55,517 - INFO - detecting CVE-2016-10504 opj_tcd_code_block_enc_allocate_data
2025-09-18 10:46:55,518 - INFO - cmd: python main.py --detect --cve_id CVE-2016-10504 --target_bin /binaries/target_clang/openjpeg/openjpeg-2.2.0-o2-openjpeg --vul_func_name opj_tcd_code_block_enc_allocate_data --project openjpeg
2025-09-18 10:47:00,146 - ERROR - fail CVE-2016-10504 ,details1

2025-09-18 10:47:00,147 - INFO - detecting CVE-2016-10504 opj_tcd_code_block_enc_allocate_data
2025-09-18 10:47:00,147 - INFO - cmd: python main.py --detect --cve_id CVE-2016-10504 --target_bin /binaries/target_clang/openjpeg/openjpeg-2.3.0-o2-openjpeg --vul_func_name opj_tcd_code_block_enc_allocate_data --project openjpeg
2025-09-18 10:47:04,553 - ERROR - fail CVE-2016-10504 ,details1

2025-09-18 10:47:04,554 - INFO - detecting CVE-2016-10504 opj_tcd_code_block_enc_allocate_data
2025-09-18 10:47:04,555 - INFO - cmd: python main.py --detect --cve_id CVE-2016-10504 --target_bin /binaries/target_clang/openjpeg/openjpeg-2.3.1-o2-openjpeg --vul_func_name opj_tcd_code_block_enc_allocate_data --project openjpeg
2025-09-18 10:47:08,983 - ERROR - fail CVE-2016-10504 ,details1

2025-09-18 10:47:08,984 - INFO - detecting CVE-2017-14152 opj_j2k_set_cinema_parameters
2025-09-18 10:47:08,984 - INFO - cmd: python main.py --detect --cve_id CVE-2017-14152 --target_bin /binaries/target_clang/openjpeg/openjpeg-2.2.0-o2-openjpeg --vul_func_name opj_j2k_set_cinema_parameters --project openjpeg
2025-09-18 10:47:13,110 - ERROR - fail CVE-2017-14152 ,details1

2025-09-18 10:47:13,111 - INFO - detecting CVE-2017-14152 opj_j2k_set_cinema_parameters
2025-09-18 10:47:13,111 - INFO - cmd: python main.py --detect --cve_id CVE-2017-14152 --target_bin /binaries/target_clang/openjpeg/openjpeg-2.3.0-o2-openjpeg --vul_func_name opj_j2k_set_cinema_parameters --project openjpeg
2025-09-18 10:47:24,780 - INFO - success CVE-2017-14152,details in cve_test/CVE-2017-14152.log

2025-09-18 10:47:24,781 - INFO - detecting CVE-2017-14152 opj_j2k_set_cinema_parameters
2025-09-18 10:47:24,781 - INFO - cmd: python main.py --detect --cve_id CVE-2017-14152 --target_bin /binaries/target_clang/openjpeg/openjpeg-2.3.1-o2-openjpeg --vul_func_name opj_j2k_set_cinema_parameters --project openjpeg
2025-09-18 10:47:35,567 - INFO - success CVE-2017-14152,details in cve_test/CVE-2017-14152.log

2025-09-18 10:47:35,568 - INFO - detecting CVE-2017-14152 opj_j2k_set_cinema_parameters
2025-09-18 10:47:35,568 - INFO - cmd: python main.py --detect --cve_id CVE-2017-14152 --target_bin /binaries/target_clang/openjpeg/openjpeg-2.4.0-o2-openjpeg --vul_func_name opj_j2k_set_cinema_parameters --project openjpeg
2025-09-18 10:47:46,868 - INFO - success CVE-2017-14152,details in cve_test/CVE-2017-14152.log

2025-09-18 10:47:46,869 - INFO - detecting CVE-2017-14164 opj_j2k_write_all_tile_parts
2025-09-18 10:47:46,869 - INFO - cmd: python main.py --detect --cve_id CVE-2017-14164 --target_bin /binaries/target_clang/openjpeg/openjpeg-2.2.0-o2-openjpeg --vul_func_name opj_j2k_write_all_tile_parts --project openjpeg
2025-09-18 10:47:51,147 - ERROR - fail CVE-2017-14164 ,details1

2025-09-18 10:47:51,148 - INFO - detecting CVE-2017-14164 opj_j2k_write_all_tile_parts
2025-09-18 10:47:51,149 - INFO - cmd: python main.py --detect --cve_id CVE-2017-14164 --target_bin /binaries/target_clang/openjpeg/openjpeg-2.1.2-o2-openjpeg --vul_func_name opj_j2k_write_all_tile_parts --project openjpeg
2025-09-18 10:47:54,976 - ERROR - fail CVE-2017-14164 ,details1

2025-09-18 10:47:54,977 - INFO - detecting CVE-2017-14164 opj_j2k_write_all_tile_parts
2025-09-18 10:47:54,977 - INFO - cmd: python main.py --detect --cve_id CVE-2017-14164 --target_bin /binaries/target_clang/openjpeg/openjpeg-2.1.1-o2-openjpeg --vul_func_name opj_j2k_write_all_tile_parts --project openjpeg
2025-09-18 10:47:59,420 - ERROR - fail CVE-2017-14164 ,details1

2025-09-18 10:47:59,421 - INFO - detecting CVE-2017-14164 opj_j2k_write_all_tile_parts
2025-09-18 10:47:59,422 - INFO - cmd: python main.py --detect --cve_id CVE-2017-14164 --target_bin /binaries/target_clang/openjpeg/openjpeg-2.3.0-o2-openjpeg --vul_func_name opj_j2k_write_all_tile_parts --project openjpeg
2025-09-18 10:48:03,329 - ERROR - fail CVE-2017-14164 ,details1

2025-09-18 10:48:03,330 - INFO - detecting CVE-2017-14164 opj_j2k_write_all_tile_parts
2025-09-18 10:48:03,330 - INFO - cmd: python main.py --detect --cve_id CVE-2017-14164 --target_bin /binaries/target_clang/openjpeg/openjpeg-2.3.1-o2-openjpeg --vul_func_name opj_j2k_write_all_tile_parts --project openjpeg
2025-09-18 10:48:07,389 - ERROR - fail CVE-2017-14164 ,details1

2025-09-18 10:48:07,390 - INFO - detecting CVE-2017-14164 opj_j2k_write_all_tile_parts
2025-09-18 10:48:07,390 - INFO - cmd: python main.py --detect --cve_id CVE-2017-14164 --target_bin /binaries/target_clang/openjpeg/openjpeg-2.4.0-o2-openjpeg --vul_func_name opj_j2k_write_all_tile_parts --project openjpeg
2025-09-18 10:48:11,495 - ERROR - fail CVE-2017-14164 ,details1