2025-09-18 10:31:14,996 - INFO - detecting CVE-2014-3572 ssl3_get_key_exchange
2025-09-18 10:31:14,996 - INFO - cmd: python main.py --detect --cve_id CVE-2014-3572 --target_bin /binaries/target_clang/openssl/openssl-OpenSSL_1_0_1j-o2-libssl --vul_func_name ssl3_get_key_exchange --project openssl
2025-09-18 10:31:22,021 - INFO - success CVE-2014-3572,details in cve_test/CVE-2014-3572.log

2025-09-18 10:31:22,022 - INFO - detecting CVE-2014-3572 ssl3_get_key_exchange
2025-09-18 10:31:22,023 - INFO - cmd: python main.py --detect --cve_id CVE-2014-3572 --target_bin /binaries/target_clang/openssl/openssl-OpenSSL_0_9_8zc-o2-openssl --vul_func_name ssl3_get_key_exchange --project openssl
2025-09-18 10:31:28,460 - INFO - success CVE-2014-3572,details in cve_test/CVE-2014-3572.log

2025-09-18 10:31:28,461 - INFO - detecting CVE-2014-3572 ssl3_get_key_exchange
2025-09-18 10:31:28,462 - INFO - cmd: python main.py --detect --cve_id CVE-2014-3572 --target_bin /binaries/target_clang/openssl/openssl-OpenSSL_1_0_0o-o2-libssl --vul_func_name ssl3_get_key_exchange --project openssl
2025-09-18 10:31:34,750 - INFO - success CVE-2014-3572,details in cve_test/CVE-2014-3572.log

2025-09-18 10:31:34,751 - INFO - detecting CVE-2014-3572 ssl3_get_key_exchange
2025-09-18 10:31:34,751 - INFO - cmd: python main.py --detect --cve_id CVE-2014-3572 --target_bin /binaries/target_clang/openssl/openssl-OpenSSL_1_0_0p-o2-libssl --vul_func_name ssl3_get_key_exchange --project openssl
2025-09-18 10:31:38,256 - ERROR - fail CVE-2014-3572 ,details1

2025-09-18 10:31:38,257 - INFO - detecting CVE-2014-3572 ssl3_get_key_exchange
2025-09-18 10:31:38,258 - INFO - cmd: python main.py --detect --cve_id CVE-2014-3572 --target_bin /binaries/target_clang/openssl/openssl-OpenSSL_0_9_8zd-o2-openssl --vul_func_name ssl3_get_key_exchange --project openssl
2025-09-18 10:31:45,073 - INFO - success CVE-2014-3572,details in cve_test/CVE-2014-3572.log

2025-09-18 10:31:45,074 - INFO - detecting CVE-2014-3572 ssl3_get_key_exchange
2025-09-18 10:31:45,074 - INFO - cmd: python main.py --detect --cve_id CVE-2014-3572 --target_bin /binaries/target_clang/openssl/openssl-OpenSSL_1_0_1k-o2-libssl --vul_func_name ssl3_get_key_exchange --project openssl
2025-09-18 10:31:52,327 - INFO - success CVE-2014-3572,details in cve_test/CVE-2014-3572.log

2025-09-18 10:31:52,328 - INFO - detecting CVE-2015-0206 dtls1_buffer_record
2025-09-18 10:31:52,329 - INFO - cmd: python main.py --detect --cve_id CVE-2015-0206 --target_bin /binaries/target_clang/openssl/openssl-OpenSSL_1_0_1j-o2-libssl --vul_func_name dtls1_buffer_record --project openssl
2025-09-18 10:32:00,419 - INFO - success CVE-2015-0206,details in cve_test/CVE-2015-0206.log

2025-09-18 10:32:00,420 - INFO - detecting CVE-2015-0206 dtls1_buffer_record
2025-09-18 10:32:00,421 - INFO - cmd: python main.py --detect --cve_id CVE-2015-0206 --target_bin /binaries/target_clang/openssl/openssl-OpenSSL_1_0_0o-o2-libssl --vul_func_name dtls1_buffer_record --project openssl
2025-09-18 10:32:09,145 - INFO - success CVE-2015-0206,details in cve_test/CVE-2015-0206.log

2025-09-18 10:32:09,146 - INFO - detecting CVE-2015-0206 dtls1_buffer_record
2025-09-18 10:32:09,147 - INFO - cmd: python main.py --detect --cve_id CVE-2015-0206 --target_bin /binaries/target_clang/openssl/openssl-OpenSSL_0_9_8ze-o2-openssl --vul_func_name dtls1_buffer_record --project openssl
2025-09-18 10:32:20,039 - INFO - success CVE-2015-0206,details in cve_test/CVE-2015-0206.log

2025-09-18 10:32:20,040 - INFO - detecting CVE-2015-1791 ssl3_get_new_session_ticket
2025-09-18 10:32:20,041 - INFO - cmd: python main.py --detect --cve_id CVE-2015-1791 --target_bin /binaries/target_clang/openssl/openssl-OpenSSL_0_9_8zf-o2-openssl --vul_func_name ssl3_get_new_session_ticket --project openssl
2025-09-18 10:32:25,915 - INFO - success CVE-2015-1791,details in cve_test/CVE-2015-1791.log

2025-09-18 10:32:25,916 - INFO - detecting CVE-2015-1791 ssl3_get_new_session_ticket
2025-09-18 10:32:25,916 - INFO - cmd: python main.py --detect --cve_id CVE-2015-1791 --target_bin /binaries/target_clang/openssl/openssl-OpenSSL_1_0_0s-o2-libssl --vul_func_name ssl3_get_new_session_ticket --project openssl
2025-09-18 10:32:33,104 - INFO - success CVE-2015-1791,details in cve_test/CVE-2015-1791.log

2025-09-18 10:32:33,105 - INFO - detecting CVE-2015-1791 ssl3_get_new_session_ticket
2025-09-18 10:32:33,105 - INFO - cmd: python main.py --detect --cve_id CVE-2015-1791 --target_bin /binaries/target_clang/openssl/openssl-OpenSSL_1_0_2b-o2-libcrypto --vul_func_name ssl3_get_new_session_ticket --project openssl
2025-09-18 10:32:38,253 - ERROR - fail CVE-2015-1791 ,details1

2025-09-18 10:32:38,254 - INFO - detecting CVE-2015-1791 ssl3_get_new_session_ticket
2025-09-18 10:32:38,255 - INFO - cmd: python main.py --detect --cve_id CVE-2015-1791 --target_bin /binaries/target_clang/openssl/openssl-OpenSSL_1_0_1n-o2-libssl --vul_func_name ssl3_get_new_session_ticket --project openssl
2025-09-18 10:32:45,169 - INFO - success CVE-2015-1791,details in cve_test/CVE-2015-1791.log

2025-09-18 10:32:45,170 - INFO - detecting CVE-2015-1789 X509_cmp_time
2025-09-18 10:32:45,171 - INFO - cmd: python main.py --detect --cve_id CVE-2015-1789 --target_bin /binaries/target_clang/openssl/openssl-OpenSSL_1_0_0r-o2-libcrypto --vul_func_name X509_cmp_time --project openssl
2025-09-18 10:32:52,369 - INFO - success CVE-2015-1789,details in cve_test/CVE-2015-1789.log

2025-09-18 10:32:52,370 - INFO - detecting CVE-2015-1789 X509_cmp_time
2025-09-18 10:32:52,371 - INFO - cmd: python main.py --detect --cve_id CVE-2015-1789 --target_bin /binaries/target_clang/openssl/openssl-OpenSSL_0_9_8zf-o2-openssl --vul_func_name X509_cmp_time --project openssl
2025-09-18 10:32:59,233 - INFO - success CVE-2015-1789,details in cve_test/CVE-2015-1789.log

2025-09-18 10:32:59,234 - INFO - detecting CVE-2015-1789 X509_cmp_time
2025-09-18 10:32:59,234 - INFO - cmd: python main.py --detect --cve_id CVE-2015-1789 --target_bin /binaries/target_clang/openssl/openssl-OpenSSL_1_0_1o-o2-libssl --vul_func_name X509_cmp_time --project openssl
2025-09-18 10:33:02,842 - ERROR - fail CVE-2015-1789 ,details1

2025-09-18 10:33:02,843 - INFO - detecting CVE-2015-1789 X509_cmp_time
2025-09-18 10:33:02,843 - INFO - cmd: python main.py --detect --cve_id CVE-2015-1789 --target_bin /binaries/target_clang/openssl/openssl-OpenSSL_1_0_2d-o2-openssl --vul_func_name X509_cmp_time --project openssl
2025-09-18 10:33:10,122 - INFO - success CVE-2015-1789,details in cve_test/CVE-2015-1789.log

2025-09-18 10:33:10,123 - INFO - detecting CVE-2015-3195 ASN1_item_ex_d2i
2025-09-18 10:33:10,124 - INFO - cmd: python main.py --detect --cve_id CVE-2015-3195 --target_bin /binaries/target_clang/openssl/openssl-OpenSSL_1_0_2d-o2-openssl --vul_func_name ASN1_item_ex_d2i --project openssl
2025-09-18 10:33:42,730 - INFO - success CVE-2015-3195,details in cve_test/CVE-2015-3195.log

2025-09-18 10:33:42,731 - INFO - detecting CVE-2015-3195 ASN1_item_ex_d2i
2025-09-18 10:33:42,732 - INFO - cmd: python main.py --detect --cve_id CVE-2015-3195 --target_bin /binaries/target_clang/openssl/openssl-OpenSSL_1_0_1p-o2-openssl --vul_func_name ASN1_item_ex_d2i --project openssl
2025-09-18 10:34:14,282 - INFO - success CVE-2015-3195,details in cve_test/CVE-2015-3195.log

2025-09-18 10:34:14,283 - INFO - detecting CVE-2015-3195 ASN1_item_ex_d2i
2025-09-18 10:34:14,283 - INFO - cmd: python main.py --detect --cve_id CVE-2015-3195 --target_bin /binaries/target_clang/openssl/openssl-OpenSSL_1_0_1o-o2-libssl --vul_func_name ASN1_item_ex_d2i --project openssl
2025-09-18 10:34:17,575 - ERROR - fail CVE-2015-3195 ,details1

2025-09-18 10:34:17,576 - INFO - detecting CVE-2015-3195 ASN1_item_ex_d2i
2025-09-18 10:34:17,577 - INFO - cmd: python main.py --detect --cve_id CVE-2015-3195 --target_bin /binaries/target_clang/openssl/openssl-OpenSSL_1_0_1r-o2-openssl --vul_func_name ASN1_item_ex_d2i --project openssl
2025-09-18 10:34:48,309 - INFO - success CVE-2015-3195,details in cve_test/CVE-2015-3195.log

2025-09-18 10:34:48,310 - INFO - detecting CVE-2015-3195 ASN1_item_ex_d2i
2025-09-18 10:34:48,310 - INFO - cmd: python main.py --detect --cve_id CVE-2015-3195 --target_bin /binaries/target_clang/openssl/openssl-OpenSSL_1_0_2f-o2-openssl --vul_func_name ASN1_item_ex_d2i --project openssl
2025-09-18 10:35:17,789 - INFO - success CVE-2015-3195,details in cve_test/CVE-2015-3195.log

2025-09-18 10:35:17,791 - INFO - detecting CVE-2015-3195 ASN1_item_ex_d2i
2025-09-18 10:35:17,792 - INFO - cmd: python main.py --detect --cve_id CVE-2015-3195 --target_bin /binaries/target_clang/openssl/openssl-OpenSSL-fips-2_0_12-o2-openssl --vul_func_name ASN1_item_ex_d2i --project openssl
2025-09-18 10:35:21,297 - ERROR - fail CVE-2015-3195 ,details1

2025-09-18 10:35:21,298 - INFO - detecting CVE-2015-3197 get_client_hello
2025-09-18 10:35:21,298 - INFO - cmd: python main.py --detect --cve_id CVE-2015-3197 --target_bin /binaries/target_clang/openssl/openssl-OpenSSL_1_0_1q-o2-openssl --vul_func_name get_client_hello --project openssl
2025-09-18 10:35:29,307 - INFO - success CVE-2015-3197,details in cve_test/CVE-2015-3197.log

2025-09-18 10:35:29,307 - INFO - detecting CVE-2015-3197 get_client_hello
2025-09-18 10:35:29,308 - INFO - cmd: python main.py --detect --cve_id CVE-2015-3197 --target_bin /binaries/target_clang/openssl/openssl-OpenSSL_1_0_2e-o2-openssl --vul_func_name get_client_hello --project openssl
2025-09-18 10:35:36,771 - INFO - success CVE-2015-3197,details in cve_test/CVE-2015-3197.log

2025-09-18 10:35:36,772 - INFO - detecting CVE-2015-3197 get_client_hello
2025-09-18 10:35:36,773 - INFO - cmd: python main.py --detect --cve_id CVE-2015-3197 --target_bin /binaries/target_clang/openssl/openssl-OpenSSL_1_0_1p-o2-openssl --vul_func_name get_client_hello --project openssl
2025-09-18 10:35:44,673 - INFO - success CVE-2015-3197,details in cve_test/CVE-2015-3197.log

2025-09-18 10:35:44,680 - INFO - detecting CVE-2015-3197 get_client_hello
2025-09-18 10:35:44,680 - INFO - cmd: python main.py --detect --cve_id CVE-2015-3197 --target_bin /binaries/target_clang/openssl/openssl-OpenSSL-fips-2_0_12-o2-openssl --vul_func_name get_client_hello --project openssl
2025-09-18 10:35:48,165 - ERROR - fail CVE-2015-3197 ,details1

2025-09-18 10:35:48,165 - INFO - detecting CVE-2015-3197 get_client_hello
2025-09-18 10:35:48,166 - INFO - cmd: python main.py --detect --cve_id CVE-2015-3197 --target_bin /binaries/target_clang/openssl/openssl-OpenSSL-fips-2_0_10-o2-openssl --vul_func_name get_client_hello --project openssl
2025-09-18 10:35:51,343 - ERROR - fail CVE-2015-3197 ,details1

2025-09-18 10:35:51,344 - INFO - detecting CVE-2015-3197 get_client_hello
2025-09-18 10:35:51,345 - INFO - cmd: python main.py --detect --cve_id CVE-2015-3197 --target_bin /binaries/target_clang/openssl/openssl-OpenSSL-fips-2_0_11-o2-openssl --vul_func_name get_client_hello --project openssl
2025-09-18 10:35:54,744 - ERROR - fail CVE-2015-3197 ,details1

2025-09-18 10:35:54,745 - INFO - detecting CVE-2016-0705 dsa_priv_decode
2025-09-18 10:35:54,745 - INFO - cmd: python main.py --detect --cve_id CVE-2016-0705 --target_bin /binaries/target_clang/openssl/openssl-OpenSSL_1_0_2f-o2-openssl --vul_func_name dsa_priv_decode --project openssl
2025-09-18 10:36:00,511 - INFO - success CVE-2016-0705,details in cve_test/CVE-2016-0705.log

2025-09-18 10:36:00,512 - INFO - detecting CVE-2016-0705 dsa_priv_decode
2025-09-18 10:36:00,513 - INFO - cmd: python main.py --detect --cve_id CVE-2016-0705 --target_bin /binaries/target_clang/openssl/openssl-OpenSSL_1_0_1r-o2-openssl --vul_func_name dsa_priv_decode --project openssl
2025-09-18 10:36:06,560 - INFO - success CVE-2016-0705,details in cve_test/CVE-2016-0705.log

2025-09-18 10:36:06,561 - INFO - detecting CVE-2016-0705 dsa_priv_decode
2025-09-18 10:36:06,561 - INFO - cmd: python main.py --detect --cve_id CVE-2016-0705 --target_bin /binaries/target_clang/openssl/openssl-OpenSSL_1_0_1q-o2-openssl --vul_func_name dsa_priv_decode --project openssl
2025-09-18 10:36:13,241 - INFO - success CVE-2016-0705,details in cve_test/CVE-2016-0705.log

2025-09-18 10:36:13,242 - INFO - detecting CVE-2016-0705 dsa_priv_decode
2025-09-18 10:36:13,242 - INFO - cmd: python main.py --detect --cve_id CVE-2016-0705 --target_bin /binaries/target_clang/openssl/openssl-OpenSSL_1_0_2g-o2-openssl --vul_func_name dsa_priv_decode --project openssl
2025-09-18 10:36:23,253 - INFO - success CVE-2016-0705,details in cve_test/CVE-2016-0705.log

2025-09-18 10:36:23,254 - INFO - detecting CVE-2016-0705 dsa_priv_decode
2025-09-18 10:36:23,254 - INFO - cmd: python main.py --detect --cve_id CVE-2016-0705 --target_bin /binaries/target_clang/openssl/openssl-OpenSSL_1_0_1s-o2-openssl --vul_func_name dsa_priv_decode --project openssl
2025-09-18 10:36:32,462 - INFO - success CVE-2016-0705,details in cve_test/CVE-2016-0705.log

2025-09-18 10:36:32,463 - INFO - detecting CVE-2016-0705 dsa_priv_decode
2025-09-18 10:36:32,463 - INFO - cmd: python main.py --detect --cve_id CVE-2016-0705 --target_bin /binaries/target_clang/openssl/openssl-OpenSSL_1_0_2h-o2-openssl --vul_func_name dsa_priv_decode --project openssl
2025-09-18 10:36:42,358 - INFO - success CVE-2016-0705,details in cve_test/CVE-2016-0705.log

2025-09-18 10:36:42,359 - INFO - detecting CVE-2016-0798 init_ssl_connection
2025-09-18 10:36:42,359 - INFO - cmd: python main.py --detect --cve_id CVE-2016-0798 --target_bin /binaries/target_clang/openssl/openssl-OpenSSL_1_0_2f-o2-openssl --vul_func_name init_ssl_connection --project openssl
2025-09-18 10:36:52,412 - INFO - success CVE-2016-0798,details in cve_test/CVE-2016-0798.log

2025-09-18 10:36:52,413 - INFO - detecting CVE-2016-0798 init_ssl_connection
2025-09-18 10:36:52,413 - INFO - cmd: python main.py --detect --cve_id CVE-2016-0798 --target_bin /binaries/target_clang/openssl/openssl-OpenSSL_1_0_1r-o2-openssl --vul_func_name init_ssl_connection --project openssl
2025-09-18 10:37:02,794 - INFO - success CVE-2016-0798,details in cve_test/CVE-2016-0798.log

2025-09-18 10:37:02,795 - INFO - detecting CVE-2016-0798 init_ssl_connection
2025-09-18 10:37:02,795 - INFO - cmd: python main.py --detect --cve_id CVE-2016-0798 --target_bin /binaries/target_clang/openssl/openssl-OpenSSL_1_0_1q-o2-openssl --vul_func_name init_ssl_connection --project openssl
2025-09-18 10:37:12,709 - INFO - success CVE-2016-0798,details in cve_test/CVE-2016-0798.log

2025-09-18 10:37:12,711 - INFO - detecting CVE-2016-0798 init_ssl_connection
2025-09-18 10:37:12,711 - INFO - cmd: python main.py --detect --cve_id CVE-2016-0798 --target_bin /binaries/target_clang/openssl/openssl-OpenSSL_1_0_2g-o2-openssl --vul_func_name init_ssl_connection --project openssl
2025-09-18 10:37:34,300 - INFO - success CVE-2016-0798,details in cve_test/CVE-2016-0798.log

2025-09-18 10:37:34,301 - INFO - detecting CVE-2016-0798 init_ssl_connection
2025-09-18 10:37:34,301 - INFO - cmd: python main.py --detect --cve_id CVE-2016-0798 --target_bin /binaries/target_clang/openssl/openssl-OpenSSL_1_0_1s-o2-openssl --vul_func_name init_ssl_connection --project openssl
2025-09-18 10:37:57,896 - INFO - success CVE-2016-0798,details in cve_test/CVE-2016-0798.log

2025-09-18 10:37:57,897 - INFO - detecting CVE-2016-0798 init_ssl_connection
2025-09-18 10:37:57,897 - INFO - cmd: python main.py --detect --cve_id CVE-2016-0798 --target_bin /binaries/target_clang/openssl/openssl-OpenSSL_1_0_2h-o2-openssl --vul_func_name init_ssl_connection --project openssl
2025-09-18 10:38:18,830 - INFO - success CVE-2016-0798,details in cve_test/CVE-2016-0798.log

2025-09-18 10:38:18,831 - INFO - detecting CVE-2016-0799 BIO_vprintf
2025-09-18 10:38:18,832 - INFO - cmd: python main.py --detect --cve_id CVE-2016-0799 --target_bin /binaries/target_clang/openssl/openssl-OpenSSL_1_0_2f-o2-openssl --vul_func_name BIO_vprintf --project openssl
2025-09-18 10:38:25,738 - INFO - success CVE-2016-0799,details in cve_test/CVE-2016-0799.log

2025-09-18 10:38:25,739 - INFO - detecting CVE-2016-0799 BIO_vprintf
2025-09-18 10:38:25,739 - INFO - cmd: python main.py --detect --cve_id CVE-2016-0799 --target_bin /binaries/target_clang/openssl/openssl-OpenSSL_1_0_1r-o2-openssl --vul_func_name BIO_vprintf --project openssl
2025-09-18 10:38:31,603 - INFO - success CVE-2016-0799,details in cve_test/CVE-2016-0799.log

2025-09-18 10:38:31,604 - INFO - detecting CVE-2016-0799 BIO_vprintf
2025-09-18 10:38:31,604 - INFO - cmd: python main.py --detect --cve_id CVE-2016-0799 --target_bin /binaries/target_clang/openssl/openssl-OpenSSL_1_0_1q-o2-openssl --vul_func_name BIO_vprintf --project openssl
2025-09-18 10:38:38,520 - INFO - success CVE-2016-0799,details in cve_test/CVE-2016-0799.log

2025-09-18 10:38:38,521 - INFO - detecting CVE-2016-0799 BIO_vprintf
2025-09-18 10:38:38,521 - INFO - cmd: python main.py --detect --cve_id CVE-2016-0799 --target_bin /binaries/target_clang/openssl/openssl-OpenSSL_1_0_2g-o2-openssl --vul_func_name BIO_vprintf --project openssl
2025-09-18 10:38:44,426 - INFO - success CVE-2016-0799,details in cve_test/CVE-2016-0799.log

2025-09-18 10:38:44,427 - INFO - detecting CVE-2016-0799 BIO_vprintf
2025-09-18 10:38:44,427 - INFO - cmd: python main.py --detect --cve_id CVE-2016-0799 --target_bin /binaries/target_clang/openssl/openssl-OpenSSL_1_0_1s-o2-openssl --vul_func_name BIO_vprintf --project openssl
2025-09-18 10:38:50,053 - INFO - success CVE-2016-0799,details in cve_test/CVE-2016-0799.log

2025-09-18 10:38:50,054 - INFO - detecting CVE-2016-0799 BIO_vprintf
2025-09-18 10:38:50,055 - INFO - cmd: python main.py --detect --cve_id CVE-2016-0799 --target_bin /binaries/target_clang/openssl/openssl-OpenSSL_1_0_2h-o2-openssl --vul_func_name BIO_vprintf --project openssl
2025-09-18 10:38:55,809 - INFO - success CVE-2016-0799,details in cve_test/CVE-2016-0799.log

2025-09-18 10:38:55,810 - INFO - detecting CVE-2016-2842 BIO_vsnprintf
2025-09-18 10:38:55,810 - INFO - cmd: python main.py --detect --cve_id CVE-2016-2842 --target_bin /binaries/target_clang/openssl/openssl-OpenSSL_1_0_2f-o2-openssl --vul_func_name BIO_vsnprintf --project openssl
2025-09-18 10:39:01,902 - INFO - success CVE-2016-2842,details in cve_test/CVE-2016-2842.log

2025-09-18 10:39:01,903 - INFO - detecting CVE-2016-2842 BIO_vsnprintf
2025-09-18 10:39:01,904 - INFO - cmd: python main.py --detect --cve_id CVE-2016-2842 --target_bin /binaries/target_clang/openssl/openssl-OpenSSL_1_0_1r-o2-openssl --vul_func_name BIO_vsnprintf --project openssl
2025-09-18 10:39:07,448 - INFO - success CVE-2016-2842,details in cve_test/CVE-2016-2842.log

2025-09-18 10:39:07,448 - INFO - detecting CVE-2016-2842 BIO_vsnprintf
2025-09-18 10:39:07,449 - INFO - cmd: python main.py --detect --cve_id CVE-2016-2842 --target_bin /binaries/target_clang/openssl/openssl-OpenSSL_1_0_1q-o2-openssl --vul_func_name BIO_vsnprintf --project openssl
2025-09-18 10:39:13,887 - INFO - success CVE-2016-2842,details in cve_test/CVE-2016-2842.log

2025-09-18 10:39:13,888 - INFO - detecting CVE-2016-2842 BIO_vsnprintf
2025-09-18 10:39:13,889 - INFO - cmd: python main.py --detect --cve_id CVE-2016-2842 --target_bin /binaries/target_clang/openssl/openssl-OpenSSL_1_0_2g-o2-openssl --vul_func_name BIO_vsnprintf --project openssl
2025-09-18 10:39:19,355 - INFO - success CVE-2016-2842,details in cve_test/CVE-2016-2842.log

2025-09-18 10:39:19,355 - INFO - detecting CVE-2016-2842 BIO_vsnprintf
2025-09-18 10:39:19,356 - INFO - cmd: python main.py --detect --cve_id CVE-2016-2842 --target_bin /binaries/target_clang/openssl/openssl-OpenSSL_1_0_1s-o2-openssl --vul_func_name BIO_vsnprintf --project openssl
2025-09-18 10:39:25,148 - INFO - success CVE-2016-2842,details in cve_test/CVE-2016-2842.log

2025-09-18 10:39:25,149 - INFO - detecting CVE-2016-2842 BIO_vsnprintf
2025-09-18 10:39:25,149 - INFO - cmd: python main.py --detect --cve_id CVE-2016-2842 --target_bin /binaries/target_clang/openssl/openssl-OpenSSL_1_0_2h-o2-openssl --vul_func_name BIO_vsnprintf --project openssl
2025-09-18 10:39:30,427 - INFO - success CVE-2016-2842,details in cve_test/CVE-2016-2842.log

2025-09-18 10:39:30,428 - INFO - detecting CVE-2016-2842 BIO_vprintf
2025-09-18 10:39:30,428 - INFO - cmd: python main.py --detect --cve_id CVE-2016-2842 --target_bin /binaries/target_clang/openssl/openssl-OpenSSL_1_0_2f-o2-openssl --vul_func_name BIO_vprintf --project openssl
2025-09-18 10:39:36,522 - INFO - success CVE-2016-2842,details in cve_test/CVE-2016-2842.log

2025-09-18 10:39:36,523 - INFO - detecting CVE-2016-2842 BIO_vprintf
2025-09-18 10:39:36,524 - INFO - cmd: python main.py --detect --cve_id CVE-2016-2842 --target_bin /binaries/target_clang/openssl/openssl-OpenSSL_1_0_1r-o2-openssl --vul_func_name BIO_vprintf --project openssl
2025-09-18 10:39:42,560 - INFO - success CVE-2016-2842,details in cve_test/CVE-2016-2842.log

2025-09-18 10:39:42,561 - INFO - detecting CVE-2016-2842 BIO_vprintf
2025-09-18 10:39:42,562 - INFO - cmd: python main.py --detect --cve_id CVE-2016-2842 --target_bin /binaries/target_clang/openssl/openssl-OpenSSL_1_0_1q-o2-openssl --vul_func_name BIO_vprintf --project openssl
2025-09-18 10:39:49,066 - INFO - success CVE-2016-2842,details in cve_test/CVE-2016-2842.log

2025-09-18 10:39:49,067 - INFO - detecting CVE-2016-2842 BIO_vprintf
2025-09-18 10:39:49,068 - INFO - cmd: python main.py --detect --cve_id CVE-2016-2842 --target_bin /binaries/target_clang/openssl/openssl-OpenSSL_1_0_2g-o2-openssl --vul_func_name BIO_vprintf --project openssl
2025-09-18 10:39:54,915 - INFO - success CVE-2016-2842,details in cve_test/CVE-2016-2842.log

2025-09-18 10:39:54,916 - INFO - detecting CVE-2016-2842 BIO_vprintf
2025-09-18 10:39:54,916 - INFO - cmd: python main.py --detect --cve_id CVE-2016-2842 --target_bin /binaries/target_clang/openssl/openssl-OpenSSL_1_0_1s-o2-openssl --vul_func_name BIO_vprintf --project openssl
2025-09-18 10:40:00,393 - INFO - success CVE-2016-2842,details in cve_test/CVE-2016-2842.log

2025-09-18 10:40:00,393 - INFO - detecting CVE-2016-2842 BIO_vprintf
2025-09-18 10:40:00,394 - INFO - cmd: python main.py --detect --cve_id CVE-2016-2842 --target_bin /binaries/target_clang/openssl/openssl-OpenSSL_1_0_2h-o2-openssl --vul_func_name BIO_vprintf --project openssl
2025-09-18 10:40:06,629 - INFO - success CVE-2016-2842,details in cve_test/CVE-2016-2842.log

2025-09-18 10:40:06,630 - INFO - detecting CVE-2016-2842 doapr_outch
2025-09-18 10:40:06,630 - INFO - cmd: python main.py --detect --cve_id CVE-2016-2842 --target_bin /binaries/target_clang/openssl/openssl-OpenSSL_1_0_2f-o2-openssl --vul_func_name doapr_outch --project openssl
2025-09-18 10:40:12,405 - INFO - success CVE-2016-2842,details in cve_test/CVE-2016-2842.log

2025-09-18 10:40:12,406 - INFO - detecting CVE-2016-2842 doapr_outch
2025-09-18 10:40:12,407 - INFO - cmd: python main.py --detect --cve_id CVE-2016-2842 --target_bin /binaries/target_clang/openssl/openssl-OpenSSL_1_0_1r-o2-openssl --vul_func_name doapr_outch --project openssl
2025-09-18 10:40:18,744 - INFO - success CVE-2016-2842,details in cve_test/CVE-2016-2842.log

2025-09-18 10:40:18,745 - INFO - detecting CVE-2016-2842 doapr_outch
2025-09-18 10:40:18,746 - INFO - cmd: python main.py --detect --cve_id CVE-2016-2842 --target_bin /binaries/target_clang/openssl/openssl-OpenSSL_1_0_1q-o2-openssl --vul_func_name doapr_outch --project openssl
2025-09-18 10:40:24,239 - INFO - success CVE-2016-2842,details in cve_test/CVE-2016-2842.log

2025-09-18 10:40:24,240 - INFO - detecting CVE-2016-2842 doapr_outch
2025-09-18 10:40:24,240 - INFO - cmd: python main.py --detect --cve_id CVE-2016-2842 --target_bin /binaries/target_clang/openssl/openssl-OpenSSL_1_0_2g-o2-openssl --vul_func_name doapr_outch --project openssl
2025-09-18 10:40:30,439 - INFO - success CVE-2016-2842,details in cve_test/CVE-2016-2842.log

2025-09-18 10:40:30,440 - INFO - detecting CVE-2016-2842 doapr_outch
2025-09-18 10:40:30,440 - INFO - cmd: python main.py --detect --cve_id CVE-2016-2842 --target_bin /binaries/target_clang/openssl/openssl-OpenSSL_1_0_1s-o2-openssl --vul_func_name doapr_outch --project openssl
2025-09-18 10:40:36,482 - INFO - success CVE-2016-2842,details in cve_test/CVE-2016-2842.log

2025-09-18 10:40:36,483 - INFO - detecting CVE-2016-2842 doapr_outch
2025-09-18 10:40:36,484 - INFO - cmd: python main.py --detect --cve_id CVE-2016-2842 --target_bin /binaries/target_clang/openssl/openssl-OpenSSL_1_0_2h-o2-openssl --vul_func_name doapr_outch --project openssl
2025-09-18 10:40:42,081 - INFO - success CVE-2016-2842,details in cve_test/CVE-2016-2842.log

2025-09-18 10:40:42,082 - INFO - detecting CVE-2016-0702 MOD_EXP_CTIME_COPY_TO_PREBUF
2025-09-18 10:40:42,082 - INFO - cmd: python main.py --detect --cve_id CVE-2016-0702 --target_bin /binaries/target_clang/openssl/openssl-OpenSSL_1_0_2f-o2-openssl --vul_func_name MOD_EXP_CTIME_COPY_TO_PREBUF --project openssl
2025-09-18 10:40:50,561 - INFO - success CVE-2016-0702,details in cve_test/CVE-2016-0702.log

2025-09-18 10:40:50,562 - INFO - detecting CVE-2016-0702 MOD_EXP_CTIME_COPY_TO_PREBUF
2025-09-18 10:40:50,562 - INFO - cmd: python main.py --detect --cve_id CVE-2016-0702 --target_bin /binaries/target_clang/openssl/openssl-OpenSSL_1_0_1r-o2-openssl --vul_func_name MOD_EXP_CTIME_COPY_TO_PREBUF --project openssl
2025-09-18 10:40:58,240 - INFO - success CVE-2016-0702,details in cve_test/CVE-2016-0702.log

2025-09-18 10:40:58,241 - INFO - detecting CVE-2016-0702 MOD_EXP_CTIME_COPY_TO_PREBUF
2025-09-18 10:40:58,241 - INFO - cmd: python main.py --detect --cve_id CVE-2016-0702 --target_bin /binaries/target_clang/openssl/openssl-OpenSSL_1_0_1q-o2-openssl --vul_func_name MOD_EXP_CTIME_COPY_TO_PREBUF --project openssl
2025-09-18 10:41:06,635 - INFO - success CVE-2016-0702,details in cve_test/CVE-2016-0702.log

2025-09-18 10:41:06,636 - INFO - detecting CVE-2016-0702 MOD_EXP_CTIME_COPY_TO_PREBUF
2025-09-18 10:41:06,637 - INFO - cmd: python main.py --detect --cve_id CVE-2016-0702 --target_bin /binaries/target_clang/openssl/openssl-OpenSSL_1_0_2h-o2-openssl --vul_func_name MOD_EXP_CTIME_COPY_TO_PREBUF --project openssl
2025-09-18 10:41:13,061 - INFO - success CVE-2016-0702,details in cve_test/CVE-2016-0702.log

2025-09-18 10:41:13,063 - INFO - detecting CVE-2016-0702 MOD_EXP_CTIME_COPY_TO_PREBUF
2025-09-18 10:41:13,063 - INFO - cmd: python main.py --detect --cve_id CVE-2016-0702 --target_bin /binaries/target_clang/openssl/openssl-OpenSSL_1_0_1t-o2-openssl --vul_func_name MOD_EXP_CTIME_COPY_TO_PREBUF --project openssl
2025-09-18 10:41:19,641 - INFO - success CVE-2016-0702,details in cve_test/CVE-2016-0702.log

2025-09-18 10:41:19,642 - INFO - detecting CVE-2016-0702 MOD_EXP_CTIME_COPY_TO_PREBUF
2025-09-18 10:41:19,642 - INFO - cmd: python main.py --detect --cve_id CVE-2016-0702 --target_bin /binaries/target_clang/openssl/openssl-OpenSSL_1_0_2i-o2-openssl --vul_func_name MOD_EXP_CTIME_COPY_TO_PREBUF --project openssl
2025-09-18 10:41:26,188 - INFO - success CVE-2016-0702,details in cve_test/CVE-2016-0702.log

2025-09-18 10:41:26,189 - INFO - detecting CVE-2016-2109 asn1_d2i_read_bio
2025-09-18 10:41:26,190 - INFO - cmd: python main.py --detect --cve_id CVE-2016-2109 --target_bin /binaries/target_clang/openssl/openssl-OpenSSL_1_0_2g-o2-libcrypto --vul_func_name asn1_d2i_read_bio --project openssl
2025-09-18 10:41:33,140 - INFO - success CVE-2016-2109,details in cve_test/CVE-2016-2109.log

2025-09-18 10:41:33,140 - INFO - detecting CVE-2016-2109 asn1_d2i_read_bio
2025-09-18 10:41:33,141 - INFO - cmd: python main.py --detect --cve_id CVE-2016-2109 --target_bin /binaries/target_clang/openssl/openssl-OpenSSL_1_0_1s-o2-libcrypto --vul_func_name asn1_d2i_read_bio --project openssl
2025-09-18 10:41:40,207 - INFO - success CVE-2016-2109,details in cve_test/CVE-2016-2109.log

2025-09-18 10:41:40,208 - INFO - detecting CVE-2016-2109 asn1_d2i_read_bio
2025-09-18 10:41:40,209 - INFO - cmd: python main.py --detect --cve_id CVE-2016-2109 --target_bin /binaries/target_clang/openssl/openssl-OpenSSL_1_0_2f-o2-libcrypto --vul_func_name asn1_d2i_read_bio --project openssl
2025-09-18 10:41:47,802 - INFO - success CVE-2016-2109,details in cve_test/CVE-2016-2109.log

2025-09-18 10:41:47,803 - INFO - detecting CVE-2016-2109 asn1_d2i_read_bio
2025-09-18 10:41:47,804 - INFO - cmd: python main.py --detect --cve_id CVE-2016-2109 --target_bin /binaries/target_clang/openssl/openssl-OpenSSL_1_0_2h-o2-libcrypto --vul_func_name asn1_d2i_read_bio --project openssl
2025-09-18 10:41:54,701 - INFO - success CVE-2016-2109,details in cve_test/CVE-2016-2109.log

2025-09-18 10:41:54,702 - INFO - detecting CVE-2016-2109 asn1_d2i_read_bio
2025-09-18 10:41:54,703 - INFO - cmd: python main.py --detect --cve_id CVE-2016-2109 --target_bin /binaries/target_clang/openssl/openssl-OpenSSL_1_0_1t-o2-libcrypto --vul_func_name asn1_d2i_read_bio --project openssl
2025-09-18 10:42:01,715 - INFO - success CVE-2016-2109,details in cve_test/CVE-2016-2109.log

2025-09-18 10:42:01,716 - INFO - detecting CVE-2016-2109 asn1_d2i_read_bio
2025-09-18 10:42:01,717 - INFO - cmd: python main.py --detect --cve_id CVE-2016-2109 --target_bin /binaries/target_clang/openssl/openssl-OpenSSL_1_0_2i-o2-libcrypto --vul_func_name asn1_d2i_read_bio --project openssl
2025-09-18 10:42:09,505 - INFO - success CVE-2016-2109,details in cve_test/CVE-2016-2109.log

2025-09-18 10:42:09,506 - INFO - detecting CVE-2016-6306 ssl3_get_certificate_request
2025-09-18 10:42:09,507 - INFO - cmd: python main.py --detect --cve_id CVE-2016-6306 --target_bin /binaries/target_clang/openssl/openssl-OpenSSL_1_0_2h-o2-openssl --vul_func_name ssl3_get_certificate_request --project openssl
2025-09-18 10:42:15,790 - INFO - success CVE-2016-6306,details in cve_test/CVE-2016-6306.log

2025-09-18 10:42:15,791 - INFO - detecting CVE-2016-6306 ssl3_get_certificate_request
2025-09-18 10:42:15,791 - INFO - cmd: python main.py --detect --cve_id CVE-2016-6306 --target_bin /binaries/target_clang/openssl/openssl-OpenSSL_1_0_1t-o2-openssl --vul_func_name ssl3_get_certificate_request --project openssl
2025-09-18 10:42:40,939 - INFO - success CVE-2016-6306,details in cve_test/CVE-2016-6306.log

2025-09-18 10:42:40,940 - INFO - detecting CVE-2016-6306 ssl3_get_certificate_request
2025-09-18 10:42:40,940 - INFO - cmd: python main.py --detect --cve_id CVE-2016-6306 --target_bin /binaries/target_clang/openssl/openssl-OpenSSL_1_0_1s-o2-openssl --vul_func_name ssl3_get_certificate_request --project openssl
2025-09-18 10:43:02,807 - INFO - success CVE-2016-6306,details in cve_test/CVE-2016-6306.log

2025-09-18 10:43:02,808 - INFO - detecting CVE-2016-6306 ssl3_get_certificate_request
2025-09-18 10:43:02,808 - INFO - cmd: python main.py --detect --cve_id CVE-2016-6306 --target_bin /binaries/target_clang/openssl/openssl-OpenSSL_1_0_2i-o2-openssl --vul_func_name ssl3_get_certificate_request --project openssl
2025-09-18 10:43:09,819 - INFO - success CVE-2016-6306,details in cve_test/CVE-2016-6306.log

2025-09-18 10:43:09,820 - INFO - detecting CVE-2016-6306 ssl3_get_certificate_request
2025-09-18 10:43:09,821 - INFO - cmd: python main.py --detect --cve_id CVE-2016-6306 --target_bin /binaries/target_clang/openssl/openssl-OpenSSL_1_0_1u-o2-openssl --vul_func_name ssl3_get_certificate_request --project openssl
2025-09-18 10:43:34,000 - INFO - success CVE-2016-6306,details in cve_test/CVE-2016-6306.log

2025-09-18 10:43:34,002 - INFO - detecting CVE-2016-6306 ssl3_get_certificate_request
2025-09-18 10:43:34,002 - INFO - cmd: python main.py --detect --cve_id CVE-2016-6306 --target_bin /binaries/target_clang/openssl/openssl-OpenSSL_1_0_2j-o2-openssl --vul_func_name ssl3_get_certificate_request --project openssl
2025-09-18 10:43:40,022 - INFO - success CVE-2016-6306,details in cve_test/CVE-2016-6306.log

2025-09-18 10:43:40,023 - INFO - detecting CVE-2018-0732 generate_key
2025-09-18 10:43:40,024 - INFO - cmd: python main.py --detect --cve_id CVE-2018-0732 --target_bin /binaries/target_clang/openssl/openssl-OpenSSL_1_1_0h-o2-openssl --vul_func_name generate_key --project openssl
2025-09-18 10:43:45,332 - ERROR - fail CVE-2018-0732 ,details1

2025-09-18 10:43:45,333 - INFO - detecting CVE-2018-0732 generate_key
2025-09-18 10:43:45,334 - INFO - cmd: python main.py --detect --cve_id CVE-2018-0732 --target_bin /binaries/target_clang/openssl/openssl-OpenSSL_1_0_2o-o2-openssl --vul_func_name generate_key --project openssl
2025-09-18 10:44:12,426 - INFO - success CVE-2018-0732,details in cve_test/CVE-2018-0732.log

2025-09-18 10:44:12,427 - INFO - detecting CVE-2018-0732 generate_key
2025-09-18 10:44:12,427 - INFO - cmd: python main.py --detect --cve_id CVE-2018-0732 --target_bin /binaries/target_clang/openssl/openssl-OpenSSL_1_0_2n-o2-openssl --vul_func_name generate_key --project openssl
2025-09-18 10:44:38,200 - INFO - success CVE-2018-0732,details in cve_test/CVE-2018-0732.log

2025-09-18 10:44:38,201 - INFO - detecting CVE-2018-0732 generate_key
2025-09-18 10:44:38,201 - INFO - cmd: python main.py --detect --cve_id CVE-2018-0732 --target_bin /binaries/target_clang/openssl/openssl-OpenSSL_1_0_2p-o2-openssl --vul_func_name generate_key --project openssl
2025-09-18 10:45:09,886 - INFO - success CVE-2018-0732,details in cve_test/CVE-2018-0732.log

2025-09-18 10:45:09,887 - INFO - detecting CVE-2018-0732 generate_key
2025-09-18 10:45:09,888 - INFO - cmd: python main.py --detect --cve_id CVE-2018-0732 --target_bin /binaries/target_clang/openssl/openssl-OpenSSL_1_1_0i-o2-openssl --vul_func_name generate_key --project openssl
2025-09-18 10:45:14,632 - ERROR - fail CVE-2018-0732 ,details1

2025-09-18 10:45:14,633 - INFO - detecting CVE-2018-0732 generate_key
2025-09-18 10:45:14,633 - INFO - cmd: python main.py --detect --cve_id CVE-2018-0732 --target_bin /binaries/target_clang/openssl/openssl-OpenSSL_1_1_1-o2-openssl --vul_func_name generate_key --project openssl
2025-09-18 10:45:19,596 - ERROR - fail CVE-2018-0732 ,details1

2025-09-18 10:45:19,597 - INFO - detecting CVE-2019-1563 pkcs7_decrypt_rinfo
2025-09-18 10:45:19,597 - INFO - cmd: python main.py --detect --cve_id CVE-2019-1563 --target_bin /binaries/target_clang/openssl/openssl-OpenSSL_1_1_0k-o2-libcrypto --vul_func_name pkcs7_decrypt_rinfo --project openssl
2025-09-18 10:45:25,734 - INFO - success CVE-2019-1563,details in cve_test/CVE-2019-1563.log

2025-09-18 10:45:25,736 - INFO - detecting CVE-2019-1563 pkcs7_decrypt_rinfo
2025-09-18 10:45:25,738 - INFO - cmd: python main.py --detect --cve_id CVE-2019-1563 --target_bin /binaries/target_clang/openssl/openssl-OpenSSL_1_1_1c-o2-libcrypto --vul_func_name pkcs7_decrypt_rinfo --project openssl
2025-09-18 10:45:31,904 - INFO - success CVE-2019-1563,details in cve_test/CVE-2019-1563.log

2025-09-18 10:45:31,905 - INFO - detecting CVE-2019-1563 pkcs7_decrypt_rinfo
2025-09-18 10:45:31,905 - INFO - cmd: python main.py --detect --cve_id CVE-2019-1563 --target_bin /binaries/target_clang/openssl/openssl-OpenSSL_1_0_2s-o2-libcrypto --vul_func_name pkcs7_decrypt_rinfo --project openssl
2025-09-18 10:45:38,722 - INFO - success CVE-2019-1563,details in cve_test/CVE-2019-1563.log

2025-09-18 10:45:38,723 - INFO - detecting CVE-2019-1563 pkcs7_decrypt_rinfo
2025-09-18 10:45:38,724 - INFO - cmd: python main.py --detect --cve_id CVE-2019-1563 --target_bin /binaries/target_clang/openssl/openssl-OpenSSL_1_0_2u-o2-libcrypto --vul_func_name pkcs7_decrypt_rinfo --project openssl
2025-09-18 10:45:45,656 - INFO - success CVE-2019-1563,details in cve_test/CVE-2019-1563.log

2025-09-18 10:45:45,657 - INFO - detecting CVE-2019-1563 pkcs7_decrypt_rinfo
2025-09-18 10:45:45,658 - INFO - cmd: python main.py --detect --cve_id CVE-2019-1563 --target_bin /binaries/target_clang/openssl/openssl-OpenSSL_1_1_1e-o2-libcrypto --vul_func_name pkcs7_decrypt_rinfo --project openssl
2025-09-18 10:45:52,574 - INFO - success CVE-2019-1563,details in cve_test/CVE-2019-1563.log

2025-09-18 10:45:52,575 - INFO - detecting CVE-2019-1563 pkcs7_decrypt_rinfo
2025-09-18 10:45:52,575 - INFO - cmd: python main.py --detect --cve_id CVE-2019-1563 --target_bin /binaries/target_clang/openssl/openssl-OpenSSL_1_1_1f-o2-libcrypto --vul_func_name pkcs7_decrypt_rinfo --project openssl
2025-09-18 10:45:58,475 - INFO - success CVE-2019-1563,details in cve_test/CVE-2019-1563.log

2025-09-18 10:45:58,476 - INFO - detecting CVE-2019-1563 cms_RecipientInfo_ktri_decrypt
2025-09-18 10:45:58,477 - INFO - cmd: python main.py --detect --cve_id CVE-2019-1563 --target_bin /binaries/target_clang/openssl/openssl-OpenSSL_1_1_0k-o2-libcrypto --vul_func_name cms_RecipientInfo_ktri_decrypt --project openssl
2025-09-18 10:46:06,236 - INFO - success CVE-2019-1563,details in cve_test/CVE-2019-1563.log

2025-09-18 10:46:06,237 - INFO - detecting CVE-2019-1563 cms_RecipientInfo_ktri_decrypt
2025-09-18 10:46:06,237 - INFO - cmd: python main.py --detect --cve_id CVE-2019-1563 --target_bin /binaries/target_clang/openssl/openssl-OpenSSL_1_1_1c-o2-libcrypto --vul_func_name cms_RecipientInfo_ktri_decrypt --project openssl
2025-09-18 10:46:13,999 - INFO - success CVE-2019-1563,details in cve_test/CVE-2019-1563.log

2025-09-18 10:46:13,999 - INFO - detecting CVE-2019-1563 cms_RecipientInfo_ktri_decrypt
2025-09-18 10:46:14,000 - INFO - cmd: python main.py --detect --cve_id CVE-2019-1563 --target_bin /binaries/target_clang/openssl/openssl-OpenSSL_1_0_2s-o2-libcrypto --vul_func_name cms_RecipientInfo_ktri_decrypt --project openssl
2025-09-18 10:46:22,767 - INFO - success CVE-2019-1563,details in cve_test/CVE-2019-1563.log

2025-09-18 10:46:22,768 - INFO - detecting CVE-2019-1563 cms_RecipientInfo_ktri_decrypt
2025-09-18 10:46:22,768 - INFO - cmd: python main.py --detect --cve_id CVE-2019-1563 --target_bin /binaries/target_clang/openssl/openssl-OpenSSL_1_0_2u-o2-libcrypto --vul_func_name cms_RecipientInfo_ktri_decrypt --project openssl
2025-09-18 10:46:30,975 - INFO - success CVE-2019-1563,details in cve_test/CVE-2019-1563.log

2025-09-18 10:46:30,976 - INFO - detecting CVE-2019-1563 cms_RecipientInfo_ktri_decrypt
2025-09-18 10:46:30,976 - INFO - cmd: python main.py --detect --cve_id CVE-2019-1563 --target_bin /binaries/target_clang/openssl/openssl-OpenSSL_1_1_1e-o2-libcrypto --vul_func_name cms_RecipientInfo_ktri_decrypt --project openssl
2025-09-18 10:46:39,546 - INFO - success CVE-2019-1563,details in cve_test/CVE-2019-1563.log

2025-09-18 10:46:39,547 - INFO - detecting CVE-2019-1563 cms_RecipientInfo_ktri_decrypt
2025-09-18 10:46:39,547 - INFO - cmd: python main.py --detect --cve_id CVE-2019-1563 --target_bin /binaries/target_clang/openssl/openssl-OpenSSL_1_1_1f-o2-libcrypto --vul_func_name cms_RecipientInfo_ktri_decrypt --project openssl
2025-09-18 10:46:48,537 - INFO - success CVE-2019-1563,details in cve_test/CVE-2019-1563.log

2025-09-18 10:46:48,538 - INFO - detecting CVE-2022-3358 evp_cipher_init_internal
2025-09-18 10:46:48,539 - INFO - cmd: python main.py --detect --cve_id CVE-2022-3358 --target_bin /binaries/target_clang/openssl/openssl-openssl-3.0.5-o2-libcrypto --vul_func_name evp_cipher_init_internal --project openssl
2025-09-18 10:46:54,791 - INFO - success CVE-2022-3358,details in cve_test/CVE-2022-3358.log

2025-09-18 10:46:54,792 - INFO - detecting CVE-2022-3358 evp_cipher_init_internal
2025-09-18 10:46:54,793 - INFO - cmd: python main.py --detect --cve_id CVE-2022-3358 --target_bin /binaries/target_clang/openssl/openssl-openssl-3.0.4-o2-libcrypto --vul_func_name evp_cipher_init_internal --project openssl
2025-09-18 10:47:01,037 - INFO - success CVE-2022-3358,details in cve_test/CVE-2022-3358.log

2025-09-18 10:47:01,038 - INFO - detecting CVE-2022-3358 evp_cipher_init_internal
2025-09-18 10:47:01,039 - INFO - cmd: python main.py --detect --cve_id CVE-2022-3358 --target_bin /binaries/target_clang/openssl/openssl-openssl-3.0.3-o2-libcrypto --vul_func_name evp_cipher_init_internal --project openssl
2025-09-18 10:47:06,995 - INFO - success CVE-2022-3358,details in cve_test/CVE-2022-3358.log

2025-09-18 10:47:06,996 - INFO - detecting CVE-2022-3358 evp_cipher_init_internal
2025-09-18 10:47:06,996 - INFO - cmd: python main.py --detect --cve_id CVE-2022-3358 --target_bin /binaries/target_clang/openssl/openssl-OpenSSL_1_1_1r-o2-libcrypto --vul_func_name evp_cipher_init_internal --project openssl
2025-09-18 10:47:11,401 - ERROR - fail CVE-2022-3358 ,details1

2025-09-18 10:47:11,402 - INFO - detecting CVE-2022-3358 evp_cipher_init_internal
2025-09-18 10:47:11,402 - INFO - cmd: python main.py --detect --cve_id CVE-2022-3358 --target_bin /binaries/target_clang/openssl/openssl-openssl-3.0.6-o2-libcrypto --vul_func_name evp_cipher_init_internal --project openssl
2025-09-18 10:47:17,491 - INFO - success CVE-2022-3358,details in cve_test/CVE-2022-3358.log

2025-09-18 10:47:17,491 - INFO - detecting CVE-2022-3358 evp_cipher_init_internal
2025-09-18 10:47:17,492 - INFO - cmd: python main.py --detect --cve_id CVE-2022-3358 --target_bin /binaries/target_clang/openssl/openssl-openssl-3.0.7-o2-libcrypto --vul_func_name evp_cipher_init_internal --project openssl
2025-09-18 10:47:24,019 - INFO - success CVE-2022-3358,details in cve_test/CVE-2022-3358.log

2025-09-18 10:47:24,021 - INFO - detecting CVE-2022-3786 ossl_a2ulabel
2025-09-18 10:47:24,021 - INFO - cmd: python main.py --detect --cve_id CVE-2022-3786 --target_bin /binaries/target_clang/openssl/openssl-openssl-3.0.6-o2-libcrypto --vul_func_name ossl_a2ulabel --project openssl
2025-09-18 10:47:31,258 - INFO - success CVE-2022-3786,details in cve_test/CVE-2022-3786.log

2025-09-18 10:47:31,258 - INFO - detecting CVE-2022-3786 ossl_a2ulabel
2025-09-18 10:47:31,258 - INFO - cmd: python main.py --detect --cve_id CVE-2022-3786 --target_bin /binaries/target_clang/openssl/openssl-openssl-3.0.5-o2-libcrypto --vul_func_name ossl_a2ulabel --project openssl
2025-09-18 10:47:38,332 - INFO - success CVE-2022-3786,details in cve_test/CVE-2022-3786.log

2025-09-18 10:47:38,332 - INFO - detecting CVE-2022-3786 ossl_a2ulabel
2025-09-18 10:47:38,333 - INFO - cmd: python main.py --detect --cve_id CVE-2022-3786 --target_bin /binaries/target_clang/openssl/openssl-openssl-3.0.4-o2-libcrypto --vul_func_name ossl_a2ulabel --project openssl
2025-09-18 10:47:45,400 - INFO - success CVE-2022-3786,details in cve_test/CVE-2022-3786.log

2025-09-18 10:47:45,401 - INFO - detecting CVE-2022-3786 ossl_a2ulabel
2025-09-18 10:47:45,402 - INFO - cmd: python main.py --detect --cve_id CVE-2022-3786 --target_bin /binaries/target_clang/openssl/openssl-openssl-3.1.0-alpha1-o2-libcrypto --vul_func_name ossl_a2ulabel --project openssl
2025-09-18 10:47:54,943 - INFO - success CVE-2022-3786,details in cve_test/CVE-2022-3786.log

2025-09-18 10:47:54,944 - INFO - detecting CVE-2022-3786 ossl_a2ulabel
2025-09-18 10:47:54,944 - INFO - cmd: python main.py --detect --cve_id CVE-2022-3786 --target_bin /binaries/target_clang/openssl/openssl-openssl-3.1.0-beta1-o2-libcrypto --vul_func_name ossl_a2ulabel --project openssl
2025-09-18 10:48:04,588 - INFO - success CVE-2022-3786,details in cve_test/CVE-2022-3786.log

2025-09-18 10:48:04,589 - INFO - detecting CVE-2022-3786 ossl_a2ulabel
2025-09-18 10:48:04,589 - INFO - cmd: python main.py --detect --cve_id CVE-2022-3786 --target_bin /binaries/target_clang/openssl/openssl-openssl-3.0.8-o2-libcrypto --vul_func_name ossl_a2ulabel --project openssl
2025-09-18 10:48:10,670 - INFO - success CVE-2022-3786,details in cve_test/CVE-2022-3786.log

2025-09-18 10:48:10,671 - INFO - detecting CVE-2022-3996 ossl_policy_cache_set_mapping
2025-09-18 10:48:10,671 - INFO - cmd: python main.py --detect --cve_id CVE-2022-3996 --target_bin /binaries/target_clang/openssl/openssl-openssl-3.0.7-o2-libcrypto --vul_func_name ossl_policy_cache_set_mapping --project openssl
2025-09-18 10:48:17,303 - INFO - success CVE-2022-3996,details in cve_test/CVE-2022-3996.log

2025-09-18 10:48:17,304 - INFO - detecting CVE-2022-3996 ossl_policy_cache_set_mapping
2025-09-18 10:48:17,304 - INFO - cmd: python main.py --detect --cve_id CVE-2022-3996 --target_bin /binaries/target_clang/openssl/openssl-openssl-3.0.6-o2-libcrypto --vul_func_name ossl_policy_cache_set_mapping --project openssl
2025-09-18 10:48:24,323 - INFO - success CVE-2022-3996,details in cve_test/CVE-2022-3996.log

2025-09-18 10:48:24,323 - INFO - detecting CVE-2022-3996 ossl_policy_cache_set_mapping
2025-09-18 10:48:24,324 - INFO - cmd: python main.py --detect --cve_id CVE-2022-3996 --target_bin /binaries/target_clang/openssl/openssl-openssl-3.0.5-o2-libcrypto --vul_func_name ossl_policy_cache_set_mapping --project openssl
2025-09-18 10:48:31,358 - INFO - success CVE-2022-3996,details in cve_test/CVE-2022-3996.log

2025-09-18 10:48:31,359 - INFO - detecting CVE-2022-3996 ossl_policy_cache_set_mapping
2025-09-18 10:48:31,359 - INFO - cmd: python main.py --detect --cve_id CVE-2022-3996 --target_bin /binaries/target_clang/openssl/openssl-openssl-3.1.0-beta1-o2-libcrypto --vul_func_name ossl_policy_cache_set_mapping --project openssl
2025-09-18 10:48:38,267 - INFO - success CVE-2022-3996,details in cve_test/CVE-2022-3996.log

2025-09-18 10:48:38,268 - INFO - detecting CVE-2022-3996 ossl_policy_cache_set_mapping
2025-09-18 10:48:38,269 - INFO - cmd: python main.py --detect --cve_id CVE-2022-3996 --target_bin /binaries/target_clang/openssl/openssl-openssl-3.0.8-o2-libcrypto --vul_func_name ossl_policy_cache_set_mapping --project openssl
2025-09-18 10:48:45,267 - INFO - success CVE-2022-3996,details in cve_test/CVE-2022-3996.log

2025-09-18 10:48:45,268 - INFO - detecting CVE-2022-3996 ossl_policy_cache_set_mapping
2025-09-18 10:48:45,268 - INFO - cmd: python main.py --detect --cve_id CVE-2022-3996 --target_bin /binaries/target_clang/openssl/openssl-OpenSSL_1_1_1t-o2-libcrypto --vul_func_name ossl_policy_cache_set_mapping --project openssl
2025-09-18 10:48:49,922 - ERROR - fail CVE-2022-3996 ,details1

2025-09-18 10:48:49,922 - INFO - detecting CVE-2022-4203 nc_match
2025-09-18 10:48:49,923 - INFO - cmd: python main.py --detect --cve_id CVE-2022-4203 --target_bin /binaries/target_clang/openssl/openssl-openssl-3.0.7-o2-libcrypto --vul_func_name nc_match --project openssl
2025-09-18 10:48:58,836 - INFO - success CVE-2022-4203,details in cve_test/CVE-2022-4203.log

2025-09-18 10:48:58,837 - INFO - detecting CVE-2022-4203 nc_match
2025-09-18 10:48:58,837 - INFO - cmd: python main.py --detect --cve_id CVE-2022-4203 --target_bin /binaries/target_clang/openssl/openssl-openssl-3.0.6-o2-libcrypto --vul_func_name nc_match --project openssl
2025-09-18 10:49:07,275 - INFO - success CVE-2022-4203,details in cve_test/CVE-2022-4203.log

2025-09-18 10:49:07,276 - INFO - detecting CVE-2022-4203 nc_match
2025-09-18 10:49:07,276 - INFO - cmd: python main.py --detect --cve_id CVE-2022-4203 --target_bin /binaries/target_clang/openssl/openssl-openssl-3.0.5-o2-libcrypto --vul_func_name nc_match --project openssl
2025-09-18 10:49:16,073 - INFO - success CVE-2022-4203,details in cve_test/CVE-2022-4203.log

2025-09-18 10:49:16,074 - INFO - detecting CVE-2022-4203 nc_match
2025-09-18 10:49:16,075 - INFO - cmd: python main.py --detect --cve_id CVE-2022-4203 --target_bin /binaries/target_clang/openssl/openssl-openssl-3.0.8-o2-libcrypto --vul_func_name nc_match --project openssl
2025-09-18 10:49:26,808 - INFO - success CVE-2022-4203,details in cve_test/CVE-2022-4203.log

2025-09-18 10:49:26,809 - INFO - detecting CVE-2022-4203 nc_match
2025-09-18 10:49:26,809 - INFO - cmd: python main.py --detect --cve_id CVE-2022-4203 --target_bin /binaries/target_clang/openssl/openssl-OpenSSL_1_1_1t-o2-libcrypto --vul_func_name nc_match --project openssl
2025-09-18 10:49:34,236 - INFO - success CVE-2022-4203,details in cve_test/CVE-2022-4203.log

2025-09-18 10:49:34,237 - INFO - detecting CVE-2022-4203 nc_match
2025-09-18 10:49:34,237 - INFO - cmd: python main.py --detect --cve_id CVE-2022-4203 --target_bin /binaries/target_clang/openssl/openssl-openssl-3.1.0-o2-libcrypto --vul_func_name nc_match --project openssl
2025-09-18 10:49:45,795 - INFO - success CVE-2022-4203,details in cve_test/CVE-2022-4203.log

2025-09-18 10:49:45,796 - INFO - detecting CVE-2023-0215 BIO_new_NDEF
2025-09-18 10:49:45,797 - INFO - cmd: python main.py --detect --cve_id CVE-2023-0215 --target_bin /binaries/target_clang/openssl/openssl-OpenSSL_1_1_1s-o2-libcrypto --vul_func_name BIO_new_NDEF --project openssl
2025-09-18 10:49:52,513 - INFO - success CVE-2023-0215,details in cve_test/CVE-2023-0215.log

2025-09-18 10:49:52,514 - INFO - detecting CVE-2023-0215 BIO_new_NDEF
2025-09-18 10:49:52,514 - INFO - cmd: python main.py --detect --cve_id CVE-2023-0215 --target_bin /binaries/target_clang/openssl/openssl-openssl-3.0.7-o2-libcrypto --vul_func_name BIO_new_NDEF --project openssl
2025-09-18 10:49:59,753 - INFO - success CVE-2023-0215,details in cve_test/CVE-2023-0215.log

2025-09-18 10:49:59,754 - INFO - detecting CVE-2023-0215 BIO_new_NDEF
2025-09-18 10:49:59,754 - INFO - cmd: python main.py --detect --cve_id CVE-2023-0215 --target_bin /binaries/target_clang/openssl/openssl-OpenSSL_1_1_1r-o2-libcrypto --vul_func_name BIO_new_NDEF --project openssl
2025-09-18 10:50:07,357 - INFO - success CVE-2023-0215,details in cve_test/CVE-2023-0215.log

2025-09-18 10:50:07,358 - INFO - detecting CVE-2023-0215 BIO_new_NDEF
2025-09-18 10:50:07,359 - INFO - cmd: python main.py --detect --cve_id CVE-2023-0215 --target_bin /binaries/target_clang/openssl/openssl-openssl-3.0.8-o2-libcrypto --vul_func_name BIO_new_NDEF --project openssl
2025-09-18 10:50:14,915 - INFO - success CVE-2023-0215,details in cve_test/CVE-2023-0215.log

2025-09-18 10:50:14,916 - INFO - detecting CVE-2023-0215 BIO_new_NDEF
2025-09-18 10:50:14,916 - INFO - cmd: python main.py --detect --cve_id CVE-2023-0215 --target_bin /binaries/target_clang/openssl/openssl-OpenSSL_1_1_1t-o2-libcrypto --vul_func_name BIO_new_NDEF --project openssl
2025-09-18 10:50:22,091 - INFO - success CVE-2023-0215,details in cve_test/CVE-2023-0215.log

2025-09-18 10:50:22,093 - INFO - detecting CVE-2023-0215 BIO_new_NDEF
2025-09-18 10:50:22,093 - INFO - cmd: python main.py --detect --cve_id CVE-2023-0215 --target_bin /binaries/target_clang/openssl/openssl-openssl-3.1.0-o2-libcrypto --vul_func_name BIO_new_NDEF --project openssl
2025-09-18 10:50:29,317 - INFO - success CVE-2023-0215,details in cve_test/CVE-2023-0215.log

2025-09-18 10:50:29,318 - INFO - detecting CVE-2023-0401 pkcs7_bio_add_digest
2025-09-18 10:50:29,318 - INFO - cmd: python main.py --detect --cve_id CVE-2023-0401 --target_bin /binaries/target_clang/openssl/openssl-openssl-3.0.7-o2-libcrypto --vul_func_name pkcs7_bio_add_digest --project openssl
2025-09-18 10:50:36,525 - INFO - success CVE-2023-0401,details in cve_test/CVE-2023-0401.log

2025-09-18 10:50:36,526 - INFO - detecting CVE-2023-0401 pkcs7_bio_add_digest
2025-09-18 10:50:36,526 - INFO - cmd: python main.py --detect --cve_id CVE-2023-0401 --target_bin /binaries/target_clang/openssl/openssl-openssl-3.0.6-o2-libcrypto --vul_func_name pkcs7_bio_add_digest --project openssl
2025-09-18 10:50:45,229 - INFO - success CVE-2023-0401,details in cve_test/CVE-2023-0401.log

2025-09-18 10:50:45,231 - INFO - detecting CVE-2023-0401 pkcs7_bio_add_digest
2025-09-18 10:50:45,232 - INFO - cmd: python main.py --detect --cve_id CVE-2023-0401 --target_bin /binaries/target_clang/openssl/openssl-openssl-3.0.5-o2-libcrypto --vul_func_name pkcs7_bio_add_digest --project openssl
2025-09-18 10:50:53,458 - INFO - success CVE-2023-0401,details in cve_test/CVE-2023-0401.log

2025-09-18 10:50:53,473 - INFO - detecting CVE-2023-0401 pkcs7_bio_add_digest
2025-09-18 10:50:53,473 - INFO - cmd: python main.py --detect --cve_id CVE-2023-0401 --target_bin /binaries/target_clang/openssl/openssl-openssl-3.0.8-o2-libcrypto --vul_func_name pkcs7_bio_add_digest --project openssl
2025-09-18 10:51:00,870 - INFO - success CVE-2023-0401,details in cve_test/CVE-2023-0401.log

2025-09-18 10:51:00,871 - INFO - detecting CVE-2023-0401 pkcs7_bio_add_digest
2025-09-18 10:51:00,871 - INFO - cmd: python main.py --detect --cve_id CVE-2023-0401 --target_bin /binaries/target_clang/openssl/openssl-OpenSSL_1_1_1t-o2-libcrypto --vul_func_name pkcs7_bio_add_digest --project openssl
2025-09-18 10:51:05,407 - ERROR - fail CVE-2023-0401 ,details1

2025-09-18 10:51:05,408 - INFO - detecting CVE-2023-0401 pkcs7_bio_add_digest
2025-09-18 10:51:05,408 - INFO - cmd: python main.py --detect --cve_id CVE-2023-0401 --target_bin /binaries/target_clang/openssl/openssl-openssl-3.1.0-o2-libcrypto --vul_func_name pkcs7_bio_add_digest --project openssl
2025-09-18 10:51:13,581 - INFO - success CVE-2023-0401,details in cve_test/CVE-2023-0401.log

2025-09-18 10:51:13,582 - INFO - detecting CVE-2023-2975 siv_cipher
2025-09-18 10:51:13,583 - INFO - cmd: python main.py --detect --cve_id CVE-2023-2975 --target_bin /binaries/target_clang/openssl/openssl-openssl-3.1.1-o2-libcrypto --vul_func_name siv_cipher --project openssl
2025-09-18 10:51:19,242 - INFO - success CVE-2023-2975,details in cve_test/CVE-2023-2975.log

2025-09-18 10:51:19,244 - INFO - detecting CVE-2023-2975 siv_cipher
2025-09-18 10:51:19,244 - INFO - cmd: python main.py --detect --cve_id CVE-2023-2975 --target_bin /binaries/target_clang/openssl/openssl-openssl-3.0.9-o2-libcrypto --vul_func_name siv_cipher --project openssl
2025-09-18 10:51:24,611 - INFO - success CVE-2023-2975,details in cve_test/CVE-2023-2975.log

2025-09-18 10:51:24,612 - INFO - detecting CVE-2023-2975 siv_cipher
2025-09-18 10:51:24,612 - INFO - cmd: python main.py --detect --cve_id CVE-2023-2975 --target_bin /binaries/target_clang/openssl/openssl-openssl-3.1.0-o2-libcrypto --vul_func_name siv_cipher --project openssl
2025-09-18 10:51:30,542 - INFO - success CVE-2023-2975,details in cve_test/CVE-2023-2975.log

2025-09-18 10:51:30,542 - INFO - detecting CVE-2023-2975 siv_cipher
2025-09-18 10:51:30,543 - INFO - cmd: python main.py --detect --cve_id CVE-2023-2975 --target_bin /binaries/target_clang/openssl/openssl-openssl-3.0.10-o2-libcrypto --vul_func_name siv_cipher --project openssl
2025-09-18 10:51:36,016 - INFO - success CVE-2023-2975,details in cve_test/CVE-2023-2975.log

2025-09-18 10:51:36,017 - INFO - detecting CVE-2023-2975 siv_cipher
2025-09-18 10:51:36,018 - INFO - cmd: python main.py --detect --cve_id CVE-2023-2975 --target_bin /binaries/target_clang/openssl/openssl-OpenSSL_1_1_1v-o2-libcrypto --vul_func_name siv_cipher --project openssl
2025-09-18 10:51:40,958 - ERROR - fail CVE-2023-2975 ,details1

2025-09-18 10:51:40,959 - INFO - detecting CVE-2023-2975 siv_cipher
2025-09-18 10:51:40,959 - INFO - cmd: python main.py --detect --cve_id CVE-2023-2975 --target_bin /binaries/target_clang/openssl/openssl-openssl-3.1.2-o2-libcrypto --vul_func_name siv_cipher --project openssl
2025-09-18 10:51:47,059 - INFO - success CVE-2023-2975,details in cve_test/CVE-2023-2975.log

2025-09-18 10:51:47,060 - INFO - detecting CVE-2023-5363 evp_cipher_init_internal
2025-09-18 10:51:47,061 - INFO - cmd: python main.py --detect --cve_id CVE-2023-5363 --target_bin /binaries/target_clang/openssl/openssl-openssl-3.1.3-o2-libcrypto --vul_func_name evp_cipher_init_internal --project openssl
2025-09-18 10:51:53,769 - INFO - success CVE-2023-5363,details in cve_test/CVE-2023-5363.log

2025-09-18 10:51:53,770 - INFO - detecting CVE-2023-5363 evp_cipher_init_internal
2025-09-18 10:51:53,770 - INFO - cmd: python main.py --detect --cve_id CVE-2023-5363 --target_bin /binaries/target_clang/openssl/openssl-openssl-3.0.11-o2-libcrypto --vul_func_name evp_cipher_init_internal --project openssl
2025-09-18 10:52:00,266 - INFO - success CVE-2023-5363,details in cve_test/CVE-2023-5363.log

2025-09-18 10:52:00,266 - INFO - detecting CVE-2023-5363 evp_cipher_init_internal
2025-09-18 10:52:00,267 - INFO - cmd: python main.py --detect --cve_id CVE-2023-5363 --target_bin /binaries/target_clang/openssl/openssl-openssl-3.0.10-o2-libcrypto --vul_func_name evp_cipher_init_internal --project openssl
2025-09-18 10:52:06,316 - INFO - success CVE-2023-5363,details in cve_test/CVE-2023-5363.log

2025-09-18 10:52:06,317 - INFO - detecting CVE-2023-5363 evp_cipher_init_internal
2025-09-18 10:52:06,317 - INFO - cmd: python main.py --detect --cve_id CVE-2023-5363 --target_bin /binaries/target_clang/openssl/openssl-openssl-3.2.0-beta1-o2-libcrypto --vul_func_name evp_cipher_init_internal --project openssl
2025-09-18 10:52:13,495 - INFO - success CVE-2023-5363,details in cve_test/CVE-2023-5363.log

2025-09-18 10:52:13,496 - INFO - detecting CVE-2023-5363 evp_cipher_init_internal
2025-09-18 10:52:13,496 - INFO - cmd: python main.py --detect --cve_id CVE-2023-5363 --target_bin /binaries/target_clang/openssl/openssl-openssl-3.2.0-o2-libcrypto --vul_func_name evp_cipher_init_internal --project openssl
2025-09-18 10:52:19,766 - INFO - success CVE-2023-5363,details in cve_test/CVE-2023-5363.log

2025-09-18 10:52:19,766 - INFO - detecting CVE-2023-5363 evp_cipher_init_internal
2025-09-18 10:52:19,767 - INFO - cmd: python main.py --detect --cve_id CVE-2023-5363 --target_bin /binaries/target_clang/openssl/openssl-openssl-3.0.13-o2-libcrypto --vul_func_name evp_cipher_init_internal --project openssl
2025-09-18 10:52:25,776 - INFO - success CVE-2023-5363,details in cve_test/CVE-2023-5363.log

2025-09-18 10:52:25,777 - INFO - detecting CVE-2023-5363 evp_cipher_init_internal
2025-09-18 10:52:25,777 - INFO - cmd: python main.py --detect --cve_id CVE-2023-5363 --target_bin /binaries/target_clang/openssl/openssl-openssl-3.1.3-o2-libcrypto --vul_func_name evp_cipher_init_internal --project openssl
2025-09-18 10:52:31,949 - INFO - success CVE-2023-5363,details in cve_test/CVE-2023-5363.log

2025-09-18 10:52:31,950 - INFO - detecting CVE-2023-5363 evp_cipher_init_internal
2025-09-18 10:52:31,950 - INFO - cmd: python main.py --detect --cve_id CVE-2023-5363 --target_bin /binaries/target_clang/openssl/openssl-openssl-3.0.11-o2-libcrypto --vul_func_name evp_cipher_init_internal --project openssl
2025-09-18 10:52:37,800 - INFO - success CVE-2023-5363,details in cve_test/CVE-2023-5363.log

2025-09-18 10:52:37,803 - INFO - detecting CVE-2023-5363 evp_cipher_init_internal
2025-09-18 10:52:37,804 - INFO - cmd: python main.py --detect --cve_id CVE-2023-5363 --target_bin /binaries/target_clang/openssl/openssl-openssl-3.0.10-o2-libcrypto --vul_func_name evp_cipher_init_internal --project openssl
2025-09-18 10:52:43,661 - INFO - success CVE-2023-5363,details in cve_test/CVE-2023-5363.log

2025-09-18 10:52:43,662 - INFO - detecting CVE-2023-5363 evp_cipher_init_internal
2025-09-18 10:52:43,662 - INFO - cmd: python main.py --detect --cve_id CVE-2023-5363 --target_bin /binaries/target_clang/openssl/openssl-openssl-3.2.0-beta1-o2-libcrypto --vul_func_name evp_cipher_init_internal --project openssl
2025-09-18 10:52:49,914 - INFO - success CVE-2023-5363,details in cve_test/CVE-2023-5363.log

2025-09-18 10:52:49,915 - INFO - detecting CVE-2023-5363 evp_cipher_init_internal
2025-09-18 10:52:49,915 - INFO - cmd: python main.py --detect --cve_id CVE-2023-5363 --target_bin /binaries/target_clang/openssl/openssl-openssl-3.2.0-o2-libcrypto --vul_func_name evp_cipher_init_internal --project openssl
2025-09-18 10:52:56,505 - INFO - success CVE-2023-5363,details in cve_test/CVE-2023-5363.log

2025-09-18 10:52:56,505 - INFO - detecting CVE-2023-5363 evp_cipher_init_internal
2025-09-18 10:52:56,506 - INFO - cmd: python main.py --detect --cve_id CVE-2023-5363 --target_bin /binaries/target_clang/openssl/openssl-openssl-3.0.13-o2-libcrypto --vul_func_name evp_cipher_init_internal --project openssl
2025-09-18 10:53:02,748 - INFO - success CVE-2023-5363,details in cve_test/CVE-2023-5363.log

2025-09-18 10:53:02,749 - INFO - detecting CVE-2023-5678 generate_key
2025-09-18 10:53:02,749 - INFO - cmd: python main.py --detect --cve_id CVE-2023-5678 --target_bin /binaries/target_clang/openssl/openssl-openssl-3.0.12-o2-libcrypto --vul_func_name generate_key --project openssl
2025-09-18 10:53:11,110 - INFO - success CVE-2023-5678,details in cve_test/CVE-2023-5678.log

2025-09-18 10:53:11,111 - INFO - detecting CVE-2023-5678 generate_key
2025-09-18 10:53:11,111 - INFO - cmd: python main.py --detect --cve_id CVE-2023-5678 --target_bin /binaries/target_clang/openssl/openssl-openssl-3.1.4-o2-libcrypto --vul_func_name generate_key --project openssl
2025-09-18 10:53:20,001 - INFO - success CVE-2023-5678,details in cve_test/CVE-2023-5678.log

2025-09-18 10:53:20,002 - INFO - detecting CVE-2023-5678 generate_key
2025-09-18 10:53:20,002 - INFO - cmd: python main.py --detect --cve_id CVE-2023-5678 --target_bin /binaries/target_clang/openssl/openssl-openssl-3.1.3-o2-libcrypto --vul_func_name generate_key --project openssl
2025-09-18 10:53:29,446 - INFO - success CVE-2023-5678,details in cve_test/CVE-2023-5678.log

2025-09-18 10:53:29,447 - INFO - detecting CVE-2023-5678 generate_key
2025-09-18 10:53:29,447 - INFO - cmd: python main.py --detect --cve_id CVE-2023-5678 --target_bin /binaries/target_clang/openssl/openssl-openssl-3.2.0-o2-libcrypto --vul_func_name generate_key --project openssl
2025-09-18 10:53:38,320 - INFO - success CVE-2023-5678,details in cve_test/CVE-2023-5678.log

2025-09-18 10:53:38,320 - INFO - detecting CVE-2023-5678 generate_key
2025-09-18 10:53:38,321 - INFO - cmd: python main.py --detect --cve_id CVE-2023-5678 --target_bin /binaries/target_clang/openssl/openssl-openssl-3.1.5-o2-libcrypto --vul_func_name generate_key --project openssl
2025-09-18 10:53:46,936 - INFO - success CVE-2023-5678,details in cve_test/CVE-2023-5678.log

2025-09-18 10:53:46,937 - INFO - detecting CVE-2023-5678 generate_key
2025-09-18 10:53:46,937 - INFO - cmd: python main.py --detect --cve_id CVE-2023-5678 --target_bin /binaries/target_clang/openssl/openssl-openssl-3.2.1-o2-libcrypto --vul_func_name generate_key --project openssl
2025-09-18 10:53:56,370 - INFO - success CVE-2023-5678,details in cve_test/CVE-2023-5678.log

2025-09-18 10:53:56,371 - INFO - detecting CVE-2023-5678 ossl_dh_compute_key
2025-09-18 10:53:56,372 - INFO - cmd: python main.py --detect --cve_id CVE-2023-5678 --target_bin /binaries/target_clang/openssl/openssl-openssl-3.0.12-o2-libcrypto --vul_func_name ossl_dh_compute_key --project openssl
2025-09-18 10:54:08,820 - INFO - success CVE-2023-5678,details in cve_test/CVE-2023-5678.log

2025-09-18 10:54:08,821 - INFO - detecting CVE-2023-5678 ossl_dh_compute_key
2025-09-18 10:54:08,822 - INFO - cmd: python main.py --detect --cve_id CVE-2023-5678 --target_bin /binaries/target_clang/openssl/openssl-openssl-3.1.4-o2-libcrypto --vul_func_name ossl_dh_compute_key --project openssl
2025-09-18 10:54:23,546 - INFO - success CVE-2023-5678,details in cve_test/CVE-2023-5678.log

2025-09-18 10:54:23,547 - INFO - detecting CVE-2023-5678 ossl_dh_compute_key
2025-09-18 10:54:23,547 - INFO - cmd: python main.py --detect --cve_id CVE-2023-5678 --target_bin /binaries/target_clang/openssl/openssl-openssl-3.1.3-o2-libcrypto --vul_func_name ossl_dh_compute_key --project openssl
2025-09-18 10:54:35,917 - INFO - success CVE-2023-5678,details in cve_test/CVE-2023-5678.log

2025-09-18 10:54:35,918 - INFO - detecting CVE-2023-5678 ossl_dh_compute_key
2025-09-18 10:54:35,918 - INFO - cmd: python main.py --detect --cve_id CVE-2023-5678 --target_bin /binaries/target_clang/openssl/openssl-openssl-3.2.0-o2-libcrypto --vul_func_name ossl_dh_compute_key --project openssl
2025-09-18 10:54:49,276 - INFO - success CVE-2023-5678,details in cve_test/CVE-2023-5678.log

2025-09-18 10:54:49,277 - INFO - detecting CVE-2023-5678 ossl_dh_compute_key
2025-09-18 10:54:49,277 - INFO - cmd: python main.py --detect --cve_id CVE-2023-5678 --target_bin /binaries/target_clang/openssl/openssl-openssl-3.1.5-o2-libcrypto --vul_func_name ossl_dh_compute_key --project openssl
2025-09-18 10:55:02,004 - INFO - success CVE-2023-5678,details in cve_test/CVE-2023-5678.log

2025-09-18 10:55:02,005 - INFO - detecting CVE-2023-5678 ossl_dh_compute_key
2025-09-18 10:55:02,005 - INFO - cmd: python main.py --detect --cve_id CVE-2023-5678 --target_bin /binaries/target_clang/openssl/openssl-openssl-3.2.1-o2-libcrypto --vul_func_name ossl_dh_compute_key --project openssl
2025-09-18 10:55:17,163 - INFO - success CVE-2023-5678,details in cve_test/CVE-2023-5678.log

2025-09-18 10:55:17,164 - INFO - detecting CVE-2024-0727 newpass_p12
2025-09-18 10:55:17,165 - INFO - cmd: python main.py --detect --cve_id CVE-2024-0727 --target_bin /binaries/target_clang/openssl/openssl-openssl-3.2.0-o2-libcrypto --vul_func_name newpass_p12 --project openssl
2025-09-18 10:55:40,482 - INFO - success CVE-2024-0727,details in cve_test/CVE-2024-0727.log

2025-09-18 10:55:40,483 - INFO - detecting CVE-2024-0727 newpass_p12
2025-09-18 10:55:40,483 - INFO - cmd: python main.py --detect --cve_id CVE-2024-0727 --target_bin /binaries/target_clang/openssl/openssl-openssl-3.0.12-o2-libcrypto --vul_func_name newpass_p12 --project openssl
2025-09-18 10:56:05,308 - INFO - success CVE-2024-0727,details in cve_test/CVE-2024-0727.log

2025-09-18 10:56:05,309 - INFO - detecting CVE-2024-0727 newpass_p12
2025-09-18 10:56:05,310 - INFO - cmd: python main.py --detect --cve_id CVE-2024-0727 --target_bin /binaries/target_clang/openssl/openssl-openssl-3.1.4-o2-libcrypto --vul_func_name newpass_p12 --project openssl
2025-09-18 10:56:32,533 - INFO - success CVE-2024-0727,details in cve_test/CVE-2024-0727.log

2025-09-18 10:56:32,534 - INFO - detecting CVE-2024-0727 newpass_p12
2025-09-18 10:56:32,534 - INFO - cmd: python main.py --detect --cve_id CVE-2024-0727 --target_bin /binaries/target_clang/openssl/openssl-openssl-3.1.5-o2-libcrypto --vul_func_name newpass_p12 --project openssl
2025-09-18 10:56:55,904 - INFO - success CVE-2024-0727,details in cve_test/CVE-2024-0727.log

2025-09-18 10:56:55,905 - INFO - detecting CVE-2024-0727 newpass_p12
2025-09-18 10:56:55,906 - INFO - cmd: python main.py --detect --cve_id CVE-2024-0727 --target_bin /binaries/target_clang/openssl/openssl-openssl-3.2.1-o2-libcrypto --vul_func_name newpass_p12 --project openssl
2025-09-18 10:57:18,993 - INFO - success CVE-2024-0727,details in cve_test/CVE-2024-0727.log

2025-09-18 10:57:18,994 - INFO - detecting CVE-2024-0727 newpass_p12
2025-09-18 10:57:18,995 - INFO - cmd: python main.py --detect --cve_id CVE-2024-0727 --target_bin /binaries/target_clang/openssl/openssl-openssl-3.0.13-o2-libcrypto --vul_func_name newpass_p12 --project openssl
2025-09-18 10:57:45,250 - INFO - success CVE-2024-0727,details in cve_test/CVE-2024-0727.log

2025-09-18 10:57:45,251 - INFO - detecting CVE-2024-0727 SMIME_write_PKCS7
2025-09-18 10:57:45,251 - INFO - cmd: python main.py --detect --cve_id CVE-2024-0727 --target_bin /binaries/target_clang/openssl/openssl-openssl-3.2.0-o2-libcrypto --vul_func_name SMIME_write_PKCS7 --project openssl
2025-09-18 10:57:52,674 - INFO - success CVE-2024-0727,details in cve_test/CVE-2024-0727.log

2025-09-18 10:57:52,674 - INFO - detecting CVE-2024-0727 SMIME_write_PKCS7
2025-09-18 10:57:52,675 - INFO - cmd: python main.py --detect --cve_id CVE-2024-0727 --target_bin /binaries/target_clang/openssl/openssl-openssl-3.0.12-o2-libcrypto --vul_func_name SMIME_write_PKCS7 --project openssl
2025-09-18 10:58:00,340 - INFO - success CVE-2024-0727,details in cve_test/CVE-2024-0727.log

2025-09-18 10:58:00,341 - INFO - detecting CVE-2024-0727 SMIME_write_PKCS7
2025-09-18 10:58:00,341 - INFO - cmd: python main.py --detect --cve_id CVE-2024-0727 --target_bin /binaries/target_clang/openssl/openssl-openssl-3.1.4-o2-libcrypto --vul_func_name SMIME_write_PKCS7 --project openssl
2025-09-18 10:58:08,096 - INFO - success CVE-2024-0727,details in cve_test/CVE-2024-0727.log

2025-09-18 10:58:08,097 - INFO - detecting CVE-2024-0727 SMIME_write_PKCS7
2025-09-18 10:58:08,098 - INFO - cmd: python main.py --detect --cve_id CVE-2024-0727 --target_bin /binaries/target_clang/openssl/openssl-openssl-3.1.5-o2-libcrypto --vul_func_name SMIME_write_PKCS7 --project openssl
2025-09-18 10:58:14,656 - INFO - success CVE-2024-0727,details in cve_test/CVE-2024-0727.log

2025-09-18 10:58:14,657 - INFO - detecting CVE-2024-0727 SMIME_write_PKCS7
2025-09-18 10:58:14,657 - INFO - cmd: python main.py --detect --cve_id CVE-2024-0727 --target_bin /binaries/target_clang/openssl/openssl-openssl-3.2.1-o2-libcrypto --vul_func_name SMIME_write_PKCS7 --project openssl
2025-09-18 10:58:21,818 - INFO - success CVE-2024-0727,details in cve_test/CVE-2024-0727.log

2025-09-18 10:58:21,819 - INFO - detecting CVE-2024-0727 SMIME_write_PKCS7
2025-09-18 10:58:21,819 - INFO - cmd: python main.py --detect --cve_id CVE-2024-0727 --target_bin /binaries/target_clang/openssl/openssl-openssl-3.0.13-o2-libcrypto --vul_func_name SMIME_write_PKCS7 --project openssl
2025-09-18 10:58:28,022 - INFO - success CVE-2024-0727,details in cve_test/CVE-2024-0727.log

2025-09-18 10:58:28,023 - INFO - detecting CVE-2024-0727 pkcs12_gen_mac
2025-09-18 10:58:28,023 - INFO - cmd: python main.py --detect --cve_id CVE-2024-0727 --target_bin /binaries/target_clang/openssl/openssl-openssl-3.2.0-o2-libcrypto --vul_func_name pkcs12_gen_mac --project openssl
2025-09-18 10:58:36,944 - INFO - success CVE-2024-0727,details in cve_test/CVE-2024-0727.log

2025-09-18 10:58:36,944 - INFO - detecting CVE-2024-0727 pkcs12_gen_mac
2025-09-18 10:58:36,945 - INFO - cmd: python main.py --detect --cve_id CVE-2024-0727 --target_bin /binaries/target_clang/openssl/openssl-openssl-3.0.12-o2-libcrypto --vul_func_name pkcs12_gen_mac --project openssl
2025-09-18 10:58:46,087 - INFO - success CVE-2024-0727,details in cve_test/CVE-2024-0727.log

2025-09-18 10:58:46,087 - INFO - detecting CVE-2024-0727 pkcs12_gen_mac
2025-09-18 10:58:46,087 - INFO - cmd: python main.py --detect --cve_id CVE-2024-0727 --target_bin /binaries/target_clang/openssl/openssl-openssl-3.1.4-o2-libcrypto --vul_func_name pkcs12_gen_mac --project openssl
2025-09-18 10:58:55,137 - INFO - success CVE-2024-0727,details in cve_test/CVE-2024-0727.log

2025-09-18 10:58:55,138 - INFO - detecting CVE-2024-0727 pkcs12_gen_mac
2025-09-18 10:58:55,138 - INFO - cmd: python main.py --detect --cve_id CVE-2024-0727 --target_bin /binaries/target_clang/openssl/openssl-openssl-3.1.5-o2-libcrypto --vul_func_name pkcs12_gen_mac --project openssl
2025-09-18 10:59:03,102 - INFO - success CVE-2024-0727,details in cve_test/CVE-2024-0727.log

2025-09-18 10:59:03,103 - INFO - detecting CVE-2024-0727 pkcs12_gen_mac
2025-09-18 10:59:03,103 - INFO - cmd: python main.py --detect --cve_id CVE-2024-0727 --target_bin /binaries/target_clang/openssl/openssl-openssl-3.2.1-o2-libcrypto --vul_func_name pkcs12_gen_mac --project openssl
2025-09-18 10:59:11,630 - INFO - success CVE-2024-0727,details in cve_test/CVE-2024-0727.log

2025-09-18 10:59:11,631 - INFO - detecting CVE-2024-0727 pkcs12_gen_mac
2025-09-18 10:59:11,631 - INFO - cmd: python main.py --detect --cve_id CVE-2024-0727 --target_bin /binaries/target_clang/openssl/openssl-openssl-3.0.13-o2-libcrypto --vul_func_name pkcs12_gen_mac --project openssl
2025-09-18 10:59:20,724 - INFO - success CVE-2024-0727,details in cve_test/CVE-2024-0727.log

2025-09-18 10:59:20,725 - INFO - detecting CVE-2024-0727 PKCS12_unpack_p7encdata
2025-09-18 10:59:20,725 - INFO - cmd: python main.py --detect --cve_id CVE-2024-0727 --target_bin /binaries/target_clang/openssl/openssl-openssl-3.2.0-o2-libcrypto --vul_func_name PKCS12_unpack_p7encdata --project openssl
2025-09-18 10:59:27,413 - INFO - success CVE-2024-0727,details in cve_test/CVE-2024-0727.log

2025-09-18 10:59:27,414 - INFO - detecting CVE-2024-0727 PKCS12_unpack_p7encdata
2025-09-18 10:59:27,415 - INFO - cmd: python main.py --detect --cve_id CVE-2024-0727 --target_bin /binaries/target_clang/openssl/openssl-openssl-3.0.12-o2-libcrypto --vul_func_name PKCS12_unpack_p7encdata --project openssl
2025-09-18 10:59:33,910 - INFO - success CVE-2024-0727,details in cve_test/CVE-2024-0727.log

2025-09-18 10:59:33,911 - INFO - detecting CVE-2024-0727 PKCS12_unpack_p7encdata
2025-09-18 10:59:33,911 - INFO - cmd: python main.py --detect --cve_id CVE-2024-0727 --target_bin /binaries/target_clang/openssl/openssl-openssl-3.1.4-o2-libcrypto --vul_func_name PKCS12_unpack_p7encdata --project openssl
2025-09-18 10:59:40,098 - INFO - success CVE-2024-0727,details in cve_test/CVE-2024-0727.log

2025-09-18 10:59:40,099 - INFO - detecting CVE-2024-0727 PKCS12_unpack_p7encdata
2025-09-18 10:59:40,100 - INFO - cmd: python main.py --detect --cve_id CVE-2024-0727 --target_bin /binaries/target_clang/openssl/openssl-openssl-3.1.5-o2-libcrypto --vul_func_name PKCS12_unpack_p7encdata --project openssl
2025-09-18 10:59:47,070 - INFO - success CVE-2024-0727,details in cve_test/CVE-2024-0727.log

2025-09-18 10:59:47,071 - INFO - detecting CVE-2024-0727 PKCS12_unpack_p7encdata
2025-09-18 10:59:47,072 - INFO - cmd: python main.py --detect --cve_id CVE-2024-0727 --target_bin /binaries/target_clang/openssl/openssl-openssl-3.2.1-o2-libcrypto --vul_func_name PKCS12_unpack_p7encdata --project openssl
2025-09-18 10:59:54,039 - INFO - success CVE-2024-0727,details in cve_test/CVE-2024-0727.log

2025-09-18 10:59:54,040 - INFO - detecting CVE-2024-0727 PKCS12_unpack_p7encdata
2025-09-18 10:59:54,040 - INFO - cmd: python main.py --detect --cve_id CVE-2024-0727 --target_bin /binaries/target_clang/openssl/openssl-openssl-3.0.13-o2-libcrypto --vul_func_name PKCS12_unpack_p7encdata --project openssl
2025-09-18 11:00:01,017 - INFO - success CVE-2024-0727,details in cve_test/CVE-2024-0727.log

2025-09-18 11:00:01,019 - INFO - detecting CVE-2024-0727 PKCS12_unpack_authsafes
2025-09-18 11:00:01,019 - INFO - cmd: python main.py --detect --cve_id CVE-2024-0727 --target_bin /binaries/target_clang/openssl/openssl-openssl-3.2.0-o2-libcrypto --vul_func_name PKCS12_unpack_authsafes --project openssl
2025-09-18 11:00:11,376 - INFO - success CVE-2024-0727,details in cve_test/CVE-2024-0727.log

2025-09-18 11:00:11,377 - INFO - detecting CVE-2024-0727 PKCS12_unpack_authsafes
2025-09-18 11:00:11,377 - INFO - cmd: python main.py --detect --cve_id CVE-2024-0727 --target_bin /binaries/target_clang/openssl/openssl-openssl-3.0.12-o2-libcrypto --vul_func_name PKCS12_unpack_authsafes --project openssl
2025-09-18 11:00:18,532 - INFO - success CVE-2024-0727,details in cve_test/CVE-2024-0727.log

2025-09-18 11:00:18,533 - INFO - detecting CVE-2024-0727 PKCS12_unpack_authsafes
2025-09-18 11:00:18,533 - INFO - cmd: python main.py --detect --cve_id CVE-2024-0727 --target_bin /binaries/target_clang/openssl/openssl-openssl-3.1.4-o2-libcrypto --vul_func_name PKCS12_unpack_authsafes --project openssl
2025-09-18 11:00:24,937 - INFO - success CVE-2024-0727,details in cve_test/CVE-2024-0727.log

2025-09-18 11:00:24,937 - INFO - detecting CVE-2024-0727 PKCS12_unpack_authsafes
2025-09-18 11:00:24,938 - INFO - cmd: python main.py --detect --cve_id CVE-2024-0727 --target_bin /binaries/target_clang/openssl/openssl-openssl-3.1.5-o2-libcrypto --vul_func_name PKCS12_unpack_authsafes --project openssl
2025-09-18 11:00:31,351 - INFO - success CVE-2024-0727,details in cve_test/CVE-2024-0727.log

2025-09-18 11:00:31,352 - INFO - detecting CVE-2024-0727 PKCS12_unpack_authsafes
2025-09-18 11:00:31,352 - INFO - cmd: python main.py --detect --cve_id CVE-2024-0727 --target_bin /binaries/target_clang/openssl/openssl-openssl-3.2.1-o2-libcrypto --vul_func_name PKCS12_unpack_authsafes --project openssl
2025-09-18 11:00:37,963 - INFO - success CVE-2024-0727,details in cve_test/CVE-2024-0727.log

2025-09-18 11:00:37,964 - INFO - detecting CVE-2024-0727 PKCS12_unpack_authsafes
2025-09-18 11:00:37,964 - INFO - cmd: python main.py --detect --cve_id CVE-2024-0727 --target_bin /binaries/target_clang/openssl/openssl-openssl-3.0.13-o2-libcrypto --vul_func_name PKCS12_unpack_authsafes --project openssl
2025-09-18 11:00:44,550 - INFO - success CVE-2024-0727,details in cve_test/CVE-2024-0727.log