2025-09-17 10:21:09,156 - INFO - detecting CVE-2016-6153 unixGetTempname
2025-09-17 10:21:09,157 - INFO - cmd: python main.py --detect --cve_id CVE-2016-6153 --target_bin /binaries/target_clang/sqlite/sqlite-3.12.2-o2-sqlite3 --vul_func_name unixGetTempname --project sqlite
2025-09-17 10:21:14,715 - INFO - success CVE-2016-6153,details in cve_test/CVE-2016-6153.log

2025-09-17 10:21:14,715 - INFO - detecting CVE-2016-6153 unixGetTempname
2025-09-17 10:21:14,716 - INFO - cmd: python main.py --detect --cve_id CVE-2016-6153 --target_bin /binaries/target_clang/sqlite/sqlite-3.12.1-o2-sqlite3 --vul_func_name unixGetTempname --project sqlite
2025-09-17 10:21:20,359 - INFO - success CVE-2016-6153,details in cve_test/CVE-2016-6153.log

2025-09-17 10:21:20,360 - INFO - detecting CVE-2016-6153 unixGetTempname
2025-09-17 10:21:20,361 - INFO - cmd: python main.py --detect --cve_id CVE-2016-6153 --target_bin /binaries/target_clang/sqlite/sqlite-3.9.3-o2-sqlite3 --vul_func_name unixGetTempname --project sqlite
2025-09-17 10:21:24,152 - ERROR - fail CVE-2016-6153 ,details1

2025-09-17 10:21:24,153 - INFO - detecting CVE-2016-6153 unixGetTempname
2025-09-17 10:21:24,154 - INFO - cmd: python main.py --detect --cve_id CVE-2016-6153 --target_bin /binaries/target_clang/sqlite/sqlite-3.13.0-o2-sqlite3 --vul_func_name unixGetTempname --project sqlite
2025-09-17 10:21:30,885 - INFO - success CVE-2016-6153,details in cve_test/CVE-2016-6153.log

2025-09-17 10:21:30,886 - INFO - detecting CVE-2016-6153 unixGetTempname
2025-09-17 10:21:30,887 - INFO - cmd: python main.py --detect --cve_id CVE-2016-6153 --target_bin /binaries/target_clang/sqlite/sqlite-3.14.1-o2-sqlite3 --vul_func_name unixGetTempname --project sqlite
2025-09-17 10:21:37,238 - INFO - success CVE-2016-6153,details in cve_test/CVE-2016-6153.log

2025-09-17 10:21:37,239 - INFO - detecting CVE-2016-6153 unixGetTempname
2025-09-17 10:21:37,239 - INFO - cmd: python main.py --detect --cve_id CVE-2016-6153 --target_bin /binaries/target_clang/sqlite/sqlite-3.14.2-o2-sqlite3 --vul_func_name unixGetTempname --project sqlite
2025-09-17 10:21:43,865 - INFO - success CVE-2016-6153,details in cve_test/CVE-2016-6153.log

2025-09-17 10:21:43,866 - INFO - detecting CVE-2018-20346 fts3SegReaderNext
2025-09-17 10:21:43,867 - INFO - cmd: python main.py --detect --cve_id CVE-2018-20346 --target_bin /binaries/target_clang/sqlite/sqlite-3.25.2-o2-sqlite3 --vul_func_name fts3SegReaderNext --project sqlite
2025-09-17 10:21:51,589 - INFO - success CVE-2018-20346,details in cve_test/CVE-2018-20346.log

2025-09-17 10:21:51,590 - INFO - detecting CVE-2018-20346 fts3SegReaderNext
2025-09-17 10:21:51,591 - INFO - cmd: python main.py --detect --cve_id CVE-2018-20346 --target_bin /binaries/target_clang/sqlite/sqlite-3.25.1-o2-sqlite3 --vul_func_name fts3SegReaderNext --project sqlite
2025-09-17 10:21:58,758 - INFO - success CVE-2018-20346,details in cve_test/CVE-2018-20346.log

2025-09-17 10:21:58,759 - INFO - detecting CVE-2018-20346 fts3SegReaderNext
2025-09-17 10:21:58,759 - INFO - cmd: python main.py --detect --cve_id CVE-2018-20346 --target_bin /binaries/target_clang/sqlite/sqlite-3.25.0-o2-sqlite3 --vul_func_name fts3SegReaderNext --project sqlite
2025-09-17 10:22:06,237 - INFO - success CVE-2018-20346,details in cve_test/CVE-2018-20346.log

2025-09-17 10:22:06,238 - INFO - detecting CVE-2018-20346 fts3SegReaderNext
2025-09-17 10:22:06,238 - INFO - cmd: python main.py --detect --cve_id CVE-2018-20346 --target_bin /binaries/target_clang/sqlite/sqlite-3.25.3-o2-sqlite3 --vul_func_name fts3SegReaderNext --project sqlite
2025-09-17 10:22:13,908 - INFO - success CVE-2018-20346,details in cve_test/CVE-2018-20346.log

2025-09-17 10:22:13,909 - INFO - detecting CVE-2018-20346 fts3SegReaderNext
2025-09-17 10:22:13,909 - INFO - cmd: python main.py --detect --cve_id CVE-2018-20346 --target_bin /binaries/target_clang/sqlite/sqlite-3.26.0-o2-sqlite3 --vul_func_name fts3SegReaderNext --project sqlite
2025-09-17 10:22:21,925 - INFO - success CVE-2018-20346,details in cve_test/CVE-2018-20346.log

2025-09-17 10:22:21,926 - INFO - detecting CVE-2018-20346 fts3SegReaderNext
2025-09-17 10:22:21,927 - INFO - cmd: python main.py --detect --cve_id CVE-2018-20346 --target_bin /binaries/target_clang/sqlite/sqlite-3.27.0-o2-sqlite3 --vul_func_name fts3SegReaderNext --project sqlite
2025-09-17 10:22:29,582 - INFO - success CVE-2018-20346,details in cve_test/CVE-2018-20346.log

2025-09-17 10:22:29,583 - INFO - detecting CVE-2018-20346 fts3ScanInteriorNode
2025-09-17 10:22:29,583 - INFO - cmd: python main.py --detect --cve_id CVE-2018-20346 --target_bin /binaries/target_clang/sqlite/sqlite-3.25.2-o2-sqlite3 --vul_func_name fts3ScanInteriorNode --project sqlite
2025-09-17 10:22:35,903 - INFO - success CVE-2018-20346,details in cve_test/CVE-2018-20346.log

2025-09-17 10:22:35,905 - INFO - detecting CVE-2018-20346 fts3ScanInteriorNode
2025-09-17 10:22:35,906 - INFO - cmd: python main.py --detect --cve_id CVE-2018-20346 --target_bin /binaries/target_clang/sqlite/sqlite-3.25.1-o2-sqlite3 --vul_func_name fts3ScanInteriorNode --project sqlite
2025-09-17 10:22:42,613 - INFO - success CVE-2018-20346,details in cve_test/CVE-2018-20346.log

2025-09-17 10:22:42,614 - INFO - detecting CVE-2018-20346 fts3ScanInteriorNode
2025-09-17 10:22:42,615 - INFO - cmd: python main.py --detect --cve_id CVE-2018-20346 --target_bin /binaries/target_clang/sqlite/sqlite-3.25.0-o2-sqlite3 --vul_func_name fts3ScanInteriorNode --project sqlite
2025-09-17 10:22:49,529 - INFO - success CVE-2018-20346,details in cve_test/CVE-2018-20346.log

2025-09-17 10:22:49,530 - INFO - detecting CVE-2018-20346 fts3ScanInteriorNode
2025-09-17 10:22:49,531 - INFO - cmd: python main.py --detect --cve_id CVE-2018-20346 --target_bin /binaries/target_clang/sqlite/sqlite-3.25.3-o2-sqlite3 --vul_func_name fts3ScanInteriorNode --project sqlite
2025-09-17 10:22:55,599 - INFO - success CVE-2018-20346,details in cve_test/CVE-2018-20346.log

2025-09-17 10:22:55,600 - INFO - detecting CVE-2018-20346 fts3ScanInteriorNode
2025-09-17 10:22:55,601 - INFO - cmd: python main.py --detect --cve_id CVE-2018-20346 --target_bin /binaries/target_clang/sqlite/sqlite-3.26.0-o2-sqlite3 --vul_func_name fts3ScanInteriorNode --project sqlite
2025-09-17 10:23:02,020 - INFO - success CVE-2018-20346,details in cve_test/CVE-2018-20346.log

2025-09-17 10:23:02,021 - INFO - detecting CVE-2018-20346 fts3ScanInteriorNode
2025-09-17 10:23:02,021 - INFO - cmd: python main.py --detect --cve_id CVE-2018-20346 --target_bin /binaries/target_clang/sqlite/sqlite-3.27.0-o2-sqlite3 --vul_func_name fts3ScanInteriorNode --project sqlite
2025-09-17 10:23:08,495 - INFO - success CVE-2018-20346,details in cve_test/CVE-2018-20346.log

2025-09-17 10:23:08,496 - INFO - detecting CVE-2019-19645 renameTableFunc
2025-09-17 10:23:08,496 - INFO - cmd: python main.py --detect --cve_id CVE-2019-19645 --target_bin /binaries/target_clang/sqlite/sqlite-3.30.1-o2-sqlite3 --vul_func_name renameTableFunc --project sqlite
2025-09-17 10:23:16,082 - INFO - success CVE-2019-19645,details in cve_test/CVE-2019-19645.log

2025-09-17 10:23:16,083 - INFO - detecting CVE-2019-19645 renameTableFunc
2025-09-17 10:23:16,083 - INFO - cmd: python main.py --detect --cve_id CVE-2019-19645 --target_bin /binaries/target_clang/sqlite/sqlite-3.30.0-o2-sqlite3 --vul_func_name renameTableFunc --project sqlite
2025-09-17 10:23:25,240 - INFO - success CVE-2019-19645,details in cve_test/CVE-2019-19645.log

2025-09-17 10:23:25,241 - INFO - detecting CVE-2019-19645 renameTableFunc
2025-09-17 10:23:25,241 - INFO - cmd: python main.py --detect --cve_id CVE-2019-19645 --target_bin /binaries/target_clang/sqlite/sqlite-3.29.0-o2-sqlite3 --vul_func_name renameTableFunc --project sqlite
2025-09-17 10:23:33,893 - INFO - success CVE-2019-19645,details in cve_test/CVE-2019-19645.log

2025-09-17 10:23:33,894 - INFO - detecting CVE-2019-19645 renameTableFunc
2025-09-17 10:23:33,894 - INFO - cmd: python main.py --detect --cve_id CVE-2019-19645 --target_bin /binaries/target_clang/sqlite/sqlite-3.31.0-o2-sqlite3 --vul_func_name renameTableFunc --project sqlite
2025-09-17 10:23:41,813 - INFO - success CVE-2019-19645,details in cve_test/CVE-2019-19645.log

2025-09-17 10:23:41,815 - INFO - detecting CVE-2019-19645 renameTableFunc
2025-09-17 10:23:41,815 - INFO - cmd: python main.py --detect --cve_id CVE-2019-19645 --target_bin /binaries/target_clang/sqlite/sqlite-3.31.1-o2-sqlite3 --vul_func_name renameTableFunc --project sqlite
2025-09-17 10:23:50,307 - INFO - success CVE-2019-19645,details in cve_test/CVE-2019-19645.log

2025-09-17 10:23:50,308 - INFO - detecting CVE-2019-19645 renameTableFunc
2025-09-17 10:23:50,309 - INFO - cmd: python main.py --detect --cve_id CVE-2019-19645 --target_bin /binaries/target_clang/sqlite/sqlite-3.32.0-o2-sqlite3 --vul_func_name renameTableFunc --project sqlite
2025-09-17 10:23:59,246 - INFO - success CVE-2019-19645,details in cve_test/CVE-2019-19645.log

2025-09-17 10:23:59,248 - INFO - detecting CVE-2019-19645 renameUnmapSelectCb
2025-09-17 10:23:59,248 - INFO - cmd: python main.py --detect --cve_id CVE-2019-19645 --target_bin /binaries/target_clang/sqlite/sqlite-3.30.1-o2-sqlite3 --vul_func_name renameUnmapSelectCb --project sqlite
2025-09-17 10:24:06,727 - INFO - success CVE-2019-19645,details in cve_test/CVE-2019-19645.log

2025-09-17 10:24:06,728 - INFO - detecting CVE-2019-19645 renameUnmapSelectCb
2025-09-17 10:24:06,729 - INFO - cmd: python main.py --detect --cve_id CVE-2019-19645 --target_bin /binaries/target_clang/sqlite/sqlite-3.30.0-o2-sqlite3 --vul_func_name renameUnmapSelectCb --project sqlite
2025-09-17 10:24:14,962 - INFO - success CVE-2019-19645,details in cve_test/CVE-2019-19645.log

2025-09-17 10:24:14,963 - INFO - detecting CVE-2019-19645 renameUnmapSelectCb
2025-09-17 10:24:14,963 - INFO - cmd: python main.py --detect --cve_id CVE-2019-19645 --target_bin /binaries/target_clang/sqlite/sqlite-3.29.0-o2-sqlite3 --vul_func_name renameUnmapSelectCb --project sqlite
2025-09-17 10:24:22,104 - INFO - success CVE-2019-19645,details in cve_test/CVE-2019-19645.log

2025-09-17 10:24:22,105 - INFO - detecting CVE-2019-19645 renameUnmapSelectCb
2025-09-17 10:24:22,105 - INFO - cmd: python main.py --detect --cve_id CVE-2019-19645 --target_bin /binaries/target_clang/sqlite/sqlite-3.31.0-o2-sqlite3 --vul_func_name renameUnmapSelectCb --project sqlite
2025-09-17 10:24:30,320 - INFO - success CVE-2019-19645,details in cve_test/CVE-2019-19645.log

2025-09-17 10:24:30,321 - INFO - detecting CVE-2019-19645 renameUnmapSelectCb
2025-09-17 10:24:30,322 - INFO - cmd: python main.py --detect --cve_id CVE-2019-19645 --target_bin /binaries/target_clang/sqlite/sqlite-3.31.1-o2-sqlite3 --vul_func_name renameUnmapSelectCb --project sqlite
2025-09-17 10:24:38,760 - INFO - success CVE-2019-19645,details in cve_test/CVE-2019-19645.log

2025-09-17 10:24:38,761 - INFO - detecting CVE-2019-19645 renameUnmapSelectCb
2025-09-17 10:24:38,762 - INFO - cmd: python main.py --detect --cve_id CVE-2019-19645 --target_bin /binaries/target_clang/sqlite/sqlite-3.32.0-o2-sqlite3 --vul_func_name renameUnmapSelectCb --project sqlite
2025-09-17 10:24:47,603 - INFO - success CVE-2019-19645,details in cve_test/CVE-2019-19645.log

2025-09-17 10:24:47,604 - INFO - detecting CVE-2019-19645 renameColumnSelectCb
2025-09-17 10:24:47,605 - INFO - cmd: python main.py --detect --cve_id CVE-2019-19645 --target_bin /binaries/target_clang/sqlite/sqlite-3.30.1-o2-sqlite3 --vul_func_name renameColumnSelectCb --project sqlite
2025-09-17 10:24:54,696 - INFO - success CVE-2019-19645,details in cve_test/CVE-2019-19645.log

2025-09-17 10:24:54,697 - INFO - detecting CVE-2019-19645 renameColumnSelectCb
2025-09-17 10:24:54,697 - INFO - cmd: python main.py --detect --cve_id CVE-2019-19645 --target_bin /binaries/target_clang/sqlite/sqlite-3.30.0-o2-sqlite3 --vul_func_name renameColumnSelectCb --project sqlite
2025-09-17 10:25:01,577 - INFO - success CVE-2019-19645,details in cve_test/CVE-2019-19645.log

2025-09-17 10:25:01,578 - INFO - detecting CVE-2019-19645 renameColumnSelectCb
2025-09-17 10:25:01,578 - INFO - cmd: python main.py --detect --cve_id CVE-2019-19645 --target_bin /binaries/target_clang/sqlite/sqlite-3.29.0-o2-sqlite3 --vul_func_name renameColumnSelectCb --project sqlite
2025-09-17 10:25:08,051 - INFO - success CVE-2019-19645,details in cve_test/CVE-2019-19645.log

2025-09-17 10:25:08,052 - INFO - detecting CVE-2019-19645 renameColumnSelectCb
2025-09-17 10:25:08,052 - INFO - cmd: python main.py --detect --cve_id CVE-2019-19645 --target_bin /binaries/target_clang/sqlite/sqlite-3.31.0-o2-sqlite3 --vul_func_name renameColumnSelectCb --project sqlite
2025-09-17 10:25:14,513 - INFO - success CVE-2019-19645,details in cve_test/CVE-2019-19645.log

2025-09-17 10:25:14,514 - INFO - detecting CVE-2019-19645 renameColumnSelectCb
2025-09-17 10:25:14,514 - INFO - cmd: python main.py --detect --cve_id CVE-2019-19645 --target_bin /binaries/target_clang/sqlite/sqlite-3.31.1-o2-sqlite3 --vul_func_name renameColumnSelectCb --project sqlite
2025-09-17 10:25:21,164 - INFO - success CVE-2019-19645,details in cve_test/CVE-2019-19645.log

2025-09-17 10:25:21,165 - INFO - detecting CVE-2019-19645 renameColumnSelectCb
2025-09-17 10:25:21,165 - INFO - cmd: python main.py --detect --cve_id CVE-2019-19645 --target_bin /binaries/target_clang/sqlite/sqlite-3.32.0-o2-sqlite3 --vul_func_name renameColumnSelectCb --project sqlite
2025-09-17 10:25:27,392 - INFO - success CVE-2019-19645,details in cve_test/CVE-2019-19645.log

2025-09-17 10:25:27,393 - INFO - detecting CVE-2019-19645 renameTableSelectCb
2025-09-17 10:25:27,394 - INFO - cmd: python main.py --detect --cve_id CVE-2019-19645 --target_bin /binaries/target_clang/sqlite/sqlite-3.30.1-o2-sqlite3 --vul_func_name renameTableSelectCb --project sqlite
2025-09-17 10:25:35,265 - INFO - success CVE-2019-19645,details in cve_test/CVE-2019-19645.log

2025-09-17 10:25:35,266 - INFO - detecting CVE-2019-19645 renameTableSelectCb
2025-09-17 10:25:35,266 - INFO - cmd: python main.py --detect --cve_id CVE-2019-19645 --target_bin /binaries/target_clang/sqlite/sqlite-3.30.0-o2-sqlite3 --vul_func_name renameTableSelectCb --project sqlite
2025-09-17 10:25:43,713 - INFO - success CVE-2019-19645,details in cve_test/CVE-2019-19645.log

2025-09-17 10:25:43,714 - INFO - detecting CVE-2019-19645 renameTableSelectCb
2025-09-17 10:25:43,714 - INFO - cmd: python main.py --detect --cve_id CVE-2019-19645 --target_bin /binaries/target_clang/sqlite/sqlite-3.29.0-o2-sqlite3 --vul_func_name renameTableSelectCb --project sqlite
2025-09-17 10:25:52,712 - INFO - success CVE-2019-19645,details in cve_test/CVE-2019-19645.log

2025-09-17 10:25:52,713 - INFO - detecting CVE-2019-19645 renameTableSelectCb
2025-09-17 10:25:52,713 - INFO - cmd: python main.py --detect --cve_id CVE-2019-19645 --target_bin /binaries/target_clang/sqlite/sqlite-3.31.0-o2-sqlite3 --vul_func_name renameTableSelectCb --project sqlite
2025-09-17 10:26:01,202 - INFO - success CVE-2019-19645,details in cve_test/CVE-2019-19645.log

2025-09-17 10:26:01,203 - INFO - detecting CVE-2019-19645 renameTableSelectCb
2025-09-17 10:26:01,203 - INFO - cmd: python main.py --detect --cve_id CVE-2019-19645 --target_bin /binaries/target_clang/sqlite/sqlite-3.31.1-o2-sqlite3 --vul_func_name renameTableSelectCb --project sqlite
2025-09-17 10:26:10,008 - INFO - success CVE-2019-19645,details in cve_test/CVE-2019-19645.log

2025-09-17 10:26:10,010 - INFO - detecting CVE-2019-19645 renameTableSelectCb
2025-09-17 10:26:10,010 - INFO - cmd: python main.py --detect --cve_id CVE-2019-19645 --target_bin /binaries/target_clang/sqlite/sqlite-3.32.0-o2-sqlite3 --vul_func_name renameTableSelectCb --project sqlite
2025-09-17 10:26:17,899 - INFO - success CVE-2019-19645,details in cve_test/CVE-2019-19645.log

2025-09-17 10:26:17,900 - INFO - detecting CVE-2019-19646 sqlite3CreateColumnExpr
2025-09-17 10:26:17,901 - INFO - cmd: python main.py --detect --cve_id CVE-2019-19646 --target_bin /binaries/target_clang/sqlite/sqlite-3.30.1-o2-sqlite3 --vul_func_name sqlite3CreateColumnExpr --project sqlite
2025-09-17 10:26:24,282 - INFO - success CVE-2019-19646,details in cve_test/CVE-2019-19646.log

2025-09-17 10:26:24,284 - INFO - detecting CVE-2019-19646 sqlite3CreateColumnExpr
2025-09-17 10:26:24,284 - INFO - cmd: python main.py --detect --cve_id CVE-2019-19646 --target_bin /binaries/target_clang/sqlite/sqlite-3.30.0-o2-sqlite3 --vul_func_name sqlite3CreateColumnExpr --project sqlite
2025-09-17 10:26:31,143 - INFO - success CVE-2019-19646,details in cve_test/CVE-2019-19646.log

2025-09-17 10:26:31,144 - INFO - detecting CVE-2019-19646 sqlite3CreateColumnExpr
2025-09-17 10:26:31,145 - INFO - cmd: python main.py --detect --cve_id CVE-2019-19646 --target_bin /binaries/target_clang/sqlite/sqlite-3.29.0-o2-sqlite3 --vul_func_name sqlite3CreateColumnExpr --project sqlite
2025-09-17 10:26:37,522 - INFO - success CVE-2019-19646,details in cve_test/CVE-2019-19646.log

2025-09-17 10:26:37,523 - INFO - detecting CVE-2019-19646 sqlite3CreateColumnExpr
2025-09-17 10:26:37,524 - INFO - cmd: python main.py --detect --cve_id CVE-2019-19646 --target_bin /binaries/target_clang/sqlite/sqlite-3.31.0-o2-sqlite3 --vul_func_name sqlite3CreateColumnExpr --project sqlite
2025-09-17 10:26:43,973 - INFO - success CVE-2019-19646,details in cve_test/CVE-2019-19646.log

2025-09-17 10:26:43,974 - INFO - detecting CVE-2019-19646 sqlite3CreateColumnExpr
2025-09-17 10:26:43,975 - INFO - cmd: python main.py --detect --cve_id CVE-2019-19646 --target_bin /binaries/target_clang/sqlite/sqlite-3.31.1-o2-sqlite3 --vul_func_name sqlite3CreateColumnExpr --project sqlite
2025-09-17 10:26:50,678 - INFO - success CVE-2019-19646,details in cve_test/CVE-2019-19646.log

2025-09-17 10:26:50,679 - INFO - detecting CVE-2019-19646 sqlite3CreateColumnExpr
2025-09-17 10:26:50,680 - INFO - cmd: python main.py --detect --cve_id CVE-2019-19646 --target_bin /binaries/target_clang/sqlite/sqlite-3.32.0-o2-sqlite3 --vul_func_name sqlite3CreateColumnExpr --project sqlite
2025-09-17 10:26:57,626 - INFO - success CVE-2019-19646,details in cve_test/CVE-2019-19646.log

2025-09-17 10:26:57,627 - INFO - detecting CVE-2019-19924 codeCompare
2025-09-17 10:26:57,629 - INFO - cmd: python main.py --detect --cve_id CVE-2019-19924 --target_bin /binaries/target_clang/sqlite/sqlite-3.30.1-o2-sqlite3 --vul_func_name codeCompare --project sqlite
2025-09-17 10:27:02,451 - INFO - success CVE-2019-19924,details in cve_test/CVE-2019-19924.log

2025-09-17 10:27:02,452 - INFO - detecting CVE-2019-19924 codeCompare
2025-09-17 10:27:02,453 - INFO - cmd: python main.py --detect --cve_id CVE-2019-19924 --target_bin /binaries/target_clang/sqlite/sqlite-3.31.0-o2-sqlite3 --vul_func_name codeCompare --project sqlite
2025-09-17 10:27:09,182 - INFO - success CVE-2019-19924,details in cve_test/CVE-2019-19924.log

2025-09-17 10:27:09,183 - INFO - detecting CVE-2019-19924 codeCompare
2025-09-17 10:27:09,183 - INFO - cmd: python main.py --detect --cve_id CVE-2019-19924 --target_bin /binaries/target_clang/sqlite/sqlite-3.31.1-o2-sqlite3 --vul_func_name codeCompare --project sqlite
2025-09-17 10:27:15,982 - INFO - success CVE-2019-19924,details in cve_test/CVE-2019-19924.log

2025-09-17 10:27:15,983 - INFO - detecting CVE-2019-19924 codeCompare
2025-09-17 10:27:15,983 - INFO - cmd: python main.py --detect --cve_id CVE-2019-19924 --target_bin /binaries/target_clang/sqlite/sqlite-3.32.0-o2-sqlite3 --vul_func_name codeCompare --project sqlite
2025-09-17 10:27:23,285 - INFO - success CVE-2019-19924,details in cve_test/CVE-2019-19924.log

2025-09-17 10:27:23,287 - INFO - detecting CVE-2019-19924 sqlite3WindowRewrite
2025-09-17 10:27:23,287 - INFO - cmd: python main.py --detect --cve_id CVE-2019-19924 --target_bin /binaries/target_clang/sqlite/sqlite-3.30.1-o2-sqlite3 --vul_func_name sqlite3WindowRewrite --project sqlite
2025-09-17 10:27:30,254 - INFO - success CVE-2019-19924,details in cve_test/CVE-2019-19924.log

2025-09-17 10:27:30,255 - INFO - detecting CVE-2019-19924 sqlite3WindowRewrite
2025-09-17 10:27:30,256 - INFO - cmd: python main.py --detect --cve_id CVE-2019-19924 --target_bin /binaries/target_clang/sqlite/sqlite-3.31.0-o2-sqlite3 --vul_func_name sqlite3WindowRewrite --project sqlite
2025-09-17 10:27:37,718 - INFO - success CVE-2019-19924,details in cve_test/CVE-2019-19924.log

2025-09-17 10:27:37,719 - INFO - detecting CVE-2019-19924 sqlite3WindowRewrite
2025-09-17 10:27:37,719 - INFO - cmd: python main.py --detect --cve_id CVE-2019-19924 --target_bin /binaries/target_clang/sqlite/sqlite-3.31.1-o2-sqlite3 --vul_func_name sqlite3WindowRewrite --project sqlite
2025-09-17 10:27:44,452 - INFO - success CVE-2019-19924,details in cve_test/CVE-2019-19924.log

2025-09-17 10:27:44,453 - INFO - detecting CVE-2019-19924 sqlite3WindowRewrite
2025-09-17 10:27:44,453 - INFO - cmd: python main.py --detect --cve_id CVE-2019-19924 --target_bin /binaries/target_clang/sqlite/sqlite-3.32.0-o2-sqlite3 --vul_func_name sqlite3WindowRewrite --project sqlite
2025-09-17 10:27:51,630 - INFO - success CVE-2019-19924,details in cve_test/CVE-2019-19924.log

2025-09-17 10:27:51,631 - INFO - detecting CVE-2019-8457 rtreenode
2025-09-17 10:27:51,632 - INFO - cmd: python main.py --detect --cve_id CVE-2019-8457 --target_bin /binaries/target_clang/sqlite/sqlite-3.27.2-o2-sqlite3 --vul_func_name rtreenode --project sqlite
2025-09-17 10:28:02,175 - INFO - success CVE-2019-8457,details in cve_test/CVE-2019-8457.log

2025-09-17 10:28:02,176 - INFO - detecting CVE-2019-8457 rtreenode
2025-09-17 10:28:02,177 - INFO - cmd: python main.py --detect --cve_id CVE-2019-8457 --target_bin /binaries/target_clang/sqlite/sqlite-3.27.1-o2-sqlite3 --vul_func_name rtreenode --project sqlite
2025-09-17 10:28:12,485 - INFO - success CVE-2019-8457,details in cve_test/CVE-2019-8457.log

2025-09-17 10:28:12,486 - INFO - detecting CVE-2019-8457 rtreenode
2025-09-17 10:28:12,486 - INFO - cmd: python main.py --detect --cve_id CVE-2019-8457 --target_bin /binaries/target_clang/sqlite/sqlite-3.27.0-o2-sqlite3 --vul_func_name rtreenode --project sqlite
2025-09-17 10:28:22,078 - INFO - success CVE-2019-8457,details in cve_test/CVE-2019-8457.log

2025-09-17 10:28:22,080 - INFO - detecting CVE-2019-8457 rtreenode
2025-09-17 10:28:22,080 - INFO - cmd: python main.py --detect --cve_id CVE-2019-8457 --target_bin /binaries/target_clang/sqlite/sqlite-3.28.0-o2-sqlite3 --vul_func_name rtreenode --project sqlite
2025-09-17 10:28:28,481 - INFO - success CVE-2019-8457,details in cve_test/CVE-2019-8457.log

2025-09-17 10:28:28,482 - INFO - detecting CVE-2019-8457 rtreenode
2025-09-17 10:28:28,482 - INFO - cmd: python main.py --detect --cve_id CVE-2019-8457 --target_bin /binaries/target_clang/sqlite/sqlite-3.29.0-o2-sqlite3 --vul_func_name rtreenode --project sqlite
2025-09-17 10:28:34,834 - INFO - success CVE-2019-8457,details in cve_test/CVE-2019-8457.log

2025-09-17 10:28:34,835 - INFO - detecting CVE-2019-8457 rtreenode
2025-09-17 10:28:34,835 - INFO - cmd: python main.py --detect --cve_id CVE-2019-8457 --target_bin /binaries/target_clang/sqlite/sqlite-3.30.0-o2-sqlite3 --vul_func_name rtreenode --project sqlite
2025-09-17 10:28:41,513 - INFO - success CVE-2019-8457,details in cve_test/CVE-2019-8457.log

2025-09-17 10:28:41,514 - INFO - detecting CVE-2020-13632 fts3ExprLHits
2025-09-17 10:28:41,515 - INFO - cmd: python main.py --detect --cve_id CVE-2020-13632 --target_bin /binaries/target_clang/sqlite/sqlite-3.31.1-o2-sqlite3 --vul_func_name fts3ExprLHits --project sqlite
2025-09-17 10:28:52,002 - INFO - success CVE-2020-13632,details in cve_test/CVE-2020-13632.log

2025-09-17 10:28:52,003 - INFO - detecting CVE-2020-13632 fts3ExprLHits
2025-09-17 10:28:52,004 - INFO - cmd: python main.py --detect --cve_id CVE-2020-13632 --target_bin /binaries/target_clang/sqlite/sqlite-3.31.0-o2-sqlite3 --vul_func_name fts3ExprLHits --project sqlite
2025-09-17 10:29:01,859 - INFO - success CVE-2020-13632,details in cve_test/CVE-2020-13632.log

2025-09-17 10:29:01,860 - INFO - detecting CVE-2020-13632 fts3ExprLHits
2025-09-17 10:29:01,860 - INFO - cmd: python main.py --detect --cve_id CVE-2020-13632 --target_bin /binaries/target_clang/sqlite/sqlite-3.30.1-o2-sqlite3 --vul_func_name fts3ExprLHits --project sqlite
2025-09-17 10:29:11,018 - INFO - success CVE-2020-13632,details in cve_test/CVE-2020-13632.log

2025-09-17 10:29:11,019 - INFO - detecting CVE-2020-13632 fts3ExprLHits
2025-09-17 10:29:11,020 - INFO - cmd: python main.py --detect --cve_id CVE-2020-13632 --target_bin /binaries/target_clang/sqlite/sqlite-3.32.0-o2-sqlite3 --vul_func_name fts3ExprLHits --project sqlite
2025-09-17 10:29:19,761 - INFO - success CVE-2020-13632,details in cve_test/CVE-2020-13632.log

2025-09-17 10:29:19,762 - INFO - detecting CVE-2020-13632 fts3ExprLHits
2025-09-17 10:29:19,763 - INFO - cmd: python main.py --detect --cve_id CVE-2020-13632 --target_bin /binaries/target_clang/sqlite/sqlite-3.32.1-o2-sqlite3 --vul_func_name fts3ExprLHits --project sqlite
2025-09-17 10:29:28,132 - INFO - success CVE-2020-13632,details in cve_test/CVE-2020-13632.log

2025-09-17 10:29:28,133 - INFO - detecting CVE-2020-13632 fts3ExprLHits
2025-09-17 10:29:28,133 - INFO - cmd: python main.py --detect --cve_id CVE-2020-13632 --target_bin /binaries/target_clang/sqlite/sqlite-3.32.2-o2-sqlite3 --vul_func_name fts3ExprLHits --project sqlite
2025-09-17 10:29:36,922 - INFO - success CVE-2020-13632,details in cve_test/CVE-2020-13632.log

2025-09-17 10:29:36,923 - INFO - detecting CVE-2021-36690 idxGetTableInfo
2025-09-17 10:29:36,924 - INFO - cmd: python main.py --detect --cve_id CVE-2021-36690 --target_bin /binaries/target_clang/sqlite/sqlite-3.36.0-o2-sqlite3 --vul_func_name idxGetTableInfo --project sqlite
2025-09-17 10:29:47,001 - INFO - success CVE-2021-36690,details in cve_test/CVE-2021-36690.log

2025-09-17 10:29:47,003 - INFO - detecting CVE-2021-36690 idxGetTableInfo
2025-09-17 10:29:47,003 - INFO - cmd: python main.py --detect --cve_id CVE-2021-36690 --target_bin /binaries/target_clang/sqlite/sqlite-3.37.0-o2-sqlite3 --vul_func_name idxGetTableInfo --project sqlite
2025-09-17 10:29:55,794 - INFO - success CVE-2021-36690,details in cve_test/CVE-2021-36690.log

2025-09-17 10:29:55,795 - INFO - detecting CVE-2021-36690 idxGetTableInfo
2025-09-17 10:29:55,795 - INFO - cmd: python main.py --detect --cve_id CVE-2021-36690 --target_bin /binaries/target_clang/sqlite/sqlite-3.37.1-o2-sqlite3 --vul_func_name idxGetTableInfo --project sqlite
2025-09-17 10:30:05,412 - INFO - success CVE-2021-36690,details in cve_test/CVE-2021-36690.log

2025-09-17 10:30:05,413 - INFO - detecting CVE-2021-36690 idxGetTableInfo
2025-09-17 10:30:05,414 - INFO - cmd: python main.py --detect --cve_id CVE-2021-36690 --target_bin /binaries/target_clang/sqlite/sqlite-3.37.2-o2-sqlite3 --vul_func_name idxGetTableInfo --project sqlite
2025-09-17 10:30:14,765 - INFO - success CVE-2021-36690,details in cve_test/CVE-2021-36690.log