2025-09-17 17:57:39,033 - INFO - detecting CVE-2017-12896 isakmp_rfc3948_print
2025-09-17 17:57:39,033 - INFO - cmd: python main.py --detect --cve_id CVE-2017-12896 --target_bin /binaries/target_clang/tcpdump/tcpdump-4.9.1-o2-tcpdump --vul_func_name isakmp_rfc3948_print --project tcpdump
2025-09-17 17:57:45,559 - INFO - success CVE-2017-12896,details in cve_test/CVE-2017-12896.log

2025-09-17 17:57:45,560 - INFO - detecting CVE-2017-12896 isakmp_rfc3948_print
2025-09-17 17:57:45,560 - INFO - cmd: python main.py --detect --cve_id CVE-2017-12896 --target_bin /binaries/target_clang/tcpdump/tcpdump-4.9.0-o2-tcpdump --vul_func_name isakmp_rfc3948_print --project tcpdump
2025-09-17 17:57:52,072 - INFO - success CVE-2017-12896,details in cve_test/CVE-2017-12896.log

2025-09-17 17:57:52,073 - INFO - detecting CVE-2017-12896 isakmp_rfc3948_print
2025-09-17 17:57:52,074 - INFO - cmd: python main.py --detect --cve_id CVE-2017-12896 --target_bin /binaries/target_clang/tcpdump/tcpdump-4.8.1-o2-tcpdump --vul_func_name isakmp_rfc3948_print --project tcpdump
2025-09-17 17:57:58,913 - INFO - success CVE-2017-12896,details in cve_test/CVE-2017-12896.log

2025-09-17 17:57:58,914 - INFO - detecting CVE-2017-12896 isakmp_rfc3948_print
2025-09-17 17:57:58,914 - INFO - cmd: python main.py --detect --cve_id CVE-2017-12896 --target_bin /binaries/target_clang/tcpdump/tcpdump-4.9.3-o2-tcpdump --vul_func_name isakmp_rfc3948_print --project tcpdump
2025-09-17 17:58:06,060 - INFO - success CVE-2017-12896,details in cve_test/CVE-2017-12896.log

2025-09-17 17:58:06,061 - INFO - detecting CVE-2017-12896 isakmp_rfc3948_print
2025-09-17 17:58:06,062 - INFO - cmd: python main.py --detect --cve_id CVE-2017-12896 --target_bin /binaries/target_clang/tcpdump/tcpdump-4.99.0-bp-o2-tcpdump --vul_func_name isakmp_rfc3948_print --project tcpdump
2025-09-17 17:58:12,424 - INFO - success CVE-2017-12896,details in cve_test/CVE-2017-12896.log

2025-09-17 17:58:12,425 - INFO - detecting CVE-2017-12896 isakmp_rfc3948_print
2025-09-17 17:58:12,426 - INFO - cmd: python main.py --detect --cve_id CVE-2017-12896 --target_bin /binaries/target_clang/tcpdump/tcpdump-4.99-bp-o2-tcpdump --vul_func_name isakmp_rfc3948_print --project tcpdump
2025-09-17 17:58:18,159 - INFO - success CVE-2017-12896,details in cve_test/CVE-2017-12896.log

2025-09-17 17:58:18,160 - INFO - detecting CVE-2017-12992 ripng_print
2025-09-17 17:58:18,161 - INFO - cmd: python main.py --detect --cve_id CVE-2017-12992 --target_bin /binaries/target_clang/tcpdump/tcpdump-4.9.1-o2-tcpdump --vul_func_name ripng_print --project tcpdump
2025-09-17 17:58:24,498 - INFO - success CVE-2017-12992,details in cve_test/CVE-2017-12992.log

2025-09-17 17:58:24,499 - INFO - detecting CVE-2017-12992 ripng_print
2025-09-17 17:58:24,500 - INFO - cmd: python main.py --detect --cve_id CVE-2017-12992 --target_bin /binaries/target_clang/tcpdump/tcpdump-4.9.0-o2-tcpdump --vul_func_name ripng_print --project tcpdump
2025-09-17 17:58:30,363 - INFO - success CVE-2017-12992,details in cve_test/CVE-2017-12992.log

2025-09-17 17:58:30,364 - INFO - detecting CVE-2017-12992 ripng_print
2025-09-17 17:58:30,365 - INFO - cmd: python main.py --detect --cve_id CVE-2017-12992 --target_bin /binaries/target_clang/tcpdump/tcpdump-4.8.1-o2-tcpdump --vul_func_name ripng_print --project tcpdump
2025-09-17 17:58:36,184 - INFO - success CVE-2017-12992,details in cve_test/CVE-2017-12992.log

2025-09-17 17:58:36,184 - INFO - detecting CVE-2017-12992 ripng_print
2025-09-17 17:58:36,184 - INFO - cmd: python main.py --detect --cve_id CVE-2017-12992 --target_bin /binaries/target_clang/tcpdump/tcpdump-4.9.3-o2-tcpdump --vul_func_name ripng_print --project tcpdump
2025-09-17 17:58:42,467 - INFO - success CVE-2017-12992,details in cve_test/CVE-2017-12992.log

2025-09-17 17:58:42,468 - INFO - detecting CVE-2017-12992 ripng_print
2025-09-17 17:58:42,469 - INFO - cmd: python main.py --detect --cve_id CVE-2017-12992 --target_bin /binaries/target_clang/tcpdump/tcpdump-4.99.0-bp-o2-tcpdump --vul_func_name ripng_print --project tcpdump
2025-09-17 17:58:48,692 - INFO - success CVE-2017-12992,details in cve_test/CVE-2017-12992.log

2025-09-17 17:58:48,693 - INFO - detecting CVE-2017-12992 ripng_print
2025-09-17 17:58:48,694 - INFO - cmd: python main.py --detect --cve_id CVE-2017-12992 --target_bin /binaries/target_clang/tcpdump/tcpdump-4.99-bp-o2-tcpdump --vul_func_name ripng_print --project tcpdump
2025-09-17 17:58:54,344 - INFO - success CVE-2017-12992,details in cve_test/CVE-2017-12992.log

2025-09-17 17:58:54,345 - INFO - detecting CVE-2017-12993 juniper_atm1_print
2025-09-17 17:58:54,345 - INFO - cmd: python main.py --detect --cve_id CVE-2017-12993 --target_bin /binaries/target_clang/tcpdump/tcpdump-4.9.1-o2-tcpdump --vul_func_name juniper_atm1_print --project tcpdump
2025-09-17 17:59:02,393 - INFO - success CVE-2017-12993,details in cve_test/CVE-2017-12993.log

2025-09-17 17:59:02,394 - INFO - detecting CVE-2017-12993 juniper_atm1_print
2025-09-17 17:59:02,395 - INFO - cmd: python main.py --detect --cve_id CVE-2017-12993 --target_bin /binaries/target_clang/tcpdump/tcpdump-4.9.0-o2-tcpdump --vul_func_name juniper_atm1_print --project tcpdump
2025-09-17 17:59:10,620 - INFO - success CVE-2017-12993,details in cve_test/CVE-2017-12993.log

2025-09-17 17:59:10,621 - INFO - detecting CVE-2017-12993 juniper_atm1_print
2025-09-17 17:59:10,622 - INFO - cmd: python main.py --detect --cve_id CVE-2017-12993 --target_bin /binaries/target_clang/tcpdump/tcpdump-4.8.1-o2-tcpdump --vul_func_name juniper_atm1_print --project tcpdump
2025-09-17 17:59:19,213 - INFO - success CVE-2017-12993,details in cve_test/CVE-2017-12993.log

2025-09-17 17:59:19,214 - INFO - detecting CVE-2017-12993 juniper_atm1_print
2025-09-17 17:59:19,214 - INFO - cmd: python main.py --detect --cve_id CVE-2017-12993 --target_bin /binaries/target_clang/tcpdump/tcpdump-4.9.3-o2-tcpdump --vul_func_name juniper_atm1_print --project tcpdump
2025-09-17 17:59:26,870 - INFO - success CVE-2017-12993,details in cve_test/CVE-2017-12993.log

2025-09-17 17:59:26,871 - INFO - detecting CVE-2017-12993 juniper_atm1_print
2025-09-17 17:59:26,872 - INFO - cmd: python main.py --detect --cve_id CVE-2017-12993 --target_bin /binaries/target_clang/tcpdump/tcpdump-4.99.0-bp-o2-tcpdump --vul_func_name juniper_atm1_print --project tcpdump
2025-09-17 17:59:31,581 - ERROR - fail CVE-2017-12993 ,details1

2025-09-17 17:59:31,582 - INFO - detecting CVE-2017-12993 juniper_atm1_print
2025-09-17 17:59:31,582 - INFO - cmd: python main.py --detect --cve_id CVE-2017-12993 --target_bin /binaries/target_clang/tcpdump/tcpdump-4.99-bp-o2-tcpdump --vul_func_name juniper_atm1_print --project tcpdump
2025-09-17 17:59:35,782 - ERROR - fail CVE-2017-12993 ,details1

2025-09-17 17:59:35,783 - INFO - detecting CVE-2017-12995 ns_nprint
2025-09-17 17:59:35,784 - INFO - cmd: python main.py --detect --cve_id CVE-2017-12995 --target_bin /binaries/target_clang/tcpdump/tcpdump-4.9.1-o2-tcpdump --vul_func_name ns_nprint --project tcpdump
2025-09-17 17:59:42,055 - INFO - success CVE-2017-12995,details in cve_test/CVE-2017-12995.log

2025-09-17 17:59:42,056 - INFO - detecting CVE-2017-12995 ns_nprint
2025-09-17 17:59:42,056 - INFO - cmd: python main.py --detect --cve_id CVE-2017-12995 --target_bin /binaries/target_clang/tcpdump/tcpdump-4.9.0-o2-tcpdump --vul_func_name ns_nprint --project tcpdump
2025-09-17 17:59:48,596 - INFO - success CVE-2017-12995,details in cve_test/CVE-2017-12995.log

2025-09-17 17:59:48,597 - INFO - detecting CVE-2017-12995 ns_nprint
2025-09-17 17:59:48,598 - INFO - cmd: python main.py --detect --cve_id CVE-2017-12995 --target_bin /binaries/target_clang/tcpdump/tcpdump-4.8.1-o2-tcpdump --vul_func_name ns_nprint --project tcpdump
2025-09-17 17:59:55,453 - INFO - success CVE-2017-12995,details in cve_test/CVE-2017-12995.log

2025-09-17 17:59:55,455 - INFO - detecting CVE-2017-12995 ns_nprint
2025-09-17 17:59:55,455 - INFO - cmd: python main.py --detect --cve_id CVE-2017-12995 --target_bin /binaries/target_clang/tcpdump/tcpdump-4.9.3-o2-tcpdump --vul_func_name ns_nprint --project tcpdump
2025-09-17 18:00:02,261 - INFO - success CVE-2017-12995,details in cve_test/CVE-2017-12995.log

2025-09-17 18:00:02,262 - INFO - detecting CVE-2017-12995 ns_nprint
2025-09-17 18:00:02,262 - INFO - cmd: python main.py --detect --cve_id CVE-2017-12995 --target_bin /binaries/target_clang/tcpdump/tcpdump-4.99.0-bp-o2-tcpdump --vul_func_name ns_nprint --project tcpdump
2025-09-17 18:00:06,631 - ERROR - fail CVE-2017-12995 ,details1

2025-09-17 18:00:06,632 - INFO - detecting CVE-2017-12995 ns_nprint
2025-09-17 18:00:06,632 - INFO - cmd: python main.py --detect --cve_id CVE-2017-12995 --target_bin /binaries/target_clang/tcpdump/tcpdump-4.99-bp-o2-tcpdump --vul_func_name ns_nprint --project tcpdump
2025-09-17 18:00:11,294 - ERROR - fail CVE-2017-12995 ,details1

2025-09-17 18:00:11,295 - INFO - detecting CVE-2017-13001 nfs_printfh
2025-09-17 18:00:11,295 - INFO - cmd: python main.py --detect --cve_id CVE-2017-13001 --target_bin /binaries/target_clang/tcpdump/tcpdump-4.9.1-o2-tcpdump --vul_func_name nfs_printfh --project tcpdump
2025-09-17 18:00:18,639 - INFO - success CVE-2017-13001,details in cve_test/CVE-2017-13001.log

2025-09-17 18:00:18,640 - INFO - detecting CVE-2017-13001 nfs_printfh
2025-09-17 18:00:18,640 - INFO - cmd: python main.py --detect --cve_id CVE-2017-13001 --target_bin /binaries/target_clang/tcpdump/tcpdump-4.9.0-o2-tcpdump --vul_func_name nfs_printfh --project tcpdump
2025-09-17 18:00:26,063 - INFO - success CVE-2017-13001,details in cve_test/CVE-2017-13001.log

2025-09-17 18:00:26,063 - INFO - detecting CVE-2017-13001 nfs_printfh
2025-09-17 18:00:26,064 - INFO - cmd: python main.py --detect --cve_id CVE-2017-13001 --target_bin /binaries/target_clang/tcpdump/tcpdump-4.8.1-o2-tcpdump --vul_func_name nfs_printfh --project tcpdump
2025-09-17 18:00:33,469 - INFO - success CVE-2017-13001,details in cve_test/CVE-2017-13001.log

2025-09-17 18:00:33,470 - INFO - detecting CVE-2017-13001 nfs_printfh
2025-09-17 18:00:33,470 - INFO - cmd: python main.py --detect --cve_id CVE-2017-13001 --target_bin /binaries/target_clang/tcpdump/tcpdump-4.9.3-o2-tcpdump --vul_func_name nfs_printfh --project tcpdump
2025-09-17 18:00:40,549 - INFO - success CVE-2017-13001,details in cve_test/CVE-2017-13001.log

2025-09-17 18:00:40,550 - INFO - detecting CVE-2017-13001 nfs_printfh
2025-09-17 18:00:40,550 - INFO - cmd: python main.py --detect --cve_id CVE-2017-13001 --target_bin /binaries/target_clang/tcpdump/tcpdump-4.99.0-bp-o2-tcpdump --vul_func_name nfs_printfh --project tcpdump
2025-09-17 18:00:48,478 - INFO - success CVE-2017-13001,details in cve_test/CVE-2017-13001.log

2025-09-17 18:00:48,479 - INFO - detecting CVE-2017-13001 nfs_printfh
2025-09-17 18:00:48,480 - INFO - cmd: python main.py --detect --cve_id CVE-2017-13001 --target_bin /binaries/target_clang/tcpdump/tcpdump-4.99-bp-o2-tcpdump --vul_func_name nfs_printfh --project tcpdump
2025-09-17 18:00:56,059 - INFO - success CVE-2017-13001,details in cve_test/CVE-2017-13001.log

2025-09-17 18:00:56,060 - INFO - detecting CVE-2017-13002 aodv_extension
2025-09-17 18:00:56,060 - INFO - cmd: python main.py --detect --cve_id CVE-2017-13002 --target_bin /binaries/target_clang/tcpdump/tcpdump-4.9.1-o2-tcpdump --vul_func_name aodv_extension --project tcpdump
2025-09-17 18:01:03,846 - INFO - success CVE-2017-13002,details in cve_test/CVE-2017-13002.log

2025-09-17 18:01:03,847 - INFO - detecting CVE-2017-13002 aodv_extension
2025-09-17 18:01:03,847 - INFO - cmd: python main.py --detect --cve_id CVE-2017-13002 --target_bin /binaries/target_clang/tcpdump/tcpdump-4.9.0-o2-tcpdump --vul_func_name aodv_extension --project tcpdump
2025-09-17 18:01:10,982 - INFO - success CVE-2017-13002,details in cve_test/CVE-2017-13002.log

2025-09-17 18:01:10,983 - INFO - detecting CVE-2017-13002 aodv_extension
2025-09-17 18:01:10,983 - INFO - cmd: python main.py --detect --cve_id CVE-2017-13002 --target_bin /binaries/target_clang/tcpdump/tcpdump-4.8.1-o2-tcpdump --vul_func_name aodv_extension --project tcpdump
2025-09-17 18:01:18,205 - INFO - success CVE-2017-13002,details in cve_test/CVE-2017-13002.log

2025-09-17 18:01:18,206 - INFO - detecting CVE-2017-13002 aodv_extension
2025-09-17 18:01:18,207 - INFO - cmd: python main.py --detect --cve_id CVE-2017-13002 --target_bin /binaries/target_clang/tcpdump/tcpdump-4.9.3-o2-tcpdump --vul_func_name aodv_extension --project tcpdump
2025-09-17 18:01:24,285 - INFO - success CVE-2017-13002,details in cve_test/CVE-2017-13002.log

2025-09-17 18:01:24,286 - INFO - detecting CVE-2017-13002 aodv_extension
2025-09-17 18:01:24,286 - INFO - cmd: python main.py --detect --cve_id CVE-2017-13002 --target_bin /binaries/target_clang/tcpdump/tcpdump-4.99.0-bp-o2-tcpdump --vul_func_name aodv_extension --project tcpdump
2025-09-17 18:01:30,695 - INFO - success CVE-2017-13002,details in cve_test/CVE-2017-13002.log

2025-09-17 18:01:30,696 - INFO - detecting CVE-2017-13002 aodv_extension
2025-09-17 18:01:30,696 - INFO - cmd: python main.py --detect --cve_id CVE-2017-13002 --target_bin /binaries/target_clang/tcpdump/tcpdump-4.99-bp-o2-tcpdump --vul_func_name aodv_extension --project tcpdump
2025-09-17 18:01:36,853 - INFO - success CVE-2017-13002,details in cve_test/CVE-2017-13002.log

2025-09-17 18:01:36,854 - INFO - detecting CVE-2017-13003 lmp_print
2025-09-17 18:01:36,855 - INFO - cmd: python main.py --detect --cve_id CVE-2017-13003 --target_bin /binaries/target_clang/tcpdump/tcpdump-4.9.1-o2-tcpdump --vul_func_name lmp_print --project tcpdump
2025-09-17 18:01:43,340 - INFO - success CVE-2017-13003,details in cve_test/CVE-2017-13003.log

2025-09-17 18:01:43,341 - INFO - detecting CVE-2017-13003 lmp_print
2025-09-17 18:01:43,341 - INFO - cmd: python main.py --detect --cve_id CVE-2017-13003 --target_bin /binaries/target_clang/tcpdump/tcpdump-4.9.0-o2-tcpdump --vul_func_name lmp_print --project tcpdump
2025-09-17 18:01:49,873 - INFO - success CVE-2017-13003,details in cve_test/CVE-2017-13003.log

2025-09-17 18:01:49,874 - INFO - detecting CVE-2017-13003 lmp_print
2025-09-17 18:01:49,875 - INFO - cmd: python main.py --detect --cve_id CVE-2017-13003 --target_bin /binaries/target_clang/tcpdump/tcpdump-4.8.1-o2-tcpdump --vul_func_name lmp_print --project tcpdump
2025-09-17 18:01:56,854 - INFO - success CVE-2017-13003,details in cve_test/CVE-2017-13003.log

2025-09-17 18:01:56,855 - INFO - detecting CVE-2017-13003 lmp_print
2025-09-17 18:01:56,855 - INFO - cmd: python main.py --detect --cve_id CVE-2017-13003 --target_bin /binaries/target_clang/tcpdump/tcpdump-4.9.3-o2-tcpdump --vul_func_name lmp_print --project tcpdump
2025-09-17 18:02:03,576 - INFO - success CVE-2017-13003,details in cve_test/CVE-2017-13003.log

2025-09-17 18:02:03,577 - INFO - detecting CVE-2017-13003 lmp_print
2025-09-17 18:02:03,578 - INFO - cmd: python main.py --detect --cve_id CVE-2017-13003 --target_bin /binaries/target_clang/tcpdump/tcpdump-4.99.0-bp-o2-tcpdump --vul_func_name lmp_print --project tcpdump
2025-09-17 18:02:09,898 - INFO - success CVE-2017-13003,details in cve_test/CVE-2017-13003.log

2025-09-17 18:02:09,899 - INFO - detecting CVE-2017-13003 lmp_print
2025-09-17 18:02:09,899 - INFO - cmd: python main.py --detect --cve_id CVE-2017-13003 --target_bin /binaries/target_clang/tcpdump/tcpdump-4.99-bp-o2-tcpdump --vul_func_name lmp_print --project tcpdump
2025-09-17 18:02:16,210 - INFO - success CVE-2017-13003,details in cve_test/CVE-2017-13003.log

2025-09-17 18:02:16,211 - INFO - detecting CVE-2017-13007 pktap_if_print
2025-09-17 18:02:16,212 - INFO - cmd: python main.py --detect --cve_id CVE-2017-13007 --target_bin /binaries/target_clang/tcpdump/tcpdump-4.9.1-o2-tcpdump --vul_func_name pktap_if_print --project tcpdump
2025-09-17 18:02:23,048 - INFO - success CVE-2017-13007,details in cve_test/CVE-2017-13007.log

2025-09-17 18:02:23,049 - INFO - detecting CVE-2017-13007 pktap_if_print
2025-09-17 18:02:23,049 - INFO - cmd: python main.py --detect --cve_id CVE-2017-13007 --target_bin /binaries/target_clang/tcpdump/tcpdump-4.9.0-o2-tcpdump --vul_func_name pktap_if_print --project tcpdump
2025-09-17 18:02:30,858 - INFO - success CVE-2017-13007,details in cve_test/CVE-2017-13007.log

2025-09-17 18:02:30,859 - INFO - detecting CVE-2017-13007 pktap_if_print
2025-09-17 18:02:30,860 - INFO - cmd: python main.py --detect --cve_id CVE-2017-13007 --target_bin /binaries/target_clang/tcpdump/tcpdump-4.8.1-o2-tcpdump --vul_func_name pktap_if_print --project tcpdump
2025-09-17 18:02:37,747 - INFO - success CVE-2017-13007,details in cve_test/CVE-2017-13007.log

2025-09-17 18:02:37,748 - INFO - detecting CVE-2017-13007 pktap_if_print
2025-09-17 18:02:37,749 - INFO - cmd: python main.py --detect --cve_id CVE-2017-13007 --target_bin /binaries/target_clang/tcpdump/tcpdump-4.9.3-o2-tcpdump --vul_func_name pktap_if_print --project tcpdump
2025-09-17 18:02:44,706 - INFO - success CVE-2017-13007,details in cve_test/CVE-2017-13007.log

2025-09-17 18:02:44,707 - INFO - detecting CVE-2017-13007 pktap_if_print
2025-09-17 18:02:44,708 - INFO - cmd: python main.py --detect --cve_id CVE-2017-13007 --target_bin /binaries/target_clang/tcpdump/tcpdump-4.99.0-bp-o2-tcpdump --vul_func_name pktap_if_print --project tcpdump
2025-09-17 18:02:53,221 - INFO - success CVE-2017-13007,details in cve_test/CVE-2017-13007.log

2025-09-17 18:02:53,222 - INFO - detecting CVE-2017-13007 pktap_if_print
2025-09-17 18:02:53,222 - INFO - cmd: python main.py --detect --cve_id CVE-2017-13007 --target_bin /binaries/target_clang/tcpdump/tcpdump-4.99-bp-o2-tcpdump --vul_func_name pktap_if_print --project tcpdump
2025-09-17 18:03:01,242 - INFO - success CVE-2017-13007,details in cve_test/CVE-2017-13007.log

2025-09-17 18:03:01,243 - INFO - detecting CVE-2017-13030 cisco_autorp_print
2025-09-17 18:03:01,243 - INFO - cmd: python main.py --detect --cve_id CVE-2017-13030 --target_bin /binaries/target_clang/tcpdump/tcpdump-4.9.1-o2-tcpdump --vul_func_name cisco_autorp_print --project tcpdump
2025-09-17 18:03:07,340 - INFO - success CVE-2017-13030,details in cve_test/CVE-2017-13030.log

2025-09-17 18:03:07,341 - INFO - detecting CVE-2017-13030 cisco_autorp_print
2025-09-17 18:03:07,341 - INFO - cmd: python main.py --detect --cve_id CVE-2017-13030 --target_bin /binaries/target_clang/tcpdump/tcpdump-4.9.0-o2-tcpdump --vul_func_name cisco_autorp_print --project tcpdump
2025-09-17 18:03:13,456 - INFO - success CVE-2017-13030,details in cve_test/CVE-2017-13030.log

2025-09-17 18:03:13,457 - INFO - detecting CVE-2017-13030 cisco_autorp_print
2025-09-17 18:03:13,458 - INFO - cmd: python main.py --detect --cve_id CVE-2017-13030 --target_bin /binaries/target_clang/tcpdump/tcpdump-4.8.1-o2-tcpdump --vul_func_name cisco_autorp_print --project tcpdump
2025-09-17 18:03:19,928 - INFO - success CVE-2017-13030,details in cve_test/CVE-2017-13030.log

2025-09-17 18:03:19,929 - INFO - detecting CVE-2017-13030 cisco_autorp_print
2025-09-17 18:03:19,930 - INFO - cmd: python main.py --detect --cve_id CVE-2017-13030 --target_bin /binaries/target_clang/tcpdump/tcpdump-4.9.3-o2-tcpdump --vul_func_name cisco_autorp_print --project tcpdump
2025-09-17 18:03:26,624 - INFO - success CVE-2017-13030,details in cve_test/CVE-2017-13030.log

2025-09-17 18:03:26,625 - INFO - detecting CVE-2017-13030 cisco_autorp_print
2025-09-17 18:03:26,625 - INFO - cmd: python main.py --detect --cve_id CVE-2017-13030 --target_bin /binaries/target_clang/tcpdump/tcpdump-4.99.0-bp-o2-tcpdump --vul_func_name cisco_autorp_print --project tcpdump
2025-09-17 18:03:31,845 - INFO - success CVE-2017-13030,details in cve_test/CVE-2017-13030.log

2025-09-17 18:03:31,846 - INFO - detecting CVE-2017-13030 cisco_autorp_print
2025-09-17 18:03:31,847 - INFO - cmd: python main.py --detect --cve_id CVE-2017-13030 --target_bin /binaries/target_clang/tcpdump/tcpdump-4.99-bp-o2-tcpdump --vul_func_name cisco_autorp_print --project tcpdump
2025-09-17 18:03:37,677 - INFO - success CVE-2017-13030,details in cve_test/CVE-2017-13030.log

2025-09-17 18:03:37,678 - INFO - detecting CVE-2017-13031 frag6_print
2025-09-17 18:03:37,679 - INFO - cmd: python main.py --detect --cve_id CVE-2017-13031 --target_bin /binaries/target_clang/tcpdump/tcpdump-4.9.1-o2-tcpdump --vul_func_name frag6_print --project tcpdump
2025-09-17 18:03:43,992 - INFO - success CVE-2017-13031,details in cve_test/CVE-2017-13031.log

2025-09-17 18:03:43,993 - INFO - detecting CVE-2017-13031 frag6_print
2025-09-17 18:03:43,993 - INFO - cmd: python main.py --detect --cve_id CVE-2017-13031 --target_bin /binaries/target_clang/tcpdump/tcpdump-4.9.0-o2-tcpdump --vul_func_name frag6_print --project tcpdump
2025-09-17 18:03:50,726 - INFO - success CVE-2017-13031,details in cve_test/CVE-2017-13031.log

2025-09-17 18:03:50,727 - INFO - detecting CVE-2017-13031 frag6_print
2025-09-17 18:03:50,727 - INFO - cmd: python main.py --detect --cve_id CVE-2017-13031 --target_bin /binaries/target_clang/tcpdump/tcpdump-4.8.1-o2-tcpdump --vul_func_name frag6_print --project tcpdump
2025-09-17 18:03:58,041 - INFO - success CVE-2017-13031,details in cve_test/CVE-2017-13031.log

2025-09-17 18:03:58,043 - INFO - detecting CVE-2017-13031 frag6_print
2025-09-17 18:03:58,043 - INFO - cmd: python main.py --detect --cve_id CVE-2017-13031 --target_bin /binaries/target_clang/tcpdump/tcpdump-4.9.3-o2-tcpdump --vul_func_name frag6_print --project tcpdump
2025-09-17 18:04:04,279 - INFO - success CVE-2017-13031,details in cve_test/CVE-2017-13031.log

2025-09-17 18:04:04,280 - INFO - detecting CVE-2017-13031 frag6_print
2025-09-17 18:04:04,280 - INFO - cmd: python main.py --detect --cve_id CVE-2017-13031 --target_bin /binaries/target_clang/tcpdump/tcpdump-4.99.0-bp-o2-tcpdump --vul_func_name frag6_print --project tcpdump
2025-09-17 18:04:11,556 - INFO - success CVE-2017-13031,details in cve_test/CVE-2017-13031.log

2025-09-17 18:04:11,557 - INFO - detecting CVE-2017-13031 frag6_print
2025-09-17 18:04:11,557 - INFO - cmd: python main.py --detect --cve_id CVE-2017-13031 --target_bin /binaries/target_clang/tcpdump/tcpdump-4.99-bp-o2-tcpdump --vul_func_name frag6_print --project tcpdump
2025-09-17 18:04:18,439 - INFO - success CVE-2017-13031,details in cve_test/CVE-2017-13031.log

2025-09-17 18:04:18,440 - INFO - detecting CVE-2017-13035 isis_print_id
2025-09-17 18:04:18,441 - INFO - cmd: python main.py --detect --cve_id CVE-2017-13035 --target_bin /binaries/target_clang/tcpdump/tcpdump-4.9.1-o2-tcpdump --vul_func_name isis_print_id --project tcpdump
2025-09-17 18:04:30,570 - INFO - success CVE-2017-13035,details in cve_test/CVE-2017-13035.log

2025-09-17 18:04:30,571 - INFO - detecting CVE-2017-13035 isis_print_id
2025-09-17 18:04:30,571 - INFO - cmd: python main.py --detect --cve_id CVE-2017-13035 --target_bin /binaries/target_clang/tcpdump/tcpdump-4.9.0-o2-tcpdump --vul_func_name isis_print_id --project tcpdump
2025-09-17 18:04:42,701 - INFO - success CVE-2017-13035,details in cve_test/CVE-2017-13035.log

2025-09-17 18:04:42,702 - INFO - detecting CVE-2017-13035 isis_print_id
2025-09-17 18:04:42,702 - INFO - cmd: python main.py --detect --cve_id CVE-2017-13035 --target_bin /binaries/target_clang/tcpdump/tcpdump-4.8.1-o2-tcpdump --vul_func_name isis_print_id --project tcpdump
2025-09-17 18:04:54,293 - INFO - success CVE-2017-13035,details in cve_test/CVE-2017-13035.log

2025-09-17 18:04:54,294 - INFO - detecting CVE-2017-13035 isis_print_id
2025-09-17 18:04:54,295 - INFO - cmd: python main.py --detect --cve_id CVE-2017-13035 --target_bin /binaries/target_clang/tcpdump/tcpdump-4.9.3-o2-tcpdump --vul_func_name isis_print_id --project tcpdump
2025-09-17 18:05:02,176 - INFO - success CVE-2017-13035,details in cve_test/CVE-2017-13035.log

2025-09-17 18:05:02,177 - INFO - detecting CVE-2017-13035 isis_print_id
2025-09-17 18:05:02,177 - INFO - cmd: python main.py --detect --cve_id CVE-2017-13035 --target_bin /binaries/target_clang/tcpdump/tcpdump-4.99.0-bp-o2-tcpdump --vul_func_name isis_print_id --project tcpdump
2025-09-17 18:05:09,295 - INFO - success CVE-2017-13035,details in cve_test/CVE-2017-13035.log

2025-09-17 18:05:09,296 - INFO - detecting CVE-2017-13035 isis_print_id
2025-09-17 18:05:09,297 - INFO - cmd: python main.py --detect --cve_id CVE-2017-13035 --target_bin /binaries/target_clang/tcpdump/tcpdump-4.99-bp-o2-tcpdump --vul_func_name isis_print_id --project tcpdump
2025-09-17 18:05:16,485 - INFO - success CVE-2017-13035,details in cve_test/CVE-2017-13035.log

2025-09-17 18:05:16,486 - INFO - detecting CVE-2017-13039 ikev1_attrmap_print
2025-09-17 18:05:16,486 - INFO - cmd: python main.py --detect --cve_id CVE-2017-13039 --target_bin /binaries/target_clang/tcpdump/tcpdump-4.9.1-o2-tcpdump --vul_func_name ikev1_attrmap_print --project tcpdump
2025-09-17 18:05:23,555 - INFO - success CVE-2017-13039,details in cve_test/CVE-2017-13039.log

2025-09-17 18:05:23,556 - INFO - detecting CVE-2017-13039 ikev1_attrmap_print
2025-09-17 18:05:23,557 - INFO - cmd: python main.py --detect --cve_id CVE-2017-13039 --target_bin /binaries/target_clang/tcpdump/tcpdump-4.9.0-o2-tcpdump --vul_func_name ikev1_attrmap_print --project tcpdump
2025-09-17 18:05:31,252 - INFO - success CVE-2017-13039,details in cve_test/CVE-2017-13039.log

2025-09-17 18:05:31,253 - INFO - detecting CVE-2017-13039 ikev1_attrmap_print
2025-09-17 18:05:31,253 - INFO - cmd: python main.py --detect --cve_id CVE-2017-13039 --target_bin /binaries/target_clang/tcpdump/tcpdump-4.8.1-o2-tcpdump --vul_func_name ikev1_attrmap_print --project tcpdump
2025-09-17 18:05:39,256 - INFO - success CVE-2017-13039,details in cve_test/CVE-2017-13039.log

2025-09-17 18:05:39,257 - INFO - detecting CVE-2017-13039 ikev1_attrmap_print
2025-09-17 18:05:39,258 - INFO - cmd: python main.py --detect --cve_id CVE-2017-13039 --target_bin /binaries/target_clang/tcpdump/tcpdump-4.9.3-o2-tcpdump --vul_func_name ikev1_attrmap_print --project tcpdump
2025-09-17 18:05:46,282 - INFO - success CVE-2017-13039,details in cve_test/CVE-2017-13039.log

2025-09-17 18:05:46,283 - INFO - detecting CVE-2017-13039 ikev1_attrmap_print
2025-09-17 18:05:46,284 - INFO - cmd: python main.py --detect --cve_id CVE-2017-13039 --target_bin /binaries/target_clang/tcpdump/tcpdump-4.99.0-bp-o2-tcpdump --vul_func_name ikev1_attrmap_print --project tcpdump
2025-09-17 18:05:54,322 - INFO - success CVE-2017-13039,details in cve_test/CVE-2017-13039.log

2025-09-17 18:05:54,323 - INFO - detecting CVE-2017-13039 ikev1_attrmap_print
2025-09-17 18:05:54,323 - INFO - cmd: python main.py --detect --cve_id CVE-2017-13039 --target_bin /binaries/target_clang/tcpdump/tcpdump-4.99-bp-o2-tcpdump --vul_func_name ikev1_attrmap_print --project tcpdump
2025-09-17 18:06:01,770 - INFO - success CVE-2017-13039,details in cve_test/CVE-2017-13039.log

2025-09-17 18:06:01,772 - INFO - detecting CVE-2017-13050 rpki_rtr_pdu_print
2025-09-17 18:06:01,772 - INFO - cmd: python main.py --detect --cve_id CVE-2017-13050 --target_bin /binaries/target_clang/tcpdump/tcpdump-4.9.1-o2-tcpdump --vul_func_name rpki_rtr_pdu_print --project tcpdump
2025-09-17 18:06:11,237 - INFO - success CVE-2017-13050,details in cve_test/CVE-2017-13050.log

2025-09-17 18:06:11,238 - INFO - detecting CVE-2017-13050 rpki_rtr_pdu_print
2025-09-17 18:06:11,239 - INFO - cmd: python main.py --detect --cve_id CVE-2017-13050 --target_bin /binaries/target_clang/tcpdump/tcpdump-4.9.0-o2-tcpdump --vul_func_name rpki_rtr_pdu_print --project tcpdump
2025-09-17 18:06:20,181 - INFO - success CVE-2017-13050,details in cve_test/CVE-2017-13050.log

2025-09-17 18:06:20,183 - INFO - detecting CVE-2017-13050 rpki_rtr_pdu_print
2025-09-17 18:06:20,183 - INFO - cmd: python main.py --detect --cve_id CVE-2017-13050 --target_bin /binaries/target_clang/tcpdump/tcpdump-4.8.1-o2-tcpdump --vul_func_name rpki_rtr_pdu_print --project tcpdump
2025-09-17 18:06:29,070 - INFO - success CVE-2017-13050,details in cve_test/CVE-2017-13050.log

2025-09-17 18:06:29,071 - INFO - detecting CVE-2017-13050 rpki_rtr_pdu_print
2025-09-17 18:06:29,071 - INFO - cmd: python main.py --detect --cve_id CVE-2017-13050 --target_bin /binaries/target_clang/tcpdump/tcpdump-4.9.3-o2-tcpdump --vul_func_name rpki_rtr_pdu_print --project tcpdump
2025-09-17 18:06:36,000 - INFO - success CVE-2017-13050,details in cve_test/CVE-2017-13050.log

2025-09-17 18:06:36,001 - INFO - detecting CVE-2017-13050 rpki_rtr_pdu_print
2025-09-17 18:06:36,002 - INFO - cmd: python main.py --detect --cve_id CVE-2017-13050 --target_bin /binaries/target_clang/tcpdump/tcpdump-4.99.0-bp-o2-tcpdump --vul_func_name rpki_rtr_pdu_print --project tcpdump
2025-09-17 18:06:42,409 - INFO - success CVE-2017-13050,details in cve_test/CVE-2017-13050.log

2025-09-17 18:06:42,410 - INFO - detecting CVE-2017-13050 rpki_rtr_pdu_print
2025-09-17 18:06:42,411 - INFO - cmd: python main.py --detect --cve_id CVE-2017-13050 --target_bin /binaries/target_clang/tcpdump/tcpdump-4.99-bp-o2-tcpdump --vul_func_name rpki_rtr_pdu_print --project tcpdump
2025-09-17 18:06:49,101 - INFO - success CVE-2017-13050,details in cve_test/CVE-2017-13050.log

2025-09-17 18:06:49,102 - INFO - detecting CVE-2017-13052 cfm_network_addr_print
2025-09-17 18:06:49,102 - INFO - cmd: python main.py --detect --cve_id CVE-2017-13052 --target_bin /binaries/target_clang/tcpdump/tcpdump-4.9.1-o2-tcpdump --vul_func_name cfm_network_addr_print --project tcpdump
2025-09-17 18:06:53,433 - ERROR - fail CVE-2017-13052 ,details1

2025-09-17 18:06:53,434 - INFO - detecting CVE-2017-13052 cfm_network_addr_print
2025-09-17 18:06:53,435 - INFO - cmd: python main.py --detect --cve_id CVE-2017-13052 --target_bin /binaries/target_clang/tcpdump/tcpdump-4.9.0-o2-tcpdump --vul_func_name cfm_network_addr_print --project tcpdump
2025-09-17 18:06:57,898 - ERROR - fail CVE-2017-13052 ,details1

2025-09-17 18:06:57,899 - INFO - detecting CVE-2017-13052 cfm_network_addr_print
2025-09-17 18:06:57,900 - INFO - cmd: python main.py --detect --cve_id CVE-2017-13052 --target_bin /binaries/target_clang/tcpdump/tcpdump-4.8.1-o2-tcpdump --vul_func_name cfm_network_addr_print --project tcpdump
2025-09-17 18:07:02,264 - ERROR - fail CVE-2017-13052 ,details1

2025-09-17 18:07:02,265 - INFO - detecting CVE-2017-13052 cfm_network_addr_print
2025-09-17 18:07:02,266 - INFO - cmd: python main.py --detect --cve_id CVE-2017-13052 --target_bin /binaries/target_clang/tcpdump/tcpdump-4.9.3-o2-tcpdump --vul_func_name cfm_network_addr_print --project tcpdump
2025-09-17 18:07:06,716 - ERROR - fail CVE-2017-13052 ,details1

2025-09-17 18:07:06,717 - INFO - detecting CVE-2017-13052 cfm_network_addr_print
2025-09-17 18:07:06,718 - INFO - cmd: python main.py --detect --cve_id CVE-2017-13052 --target_bin /binaries/target_clang/tcpdump/tcpdump-4.99.0-bp-o2-tcpdump --vul_func_name cfm_network_addr_print --project tcpdump
2025-09-17 18:07:11,366 - ERROR - fail CVE-2017-13052 ,details1

2025-09-17 18:07:11,367 - INFO - detecting CVE-2017-13052 cfm_network_addr_print
2025-09-17 18:07:11,368 - INFO - cmd: python main.py --detect --cve_id CVE-2017-13052 --target_bin /binaries/target_clang/tcpdump/tcpdump-4.99-bp-o2-tcpdump --vul_func_name cfm_network_addr_print --project tcpdump
2025-09-17 18:07:16,058 - ERROR - fail CVE-2017-13052 ,details1

2025-09-17 18:07:16,059 - INFO - detecting CVE-2017-13053 decode_rt_routing_info
2025-09-17 18:07:16,060 - INFO - cmd: python main.py --detect --cve_id CVE-2017-13053 --target_bin /binaries/target_clang/tcpdump/tcpdump-4.9.1-o2-tcpdump --vul_func_name decode_rt_routing_info --project tcpdump
2025-09-17 18:07:20,049 - ERROR - fail CVE-2017-13053 ,details1

2025-09-17 18:07:20,050 - INFO - detecting CVE-2017-13053 decode_rt_routing_info
2025-09-17 18:07:20,050 - INFO - cmd: python main.py --detect --cve_id CVE-2017-13053 --target_bin /binaries/target_clang/tcpdump/tcpdump-4.9.0-o2-tcpdump --vul_func_name decode_rt_routing_info --project tcpdump
2025-09-17 18:07:24,526 - ERROR - fail CVE-2017-13053 ,details1

2025-09-17 18:07:24,527 - INFO - detecting CVE-2017-13053 decode_rt_routing_info
2025-09-17 18:07:24,527 - INFO - cmd: python main.py --detect --cve_id CVE-2017-13053 --target_bin /binaries/target_clang/tcpdump/tcpdump-4.8.1-o2-tcpdump --vul_func_name decode_rt_routing_info --project tcpdump
2025-09-17 18:07:29,303 - ERROR - fail CVE-2017-13053 ,details1

2025-09-17 18:07:29,304 - INFO - detecting CVE-2017-13053 decode_rt_routing_info
2025-09-17 18:07:29,305 - INFO - cmd: python main.py --detect --cve_id CVE-2017-13053 --target_bin /binaries/target_clang/tcpdump/tcpdump-4.9.3-o2-tcpdump --vul_func_name decode_rt_routing_info --project tcpdump
2025-09-17 18:07:33,996 - ERROR - fail CVE-2017-13053 ,details1

2025-09-17 18:07:33,997 - INFO - detecting CVE-2017-13053 decode_rt_routing_info
2025-09-17 18:07:33,997 - INFO - cmd: python main.py --detect --cve_id CVE-2017-13053 --target_bin /binaries/target_clang/tcpdump/tcpdump-4.99.0-bp-o2-tcpdump --vul_func_name decode_rt_routing_info --project tcpdump
2025-09-17 18:07:38,781 - ERROR - fail CVE-2017-13053 ,details1

2025-09-17 18:07:38,783 - INFO - detecting CVE-2017-13053 decode_rt_routing_info
2025-09-17 18:07:38,783 - INFO - cmd: python main.py --detect --cve_id CVE-2017-13053 --target_bin /binaries/target_clang/tcpdump/tcpdump-4.99-bp-o2-tcpdump --vul_func_name decode_rt_routing_info --project tcpdump
2025-09-17 18:07:43,588 - ERROR - fail CVE-2017-13053 ,details1

2025-09-17 18:07:43,589 - INFO - detecting CVE-2017-13687 chdlc_print
2025-09-17 18:07:43,589 - INFO - cmd: python main.py --detect --cve_id CVE-2017-13687 --target_bin /binaries/target_clang/tcpdump/tcpdump-4.9.1-o2-tcpdump --vul_func_name chdlc_print --project tcpdump
2025-09-17 18:07:51,471 - INFO - success CVE-2017-13687,details in cve_test/CVE-2017-13687.log

2025-09-17 18:07:51,472 - INFO - detecting CVE-2017-13687 chdlc_print
2025-09-17 18:07:51,473 - INFO - cmd: python main.py --detect --cve_id CVE-2017-13687 --target_bin /binaries/target_clang/tcpdump/tcpdump-4.9.0-o2-tcpdump --vul_func_name chdlc_print --project tcpdump
2025-09-17 18:08:00,220 - INFO - success CVE-2017-13687,details in cve_test/CVE-2017-13687.log

2025-09-17 18:08:00,222 - INFO - detecting CVE-2017-13687 chdlc_print
2025-09-17 18:08:00,222 - INFO - cmd: python main.py --detect --cve_id CVE-2017-13687 --target_bin /binaries/target_clang/tcpdump/tcpdump-4.8.1-o2-tcpdump --vul_func_name chdlc_print --project tcpdump
2025-09-17 18:08:09,371 - INFO - success CVE-2017-13687,details in cve_test/CVE-2017-13687.log

2025-09-17 18:08:09,372 - INFO - detecting CVE-2017-13687 chdlc_print
2025-09-17 18:08:09,373 - INFO - cmd: python main.py --detect --cve_id CVE-2017-13687 --target_bin /binaries/target_clang/tcpdump/tcpdump-4.9.3-o2-tcpdump --vul_func_name chdlc_print --project tcpdump
2025-09-17 18:08:15,360 - INFO - success CVE-2017-13687,details in cve_test/CVE-2017-13687.log

2025-09-17 18:08:15,361 - INFO - detecting CVE-2017-13687 chdlc_print
2025-09-17 18:08:15,362 - INFO - cmd: python main.py --detect --cve_id CVE-2017-13687 --target_bin /binaries/target_clang/tcpdump/tcpdump-4.99.0-bp-o2-tcpdump --vul_func_name chdlc_print --project tcpdump
2025-09-17 18:08:20,764 - INFO - success CVE-2017-13687,details in cve_test/CVE-2017-13687.log

2025-09-17 18:08:20,765 - INFO - detecting CVE-2017-13687 chdlc_print
2025-09-17 18:08:20,765 - INFO - cmd: python main.py --detect --cve_id CVE-2017-13687 --target_bin /binaries/target_clang/tcpdump/tcpdump-4.99-bp-o2-tcpdump --vul_func_name chdlc_print --project tcpdump
2025-09-17 18:08:26,628 - INFO - success CVE-2017-13687,details in cve_test/CVE-2017-13687.log

2025-09-17 18:08:26,629 - INFO - detecting CVE-2017-13690 ikev2_ID_print
2025-09-17 18:08:26,630 - INFO - cmd: python main.py --detect --cve_id CVE-2017-13690 --target_bin /binaries/target_clang/tcpdump/tcpdump-4.9.1-o2-tcpdump --vul_func_name ikev2_ID_print --project tcpdump
2025-09-17 18:08:33,880 - INFO - success CVE-2017-13690,details in cve_test/CVE-2017-13690.log

2025-09-17 18:08:33,881 - INFO - detecting CVE-2017-13690 ikev2_ID_print
2025-09-17 18:08:33,882 - INFO - cmd: python main.py --detect --cve_id CVE-2017-13690 --target_bin /binaries/target_clang/tcpdump/tcpdump-4.9.0-o2-tcpdump --vul_func_name ikev2_ID_print --project tcpdump
2025-09-17 18:08:41,936 - INFO - success CVE-2017-13690,details in cve_test/CVE-2017-13690.log

2025-09-17 18:08:41,937 - INFO - detecting CVE-2017-13690 ikev2_ID_print
2025-09-17 18:08:41,938 - INFO - cmd: python main.py --detect --cve_id CVE-2017-13690 --target_bin /binaries/target_clang/tcpdump/tcpdump-4.8.1-o2-tcpdump --vul_func_name ikev2_ID_print --project tcpdump
2025-09-17 18:08:49,904 - INFO - success CVE-2017-13690,details in cve_test/CVE-2017-13690.log

2025-09-17 18:08:49,905 - INFO - detecting CVE-2017-13690 ikev2_ID_print
2025-09-17 18:08:49,906 - INFO - cmd: python main.py --detect --cve_id CVE-2017-13690 --target_bin /binaries/target_clang/tcpdump/tcpdump-4.9.3-o2-tcpdump --vul_func_name ikev2_ID_print --project tcpdump
2025-09-17 18:08:57,700 - INFO - success CVE-2017-13690,details in cve_test/CVE-2017-13690.log

2025-09-17 18:08:57,702 - INFO - detecting CVE-2017-13690 ikev2_ID_print
2025-09-17 18:08:57,702 - INFO - cmd: python main.py --detect --cve_id CVE-2017-13690 --target_bin /binaries/target_clang/tcpdump/tcpdump-4.99.0-bp-o2-tcpdump --vul_func_name ikev2_ID_print --project tcpdump
2025-09-17 18:09:05,360 - INFO - success CVE-2017-13690,details in cve_test/CVE-2017-13690.log

2025-09-17 18:09:05,361 - INFO - detecting CVE-2017-13690 ikev2_ID_print
2025-09-17 18:09:05,362 - INFO - cmd: python main.py --detect --cve_id CVE-2017-13690 --target_bin /binaries/target_clang/tcpdump/tcpdump-4.99-bp-o2-tcpdump --vul_func_name ikev2_ID_print --project tcpdump
2025-09-17 18:09:12,343 - INFO - success CVE-2017-13690,details in cve_test/CVE-2017-13690.log

2025-09-17 18:09:12,344 - INFO - detecting CVE-2017-13725 rt6_print
2025-09-17 18:09:12,345 - INFO - cmd: python main.py --detect --cve_id CVE-2017-13725 --target_bin /binaries/target_clang/tcpdump/tcpdump-4.9.1-o2-tcpdump --vul_func_name rt6_print --project tcpdump
2025-09-17 18:09:20,793 - INFO - success CVE-2017-13725,details in cve_test/CVE-2017-13725.log

2025-09-17 18:09:20,795 - INFO - detecting CVE-2017-13725 rt6_print
2025-09-17 18:09:20,795 - INFO - cmd: python main.py --detect --cve_id CVE-2017-13725 --target_bin /binaries/target_clang/tcpdump/tcpdump-4.9.0-o2-tcpdump --vul_func_name rt6_print --project tcpdump
2025-09-17 18:09:28,869 - INFO - success CVE-2017-13725,details in cve_test/CVE-2017-13725.log

2025-09-17 18:09:28,870 - INFO - detecting CVE-2017-13725 rt6_print
2025-09-17 18:09:28,871 - INFO - cmd: python main.py --detect --cve_id CVE-2017-13725 --target_bin /binaries/target_clang/tcpdump/tcpdump-4.8.1-o2-tcpdump --vul_func_name rt6_print --project tcpdump
2025-09-17 18:09:37,228 - INFO - success CVE-2017-13725,details in cve_test/CVE-2017-13725.log

2025-09-17 18:09:37,229 - INFO - detecting CVE-2017-13725 rt6_print
2025-09-17 18:09:37,230 - INFO - cmd: python main.py --detect --cve_id CVE-2017-13725 --target_bin /binaries/target_clang/tcpdump/tcpdump-4.9.3-o2-tcpdump --vul_func_name rt6_print --project tcpdump
2025-09-17 18:09:43,448 - INFO - success CVE-2017-13725,details in cve_test/CVE-2017-13725.log

2025-09-17 18:09:43,450 - INFO - detecting CVE-2017-13725 rt6_print
2025-09-17 18:09:43,450 - INFO - cmd: python main.py --detect --cve_id CVE-2017-13725 --target_bin /binaries/target_clang/tcpdump/tcpdump-4.99.0-bp-o2-tcpdump --vul_func_name rt6_print --project tcpdump
2025-09-17 18:09:49,175 - INFO - success CVE-2017-13725,details in cve_test/CVE-2017-13725.log

2025-09-17 18:09:49,177 - INFO - detecting CVE-2017-13725 rt6_print
2025-09-17 18:09:49,177 - INFO - cmd: python main.py --detect --cve_id CVE-2017-13725 --target_bin /binaries/target_clang/tcpdump/tcpdump-4.99-bp-o2-tcpdump --vul_func_name rt6_print --project tcpdump
2025-09-17 18:09:55,089 - INFO - success CVE-2017-13725,details in cve_test/CVE-2017-13725.log

2025-09-17 18:09:55,090 - INFO - detecting CVE-2018-16228 print_prefix
2025-09-17 18:09:55,090 - INFO - cmd: python main.py --detect --cve_id CVE-2018-16228 --target_bin /binaries/target_clang/tcpdump/tcpdump-4.9.2-o2-tcpdump --vul_func_name print_prefix --project tcpdump
2025-09-17 18:10:02,256 - INFO - success CVE-2018-16228,details in cve_test/CVE-2018-16228.log

2025-09-17 18:10:02,257 - INFO - detecting CVE-2018-16228 print_prefix
2025-09-17 18:10:02,257 - INFO - cmd: python main.py --detect --cve_id CVE-2018-16228 --target_bin /binaries/target_clang/tcpdump/tcpdump-4.9.1-o2-tcpdump --vul_func_name print_prefix --project tcpdump
2025-09-17 18:10:09,479 - INFO - success CVE-2018-16228,details in cve_test/CVE-2018-16228.log

2025-09-17 18:10:09,481 - INFO - detecting CVE-2018-16228 print_prefix
2025-09-17 18:10:09,481 - INFO - cmd: python main.py --detect --cve_id CVE-2018-16228 --target_bin /binaries/target_clang/tcpdump/tcpdump-4.9.0-o2-tcpdump --vul_func_name print_prefix --project tcpdump
2025-09-17 18:10:16,303 - INFO - success CVE-2018-16228,details in cve_test/CVE-2018-16228.log

2025-09-17 18:10:16,303 - INFO - detecting CVE-2018-16228 print_prefix
2025-09-17 18:10:16,304 - INFO - cmd: python main.py --detect --cve_id CVE-2018-16228 --target_bin /binaries/target_clang/tcpdump/tcpdump-4.9.3-o2-tcpdump --vul_func_name print_prefix --project tcpdump
2025-09-17 18:10:22,333 - INFO - success CVE-2018-16228,details in cve_test/CVE-2018-16228.log

2025-09-17 18:10:22,334 - INFO - detecting CVE-2018-16228 print_prefix
2025-09-17 18:10:22,334 - INFO - cmd: python main.py --detect --cve_id CVE-2018-16228 --target_bin /binaries/target_clang/tcpdump/tcpdump-4.99.0-bp-o2-tcpdump --vul_func_name print_prefix --project tcpdump
2025-09-17 18:10:28,043 - INFO - success CVE-2018-16228,details in cve_test/CVE-2018-16228.log

2025-09-17 18:10:28,044 - INFO - detecting CVE-2018-16228 print_prefix
2025-09-17 18:10:28,045 - INFO - cmd: python main.py --detect --cve_id CVE-2018-16228 --target_bin /binaries/target_clang/tcpdump/tcpdump-4.99-bp-o2-tcpdump --vul_func_name print_prefix --project tcpdump
2025-09-17 18:10:33,903 - INFO - success CVE-2018-16228,details in cve_test/CVE-2018-16228.log

2025-09-17 18:10:33,904 - INFO - detecting CVE-2018-16300 bgp_attr_print
2025-09-17 18:10:33,905 - INFO - cmd: python main.py --detect --cve_id CVE-2018-16300 --target_bin /binaries/target_clang/tcpdump/tcpdump-4.9.2-o2-tcpdump --vul_func_name bgp_attr_print --project tcpdump
2025-09-17 18:10:41,128 - INFO - success CVE-2018-16300,details in cve_test/CVE-2018-16300.log

2025-09-17 18:10:41,129 - INFO - detecting CVE-2018-16300 bgp_attr_print
2025-09-17 18:10:41,129 - INFO - cmd: python main.py --detect --cve_id CVE-2018-16300 --target_bin /binaries/target_clang/tcpdump/tcpdump-4.9.1-o2-tcpdump --vul_func_name bgp_attr_print --project tcpdump
2025-09-17 18:10:49,733 - INFO - success CVE-2018-16300,details in cve_test/CVE-2018-16300.log

2025-09-17 18:10:49,734 - INFO - detecting CVE-2018-16300 bgp_attr_print
2025-09-17 18:10:49,735 - INFO - cmd: python main.py --detect --cve_id CVE-2018-16300 --target_bin /binaries/target_clang/tcpdump/tcpdump-4.9.0-o2-tcpdump --vul_func_name bgp_attr_print --project tcpdump
2025-09-17 18:10:58,519 - INFO - success CVE-2018-16300,details in cve_test/CVE-2018-16300.log

2025-09-17 18:10:58,520 - INFO - detecting CVE-2018-16300 bgp_attr_print
2025-09-17 18:10:58,521 - INFO - cmd: python main.py --detect --cve_id CVE-2018-16300 --target_bin /binaries/target_clang/tcpdump/tcpdump-4.9.3-o2-tcpdump --vul_func_name bgp_attr_print --project tcpdump
2025-09-17 18:11:06,916 - INFO - success CVE-2018-16300,details in cve_test/CVE-2018-16300.log

2025-09-17 18:11:06,917 - INFO - detecting CVE-2018-16300 bgp_attr_print
2025-09-17 18:11:06,917 - INFO - cmd: python main.py --detect --cve_id CVE-2018-16300 --target_bin /binaries/target_clang/tcpdump/tcpdump-4.99.0-bp-o2-tcpdump --vul_func_name bgp_attr_print --project tcpdump
2025-09-17 18:11:14,237 - INFO - success CVE-2018-16300,details in cve_test/CVE-2018-16300.log

2025-09-17 18:11:14,238 - INFO - detecting CVE-2018-16300 bgp_attr_print
2025-09-17 18:11:14,238 - INFO - cmd: python main.py --detect --cve_id CVE-2018-16300 --target_bin /binaries/target_clang/tcpdump/tcpdump-4.99-bp-o2-tcpdump --vul_func_name bgp_attr_print --project tcpdump
2025-09-17 18:11:22,928 - INFO - success CVE-2018-16300,details in cve_test/CVE-2018-16300.log