CVE-2015-8958 has no sigs, skip
CVE-2015-8958 has no sigs, skip
CVE-2015-8958 has no sigs, skip
CVE-2015-8900 imagemagick-7.0.1-0-o0-magickcore truth = vuln result = patch
CVE-2015-8900 imagemagick-7.0.1-1-o0-magickcore truth = vuln result = patch
CVE-2015-8900 imagemagick-7.0.1-2-o0-magickcore truth = vuln result = patch
CVE-2015-8900 imagemagick-7.1.0-0-o0-magickcore truth = patch result = patch
CVE-2015-8900 imagemagick-7.1.0-1-o0-magickcore truth = patch result = patch
CVE-2015-8900 imagemagick-7.1.0-2-o0-magickcore truth = patch result = patch
TestJson(file='imagemagick-7.0.1-0-o0-magickcore', cve='CVE-2015-8895', commit='', ground_truth='vuln', project='imagemagick') is not valid
TestJson(file='imagemagick-7.0.1-1-o0-magickcore', cve='CVE-2015-8895', commit='', ground_truth='vuln', project='imagemagick') is not valid
TestJson(file='imagemagick-7.0.1-2-o0-magickcore', cve='CVE-2015-8895', commit='', ground_truth='vuln', project='imagemagick') is not valid
TestJson(file='imagemagick-7.0.5-1-o0-magickcore', cve='CVE-2015-8895', commit='', ground_truth='patch', project='imagemagick') is not valid
TestJson(file='imagemagick-7.0.5-2-o0-magickcore', cve='CVE-2015-8895', commit='', ground_truth='patch', project='imagemagick') is not valid
TestJson(file='imagemagick-7.0.5-3-o0-magickcore', cve='CVE-2015-8895', commit='', ground_truth='patch', project='imagemagick') is not valid
TestJson(file='imagemagick-7.0.1-0-o0-magickcore', cve='CVE-2015-8896', commit='', ground_truth='vuln', project='imagemagick') is not valid
TestJson(file='imagemagick-7.0.1-1-o0-magickcore', cve='CVE-2015-8896', commit='', ground_truth='vuln', project='imagemagick') is not valid
TestJson(file='imagemagick-7.0.1-2-o0-magickcore', cve='CVE-2015-8896', commit='', ground_truth='vuln', project='imagemagick') is not valid
CVE-2015-8896 imagemagick-7.1.0-0-o0-magickcore truth = patch result = vuln
CVE-2015-8896 imagemagick-7.1.0-1-o0-magickcore truth = patch result = vuln
CVE-2015-8896 imagemagick-7.1.0-2-o0-magickcore truth = patch result = vuln
CVE-2016-7515 imagemagick-7.0.1-1-o0-magickcore truth = patch result = patch
CVE-2016-7515 imagemagick-7.0.1-2-o0-magickcore truth = patch result = patch
CVE-2016-7515 imagemagick-7.0.1-3-o0-magickcore truth = patch result = patch
CVE-2016-7514 imagemagick-7.0.1-1-o0-magickcore truth = patch result = patch
CVE-2016-7514 imagemagick-7.0.1-2-o0-magickcore truth = patch result = patch
CVE-2016-7514 imagemagick-7.0.1-3-o0-magickcore truth = patch result = patch
TestJson(file='imagemagick-7.0.1-1-o0-magickcore', cve='CVE-2016-7534', commit='', ground_truth='patch', project='imagemagick') is not valid
TestJson(file='imagemagick-7.0.1-2-o0-magickcore', cve='CVE-2016-7534', commit='', ground_truth='patch', project='imagemagick') is not valid
TestJson(file='imagemagick-7.0.1-3-o0-magickcore', cve='CVE-2016-7534', commit='', ground_truth='patch', project='imagemagick') is not valid
TestJson(file='imagemagick-7.0.1-1-o0-magickcore', cve='CVE-2016-10065', commit='', ground_truth='patch', project='imagemagick') is not valid
TestJson(file='imagemagick-7.0.1-2-o0-magickcore', cve='CVE-2016-10065', commit='', ground_truth='patch', project='imagemagick') is not valid
TestJson(file='imagemagick-7.0.1-3-o0-magickcore', cve='CVE-2016-10065', commit='', ground_truth='patch', project='imagemagick') is not valid
CVE-2016-5689 imagemagick-7.0.1-6-o0-magickcore truth = vuln result = vuln
CVE-2016-5689 imagemagick-7.0.1-5-o0-magickcore truth = vuln result = vuln
CVE-2016-5689 imagemagick-7.0.1-4-o0-magickcore truth = vuln result = vuln
CVE-2016-5689 imagemagick-7.0.1-8-o0-magickcore truth = patch result = patch
CVE-2016-5689 imagemagick-7.0.1-9-o0-magickcore truth = patch result = patch
CVE-2016-5689 imagemagick-7.0.1-10-o0-magickcore truth = patch result = patch
CVE-2016-5690 imagemagick-7.0.1-6-o0-magickcore truth = vuln result = vuln
CVE-2016-5690 imagemagick-7.0.1-5-o0-magickcore truth = vuln result = vuln
CVE-2016-5690 imagemagick-7.0.1-4-o0-magickcore truth = vuln result = vuln
CVE-2016-5690 imagemagick-7.0.1-8-o0-magickcore truth = patch result = patch
CVE-2016-5690 imagemagick-7.0.1-9-o0-magickcore truth = patch result = patch
CVE-2016-5690 imagemagick-7.0.1-10-o0-magickcore truth = patch result = patch
CVE-2016-5691 imagemagick-7.0.1-6-o0-magickcore truth = vuln result = vuln
CVE-2016-5691 imagemagick-7.0.1-5-o0-magickcore truth = vuln result = vuln
CVE-2016-5691 imagemagick-7.0.1-4-o0-magickcore truth = vuln result = vuln
CVE-2016-5691 imagemagick-7.0.1-8-o0-magickcore truth = patch result = patch
CVE-2016-5691 imagemagick-7.0.1-9-o0-magickcore truth = patch result = patch
CVE-2016-5691 imagemagick-7.0.1-10-o0-magickcore truth = patch result = patch
CVE-2016-10060 has no sigs, skip
CVE-2016-10060 has no sigs, skip
CVE-2016-10060 has no sigs, skip
CVE-2016-10060 has no sigs, skip
CVE-2016-10060 has no sigs, skip
CVE-2016-10060 has no sigs, skip
CVE-2016-6491 imagemagick-7.0.2-5-o0-magickcore truth = vuln result = vuln
CVE-2016-6491 imagemagick-7.0.2-4-o0-magickcore truth = vuln result = vuln
CVE-2016-6491 imagemagick-7.0.2-3-o0-magickcore truth = vuln result = vuln
CVE-2016-6491 imagemagick-7.0.2-6-o0-magickcore truth = patch result = vuln
CVE-2016-6491 imagemagick-7.0.2-7-o0-magickcore truth = patch result = vuln
CVE-2016-6491 imagemagick-7.0.2-8-o0-magickcore truth = patch result = vuln
CVE-2016-7101 imagemagick-7.0.2-1-o0-magickcore truth = vuln result = patch
CVE-2016-7101 imagemagick-7.0.2-0-o0-magickcore truth = vuln result = patch
CVE-2016-7101 imagemagick-7.0.1-10-o0-magickcore truth = vuln result = patch
CVE-2016-7101 imagemagick-7.1.0-0-o0-magickcore truth = patch result = patch
CVE-2016-7101 imagemagick-7.1.0-1-o0-magickcore truth = patch result = patch
CVE-2016-7101 imagemagick-7.1.0-2-o0-magickcore truth = patch result = patch
CVE-2016-9556 imagemagick-7.0.3-8-o0-magickcore truth = vuln result = vuln
CVE-2016-9556 imagemagick-7.0.3-9-o0-magickcore truth = patch result = vuln
CVE-2016-9556 imagemagick-7.0.3-10-o0-magickcore truth = patch result = vuln
CVE-2016-9556 imagemagick-7.0.4-0-o0-magickcore truth = patch result = vuln
CVE-2017-9098 imagemagick-7.0.5-1-o0-magickcore truth = vuln result = vuln
CVE-2017-9098 imagemagick-7.0.5-0-o0-magickcore truth = vuln result = vuln
CVE-2017-9098 imagemagick-7.0.4-10-o0-magickcore truth = vuln result = vuln
CVE-2017-9098 imagemagick-7.1.0-0-o0-magickcore truth = patch result = vuln
CVE-2017-9098 imagemagick-7.1.0-1-o0-magickcore truth = patch result = vuln
CVE-2017-9098 imagemagick-7.1.0-2-o0-magickcore truth = patch result = vuln
CVE-2017-9499 imagemagick-7.0.5-7-o0-magickcore truth = vuln result = patch
CVE-2017-9499 imagemagick-7.0.5-8-o0-magickcore truth = patch result = patch
CVE-2017-9499 imagemagick-7.0.5-9-o0-magickcore truth = patch result = patch
CVE-2017-9499 imagemagick-7.0.5-10-o0-magickcore truth = patch result = patch
CVE-2017-11523 imagemagick-7.0.6-1-o0-magickcore truth = vuln result = vuln
CVE-2017-11523 imagemagick-7.0.5-8-o0-magickcore truth = vuln result = vuln
CVE-2017-11523 imagemagick-7.0.5-7-o0-magickcore truth = vuln result = vuln
CVE-2017-11523 imagemagick-7.0.6-2-o0-magickcore truth = patch result = patch
CVE-2017-11523 imagemagick-7.0.6-3-o0-magickcore truth = patch result = patch
CVE-2017-11523 imagemagick-7.0.6-4-o0-magickcore truth = patch result = patch
CVE-2017-15277 imagemagick-7.0.6-1-o0-magickcore truth = vuln result = vuln
CVE-2017-15277 imagemagick-7.0.6-3-o0-magickcore truth = patch result = vuln
CVE-2017-15277 imagemagick-7.0.6-4-o0-magickcore truth = patch result = vuln
CVE-2017-15277 imagemagick-7.0.6-5-o0-magickcore truth = patch result = vuln
TestJson(file='imagemagick-7.0.7-0-o0-magickcore', cve='CVE-2017-14174', commit='', ground_truth='vuln', project='imagemagick') is not valid
TestJson(file='imagemagick-7.0.7-1-o0-magickcore', cve='CVE-2017-14174', commit='', ground_truth='patch', project='imagemagick') is not valid
TestJson(file='imagemagick-7.0.7-2-o0-magickcore', cve='CVE-2017-14174', commit='', ground_truth='patch', project='imagemagick') is not valid
TestJson(file='imagemagick-7.0.7-3-o0-magickcore', cve='CVE-2017-14174', commit='', ground_truth='patch', project='imagemagick') is not valid
CVE-2017-15032 imagemagick-7.0.7-2-o0-magickcore truth = vuln result = patch
CVE-2017-15032 imagemagick-7.0.7-3-o0-magickcore truth = patch result = patch
CVE-2017-15032 imagemagick-7.0.7-4-o0-magickcore truth = patch result = patch
CVE-2017-15032 imagemagick-7.0.7-5-o0-magickcore truth = patch result = patch
CVE-2017-15033 imagemagick-7.0.7-2-o0-magickcore truth = vuln result = patch
CVE-2017-15033 imagemagick-7.0.7-3-o0-magickcore truth = patch result = patch
CVE-2017-15033 imagemagick-7.0.7-4-o0-magickcore truth = patch result = patch
CVE-2017-15033 imagemagick-7.0.7-5-o0-magickcore truth = patch result = patch
CVE-2019-12974 imagemagick-7.0.8-34-o0-magickcore truth = vuln result = patch
CVE-2019-12974 imagemagick-7.0.8-35-o0-magickcore truth = patch result = patch
CVE-2019-12974 imagemagick-7.0.8-36-o0-magickcore truth = patch result = patch
CVE-2019-12974 imagemagick-7.0.8-37-o0-magickcore truth = patch result = patch
CVE-2019-12979 imagemagick-7.0.8-34-o0-magickcore truth = vuln result = patch
CVE-2019-12979 imagemagick-7.0.8-35-o0-magickcore truth = patch result = patch
CVE-2019-12979 imagemagick-7.0.8-36-o0-magickcore truth = patch result = patch
CVE-2019-12979 imagemagick-7.0.8-37-o0-magickcore truth = patch result = patch
CVE-2019-10131 imagemagick-7.0.7-27-o0-magickcore truth = vuln result = vuln
CVE-2019-10131 imagemagick-7.0.7-26-o0-magickcore truth = vuln result = vuln
CVE-2019-10131 imagemagick-7.0.7-25-o0-magickcore truth = vuln result = vuln
CVE-2019-10131 imagemagick-7.1.0-0-o0-magickcore truth = patch result = patch
CVE-2019-10131 imagemagick-7.1.0-1-o0-magickcore truth = patch result = patch
CVE-2019-10131 imagemagick-7.1.0-2-o0-magickcore truth = patch result = patch
CVE-2018-16643 imagemagick-7.0.8-4-o0-magickcore truth = vuln result = vuln
CVE-2018-16643 imagemagick-7.0.8-6-o0-magickcore truth = patch result = patch
CVE-2018-16643 imagemagick-7.0.8-7-o0-magickcore truth = patch result = patch
CVE-2018-16643 imagemagick-7.0.8-8-o0-magickcore truth = patch result = patch
CVE-2018-16644 imagemagick-7.0.8-11-o0-magickcore truth = vuln result = vuln
CVE-2018-16644 imagemagick-7.0.8-12-o0-magickcore truth = patch result = vuln
CVE-2018-16644 imagemagick-7.0.8-13-o0-magickcore truth = patch result = vuln
CVE-2018-16644 imagemagick-7.0.8-14-o0-magickcore truth = patch result = vuln
CVE-2018-16645 imagemagick-7.0.8-11-o0-magickcore truth = vuln result = patch
CVE-2018-16645 imagemagick-7.0.8-12-o0-magickcore truth = patch result = patch
CVE-2018-16645 imagemagick-7.0.8-13-o0-magickcore truth = patch result = patch
CVE-2018-16645 imagemagick-7.0.8-14-o0-magickcore truth = patch result = patch
CVE-2018-20467 imagemagick-7.0.8-15-o0-magickcore truth = vuln result = patch
CVE-2018-20467 imagemagick-7.0.8-14-o0-magickcore truth = vuln result = patch
CVE-2018-20467 imagemagick-7.0.8-13-o0-magickcore truth = vuln result = patch
CVE-2018-20467 imagemagick-7.1.0-0-o0-magickcore truth = patch result = patch
CVE-2018-20467 imagemagick-7.1.0-1-o0-magickcore truth = patch result = patch
CVE-2018-20467 imagemagick-7.1.0-2-o0-magickcore truth = patch result = patch
CVE-2019-12978 imagemagick-7.0.8-34-o0-magickcore truth = vuln result = vuln
CVE-2019-12978 imagemagick-7.0.8-35-o0-magickcore truth = patch result = vuln
CVE-2019-12978 imagemagick-7.0.8-36-o0-magickcore truth = patch result = vuln
CVE-2019-12978 imagemagick-7.0.8-37-o0-magickcore truth = patch result = vuln
TestJson(file='imagemagick-7.0.8-24-o0-magickcore', cve='CVE-2019-7175', commit='', ground_truth='vuln', project='imagemagick') is not valid
TestJson(file='imagemagick-7.0.8-23-o0-magickcore', cve='CVE-2019-7175', commit='', ground_truth='vuln', project='imagemagick') is not valid
TestJson(file='imagemagick-7.0.8-22-o0-magickcore', cve='CVE-2019-7175', commit='', ground_truth='vuln', project='imagemagick') is not valid
TestJson(file='imagemagick-7.1.0-0-o0-magickcore', cve='CVE-2019-7175', commit='', ground_truth='patch', project='imagemagick') is not valid
TestJson(file='imagemagick-7.1.0-1-o0-magickcore', cve='CVE-2019-7175', commit='', ground_truth='patch', project='imagemagick') is not valid
TestJson(file='imagemagick-7.1.0-2-o0-magickcore', cve='CVE-2019-7175', commit='', ground_truth='patch', project='imagemagick') is not valid
CVE-2019-7395 has no sigs, skip
CVE-2019-7395 has no sigs, skip
CVE-2019-7395 has no sigs, skip
CVE-2019-7395 has no sigs, skip
CVE-2019-7395 has no sigs, skip
CVE-2019-7395 has no sigs, skip
CVE-2019-7396 imagemagick-7.0.8-24-o0-magickcore truth = vuln result = vuln
CVE-2019-7396 imagemagick-7.0.8-23-o0-magickcore truth = vuln result = vuln
CVE-2019-7396 imagemagick-7.0.8-22-o0-magickcore truth = vuln result = vuln
CVE-2019-7396 imagemagick-7.1.0-0-o0-magickcore truth = patch result = vuln
CVE-2019-7396 imagemagick-7.1.0-1-o0-magickcore truth = patch result = vuln
CVE-2019-7396 imagemagick-7.1.0-2-o0-magickcore truth = patch result = vuln
CVE-2019-7398 imagemagick-7.0.8-24-o0-magickcore truth = vuln result = patch
CVE-2019-7398 imagemagick-7.0.8-23-o0-magickcore truth = vuln result = patch
CVE-2019-7398 imagemagick-7.0.8-22-o0-magickcore truth = vuln result = patch
CVE-2019-7398 imagemagick-7.1.0-0-o0-magickcore truth = patch result = patch
CVE-2019-7398 imagemagick-7.1.0-1-o0-magickcore truth = patch result = patch
CVE-2019-7398 imagemagick-7.1.0-2-o0-magickcore truth = patch result = patch
CVE-2019-11470 imagemagick-7.0.8-28-o0-magickcore truth = patch result = vuln
CVE-2019-11470 imagemagick-7.0.8-29-o0-magickcore truth = patch result = vuln
CVE-2019-11470 imagemagick-7.0.8-30-o0-magickcore truth = patch result = vuln
TestJson(file='imagemagick-7.0.8-31-o0-magickcore', cve='CVE-2019-10714', commit='', ground_truth='vuln', project='imagemagick') is not valid
TestJson(file='imagemagick-7.0.8-30-o0-magickcore', cve='CVE-2019-10714', commit='', ground_truth='vuln', project='imagemagick') is not valid
TestJson(file='imagemagick-7.0.8-29-o0-magickcore', cve='CVE-2019-10714', commit='', ground_truth='vuln', project='imagemagick') is not valid
TestJson(file='imagemagick-7.1.0-0-o0-magickcore', cve='CVE-2019-10714', commit='', ground_truth='patch', project='imagemagick') is not valid
TestJson(file='imagemagick-7.1.0-1-o0-magickcore', cve='CVE-2019-10714', commit='', ground_truth='patch', project='imagemagick') is not valid
TestJson(file='imagemagick-7.1.0-2-o0-magickcore', cve='CVE-2019-10714', commit='', ground_truth='patch', project='imagemagick') is not valid
CVE-2019-12975 imagemagick-7.0.8-34-o0-magickcore truth = vuln result = vuln
CVE-2019-12975 imagemagick-7.0.8-35-o0-magickcore truth = patch result = patch
CVE-2019-12975 imagemagick-7.0.8-36-o0-magickcore truth = patch result = vuln
CVE-2019-12975 imagemagick-7.0.8-37-o0-magickcore truth = patch result = vuln
TestJson(file='imagemagick-7.0.8-34-o0-magickcore', cve='CVE-2019-12976', commit='', ground_truth='vuln', project='imagemagick') is not valid
TestJson(file='imagemagick-7.0.8-35-o0-magickcore', cve='CVE-2019-12976', commit='', ground_truth='patch', project='imagemagick') is not valid
TestJson(file='imagemagick-7.0.8-36-o0-magickcore', cve='CVE-2019-12976', commit='', ground_truth='patch', project='imagemagick') is not valid
TestJson(file='imagemagick-7.0.8-37-o0-magickcore', cve='CVE-2019-12976', commit='', ground_truth='patch', project='imagemagick') is not valid
CVE-2019-10649 imagemagick-7.0.8-36-o0-magickcore truth = patch result = patch
CVE-2019-10649 imagemagick-7.0.8-37-o0-magickcore truth = patch result = patch
CVE-2019-10649 imagemagick-7.0.8-38-o0-magickcore truth = patch result = patch
TestJson(file='imagemagick-7.0.8-36-o0-magickcore', cve='CVE-2019-10650', commit='', ground_truth='patch', project='imagemagick') is not valid
TestJson(file='imagemagick-7.0.8-37-o0-magickcore', cve='CVE-2019-10650', commit='', ground_truth='patch', project='imagemagick') is not valid
TestJson(file='imagemagick-7.0.8-38-o0-magickcore', cve='CVE-2019-10650', commit='', ground_truth='patch', project='imagemagick') is not valid
CVE-2019-16711 imagemagick-7.0.8-40-o0-magickcore truth = vuln result = vuln
CVE-2019-16711 imagemagick-7.0.8-41-o0-magickcore truth = patch result = vuln
CVE-2019-16711 imagemagick-7.0.8-42-o0-magickcore truth = patch result = vuln
CVE-2019-16711 imagemagick-7.0.8-43-o0-magickcore truth = patch result = vuln
CVE-2019-11472 imagemagick-7.0.8-41-o0-magickcore truth = patch result = vuln
CVE-2019-11472 imagemagick-7.0.8-42-o0-magickcore truth = patch result = vuln
CVE-2019-11472 imagemagick-7.0.8-43-o0-magickcore truth = patch result = vuln
CVE-2019-14981 has no sigs, skip
CVE-2019-14981 has no sigs, skip
CVE-2019-14981 has no sigs, skip
CVE-2019-14981 has no sigs, skip
CVE-2019-14981 has no sigs, skip
CVE-2019-14981 has no sigs, skip
TestJson(file='imagemagick-7.0.8-42-o0-magickcore', cve='CVE-2019-15139', commit='', ground_truth='patch', project='imagemagick') is not valid
TestJson(file='imagemagick-7.0.8-43-o0-magickcore', cve='CVE-2019-15139', commit='', ground_truth='patch', project='imagemagick') is not valid
TestJson(file='imagemagick-7.0.8-44-o0-magickcore', cve='CVE-2019-15139', commit='', ground_truth='patch', project='imagemagick') is not valid
CVE-2019-19949 imagemagick-7.0.8-42-o0-magickcore truth = vuln result = vuln
CVE-2019-19949 imagemagick-7.0.8-41-o0-magickcore truth = vuln result = vuln
CVE-2019-19949 imagemagick-7.0.8-40-o0-magickcore truth = vuln result = vuln
CVE-2019-19949 imagemagick-7.0.8-43-o0-magickcore truth = patch result = patch
CVE-2019-19949 imagemagick-7.0.8-44-o0-magickcore truth = patch result = patch
CVE-2019-19949 imagemagick-7.0.8-45-o0-magickcore truth = patch result = patch
TestJson(file='imagemagick-7.0.8-49-o0-magickcore', cve='CVE-2019-13133', commit='', ground_truth='vuln', project='imagemagick') is not valid
TestJson(file='imagemagick-7.0.8-48-o0-magickcore', cve='CVE-2019-13133', commit='', ground_truth='vuln', project='imagemagick') is not valid
TestJson(file='imagemagick-7.0.8-47-o0-magickcore', cve='CVE-2019-13133', commit='', ground_truth='vuln', project='imagemagick') is not valid
TestJson(file='imagemagick-7.1.0-0-o0-magickcore', cve='CVE-2019-13133', commit='', ground_truth='patch', project='imagemagick') is not valid
TestJson(file='imagemagick-7.1.0-1-o0-magickcore', cve='CVE-2019-13133', commit='', ground_truth='patch', project='imagemagick') is not valid
TestJson(file='imagemagick-7.1.0-2-o0-magickcore', cve='CVE-2019-13133', commit='', ground_truth='patch', project='imagemagick') is not valid
TestJson(file='imagemagick-7.0.8-49-o0-magickcore', cve='CVE-2019-13134', commit='', ground_truth='vuln', project='imagemagick') is not valid
TestJson(file='imagemagick-7.0.8-48-o0-magickcore', cve='CVE-2019-13134', commit='', ground_truth='vuln', project='imagemagick') is not valid
TestJson(file='imagemagick-7.0.8-47-o0-magickcore', cve='CVE-2019-13134', commit='', ground_truth='vuln', project='imagemagick') is not valid
TestJson(file='imagemagick-7.1.0-0-o0-magickcore', cve='CVE-2019-13134', commit='', ground_truth='patch', project='imagemagick') is not valid
TestJson(file='imagemagick-7.1.0-1-o0-magickcore', cve='CVE-2019-13134', commit='', ground_truth='patch', project='imagemagick') is not valid
TestJson(file='imagemagick-7.1.0-2-o0-magickcore', cve='CVE-2019-13134', commit='', ground_truth='patch', project='imagemagick') is not valid
TestJson(file='imagemagick-7.0.8-49-o0-magickcore', cve='CVE-2019-13136', commit='', ground_truth='vuln', project='imagemagick') is not valid
TestJson(file='imagemagick-7.0.8-48-o0-magickcore', cve='CVE-2019-13136', commit='', ground_truth='vuln', project='imagemagick') is not valid
TestJson(file='imagemagick-7.0.8-47-o0-magickcore', cve='CVE-2019-13136', commit='', ground_truth='vuln', project='imagemagick') is not valid
TestJson(file='imagemagick-7.1.0-0-o0-magickcore', cve='CVE-2019-13136', commit='', ground_truth='patch', project='imagemagick') is not valid
TestJson(file='imagemagick-7.1.0-1-o0-magickcore', cve='CVE-2019-13136', commit='', ground_truth='patch', project='imagemagick') is not valid
TestJson(file='imagemagick-7.1.0-2-o0-magickcore', cve='CVE-2019-13136', commit='', ground_truth='patch', project='imagemagick') is not valid
CVE-2019-13137 imagemagick-7.0.8-49-o0-magickcore truth = vuln result = patch
CVE-2019-13137 imagemagick-7.0.8-48-o0-magickcore truth = vuln result = patch
CVE-2019-13137 imagemagick-7.0.8-47-o0-magickcore truth = vuln result = patch
CVE-2019-13137 imagemagick-7.1.0-0-o0-magickcore truth = patch result = patch
CVE-2019-13137 imagemagick-7.1.0-1-o0-magickcore truth = patch result = patch
CVE-2019-13137 imagemagick-7.1.0-2-o0-magickcore truth = patch result = patch
CVE-2019-13307 has no sigs, skip
CVE-2019-13307 has no sigs, skip
CVE-2019-13307 has no sigs, skip
TestJson(file='imagemagick-7.0.8-54-o0-magickcore', cve='CVE-2019-17541', commit='', ground_truth='vuln', project='imagemagick') is not valid
TestJson(file='imagemagick-7.0.8-53-o0-magickcore', cve='CVE-2019-17541', commit='', ground_truth='vuln', project='imagemagick') is not valid
TestJson(file='imagemagick-7.0.8-52-o0-magickcore', cve='CVE-2019-17541', commit='', ground_truth='vuln', project='imagemagick') is not valid
TestJson(file='imagemagick-7.1.0-0-o0-magickcore', cve='CVE-2019-17541', commit='', ground_truth='patch', project='imagemagick') is not valid
TestJson(file='imagemagick-7.1.0-1-o0-magickcore', cve='CVE-2019-17541', commit='', ground_truth='patch', project='imagemagick') is not valid
TestJson(file='imagemagick-7.1.0-2-o0-magickcore', cve='CVE-2019-17541', commit='', ground_truth='patch', project='imagemagick') is not valid
TestJson(file='imagemagick-7.0.8-61-o0-magickcore', cve='CVE-2019-17547', commit='', ground_truth='vuln', project='imagemagick') is not valid
TestJson(file='imagemagick-7.0.8-60-o0-magickcore', cve='CVE-2019-17547', commit='', ground_truth='vuln', project='imagemagick') is not valid
TestJson(file='imagemagick-7.0.8-59-o0-magickcore', cve='CVE-2019-17547', commit='', ground_truth='vuln', project='imagemagick') is not valid
TestJson(file='imagemagick-7.1.0-0-o0-magickcore', cve='CVE-2019-17547', commit='', ground_truth='patch', project='imagemagick') is not valid
TestJson(file='imagemagick-7.1.0-1-o0-magickcore', cve='CVE-2019-17547', commit='', ground_truth='patch', project='imagemagick') is not valid
TestJson(file='imagemagick-7.1.0-2-o0-magickcore', cve='CVE-2019-17547', commit='', ground_truth='patch', project='imagemagick') is not valid
CVE-2020-27750 has no sigs, skip
CVE-2020-27750 has no sigs, skip
CVE-2020-27750 has no sigs, skip
CVE-2020-27750 has no sigs, skip
CVE-2020-27750 has no sigs, skip
CVE-2020-27750 has no sigs, skip
TestJson(file='imagemagick-7.0.8-67-o0-magickcore', cve='CVE-2020-27762', commit='', ground_truth='vuln', project='imagemagick') is not valid
TestJson(file='imagemagick-7.0.8-66-o0-magickcore', cve='CVE-2020-27762', commit='', ground_truth='vuln', project='imagemagick') is not valid
TestJson(file='imagemagick-7.0.8-65-o0-magickcore', cve='CVE-2020-27762', commit='', ground_truth='vuln', project='imagemagick') is not valid
TestJson(file='imagemagick-7.1.0-0-o0-magickcore', cve='CVE-2020-27762', commit='', ground_truth='patch', project='imagemagick') is not valid
TestJson(file='imagemagick-7.1.0-1-o0-magickcore', cve='CVE-2020-27762', commit='', ground_truth='patch', project='imagemagick') is not valid
TestJson(file='imagemagick-7.1.0-2-o0-magickcore', cve='CVE-2020-27762', commit='', ground_truth='patch', project='imagemagick') is not valid
CVE-2020-25664 imagemagick-7.0.8-67-o0-magickcore truth = vuln result = vuln
CVE-2020-25664 imagemagick-7.0.8-66-o0-magickcore truth = vuln result = vuln
CVE-2020-25664 imagemagick-7.0.8-65-o0-magickcore truth = vuln result = vuln
CVE-2020-25664 imagemagick-7.0.8-68-o0-magickcore truth = patch result = patch
CVE-2020-25664 imagemagick-7.0.9-0-o0-magickcore truth = patch result = vuln
CVE-2020-25664 imagemagick-7.0.9-1-o0-magickcore truth = patch result = vuln
CVE-2020-25665 has no sigs, skip
CVE-2020-25665 has no sigs, skip
CVE-2020-25665 has no sigs, skip
CVE-2020-25665 has no sigs, skip
CVE-2020-25665 has no sigs, skip
CVE-2020-25665 has no sigs, skip
CVE-2020-25674 imagemagick-7.0.8-67-o0-magickcore truth = vuln result = patch
CVE-2020-25674 imagemagick-7.0.8-66-o0-magickcore truth = vuln result = patch
CVE-2020-25674 imagemagick-7.0.8-65-o0-magickcore truth = vuln result = patch
CVE-2020-25674 imagemagick-7.1.0-0-o0-magickcore truth = patch result = patch
CVE-2020-25674 imagemagick-7.1.0-1-o0-magickcore truth = patch result = patch
CVE-2020-25674 imagemagick-7.1.0-2-o0-magickcore truth = patch result = patch
CVE-2020-27760 has no sigs, skip
CVE-2020-27760 has no sigs, skip
CVE-2020-27760 has no sigs, skip
CVE-2020-27760 has no sigs, skip
CVE-2020-27760 has no sigs, skip
CVE-2020-27760 has no sigs, skip
CVE-2020-27763 imagemagick-7.0.8-67-o0-magickcore truth = vuln result = patch
CVE-2020-27763 imagemagick-7.0.8-66-o0-magickcore truth = vuln result = patch
CVE-2020-27763 imagemagick-7.0.8-65-o0-magickcore truth = vuln result = patch
CVE-2020-27763 imagemagick-7.1.0-0-o0-magickcore truth = patch result = patch
CVE-2020-27763 imagemagick-7.1.0-1-o0-magickcore truth = patch result = patch
CVE-2020-27763 imagemagick-7.1.0-2-o0-magickcore truth = patch result = patch
TestJson(file='imagemagick-7.0.8-67-o0-magickcore', cve='CVE-2020-27758', commit='', ground_truth='vuln', project='imagemagick') is not valid
TestJson(file='imagemagick-7.0.8-66-o0-magickcore', cve='CVE-2020-27758', commit='', ground_truth='vuln', project='imagemagick') is not valid
TestJson(file='imagemagick-7.0.8-65-o0-magickcore', cve='CVE-2020-27758', commit='', ground_truth='vuln', project='imagemagick') is not valid
TestJson(file='imagemagick-7.1.0-0-o0-magickcore', cve='CVE-2020-27758', commit='', ground_truth='patch', project='imagemagick') is not valid
TestJson(file='imagemagick-7.1.0-1-o0-magickcore', cve='CVE-2020-27758', commit='', ground_truth='patch', project='imagemagick') is not valid
TestJson(file='imagemagick-7.1.0-2-o0-magickcore', cve='CVE-2020-27758', commit='', ground_truth='patch', project='imagemagick') is not valid
TestJson(file='imagemagick-7.0.8-67-o0-magickcore', cve='CVE-2020-27770', commit='', ground_truth='vuln', project='imagemagick') is not valid
TestJson(file='imagemagick-7.0.8-66-o0-magickcore', cve='CVE-2020-27770', commit='', ground_truth='vuln', project='imagemagick') is not valid
TestJson(file='imagemagick-7.0.8-65-o0-magickcore', cve='CVE-2020-27770', commit='', ground_truth='vuln', project='imagemagick') is not valid
TestJson(file='imagemagick-7.1.0-0-o0-magickcore', cve='CVE-2020-27770', commit='', ground_truth='patch', project='imagemagick') is not valid
TestJson(file='imagemagick-7.1.0-1-o0-magickcore', cve='CVE-2020-27770', commit='', ground_truth='patch', project='imagemagick') is not valid
TestJson(file='imagemagick-7.1.0-2-o0-magickcore', cve='CVE-2020-27770', commit='', ground_truth='patch', project='imagemagick') is not valid
CVE-2020-25663 has no sigs, skip
CVE-2020-25663 has no sigs, skip
CVE-2020-25663 has no sigs, skip
CVE-2020-25663 has no sigs, skip
CVE-2020-25663 has no sigs, skip
CVE-2020-25663 has no sigs, skip
CVE-2020-27756 has no sigs, skip
CVE-2020-27756 has no sigs, skip
CVE-2020-27756 has no sigs, skip
CVE-2020-27756 has no sigs, skip
CVE-2020-27756 has no sigs, skip
CVE-2020-27756 has no sigs, skip
CVE-2020-27751 imagemagick-7.0.8-68-o0-magickcore truth = vuln result = vuln
CVE-2020-27751 imagemagick-7.0.8-67-o0-magickcore truth = vuln result = vuln
CVE-2020-27751 imagemagick-7.0.8-66-o0-magickcore truth = vuln result = vuln
CVE-2020-27751 imagemagick-7.1.0-0-o0-magickcore truth = patch result = vuln
CVE-2020-27751 imagemagick-7.1.0-1-o0-magickcore truth = patch result = vuln
CVE-2020-27751 imagemagick-7.1.0-2-o0-magickcore truth = patch result = vuln
TestJson(file='imagemagick-7.0.8-68-o0-magickcore', cve='CVE-2020-27761', commit='', ground_truth='vuln', project='imagemagick') is not valid
TestJson(file='imagemagick-7.0.8-67-o0-magickcore', cve='CVE-2020-27761', commit='', ground_truth='vuln', project='imagemagick') is not valid
TestJson(file='imagemagick-7.0.8-66-o0-magickcore', cve='CVE-2020-27761', commit='', ground_truth='vuln', project='imagemagick') is not valid
TestJson(file='imagemagick-7.1.0-0-o0-magickcore', cve='CVE-2020-27761', commit='', ground_truth='patch', project='imagemagick') is not valid
TestJson(file='imagemagick-7.1.0-1-o0-magickcore', cve='CVE-2020-27761', commit='', ground_truth='patch', project='imagemagick') is not valid
TestJson(file='imagemagick-7.1.0-2-o0-magickcore', cve='CVE-2020-27761', commit='', ground_truth='patch', project='imagemagick') is not valid
CVE-2020-25675 imagemagick-7.0.8-68-o0-magickcore truth = vuln result = vuln
CVE-2020-25675 imagemagick-7.0.8-67-o0-magickcore truth = vuln result = vuln
CVE-2020-25675 imagemagick-7.0.8-66-o0-magickcore truth = vuln result = vuln
CVE-2020-25675 imagemagick-7.1.0-0-o0-magickcore truth = patch result = patch
CVE-2020-25675 imagemagick-7.1.0-1-o0-magickcore truth = patch result = patch
CVE-2020-25675 imagemagick-7.1.0-2-o0-magickcore truth = patch result = patch
CVE-2020-25676 imagemagick-7.0.8-68-o0-magickcore truth = vuln result = patch
CVE-2020-25676 imagemagick-7.0.8-67-o0-magickcore truth = vuln result = patch
CVE-2020-25676 imagemagick-7.0.8-66-o0-magickcore truth = vuln result = patch
CVE-2020-25676 imagemagick-7.1.0-0-o0-magickcore truth = patch result = patch
CVE-2020-25676 imagemagick-7.1.0-1-o0-magickcore truth = patch result = patch
CVE-2020-25676 imagemagick-7.1.0-2-o0-magickcore truth = patch result = patch
CVE-2020-27765 imagemagick-7.0.8-68-o0-magickcore truth = vuln result = vuln
CVE-2020-27765 imagemagick-7.0.8-67-o0-magickcore truth = vuln result = vuln
CVE-2020-27765 imagemagick-7.0.8-66-o0-magickcore truth = vuln result = vuln
CVE-2020-27765 imagemagick-7.1.0-0-o0-magickcore truth = patch result = patch
CVE-2020-27765 imagemagick-7.1.0-1-o0-magickcore truth = patch result = patch
CVE-2020-27765 imagemagick-7.1.0-2-o0-magickcore truth = patch result = patch
TestJson(file='imagemagick-7.0.8-68-o0-magickcore', cve='CVE-2020-27775', commit='', ground_truth='vuln', project='imagemagick') is not valid
TestJson(file='imagemagick-7.0.8-67-o0-magickcore', cve='CVE-2020-27775', commit='', ground_truth='vuln', project='imagemagick') is not valid
TestJson(file='imagemagick-7.0.8-66-o0-magickcore', cve='CVE-2020-27775', commit='', ground_truth='vuln', project='imagemagick') is not valid
TestJson(file='imagemagick-7.1.0-0-o0-magickcore', cve='CVE-2020-27775', commit='', ground_truth='patch', project='imagemagick') is not valid
TestJson(file='imagemagick-7.1.0-1-o0-magickcore', cve='CVE-2020-27775', commit='', ground_truth='patch', project='imagemagick') is not valid
TestJson(file='imagemagick-7.1.0-2-o0-magickcore', cve='CVE-2020-27775', commit='', ground_truth='patch', project='imagemagick') is not valid
TestJson(file='imagemagick-7.0.8-68-o0-magickcore', cve='CVE-2020-27774', commit='', ground_truth='vuln', project='imagemagick') is not valid
TestJson(file='imagemagick-7.0.8-67-o0-magickcore', cve='CVE-2020-27774', commit='', ground_truth='vuln', project='imagemagick') is not valid
TestJson(file='imagemagick-7.0.8-66-o0-magickcore', cve='CVE-2020-27774', commit='', ground_truth='vuln', project='imagemagick') is not valid
TestJson(file='imagemagick-7.1.0-0-o0-magickcore', cve='CVE-2020-27774', commit='', ground_truth='patch', project='imagemagick') is not valid
TestJson(file='imagemagick-7.1.0-1-o0-magickcore', cve='CVE-2020-27774', commit='', ground_truth='patch', project='imagemagick') is not valid
TestJson(file='imagemagick-7.1.0-2-o0-magickcore', cve='CVE-2020-27774', commit='', ground_truth='patch', project='imagemagick') is not valid
CVE-2020-27769 has no sigs, skip
CVE-2020-27769 has no sigs, skip
CVE-2020-27769 has no sigs, skip
CVE-2020-27769 has no sigs, skip
CVE-2020-27769 has no sigs, skip
CVE-2020-27769 has no sigs, skip
TestJson(file='imagemagick-7.0.8-68-o0-magickcore', cve='CVE-2020-25666', commit='', ground_truth='vuln', project='imagemagick') is not valid
TestJson(file='imagemagick-7.0.8-67-o0-magickcore', cve='CVE-2020-25666', commit='', ground_truth='vuln', project='imagemagick') is not valid
TestJson(file='imagemagick-7.0.8-66-o0-magickcore', cve='CVE-2020-25666', commit='', ground_truth='vuln', project='imagemagick') is not valid
TestJson(file='imagemagick-7.1.0-0-o0-magickcore', cve='CVE-2020-25666', commit='', ground_truth='patch', project='imagemagick') is not valid
TestJson(file='imagemagick-7.1.0-1-o0-magickcore', cve='CVE-2020-25666', commit='', ground_truth='patch', project='imagemagick') is not valid
TestJson(file='imagemagick-7.1.0-2-o0-magickcore', cve='CVE-2020-25666', commit='', ground_truth='patch', project='imagemagick') is not valid
TestJson(file='imagemagick-7.0.8-68-o0-magickcore', cve='CVE-2020-25667', commit='', ground_truth='vuln', project='imagemagick') is not valid
TestJson(file='imagemagick-7.0.8-67-o0-magickcore', cve='CVE-2020-25667', commit='', ground_truth='vuln', project='imagemagick') is not valid
TestJson(file='imagemagick-7.0.8-66-o0-magickcore', cve='CVE-2020-25667', commit='', ground_truth='vuln', project='imagemagick') is not valid
TestJson(file='imagemagick-7.1.0-0-o0-magickcore', cve='CVE-2020-25667', commit='', ground_truth='patch', project='imagemagick') is not valid
TestJson(file='imagemagick-7.1.0-1-o0-magickcore', cve='CVE-2020-25667', commit='', ground_truth='patch', project='imagemagick') is not valid
TestJson(file='imagemagick-7.1.0-2-o0-magickcore', cve='CVE-2020-25667', commit='', ground_truth='patch', project='imagemagick') is not valid
CVE-2020-27772 imagemagick-7.0.8-68-o0-magickcore truth = vuln result = patch
CVE-2020-27772 imagemagick-7.0.8-67-o0-magickcore truth = vuln result = patch
CVE-2020-27772 imagemagick-7.0.8-66-o0-magickcore truth = vuln result = patch
CVE-2020-27772 imagemagick-7.1.0-0-o0-magickcore truth = patch result = patch
CVE-2020-27772 imagemagick-7.1.0-1-o0-magickcore truth = patch result = patch
CVE-2020-27772 imagemagick-7.1.0-2-o0-magickcore truth = patch result = patch
CVE-2020-27752 imagemagick-7.0.8-68-o0-magickcore truth = vuln result = vuln
CVE-2020-27752 imagemagick-7.0.8-67-o0-magickcore truth = vuln result = patch
CVE-2020-27752 imagemagick-7.0.8-66-o0-magickcore truth = vuln result = patch
CVE-2020-27752 imagemagick-7.1.0-0-o0-magickcore truth = patch result = patch
CVE-2020-27752 imagemagick-7.1.0-1-o0-magickcore truth = patch result = patch
CVE-2020-27752 imagemagick-7.1.0-2-o0-magickcore truth = patch result = patch
CVE-2020-27753 imagemagick-7.0.8-68-o0-magickcore truth = vuln result = vuln
CVE-2020-27753 imagemagick-7.0.8-67-o0-magickcore truth = vuln result = vuln
CVE-2020-27753 imagemagick-7.0.8-66-o0-magickcore truth = vuln result = vuln
TestJson(file='imagemagick-7.1.0-0-o0-magickcore', cve='CVE-2020-27753', commit='', ground_truth='patch', project='imagemagick') is not valid
TestJson(file='imagemagick-7.1.0-1-o0-magickcore', cve='CVE-2020-27753', commit='', ground_truth='patch', project='imagemagick') is not valid
TestJson(file='imagemagick-7.1.0-2-o0-magickcore', cve='CVE-2020-27753', commit='', ground_truth='patch', project='imagemagick') is not valid
CVE-2020-27755 imagemagick-7.0.8-68-o0-magickcore truth = vuln result = vuln
CVE-2020-27755 imagemagick-7.0.8-67-o0-magickcore truth = vuln result = vuln
CVE-2020-27755 imagemagick-7.0.8-66-o0-magickcore truth = vuln result = vuln
CVE-2020-27755 imagemagick-7.1.0-0-o0-magickcore truth = patch result = vuln
CVE-2020-27755 imagemagick-7.1.0-1-o0-magickcore truth = patch result = vuln
CVE-2020-27755 imagemagick-7.1.0-2-o0-magickcore truth = patch result = vuln
TestJson(file='imagemagick-7.0.8-68-o0-magickcore', cve='CVE-2019-18853', commit='', ground_truth='vuln', project='imagemagick') is not valid
TestJson(file='imagemagick-7.0.8-67-o0-magickcore', cve='CVE-2019-18853', commit='', ground_truth='vuln', project='imagemagick') is not valid
TestJson(file='imagemagick-7.0.8-66-o0-magickcore', cve='CVE-2019-18853', commit='', ground_truth='vuln', project='imagemagick') is not valid
CVE-2019-18853 imagemagick-7.1.0-0-o0-magickcore truth = patch result = patch
CVE-2019-18853 imagemagick-7.1.0-1-o0-magickcore truth = patch result = patch
CVE-2019-18853 imagemagick-7.1.0-2-o0-magickcore truth = patch result = patch
CVE-2020-19667 imagemagick-7.0.10-7-o0-magickcore truth = vuln result = vuln
CVE-2020-19667 imagemagick-7.0.10-8-o0-magickcore truth = patch result = vuln
CVE-2020-19667 imagemagick-7.0.10-9-o0-magickcore truth = patch result = vuln
CVE-2020-19667 imagemagick-7.0.10-10-o0-magickcore truth = patch result = vuln
CVE-2021-3596 imagemagick-7.0.10-30-o0-magickcore truth = vuln result = patch
CVE-2021-3596 imagemagick-7.0.10-29-o0-magickcore truth = vuln result = patch
CVE-2021-3596 imagemagick-7.0.10-28-o0-magickcore truth = vuln result = patch
CVE-2021-3596 imagemagick-7.0.10-31-o0-magickcore truth = patch result = patch
CVE-2021-3596 imagemagick-7.0.10-32-o0-magickcore truth = patch result = patch
CVE-2021-3596 imagemagick-7.0.10-33-o0-magickcore truth = patch result = patch
CVE-2020-27560 imagemagick-7.0.10-34-o0-magickcore truth = vuln result = vuln
CVE-2020-27560 imagemagick-7.0.10-35-o0-magickcore truth = patch result = patch
CVE-2020-27560 imagemagick-7.0.10-37-o0-magickcore truth = patch result = patch
CVE-2020-27560 imagemagick-7.0.10-36-o0-magickcore truth = patch result = patch
CVE-2020-27829 has no sigs, skip
CVE-2020-27829 has no sigs, skip
CVE-2020-27829 has no sigs, skip
CVE-2020-27829 has no sigs, skip
CVE-2020-27829 has no sigs, skip
CVE-2020-27829 has no sigs, skip
CVE-2022-48541 imagemagick-7.0.10-45-o0-magickwand truth = vuln result = patch
CVE-2022-48541 imagemagick-7.0.10-46-o0-magickwand truth = patch result = patch
CVE-2022-48541 imagemagick-7.0.10-47-o0-magickwand truth = patch result = patch
CVE-2022-48541 imagemagick-7.0.10-48-o0-magickwand truth = patch result = patch
TestJson(file='imagemagick-7.0.10-55-o0-magickcore', cve='CVE-2021-20176', commit='', ground_truth='vuln', project='imagemagick') is not valid
TestJson(file='imagemagick-7.0.10-54-o0-magickcore', cve='CVE-2021-20176', commit='', ground_truth='vuln', project='imagemagick') is not valid
TestJson(file='imagemagick-7.0.10-53-o0-magickcore', cve='CVE-2021-20176', commit='', ground_truth='vuln', project='imagemagick') is not valid
CVE-2021-20176 imagemagick-7.0.10-57-o0-magickcore truth = patch result = patch
CVE-2021-20176 imagemagick-7.0.10-58-o0-magickcore truth = patch result = patch
CVE-2021-20176 imagemagick-7.0.10-59-o0-magickcore truth = patch result = patch
CVE-2021-20244 imagemagick-7.0.10-61-o0-magickcore truth = vuln result = vuln
CVE-2021-20244 imagemagick-7.0.10-60-o0-magickcore truth = vuln result = vuln
CVE-2021-20244 imagemagick-7.0.10-59-o0-magickcore truth = vuln result = vuln
CVE-2021-20244 imagemagick-7.0.10-62-o0-magickcore truth = patch result = patch
CVE-2021-20244 imagemagick-7.0.11-0-o0-magickcore truth = patch result = patch
CVE-2021-20244 imagemagick-7.0.11-1-o0-magickcore truth = patch result = patch
TestJson(file='imagemagick-7.0.10-61-o0-magickcore', cve='CVE-2021-20246', commit='', ground_truth='vuln', project='imagemagick') is not valid
TestJson(file='imagemagick-7.0.10-60-o0-magickcore', cve='CVE-2021-20246', commit='', ground_truth='vuln', project='imagemagick') is not valid
TestJson(file='imagemagick-7.0.10-59-o0-magickcore', cve='CVE-2021-20246', commit='', ground_truth='vuln', project='imagemagick') is not valid
TestJson(file='imagemagick-7.0.10-62-o0-magickcore', cve='CVE-2021-20246', commit='', ground_truth='patch', project='imagemagick') is not valid
TestJson(file='imagemagick-7.0.11-0-o0-magickcore', cve='CVE-2021-20246', commit='', ground_truth='patch', project='imagemagick') is not valid
TestJson(file='imagemagick-7.0.11-1-o0-magickcore', cve='CVE-2021-20246', commit='', ground_truth='patch', project='imagemagick') is not valid
CVE-2021-20311 imagemagick-7.0.10-62-o0-magickcore truth = vuln result = vuln
CVE-2021-20311 imagemagick-7.0.10-61-o0-magickcore truth = vuln result = vuln
CVE-2021-20311 imagemagick-7.0.10-60-o0-magickcore truth = vuln result = vuln
TestJson(file='imagemagick-7.0.11-2-o0-magickcore', cve='CVE-2021-20311', commit='', ground_truth='patch', project='imagemagick') is not valid
TestJson(file='imagemagick-7.0.11-3-o0-magickcore', cve='CVE-2021-20311', commit='', ground_truth='patch', project='imagemagick') is not valid
TestJson(file='imagemagick-7.0.11-4-o0-magickcore', cve='CVE-2021-20311', commit='', ground_truth='patch', project='imagemagick') is not valid
CVE-2021-20312 imagemagick-7.0.10-62-o0-magickcore truth = vuln result = vuln
CVE-2021-20312 imagemagick-7.0.10-61-o0-magickcore truth = vuln result = vuln
CVE-2021-20312 imagemagick-7.0.10-60-o0-magickcore truth = vuln result = vuln
TestJson(file='imagemagick-7.0.11-2-o0-magickcore', cve='CVE-2021-20312', commit='', ground_truth='patch', project='imagemagick') is not valid
TestJson(file='imagemagick-7.0.11-3-o0-magickcore', cve='CVE-2021-20312', commit='', ground_truth='patch', project='imagemagick') is not valid
TestJson(file='imagemagick-7.0.11-4-o0-magickcore', cve='CVE-2021-20312', commit='', ground_truth='patch', project='imagemagick') is not valid
CVE-2021-20313 imagemagick-7.0.10-62-o0-magickcore truth = vuln result = vuln
CVE-2021-20313 imagemagick-7.0.10-61-o0-magickcore truth = vuln result = vuln
CVE-2021-20313 imagemagick-7.0.10-60-o0-magickcore truth = vuln result = vuln
TestJson(file='imagemagick-7.0.11-2-o0-magickcore', cve='CVE-2021-20313', commit='', ground_truth='patch', project='imagemagick') is not valid
TestJson(file='imagemagick-7.0.11-3-o0-magickcore', cve='CVE-2021-20313', commit='', ground_truth='patch', project='imagemagick') is not valid
TestJson(file='imagemagick-7.0.11-4-o0-magickcore', cve='CVE-2021-20313', commit='', ground_truth='patch', project='imagemagick') is not valid
CVE-2021-20309 imagemagick-7.0.10-62-o0-magickcore truth = vuln result = vuln
CVE-2021-20309 imagemagick-7.0.10-61-o0-magickcore truth = vuln result = vuln
CVE-2021-20309 imagemagick-7.0.10-60-o0-magickcore truth = vuln result = vuln
CVE-2021-20309 imagemagick-7.0.11-2-o0-magickcore truth = patch result = patch
CVE-2021-20309 imagemagick-7.0.11-3-o0-magickcore truth = patch result = patch
CVE-2021-20309 imagemagick-7.0.11-4-o0-magickcore truth = patch result = patch
CVE-2021-20310 imagemagick-7.0.10-62-o0-magickcore truth = vuln result = patch
CVE-2021-20310 imagemagick-7.0.10-61-o0-magickcore truth = vuln result = patch
CVE-2021-20310 imagemagick-7.0.10-60-o0-magickcore truth = vuln result = patch
CVE-2021-20310 imagemagick-7.0.11-2-o0-magickcore truth = patch result = patch
CVE-2021-20310 imagemagick-7.0.11-3-o0-magickcore truth = patch result = patch
CVE-2021-20310 imagemagick-7.0.11-4-o0-magickcore truth = patch result = patch
TestJson(file='imagemagick-7.0.11-5-o0-magickcore', cve='CVE-2021-3574', commit='', ground_truth='vuln', project='imagemagick') is not valid
TestJson(file='imagemagick-7.0.11-8-o0-magickcore', cve='CVE-2021-3574', commit='', ground_truth='patch', project='imagemagick') is not valid
TestJson(file='imagemagick-7.0.11-9-o0-magickcore', cve='CVE-2021-3574', commit='', ground_truth='patch', project='imagemagick') is not valid
TestJson(file='imagemagick-7.0.11-10-o0-magickcore', cve='CVE-2021-3574', commit='', ground_truth='patch', project='imagemagick') is not valid
TestJson(file='imagemagick-7.0.11-13-o0-magickcore', cve='CVE-2021-3610', commit='', ground_truth='vuln', project='imagemagick') is not valid
TestJson(file='imagemagick-7.0.11-12-o0-magickcore', cve='CVE-2021-3610', commit='', ground_truth='vuln', project='imagemagick') is not valid
TestJson(file='imagemagick-7.0.11-11-o0-magickcore', cve='CVE-2021-3610', commit='', ground_truth='vuln', project='imagemagick') is not valid
TestJson(file='imagemagick-7.0.11-14-o0-magickcore', cve='CVE-2021-3610', commit='', ground_truth='patch', project='imagemagick') is not valid
TestJson(file='imagemagick-7.1.0-0-o0-magickcore', cve='CVE-2021-3610', commit='', ground_truth='patch', project='imagemagick') is not valid
TestJson(file='imagemagick-7.1.0-1-o0-magickcore', cve='CVE-2021-3610', commit='', ground_truth='patch', project='imagemagick') is not valid
CVE-2023-34153 has no sigs, skip
CVE-2023-34153 has no sigs, skip
CVE-2023-34153 has no sigs, skip
CVE-2023-34153 has no sigs, skip
CVE-2023-34153 has no sigs, skip
CVE-2023-34153 has no sigs, skip
TestJson(file='imagemagick-7.1.1-0-o0-magickcore', cve='CVE-2023-3195', commit='', ground_truth='vuln', project='imagemagick') is not valid
TestJson(file='imagemagick-7.1.1-1-o0-magickcore', cve='CVE-2023-3195', commit='', ground_truth='vuln', project='imagemagick') is not valid
TestJson(file='imagemagick-7.1.1-2-o0-magickcore', cve='CVE-2023-3195', commit='', ground_truth='patch', project='imagemagick') is not valid
TestJson(file='imagemagick-7.1.1-3-o0-magickcore', cve='CVE-2023-3195', commit='', ground_truth='patch', project='imagemagick') is not valid
TestJson(file='imagemagick-7.1.1-4-o0-magickcore', cve='CVE-2023-3195', commit='', ground_truth='patch', project='imagemagick') is not valid
TestJson(file='imagemagick-7.1.0-14-o0-magickcore', cve='CVE-2021-3962', commit='', ground_truth='vuln', project='imagemagick') is not valid
TestJson(file='imagemagick-7.1.0-15-o0-magickcore', cve='CVE-2021-3962', commit='', ground_truth='patch', project='imagemagick') is not valid
TestJson(file='imagemagick-7.1.0-16-o0-magickcore', cve='CVE-2021-3962', commit='', ground_truth='patch', project='imagemagick') is not valid
TestJson(file='imagemagick-7.1.0-17-o0-magickcore', cve='CVE-2021-3962', commit='', ground_truth='patch', project='imagemagick') is not valid
TestJson(file='imagemagick-7.1.0-19-o0-magickcore', cve='CVE-2022-0284', commit='', ground_truth='vuln', project='imagemagick') is not valid
TestJson(file='imagemagick-7.1.0-18-o0-magickcore', cve='CVE-2022-0284', commit='', ground_truth='vuln', project='imagemagick') is not valid
TestJson(file='imagemagick-7.1.0-17-o0-magickcore', cve='CVE-2022-0284', commit='', ground_truth='vuln', project='imagemagick') is not valid
CVE-2022-0284 imagemagick-7.1.0-20-o0-magickcore truth = patch result = patch
CVE-2022-0284 imagemagick-7.1.0-21-o0-magickcore truth = patch result = patch
CVE-2022-0284 imagemagick-7.1.0-22-o0-magickcore truth = patch result = patch
TestJson(file='imagemagick-7.1.0-27-o0-magickcore', cve='CVE-2022-32545', commit='', ground_truth='vuln', project='imagemagick') is not valid
TestJson(file='imagemagick-7.1.0-26-o0-magickcore', cve='CVE-2022-32545', commit='', ground_truth='vuln', project='imagemagick') is not valid
TestJson(file='imagemagick-7.1.0-25-o0-magickcore', cve='CVE-2022-32545', commit='', ground_truth='vuln', project='imagemagick') is not valid
TestJson(file='imagemagick-7.1.0-28-o0-magickcore', cve='CVE-2022-32545', commit='', ground_truth='patch', project='imagemagick') is not valid
TestJson(file='imagemagick-7.1.0-29-o0-magickcore', cve='CVE-2022-32545', commit='', ground_truth='patch', project='imagemagick') is not valid
TestJson(file='imagemagick-7.1.0-30-o0-magickcore', cve='CVE-2022-32545', commit='', ground_truth='patch', project='imagemagick') is not valid
TestJson(file='imagemagick-7.1.0-28-o0-magickcore', cve='CVE-2022-1115', commit='', ground_truth='vuln', project='imagemagick') is not valid
TestJson(file='imagemagick-7.1.0-27-o0-magickcore', cve='CVE-2022-1115', commit='', ground_truth='vuln', project='imagemagick') is not valid
TestJson(file='imagemagick-7.1.0-26-o0-magickcore', cve='CVE-2022-1115', commit='', ground_truth='vuln', project='imagemagick') is not valid
TestJson(file='imagemagick-7.1.0-29-o0-magickcore', cve='CVE-2022-1115', commit='', ground_truth='patch', project='imagemagick') is not valid
TestJson(file='imagemagick-7.1.0-30-o0-magickcore', cve='CVE-2022-1115', commit='', ground_truth='patch', project='imagemagick') is not valid
TestJson(file='imagemagick-7.1.0-31-o0-magickcore', cve='CVE-2022-1115', commit='', ground_truth='patch', project='imagemagick') is not valid
TestJson(file='imagemagick-7.1.0-28-o0-magickcore', cve='CVE-2022-32546', commit='', ground_truth='vuln', project='imagemagick') is not valid
TestJson(file='imagemagick-7.1.0-27-o0-magickcore', cve='CVE-2022-32546', commit='', ground_truth='vuln', project='imagemagick') is not valid
TestJson(file='imagemagick-7.1.0-26-o0-magickcore', cve='CVE-2022-32546', commit='', ground_truth='vuln', project='imagemagick') is not valid
TestJson(file='imagemagick-7.1.0-29-o0-magickcore', cve='CVE-2022-32546', commit='', ground_truth='patch', project='imagemagick') is not valid
TestJson(file='imagemagick-7.1.0-30-o0-magickcore', cve='CVE-2022-32546', commit='', ground_truth='patch', project='imagemagick') is not valid
TestJson(file='imagemagick-7.1.0-31-o0-magickcore', cve='CVE-2022-32546', commit='', ground_truth='patch', project='imagemagick') is not valid
CVE-2022-28463 imagemagick-7.1.0-27-o0-magickcore truth = vuln result = vuln
CVE-2022-28463 imagemagick-7.1.0-29-o0-magickcore truth = patch result = patch
CVE-2022-28463 imagemagick-7.1.0-30-o0-magickcore truth = patch result = patch
CVE-2022-28463 imagemagick-7.1.0-31-o0-magickcore truth = patch result = patch
CVE-2022-32547 imagemagick-7.1.0-29-o0-magickcore truth = vuln result = patch
CVE-2022-32547 imagemagick-7.1.0-28-o0-magickcore truth = vuln result = patch
CVE-2022-32547 imagemagick-7.1.0-27-o0-magickcore truth = vuln result = patch
CVE-2022-32547 imagemagick-7.1.0-30-o0-magickcore truth = patch result = patch
CVE-2022-32547 imagemagick-7.1.0-31-o0-magickcore truth = patch result = patch
CVE-2022-32547 imagemagick-7.1.0-32-o0-magickcore truth = patch result = patch
TestJson(file='imagemagick-7.1.0-46-o0-magickcore', cve='CVE-2022-3213', commit='', ground_truth='vuln', project='imagemagick') is not valid
TestJson(file='imagemagick-7.1.0-45-o0-magickcore', cve='CVE-2022-3213', commit='', ground_truth='vuln', project='imagemagick') is not valid
TestJson(file='imagemagick-7.1.0-44-o0-magickcore', cve='CVE-2022-3213', commit='', ground_truth='vuln', project='imagemagick') is not valid
TestJson(file='imagemagick-7.1.0-48-o0-magickcore', cve='CVE-2022-3213', commit='', ground_truth='patch', project='imagemagick') is not valid
TestJson(file='imagemagick-7.1.0-49-o0-magickcore', cve='CVE-2022-3213', commit='', ground_truth='patch', project='imagemagick') is not valid
TestJson(file='imagemagick-7.1.0-50-o0-magickcore', cve='CVE-2022-3213', commit='', ground_truth='patch', project='imagemagick') is not valid
TestJson(file='imagemagick-7.1.0-62-o0-magickcore', cve='CVE-2023-1289', commit='', ground_truth='vuln', project='imagemagick') is not valid
TestJson(file='imagemagick-7.1.0-61-o0-magickcore', cve='CVE-2023-1289', commit='', ground_truth='vuln', project='imagemagick') is not valid
TestJson(file='imagemagick-7.1.0-60-o0-magickcore', cve='CVE-2023-1289', commit='', ground_truth='vuln', project='imagemagick') is not valid
TestJson(file='imagemagick-7.1.1-0-o0-magickcore', cve='CVE-2023-1289', commit='', ground_truth='patch', project='imagemagick') is not valid
TestJson(file='imagemagick-7.1.1-1-o0-magickcore', cve='CVE-2023-1289', commit='', ground_truth='patch', project='imagemagick') is not valid
TestJson(file='imagemagick-7.1.1-2-o0-magickcore', cve='CVE-2023-1289', commit='', ground_truth='patch', project='imagemagick') is not valid
TestJson(file='imagemagick-7.1.1-4-o0-magickcore', cve='CVE-2023-1906', commit='', ground_truth='vuln', project='imagemagick') is not valid
TestJson(file='imagemagick-7.1.1-6-o0-magickcore', cve='CVE-2023-1906', commit='', ground_truth='patch', project='imagemagick') is not valid
TestJson(file='imagemagick-7.1.1-7-o0-magickcore', cve='CVE-2023-1906', commit='', ground_truth='patch', project='imagemagick') is not valid
TestJson(file='imagemagick-7.1.1-8-o0-magickcore', cve='CVE-2023-1906', commit='', ground_truth='patch', project='imagemagick') is not valid
CVE-2023-34474 has no sigs, skip
CVE-2023-34474 has no sigs, skip
CVE-2023-34474 has no sigs, skip
CVE-2023-34474 has no sigs, skip
CVE-2023-34474 has no sigs, skip
CVE-2023-34474 has no sigs, skip
CVE-2023-34475 has no sigs, skip
CVE-2023-34475 has no sigs, skip
CVE-2023-34475 has no sigs, skip
CVE-2023-34475 has no sigs, skip
CVE-2023-34475 has no sigs, skip
CVE-2023-34475 has no sigs, skip
TestJson(file='imagemagick-7.1.1-10-o0-magickcore', cve='CVE-2023-34151', commit='', ground_truth='vuln', project='imagemagick') is not valid
CVE-2023-34151 imagemagick-7.1.1-1-o0-magickcore truth = vuln result = vuln
CVE-2023-34151 imagemagick-7.1.1-0-o0-magickcore truth = vuln result = vuln
TestJson(file='imagemagick-7.1.1-11-o0-magickcore', cve='CVE-2023-34151', commit='', ground_truth='patch', project='imagemagick') is not valid
TestJson(file='imagemagick-7.1.1-12-o0-magickcore', cve='CVE-2023-34151', commit='', ground_truth='patch', project='imagemagick') is not valid
TestJson(file='imagemagick-7.1.1-13-o0-magickcore', cve='CVE-2023-34151', commit='', ground_truth='patch', project='imagemagick') is not valid
CVE-2023-34152 has no sigs, skip
CVE-2023-34152 has no sigs, skip
CVE-2023-34152 has no sigs, skip
CVE-2023-34152 has no sigs, skip
CVE-2023-34152 has no sigs, skip
CVE-2023-34152 has no sigs, skip
TestJson(file='imagemagick-7.1.1-11-o0-magickcore', cve='CVE-2023-3428', commit='', ground_truth='vuln', project='imagemagick') is not valid
TestJson(file='imagemagick-7.1.1-10-o0-magickcore', cve='CVE-2023-3428', commit='', ground_truth='vuln', project='imagemagick') is not valid
TestJson(file='imagemagick-7.1.1-1-o0-magickcore', cve='CVE-2023-3428', commit='', ground_truth='vuln', project='imagemagick') is not valid
TestJson(file='imagemagick-7.1.1-13-o0-magickcore', cve='CVE-2023-3428', commit='', ground_truth='patch', project='imagemagick') is not valid
TestJson(file='imagemagick-7.1.1-14-o0-magickcore', cve='CVE-2023-3428', commit='', ground_truth='patch', project='imagemagick') is not valid
TestJson(file='imagemagick-7.1.1-15-o0-magickcore', cve='CVE-2023-3428', commit='', ground_truth='patch', project='imagemagick') is not valid
CVE-2023-5341 imagemagick-7.1.1-19-o0-magickcore truth = vuln result = patch
CVE-2023-5341 imagemagick-7.1.1-11-o0-magickcore truth = vuln result = patch
CVE-2023-5341 imagemagick-7.1.1-10-o0-magickcore truth = vuln result = patch
CVE-2023-5341 imagemagick-7.1.1-20-o0-magickcore truth = patch result = patch
CVE-2023-5341 imagemagick-7.1.1-21-o0-magickcore truth = patch result = patch
CVE-2023-5341 imagemagick-7.1.1-22-o0-magickcore truth = patch result = patch
CVE-2015-8958 has no sigs, skip
CVE-2015-8958 has no sigs, skip
CVE-2015-8958 has no sigs, skip