--------------------------------------------
CVE ID: CVE-2017-8395
Target Binary: /binaries/target/binutils/binutils-2.28-o3-objdump
Vulnerable Function Name: bfd_init_section_compress_status
Overall Score is: 0.437
--------------------------------------------
CVE ID: CVE-2017-8395
Target Binary: /binaries/target/binutils/binutils-2.29-o3-objdump
Vulnerable Function Name: bfd_init_section_compress_status
Overall Score is: 0.437
--------------------------------------------
CVE ID: CVE-2017-8395
Target Binary: /binaries/target/binutils/binutils-2.29.1-o3-objdump
Vulnerable Function Name: bfd_init_section_compress_status
Overall Score is: 0.437
--------------------------------------------
CVE ID: CVE-2017-8395
Target Binary: /binaries/target/binutils/binutils-2.30-o3-objdump
Vulnerable Function Name: bfd_init_section_compress_status
Overall Score is: 0.437
--------------------------------------------
CVE ID: CVE-2017-8396
Target Binary: /binaries/target/binutils/binutils-2.28-o3-objdump
Vulnerable Function Name: _bfd_final_link_relocate
Overall Score is: -0.650
--------------------------------------------
CVE ID: CVE-2017-8396
Target Binary: /binaries/target/binutils/binutils-2.29-o3-objdump
Vulnerable Function Name: _bfd_final_link_relocate
Overall Score is: -0.658
--------------------------------------------
CVE ID: CVE-2017-8396
Target Binary: /binaries/target/binutils/binutils-2.29.1-o3-objdump
Vulnerable Function Name: _bfd_final_link_relocate
Overall Score is: -0.658
--------------------------------------------
CVE ID: CVE-2017-8396
Target Binary: /binaries/target/binutils/binutils-2.30-o3-objdump
Vulnerable Function Name: _bfd_final_link_relocate
Overall Score is: -0.658
--------------------------------------------
CVE ID: CVE-2017-8396
Target Binary: /binaries/target/binutils/binutils-2.28-o3-objdump
Vulnerable Function Name: bfd_install_relocation
Overall Score is: -0.455
--------------------------------------------
CVE ID: CVE-2017-8396
Target Binary: /binaries/target/binutils/binutils-2.29-o3-objdump
Vulnerable Function Name: bfd_install_relocation
Overall Score is: -0.565
--------------------------------------------
CVE ID: CVE-2017-8396
Target Binary: /binaries/target/binutils/binutils-2.29.1-o3-objdump
Vulnerable Function Name: bfd_install_relocation
Overall Score is: -0.565
--------------------------------------------
CVE ID: CVE-2017-8396
Target Binary: /binaries/target/binutils/binutils-2.30-o3-objdump
Vulnerable Function Name: bfd_install_relocation
Overall Score is: -0.368
--------------------------------------------
CVE ID: CVE-2017-14129
Target Binary: /binaries/target/binutils/binutils-2.29-o3-objdump
Vulnerable Function Name: read_section
Overall Score is: -0.103
--------------------------------------------
CVE ID: CVE-2017-14129
Target Binary: /binaries/target/binutils/binutils-2.29.1-o3-objdump
Vulnerable Function Name: read_section
Overall Score is: -0.103
--------------------------------------------
CVE ID: CVE-2017-14129
Target Binary: /binaries/target/binutils/binutils-2.30-o3-objdump
Vulnerable Function Name: read_section
Overall Score is: -0.209
--------------------------------------------
CVE ID: CVE-2017-14129
Target Binary: /binaries/target/binutils/binutils-2.31-o3-objdump
Vulnerable Function Name: read_section
Overall Score is: -0.209
--------------------------------------------
CVE ID: CVE-2017-12448
Target Binary: /binaries/target/binutils/binutils-2.29-o3-objdump
Vulnerable Function Name: bfd_generic_archive_p
Overall Score is: 0.114
--------------------------------------------
CVE ID: CVE-2017-12448
Target Binary: /binaries/target/binutils/binutils-2.28-o3-objdump
Vulnerable Function Name: bfd_generic_archive_p
Overall Score is: 0.114
--------------------------------------------
CVE ID: CVE-2017-12448
Target Binary: /binaries/target/binutils/binutils-2.27-o3-objdump
Vulnerable Function Name: bfd_generic_archive_p
Overall Score is: 0.114
--------------------------------------------
CVE ID: CVE-2017-12448
Target Binary: /binaries/target/binutils/binutils-2.29.1-o3-objdump
Vulnerable Function Name: bfd_generic_archive_p
Overall Score is: 0.271
--------------------------------------------
CVE ID: CVE-2017-12448
Target Binary: /binaries/target/binutils/binutils-2.30-o3-objdump
Vulnerable Function Name: bfd_generic_archive_p
Overall Score is: 0.271
--------------------------------------------
CVE ID: CVE-2017-12448
Target Binary: /binaries/target/binutils/binutils-2.31-o3-objdump
Vulnerable Function Name: bfd_generic_archive_p
Overall Score is: 0.273
--------------------------------------------
CVE ID: CVE-2017-15024
Target Binary: /binaries/target/binutils/binutils-2.29-o3-objdump
Vulnerable Function Name: scan_unit_for_symbols
Overall Score is: 0.233
--------------------------------------------
CVE ID: CVE-2017-15024
Target Binary: /binaries/target/binutils/binutils-2.29.1-o3-objdump
Vulnerable Function Name: scan_unit_for_symbols
Overall Score is: 0.233
--------------------------------------------
CVE ID: CVE-2017-15024
Target Binary: /binaries/target/binutils/binutils-2.30-o3-objdump
Vulnerable Function Name: scan_unit_for_symbols
Overall Score is: 0.233
--------------------------------------------
CVE ID: CVE-2017-15024
Target Binary: /binaries/target/binutils/binutils-2.31-o3-objdump
Vulnerable Function Name: scan_unit_for_symbols
Overall Score is: 0.233
--------------------------------------------
CVE ID: CVE-2017-15020
Target Binary: /binaries/target/binutils/binutils-2.29-o3-objdump
Vulnerable Function Name: parse_die
Overall Score is: 0.732
--------------------------------------------
CVE ID: CVE-2017-15020
Target Binary: /binaries/target/binutils/binutils-2.30-o3-objdump
Vulnerable Function Name: parse_die
Overall Score is: 0.419
--------------------------------------------
CVE ID: CVE-2017-15020
Target Binary: /binaries/target/binutils/binutils-2.31-o3-objdump
Vulnerable Function Name: parse_die
Overall Score is: 0.419
--------------------------------------------
CVE ID: CVE-2017-15020
Target Binary: /binaries/target/binutils/binutils-2.31.1-o3-objdump
Vulnerable Function Name: parse_die
Overall Score is: 0.419
--------------------------------------------
CVE ID: CVE-2017-15939
Target Binary: /binaries/target/binutils/binutils-2.29-o3-objdump
Vulnerable Function Name: decode_line_info
Overall Score is: 0.233
--------------------------------------------
CVE ID: CVE-2017-15939
Target Binary: /binaries/target/binutils/binutils-2.30-o3-objdump
Vulnerable Function Name: decode_line_info
Overall Score is: 0.233
--------------------------------------------
CVE ID: CVE-2017-15939
Target Binary: /binaries/target/binutils/binutils-2.31-o3-objdump
Vulnerable Function Name: decode_line_info
Overall Score is: 0.233
--------------------------------------------
CVE ID: CVE-2017-15939
Target Binary: /binaries/target/binutils/binutils-2.31.1-o3-objdump
Vulnerable Function Name: decode_line_info
Overall Score is: 0.233
--------------------------------------------
CVE ID: CVE-2017-15996
Target Binary: /binaries/target/binutils/binutils-2.29-o3-objdump
Vulnerable Function Name: process_archive_index_and_symbols
Overall Score is: 0.015
--------------------------------------------
CVE ID: CVE-2017-15996
Target Binary: /binaries/target/binutils/binutils-2.30-o3-objdump
Vulnerable Function Name: process_archive_index_and_symbols
Overall Score is: 0.191
--------------------------------------------
CVE ID: CVE-2017-15996
Target Binary: /binaries/target/binutils/binutils-2.31-o3-objdump
Vulnerable Function Name: process_archive_index_and_symbols
Overall Score is: 0.191
--------------------------------------------
CVE ID: CVE-2017-15996
Target Binary: /binaries/target/binutils/binutils-2.31.1-o3-objdump
Vulnerable Function Name: process_archive_index_and_symbols
Overall Score is: 0.191
--------------------------------------------
CVE ID: CVE-2017-16831
Target Binary: /binaries/target/binutils/binutils-2.29.1-o3-objdump
Vulnerable Function Name: coff_get_normalized_symtab
Overall Score is: 0.264
--------------------------------------------
CVE ID: CVE-2017-16831
Target Binary: /binaries/target/binutils/binutils-2.30-o3-objdump
Vulnerable Function Name: coff_get_normalized_symtab
Overall Score is: 0.256
--------------------------------------------
CVE ID: CVE-2017-16831
Target Binary: /binaries/target/binutils/binutils-2.31-o3-objdump
Vulnerable Function Name: coff_get_normalized_symtab
Overall Score is: 0.258
--------------------------------------------
CVE ID: CVE-2017-16831
Target Binary: /binaries/target/binutils/binutils-2.31.1-o3-objdump
Vulnerable Function Name: coff_get_normalized_symtab
Overall Score is: 0.258
--------------------------------------------
CVE ID: CVE-2017-16831
Target Binary: /binaries/target/binutils/binutils-2.29.1-o3-objdump
Vulnerable Function Name: _bfd_coff_get_external_symbols
Overall Score is: 0.118
--------------------------------------------
CVE ID: CVE-2017-16831
Target Binary: /binaries/target/binutils/binutils-2.30-o3-objdump
Vulnerable Function Name: _bfd_coff_get_external_symbols
Overall Score is: -0.017
--------------------------------------------
CVE ID: CVE-2017-16831
Target Binary: /binaries/target/binutils/binutils-2.31-o3-objdump
Vulnerable Function Name: _bfd_coff_get_external_symbols
Overall Score is: -0.033
--------------------------------------------
CVE ID: CVE-2017-16831
Target Binary: /binaries/target/binutils/binutils-2.31.1-o3-objdump
Vulnerable Function Name: _bfd_coff_get_external_symbols
Overall Score is: -0.033
--------------------------------------------
CVE ID: CVE-2018-10372
Target Binary: /binaries/target/binutils/binutils-2.30-o3-objdump
Vulnerable Function Name: process_cu_tu_index
Overall Score is: 0.233
--------------------------------------------
CVE ID: CVE-2018-10372
Target Binary: /binaries/target/binutils/binutils-2.31-o3-objdump
Vulnerable Function Name: process_cu_tu_index
Overall Score is: 0.233
--------------------------------------------
CVE ID: CVE-2018-10372
Target Binary: /binaries/target/binutils/binutils-2.31.1-o3-objdump
Vulnerable Function Name: process_cu_tu_index
Overall Score is: 0.233
--------------------------------------------
CVE ID: CVE-2018-10372
Target Binary: /binaries/target/binutils/binutils-2.32-o3-objdump
Vulnerable Function Name: process_cu_tu_index
Overall Score is: 0.233
--------------------------------------------
CVE ID: CVE-2018-10373
Target Binary: /binaries/target/binutils/binutils-2.30-o3-objdump
Vulnerable Function Name: concat_filename
Overall Score is: 0.002
--------------------------------------------
CVE ID: CVE-2018-10373
Target Binary: /binaries/target/binutils/binutils-2.31-o3-objdump
Vulnerable Function Name: concat_filename
Overall Score is: 0.425
--------------------------------------------
CVE ID: CVE-2018-10373
Target Binary: /binaries/target/binutils/binutils-2.31.1-o3-objdump
Vulnerable Function Name: concat_filename
Overall Score is: 0.425
--------------------------------------------
CVE ID: CVE-2018-10373
Target Binary: /binaries/target/binutils/binutils-2.32-o3-objdump
Vulnerable Function Name: concat_filename
Overall Score is: 0.425
--------------------------------------------
CVE ID: CVE-2018-8945
Target Binary: /binaries/target/binutils/binutils-2.30-o3-objdump
Vulnerable Function Name: _bfd_elf_parse_attributes
Overall Score is: 0.544
--------------------------------------------
CVE ID: CVE-2018-8945
Target Binary: /binaries/target/binutils/binutils-2.31-o3-objdump
Vulnerable Function Name: _bfd_elf_parse_attributes
Overall Score is: 0.544
--------------------------------------------
CVE ID: CVE-2018-8945
Target Binary: /binaries/target/binutils/binutils-2.31.1-o3-objdump
Vulnerable Function Name: _bfd_elf_parse_attributes
Overall Score is: 0.544
--------------------------------------------
CVE ID: CVE-2018-8945
Target Binary: /binaries/target/binutils/binutils-2.32-o3-objdump
Vulnerable Function Name: _bfd_elf_parse_attributes
Overall Score is: 0.544
--------------------------------------------
CVE ID: CVE-2018-18607
Target Binary: /binaries/target/binutils/binutils-2.31-o3-objdump
Vulnerable Function Name: elf_link_input_bfd
Overall Score is: 0.182
--------------------------------------------
CVE ID: CVE-2018-18607
Target Binary: /binaries/target/binutils/binutils-2.32-o3-objdump
Vulnerable Function Name: elf_link_input_bfd
Overall Score is: 0.182
--------------------------------------------
CVE ID: CVE-2018-18607
Target Binary: /binaries/target/binutils/binutils-2.33.1-o3-objdump
Vulnerable Function Name: elf_link_input_bfd
Overall Score is: 0.182
--------------------------------------------
CVE ID: CVE-2018-18607
Target Binary: /binaries/target/binutils/binutils-2.34-o3-objdump
Vulnerable Function Name: elf_link_input_bfd
Overall Score is: 0.180
--------------------------------------------
CVE ID: CVE-2021-20294
Target Binary: /binaries/target/binutils/binutils-2.35.1-o3-readelf
Vulnerable Function Name: print_dynamic_symbol
Overall Score is: -0.025
--------------------------------------------
CVE ID: CVE-2021-20294
Target Binary: /binaries/target/binutils/binutils-2.35-o3-readelf
Vulnerable Function Name: print_dynamic_symbol
Overall Score is: -0.025
--------------------------------------------
CVE ID: CVE-2021-20294
Target Binary: /binaries/target/binutils/binutils-2.35.2-o3-readelf
Vulnerable Function Name: print_dynamic_symbol
Overall Score is: 0.462
--------------------------------------------
CVE ID: CVE-2021-20294
Target Binary: /binaries/target/binutils/binutils-2.36.1-o3-readelf
Vulnerable Function Name: print_dynamic_symbol
Overall Score is: 0.397
--------------------------------------------
CVE ID: CVE-2021-20294
Target Binary: /binaries/target/binutils/binutils-2.37-o3-readelf
Vulnerable Function Name: print_dynamic_symbol
Overall Score is: 0.409
--------------------------------------------
CVE ID: CVE-2021-45078
Target Binary: /binaries/target/binutils/binutils-2.37-o3-objdump
Vulnerable Function Name: stab_xcoff_builtin_type
Overall Score is: 0.361
--------------------------------------------
CVE ID: CVE-2021-45078
Target Binary: /binaries/target/binutils/binutils-2.36.1-o3-objdump
Vulnerable Function Name: stab_xcoff_builtin_type
Overall Score is: 0.361
--------------------------------------------
CVE ID: CVE-2021-45078
Target Binary: /binaries/target/binutils/binutils-2.35.2-o3-objdump
Vulnerable Function Name: stab_xcoff_builtin_type
Overall Score is: 0.361
--------------------------------------------
CVE ID: CVE-2021-45078
Target Binary: /binaries/target/binutils/binutils-2.38-o3-objdump
Vulnerable Function Name: stab_xcoff_builtin_type
Overall Score is: 0.361
--------------------------------------------
CVE ID: CVE-2021-45078
Target Binary: /binaries/target/binutils/binutils-2.39-o3-objdump
Vulnerable Function Name: stab_xcoff_builtin_type
Overall Score is: 0.361
--------------------------------------------
CVE ID: CVE-2023-25586
Target Binary: /binaries/target/binutils/binutils-2.41-o3-objdump
Vulnerable Function Name: bfd_init_section_decompress_status
Overall Score is: 0.226
--------------------------------------------
CVE ID: CVE-2023-25586
Target Binary: /binaries/target/binutils/binutils-2.42-o3-objdump
Vulnerable Function Name: bfd_init_section_decompress_status
Overall Score is: 0.226
--------------------------------------------
CVE ID: CVE-2023-25586
Target Binary: /binaries/target/binutils/binutils-2.43-o3-objdump
Vulnerable Function Name: bfd_init_section_decompress_status
Overall Score is: 0.226
--------------------------------------------
CVE ID: CVE-2022-48065
Target Binary: /binaries/target/binutils/binutils-2.39-o3-objdump
Vulnerable Function Name: find_abstract_instance
Overall Score is: 0.233
--------------------------------------------
CVE ID: CVE-2022-48065
Target Binary: /binaries/target/binutils/binutils-2.38-o3-objdump
Vulnerable Function Name: find_abstract_instance
Overall Score is: 0.233
--------------------------------------------
CVE ID: CVE-2022-48065
Target Binary: /binaries/target/binutils/binutils-2.37-o3-objdump
Vulnerable Function Name: find_abstract_instance
Overall Score is: 0.233
--------------------------------------------
CVE ID: CVE-2022-48065
Target Binary: /binaries/target/binutils/binutils-2.41-o3-objdump
Vulnerable Function Name: find_abstract_instance
Overall Score is: 0.233
--------------------------------------------
CVE ID: CVE-2022-48065
Target Binary: /binaries/target/binutils/binutils-2.42-o3-objdump
Vulnerable Function Name: find_abstract_instance
Overall Score is: 0.233
--------------------------------------------