2025-09-08 12:03:53,652 - INFO - detecting CVE-2017-8395 bfd_init_section_compress_status
2025-09-08 12:03:53,652 - INFO - cmd: python main.py --detect --cve_id CVE-2017-8395 --target_bin /binaries/target/binutils/binutils-2.28-o3-objdump --vul_func_name bfd_init_section_compress_status --project binutils
2025-09-08 12:04:00,420 - INFO - success CVE-2017-8395,details in cve_test/CVE-2017-8395.log

2025-09-08 12:04:00,421 - INFO - detecting CVE-2017-8395 bfd_init_section_compress_status
2025-09-08 12:04:00,421 - INFO - cmd: python main.py --detect --cve_id CVE-2017-8395 --target_bin /binaries/target/binutils/binutils-2.29-o3-objdump --vul_func_name bfd_init_section_compress_status --project binutils
2025-09-08 12:04:06,912 - INFO - success CVE-2017-8395,details in cve_test/CVE-2017-8395.log

2025-09-08 12:04:06,913 - INFO - detecting CVE-2017-8395 bfd_init_section_compress_status
2025-09-08 12:04:06,914 - INFO - cmd: python main.py --detect --cve_id CVE-2017-8395 --target_bin /binaries/target/binutils/binutils-2.29.1-o3-objdump --vul_func_name bfd_init_section_compress_status --project binutils
2025-09-08 12:04:13,462 - INFO - success CVE-2017-8395,details in cve_test/CVE-2017-8395.log

2025-09-08 12:04:13,463 - INFO - detecting CVE-2017-8395 bfd_init_section_compress_status
2025-09-08 12:04:13,463 - INFO - cmd: python main.py --detect --cve_id CVE-2017-8395 --target_bin /binaries/target/binutils/binutils-2.30-o3-objdump --vul_func_name bfd_init_section_compress_status --project binutils
2025-09-08 12:04:20,493 - INFO - success CVE-2017-8395,details in cve_test/CVE-2017-8395.log

2025-09-08 12:04:20,494 - INFO - detecting CVE-2017-8396 _bfd_final_link_relocate
2025-09-08 12:04:20,494 - INFO - cmd: python main.py --detect --cve_id CVE-2017-8396 --target_bin /binaries/target/binutils/binutils-2.28-o3-objdump --vul_func_name _bfd_final_link_relocate --project binutils
2025-09-08 12:04:28,250 - INFO - success CVE-2017-8396,details in cve_test/CVE-2017-8396.log

2025-09-08 12:04:28,252 - INFO - detecting CVE-2017-8396 _bfd_final_link_relocate
2025-09-08 12:04:28,253 - INFO - cmd: python main.py --detect --cve_id CVE-2017-8396 --target_bin /binaries/target/binutils/binutils-2.29-o3-objdump --vul_func_name _bfd_final_link_relocate --project binutils
2025-09-08 12:04:36,558 - INFO - success CVE-2017-8396,details in cve_test/CVE-2017-8396.log

2025-09-08 12:04:36,559 - INFO - detecting CVE-2017-8396 _bfd_final_link_relocate
2025-09-08 12:04:36,559 - INFO - cmd: python main.py --detect --cve_id CVE-2017-8396 --target_bin /binaries/target/binutils/binutils-2.29.1-o3-objdump --vul_func_name _bfd_final_link_relocate --project binutils
2025-09-08 12:04:45,394 - INFO - success CVE-2017-8396,details in cve_test/CVE-2017-8396.log

2025-09-08 12:04:45,395 - INFO - detecting CVE-2017-8396 _bfd_final_link_relocate
2025-09-08 12:04:45,395 - INFO - cmd: python main.py --detect --cve_id CVE-2017-8396 --target_bin /binaries/target/binutils/binutils-2.30-o3-objdump --vul_func_name _bfd_final_link_relocate --project binutils
2025-09-08 12:04:54,312 - INFO - success CVE-2017-8396,details in cve_test/CVE-2017-8396.log

2025-09-08 12:04:54,313 - INFO - detecting CVE-2017-8396 bfd_install_relocation
2025-09-08 12:04:54,313 - INFO - cmd: python main.py --detect --cve_id CVE-2017-8396 --target_bin /binaries/target/binutils/binutils-2.28-o3-objdump --vul_func_name bfd_install_relocation --project binutils
2025-09-08 12:05:03,602 - INFO - success CVE-2017-8396,details in cve_test/CVE-2017-8396.log

2025-09-08 12:05:03,602 - INFO - detecting CVE-2017-8396 bfd_install_relocation
2025-09-08 12:05:03,603 - INFO - cmd: python main.py --detect --cve_id CVE-2017-8396 --target_bin /binaries/target/binutils/binutils-2.29-o3-objdump --vul_func_name bfd_install_relocation --project binutils
2025-09-08 12:05:14,207 - INFO - success CVE-2017-8396,details in cve_test/CVE-2017-8396.log

2025-09-08 12:05:14,208 - INFO - detecting CVE-2017-8396 bfd_install_relocation
2025-09-08 12:05:14,208 - INFO - cmd: python main.py --detect --cve_id CVE-2017-8396 --target_bin /binaries/target/binutils/binutils-2.29.1-o3-objdump --vul_func_name bfd_install_relocation --project binutils
2025-09-08 12:05:24,481 - INFO - success CVE-2017-8396,details in cve_test/CVE-2017-8396.log

2025-09-08 12:05:24,482 - INFO - detecting CVE-2017-8396 bfd_install_relocation
2025-09-08 12:05:24,483 - INFO - cmd: python main.py --detect --cve_id CVE-2017-8396 --target_bin /binaries/target/binutils/binutils-2.30-o3-objdump --vul_func_name bfd_install_relocation --project binutils
2025-09-08 12:05:33,593 - INFO - success CVE-2017-8396,details in cve_test/CVE-2017-8396.log

2025-09-08 12:05:33,594 - INFO - detecting CVE-2017-9954 pass_over
2025-09-08 12:05:33,594 - INFO - cmd: python main.py --detect --cve_id CVE-2017-9954 --target_bin /binaries/target/binutils/binutils-2.28-o3-objdump --vul_func_name pass_over --project binutils
2025-09-08 12:05:37,328 - ERROR - fail CVE-2017-9954 ,details1

2025-09-08 12:05:37,329 - INFO - detecting CVE-2017-9954 pass_over
2025-09-08 12:05:37,329 - INFO - cmd: python main.py --detect --cve_id CVE-2017-9954 --target_bin /binaries/target/binutils/binutils-2.29-o3-objdump --vul_func_name pass_over --project binutils
2025-09-08 12:05:42,465 - ERROR - fail CVE-2017-9954 ,details1

2025-09-08 12:05:42,467 - INFO - detecting CVE-2017-9954 pass_over
2025-09-08 12:05:42,468 - INFO - cmd: python main.py --detect --cve_id CVE-2017-9954 --target_bin /binaries/target/binutils/binutils-2.29.1-o3-objdump --vul_func_name pass_over --project binutils
2025-09-08 12:05:46,729 - ERROR - fail CVE-2017-9954 ,details1

2025-09-08 12:05:46,730 - INFO - detecting CVE-2017-9954 pass_over
2025-09-08 12:05:46,731 - INFO - cmd: python main.py --detect --cve_id CVE-2017-9954 --target_bin /binaries/target/binutils/binutils-2.30-o3-objdump --vul_func_name pass_over --project binutils
2025-09-08 12:05:50,933 - ERROR - fail CVE-2017-9954 ,details1

2025-09-08 12:05:50,934 - INFO - detecting CVE-2017-9954 getvalue
2025-09-08 12:05:50,935 - INFO - cmd: python main.py --detect --cve_id CVE-2017-9954 --target_bin /binaries/target/binutils/binutils-2.28-o3-objdump --vul_func_name getvalue --project binutils
2025-09-08 12:05:55,409 - ERROR - fail CVE-2017-9954 ,details1

2025-09-08 12:05:55,410 - INFO - detecting CVE-2017-9954 getvalue
2025-09-08 12:05:55,410 - INFO - cmd: python main.py --detect --cve_id CVE-2017-9954 --target_bin /binaries/target/binutils/binutils-2.29-o3-objdump --vul_func_name getvalue --project binutils
2025-09-08 12:05:59,907 - ERROR - fail CVE-2017-9954 ,details1

2025-09-08 12:05:59,908 - INFO - detecting CVE-2017-9954 getvalue
2025-09-08 12:05:59,908 - INFO - cmd: python main.py --detect --cve_id CVE-2017-9954 --target_bin /binaries/target/binutils/binutils-2.29.1-o3-objdump --vul_func_name getvalue --project binutils
2025-09-08 12:06:04,617 - ERROR - fail CVE-2017-9954 ,details1

2025-09-08 12:06:04,618 - INFO - detecting CVE-2017-9954 getvalue
2025-09-08 12:06:04,619 - INFO - cmd: python main.py --detect --cve_id CVE-2017-9954 --target_bin /binaries/target/binutils/binutils-2.30-o3-objdump --vul_func_name getvalue --project binutils
2025-09-08 12:06:09,038 - ERROR - fail CVE-2017-9954 ,details1

2025-09-08 12:06:09,039 - INFO - detecting CVE-2017-13710 setup_group
2025-09-08 12:06:09,040 - INFO - cmd: python main.py --detect --cve_id CVE-2017-13710 --target_bin /binaries/target/binutils/binutils-2.29-o3-objdump --vul_func_name setup_group --project binutils
2025-09-08 12:06:13,600 - ERROR - fail CVE-2017-13710 ,details1

2025-09-08 12:06:13,600 - INFO - detecting CVE-2017-13710 setup_group
2025-09-08 12:06:13,601 - INFO - cmd: python main.py --detect --cve_id CVE-2017-13710 --target_bin /binaries/target/binutils/binutils-2.29.1-o3-objdump --vul_func_name setup_group --project binutils
2025-09-08 12:06:18,284 - ERROR - fail CVE-2017-13710 ,details1

2025-09-08 12:06:18,285 - INFO - detecting CVE-2017-13710 setup_group
2025-09-08 12:06:18,285 - INFO - cmd: python main.py --detect --cve_id CVE-2017-13710 --target_bin /binaries/target/binutils/binutils-2.30-o3-objdump --vul_func_name setup_group --project binutils
2025-09-08 12:06:22,555 - ERROR - fail CVE-2017-13710 ,details1

2025-09-08 12:06:22,556 - INFO - detecting CVE-2017-13710 setup_group
2025-09-08 12:06:22,556 - INFO - cmd: python main.py --detect --cve_id CVE-2017-13710 --target_bin /binaries/target/binutils/binutils-2.31-o3-objdump --vul_func_name setup_group --project binutils
2025-09-08 12:06:27,080 - ERROR - fail CVE-2017-13710 ,details1

2025-09-08 12:06:27,081 - INFO - detecting CVE-2017-14129 read_section
2025-09-08 12:06:27,082 - INFO - cmd: python main.py --detect --cve_id CVE-2017-14129 --target_bin /binaries/target/binutils/binutils-2.29-o3-objdump --vul_func_name read_section --project binutils
2025-09-08 12:06:37,613 - INFO - success CVE-2017-14129,details in cve_test/CVE-2017-14129.log

2025-09-08 12:06:37,614 - INFO - detecting CVE-2017-14129 read_section
2025-09-08 12:06:37,614 - INFO - cmd: python main.py --detect --cve_id CVE-2017-14129 --target_bin /binaries/target/binutils/binutils-2.29.1-o3-objdump --vul_func_name read_section --project binutils
2025-09-08 12:06:48,383 - INFO - success CVE-2017-14129,details in cve_test/CVE-2017-14129.log

2025-09-08 12:06:48,384 - INFO - detecting CVE-2017-14129 read_section
2025-09-08 12:06:48,385 - INFO - cmd: python main.py --detect --cve_id CVE-2017-14129 --target_bin /binaries/target/binutils/binutils-2.30-o3-objdump --vul_func_name read_section --project binutils
2025-09-08 12:06:57,604 - INFO - success CVE-2017-14129,details in cve_test/CVE-2017-14129.log

2025-09-08 12:06:57,605 - INFO - detecting CVE-2017-14129 read_section
2025-09-08 12:06:57,606 - INFO - cmd: python main.py --detect --cve_id CVE-2017-14129 --target_bin /binaries/target/binutils/binutils-2.31-o3-objdump --vul_func_name read_section --project binutils
2025-09-08 12:07:06,975 - INFO - success CVE-2017-14129,details in cve_test/CVE-2017-14129.log

2025-09-08 12:07:06,976 - INFO - detecting CVE-2017-12448 bfd_generic_archive_p
2025-09-08 12:07:06,976 - INFO - cmd: python main.py --detect --cve_id CVE-2017-12448 --target_bin /binaries/target/binutils/binutils-2.29-o3-objdump --vul_func_name bfd_generic_archive_p --project binutils
2025-09-08 12:07:14,463 - INFO - success CVE-2017-12448,details in cve_test/CVE-2017-12448.log

2025-09-08 12:07:14,464 - INFO - detecting CVE-2017-12448 bfd_generic_archive_p
2025-09-08 12:07:14,464 - INFO - cmd: python main.py --detect --cve_id CVE-2017-12448 --target_bin /binaries/target/binutils/binutils-2.28-o3-objdump --vul_func_name bfd_generic_archive_p --project binutils
2025-09-08 12:07:21,676 - INFO - success CVE-2017-12448,details in cve_test/CVE-2017-12448.log

2025-09-08 12:07:21,677 - INFO - detecting CVE-2017-12448 bfd_generic_archive_p
2025-09-08 12:07:21,677 - INFO - cmd: python main.py --detect --cve_id CVE-2017-12448 --target_bin /binaries/target/binutils/binutils-2.27-o3-objdump --vul_func_name bfd_generic_archive_p --project binutils
2025-09-08 12:07:29,006 - INFO - success CVE-2017-12448,details in cve_test/CVE-2017-12448.log

2025-09-08 12:07:29,007 - INFO - detecting CVE-2017-12448 bfd_generic_archive_p
2025-09-08 12:07:29,008 - INFO - cmd: python main.py --detect --cve_id CVE-2017-12448 --target_bin /binaries/target/binutils/binutils-2.29.1-o3-objdump --vul_func_name bfd_generic_archive_p --project binutils
2025-09-08 12:07:36,637 - INFO - success CVE-2017-12448,details in cve_test/CVE-2017-12448.log

2025-09-08 12:07:36,638 - INFO - detecting CVE-2017-12448 bfd_generic_archive_p
2025-09-08 12:07:36,638 - INFO - cmd: python main.py --detect --cve_id CVE-2017-12448 --target_bin /binaries/target/binutils/binutils-2.30-o3-objdump --vul_func_name bfd_generic_archive_p --project binutils
2025-09-08 12:07:44,979 - INFO - success CVE-2017-12448,details in cve_test/CVE-2017-12448.log

2025-09-08 12:07:44,980 - INFO - detecting CVE-2017-12448 bfd_generic_archive_p
2025-09-08 12:07:44,980 - INFO - cmd: python main.py --detect --cve_id CVE-2017-12448 --target_bin /binaries/target/binutils/binutils-2.31-o3-objdump --vul_func_name bfd_generic_archive_p --project binutils
2025-09-08 12:07:52,538 - INFO - success CVE-2017-12448,details in cve_test/CVE-2017-12448.log

2025-09-08 12:07:52,539 - INFO - detecting CVE-2017-15024 scan_unit_for_symbols
2025-09-08 12:07:52,539 - INFO - cmd: python main.py --detect --cve_id CVE-2017-15024 --target_bin /binaries/target/binutils/binutils-2.29-o3-objdump --vul_func_name scan_unit_for_symbols --project binutils
2025-09-08 12:08:00,041 - INFO - success CVE-2017-15024,details in cve_test/CVE-2017-15024.log

2025-09-08 12:08:00,042 - INFO - detecting CVE-2017-15024 scan_unit_for_symbols
2025-09-08 12:08:00,042 - INFO - cmd: python main.py --detect --cve_id CVE-2017-15024 --target_bin /binaries/target/binutils/binutils-2.29.1-o3-objdump --vul_func_name scan_unit_for_symbols --project binutils
2025-09-08 12:08:06,994 - INFO - success CVE-2017-15024,details in cve_test/CVE-2017-15024.log

2025-09-08 12:08:06,995 - INFO - detecting CVE-2017-15024 scan_unit_for_symbols
2025-09-08 12:08:06,995 - INFO - cmd: python main.py --detect --cve_id CVE-2017-15024 --target_bin /binaries/target/binutils/binutils-2.30-o3-objdump --vul_func_name scan_unit_for_symbols --project binutils
2025-09-08 12:08:13,497 - INFO - success CVE-2017-15024,details in cve_test/CVE-2017-15024.log

2025-09-08 12:08:13,498 - INFO - detecting CVE-2017-15024 scan_unit_for_symbols
2025-09-08 12:08:13,498 - INFO - cmd: python main.py --detect --cve_id CVE-2017-15024 --target_bin /binaries/target/binutils/binutils-2.31-o3-objdump --vul_func_name scan_unit_for_symbols --project binutils
2025-09-08 12:08:20,155 - INFO - success CVE-2017-15024,details in cve_test/CVE-2017-15024.log

2025-09-08 12:08:20,156 - INFO - detecting CVE-2017-15024 find_abstract_instance_name
2025-09-08 12:08:20,157 - INFO - cmd: python main.py --detect --cve_id CVE-2017-15024 --target_bin /binaries/target/binutils/binutils-2.29-o3-objdump --vul_func_name find_abstract_instance_name --project binutils
2025-09-08 12:08:24,472 - ERROR - fail CVE-2017-15024 ,details1

2025-09-08 12:08:24,473 - INFO - detecting CVE-2017-15024 find_abstract_instance_name
2025-09-08 12:08:24,474 - INFO - cmd: python main.py --detect --cve_id CVE-2017-15024 --target_bin /binaries/target/binutils/binutils-2.29.1-o3-objdump --vul_func_name find_abstract_instance_name --project binutils
2025-09-08 12:08:28,800 - ERROR - fail CVE-2017-15024 ,details1

2025-09-08 12:08:28,812 - INFO - detecting CVE-2017-15024 find_abstract_instance_name
2025-09-08 12:08:28,812 - INFO - cmd: python main.py --detect --cve_id CVE-2017-15024 --target_bin /binaries/target/binutils/binutils-2.30-o3-objdump --vul_func_name find_abstract_instance_name --project binutils
2025-09-08 12:08:33,422 - ERROR - fail CVE-2017-15024 ,details1

2025-09-08 12:08:33,423 - INFO - detecting CVE-2017-15024 find_abstract_instance_name
2025-09-08 12:08:33,424 - INFO - cmd: python main.py --detect --cve_id CVE-2017-15024 --target_bin /binaries/target/binutils/binutils-2.31-o3-objdump --vul_func_name find_abstract_instance_name --project binutils
2025-09-08 12:08:38,431 - ERROR - fail CVE-2017-15024 ,details1

2025-09-08 12:08:38,432 - INFO - detecting CVE-2017-15020 parse_line_table
2025-09-08 12:08:38,432 - INFO - cmd: python main.py --detect --cve_id CVE-2017-15020 --target_bin /binaries/target/binutils/binutils-2.29-o3-objdump --vul_func_name parse_line_table --project binutils
2025-09-08 12:08:42,858 - ERROR - fail CVE-2017-15020 ,details1

2025-09-08 12:08:42,859 - INFO - detecting CVE-2017-15020 parse_line_table
2025-09-08 12:08:42,859 - INFO - cmd: python main.py --detect --cve_id CVE-2017-15020 --target_bin /binaries/target/binutils/binutils-2.30-o3-objdump --vul_func_name parse_line_table --project binutils
2025-09-08 12:08:46,908 - ERROR - fail CVE-2017-15020 ,details1

2025-09-08 12:08:46,909 - INFO - detecting CVE-2017-15020 parse_line_table
2025-09-08 12:08:46,910 - INFO - cmd: python main.py --detect --cve_id CVE-2017-15020 --target_bin /binaries/target/binutils/binutils-2.31-o3-objdump --vul_func_name parse_line_table --project binutils
2025-09-08 12:08:51,082 - ERROR - fail CVE-2017-15020 ,details1

2025-09-08 12:08:51,082 - INFO - detecting CVE-2017-15020 parse_line_table
2025-09-08 12:08:51,083 - INFO - cmd: python main.py --detect --cve_id CVE-2017-15020 --target_bin /binaries/target/binutils/binutils-2.31.1-o3-objdump --vul_func_name parse_line_table --project binutils
2025-09-08 12:08:55,172 - ERROR - fail CVE-2017-15020 ,details1

2025-09-08 12:08:55,173 - INFO - detecting CVE-2017-15020 parse_die
2025-09-08 12:08:55,173 - INFO - cmd: python main.py --detect --cve_id CVE-2017-15020 --target_bin /binaries/target/binutils/binutils-2.29-o3-objdump --vul_func_name parse_die --project binutils
2025-09-08 12:09:02,492 - INFO - success CVE-2017-15020,details in cve_test/CVE-2017-15020.log

2025-09-08 12:09:02,493 - INFO - detecting CVE-2017-15020 parse_die
2025-09-08 12:09:02,494 - INFO - cmd: python main.py --detect --cve_id CVE-2017-15020 --target_bin /binaries/target/binutils/binutils-2.30-o3-objdump --vul_func_name parse_die --project binutils
2025-09-08 12:09:08,867 - INFO - success CVE-2017-15020,details in cve_test/CVE-2017-15020.log

2025-09-08 12:09:08,868 - INFO - detecting CVE-2017-15020 parse_die
2025-09-08 12:09:08,868 - INFO - cmd: python main.py --detect --cve_id CVE-2017-15020 --target_bin /binaries/target/binutils/binutils-2.31-o3-objdump --vul_func_name parse_die --project binutils
2025-09-08 12:09:15,649 - INFO - success CVE-2017-15020,details in cve_test/CVE-2017-15020.log

2025-09-08 12:09:15,650 - INFO - detecting CVE-2017-15020 parse_die
2025-09-08 12:09:15,652 - INFO - cmd: python main.py --detect --cve_id CVE-2017-15020 --target_bin /binaries/target/binutils/binutils-2.31.1-o3-objdump --vul_func_name parse_die --project binutils
2025-09-08 12:09:22,182 - INFO - success CVE-2017-15020,details in cve_test/CVE-2017-15020.log

2025-09-08 12:09:22,183 - INFO - detecting CVE-2017-15023 read_formatted_entries
2025-09-08 12:09:22,184 - INFO - cmd: python main.py --detect --cve_id CVE-2017-15023 --target_bin /binaries/target/binutils/binutils-2.29-o3-objdump --vul_func_name read_formatted_entries --project binutils
2025-09-08 12:09:26,819 - ERROR - fail CVE-2017-15023 ,details1

2025-09-08 12:09:26,820 - INFO - detecting CVE-2017-15023 read_formatted_entries
2025-09-08 12:09:26,820 - INFO - cmd: python main.py --detect --cve_id CVE-2017-15023 --target_bin /binaries/target/binutils/binutils-2.30-o3-objdump --vul_func_name read_formatted_entries --project binutils
2025-09-08 12:09:31,124 - ERROR - fail CVE-2017-15023 ,details1

2025-09-08 12:09:31,125 - INFO - detecting CVE-2017-15023 read_formatted_entries
2025-09-08 12:09:31,126 - INFO - cmd: python main.py --detect --cve_id CVE-2017-15023 --target_bin /binaries/target/binutils/binutils-2.31-o3-objdump --vul_func_name read_formatted_entries --project binutils
2025-09-08 12:09:35,313 - ERROR - fail CVE-2017-15023 ,details1

2025-09-08 12:09:35,314 - INFO - detecting CVE-2017-15023 read_formatted_entries
2025-09-08 12:09:35,315 - INFO - cmd: python main.py --detect --cve_id CVE-2017-15023 --target_bin /binaries/target/binutils/binutils-2.31.1-o3-objdump --vul_func_name read_formatted_entries --project binutils
2025-09-08 12:09:39,927 - ERROR - fail CVE-2017-15023 ,details1

2025-09-08 12:09:39,928 - INFO - detecting CVE-2017-14933 read_formatted_entries
2025-09-08 12:09:39,929 - INFO - cmd: python main.py --detect --cve_id CVE-2017-14933 --target_bin /binaries/target/binutils/binutils-2.29-o3-objdump --vul_func_name read_formatted_entries --project binutils
2025-09-08 12:09:44,661 - ERROR - fail CVE-2017-14933 ,details1

2025-09-08 12:09:44,662 - INFO - detecting CVE-2017-14933 read_formatted_entries
2025-09-08 12:09:44,663 - INFO - cmd: python main.py --detect --cve_id CVE-2017-14933 --target_bin /binaries/target/binutils/binutils-2.30-o3-objdump --vul_func_name read_formatted_entries --project binutils
2025-09-08 12:09:49,341 - ERROR - fail CVE-2017-14933 ,details1

2025-09-08 12:09:49,342 - INFO - detecting CVE-2017-14933 read_formatted_entries
2025-09-08 12:09:49,343 - INFO - cmd: python main.py --detect --cve_id CVE-2017-14933 --target_bin /binaries/target/binutils/binutils-2.31-o3-objdump --vul_func_name read_formatted_entries --project binutils
2025-09-08 12:09:53,626 - ERROR - fail CVE-2017-14933 ,details1

2025-09-08 12:09:53,627 - INFO - detecting CVE-2017-14933 read_formatted_entries
2025-09-08 12:09:53,627 - INFO - cmd: python main.py --detect --cve_id CVE-2017-14933 --target_bin /binaries/target/binutils/binutils-2.31.1-o3-objdump --vul_func_name read_formatted_entries --project binutils
2025-09-08 12:09:58,223 - ERROR - fail CVE-2017-14933 ,details1

2025-09-08 12:09:58,224 - INFO - detecting CVE-2017-15938 find_abstract_instance_name
2025-09-08 12:09:58,225 - INFO - cmd: python main.py --detect --cve_id CVE-2017-15938 --target_bin /binaries/target/binutils/binutils-2.29-o3-objdump --vul_func_name find_abstract_instance_name --project binutils
2025-09-08 12:10:02,605 - ERROR - fail CVE-2017-15938 ,details1

2025-09-08 12:10:02,606 - INFO - detecting CVE-2017-15938 find_abstract_instance_name
2025-09-08 12:10:02,606 - INFO - cmd: python main.py --detect --cve_id CVE-2017-15938 --target_bin /binaries/target/binutils/binutils-2.30-o3-objdump --vul_func_name find_abstract_instance_name --project binutils
2025-09-08 12:10:07,250 - ERROR - fail CVE-2017-15938 ,details1

2025-09-08 12:10:07,251 - INFO - detecting CVE-2017-15938 find_abstract_instance_name
2025-09-08 12:10:07,251 - INFO - cmd: python main.py --detect --cve_id CVE-2017-15938 --target_bin /binaries/target/binutils/binutils-2.31-o3-objdump --vul_func_name find_abstract_instance_name --project binutils
2025-09-08 12:10:11,624 - ERROR - fail CVE-2017-15938 ,details1

2025-09-08 12:10:11,625 - INFO - detecting CVE-2017-15938 find_abstract_instance_name
2025-09-08 12:10:11,625 - INFO - cmd: python main.py --detect --cve_id CVE-2017-15938 --target_bin /binaries/target/binutils/binutils-2.31.1-o3-objdump --vul_func_name find_abstract_instance_name --project binutils
2025-09-08 12:10:15,745 - ERROR - fail CVE-2017-15938 ,details1

2025-09-08 12:10:15,746 - INFO - detecting CVE-2017-15939 decode_line_info
2025-09-08 12:10:15,747 - INFO - cmd: python main.py --detect --cve_id CVE-2017-15939 --target_bin /binaries/target/binutils/binutils-2.29-o3-objdump --vul_func_name decode_line_info --project binutils
2025-09-08 12:10:23,740 - INFO - success CVE-2017-15939,details in cve_test/CVE-2017-15939.log

2025-09-08 12:10:23,741 - INFO - detecting CVE-2017-15939 decode_line_info
2025-09-08 12:10:23,742 - INFO - cmd: python main.py --detect --cve_id CVE-2017-15939 --target_bin /binaries/target/binutils/binutils-2.30-o3-objdump --vul_func_name decode_line_info --project binutils
2025-09-08 12:10:31,630 - INFO - success CVE-2017-15939,details in cve_test/CVE-2017-15939.log

2025-09-08 12:10:31,631 - INFO - detecting CVE-2017-15939 decode_line_info
2025-09-08 12:10:31,632 - INFO - cmd: python main.py --detect --cve_id CVE-2017-15939 --target_bin /binaries/target/binutils/binutils-2.31-o3-objdump --vul_func_name decode_line_info --project binutils
2025-09-08 12:10:40,140 - INFO - success CVE-2017-15939,details in cve_test/CVE-2017-15939.log

2025-09-08 12:10:40,141 - INFO - detecting CVE-2017-15939 decode_line_info
2025-09-08 12:10:40,142 - INFO - cmd: python main.py --detect --cve_id CVE-2017-15939 --target_bin /binaries/target/binutils/binutils-2.31.1-o3-objdump --vul_func_name decode_line_info --project binutils
2025-09-08 12:10:47,990 - INFO - success CVE-2017-15939,details in cve_test/CVE-2017-15939.log

2025-09-08 12:10:47,991 - INFO - detecting CVE-2017-15996 process_archive_index_and_symbols
2025-09-08 12:10:47,991 - INFO - cmd: python main.py --detect --cve_id CVE-2017-15996 --target_bin /binaries/target/binutils/binutils-2.29-o3-objdump --vul_func_name process_archive_index_and_symbols --project binutils
2025-09-08 12:10:56,111 - INFO - success CVE-2017-15996,details in cve_test/CVE-2017-15996.log

2025-09-08 12:10:56,112 - INFO - detecting CVE-2017-15996 process_archive_index_and_symbols
2025-09-08 12:10:56,113 - INFO - cmd: python main.py --detect --cve_id CVE-2017-15996 --target_bin /binaries/target/binutils/binutils-2.30-o3-objdump --vul_func_name process_archive_index_and_symbols --project binutils
2025-09-08 12:11:03,216 - INFO - success CVE-2017-15996,details in cve_test/CVE-2017-15996.log

2025-09-08 12:11:03,217 - INFO - detecting CVE-2017-15996 process_archive_index_and_symbols
2025-09-08 12:11:03,218 - INFO - cmd: python main.py --detect --cve_id CVE-2017-15996 --target_bin /binaries/target/binutils/binutils-2.31-o3-objdump --vul_func_name process_archive_index_and_symbols --project binutils
2025-09-08 12:11:10,933 - INFO - success CVE-2017-15996,details in cve_test/CVE-2017-15996.log

2025-09-08 12:11:10,934 - INFO - detecting CVE-2017-15996 process_archive_index_and_symbols
2025-09-08 12:11:10,934 - INFO - cmd: python main.py --detect --cve_id CVE-2017-15996 --target_bin /binaries/target/binutils/binutils-2.31.1-o3-objdump --vul_func_name process_archive_index_and_symbols --project binutils
2025-09-08 12:11:19,286 - INFO - success CVE-2017-15996,details in cve_test/CVE-2017-15996.log

2025-09-08 12:11:19,287 - INFO - detecting CVE-2017-16831 coff_get_normalized_symtab
2025-09-08 12:11:19,287 - INFO - cmd: python main.py --detect --cve_id CVE-2017-16831 --target_bin /binaries/target/binutils/binutils-2.29.1-o3-objdump --vul_func_name coff_get_normalized_symtab --project binutils
2025-09-08 12:11:28,519 - INFO - success CVE-2017-16831,details in cve_test/CVE-2017-16831.log

2025-09-08 12:11:28,520 - INFO - detecting CVE-2017-16831 coff_get_normalized_symtab
2025-09-08 12:11:28,521 - INFO - cmd: python main.py --detect --cve_id CVE-2017-16831 --target_bin /binaries/target/binutils/binutils-2.30-o3-objdump --vul_func_name coff_get_normalized_symtab --project binutils
2025-09-08 12:11:36,526 - INFO - success CVE-2017-16831,details in cve_test/CVE-2017-16831.log

2025-09-08 12:11:36,527 - INFO - detecting CVE-2017-16831 coff_get_normalized_symtab
2025-09-08 12:11:36,527 - INFO - cmd: python main.py --detect --cve_id CVE-2017-16831 --target_bin /binaries/target/binutils/binutils-2.31-o3-objdump --vul_func_name coff_get_normalized_symtab --project binutils
2025-09-08 12:11:44,626 - INFO - success CVE-2017-16831,details in cve_test/CVE-2017-16831.log

2025-09-08 12:11:44,627 - INFO - detecting CVE-2017-16831 coff_get_normalized_symtab
2025-09-08 12:11:44,628 - INFO - cmd: python main.py --detect --cve_id CVE-2017-16831 --target_bin /binaries/target/binutils/binutils-2.31.1-o3-objdump --vul_func_name coff_get_normalized_symtab --project binutils
2025-09-08 12:11:53,498 - INFO - success CVE-2017-16831,details in cve_test/CVE-2017-16831.log

2025-09-08 12:11:53,499 - INFO - detecting CVE-2017-16831 _bfd_coff_get_external_symbols
2025-09-08 12:11:53,500 - INFO - cmd: python main.py --detect --cve_id CVE-2017-16831 --target_bin /binaries/target/binutils/binutils-2.29.1-o3-objdump --vul_func_name _bfd_coff_get_external_symbols --project binutils
2025-09-08 12:11:59,765 - INFO - success CVE-2017-16831,details in cve_test/CVE-2017-16831.log

2025-09-08 12:11:59,766 - INFO - detecting CVE-2017-16831 _bfd_coff_get_external_symbols
2025-09-08 12:11:59,766 - INFO - cmd: python main.py --detect --cve_id CVE-2017-16831 --target_bin /binaries/target/binutils/binutils-2.30-o3-objdump --vul_func_name _bfd_coff_get_external_symbols --project binutils
2025-09-08 12:12:06,436 - INFO - success CVE-2017-16831,details in cve_test/CVE-2017-16831.log

2025-09-08 12:12:06,437 - INFO - detecting CVE-2017-16831 _bfd_coff_get_external_symbols
2025-09-08 12:12:06,437 - INFO - cmd: python main.py --detect --cve_id CVE-2017-16831 --target_bin /binaries/target/binutils/binutils-2.31-o3-objdump --vul_func_name _bfd_coff_get_external_symbols --project binutils
2025-09-08 12:12:12,629 - INFO - success CVE-2017-16831,details in cve_test/CVE-2017-16831.log

2025-09-08 12:12:12,630 - INFO - detecting CVE-2017-16831 _bfd_coff_get_external_symbols
2025-09-08 12:12:12,630 - INFO - cmd: python main.py --detect --cve_id CVE-2017-16831 --target_bin /binaries/target/binutils/binutils-2.31.1-o3-objdump --vul_func_name _bfd_coff_get_external_symbols --project binutils
2025-09-08 12:12:19,164 - INFO - success CVE-2017-16831,details in cve_test/CVE-2017-16831.log

2025-09-08 12:12:19,165 - INFO - detecting CVE-2017-17080 elfcore_grok_nto_status
2025-09-08 12:12:19,166 - INFO - cmd: python main.py --detect --cve_id CVE-2017-17080 --target_bin /binaries/target/binutils/binutils-2.29.1-o3-objdump --vul_func_name elfcore_grok_nto_status --project binutils
2025-09-08 12:12:23,847 - ERROR - fail CVE-2017-17080 ,details1

2025-09-08 12:12:23,848 - INFO - detecting CVE-2017-17080 elfcore_grok_nto_status
2025-09-08 12:12:23,849 - INFO - cmd: python main.py --detect --cve_id CVE-2017-17080 --target_bin /binaries/target/binutils/binutils-2.30-o3-objdump --vul_func_name elfcore_grok_nto_status --project binutils
2025-09-08 12:12:28,209 - ERROR - fail CVE-2017-17080 ,details1

2025-09-08 12:12:28,210 - INFO - detecting CVE-2017-17080 elfcore_grok_nto_status
2025-09-08 12:12:28,211 - INFO - cmd: python main.py --detect --cve_id CVE-2017-17080 --target_bin /binaries/target/binutils/binutils-2.31-o3-objdump --vul_func_name elfcore_grok_nto_status --project binutils
2025-09-08 12:12:32,851 - ERROR - fail CVE-2017-17080 ,details1

2025-09-08 12:12:32,852 - INFO - detecting CVE-2017-17080 elfcore_grok_nto_status
2025-09-08 12:12:32,853 - INFO - cmd: python main.py --detect --cve_id CVE-2017-17080 --target_bin /binaries/target/binutils/binutils-2.31.1-o3-objdump --vul_func_name elfcore_grok_nto_status --project binutils
2025-09-08 12:12:36,891 - ERROR - fail CVE-2017-17080 ,details1

2025-09-08 12:12:36,892 - INFO - detecting CVE-2018-7208 coff_pointerize_aux
2025-09-08 12:12:36,892 - INFO - cmd: python main.py --detect --cve_id CVE-2018-7208 --target_bin /binaries/target/binutils/binutils-2.30-o3-objdump --vul_func_name coff_pointerize_aux --project binutils
2025-09-08 12:12:40,922 - ERROR - fail CVE-2018-7208 ,details1

2025-09-08 12:12:40,923 - INFO - detecting CVE-2018-7208 coff_pointerize_aux
2025-09-08 12:12:40,923 - INFO - cmd: python main.py --detect --cve_id CVE-2018-7208 --target_bin /binaries/target/binutils/binutils-2.31-o3-objdump --vul_func_name coff_pointerize_aux --project binutils
2025-09-08 12:12:44,930 - ERROR - fail CVE-2018-7208 ,details1

2025-09-08 12:12:44,931 - INFO - detecting CVE-2018-7208 coff_pointerize_aux
2025-09-08 12:12:44,932 - INFO - cmd: python main.py --detect --cve_id CVE-2018-7208 --target_bin /binaries/target/binutils/binutils-2.31.1-o3-objdump --vul_func_name coff_pointerize_aux --project binutils
2025-09-08 12:12:48,958 - ERROR - fail CVE-2018-7208 ,details1

2025-09-08 12:12:48,958 - INFO - detecting CVE-2018-7208 coff_pointerize_aux
2025-09-08 12:12:48,959 - INFO - cmd: python main.py --detect --cve_id CVE-2018-7208 --target_bin /binaries/target/binutils/binutils-2.32-o3-objdump --vul_func_name coff_pointerize_aux --project binutils
2025-09-08 12:12:53,547 - ERROR - fail CVE-2018-7208 ,details1

2025-09-08 12:12:53,548 - INFO - detecting CVE-2018-6543 load_specific_debug_section
2025-09-08 12:12:53,548 - INFO - cmd: python main.py --detect --cve_id CVE-2018-6543 --target_bin /binaries/target/binutils/binutils-2.30-o3-objdump --vul_func_name load_specific_debug_section --project binutils
2025-09-08 12:12:57,616 - ERROR - fail CVE-2018-6543 ,details1

2025-09-08 12:12:57,617 - INFO - detecting CVE-2018-6543 load_specific_debug_section
2025-09-08 12:12:57,617 - INFO - cmd: python main.py --detect --cve_id CVE-2018-6543 --target_bin /binaries/target/binutils/binutils-2.31-o3-objdump --vul_func_name load_specific_debug_section --project binutils
2025-09-08 12:13:01,702 - ERROR - fail CVE-2018-6543 ,details1

2025-09-08 12:13:01,703 - INFO - detecting CVE-2018-6543 load_specific_debug_section
2025-09-08 12:13:01,703 - INFO - cmd: python main.py --detect --cve_id CVE-2018-6543 --target_bin /binaries/target/binutils/binutils-2.31.1-o3-objdump --vul_func_name load_specific_debug_section --project binutils
2025-09-08 12:13:05,679 - ERROR - fail CVE-2018-6543 ,details1

2025-09-08 12:13:05,680 - INFO - detecting CVE-2018-6543 load_specific_debug_section
2025-09-08 12:13:05,680 - INFO - cmd: python main.py --detect --cve_id CVE-2018-6543 --target_bin /binaries/target/binutils/binutils-2.32-o3-objdump --vul_func_name load_specific_debug_section --project binutils
2025-09-08 12:13:09,616 - ERROR - fail CVE-2018-6543 ,details1

2025-09-08 12:13:09,617 - INFO - detecting CVE-2018-6759 bfd_get_debug_link_info_1
2025-09-08 12:13:09,617 - INFO - cmd: python main.py --detect --cve_id CVE-2018-6759 --target_bin /binaries/target/binutils/binutils-2.30-o3-objdump --vul_func_name bfd_get_debug_link_info_1 --project binutils
2025-09-08 12:13:13,579 - ERROR - fail CVE-2018-6759 ,details1

2025-09-08 12:13:13,580 - INFO - detecting CVE-2018-6759 bfd_get_debug_link_info_1
2025-09-08 12:13:13,581 - INFO - cmd: python main.py --detect --cve_id CVE-2018-6759 --target_bin /binaries/target/binutils/binutils-2.31-o3-objdump --vul_func_name bfd_get_debug_link_info_1 --project binutils
2025-09-08 12:13:17,545 - ERROR - fail CVE-2018-6759 ,details1

2025-09-08 12:13:17,546 - INFO - detecting CVE-2018-6759 bfd_get_debug_link_info_1
2025-09-08 12:13:17,547 - INFO - cmd: python main.py --detect --cve_id CVE-2018-6759 --target_bin /binaries/target/binutils/binutils-2.31.1-o3-objdump --vul_func_name bfd_get_debug_link_info_1 --project binutils
2025-09-08 12:13:21,507 - ERROR - fail CVE-2018-6759 ,details1

2025-09-08 12:13:21,508 - INFO - detecting CVE-2018-6759 bfd_get_debug_link_info_1
2025-09-08 12:13:21,508 - INFO - cmd: python main.py --detect --cve_id CVE-2018-6759 --target_bin /binaries/target/binutils/binutils-2.32-o3-objdump --vul_func_name bfd_get_debug_link_info_1 --project binutils
2025-09-08 12:13:26,044 - ERROR - fail CVE-2018-6759 ,details1

2025-09-08 12:13:26,045 - INFO - detecting CVE-2018-10372 process_cu_tu_index
2025-09-08 12:13:26,045 - INFO - cmd: python main.py --detect --cve_id CVE-2018-10372 --target_bin /binaries/target/binutils/binutils-2.30-o3-objdump --vul_func_name process_cu_tu_index --project binutils
2025-09-08 12:13:33,331 - INFO - success CVE-2018-10372,details in cve_test/CVE-2018-10372.log

2025-09-08 12:13:33,332 - INFO - detecting CVE-2018-10372 process_cu_tu_index
2025-09-08 12:13:33,332 - INFO - cmd: python main.py --detect --cve_id CVE-2018-10372 --target_bin /binaries/target/binutils/binutils-2.31-o3-objdump --vul_func_name process_cu_tu_index --project binutils
2025-09-08 12:13:40,357 - INFO - success CVE-2018-10372,details in cve_test/CVE-2018-10372.log

2025-09-08 12:13:40,358 - INFO - detecting CVE-2018-10372 process_cu_tu_index
2025-09-08 12:13:40,359 - INFO - cmd: python main.py --detect --cve_id CVE-2018-10372 --target_bin /binaries/target/binutils/binutils-2.31.1-o3-objdump --vul_func_name process_cu_tu_index --project binutils
2025-09-08 12:13:48,377 - INFO - success CVE-2018-10372,details in cve_test/CVE-2018-10372.log

2025-09-08 12:13:48,378 - INFO - detecting CVE-2018-10372 process_cu_tu_index
2025-09-08 12:13:48,378 - INFO - cmd: python main.py --detect --cve_id CVE-2018-10372 --target_bin /binaries/target/binutils/binutils-2.32-o3-objdump --vul_func_name process_cu_tu_index --project binutils
2025-09-08 12:13:56,119 - INFO - success CVE-2018-10372,details in cve_test/CVE-2018-10372.log

2025-09-08 12:13:56,120 - INFO - detecting CVE-2018-10373 concat_filename
2025-09-08 12:13:56,120 - INFO - cmd: python main.py --detect --cve_id CVE-2018-10373 --target_bin /binaries/target/binutils/binutils-2.30-o3-objdump --vul_func_name concat_filename --project binutils
2025-09-08 12:14:02,976 - INFO - success CVE-2018-10373,details in cve_test/CVE-2018-10373.log

2025-09-08 12:14:02,976 - INFO - detecting CVE-2018-10373 concat_filename
2025-09-08 12:14:02,977 - INFO - cmd: python main.py --detect --cve_id CVE-2018-10373 --target_bin /binaries/target/binutils/binutils-2.31-o3-objdump --vul_func_name concat_filename --project binutils
2025-09-08 12:14:07,779 - INFO - success CVE-2018-10373,details in cve_test/CVE-2018-10373.log

2025-09-08 12:14:07,780 - INFO - detecting CVE-2018-10373 concat_filename
2025-09-08 12:14:07,780 - INFO - cmd: python main.py --detect --cve_id CVE-2018-10373 --target_bin /binaries/target/binutils/binutils-2.31.1-o3-objdump --vul_func_name concat_filename --project binutils
2025-09-08 12:14:12,878 - INFO - success CVE-2018-10373,details in cve_test/CVE-2018-10373.log

2025-09-08 12:14:12,879 - INFO - detecting CVE-2018-10373 concat_filename
2025-09-08 12:14:12,879 - INFO - cmd: python main.py --detect --cve_id CVE-2018-10373 --target_bin /binaries/target/binutils/binutils-2.32-o3-objdump --vul_func_name concat_filename --project binutils
2025-09-08 12:14:17,397 - INFO - success CVE-2018-10373,details in cve_test/CVE-2018-10373.log

2025-09-08 12:14:17,398 - INFO - detecting CVE-2018-8945 _bfd_elf_parse_attributes
2025-09-08 12:14:17,398 - INFO - cmd: python main.py --detect --cve_id CVE-2018-8945 --target_bin /binaries/target/binutils/binutils-2.30-o3-objdump --vul_func_name _bfd_elf_parse_attributes --project binutils
2025-09-08 12:14:23,589 - INFO - success CVE-2018-8945,details in cve_test/CVE-2018-8945.log

2025-09-08 12:14:23,590 - INFO - detecting CVE-2018-8945 _bfd_elf_parse_attributes
2025-09-08 12:14:23,590 - INFO - cmd: python main.py --detect --cve_id CVE-2018-8945 --target_bin /binaries/target/binutils/binutils-2.31-o3-objdump --vul_func_name _bfd_elf_parse_attributes --project binutils
2025-09-08 12:14:29,975 - INFO - success CVE-2018-8945,details in cve_test/CVE-2018-8945.log

2025-09-08 12:14:29,976 - INFO - detecting CVE-2018-8945 _bfd_elf_parse_attributes
2025-09-08 12:14:29,977 - INFO - cmd: python main.py --detect --cve_id CVE-2018-8945 --target_bin /binaries/target/binutils/binutils-2.31.1-o3-objdump --vul_func_name _bfd_elf_parse_attributes --project binutils
2025-09-08 12:14:37,076 - INFO - success CVE-2018-8945,details in cve_test/CVE-2018-8945.log

2025-09-08 12:14:37,077 - INFO - detecting CVE-2018-8945 _bfd_elf_parse_attributes
2025-09-08 12:14:37,078 - INFO - cmd: python main.py --detect --cve_id CVE-2018-8945 --target_bin /binaries/target/binutils/binutils-2.32-o3-objdump --vul_func_name _bfd_elf_parse_attributes --project binutils
2025-09-08 12:14:43,190 - INFO - success CVE-2018-8945,details in cve_test/CVE-2018-8945.log

2025-09-08 12:14:43,191 - INFO - detecting CVE-2018-18607 elf_link_input_bfd
2025-09-08 12:14:43,191 - INFO - cmd: python main.py --detect --cve_id CVE-2018-18607 --target_bin /binaries/target/binutils/binutils-2.31-o3-objdump --vul_func_name elf_link_input_bfd --project binutils
2025-09-08 12:14:51,670 - INFO - success CVE-2018-18607,details in cve_test/CVE-2018-18607.log

2025-09-08 12:14:51,670 - INFO - detecting CVE-2018-18607 elf_link_input_bfd
2025-09-08 12:14:51,671 - INFO - cmd: python main.py --detect --cve_id CVE-2018-18607 --target_bin /binaries/target/binutils/binutils-2.32-o3-objdump --vul_func_name elf_link_input_bfd --project binutils
2025-09-08 12:15:01,576 - INFO - success CVE-2018-18607,details in cve_test/CVE-2018-18607.log

2025-09-08 12:15:01,577 - INFO - detecting CVE-2018-18607 elf_link_input_bfd
2025-09-08 12:15:01,577 - INFO - cmd: python main.py --detect --cve_id CVE-2018-18607 --target_bin /binaries/target/binutils/binutils-2.33.1-o3-objdump --vul_func_name elf_link_input_bfd --project binutils
2025-09-08 12:15:10,459 - INFO - success CVE-2018-18607,details in cve_test/CVE-2018-18607.log

2025-09-08 12:15:10,460 - INFO - detecting CVE-2018-18607 elf_link_input_bfd
2025-09-08 12:15:10,460 - INFO - cmd: python main.py --detect --cve_id CVE-2018-18607 --target_bin /binaries/target/binutils/binutils-2.34-o3-objdump --vul_func_name elf_link_input_bfd --project binutils
2025-09-08 12:15:20,474 - INFO - success CVE-2018-18607,details in cve_test/CVE-2018-18607.log

2025-09-08 12:15:20,475 - INFO - detecting CVE-2018-20671 load_specific_debug_section
2025-09-08 12:15:20,476 - INFO - cmd: python main.py --detect --cve_id CVE-2018-20671 --target_bin /binaries/target/binutils/binutils-2.31.1-o3-objdump --vul_func_name load_specific_debug_section --project binutils
2025-09-08 12:15:25,076 - ERROR - fail CVE-2018-20671 ,details1

2025-09-08 12:15:25,077 - INFO - detecting CVE-2018-20671 load_specific_debug_section
2025-09-08 12:15:25,078 - INFO - cmd: python main.py --detect --cve_id CVE-2018-20671 --target_bin /binaries/target/binutils/binutils-2.31-o3-objdump --vul_func_name load_specific_debug_section --project binutils
2025-09-08 12:15:29,327 - ERROR - fail CVE-2018-20671 ,details1

2025-09-08 12:15:29,328 - INFO - detecting CVE-2018-20671 load_specific_debug_section
2025-09-08 12:15:29,329 - INFO - cmd: python main.py --detect --cve_id CVE-2018-20671 --target_bin /binaries/target/binutils/binutils-2.30-o3-objdump --vul_func_name load_specific_debug_section --project binutils
2025-09-08 12:15:33,955 - ERROR - fail CVE-2018-20671 ,details1

2025-09-08 12:15:33,956 - INFO - detecting CVE-2018-20671 load_specific_debug_section
2025-09-08 12:15:33,956 - INFO - cmd: python main.py --detect --cve_id CVE-2018-20671 --target_bin /binaries/target/binutils/binutils-2.32-o3-objdump --vul_func_name load_specific_debug_section --project binutils
2025-09-08 12:15:38,235 - ERROR - fail CVE-2018-20671 ,details1

2025-09-08 12:15:38,236 - INFO - detecting CVE-2018-20671 load_specific_debug_section
2025-09-08 12:15:38,236 - INFO - cmd: python main.py --detect --cve_id CVE-2018-20671 --target_bin /binaries/target/binutils/binutils-2.33.1-o3-objdump --vul_func_name load_specific_debug_section --project binutils
2025-09-08 12:15:42,913 - ERROR - fail CVE-2018-20671 ,details1

2025-09-08 12:15:42,914 - INFO - detecting CVE-2018-20671 load_specific_debug_section
2025-09-08 12:15:42,914 - INFO - cmd: python main.py --detect --cve_id CVE-2018-20671 --target_bin /binaries/target/binutils/binutils-2.34-o3-objdump --vul_func_name load_specific_debug_section --project binutils
2025-09-08 12:15:47,537 - ERROR - fail CVE-2018-20671 ,details1

2025-09-08 12:15:47,538 - INFO - detecting CVE-2021-20294 print_dynamic_symbol
2025-09-08 12:15:47,538 - INFO - cmd: python main.py --detect --cve_id CVE-2021-20294 --target_bin /binaries/target/binutils/binutils-2.35.1-o3-readelf --vul_func_name print_dynamic_symbol --project binutils
2025-09-08 12:15:58,956 - INFO - success CVE-2021-20294,details in cve_test/CVE-2021-20294.log

2025-09-08 12:15:58,956 - INFO - detecting CVE-2021-20294 print_dynamic_symbol
2025-09-08 12:15:58,957 - INFO - cmd: python main.py --detect --cve_id CVE-2021-20294 --target_bin /binaries/target/binutils/binutils-2.35-o3-readelf --vul_func_name print_dynamic_symbol --project binutils
2025-09-08 12:16:10,481 - INFO - success CVE-2021-20294,details in cve_test/CVE-2021-20294.log

2025-09-08 12:16:10,482 - INFO - detecting CVE-2021-20294 print_dynamic_symbol
2025-09-08 12:16:10,482 - INFO - cmd: python main.py --detect --cve_id CVE-2021-20294 --target_bin /binaries/target/binutils/binutils-2.35.2-o3-readelf --vul_func_name print_dynamic_symbol --project binutils
2025-09-08 12:16:20,803 - INFO - success CVE-2021-20294,details in cve_test/CVE-2021-20294.log

2025-09-08 12:16:20,804 - INFO - detecting CVE-2021-20294 print_dynamic_symbol
2025-09-08 12:16:20,804 - INFO - cmd: python main.py --detect --cve_id CVE-2021-20294 --target_bin /binaries/target/binutils/binutils-2.36.1-o3-readelf --vul_func_name print_dynamic_symbol --project binutils
2025-09-08 12:16:32,303 - INFO - success CVE-2021-20294,details in cve_test/CVE-2021-20294.log

2025-09-08 12:16:32,304 - INFO - detecting CVE-2021-20294 print_dynamic_symbol
2025-09-08 12:16:32,304 - INFO - cmd: python main.py --detect --cve_id CVE-2021-20294 --target_bin /binaries/target/binutils/binutils-2.37-o3-readelf --vul_func_name print_dynamic_symbol --project binutils
2025-09-08 12:16:44,149 - INFO - success CVE-2021-20294,details in cve_test/CVE-2021-20294.log

2025-09-08 12:16:44,150 - INFO - detecting CVE-2021-45078 stab_xcoff_builtin_type
2025-09-08 12:16:44,150 - INFO - cmd: python main.py --detect --cve_id CVE-2021-45078 --target_bin /binaries/target/binutils/binutils-2.37-o3-objdump --vul_func_name stab_xcoff_builtin_type --project binutils
2025-09-08 12:16:51,234 - INFO - success CVE-2021-45078,details in cve_test/CVE-2021-45078.log

2025-09-08 12:16:51,235 - INFO - detecting CVE-2021-45078 stab_xcoff_builtin_type
2025-09-08 12:16:51,236 - INFO - cmd: python main.py --detect --cve_id CVE-2021-45078 --target_bin /binaries/target/binutils/binutils-2.36.1-o3-objdump --vul_func_name stab_xcoff_builtin_type --project binutils
2025-09-08 12:16:58,657 - INFO - success CVE-2021-45078,details in cve_test/CVE-2021-45078.log

2025-09-08 12:16:58,658 - INFO - detecting CVE-2021-45078 stab_xcoff_builtin_type
2025-09-08 12:16:58,658 - INFO - cmd: python main.py --detect --cve_id CVE-2021-45078 --target_bin /binaries/target/binutils/binutils-2.35.2-o3-objdump --vul_func_name stab_xcoff_builtin_type --project binutils
2025-09-08 12:17:05,548 - INFO - success CVE-2021-45078,details in cve_test/CVE-2021-45078.log

2025-09-08 12:17:05,549 - INFO - detecting CVE-2021-45078 stab_xcoff_builtin_type
2025-09-08 12:17:05,550 - INFO - cmd: python main.py --detect --cve_id CVE-2021-45078 --target_bin /binaries/target/binutils/binutils-2.38-o3-objdump --vul_func_name stab_xcoff_builtin_type --project binutils
2025-09-08 12:17:12,829 - INFO - success CVE-2021-45078,details in cve_test/CVE-2021-45078.log

2025-09-08 12:17:12,830 - INFO - detecting CVE-2021-45078 stab_xcoff_builtin_type
2025-09-08 12:17:12,830 - INFO - cmd: python main.py --detect --cve_id CVE-2021-45078 --target_bin /binaries/target/binutils/binutils-2.39-o3-objdump --vul_func_name stab_xcoff_builtin_type --project binutils
2025-09-08 12:17:20,096 - INFO - success CVE-2021-45078,details in cve_test/CVE-2021-45078.log

2025-09-08 12:17:20,097 - INFO - detecting CVE-2021-45078 stab_xcoff_builtin_type
2025-09-08 12:17:20,098 - INFO - cmd: python main.py --detect --cve_id CVE-2021-45078 --target_bin /binaries/target/binutils/binutils-2.40-o3-objdump --vul_func_name stab_xcoff_builtin_type --project binutils
2025-09-08 12:17:23,256 - ERROR - fail CVE-2021-45078 ,details1

2025-09-08 12:17:23,257 - INFO - detecting CVE-2023-25586 bfd_init_section_decompress_status
2025-09-08 12:17:23,257 - INFO - cmd: python main.py --detect --cve_id CVE-2023-25586 --target_bin /binaries/target/binutils/binutils-2.40-o3-objdump --vul_func_name bfd_init_section_decompress_status --project binutils
2025-09-08 12:17:26,440 - ERROR - fail CVE-2023-25586 ,details1

2025-09-08 12:17:26,441 - INFO - detecting CVE-2023-25586 bfd_init_section_decompress_status
2025-09-08 12:17:26,442 - INFO - cmd: python main.py --detect --cve_id CVE-2023-25586 --target_bin /binaries/target/binutils/binutils-2.41-o3-objdump --vul_func_name bfd_init_section_decompress_status --project binutils
2025-09-08 12:17:35,231 - INFO - success CVE-2023-25586,details in cve_test/CVE-2023-25586.log

2025-09-08 12:17:35,231 - INFO - detecting CVE-2023-25586 bfd_init_section_decompress_status
2025-09-08 12:17:35,232 - INFO - cmd: python main.py --detect --cve_id CVE-2023-25586 --target_bin /binaries/target/binutils/binutils-2.42-o3-objdump --vul_func_name bfd_init_section_decompress_status --project binutils
2025-09-08 12:17:45,117 - INFO - success CVE-2023-25586,details in cve_test/CVE-2023-25586.log

2025-09-08 12:17:45,118 - INFO - detecting CVE-2023-25586 bfd_init_section_decompress_status
2025-09-08 12:17:45,119 - INFO - cmd: python main.py --detect --cve_id CVE-2023-25586 --target_bin /binaries/target/binutils/binutils-2.43-o3-objdump --vul_func_name bfd_init_section_decompress_status --project binutils
2025-09-08 12:17:53,842 - INFO - success CVE-2023-25586,details in cve_test/CVE-2023-25586.log

2025-09-08 12:17:53,843 - INFO - detecting CVE-2022-48063 load_specific_debug_section
2025-09-08 12:17:53,844 - INFO - cmd: python main.py --detect --cve_id CVE-2022-48063 --target_bin /binaries/target/binutils/binutils-2.39-o3-objdump --vul_func_name load_specific_debug_section --project binutils
2025-09-08 12:17:57,888 - ERROR - fail CVE-2022-48063 ,details1

2025-09-08 12:17:57,889 - INFO - detecting CVE-2022-48063 load_specific_debug_section
2025-09-08 12:17:57,889 - INFO - cmd: python main.py --detect --cve_id CVE-2022-48063 --target_bin /binaries/target/binutils/binutils-2.38-o3-objdump --vul_func_name load_specific_debug_section --project binutils
2025-09-08 12:18:02,100 - ERROR - fail CVE-2022-48063 ,details1

2025-09-08 12:18:02,101 - INFO - detecting CVE-2022-48063 load_specific_debug_section
2025-09-08 12:18:02,102 - INFO - cmd: python main.py --detect --cve_id CVE-2022-48063 --target_bin /binaries/target/binutils/binutils-2.37-o3-objdump --vul_func_name load_specific_debug_section --project binutils
2025-09-08 12:18:07,116 - ERROR - fail CVE-2022-48063 ,details1

2025-09-08 12:18:07,117 - INFO - detecting CVE-2022-48063 load_specific_debug_section
2025-09-08 12:18:07,117 - INFO - cmd: python main.py --detect --cve_id CVE-2022-48063 --target_bin /binaries/target/binutils/binutils-2.40-o3-objdump --vul_func_name load_specific_debug_section --project binutils
2025-09-08 12:18:10,719 - ERROR - fail CVE-2022-48063 ,details1

2025-09-08 12:18:10,720 - INFO - detecting CVE-2022-48063 load_specific_debug_section
2025-09-08 12:18:10,720 - INFO - cmd: python main.py --detect --cve_id CVE-2022-48063 --target_bin /binaries/target/binutils/binutils-2.41-o3-objdump --vul_func_name load_specific_debug_section --project binutils
2025-09-08 12:18:15,261 - ERROR - fail CVE-2022-48063 ,details1

2025-09-08 12:18:15,262 - INFO - detecting CVE-2022-48063 load_specific_debug_section
2025-09-08 12:18:15,262 - INFO - cmd: python main.py --detect --cve_id CVE-2022-48063 --target_bin /binaries/target/binutils/binutils-2.42-o3-objdump --vul_func_name load_specific_debug_section --project binutils
2025-09-08 12:18:19,932 - ERROR - fail CVE-2022-48063 ,details1

2025-09-08 12:18:19,932 - INFO - detecting CVE-2022-48065 find_abstract_instance
2025-09-08 12:18:19,933 - INFO - cmd: python main.py --detect --cve_id CVE-2022-48065 --target_bin /binaries/target/binutils/binutils-2.39-o3-objdump --vul_func_name find_abstract_instance --project binutils
2025-09-08 12:18:27,596 - INFO - success CVE-2022-48065,details in cve_test/CVE-2022-48065.log

2025-09-08 12:18:27,597 - INFO - detecting CVE-2022-48065 find_abstract_instance
2025-09-08 12:18:27,598 - INFO - cmd: python main.py --detect --cve_id CVE-2022-48065 --target_bin /binaries/target/binutils/binutils-2.38-o3-objdump --vul_func_name find_abstract_instance --project binutils
2025-09-08 12:18:34,773 - INFO - success CVE-2022-48065,details in cve_test/CVE-2022-48065.log

2025-09-08 12:18:34,774 - INFO - detecting CVE-2022-48065 find_abstract_instance
2025-09-08 12:18:34,774 - INFO - cmd: python main.py --detect --cve_id CVE-2022-48065 --target_bin /binaries/target/binutils/binutils-2.37-o3-objdump --vul_func_name find_abstract_instance --project binutils
2025-09-08 12:18:42,568 - INFO - success CVE-2022-48065,details in cve_test/CVE-2022-48065.log

2025-09-08 12:18:42,569 - INFO - detecting CVE-2022-48065 find_abstract_instance
2025-09-08 12:18:42,569 - INFO - cmd: python main.py --detect --cve_id CVE-2022-48065 --target_bin /binaries/target/binutils/binutils-2.40-o3-objdump --vul_func_name find_abstract_instance --project binutils
2025-09-08 12:18:46,154 - ERROR - fail CVE-2022-48065 ,details1

2025-09-08 12:18:46,155 - INFO - detecting CVE-2022-48065 find_abstract_instance
2025-09-08 12:18:46,156 - INFO - cmd: python main.py --detect --cve_id CVE-2022-48065 --target_bin /binaries/target/binutils/binutils-2.41-o3-objdump --vul_func_name find_abstract_instance --project binutils
2025-09-08 12:18:54,141 - INFO - success CVE-2022-48065,details in cve_test/CVE-2022-48065.log

2025-09-08 12:18:54,142 - INFO - detecting CVE-2022-48065 find_abstract_instance
2025-09-08 12:18:54,144 - INFO - cmd: python main.py --detect --cve_id CVE-2022-48065 --target_bin /binaries/target/binutils/binutils-2.42-o3-objdump --vul_func_name find_abstract_instance --project binutils
2025-09-08 12:19:01,238 - INFO - success CVE-2022-48065,details in cve_test/CVE-2022-48065.log