2025-09-08 14:45:11,133 - INFO - detecting CVE-2020-20896 latm_write_packet
2025-09-08 14:45:11,134 - INFO - cmd: python main.py --detect --cve_id CVE-2020-20896 --target_bin /binaries/target/ffmpeg/ffmpeg-4.2.1-o3-ffmpeg --vul_func_name latm_write_packet --project ffmpeg
2025-09-08 14:45:24,825 - INFO - success CVE-2020-20896,details in cve_test/CVE-2020-20896.log

2025-09-08 14:45:24,826 - INFO - detecting CVE-2020-20896 latm_write_packet
2025-09-08 14:45:24,827 - INFO - cmd: python main.py --detect --cve_id CVE-2020-20896 --target_bin /binaries/target/ffmpeg/ffmpeg-4.1.9-o3-ffmpeg --vul_func_name latm_write_packet --project ffmpeg
2025-09-08 14:45:36,478 - INFO - success CVE-2020-20896,details in cve_test/CVE-2020-20896.log

2025-09-08 14:45:36,479 - INFO - detecting CVE-2020-20896 latm_write_packet
2025-09-08 14:45:36,480 - INFO - cmd: python main.py --detect --cve_id CVE-2020-20896 --target_bin /binaries/target/ffmpeg/ffmpeg-4.2.6-o3-ffmpeg --vul_func_name latm_write_packet --project ffmpeg
2025-09-08 14:45:47,135 - INFO - success CVE-2020-20896,details in cve_test/CVE-2020-20896.log

2025-09-08 14:45:47,136 - INFO - detecting CVE-2020-20896 latm_write_packet
2025-09-08 14:45:47,137 - INFO - cmd: python main.py --detect --cve_id CVE-2020-20896 --target_bin /binaries/target/ffmpeg/ffmpeg-4.3-o3-ffmpeg --vul_func_name latm_write_packet --project ffmpeg
2025-09-08 14:45:57,775 - INFO - success CVE-2020-20896,details in cve_test/CVE-2020-20896.log

2025-09-08 14:45:57,776 - INFO - detecting CVE-2020-21697 mpeg_mux_write_packet
2025-09-08 14:45:57,777 - INFO - cmd: python main.py --detect --cve_id CVE-2020-21697 --target_bin /binaries/target/ffmpeg/ffmpeg-4.2-o3-ffmpeg --vul_func_name mpeg_mux_write_packet --project ffmpeg
2025-09-08 14:46:10,421 - INFO - success CVE-2020-21697,details in cve_test/CVE-2020-21697.log

2025-09-08 14:46:10,422 - INFO - detecting CVE-2020-21697 mpeg_mux_write_packet
2025-09-08 14:46:10,423 - INFO - cmd: python main.py --detect --cve_id CVE-2020-21697 --target_bin /binaries/target/ffmpeg/ffmpeg-4.3.3-o3-ffmpeg --vul_func_name mpeg_mux_write_packet --project ffmpeg
2025-09-08 14:46:22,332 - INFO - success CVE-2020-21697,details in cve_test/CVE-2020-21697.log

2025-09-08 14:46:22,333 - INFO - detecting CVE-2020-21697 mpeg_mux_write_packet
2025-09-08 14:46:22,333 - INFO - cmd: python main.py --detect --cve_id CVE-2020-21697 --target_bin /binaries/target/ffmpeg/ffmpeg-4.4-o3-ffmpeg --vul_func_name mpeg_mux_write_packet --project ffmpeg
2025-09-08 14:46:34,728 - INFO - success CVE-2020-21697,details in cve_test/CVE-2020-21697.log

2025-09-08 14:46:34,729 - INFO - detecting CVE-2020-22019 ff_vmafmotion_init
2025-09-08 14:46:34,730 - INFO - cmd: python main.py --detect --cve_id CVE-2020-22019 --target_bin /binaries/target/ffmpeg/ffmpeg-4.2-o3-ffmpeg --vul_func_name ff_vmafmotion_init --project ffmpeg
2025-09-08 14:47:45,366 - INFO - success CVE-2020-22019,details in cve_test/CVE-2020-22019.log

2025-09-08 14:47:45,367 - INFO - detecting CVE-2020-22019 ff_vmafmotion_init
2025-09-08 14:47:45,368 - INFO - cmd: python main.py --detect --cve_id CVE-2020-22019 --target_bin /binaries/target/ffmpeg/ffmpeg-4.1.7-o3-ffmpeg --vul_func_name ff_vmafmotion_init --project ffmpeg
2025-09-08 14:47:52,617 - INFO - success CVE-2020-22019,details in cve_test/CVE-2020-22019.log

2025-09-08 14:47:52,618 - INFO - detecting CVE-2020-22019 ff_vmafmotion_init
2025-09-08 14:47:52,619 - INFO - cmd: python main.py --detect --cve_id CVE-2020-22019 --target_bin /binaries/target/ffmpeg/ffmpeg-3.4.9-o3-ffmpeg --vul_func_name ff_vmafmotion_init --project ffmpeg
2025-09-08 14:47:59,225 - INFO - success CVE-2020-22019,details in cve_test/CVE-2020-22019.log

2025-09-08 14:47:59,226 - INFO - detecting CVE-2020-22019 ff_vmafmotion_init
2025-09-08 14:47:59,226 - INFO - cmd: python main.py --detect --cve_id CVE-2020-22019 --target_bin /binaries/target/ffmpeg/ffmpeg-4.2.5-o3-ffmpeg --vul_func_name ff_vmafmotion_init --project ffmpeg
2025-09-08 14:48:06,407 - INFO - success CVE-2020-22019,details in cve_test/CVE-2020-22019.log

2025-09-08 14:48:06,408 - INFO - detecting CVE-2020-22021 filter_edges
2025-09-08 14:48:06,409 - INFO - cmd: python main.py --detect --cve_id CVE-2020-22021 --target_bin /binaries/target/ffmpeg/ffmpeg-4.2-o3-ffmpeg --vul_func_name filter_edges --project ffmpeg
2025-09-08 14:48:21,087 - INFO - success CVE-2020-22021,details in cve_test/CVE-2020-22021.log

2025-09-08 14:48:21,089 - INFO - detecting CVE-2020-22021 filter_edges
2025-09-08 14:48:21,089 - INFO - cmd: python main.py --detect --cve_id CVE-2020-22021 --target_bin /binaries/target/ffmpeg/ffmpeg-4.1.7-o3-ffmpeg --vul_func_name filter_edges --project ffmpeg
2025-09-08 14:48:36,158 - INFO - success CVE-2020-22021,details in cve_test/CVE-2020-22021.log

2025-09-08 14:48:36,159 - INFO - detecting CVE-2020-22021 filter_edges
2025-09-08 14:48:36,160 - INFO - cmd: python main.py --detect --cve_id CVE-2020-22021 --target_bin /binaries/target/ffmpeg/ffmpeg-3.4.9-o3-ffmpeg --vul_func_name filter_edges --project ffmpeg
2025-09-08 14:48:50,500 - INFO - success CVE-2020-22021,details in cve_test/CVE-2020-22021.log

2025-09-08 14:48:50,502 - INFO - detecting CVE-2020-22021 filter_edges
2025-09-08 14:48:50,502 - INFO - cmd: python main.py --detect --cve_id CVE-2020-22021 --target_bin /binaries/target/ffmpeg/ffmpeg-4.2.5-o3-ffmpeg --vul_func_name filter_edges --project ffmpeg
2025-09-08 14:49:06,132 - INFO - success CVE-2020-22021,details in cve_test/CVE-2020-22021.log

2025-09-08 14:49:06,133 - INFO - detecting CVE-2020-22029 slice_get_derivative
2025-09-08 14:49:06,133 - INFO - cmd: python main.py --detect --cve_id CVE-2020-22029 --target_bin /binaries/target/ffmpeg/ffmpeg-4.2-o3-ffmpeg --vul_func_name slice_get_derivative --project ffmpeg
2025-09-08 14:49:19,506 - INFO - success CVE-2020-22029,details in cve_test/CVE-2020-22029.log

2025-09-08 14:49:19,507 - INFO - detecting CVE-2020-22029 slice_get_derivative
2025-09-08 14:49:19,508 - INFO - cmd: python main.py --detect --cve_id CVE-2020-22029 --target_bin /binaries/target/ffmpeg/ffmpeg-4.1.8-o3-ffmpeg --vul_func_name slice_get_derivative --project ffmpeg
2025-09-08 14:49:30,897 - INFO - success CVE-2020-22029,details in cve_test/CVE-2020-22029.log

2025-09-08 14:49:30,898 - INFO - detecting CVE-2020-22029 slice_get_derivative
2025-09-08 14:49:30,899 - INFO - cmd: python main.py --detect --cve_id CVE-2020-22029 --target_bin /binaries/target/ffmpeg/ffmpeg-4.3-o3-ffmpeg --vul_func_name slice_get_derivative --project ffmpeg
2025-09-08 14:49:41,942 - INFO - success CVE-2020-22029,details in cve_test/CVE-2020-22029.log

2025-09-08 14:49:41,943 - INFO - detecting CVE-2020-22037 ff_frame_thread_encoder_init
2025-09-08 14:49:41,943 - INFO - cmd: python main.py --detect --cve_id CVE-2020-22037 --target_bin /binaries/target/ffmpeg/ffmpeg-4.2-o3-ffmpeg --vul_func_name ff_frame_thread_encoder_init --project ffmpeg
2025-09-08 14:49:50,117 - INFO - success CVE-2020-22037,details in cve_test/CVE-2020-22037.log

2025-09-08 14:49:50,118 - INFO - detecting CVE-2020-22037 ff_frame_thread_encoder_init
2025-09-08 14:49:50,118 - INFO - cmd: python main.py --detect --cve_id CVE-2020-22037 --target_bin /binaries/target/ffmpeg/ffmpeg-4.1.7-o3-ffmpeg --vul_func_name ff_frame_thread_encoder_init --project ffmpeg
2025-09-08 14:49:57,727 - INFO - success CVE-2020-22037,details in cve_test/CVE-2020-22037.log

2025-09-08 14:49:57,728 - INFO - detecting CVE-2020-22037 ff_frame_thread_encoder_init
2025-09-08 14:49:57,728 - INFO - cmd: python main.py --detect --cve_id CVE-2020-22037 --target_bin /binaries/target/ffmpeg/ffmpeg-3.4.9-o3-ffmpeg --vul_func_name ff_frame_thread_encoder_init --project ffmpeg
2025-09-08 14:50:05,260 - INFO - success CVE-2020-22037,details in cve_test/CVE-2020-22037.log

2025-09-08 14:50:05,261 - INFO - detecting CVE-2020-22037 ff_frame_thread_encoder_init
2025-09-08 14:50:05,262 - INFO - cmd: python main.py --detect --cve_id CVE-2020-22037 --target_bin /binaries/target/ffmpeg/ffmpeg-4.2.5-o3-ffmpeg --vul_func_name ff_frame_thread_encoder_init --project ffmpeg
2025-09-08 14:50:12,790 - INFO - success CVE-2020-22037,details in cve_test/CVE-2020-22037.log

2025-09-08 14:50:12,791 - INFO - detecting CVE-2020-22038 ff_v4l2_m2m_codec_end
2025-09-08 14:50:12,792 - INFO - cmd: python main.py --detect --cve_id CVE-2020-22038 --target_bin /binaries/target/ffmpeg/ffmpeg-4.2-o3-ffmpeg --vul_func_name ff_v4l2_m2m_codec_end --project ffmpeg
2025-09-08 14:50:20,448 - INFO - success CVE-2020-22038,details in cve_test/CVE-2020-22038.log

2025-09-08 14:50:20,449 - INFO - detecting CVE-2020-22038 ff_v4l2_m2m_codec_end
2025-09-08 14:50:20,450 - INFO - cmd: python main.py --detect --cve_id CVE-2020-22038 --target_bin /binaries/target/ffmpeg/ffmpeg-4.4-o3-ffmpeg --vul_func_name ff_v4l2_m2m_codec_end --project ffmpeg
2025-09-08 14:50:28,103 - INFO - success CVE-2020-22038,details in cve_test/CVE-2020-22038.log

2025-09-08 14:50:28,104 - INFO - detecting CVE-2020-22038 v4l2_decode_init
2025-09-08 14:50:28,105 - INFO - cmd: python main.py --detect --cve_id CVE-2020-22038 --target_bin /binaries/target/ffmpeg/ffmpeg-4.2-o3-ffmpeg --vul_func_name v4l2_decode_init --project ffmpeg
2025-09-08 14:50:35,846 - INFO - success CVE-2020-22038,details in cve_test/CVE-2020-22038.log

2025-09-08 14:50:35,847 - INFO - detecting CVE-2020-22038 v4l2_decode_init
2025-09-08 14:50:35,848 - INFO - cmd: python main.py --detect --cve_id CVE-2020-22038 --target_bin /binaries/target/ffmpeg/ffmpeg-4.4-o3-ffmpeg --vul_func_name v4l2_decode_init --project ffmpeg
2025-09-08 14:50:44,038 - INFO - success CVE-2020-22038,details in cve_test/CVE-2020-22038.log

2025-09-08 14:50:44,039 - INFO - detecting CVE-2020-22039 avi_write_trailer
2025-09-08 14:50:44,040 - INFO - cmd: python main.py --detect --cve_id CVE-2020-22039 --target_bin /binaries/target/ffmpeg/ffmpeg-4.2-o3-ffmpeg --vul_func_name avi_write_trailer --project ffmpeg
2025-09-08 14:50:55,431 - INFO - success CVE-2020-22039,details in cve_test/CVE-2020-22039.log

2025-09-08 14:50:55,433 - INFO - detecting CVE-2020-22039 avi_write_trailer
2025-09-08 14:50:55,433 - INFO - cmd: python main.py --detect --cve_id CVE-2020-22039 --target_bin /binaries/target/ffmpeg/ffmpeg-4.3-o3-ffmpeg --vul_func_name avi_write_trailer --project ffmpeg
2025-09-08 14:51:06,355 - INFO - success CVE-2020-22039,details in cve_test/CVE-2020-22039.log

2025-09-08 14:51:06,356 - INFO - detecting CVE-2020-22046 ff_ac3_encode_close
2025-09-08 14:51:06,357 - INFO - cmd: python main.py --detect --cve_id CVE-2020-22046 --target_bin /binaries/target/ffmpeg/ffmpeg-4.2-o3-ffmpeg --vul_func_name ff_ac3_encode_close --project ffmpeg
2025-09-08 14:51:14,156 - INFO - success CVE-2020-22046,details in cve_test/CVE-2020-22046.log

2025-09-08 14:51:14,157 - INFO - detecting CVE-2020-22046 ff_ac3_encode_close
2025-09-08 14:51:14,157 - INFO - cmd: python main.py --detect --cve_id CVE-2020-22046 --target_bin /binaries/target/ffmpeg/ffmpeg-4.1.10-o3-ffmpeg --vul_func_name ff_ac3_encode_close --project ffmpeg
2025-09-08 14:51:21,642 - INFO - success CVE-2020-22046,details in cve_test/CVE-2020-22046.log

2025-09-08 14:51:21,643 - INFO - detecting CVE-2020-22046 ff_ac3_encode_close
2025-09-08 14:51:21,644 - INFO - cmd: python main.py --detect --cve_id CVE-2020-22046 --target_bin /binaries/target/ffmpeg/ffmpeg-4.2.3-o3-ffmpeg --vul_func_name ff_ac3_encode_close --project ffmpeg
2025-09-08 14:51:29,294 - INFO - success CVE-2020-22046,details in cve_test/CVE-2020-22046.log

2025-09-08 14:51:29,295 - INFO - detecting CVE-2020-22046 ff_ac3_encode_close
2025-09-08 14:51:29,299 - INFO - cmd: python main.py --detect --cve_id CVE-2020-22046 --target_bin /binaries/target/ffmpeg/ffmpeg-4.3-o3-ffmpeg --vul_func_name ff_ac3_encode_close --project ffmpeg
2025-09-08 14:51:36,797 - INFO - success CVE-2020-22046,details in cve_test/CVE-2020-22046.log

2025-09-08 14:51:36,798 - INFO - detecting CVE-2020-24020 dnn_execute_layer_conv2d
2025-09-08 14:51:36,798 - INFO - cmd: python main.py --detect --cve_id CVE-2020-24020 --target_bin /binaries/target/ffmpeg/ffmpeg-4.2.3-o3-ffmpeg --vul_func_name dnn_execute_layer_conv2d --project ffmpeg
2025-09-08 14:51:42,356 - ERROR - fail CVE-2020-24020 ,details1

2025-09-08 14:51:42,357 - INFO - detecting CVE-2020-24020 dnn_execute_layer_conv2d
2025-09-08 14:51:42,357 - INFO - cmd: python main.py --detect --cve_id CVE-2020-24020 --target_bin /binaries/target/ffmpeg/ffmpeg-4.4-o3-ffmpeg --vul_func_name dnn_execute_layer_conv2d --project ffmpeg
2025-09-08 14:51:47,508 - ERROR - fail CVE-2020-24020 ,details1

2025-09-08 14:51:47,509 - INFO - detecting CVE-2020-24020 dnn_execute_layer_math_binary
2025-09-08 14:51:47,509 - INFO - cmd: python main.py --detect --cve_id CVE-2020-24020 --target_bin /binaries/target/ffmpeg/ffmpeg-4.2.3-o3-ffmpeg --vul_func_name dnn_execute_layer_math_binary --project ffmpeg
2025-09-08 14:51:53,014 - ERROR - fail CVE-2020-24020 ,details1

2025-09-08 14:51:53,015 - INFO - detecting CVE-2020-24020 dnn_execute_layer_math_binary
2025-09-08 14:51:53,016 - INFO - cmd: python main.py --detect --cve_id CVE-2020-24020 --target_bin /binaries/target/ffmpeg/ffmpeg-4.4-o3-ffmpeg --vul_func_name dnn_execute_layer_math_binary --project ffmpeg
2025-09-08 14:51:58,593 - ERROR - fail CVE-2020-24020 ,details1

2025-09-08 14:51:58,594 - INFO - detecting CVE-2020-24020 dnn_execute_layer_math_unary
2025-09-08 14:51:58,594 - INFO - cmd: python main.py --detect --cve_id CVE-2020-24020 --target_bin /binaries/target/ffmpeg/ffmpeg-4.2.3-o3-ffmpeg --vul_func_name dnn_execute_layer_math_unary --project ffmpeg
2025-09-08 14:52:04,009 - ERROR - fail CVE-2020-24020 ,details1

2025-09-08 14:52:04,010 - INFO - detecting CVE-2020-24020 dnn_execute_layer_math_unary
2025-09-08 14:52:04,011 - INFO - cmd: python main.py --detect --cve_id CVE-2020-24020 --target_bin /binaries/target/ffmpeg/ffmpeg-4.4-o3-ffmpeg --vul_func_name dnn_execute_layer_math_unary --project ffmpeg
2025-09-08 14:52:09,617 - ERROR - fail CVE-2020-24020 ,details1

2025-09-08 14:52:09,618 - INFO - detecting CVE-2020-24020 dnn_execute_layer_maximum
2025-09-08 14:52:09,619 - INFO - cmd: python main.py --detect --cve_id CVE-2020-24020 --target_bin /binaries/target/ffmpeg/ffmpeg-4.2.3-o3-ffmpeg --vul_func_name dnn_execute_layer_maximum --project ffmpeg
2025-09-08 14:52:15,052 - ERROR - fail CVE-2020-24020 ,details1

2025-09-08 14:52:15,053 - INFO - detecting CVE-2020-24020 dnn_execute_layer_maximum
2025-09-08 14:52:15,053 - INFO - cmd: python main.py --detect --cve_id CVE-2020-24020 --target_bin /binaries/target/ffmpeg/ffmpeg-4.4-o3-ffmpeg --vul_func_name dnn_execute_layer_maximum --project ffmpeg
2025-09-08 14:52:20,556 - ERROR - fail CVE-2020-24020 ,details1

2025-09-08 14:52:20,557 - INFO - detecting CVE-2020-24020 dnn_execute_layer_pad
2025-09-08 14:52:20,558 - INFO - cmd: python main.py --detect --cve_id CVE-2020-24020 --target_bin /binaries/target/ffmpeg/ffmpeg-4.2.3-o3-ffmpeg --vul_func_name dnn_execute_layer_pad --project ffmpeg
2025-09-08 14:52:25,930 - ERROR - fail CVE-2020-24020 ,details1

2025-09-08 14:52:25,931 - INFO - detecting CVE-2020-24020 dnn_execute_layer_pad
2025-09-08 14:52:25,932 - INFO - cmd: python main.py --detect --cve_id CVE-2020-24020 --target_bin /binaries/target/ffmpeg/ffmpeg-4.4-o3-ffmpeg --vul_func_name dnn_execute_layer_pad --project ffmpeg
2025-09-08 14:52:31,179 - ERROR - fail CVE-2020-24020 ,details1

2025-09-08 14:52:31,180 - INFO - detecting CVE-2022-1475 g729_parse
2025-09-08 14:52:31,180 - INFO - cmd: python main.py --detect --cve_id CVE-2022-1475 --target_bin /binaries/target/ffmpeg/ffmpeg-4.2.6-o3-ffmpeg --vul_func_name g729_parse --project ffmpeg
2025-09-08 14:52:40,726 - INFO - success CVE-2022-1475,details in cve_test/CVE-2022-1475.log

2025-09-08 14:52:40,727 - INFO - detecting CVE-2022-1475 g729_parse
2025-09-08 14:52:40,728 - INFO - cmd: python main.py --detect --cve_id CVE-2022-1475 --target_bin /binaries/target/ffmpeg/ffmpeg-4.3.4-o3-ffmpeg --vul_func_name g729_parse --project ffmpeg
2025-09-08 14:52:50,693 - INFO - success CVE-2022-1475,details in cve_test/CVE-2022-1475.log

2025-09-08 14:52:50,694 - INFO - detecting CVE-2022-1475 g729_parse
2025-09-08 14:52:50,694 - INFO - cmd: python main.py --detect --cve_id CVE-2022-1475 --target_bin /binaries/target/ffmpeg/ffmpeg-5.0-o3-ffmpeg --vul_func_name g729_parse --project ffmpeg
2025-09-08 14:53:01,175 - INFO - success CVE-2022-1475,details in cve_test/CVE-2022-1475.log

2025-09-08 14:53:01,176 - INFO - detecting CVE-2022-1475 g729_parse
2025-09-08 14:53:01,176 - INFO - cmd: python main.py --detect --cve_id CVE-2022-1475 --target_bin /binaries/target/ffmpeg/ffmpeg-4.4.2-o3-ffmpeg --vul_func_name g729_parse --project ffmpeg
2025-09-08 14:53:11,231 - INFO - success CVE-2022-1475,details in cve_test/CVE-2022-1475.log

2025-09-08 14:53:11,232 - INFO - detecting CVE-2022-1475 g729_parse
2025-09-08 14:53:11,232 - INFO - cmd: python main.py --detect --cve_id CVE-2022-1475 --target_bin /binaries/target/ffmpeg/ffmpeg-5.0.1-o3-ffmpeg --vul_func_name g729_parse --project ffmpeg
2025-09-08 14:53:21,785 - INFO - success CVE-2022-1475,details in cve_test/CVE-2022-1475.log

2025-09-08 14:53:21,786 - INFO - detecting CVE-2022-1475 g729_parse
2025-09-08 14:53:21,787 - INFO - cmd: python main.py --detect --cve_id CVE-2022-1475 --target_bin /binaries/target/ffmpeg/ffmpeg-5.1-o3-ffmpeg --vul_func_name g729_parse --project ffmpeg
2025-09-08 14:53:32,398 - INFO - success CVE-2022-1475,details in cve_test/CVE-2022-1475.log