2025-09-08 16:13:55,095 - INFO - detecting CVE-2010-2497 gray_render_cubic
2025-09-08 16:13:55,096 - INFO - cmd: python main.py --detect --cve_id CVE-2010-2497 --target_bin /binaries/target/freetype/freetype-2.3.12-o3-freetype --vul_func_name gray_render_cubic --project freetype
2025-09-08 16:14:00,085 - ERROR - fail CVE-2010-2497 ,details1

2025-09-08 16:14:00,086 - INFO - detecting CVE-2010-2497 gray_render_cubic
2025-09-08 16:14:00,087 - INFO - cmd: python main.py --detect --cve_id CVE-2010-2497 --target_bin /binaries/target/freetype/freetype-2.3.11-o3-freetype --vul_func_name gray_render_cubic --project freetype
2025-09-08 16:14:04,626 - ERROR - fail CVE-2010-2497 ,details1

2025-09-08 16:14:04,627 - INFO - detecting CVE-2010-2497 gray_render_cubic
2025-09-08 16:14:04,628 - INFO - cmd: python main.py --detect --cve_id CVE-2010-2497 --target_bin /binaries/target/freetype/freetype-2.3.10-o3-freetype --vul_func_name gray_render_cubic --project freetype
2025-09-08 16:14:09,279 - ERROR - fail CVE-2010-2497 ,details1

2025-09-08 16:14:09,280 - INFO - detecting CVE-2010-2497 gray_render_cubic
2025-09-08 16:14:09,280 - INFO - cmd: python main.py --detect --cve_id CVE-2010-2497 --target_bin /binaries/target/freetype/freetype-2.4.0-o3-freetype --vul_func_name gray_render_cubic --project freetype
2025-09-08 16:14:13,789 - ERROR - fail CVE-2010-2497 ,details1

2025-09-08 16:14:13,828 - INFO - detecting CVE-2010-2497 gray_render_cubic
2025-09-08 16:14:13,828 - INFO - cmd: python main.py --detect --cve_id CVE-2010-2497 --target_bin /binaries/target/freetype/freetype-2.4.1-o3-freetype --vul_func_name gray_render_cubic --project freetype
2025-09-08 16:14:19,188 - ERROR - fail CVE-2010-2497 ,details1

2025-09-08 16:14:19,189 - INFO - detecting CVE-2010-2497 gray_render_cubic
2025-09-08 16:14:19,190 - INFO - cmd: python main.py --detect --cve_id CVE-2010-2497 --target_bin /binaries/target/freetype/freetype-2.4.2-o3-freetype --vul_func_name gray_render_cubic --project freetype
2025-09-08 16:14:23,714 - ERROR - fail CVE-2010-2497 ,details1

2025-09-08 16:14:23,715 - INFO - detecting CVE-2010-3855 ft_var_readpackedpoints
2025-09-08 16:14:23,716 - INFO - cmd: python main.py --detect --cve_id CVE-2010-3855 --target_bin /binaries/target/freetype/freetype-2.4.3-o3-freetype --vul_func_name ft_var_readpackedpoints --project freetype
2025-09-08 16:14:33,027 - INFO - success CVE-2010-3855,details in cve_test/CVE-2010-3855.log

2025-09-08 16:14:33,028 - INFO - detecting CVE-2010-3855 ft_var_readpackedpoints
2025-09-08 16:14:33,028 - INFO - cmd: python main.py --detect --cve_id CVE-2010-3855 --target_bin /binaries/target/freetype/freetype-2.4.2-o3-freetype --vul_func_name ft_var_readpackedpoints --project freetype
2025-09-08 16:14:42,965 - INFO - success CVE-2010-3855,details in cve_test/CVE-2010-3855.log

2025-09-08 16:14:42,966 - INFO - detecting CVE-2010-3855 ft_var_readpackedpoints
2025-09-08 16:14:42,967 - INFO - cmd: python main.py --detect --cve_id CVE-2010-3855 --target_bin /binaries/target/freetype/freetype-2.4.1-o3-freetype --vul_func_name ft_var_readpackedpoints --project freetype
2025-09-08 16:14:52,234 - INFO - success CVE-2010-3855,details in cve_test/CVE-2010-3855.log

2025-09-08 16:14:52,235 - INFO - detecting CVE-2010-3855 ft_var_readpackedpoints
2025-09-08 16:14:52,235 - INFO - cmd: python main.py --detect --cve_id CVE-2010-3855 --target_bin /binaries/target/freetype/freetype-2.4.4-o3-freetype --vul_func_name ft_var_readpackedpoints --project freetype
2025-09-08 16:15:02,714 - INFO - success CVE-2010-3855,details in cve_test/CVE-2010-3855.log

2025-09-08 16:15:02,715 - INFO - detecting CVE-2010-3855 ft_var_readpackedpoints
2025-09-08 16:15:02,716 - INFO - cmd: python main.py --detect --cve_id CVE-2010-3855 --target_bin /binaries/target/freetype/freetype-2.4.5-o3-freetype --vul_func_name ft_var_readpackedpoints --project freetype
2025-09-08 16:15:11,267 - INFO - success CVE-2010-3855,details in cve_test/CVE-2010-3855.log

2025-09-08 16:15:11,268 - INFO - detecting CVE-2010-3855 ft_var_readpackedpoints
2025-09-08 16:15:11,268 - INFO - cmd: python main.py --detect --cve_id CVE-2010-3855 --target_bin /binaries/target/freetype/freetype-2.4.6-o3-freetype --vul_func_name ft_var_readpackedpoints --project freetype
2025-09-08 16:15:21,114 - INFO - success CVE-2010-3855,details in cve_test/CVE-2010-3855.log

2025-09-08 16:15:21,115 - INFO - detecting CVE-2014-9746 t1_parse_font_matrix
2025-09-08 16:15:21,115 - INFO - cmd: python main.py --detect --cve_id CVE-2014-9746 --target_bin /binaries/target/freetype/freetype-2.5.3-o3-freetype --vul_func_name t1_parse_font_matrix --project freetype
2025-09-08 16:15:27,289 - INFO - success CVE-2014-9746,details in cve_test/CVE-2014-9746.log

2025-09-08 16:15:27,290 - INFO - detecting CVE-2014-9746 t1_parse_font_matrix
2025-09-08 16:15:27,291 - INFO - cmd: python main.py --detect --cve_id CVE-2014-9746 --target_bin /binaries/target/freetype/freetype-2.5.2-o3-freetype --vul_func_name t1_parse_font_matrix --project freetype
2025-09-08 16:15:33,507 - INFO - success CVE-2014-9746,details in cve_test/CVE-2014-9746.log

2025-09-08 16:15:33,508 - INFO - detecting CVE-2014-9746 t1_parse_font_matrix
2025-09-08 16:15:33,509 - INFO - cmd: python main.py --detect --cve_id CVE-2014-9746 --target_bin /binaries/target/freetype/freetype-2.5.1-o3-freetype --vul_func_name t1_parse_font_matrix --project freetype
2025-09-08 16:15:39,772 - INFO - success CVE-2014-9746,details in cve_test/CVE-2014-9746.log

2025-09-08 16:15:39,774 - INFO - detecting CVE-2014-9746 t1_parse_font_matrix
2025-09-08 16:15:39,774 - INFO - cmd: python main.py --detect --cve_id CVE-2014-9746 --target_bin /binaries/target/freetype/freetype-2.5.4-o3-freetype --vul_func_name t1_parse_font_matrix --project freetype
2025-09-08 16:15:47,068 - INFO - success CVE-2014-9746,details in cve_test/CVE-2014-9746.log

2025-09-08 16:15:47,069 - INFO - detecting CVE-2014-9746 t1_parse_font_matrix
2025-09-08 16:15:47,069 - INFO - cmd: python main.py --detect --cve_id CVE-2014-9746 --target_bin /binaries/target/freetype/freetype-2.5.5-o3-freetype --vul_func_name t1_parse_font_matrix --project freetype
2025-09-08 16:15:53,655 - INFO - success CVE-2014-9746,details in cve_test/CVE-2014-9746.log

2025-09-08 16:15:53,656 - INFO - detecting CVE-2014-9746 t1_parse_font_matrix
2025-09-08 16:15:53,656 - INFO - cmd: python main.py --detect --cve_id CVE-2014-9746 --target_bin /binaries/target/freetype/freetype-2.6-o3-freetype --vul_func_name t1_parse_font_matrix --project freetype
2025-09-08 16:16:00,874 - INFO - success CVE-2014-9746,details in cve_test/CVE-2014-9746.log

2025-09-08 16:16:00,875 - INFO - detecting CVE-2014-9746 t42_parse_font_matrix
2025-09-08 16:16:00,875 - INFO - cmd: python main.py --detect --cve_id CVE-2014-9746 --target_bin /binaries/target/freetype/freetype-2.5.3-o3-freetype --vul_func_name t42_parse_font_matrix --project freetype
2025-09-08 16:16:08,248 - INFO - success CVE-2014-9746,details in cve_test/CVE-2014-9746.log

2025-09-08 16:16:08,249 - INFO - detecting CVE-2014-9746 t42_parse_font_matrix
2025-09-08 16:16:08,250 - INFO - cmd: python main.py --detect --cve_id CVE-2014-9746 --target_bin /binaries/target/freetype/freetype-2.5.2-o3-freetype --vul_func_name t42_parse_font_matrix --project freetype
2025-09-08 16:16:13,492 - ERROR - fail CVE-2014-9746 ,details1

2025-09-08 16:16:13,493 - INFO - detecting CVE-2014-9746 t42_parse_font_matrix
2025-09-08 16:16:13,494 - INFO - cmd: python main.py --detect --cve_id CVE-2014-9746 --target_bin /binaries/target/freetype/freetype-2.5.1-o3-freetype --vul_func_name t42_parse_font_matrix --project freetype
2025-09-08 16:16:19,847 - ERROR - fail CVE-2014-9746 ,details1

2025-09-08 16:16:19,848 - INFO - detecting CVE-2014-9746 t42_parse_font_matrix
2025-09-08 16:16:19,848 - INFO - cmd: python main.py --detect --cve_id CVE-2014-9746 --target_bin /binaries/target/freetype/freetype-2.5.4-o3-freetype --vul_func_name t42_parse_font_matrix --project freetype
2025-09-08 16:16:26,368 - INFO - success CVE-2014-9746,details in cve_test/CVE-2014-9746.log

2025-09-08 16:16:26,369 - INFO - detecting CVE-2014-9746 t42_parse_font_matrix
2025-09-08 16:16:26,370 - INFO - cmd: python main.py --detect --cve_id CVE-2014-9746 --target_bin /binaries/target/freetype/freetype-2.5.5-o3-freetype --vul_func_name t42_parse_font_matrix --project freetype
2025-09-08 16:16:33,311 - INFO - success CVE-2014-9746,details in cve_test/CVE-2014-9746.log

2025-09-08 16:16:33,312 - INFO - detecting CVE-2014-9746 t42_parse_font_matrix
2025-09-08 16:16:33,313 - INFO - cmd: python main.py --detect --cve_id CVE-2014-9746 --target_bin /binaries/target/freetype/freetype-2.6-o3-freetype --vul_func_name t42_parse_font_matrix --project freetype
2025-09-08 16:16:39,736 - INFO - success CVE-2014-9746,details in cve_test/CVE-2014-9746.log

2025-09-08 16:16:39,737 - INFO - detecting CVE-2014-9670 pcf_get_encodings
2025-09-08 16:16:39,737 - INFO - cmd: python main.py --detect --cve_id CVE-2014-9670 --target_bin /binaries/target/freetype/freetype-2.5.3-o3-freetype --vul_func_name pcf_get_encodings --project freetype
2025-09-08 16:16:44,681 - ERROR - fail CVE-2014-9670 ,details1

2025-09-08 16:16:44,682 - INFO - detecting CVE-2014-9670 pcf_get_encodings
2025-09-08 16:16:44,682 - INFO - cmd: python main.py --detect --cve_id CVE-2014-9670 --target_bin /binaries/target/freetype/freetype-2.5.2-o3-freetype --vul_func_name pcf_get_encodings --project freetype
2025-09-08 16:16:49,137 - ERROR - fail CVE-2014-9670 ,details1

2025-09-08 16:16:49,138 - INFO - detecting CVE-2014-9670 pcf_get_encodings
2025-09-08 16:16:49,138 - INFO - cmd: python main.py --detect --cve_id CVE-2014-9670 --target_bin /binaries/target/freetype/freetype-2.5.1-o3-freetype --vul_func_name pcf_get_encodings --project freetype
2025-09-08 16:16:53,690 - ERROR - fail CVE-2014-9670 ,details1

2025-09-08 16:16:53,691 - INFO - detecting CVE-2014-9670 pcf_get_encodings
2025-09-08 16:16:53,692 - INFO - cmd: python main.py --detect --cve_id CVE-2014-9670 --target_bin /binaries/target/freetype/freetype-2.5.4-o3-freetype --vul_func_name pcf_get_encodings --project freetype
2025-09-08 16:16:58,283 - ERROR - fail CVE-2014-9670 ,details1

2025-09-08 16:16:58,285 - INFO - detecting CVE-2014-9670 pcf_get_encodings
2025-09-08 16:16:58,285 - INFO - cmd: python main.py --detect --cve_id CVE-2014-9670 --target_bin /binaries/target/freetype/freetype-2.5.5-o3-freetype --vul_func_name pcf_get_encodings --project freetype
2025-09-08 16:17:03,098 - ERROR - fail CVE-2014-9670 ,details1

2025-09-08 16:17:03,099 - INFO - detecting CVE-2014-9670 pcf_get_encodings
2025-09-08 16:17:03,099 - INFO - cmd: python main.py --detect --cve_id CVE-2014-9670 --target_bin /binaries/target/freetype/freetype-2.6-o3-freetype --vul_func_name pcf_get_encodings --project freetype
2025-09-08 16:17:07,554 - ERROR - fail CVE-2014-9670 ,details1

2025-09-08 16:17:07,555 - INFO - detecting CVE-2014-9669 tt_cmap12_validate
2025-09-08 16:17:07,556 - INFO - cmd: python main.py --detect --cve_id CVE-2014-9669 --target_bin /binaries/target/freetype/freetype-2.5.3-o3-freetype --vul_func_name tt_cmap12_validate --project freetype
2025-09-08 16:17:14,820 - INFO - success CVE-2014-9669,details in cve_test/CVE-2014-9669.log

2025-09-08 16:17:14,822 - INFO - detecting CVE-2014-9669 tt_cmap12_validate
2025-09-08 16:17:14,822 - INFO - cmd: python main.py --detect --cve_id CVE-2014-9669 --target_bin /binaries/target/freetype/freetype-2.5.2-o3-freetype --vul_func_name tt_cmap12_validate --project freetype
2025-09-08 16:17:21,330 - INFO - success CVE-2014-9669,details in cve_test/CVE-2014-9669.log

2025-09-08 16:17:21,332 - INFO - detecting CVE-2014-9669 tt_cmap12_validate
2025-09-08 16:17:21,332 - INFO - cmd: python main.py --detect --cve_id CVE-2014-9669 --target_bin /binaries/target/freetype/freetype-2.5.1-o3-freetype --vul_func_name tt_cmap12_validate --project freetype
2025-09-08 16:17:27,455 - INFO - success CVE-2014-9669,details in cve_test/CVE-2014-9669.log

2025-09-08 16:17:27,456 - INFO - detecting CVE-2014-9669 tt_cmap12_validate
2025-09-08 16:17:27,456 - INFO - cmd: python main.py --detect --cve_id CVE-2014-9669 --target_bin /binaries/target/freetype/freetype-2.5.4-o3-freetype --vul_func_name tt_cmap12_validate --project freetype
2025-09-08 16:17:33,872 - INFO - success CVE-2014-9669,details in cve_test/CVE-2014-9669.log

2025-09-08 16:17:33,874 - INFO - detecting CVE-2014-9669 tt_cmap12_validate
2025-09-08 16:17:33,874 - INFO - cmd: python main.py --detect --cve_id CVE-2014-9669 --target_bin /binaries/target/freetype/freetype-2.5.5-o3-freetype --vul_func_name tt_cmap12_validate --project freetype
2025-09-08 16:17:41,217 - INFO - success CVE-2014-9669,details in cve_test/CVE-2014-9669.log

2025-09-08 16:17:41,218 - INFO - detecting CVE-2014-9669 tt_cmap12_validate
2025-09-08 16:17:41,219 - INFO - cmd: python main.py --detect --cve_id CVE-2014-9669 --target_bin /binaries/target/freetype/freetype-2.6-o3-freetype --vul_func_name tt_cmap12_validate --project freetype
2025-09-08 16:17:48,058 - INFO - success CVE-2014-9669,details in cve_test/CVE-2014-9669.log

2025-09-08 16:17:48,059 - INFO - detecting CVE-2014-9662 cf2_builder_cubeTo
2025-09-08 16:17:48,060 - INFO - cmd: python main.py --detect --cve_id CVE-2014-9662 --target_bin /binaries/target/freetype/freetype-2.5.3-o3-freetype --vul_func_name cf2_builder_cubeTo --project freetype
2025-09-08 16:17:58,368 - INFO - success CVE-2014-9662,details in cve_test/CVE-2014-9662.log

2025-09-08 16:17:58,369 - INFO - detecting CVE-2014-9662 cf2_builder_cubeTo
2025-09-08 16:17:58,370 - INFO - cmd: python main.py --detect --cve_id CVE-2014-9662 --target_bin /binaries/target/freetype/freetype-2.5.2-o3-freetype --vul_func_name cf2_builder_cubeTo --project freetype
2025-09-08 16:18:09,316 - INFO - success CVE-2014-9662,details in cve_test/CVE-2014-9662.log

2025-09-08 16:18:09,317 - INFO - detecting CVE-2014-9662 cf2_builder_cubeTo
2025-09-08 16:18:09,318 - INFO - cmd: python main.py --detect --cve_id CVE-2014-9662 --target_bin /binaries/target/freetype/freetype-2.5.1-o3-freetype --vul_func_name cf2_builder_cubeTo --project freetype
2025-09-08 16:18:19,418 - INFO - success CVE-2014-9662,details in cve_test/CVE-2014-9662.log

2025-09-08 16:18:19,420 - INFO - detecting CVE-2014-9662 cf2_builder_cubeTo
2025-09-08 16:18:19,420 - INFO - cmd: python main.py --detect --cve_id CVE-2014-9662 --target_bin /binaries/target/freetype/freetype-2.5.4-o3-freetype --vul_func_name cf2_builder_cubeTo --project freetype
2025-09-08 16:18:28,923 - INFO - success CVE-2014-9662,details in cve_test/CVE-2014-9662.log

2025-09-08 16:18:28,924 - INFO - detecting CVE-2014-9662 cf2_builder_cubeTo
2025-09-08 16:18:28,924 - INFO - cmd: python main.py --detect --cve_id CVE-2014-9662 --target_bin /binaries/target/freetype/freetype-2.5.5-o3-freetype --vul_func_name cf2_builder_cubeTo --project freetype
2025-09-08 16:18:39,752 - INFO - success CVE-2014-9662,details in cve_test/CVE-2014-9662.log

2025-09-08 16:18:39,753 - INFO - detecting CVE-2014-9662 cf2_builder_cubeTo
2025-09-08 16:18:39,754 - INFO - cmd: python main.py --detect --cve_id CVE-2014-9662 --target_bin /binaries/target/freetype/freetype-2.6-o3-freetype --vul_func_name cf2_builder_cubeTo --project freetype
2025-09-08 16:18:49,654 - INFO - success CVE-2014-9662,details in cve_test/CVE-2014-9662.log

2025-09-08 16:18:49,656 - INFO - detecting CVE-2014-9662 cf2_builder_lineTo
2025-09-08 16:18:49,656 - INFO - cmd: python main.py --detect --cve_id CVE-2014-9662 --target_bin /binaries/target/freetype/freetype-2.5.3-o3-freetype --vul_func_name cf2_builder_lineTo --project freetype
2025-09-08 16:19:00,263 - INFO - success CVE-2014-9662,details in cve_test/CVE-2014-9662.log

2025-09-08 16:19:00,264 - INFO - detecting CVE-2014-9662 cf2_builder_lineTo
2025-09-08 16:19:00,265 - INFO - cmd: python main.py --detect --cve_id CVE-2014-9662 --target_bin /binaries/target/freetype/freetype-2.5.2-o3-freetype --vul_func_name cf2_builder_lineTo --project freetype
2025-09-08 16:19:11,029 - INFO - success CVE-2014-9662,details in cve_test/CVE-2014-9662.log

2025-09-08 16:19:11,030 - INFO - detecting CVE-2014-9662 cf2_builder_lineTo
2025-09-08 16:19:11,031 - INFO - cmd: python main.py --detect --cve_id CVE-2014-9662 --target_bin /binaries/target/freetype/freetype-2.5.1-o3-freetype --vul_func_name cf2_builder_lineTo --project freetype
2025-09-08 16:19:21,610 - INFO - success CVE-2014-9662,details in cve_test/CVE-2014-9662.log

2025-09-08 16:19:21,611 - INFO - detecting CVE-2014-9662 cf2_builder_lineTo
2025-09-08 16:19:21,611 - INFO - cmd: python main.py --detect --cve_id CVE-2014-9662 --target_bin /binaries/target/freetype/freetype-2.5.4-o3-freetype --vul_func_name cf2_builder_lineTo --project freetype
2025-09-08 16:19:31,338 - INFO - success CVE-2014-9662,details in cve_test/CVE-2014-9662.log

2025-09-08 16:19:31,340 - INFO - detecting CVE-2014-9662 cf2_builder_lineTo
2025-09-08 16:19:31,340 - INFO - cmd: python main.py --detect --cve_id CVE-2014-9662 --target_bin /binaries/target/freetype/freetype-2.5.5-o3-freetype --vul_func_name cf2_builder_lineTo --project freetype
2025-09-08 16:19:40,754 - INFO - success CVE-2014-9662,details in cve_test/CVE-2014-9662.log

2025-09-08 16:19:40,756 - INFO - detecting CVE-2014-9662 cf2_builder_lineTo
2025-09-08 16:19:40,756 - INFO - cmd: python main.py --detect --cve_id CVE-2014-9662 --target_bin /binaries/target/freetype/freetype-2.6-o3-freetype --vul_func_name cf2_builder_lineTo --project freetype
2025-09-08 16:19:50,050 - INFO - success CVE-2014-9662,details in cve_test/CVE-2014-9662.log

2025-09-08 16:19:50,051 - INFO - detecting CVE-2014-9674 Mac_Read_POST_Resource
2025-09-08 16:19:50,054 - INFO - cmd: python main.py --detect --cve_id CVE-2014-9674 --target_bin /binaries/target/freetype/freetype-2.5.3-o3-freetype --vul_func_name Mac_Read_POST_Resource --project freetype
2025-09-08 16:19:54,130 - ERROR - fail CVE-2014-9674 ,details1

2025-09-08 16:19:54,131 - INFO - detecting CVE-2014-9674 Mac_Read_POST_Resource
2025-09-08 16:19:54,132 - INFO - cmd: python main.py