2025-09-08 12:01:52,097 - INFO - detecting CVE-2016-10065 ImportGrayQuantum
2025-09-08 12:01:52,097 - INFO - cmd: python main.py --detect --cve_id CVE-2016-10065 --target_bin /binaries/target/imagemagick/imagemagick-7.0.1-1-o3-magickcore --vul_func_name ImportGrayQuantum --project imagemagick
2025-09-08 12:01:57,580 - INFO - success CVE-2016-10065,details in cve_test/CVE-2016-10065.log

2025-09-08 12:01:57,581 - INFO - detecting CVE-2016-10065 ImportGrayQuantum
2025-09-08 12:01:57,581 - INFO - cmd: python main.py --detect --cve_id CVE-2016-10065 --target_bin /binaries/target/imagemagick/imagemagick-7.0.1-2-o3-magickcore --vul_func_name ImportGrayQuantum --project imagemagick
2025-09-08 12:02:03,265 - INFO - success CVE-2016-10065,details in cve_test/CVE-2016-10065.log

2025-09-08 12:02:03,266 - INFO - detecting CVE-2016-10065 ImportGrayQuantum
2025-09-08 12:02:03,267 - INFO - cmd: python main.py --detect --cve_id CVE-2016-10065 --target_bin /binaries/target/imagemagick/imagemagick-7.0.1-3-o3-magickcore --vul_func_name ImportGrayQuantum --project imagemagick
2025-09-08 12:02:09,463 - INFO - success CVE-2016-10065,details in cve_test/CVE-2016-10065.log

2025-09-08 12:02:09,464 - INFO - detecting CVE-2017-14174 ReadPSDLayersInternal
2025-09-08 12:02:09,465 - INFO - cmd: python main.py --detect --cve_id CVE-2017-14174 --target_bin /binaries/target/imagemagick/imagemagick-7.0.7-0-o3-magickcore --vul_func_name ReadPSDLayersInternal --project imagemagick
2025-09-08 12:02:17,211 - INFO - success CVE-2017-14174,details in cve_test/CVE-2017-14174.log

2025-09-08 12:02:17,212 - INFO - detecting CVE-2017-14174 ReadPSDLayersInternal
2025-09-08 12:02:17,212 - INFO - cmd: python main.py --detect --cve_id CVE-2017-14174 --target_bin /binaries/target/imagemagick/imagemagick-7.0.7-1-o3-magickcore --vul_func_name ReadPSDLayersInternal --project imagemagick
2025-09-08 12:02:26,207 - INFO - success CVE-2017-14174,details in cve_test/CVE-2017-14174.log

2025-09-08 12:02:26,208 - INFO - detecting CVE-2017-14174 ReadPSDLayersInternal
2025-09-08 12:02:26,208 - INFO - cmd: python main.py --detect --cve_id CVE-2017-14174 --target_bin /binaries/target/imagemagick/imagemagick-7.0.7-2-o3-magickcore --vul_func_name ReadPSDLayersInternal --project imagemagick
2025-09-08 12:02:34,190 - INFO - success CVE-2017-14174,details in cve_test/CVE-2017-14174.log

2025-09-08 12:02:34,191 - INFO - detecting CVE-2017-14174 ReadPSDLayersInternal
2025-09-08 12:02:34,191 - INFO - cmd: python main.py --detect --cve_id CVE-2017-14174 --target_bin /binaries/target/imagemagick/imagemagick-7.0.7-3-o3-magickcore --vul_func_name ReadPSDLayersInternal --project imagemagick
2025-09-08 12:02:42,506 - INFO - success CVE-2017-14174,details in cve_test/CVE-2017-14174.log

2025-09-08 12:02:42,507 - INFO - detecting CVE-2019-10649 SVGEndElement
2025-09-08 12:02:42,508 - INFO - cmd: python main.py --detect --cve_id CVE-2019-10649 --target_bin /binaries/target/imagemagick/imagemagick-7.0.8-36-o3-magickcore --vul_func_name SVGEndElement --project imagemagick
2025-09-08 12:02:52,963 - INFO - success CVE-2019-10649,details in cve_test/CVE-2019-10649.log

2025-09-08 12:02:52,964 - INFO - detecting CVE-2019-10649 SVGEndElement
2025-09-08 12:02:52,964 - INFO - cmd: python main.py --detect --cve_id CVE-2019-10649 --target_bin /binaries/target/imagemagick/imagemagick-7.0.8-37-o3-magickcore --vul_func_name SVGEndElement --project imagemagick
2025-09-08 12:03:03,510 - INFO - success CVE-2019-10649,details in cve_test/CVE-2019-10649.log

2025-09-08 12:03:03,511 - INFO - detecting CVE-2019-10649 SVGEndElement
2025-09-08 12:03:03,512 - INFO - cmd: python main.py --detect --cve_id CVE-2019-10649 --target_bin /binaries/target/imagemagick/imagemagick-7.0.8-38-o3-magickcore --vul_func_name SVGEndElement --project imagemagick
2025-09-08 12:03:13,505 - INFO - success CVE-2019-10649,details in cve_test/CVE-2019-10649.log

2025-09-08 12:03:13,506 - INFO - detecting CVE-2019-19949 Magick_png_write_raw_profile
2025-09-08 12:03:13,506 - INFO - cmd: python main.py --detect --cve_id CVE-2019-19949 --target_bin /binaries/target/imagemagick/imagemagick-7.0.8-42-o3-magickcore --vul_func_name Magick_png_write_raw_profile --project imagemagick
2025-09-08 12:03:18,814 - ERROR - fail CVE-2019-19949 ,details1

2025-09-08 12:03:18,814 - INFO - detecting CVE-2019-19949 Magick_png_write_raw_profile
2025-09-08 12:03:18,815 - INFO - cmd: python main.py --detect --cve_id CVE-2019-19949 --target_bin /binaries/target/imagemagick/imagemagick-7.0.8-41-o3-magickcore --vul_func_name Magick_png_write_raw_profile --project imagemagick
2025-09-08 12:03:24,195 - ERROR - fail CVE-2019-19949 ,details1

2025-09-08 12:03:24,196 - INFO - detecting CVE-2019-19949 Magick_png_write_raw_profile
2025-09-08 12:03:24,196 - INFO - cmd: python main.py --detect --cve_id CVE-2019-19949 --target_bin /binaries/target/imagemagick/imagemagick-7.0.8-40-o3-magickcore --vul_func_name Magick_png_write_raw_profile --project imagemagick
2025-09-08 12:03:29,522 - ERROR - fail CVE-2019-19949 ,details1

2025-09-08 12:03:29,526 - INFO - detecting CVE-2019-19949 Magick_png_write_raw_profile
2025-09-08 12:03:29,526 - INFO - cmd: python main.py --detect --cve_id CVE-2019-19949 --target_bin /binaries/target/imagemagick/imagemagick-7.0.8-43-o3-magickcore --vul_func_name Magick_png_write_raw_profile --project imagemagick
2025-09-08 12:03:34,941 - ERROR - fail CVE-2019-19949 ,details1

2025-09-08 12:03:34,942 - INFO - detecting CVE-2019-19949 Magick_png_write_raw_profile
2025-09-08 12:03:34,943 - INFO - cmd: python main.py --detect --cve_id CVE-2019-19949 --target_bin /binaries/target/imagemagick/imagemagick-7.0.8-44-o3-magickcore --vul_func_name Magick_png_write_raw_profile --project imagemagick
2025-09-08 12:03:40,579 - ERROR - fail CVE-2019-19949 ,details1

2025-09-08 12:03:40,580 - INFO - detecting CVE-2019-19949 Magick_png_write_raw_profile
2025-09-08 12:03:40,580 - INFO - cmd: python main.py --detect --cve_id CVE-2019-19949 --target_bin /binaries/target/imagemagick/imagemagick-7.0.8-45-o3-magickcore --vul_func_name Magick_png_write_raw_profile --project imagemagick
2025-09-08 12:03:46,076 - ERROR - fail CVE-2019-19949 ,details1

2025-09-08 12:03:46,077 - INFO - detecting CVE-2020-27774 ApplyEvaluateOperator
2025-09-08 12:03:46,078 - INFO - cmd: python main.py --detect --cve_id CVE-2020-27774 --target_bin /binaries/target/imagemagick/imagemagick-7.0.8-68-o3-magickcore --vul_func_name ApplyEvaluateOperator --project imagemagick
2025-09-08 12:03:53,480 - INFO - success CVE-2020-27774,details in cve_test/CVE-2020-27774.log

2025-09-08 12:03:53,481 - INFO - detecting CVE-2020-27774 ApplyEvaluateOperator
2025-09-08 12:03:53,481 - INFO - cmd: python main.py --detect --cve_id CVE-2020-27774 --target_bin /binaries/target/imagemagick/imagemagick-7.0.8-67-o3-magickcore --vul_func_name ApplyEvaluateOperator --project imagemagick
2025-09-08 12:04:00,645 - INFO - success CVE-2020-27774,details in cve_test/CVE-2020-27774.log

2025-09-08 12:04:00,646 - INFO - detecting CVE-2020-27774 ApplyEvaluateOperator
2025-09-08 12:04:00,647 - INFO - cmd: python main.py --detect --cve_id CVE-2020-27774 --target_bin /binaries/target/imagemagick/imagemagick-7.0.8-66-o3-magickcore --vul_func_name ApplyEvaluateOperator --project imagemagick
2025-09-08 12:04:07,745 - INFO - success CVE-2020-27774,details in cve_test/CVE-2020-27774.log

2025-09-08 12:04:07,746 - INFO - detecting CVE-2020-27774 ApplyEvaluateOperator
2025-09-08 12:04:07,746 - INFO - cmd: python main.py --detect --cve_id CVE-2020-27774 --target_bin /binaries/target/imagemagick/imagemagick-7.1.0-0-o3-magickcore --vul_func_name ApplyEvaluateOperator --project imagemagick
2025-09-08 12:04:14,845 - INFO - success CVE-2020-27774,details in cve_test/CVE-2020-27774.log

2025-09-08 12:04:14,846 - INFO - detecting CVE-2020-27774 ApplyEvaluateOperator
2025-09-08 12:04:14,847 - INFO - cmd: python main.py --detect --cve_id CVE-2020-27774 --target_bin /binaries/target/imagemagick/imagemagick-7.1.0-1-o3-magickcore --vul_func_name ApplyEvaluateOperator --project imagemagick
2025-09-08 12:04:22,483 - INFO - success CVE-2020-27774,details in cve_test/CVE-2020-27774.log

2025-09-08 12:04:22,484 - INFO - detecting CVE-2020-27774 ApplyEvaluateOperator
2025-09-08 12:04:22,485 - INFO - cmd: python main.py --detect --cve_id CVE-2020-27774 --target_bin /binaries/target/imagemagick/imagemagick-7.1.0-2-o3-magickcore --vul_func_name ApplyEvaluateOperator --project imagemagick
2025-09-08 12:04:29,476 - INFO - success CVE-2020-27774,details in cve_test/CVE-2020-27774.log

2025-09-08 12:04:29,477 - INFO - detecting CVE-2020-25667 TIFFGetProfiles
2025-09-08 12:04:29,477 - INFO - cmd: python main.py --detect --cve_id CVE-2020-25667 --target_bin /binaries/target/imagemagick/imagemagick-7.0.8-68-o3-magickcore --vul_func_name TIFFGetProfiles --project imagemagick
2025-09-08 12:04:35,322 - ERROR - fail CVE-2020-25667 ,details1

2025-09-08 12:04:35,323 - INFO - detecting CVE-2020-25667 TIFFGetProfiles
2025-09-08 12:04:35,323 - INFO - cmd: python main.py --detect --cve_id CVE-2020-25667 --target_bin /binaries/target/imagemagick/imagemagick-7.0.8-67-o3-magickcore --vul_func_name TIFFGetProfiles --project imagemagick
2025-09-08 12:04:40,829 - ERROR - fail CVE-2020-25667 ,details1

2025-09-08 12:04:40,830 - INFO - detecting CVE-2020-25667 TIFFGetProfiles
2025-09-08 12:04:40,830 - INFO - cmd: python main.py --detect --cve_id CVE-2020-25667 --target_bin /binaries/target/imagemagick/imagemagick-7.0.8-66-o3-magickcore --vul_func_name TIFFGetProfiles --project imagemagick
2025-09-08 12:04:45,822 - ERROR - fail CVE-2020-25667 ,details1

2025-09-08 12:04:45,823 - INFO - detecting CVE-2020-25667 TIFFGetProfiles
2025-09-08 12:04:45,823 - INFO - cmd: python main.py --detect --cve_id CVE-2020-25667 --target_bin /binaries/target/imagemagick/imagemagick-7.1.0-0-o3-magickcore --vul_func_name TIFFGetProfiles --project imagemagick
2025-09-08 12:04:50,981 - ERROR - fail CVE-2020-25667 ,details1

2025-09-08 12:04:50,982 - INFO - detecting CVE-2020-25667 TIFFGetProfiles
2025-09-08 12:04:50,983 - INFO - cmd: python main.py --detect --cve_id CVE-2020-25667 --target_bin /binaries/target/imagemagick/imagemagick-7.1.0-1-o3-magickcore --vul_func_name TIFFGetProfiles --project imagemagick
2025-09-08 12:04:56,947 - ERROR - fail CVE-2020-25667 ,details1

2025-09-08 12:04:56,948 - INFO - detecting CVE-2020-25667 TIFFGetProfiles
2025-09-08 12:04:56,948 - INFO - cmd: python main.py --detect --cve_id CVE-2020-25667 --target_bin /binaries/target/imagemagick/imagemagick-7.1.0-2-o3-magickcore --vul_func_name TIFFGetProfiles --project imagemagick
2025-09-08 12:05:02,466 - ERROR - fail CVE-2020-25667 ,details1

2025-09-08 12:05:02,467 - INFO - detecting CVE-2020-27753 PopRunlengthPacket
2025-09-08 12:05:02,468 - INFO - cmd: python main.py --detect --cve_id CVE-2020-27753 --target_bin /binaries/target/imagemagick/imagemagick-7.0.8-68-o3-magickcore --vul_func_name PopRunlengthPacket --project imagemagick
2025-09-08 12:05:12,804 - INFO - success CVE-2020-27753,details in cve_test/CVE-2020-27753.log

2025-09-08 12:05:12,807 - INFO - detecting CVE-2020-27753 PopRunlengthPacket
2025-09-08 12:05:12,808 - INFO - cmd: python main.py --detect --cve_id CVE-2020-27753 --target_bin /binaries/target/imagemagick/imagemagick-7.0.8-67-o3-magickcore --vul_func_name PopRunlengthPacket --project imagemagick
2025-09-08 12:05:21,928 - INFO - success CVE-2020-27753,details in cve_test/CVE-2020-27753.log

2025-09-08 12:05:21,929 - INFO - detecting CVE-2020-27753 PopRunlengthPacket
2025-09-08 12:05:21,929 - INFO - cmd: python main.py --detect --cve_id CVE-2020-27753 --target_bin /binaries/target/imagemagick/imagemagick-7.0.8-66-o3-magickcore --vul_func_name PopRunlengthPacket --project imagemagick
2025-09-08 12:05:31,483 - INFO - success CVE-2020-27753,details in cve_test/CVE-2020-27753.log

2025-09-08 12:05:31,484 - INFO - detecting CVE-2020-27753 PopRunlengthPacket
2025-09-08 12:05:31,485 - INFO - cmd: python main.py --detect --cve_id CVE-2020-27753 --target_bin /binaries/target/imagemagick/imagemagick-7.1.0-0-o3-magickcore --vul_func_name PopRunlengthPacket --project imagemagick
2025-09-08 12:05:42,310 - INFO - success CVE-2020-27753,details in cve_test/CVE-2020-27753.log

2025-09-08 12:05:42,311 - INFO - detecting CVE-2020-27753 PopRunlengthPacket
2025-09-08 12:05:42,312 - INFO - cmd: python main.py --detect --cve_id CVE-2020-27753 --target_bin /binaries/target/imagemagick/imagemagick-7.1.0-1-o3-magickcore --vul_func_name PopRunlengthPacket --project imagemagick
2025-09-08 12:05:52,991 - INFO - success CVE-2020-27753,details in cve_test/CVE-2020-27753.log

2025-09-08 12:05:52,992 - INFO - detecting CVE-2020-27753 PopRunlengthPacket
2025-09-08 12:05:52,992 - INFO - cmd: python main.py --detect --cve_id CVE-2020-27753 --target_bin /binaries/target/imagemagick/imagemagick-7.1.0-2-o3-magickcore --vul_func_name PopRunlengthPacket --project imagemagick
2025-09-08 12:06:03,575 - INFO - success CVE-2020-27753,details in cve_test/CVE-2020-27753.log

2025-09-08 12:06:03,577 - INFO - detecting CVE-2020-27753 PushRunlengthPacket
2025-09-08 12:06:03,577 - INFO - cmd: python main.py --detect --cve_id CVE-2020-27753 --target_bin /binaries/target/imagemagick/imagemagick-7.0.8-68-o3-magickcore --vul_func_name PushRunlengthPacket --project imagemagick
2025-09-08 12:06:09,454 - ERROR - fail CVE-2020-27753 ,details1

2025-09-08 12:06:09,455 - INFO - detecting CVE-2020-27753 PushRunlengthPacket
2025-09-08 12:06:09,456 - INFO - cmd: python main.py --detect --cve_id CVE-2020-27753 --target_bin /binaries/target/imagemagick/imagemagick-7.0.8-67-o3-magickcore --vul_func_name PushRunlengthPacket --project imagemagick
2025-09-08 12:06:15,318 - ERROR - fail CVE-2020-27753 ,details1

2025-09-08 12:06:15,319 - INFO - detecting CVE-2020-27753 PushRunlengthPacket
2025-09-08 12:06:15,319 - INFO - cmd: python main.py --detect --cve_id CVE-2020-27753 --target_bin /binaries/target/imagemagick/imagemagick-7.0.8-66-o3-magickcore --vul_func_name PushRunlengthPacket --project imagemagick
2025-09-08 12:06:20,791 - ERROR - fail CVE-2020-27753 ,details1

2025-09-08 12:06:20,792 - INFO - detecting CVE-2020-27753 PushRunlengthPacket
2025-09-08 12:06:20,792 - INFO - cmd: python main.py --detect --cve_id CVE-2020-27753 --target_bin /binaries/target/imagemagick/imagemagick-7.1.0-0-o3-magickcore --vul_func_name PushRunlengthPacket --project imagemagick
2025-09-08 12:06:26,705 - ERROR - fail CVE-2020-27753 ,details1

2025-09-08 12:06:26,706 - INFO - detecting CVE-2020-27753 PushRunlengthPacket
2025-09-08 12:06:26,707 - INFO - cmd: python main.py --detect --cve_id CVE-2020-27753 --target_bin /binaries/target/imagemagick/imagemagick-7.1.0-1-o3-magickcore --vul_func_name PushRunlengthPacket --project imagemagick
2025-09-08 12:06:32,378 - ERROR - fail CVE-2020-27753 ,details1

2025-09-08 12:06:32,379 - INFO - detecting CVE-2020-27753 PushRunlengthPacket
2025-09-08 12:06:32,380 - INFO - cmd: python main.py --detect --cve_id CVE-2020-27753 --target_bin /binaries/target/imagemagick/imagemagick-7.1.0-2-o3-magickcore --vul_func_name PushRunlengthPacket --project imagemagick
2025-09-08 12:06:37,521 - ERROR - fail CVE-2020-27753 ,details1

2025-09-08 12:06:37,522 - INFO - detecting CVE-2021-20311 WriteTHUMBNAILImage
2025-09-08 12:06:37,523 - INFO - cmd: python main.py --detect --cve_id CVE-2021-20311 --target_bin /binaries/target/imagemagick/imagemagick-7.0.10-62-o3-magickcore --vul_func_name WriteTHUMBNAILImage --project imagemagick
2025-09-08 12:06:43,755 - INFO - success CVE-2021-20311,details in cve_test/CVE-2021-20311.log

2025-09-08 12:06:43,756 - INFO - detecting CVE-2021-20311 WriteTHUMBNAILImage
2025-09-08 12:06:43,757 - INFO - cmd: python main.py --detect --cve_id CVE-2021-20311 --target_bin /binaries/target/imagemagick/imagemagick-7.0.10-61-o3-magickcore --vul_func_name WriteTHUMBNAILImage --project imagemagick
2025-09-08 12:06:49,871 - INFO - success CVE-2021-20311,details in cve_test/CVE-2021-20311.log

2025-09-08 12:06:49,872 - INFO - detecting CVE-2021-20311 WriteTHUMBNAILImage
2025-09-08 12:06:49,873 - INFO - cmd: python main.py --detect --cve_id CVE-2021-20311 --target_bin /binaries/target/imagemagick/imagemagick-7.0.10-60-o3-magickcore --vul_func_name WriteTHUMBNAILImage --project imagemagick
2025-09-08 12:06:55,429 - INFO - success CVE-2021-20311,details in cve_test/CVE-2021-20311.log

2025-09-08 12:06:55,431 - INFO - detecting CVE-2021-20311 WriteTHUMBNAILImage
2025-09-08 12:06:55,431 - INFO - cmd: python main.py --detect --cve_id CVE-2021-20311 --target_bin /binaries/target/imagemagick/imagemagick-7.0.11-2-o3-magickcore --vul_func_name WriteTHUMBNAILImage --project imagemagick
2025-09-08 12:07:01,956 - INFO - success CVE-2021-20311,details in cve_test/CVE-2021-20311.log

2025-09-08 12:07:01,957 - INFO - detecting CVE-2021-20311 WriteTHUMBNAILImage
2025-09-08 12:07:01,957 - INFO - cmd: python main.py --detect --cve_id CVE-2021-20311 --target_bin /binaries/target/imagemagick/imagemagick-7.0.11-3-o3-magickcore --vul_func_name WriteTHUMBNAILImage --project imagemagick
2025-09-08 12:07:07,583 - INFO - success CVE-2021-20311,details in cve_test/CVE-2021-20311.log

2025-09-08 12:07:07,584 - INFO - detecting CVE-2021-20311 WriteTHUMBNAILImage
2025-09-08 12:07:07,585 - INFO - cmd: python main.py --detect --cve_id CVE-2021-20311 --target_bin /binaries/target/imagemagick/imagemagick-7.0.11-4-o3-magickcore --vul_func_name WriteTHUMBNAILImage --project imagemagick
2025-09-08 12:07:13,728 - INFO - success CVE-2021-20311,details in cve_test/CVE-2021-20311.log

2025-09-08 12:07:13,729 - INFO - detecting CVE-2021-20313 WriteTHUMBNAILImage
2025-09-08 12:07:13,730 - INFO - cmd: python main.py --detect --cve_id CVE-2021-20313 --target_bin /binaries/target/imagemagick/imagemagick-7.0.10-62-o3-magickcore --vul_func_name WriteTHUMBNAILImage --project imagemagick
2025-09-08 12:07:20,122 - INFO - success CVE-2021-20313,details in cve_test/CVE-2021-20313.log

2025-09-08 12:07:20,123 - INFO - detecting CVE-2021-20313 WriteTHUMBNAILImage
2025-09-08 12:07:20,124 - INFO - cmd: python main.py --detect --cve_id CVE-2021-20313 --target_bin /binaries/target/imagemagick/imagemagick-7.0.10-61-o3-magickcore --vul_func_name WriteTHUMBNAILImage --project imagemagick
2025-09-08 12:07:25,794 - INFO - success CVE-2021-20313,details in cve_test/CVE-2021-20313.log

2025-09-08 12:07:25,795 - INFO - detecting CVE-2021-20313 WriteTHUMBNAILImage
2025-09-08 12:07:25,796 - INFO - cmd: python main.py --detect --cve_id CVE-2021-20313 --target_bin /binaries/target/imagemagick/imagemagick-7.0.10-60-o3-magickcore --vul_func_name WriteTHUMBNAILImage --project imagemagick
2025-09-08 12:07:31,708 - INFO - success CVE-2021-20313,details in cve_test/CVE-2021-20313.log

2025-09-08 12:07:31,710 - INFO - detecting CVE-2021-20313 WriteTHUMBNAILImage
2025-09-08 12:07:31,710 - INFO - cmd: python main.py --detect --cve_id CVE-2021-20313 --target_bin /binaries/target/imagemagick/imagemagick-7.0.11-2-o3-magickcore --vul_func_name WriteTHUMBNAILImage --project imagemagick
2025-09-08 12:07:37,931 - INFO - success CVE-2021-20313,details in cve_test/CVE-2021-20313.log

2025-09-08 12:07:37,932 - INFO - detecting CVE-2021-20313 WriteTHUMBNAILImage
2025-09-08 12:07:37,933 - INFO - cmd: python main.py --detect --cve_id CVE-2021-20313 --target_bin /binaries/target/imagemagick/imagemagick-7.0.11-3-o3-magickcore --vul_func_name WriteTHUMBNAILImage --project imagemagick
2025-09-08 12:07:44,193 - INFO - success CVE-2021-20313,details in cve_test/CVE-2021-20313.log

2025-09-08 12:07:44,194 - INFO - detecting CVE-2021-20313 WriteTHUMBNAILImage
2025-09-08 12:07:44,195 - INFO - cmd: python main.py --detect --cve_id CVE-2021-20313 --target_bin /binaries/target/imagemagick/imagemagick-7.0.11-4-o3-magickcore --vul_func_name WriteTHUMBNAILImage --project imagemagick
2025-09-08 12:07:50,140 - INFO - success CVE-2021-20313,details in cve_test/CVE-2021-20313.log

2025-09-08 12:07:50,141 - INFO - detecting CVE-2023-34153 ReadVIDEOImage
2025-09-08 12:07:50,141 - INFO - cmd: python main.py --detect --cve_id CVE-2023-34153 --target_bin /binaries/target/imagemagick/imagemagick-7.1.0-1-o3-magickcore --vul_func_name ReadVIDEOImage --project imagemagick
2025-09-08 12:07:55,860 - INFO - success CVE-2023-34153,details in cve_test/CVE-2023-34153.log

2025-09-08 12:07:55,861 - INFO - detecting CVE-2023-34153 ReadVIDEOImage
2025-09-08 12:07:55,862 - INFO - cmd: python main.py --detect --cve_id CVE-2023-34153 --target_bin /binaries/target/imagemagick/imagemagick-7.1.0-2-o3-magickcore --vul_func_name ReadVIDEOImage --project imagemagick
2025-09-08 12:08:02,018 - INFO - success CVE-2023-34153,details in cve_test/CVE-2023-34153.log

2025-09-08 12:08:02,019 - INFO - detecting CVE-2023-34153 ReadVIDEOImage
2025-09-08 12:08:02,019 - INFO - cmd: python main.py --detect --cve_id CVE-2023-34153 --target_bin /binaries/target/imagemagick/imagemagick-7.1.0-0-o3-magickcore --vul_func_name ReadVIDEOImage --project imagemagick
2025-09-08 12:08:07,509 - INFO - success CVE-2023-34153,details in cve_test/CVE-2023-34153.log

2025-09-08 12:08:07,510 - INFO - detecting CVE-2023-34153 ReadVIDEOImage
2025-09-08 12:08:07,510 - INFO - cmd: python main.py --detect --cve_id CVE-2023-34153 --target_bin /binaries/target/imagemagick/imagemagick-7.1.1-11-o3-magickcore --vul_func_name ReadVIDEOImage --project imagemagick
2025-09-08 12:08:13,546 - INFO - success CVE-2023-34153,details in cve_test/CVE-2023-34153.log

2025-09-08 12:08:13,547 - INFO - detecting CVE-2023-34153 ReadVIDEOImage
2025-09-08 12:08:13,550 - INFO - cmd: python main.py --detect --cve_id CVE-2023-34153 --target_bin /binaries/target/imagemagick/imagemagick-7.1.1-12-o3-magickcore --vul_func_name ReadVIDEOImage --project imagemagick
2025-09-08 12:08:19,847 - INFO - success CVE-2023-34153,details in cve_test/CVE-2023-34153.log

2025-09-08 12:08:19,848 - INFO - detecting CVE-2023-34153 ReadVIDEOImage
2025-09-08 12:08:19,848 - INFO - cmd: python main.py --detect --cve_id CVE-2023-34153 --target_bin /binaries/target/imagemagick/imagemagick-7.1.1-13-o3-magickcore --vul_func_name ReadVIDEOImage --project imagemagick
2025-09-08 12:08:25,520 - INFO - success CVE-2023-34153,details in cve_test/CVE-2023-34153.log

2025-09-08 12:08:25,521 - INFO - detecting CVE-2023-5341 ReadBMPImage
2025-09-08 12:08:25,521 - INFO - cmd: python main.py --detect --cve_id CVE-2023-5341 --target_bin /binaries/target/imagemagick/imagemagick-7.1.1-19-o3-magickcore --vul_func_name ReadBMPImage --project imagemagick
2025-09-08 12:08:32,091 - INFO - success CVE-2023-5341,details in cve_test/CVE-2023-5341.log

2025-09-08 12:08:32,092 - INFO - detecting CVE-2023-5341 ReadBMPImage
2025-09-08 12:08:32,093 - INFO - cmd: python main.py --detect --cve_id CVE-2023-5341 --target_bin /binaries/target/imagemagick/imagemagick-7.1.1-11-o3-magickcore --vul_func_name ReadBMPImage --project imagemagick
2025-09-08 12:08:37,970 - INFO - success CVE-2023-5341,details in cve_test/CVE-2023-5341.log

2025-09-08 12:08:37,971 - INFO - detecting CVE-2023-5341 ReadBMPImage
2025-09-08 12:08:37,971 - INFO - cmd: python main.py --detect --cve_id CVE-2023-5341 --target_bin /binaries/target/imagemagick/imagemagick-7.1.1-10-o3-magickcore --vul_func_name ReadBMPImage --project imagemagick
2025-09-08 12:08:43,894 - INFO - success CVE-2023-5341,details in cve_test/CVE-2023-5341.log

2025-09-08 12:08:43,895 - INFO - detecting CVE-2023-5341 ReadBMPImage
2025-09-08 12:08:43,895 - INFO - cmd: python main.py --detect --cve_id CVE-2023-5341 --target_bin /binaries/target/imagemagick/imagemagick-7.1.1-20-o3-magickcore --vul_func_name ReadBMPImage --project imagemagick
2025-09-08 12:08:49,857 - INFO - success CVE-2023-5341,details in cve_test/CVE-2023-5341.log

2025-09-08 12:08:49,859 - INFO - detecting CVE-2023-5341 ReadBMPImage
2025-09-08 12:08:49,859 - INFO - cmd: python main.py --detect --cve_id CVE-2023-5341 --target_bin /binaries/target/imagemagick/imagemagick-7.1.1-21-o3-magickcore --vul_func_name ReadBMPImage --project imagemagick
2025-09-08 12:08:56,042 - INFO - success CVE-2023-5341,details in cve_test/CVE-2023-5341.log

2025-09-08 12:08:56,043 - INFO - detecting CVE-2023-5341 ReadBMPImage
2025-09-08 12:08:56,043 - INFO - cmd: python main.py --detect --cve_id CVE-2023-5341 --target_bin /binaries/target/imagemagick/imagemagick-7.1.1-22-o3-magickcore --vul_func_name ReadBMPImage --project imagemagick
2025-09-08 12:09:02,395 - INFO - success CVE-2023-5341,details in cve_test/CVE-2023-5341.log