2025-09-08 16:49:06,207 - INFO - detecting CVE-2013-0338 xmlParserEntityCheck
2025-09-08 16:49:06,208 - INFO - cmd: python main.py --detect --cve_id CVE-2013-0338 --target_bin /binaries/target/libxml2/libxml2-2.9.0-o3-libxml2 --vul_func_name xmlParserEntityCheck --project libxml2
2025-09-08 16:49:10,676 - INFO - success CVE-2013-0338,details in cve_test/CVE-2013-0338.log

2025-09-08 16:49:10,676 - INFO - detecting CVE-2013-0338 xmlParserEntityCheck
2025-09-08 16:49:10,677 - INFO - cmd: python main.py --detect --cve_id CVE-2013-0338 --target_bin /binaries/target/libxml2/libxml2-2.8.0-o3-libxml2 --vul_func_name xmlParserEntityCheck --project libxml2
2025-09-08 16:49:15,469 - INFO - success CVE-2013-0338,details in cve_test/CVE-2013-0338.log

2025-09-08 16:49:15,470 - INFO - detecting CVE-2013-0338 xmlParserEntityCheck
2025-09-08 16:49:15,470 - INFO - cmd: python main.py --detect --cve_id CVE-2013-0338 --target_bin /binaries/target/libxml2/libxml2-2.8.0-rc2-o3-libxml2 --vul_func_name xmlParserEntityCheck --project libxml2
2025-09-08 16:49:19,903 - INFO - success CVE-2013-0338,details in cve_test/CVE-2013-0338.log

2025-09-08 16:49:19,904 - INFO - detecting CVE-2013-0338 xmlParserEntityCheck
2025-09-08 16:49:19,905 - INFO - cmd: python main.py --detect --cve_id CVE-2013-0338 --target_bin /binaries/target/libxml2/libxml2-2.9.1-o3-libxml2 --vul_func_name xmlParserEntityCheck --project libxml2
2025-09-08 16:49:24,791 - INFO - success CVE-2013-0338,details in cve_test/CVE-2013-0338.log

2025-09-08 16:49:24,792 - INFO - detecting CVE-2013-0338 xmlParserEntityCheck
2025-09-08 16:49:24,792 - INFO - cmd: python main.py --detect --cve_id CVE-2013-0338 --target_bin /binaries/target/libxml2/libxml2-2.9.2-rc1-o3-libxml2 --vul_func_name xmlParserEntityCheck --project libxml2
2025-09-08 16:49:29,953 - INFO - success CVE-2013-0338,details in cve_test/CVE-2013-0338.log

2025-09-08 16:49:29,954 - INFO - detecting CVE-2013-0338 xmlParserEntityCheck
2025-09-08 16:49:29,954 - INFO - cmd: python main.py --detect --cve_id CVE-2013-0338 --target_bin /binaries/target/libxml2/libxml2-2.9.2-rc2-o3-libxml2 --vul_func_name xmlParserEntityCheck --project libxml2
2025-09-08 16:49:35,532 - INFO - success CVE-2013-0338,details in cve_test/CVE-2013-0338.log

2025-09-08 16:49:35,533 - INFO - detecting CVE-2013-1969 htmlParseChunk__internal_alias
2025-09-08 16:49:35,533 - INFO - cmd: python main.py --detect --cve_id CVE-2013-1969 --target_bin /binaries/target/libxml2/libxml2-2.9.0-o3-libxml2 --vul_func_name htmlParseChunk__internal_alias --project libxml2
2025-09-08 16:49:41,016 - INFO - success CVE-2013-1969,details in cve_test/CVE-2013-1969.log

2025-09-08 16:49:41,017 - INFO - detecting CVE-2013-1969 htmlParseChunk__internal_alias
2025-09-08 16:49:41,022 - INFO - cmd: python main.py --detect --cve_id CVE-2013-1969 --target_bin /binaries/target/libxml2/libxml2-2.9.1-o3-libxml2 --vul_func_name htmlParseChunk__internal_alias --project libxml2
2025-09-08 16:49:46,253 - INFO - success CVE-2013-1969,details in cve_test/CVE-2013-1969.log

2025-09-08 16:49:46,254 - INFO - detecting CVE-2013-1969 htmlParseChunk__internal_alias
2025-09-08 16:49:46,254 - INFO - cmd: python main.py --detect --cve_id CVE-2013-1969 --target_bin /binaries/target/libxml2/libxml2-2.9.2-rc1-o3-libxml2 --vul_func_name htmlParseChunk__internal_alias --project libxml2
2025-09-08 16:49:51,925 - INFO - success CVE-2013-1969,details in cve_test/CVE-2013-1969.log

2025-09-08 16:49:51,925 - INFO - detecting CVE-2013-1969 htmlParseChunk__internal_alias
2025-09-08 16:49:51,926 - INFO - cmd: python main.py --detect --cve_id CVE-2013-1969 --target_bin /binaries/target/libxml2/libxml2-2.9.2-rc2-o3-libxml2 --vul_func_name htmlParseChunk__internal_alias --project libxml2
2025-09-08 16:49:56,738 - INFO - success CVE-2013-1969,details in cve_test/CVE-2013-1969.log

2025-09-08 16:49:56,739 - INFO - detecting CVE-2015-7498 xmlParseXMLDecl__internal_alias
2025-09-08 16:49:56,740 - INFO - cmd: python main.py --detect --cve_id CVE-2015-7498 --target_bin /binaries/target/libxml2/libxml2-2.9.2-o3-libxml2 --vul_func_name xmlParseXMLDecl__internal_alias --project libxml2
2025-09-08 16:50:10,144 - INFO - success CVE-2015-7498,details in cve_test/CVE-2015-7498.log

2025-09-08 16:50:10,145 - INFO - detecting CVE-2015-7498 xmlParseXMLDecl__internal_alias
2025-09-08 16:50:10,145 - INFO - cmd: python main.py --detect --cve_id CVE-2015-7498 --target_bin /binaries/target/libxml2/libxml2-2.9.1-o3-libxml2 --vul_func_name xmlParseXMLDecl__internal_alias --project libxml2
2025-09-08 16:50:22,537 - INFO - success CVE-2015-7498,details in cve_test/CVE-2015-7498.log

2025-09-08 16:50:22,537 - INFO - detecting CVE-2015-7498 xmlParseXMLDecl__internal_alias
2025-09-08 16:50:22,538 - INFO - cmd: python main.py --detect --cve_id CVE-2015-7498 --target_bin /binaries/target/libxml2/libxml2-2.9.0-o3-libxml2 --vul_func_name xmlParseXMLDecl__internal_alias --project libxml2
2025-09-08 16:50:33,529 - INFO - success CVE-2015-7498,details in cve_test/CVE-2015-7498.log

2025-09-08 16:50:33,530 - INFO - detecting CVE-2015-7498 xmlParseXMLDecl__internal_alias
2025-09-08 16:50:33,530 - INFO - cmd: python main.py --detect --cve_id CVE-2015-7498 --target_bin /binaries/target/libxml2/libxml2-2.9.3-o3-libxml2 --vul_func_name xmlParseXMLDecl__internal_alias --project libxml2
2025-09-08 16:50:44,486 - INFO - success CVE-2015-7498,details in cve_test/CVE-2015-7498.log

2025-09-08 16:50:44,487 - INFO - detecting CVE-2015-7498 xmlParseXMLDecl__internal_alias
2025-09-08 16:50:44,488 - INFO - cmd: python main.py --detect --cve_id CVE-2015-7498 --target_bin /binaries/target/libxml2/libxml2-2.9.4-o3-libxml2 --vul_func_name xmlParseXMLDecl__internal_alias --project libxml2
2025-09-08 16:50:55,700 - INFO - success CVE-2015-7498,details in cve_test/CVE-2015-7498.log

2025-09-08 16:50:55,701 - INFO - detecting CVE-2015-7498 xmlParseXMLDecl__internal_alias
2025-09-08 16:50:55,701 - INFO - cmd: python main.py --detect --cve_id CVE-2015-7498 --target_bin /binaries/target/libxml2/libxml2-2.9.5-rc1-o3-libxml2 --vul_func_name xmlParseXMLDecl__internal_alias --project libxml2
2025-09-08 16:51:08,443 - INFO - success CVE-2015-7498,details in cve_test/CVE-2015-7498.log

2025-09-08 16:51:08,443 - INFO - detecting CVE-2015-7498 xmlSwitchEncoding__internal_alias
2025-09-08 16:51:08,444 - INFO - cmd: python main.py --detect --cve_id CVE-2015-7498 --target_bin /binaries/target/libxml2/libxml2-2.9.2-o3-libxml2 --vul_func_name xmlSwitchEncoding__internal_alias --project libxml2
2025-09-08 16:51:14,042 - INFO - success CVE-2015-7498,details in cve_test/CVE-2015-7498.log

2025-09-08 16:51:14,043 - INFO - detecting CVE-2015-7498 xmlSwitchEncoding__internal_alias
2025-09-08 16:51:14,044 - INFO - cmd: python main.py --detect --cve_id CVE-2015-7498 --target_bin /binaries/target/libxml2/libxml2-2.9.1-o3-libxml2 --vul_func_name xmlSwitchEncoding__internal_alias --project libxml2
2025-09-08 16:51:18,605 - INFO - success CVE-2015-7498,details in cve_test/CVE-2015-7498.log

2025-09-08 16:51:18,606 - INFO - detecting CVE-2015-7498 xmlSwitchEncoding__internal_alias
2025-09-08 16:51:18,606 - INFO - cmd: python main.py --detect --cve_id CVE-2015-7498 --target_bin /binaries/target/libxml2/libxml2-2.9.0-o3-libxml2 --vul_func_name xmlSwitchEncoding__internal_alias --project libxml2
2025-09-08 16:51:23,259 - INFO - success CVE-2015-7498,details in cve_test/CVE-2015-7498.log

2025-09-08 16:51:23,259 - INFO - detecting CVE-2015-7498 xmlSwitchEncoding__internal_alias
2025-09-08 16:51:23,260 - INFO - cmd: python main.py --detect --cve_id CVE-2015-7498 --target_bin /binaries/target/libxml2/libxml2-2.9.3-o3-libxml2 --vul_func_name xmlSwitchEncoding__internal_alias --project libxml2
2025-09-08 16:51:28,447 - INFO - success CVE-2015-7498,details in cve_test/CVE-2015-7498.log

2025-09-08 16:51:28,448 - INFO - detecting CVE-2015-7498 xmlSwitchEncoding__internal_alias
2025-09-08 16:51:28,448 - INFO - cmd: python main.py --detect --cve_id CVE-2015-7498 --target_bin /binaries/target/libxml2/libxml2-2.9.4-o3-libxml2 --vul_func_name xmlSwitchEncoding__internal_alias --project libxml2
2025-09-08 16:51:33,003 - INFO - success CVE-2015-7498,details in cve_test/CVE-2015-7498.log

2025-09-08 16:51:33,005 - INFO - detecting CVE-2015-7498 xmlSwitchEncoding__internal_alias
2025-09-08 16:51:33,005 - INFO - cmd: python main.py --detect --cve_id CVE-2015-7498 --target_bin /binaries/target/libxml2/libxml2-2.9.5-rc1-o3-libxml2 --vul_func_name xmlSwitchEncoding__internal_alias --project libxml2
2025-09-08 16:51:38,287 - INFO - success CVE-2015-7498,details in cve_test/CVE-2015-7498.log

2025-09-08 16:51:38,287 - INFO - detecting CVE-2015-7500 xmlParseStartTag2
2025-09-08 16:51:38,288 - INFO - cmd: python main.py --detect --cve_id CVE-2015-7500 --target_bin /binaries/target/libxml2/libxml2-2.9.2-o3-libxml2 --vul_func_name xmlParseStartTag2 --project libxml2
2025-09-08 16:51:45,764 - INFO - success CVE-2015-7500,details in cve_test/CVE-2015-7500.log

2025-09-08 16:51:45,765 - INFO - detecting CVE-2015-7500 xmlParseStartTag2
2025-09-08 16:51:45,765 - INFO - cmd: python main.py --detect --cve_id CVE-2015-7500 --target_bin /binaries/target/libxml2/libxml2-2.9.1-o3-libxml2 --vul_func_name xmlParseStartTag2 --project libxml2
2025-09-08 16:51:53,989 - INFO - success CVE-2015-7500,details in cve_test/CVE-2015-7500.log

2025-09-08 16:51:53,990 - INFO - detecting CVE-2015-7500 xmlParseStartTag2
2025-09-08 16:51:53,990 - INFO - cmd: python main.py --detect --cve_id CVE-2015-7500 --target_bin /binaries/target/libxml2/libxml2-2.9.0-o3-libxml2 --vul_func_name xmlParseStartTag2 --project libxml2
2025-09-08 16:52:00,764 - INFO - success CVE-2015-7500,details in cve_test/CVE-2015-7500.log

2025-09-08 16:52:00,765 - INFO - detecting CVE-2015-7500 xmlParseStartTag2
2025-09-08 16:52:00,765 - INFO - cmd: python main.py --detect --cve_id CVE-2015-7500 --target_bin /binaries/target/libxml2/libxml2-2.9.4-o3-libxml2 --vul_func_name xmlParseStartTag2 --project libxml2
2025-09-08 16:52:08,297 - INFO - success CVE-2015-7500,details in cve_test/CVE-2015-7500.log

2025-09-08 16:52:08,298 - INFO - detecting CVE-2015-7500 xmlParseStartTag2
2025-09-08 16:52:08,298 - INFO - cmd: python main.py --detect --cve_id CVE-2015-7500 --target_bin /binaries/target/libxml2/libxml2-2.9.5-rc1-o3-libxml2 --vul_func_name xmlParseStartTag2 --project libxml2
2025-09-08 16:52:15,945 - INFO - success CVE-2015-7500,details in cve_test/CVE-2015-7500.log

2025-09-08 16:52:15,946 - INFO - detecting CVE-2015-7500 xmlParseStartTag2
2025-09-08 16:52:15,946 - INFO - cmd: python main.py --detect --cve_id CVE-2015-7500 --target_bin /binaries/target/libxml2/libxml2-2.9.5-rc2-o3-libxml2 --vul_func_name xmlParseStartTag2 --project libxml2
2025-09-08 16:52:24,095 - INFO - success CVE-2015-7500,details in cve_test/CVE-2015-7500.log

2025-09-08 16:52:24,096 - INFO - detecting CVE-2015-7941 xmlParseConditionalSections
2025-09-08 16:52:24,097 - INFO - cmd: python main.py --detect --cve_id CVE-2015-7941 --target_bin /binaries/target/libxml2/libxml2-2.9.2-o3-libxml2 --vul_func_name xmlParseConditionalSections --project libxml2
2025-09-08 16:52:31,919 - INFO - success CVE-2015-7941,details in cve_test/CVE-2015-7941.log

2025-09-08 16:52:31,920 - INFO - detecting CVE-2015-7941 xmlParseConditionalSections
2025-09-08 16:52:31,920 - INFO - cmd: python main.py --detect --cve_id CVE-2015-7941 --target_bin /binaries/target/libxml2/libxml2-2.9.3-o3-libxml2 --vul_func_name xmlParseConditionalSections --project libxml2
2025-09-08 16:52:37,461 - INFO - success CVE-2015-7941,details in cve_test/CVE-2015-7941.log

2025-09-08 16:52:37,462 - INFO - detecting CVE-2015-7941 xmlParseConditionalSections
2025-09-08 16:52:37,462 - INFO - cmd: python main.py --detect --cve_id CVE-2015-7941 --target_bin /binaries/target/libxml2/libxml2-2.9.4-o3-libxml2 --vul_func_name xmlParseConditionalSections --project libxml2
2025-09-08 16:52:43,056 - INFO - success CVE-2015-7941,details in cve_test/CVE-2015-7941.log

2025-09-08 16:52:43,058 - INFO - detecting CVE-2015-7941 xmlParseConditionalSections
2025-09-08 16:52:43,058 - INFO - cmd: python main.py --detect --cve_id CVE-2015-7941 --target_bin /binaries/target/libxml2/libxml2-2.9.5-rc1-o3-libxml2 --vul_func_name xmlParseConditionalSections --project libxml2
2025-09-08 16:52:50,806 - INFO - success CVE-2015-7941,details in cve_test/CVE-2015-7941.log

2025-09-08 16:52:50,806 - INFO - detecting CVE-2015-8241 xmlParseMarkupDecl__internal_alias
2025-09-08 16:52:50,807 - INFO - cmd: python main.py --detect --cve_id CVE-2015-8241 --target_bin /binaries/target/libxml2/libxml2-2.9.2-o3-libxml2 --vul_func_name xmlParseMarkupDecl__internal_alias --project libxml2
2025-09-08 16:52:58,914 - INFO - success CVE-2015-8241,details in cve_test/CVE-2015-8241.log

2025-09-08 16:52:58,915 - INFO - detecting CVE-2015-8241 xmlParseMarkupDecl__internal_alias
2025-09-08 16:52:58,915 - INFO - cmd: python main.py --detect --cve_id CVE-2015-8241 --target_bin /binaries/target/libxml2/libxml2-2.9.1-o3-libxml2 --vul_func_name xmlParseMarkupDecl__internal_alias --project libxml2
2025-09-08 16:53:07,288 - INFO - success CVE-2015-8241,details in cve_test/CVE-2015-8241.log

2025-09-08 16:53:07,289 - INFO - detecting CVE-2015-8241 xmlParseMarkupDecl__internal_alias
2025-09-08 16:53:07,289 - INFO - cmd: python main.py --detect --cve_id CVE-2015-8241 --target_bin /binaries/target/libxml2/libxml2-2.9.0-o3-libxml2 --vul_func_name xmlParseMarkupDecl__internal_alias --project libxml2
2025-09-08 16:53:15,399 - INFO - success CVE-2015-8241,details in cve_test/CVE-2015-8241.log

2025-09-08 16:53:15,400 - INFO - detecting CVE-2015-8241 xmlParseMarkupDecl__internal_alias
2025-09-08 16:53:15,400 - INFO - cmd: python main.py --detect --cve_id CVE-2015-8241 --target_bin /binaries/target/libxml2/libxml2-2.9.3-o3-libxml2 --vul_func_name xmlParseMarkupDecl__internal_alias --project libxml2
2025-09-08 16:53:22,007 - INFO - success CVE-2015-8241,details in cve_test/CVE-2015-8241.log

2025-09-08 16:53:22,008 - INFO - detecting CVE-2015-8241 xmlParseMarkupDecl__internal_alias
2025-09-08 16:53:22,009 - INFO - cmd: python main.py --detect --cve_id CVE-2015-8241 --target_bin /binaries/target/libxml2/libxml2-2.9.4-o3-libxml2 --vul_func_name xmlParseMarkupDecl__internal_alias --project libxml2
2025-09-08 16:53:29,364 - INFO - success CVE-2015-8241,details in cve_test/CVE-2015-8241.log

2025-09-08 16:53:29,365 - INFO - detecting CVE-2015-8241 xmlParseMarkupDecl__internal_alias
2025-09-08 16:53:29,365 - INFO - cmd: python main.py --detect --cve_id CVE-2015-8241 --target_bin /binaries/target/libxml2/libxml2-2.9.5-rc1-o3-libxml2 --vul_func_name xmlParseMarkupDecl__internal_alias --project libxml2
2025-09-08 16:53:37,960 - INFO - success CVE-2015-8241,details in cve_test/CVE-2015-8241.log

2025-09-08 16:53:37,961 - INFO - detecting CVE-2016-1762 xmlParseInternalSubset
2025-09-08 16:53:37,962 - INFO - cmd: python main.py --detect --cve_id CVE-2016-1762 --target_bin /binaries/target/libxml2/libxml2-2.9.3-o3-libxml2 --vul_func_name xmlParseInternalSubset --project libxml2
2025-09-08 16:53:44,884 - INFO - success CVE-2016-1762,details in cve_test/CVE-2016-1762.log

2025-09-08 16:53:44,885 - INFO - detecting CVE-2016-1762 xmlParseInternalSubset
2025-09-08 16:53:44,885 - INFO - cmd: python main.py --detect --cve_id CVE-2016-1762 --target_bin /binaries/target/libxml2/libxml2-2.9.2-o3-libxml2 --vul_func_name xmlParseInternalSubset --project libxml2
2025-09-08 16:53:51,603 - INFO - success CVE-2016-1762,details in cve_test/CVE-2016-1762.log

2025-09-08 16:53:51,604 - INFO - detecting CVE-2016-1762 xmlParseInternalSubset
2025-09-08 16:53:51,604 - INFO - cmd: python main.py --detect --cve_id CVE-2016-1762 --target_bin /binaries/target/libxml2/libxml2-2.9.2-rc2-o3-libxml2 --vul_func_name xmlParseInternalSubset --project libxml2
2025-09-08 16:53:58,789 - INFO - success CVE-2016-1762,details in cve_test/CVE-2016-1762.log

2025-09-08 16:53:58,790 - INFO - detecting CVE-2016-1762 xmlParseInternalSubset
2025-09-08 16:53:58,790 - INFO - cmd: python main.py --detect --cve_id CVE-2016-1762 --target_bin /binaries/target/libxml2/libxml2-2.9.4-o3-libxml2 --vul_func_name xmlParseInternalSubset --project libxml2
2025-09-08 16:54:05,771 - INFO - success CVE-2016-1762,details in cve_test/CVE-2016-1762.log

2025-09-08 16:54:05,772 - INFO - detecting CVE-2016-1762 xmlParseInternalSubset
2025-09-08 16:54:05,773 - INFO - cmd: python main.py --detect --cve_id CVE-2016-1762 --target_bin /binaries/target/libxml2/libxml2-2.9.5-rc1-o3-libxml2 --vul_func_name xmlParseInternalSubset --project libxml2
2025-09-08 16:54:13,771 - INFO - success CVE-2016-1762,details in cve_test/CVE-2016-1762.log

2025-09-08 16:54:13,772 - INFO - detecting CVE-2016-1762 xmlParseInternalSubset
2025-09-08 16:54:13,772 - INFO - cmd: python main.py --detect --cve_id CVE-2016-1762 --target_bin /binaries/target/libxml2/libxml2-2.9.5-rc2-o3-libxml2 --vul_func_name xmlParseInternalSubset --project libxml2
2025-09-08 16:54:22,160 - INFO - success CVE-2016-1762,details in cve_test/CVE-2016-1762.log

2025-09-08 16:54:22,160 - INFO - detecting CVE-2016-1836 xmlParseNCNameComplex
2025-09-08 16:54:22,161 - INFO - cmd: python main.py --detect --cve_id CVE-2016-1836 --target_bin /binaries/target/libxml2/libxml2-2.9.3-o3-libxml2 --vul_func_name xmlParseNCNameComplex --project libxml2
2025-09-08 16:54:26,845 - ERROR - fail CVE-2016-1836 ,details1

2025-09-08 16:54:26,846 - INFO - detecting CVE-2016-1836 xmlParseNCNameComplex
2025-09-08 16:54:26,846 - INFO - cmd: python main.py --detect --cve_id CVE-2016-1836 --target_bin /binaries/target/libxml2/libxml2-2.9.2-o3-libxml2 --vul_func_name xmlParseNCNameComplex --project libxml2
2025-09-08 16:54:31,117 - ERROR - fail CVE-2016-1836 ,details1

2025-09-08 16:54:31,118 - INFO - detecting CVE-2016-1836 xmlParseNCNameComplex
2025-09-08 16:54:31,118 - INFO - cmd: python main.py --detect --cve_id CVE-2016-1836 --target_bin /binaries/target/libxml2/libxml2-2.9.2-rc2-o3-libxml2 --vul_func_name xmlParseNCNameComplex --project libxml2
2025-09-08 16:54:35,294 - ERROR - fail CVE-2016-1836 ,details1

2025-09-08 16:54:35,295 - INFO - detecting CVE-2016-1836 xmlParseNCNameComplex
2025-09-08 16:54:35,295 - INFO - cmd: python main.py --detect --cve_id CVE-2016-1836 --target_bin /binaries/target/libxml2/libxml2-2.9.5-rc1-o3-libxml2 --vul_func_name xmlParseNCNameComplex --project libxml2
2025-09-08 16:54:40,162 - ERROR - fail CVE-2016-1836 ,details1

2025-09-08 16:54:40,163 - INFO - detecting CVE-2016-1836 xmlParseNCNameComplex
2025-09-08 16:54:40,163 - INFO - cmd: python main.py --detect --cve_id CVE-2016-1836 --target_bin /binaries/target/libxml2/libxml2-2.9.5-rc2-o3-libxml2 --vul_func_name xmlParseNCNameComplex --project libxml2
2025-09-08 16:54:44,812 - ERROR - fail CVE-2016-1836 ,details1

2025-09-08 16:54:44,813 - INFO - detecting CVE-2016-1836 xmlParseNCNameComplex
2025-09-08 16:54:44,813 - INFO - cmd: python main.py --detect --cve_id CVE-2016-1836 --target_bin /binaries/target/libxml2/libxml2-2.9.5-o3-libxml2 --vul_func_name xmlParseNCNameComplex --project libxml2
2025-09-08 16:54:49,023 - ERROR - fail CVE-2016-1836 ,details1

2025-09-08 16:54:49,024 - INFO - detecting CVE-2016-1837 htmlParseSystemLiteral
2025-09-08 16:54:49,024 - INFO - cmd: python main.py --detect --cve_id CVE-2016-1837 --target_bin /binaries/target/libxml2/libxml2-2.9.3-o3-libxml2 --vul_func_name htmlParseSystemLiteral --project libxml2
2025-09-08 16:54:56,777 - INFO - success CVE-2016-1837,details in cve_test/CVE-2016-1837.log

2025-09-08 16:54:56,777 - INFO - detecting CVE-2016-1837 htmlParseSystemLiteral
2025-09-08 16:54:56,778 - INFO - cmd: python main.py --detect --cve_id CVE-2016-1837 --target_bin /binaries/target/libxml2/libxml2-2.9.2-o3-libxml2 --vul_func_name htmlParseSystemLiteral --project libxml2
2025-09-08 16:55:05,304 - INFO - success CVE-2016-1837,details in cve_test/CVE-2016-1837.log

2025-09-08 16:55:05,305 - INFO - detecting CVE-2016-1837 htmlParseSystemLiteral
2025-09-08 16:55:05,305 - INFO - cmd: python main.py --detect --cve_id CVE-2016-1837 --target_bin /binaries/target/libxml2/libxml2-2.9.2-rc2-o3-libxml2 --vul_func_name htmlParseSystemLiteral --project libxml2
2025-09-08 16:55:13,791 - INFO - success CVE-2016-1837,details in cve_test/CVE-2016-1837.log

2025-09-08 16:55:13,792 - INFO - detecting CVE-2016-1837 htmlParseSystemLiteral
2025-09-08 16:55:13,792 - INFO - cmd: python main.py --detect --cve_id CVE-2016-1837 --target_bin /binaries/target/libxml2/libxml2-2.9.5-rc1-o3-libxml2 --vul_func_name htmlParseSystemLiteral --project libxml2
2025-09-08 16:55:20,904 - INFO - success CVE-2016-1837,details in cve_test/CVE-2016-1837.log

2025-09-08 16:55:20,904 - INFO - detecting CVE-2016-1837 htmlParseSystemLiteral
2025-09-08 16:55:20,905 - INFO - cmd: python main.py --detect --cve_id CVE-2016-1837 --target_bin /binaries/target/libxml2/libxml2-2.9.5-rc2-o3-libxml2 --vul_func_name htmlParseSystemLiteral --project libxml2
2025-09-08 16:55:28,750 - INFO - success CVE-2016-1837,details in cve_test/CVE-2016-1837.log

2025-09-08 16:55:28,751 - INFO - detecting CVE-2016-1837 htmlParseSystemLiteral
2025-09-08 16:55:28,755 - INFO - cmd: python main.py --detect --cve_id CVE-2016-1837 --target_bin /binaries/target/libxml2/libxml2-2.9.5-o3-libxml2 --vul_func_name htmlParseSystemLiteral --project libxml2
2025-09-08 16:55:36,771 - INFO - success CVE-2016-1837,details in cve_test/CVE-2016-1837.log

2025-09-08 16:55:36,771 - INFO - detecting CVE-2016-4658 xmlXPtrNewRangeNodeObject__internal_alias
2025-09-08 16:55:36,772 - INFO - cmd: python main.py --detect --cve_id CVE-2016-4658 --target_bin /binaries/target/libxml2/libxml2-2.9.4-o3-libxml2 --vul_func_name xmlXPtrNewRangeNodeObject__internal_alias --project libxml2
2025-09-08 16:55:41,825 - INFO - success CVE-2016-4658,details in cve_test/CVE-2016-4658.log

2025-09-08 16:55:41,825 - INFO - detecting CVE-2016-4658 xmlXPtrNewRangeNodeObject__internal_alias
2025-09-08 16:55:41,826 - INFO - cmd: python main.py --detect --cve_id CVE-2016-4658 --target_bin /binaries/target/libxml2/libxml2-2.9.3-o3-libxml2 --vul_func_name xmlXPtrNewRangeNodeObject__internal_alias --project libxml2
2025-09-08 16:55:46,752 - INFO - success CVE-2016-4658,details in cve_test/CVE-2016-4658.log

2025-09-08 16:55:46,753 - INFO - detecting CVE-2016-4658 xmlXPtrNewRangeNodeObject__internal_alias
2025-09-08 16:55:46,754 - INFO - cmd: python main.py --detect --cve_id CVE-2016-4658 --target_bin /binaries/target/libxml2/libxml2-2.9.2-o3-libxml2 --vul_func_name xmlXPtrNewRangeNodeObject__internal_alias --project libxml2
2025-09-08 16:55:51,857 - INFO - success CVE-2016-4658,details in cve_test/CVE-2016-4658.log

2025-09-08 16:55:51,858 - INFO - detecting CVE-2016-4658 xmlXPtrNewRangeNodeObject__internal_alias
2025-09-08 16:55:51,858 - INFO - cmd: python main.py --detect --cve_id CVE-2016-4658 --target_bin /binaries/target/libxml2/libxml2-2.9.5-rc1-o3-libxml2 --vul_func_name xmlXPtrNewRangeNodeObject__internal_alias --project libxml2
2025-09-08 16:55:57,319 - INFO - success CVE-2016-4658,details in cve_test/CVE-2016-4658.log

2025-09-08 16:55:57,320 - INFO - detecting CVE-2016-4658 xmlXPtrNewRangeNodeObject__internal_alias
2025-09-08 16:55:57,320 - INFO - cmd: python main.py --detect --cve_id CVE-2016-4658 --target_bin /binaries/target/libxml2/libxml2-2.9.5-rc2-o3-libxml2 --vul_func_name xmlXPtrNewRangeNodeObject__internal_alias --project libxml2
2025-09-08 16:56:02,184 - INFO - success CVE-2016-4658,details in cve_test/CVE-2016-4658.log

2025-09-08 16:56:02,185 - INFO - detecting CVE-2016-4658 xmlXPtrNewRangeNodeObject__internal_alias
2025-09-08 16:56:02,186 - INFO - cmd: python main.py --detect --cve_id CVE-2016-4658 --target_bin /binaries/target/libxml2/libxml2-2.9.5-o3-libxml2 --vul_func_name xmlXPtrNewRangeNodeObject__internal_alias --project libxml2
2025-09-08 16:56:07,211 - INFO - success CVE-2016-4658,details in cve_test/CVE-2016-4658.log

2025-09-08 16:56:07,212 - INFO - detecting CVE-2017-16931 xmlParseNameComplex
2025-09-08 16:56:07,213 - INFO - cmd: python main.py --detect --cve_id CVE-2017-16931 --target_bin /binaries/target/libxml2/libxml2-2.9.4-o3-libxml2 --vul_func_name xmlParseNameComplex --project libxml2
2025-09-08 16:56:11,981 - ERROR - fail CVE-2017-16931 ,details1

2025-09-08 16:56:11,981 - INFO - detecting CVE-2017-16931 xmlParseNameComplex
2025-09-08 16:56:11,982 - INFO - cmd: python main.py --detect --cve_id CVE-2017-16931 --target_bin /binaries/target/libxml2/libxml2-2.9.3-o3-libxml2 --vul_func_name xmlParseNameComplex --project libxml2
2025-09-08 16:56:16,490 - ERROR - fail CVE-2017-16931 ,details1

2025-09-08 16:56:16,490 - INFO - detecting CVE-2017-16931 xmlParseNameComplex
2025-09-08 16:56:16,491 - INFO - cmd: python main.py --detect --cve_id CVE-2017-16931 --target_bin /binaries/target/libxml2/libxml2-2.9.2-o3-libxml2 --vul_func_name xmlParseNameComplex --project libxml2
2025-09-08 16:56:21,288 - ERROR - fail CVE-2017-16931 ,details1

2025-09-08 16:56:21,288 - INFO - detecting CVE-2017-16931 xmlParseNameComplex
2025-09-08 16:56:21,288 - INFO - cmd: python main.py --detect --cve_id CVE-2017-16931 --target_bin /binaries/target/libxml2/libxml2-2.9.5-rc1-o3-libxml2 --vul_func_name xmlParseNameComplex --project libxml2
2025-09-08 16:56:26,134 - ERROR - fail CVE-2017-16931 ,details1

2025-09-08 16:56:26,135 - INFO - detecting CVE-2017-16931 xmlParseNameComplex
2025-09-08 16:56:26,135 - INFO - cmd: python main.py --detect --cve_id CVE-2017-16931 --target_bin /binaries/target/libxml2/libxml2-2.9.5-rc2-o3-libxml2 --vul_func_name xmlParseNameComplex --project libxml2
2025-09-08 16:56:30,874 - ERROR - fail CVE-2017-16931 ,details1

2025-09-08 16:56:30,874 - INFO - detecting CVE-2017-16931 xmlParseNameComplex
2025-09-08 16:56:30,875 - INFO - cmd: python main.py --detect --cve_id CVE-2017-16931 --target_bin /binaries/target/libxml2/libxml2-2.9.5-o3-libxml2 --vul_func_name xmlParseNameComplex --project libxml2
2025-09-08 16:56:35,262 - ERROR - fail CVE-2017-16931 ,details1

2025-09-08 16:56:35,262 - INFO - detecting CVE-2017-5130 xmlMallocLoc__internal_alias
2025-09-08 16:56:35,263 - INFO - cmd: python main.py --detect --cve_id CVE-2017-5130 --target_bin /binaries/target/libxml2/libxml2-2.9.4-o3-libxml2 --vul_func_name xmlMallocLoc__internal_alias --project libxml2
2025-09-08 16:56:41,667 - INFO - success CVE-2017-5130,details in cve_test/CVE-2017-5130.log

2025-09-08 16:56:41,668 - INFO - detecting CVE-2017-5130 xmlMallocLoc__internal_alias
2025-09-08 16:56:41,668 - INFO - cmd: python main.py --detect --cve_id CVE-2017-5130 --target_bin /binaries/target/libxml2/libxml2-2.9.3-o3-libxml2 --vul_func_name xmlMallocLoc__internal_alias --project libxml2
2025-09-08 16:56:47,407 - INFO - success CVE-2017-5130,details in cve_test/CVE-2017-5130.log

2025-09-08 16:56:47,408 - INFO - detecting CVE-2017-5130 xmlMallocLoc__internal_alias
2025-09-08 16:56:47,408 - INFO - cmd: python main.py --detect --cve_id CVE-2017-5130 --target_bin /binaries/target/libxml2/libxml2-2.9.2-o3-libxml2 --vul_func_name xmlMallocLoc__internal_alias --project libxml2
2025-09-08 16:56:53,597 - INFO - success CVE-2017-5130,details in cve_test/CVE-2017-5130.log

2025-09-08 16:56:53,597 - INFO - detecting CVE-2017-5130 xmlMallocLoc__internal_alias
2025-09-08 16:56:53,598 - INFO - cmd: python main.py --detect --cve_id CVE-2017-5130 --target_bin /binaries/target/libxml2/libxml2-2.9.5-rc1-o3-libxml2 --vul_func_name xmlMallocLoc__internal_alias --project libxml2
2025-09-08 16:56:59,490 - INFO - success CVE-2017-5130,details in cve_test/CVE-2017-5130.log

2025-09-08 16:56:59,491 - INFO - detecting CVE-2017-5130 xmlMallocLoc__internal_alias
2025-09-08 16:56:59,491 - INFO - cmd: python main.py --detect --cve_id CVE-2017-5130 --target_bin /binaries/target/libxml2/libxml2-2.9.5-rc2-o3-libxml2 --vul_func_name xmlMallocLoc__internal_alias --project libxml2
2025-09-08 16:57:04,562 - INFO - success CVE-2017-5130,details in cve_test/CVE-2017-5130.log

2025-09-08 16:57:04,563 - INFO - detecting CVE-2017-5130 xmlMallocLoc__internal_alias
2025-09-08 16:57:04,564 - INFO - cmd: python main.py --detect --cve_id CVE-2017-5130 --target_bin /binaries/target/libxml2/libxml2-2.9.5-o3-libxml2 --vul_func_name xmlMallocLoc__internal_alias --project libxml2
2025-09-08 16:57:10,460 - INFO - success CVE-2017-5130,details in cve_test/CVE-2017-5130.log

2025-09-08 16:57:10,460 - INFO - detecting CVE-2017-5130 xmlMemStrdupLoc__internal_alias
2025-09-08 16:57:10,461 - INFO - cmd: python main.py --detect --cve_id CVE-2017-5130 --target_bin /binaries/target/libxml2/libxml2-2.9.4-o3-libxml2 --vul_func_name xmlMemStrdupLoc__internal_alias --project libxml2
2025-09-08 16:57:17,627 - INFO - success CVE-2017-5130,details in cve_test/CVE-2017-5130.log

2025-09-08 16:57:17,628 - INFO - detecting CVE-2017-5130 xmlMemStrdupLoc__internal_alias
2025-09-08 16:57:17,628 - INFO - cmd: python main.py --detect --cve_id CVE-2017-5130 --target_bin /binaries/target/libxml2/libxml2-2.9.3-o3-libxml2 --vul_func_name xmlMemStrdupLoc__internal_alias --project libxml2
2025-09-08 16:57:25,260 - INFO - success CVE-2017-5130,details in cve_test/CVE-2017-5130.log

2025-09-08 16:57:25,260 - INFO - detecting CVE-2017-5130 xmlMemStrdupLoc__internal_alias
2025-09-08 16:57:25,261 - INFO - cmd: python main.py --detect --cve_id CVE-2017-5130 --target_bin /binaries/target/libxml2/libxml2-2.9.2-o3-libxml2 --vul_func_name xmlMemStrdupLoc__internal_alias --project libxml2
2025-09-08 16:57:32,860 - INFO - success CVE-2017-5130,details in cve_test/CVE-2017-5130.log

2025-09-08 16:57:32,860 - INFO - detecting CVE-2017-5130 xmlMemStrdupLoc__internal_alias
2025-09-08 16:57:32,861 - INFO - cmd: python main.py --detect --cve_id CVE-2017-5130 --target_bin /binaries/target/libxml2/libxml2-2.9.5-rc1-o3-libxml2 --vul_func_name xmlMemStrdupLoc__internal_alias --project libxml2
2025-09-08 16:57:40,489 - INFO - success CVE-2017-5130,details in cve_test/CVE-2017-5130.log

2025-09-08 16:57:40,490 - INFO - detecting CVE-2017-5130 xmlMemStrdupLoc__internal_alias
2025-09-08 16:57:40,490 - INFO - cmd: python main.py --detect --cve_id CVE-2017-5130 --target_bin /binaries/target/libxml2/libxml2-2.9.5-rc2-o3-libxml2 --vul_func_name xmlMemStrdupLoc__internal_alias --project libxml2
2025-09-08 16:57:47,344 - INFO - success CVE-2017-5130,details in cve_test/CVE-2017-5130.log

2025-09-08 16:57:47,345 - INFO - detecting CVE-2017-5130 xmlMemStrdupLoc__internal_alias
2025-09-08 16:57:47,345 - INFO - cmd: python main.py --detect --cve_id CVE-2017-5130 --target_bin /binaries/target/libxml2/libxml2-2.9.5-o3-libxml2 --vul_func_name xmlMemStrdupLoc__internal_alias --project libxml2
2025-09-08 16:57:54,985 - INFO - success CVE-2017-5130,details in cve_test/CVE-2017-5130.log

2025-09-08 16:57:54,986 - INFO - detecting CVE-2022-23308 xmlValidCtxtNormalizeAttributeValue__internal_alias
2025-09-08 16:57:54,986 - INFO - cmd: python main.py --detect --cve_id CVE-2022-23308 --target_bin /binaries/target/libxml2/libxml2-2.9.11-o3-libxml2 --vul_func_name xmlValidCtxtNormalizeAttributeValue__internal_alias --project libxml2
2025-09-08 16:58:01,095 - INFO - success CVE-2022-23308,details in cve_test/CVE-2022-23308.log

2025-09-08 16:58:01,096 - INFO - detecting CVE-2022-23308 xmlValidCtxtNormalizeAttributeValue__internal_alias
2025-09-08 16:58:01,096 - INFO - cmd: python main.py --detect --cve_id CVE-2022-23308 --target_bin /binaries/target/libxml2/libxml2-2.9.12-o3-libxml2 --vul_func_name xmlValidCtxtNormalizeAttributeValue__internal_alias --project libxml2
2025-09-08 16:58:06,758 - INFO - success CVE-2022-23308,details in cve_test/CVE-2022-23308.log

2025-09-08 16:58:06,759 - INFO - detecting CVE-2022-23308 xmlValidCtxtNormalizeAttributeValue__internal_alias
2025-09-08 16:58:06,759 - INFO - cmd: python main.py --detect --cve_id CVE-2022-23308 --target_bin /binaries/target/libxml2/libxml2-2.9.10-o3-libxml2 --vul_func_name xmlValidCtxtNormalizeAttributeValue__internal_alias --project libxml2
2025-09-08 16:58:12,441 - INFO - success CVE-2022-23308,details in cve_test/CVE-2022-23308.log

2025-09-08 16:58:12,442 - INFO - detecting CVE-2022-23308 xmlValidCtxtNormalizeAttributeValue__internal_alias
2025-09-08 16:58:12,443 - INFO - cmd: python main.py --detect --cve_id CVE-2022-23308 --target_bin /binaries/target/libxml2/libxml2-2.9.13-o3-libxml2 --vul_func_name xmlValidCtxtNormalizeAttributeValue__internal_alias --project libxml2
2025-09-08 16:58:17,726 - INFO - success CVE-2022-23308,details in cve_test/CVE-2022-23308.log

2025-09-08 16:58:17,727 - INFO - detecting CVE-2022-23308 xmlValidCtxtNormalizeAttributeValue__internal_alias
2025-09-08 16:58:17,727 - INFO - cmd: python main.py --detect --cve_id CVE-2022-23308 --target_bin /binaries/target/libxml2/libxml2-2.9.14-o3-libxml2 --vul_func_name xmlValidCtxtNormalizeAttributeValue__internal_alias --project libxml2
2025-09-08 16:58:23,347 - INFO - success CVE-2022-23308,details in cve_test/CVE-2022-23308.log

2025-09-08 16:58:23,348 - INFO - detecting CVE-2022-23308 xmlValidCtxtNormalizeAttributeValue__internal_alias
2025-09-08 16:58:23,349 - INFO - cmd: python main.py --detect --cve_id CVE-2022-23308 --target_bin /binaries/target/libxml2/libxml2-2.10.0-o3-libxml2 --vul_func_name xmlValidCtxtNormalizeAttributeValue__internal_alias --project libxml2
2025-09-08 16:58:28,112 - ERROR - fail CVE-2022-23308 ,details1

2025-09-08 16:58:28,112 - INFO - detecting CVE-2022-23308 xmlValidNormalizeAttributeValue__internal_alias
2025-09-08 16:58:28,113 - INFO - cmd: python main.py --detect --cve_id CVE-2022-23308 --target_bin /binaries/target/libxml2/libxml2-2.9.11-o3-libxml2 --vul_func_name xmlValidNormalizeAttributeValue__internal_alias --project libxml2
2025-09-08 16:58:33,671 - INFO - success CVE-2022-23308,details in cve_test/CVE-2022-23308.log

2025-09-08 16:58:33,672 - INFO - detecting CVE-2022-23308 xmlValidNormalizeAttributeValue__internal_alias
2025-09-08 16:58:33,672 - INFO - cmd: python main.py --detect --cve_id CVE-2022-23308 --target_bin /binaries/target/libxml2/libxml2-2.9.12-o3-libxml2 --vul_func_name xmlValidNormalizeAttributeValue__internal_alias --project libxml2
2025-09-08 16:58:38,867 - INFO - success CVE-2022-23308,details in cve_test/CVE-2022-23308.log

2025-09-08 16:58:38,868 - INFO - detecting CVE-2022-23308 xmlValidNormalizeAttributeValue__internal_alias
2025-09-08 16:58:38,868 - INFO - cmd: python main.py --detect --cve_id CVE-2022-23308 --target_bin /binaries/target/libxml2/libxml2-2.9.10-o3-libxml2 --vul_func_name xmlValidNormalizeAttributeValue__internal_alias --project libxml2
2025-09-08 16:58:43,951 - INFO - success CVE-2022-23308,details in cve_test/CVE-2022-23308.log

2025-09-08 16:58:43,952 - INFO - detecting CVE-2022-23308 xmlValidNormalizeAttributeValue__internal_alias
2025-09-08 16:58:43,952 - INFO - cmd: python main.py --detect --cve_id CVE-2022-23308 --target_bin /binaries/target/libxml2/libxml2-2.9.13-o3-libxml2 --vul_func_name xmlValidNormalizeAttributeValue__internal_alias --project libxml2
2025-09-08 16:58:48,997 - INFO - success CVE-2022-23308,details in cve_test/CVE-2022-23308.log

2025-09-08 16:58:48,998 - INFO - detecting CVE-2022-23308 xmlValidNormalizeAttributeValue__internal_alias
2025-09-08 16:58:48,998 - INFO - cmd: python main.py --detect --cve_id CVE-2022-23308 --target_bin /binaries/target/libxml2/libxml2-2.9.14-o3-libxml2 --vul_func_name xmlValidNormalizeAttributeValue__internal_alias --project libxml2
2025-09-08 16:58:54,510 - INFO - success CVE-2022-23308,details in cve_test/CVE-2022-23308.log

2025-09-08 16:58:54,511 - INFO - detecting CVE-2022-23308 xmlValidNormalizeAttributeValue__internal_alias
2025-09-08 16:58:54,511 - INFO - cmd: python main.py --detect --cve_id CVE-2022-23308 --target_bin /binaries/target/libxml2/libxml2-2.10.0-o3-libxml2 --vul_func_name xmlValidNormalizeAttributeValue__internal_alias --project libxml2
2025-09-08 16:59:00,135 - ERROR - fail CVE-2022-23308 ,details1

2025-09-08 16:59:00,135 - INFO - detecting CVE-2022-29824 xmlBufferCreateSize__internal_alias
2025-09-08 16:59:00,136 - INFO - cmd: python main.py --detect --cve_id CVE-2022-29824 --target_bin /binaries/target/libxml2/libxml2-2.9.13-o3-libxml2 --vul_func_name xmlBufferCreateSize__internal_alias --project libxml2
2025-09-08 16:59:06,847 - INFO - success CVE-2022-29824,details in cve_test/CVE-2022-29824.log

2025-09-08 16:59:06,851 - INFO - detecting CVE-2022-29824 xmlBufferCreateSize__internal_alias
2025-09-08 16:59:06,851 - INFO - cmd: python main.py --detect --cve_id CVE-2022-29824 --target_bin /binaries/target/libxml2/libxml2-2.9.11-o3-libxml2 --vul_func_name xmlBufferCreateSize__internal_alias --project libxml2
2025-09-08 16:59:12,694 - INFO - success CVE-2022-29824,details in cve_test/CVE-2022-29824.log

2025-09-08 16:59:12,695 - INFO - detecting CVE-2022-29824 xmlBufferCreateSize__internal_alias
2025-09-08 16:59:12,695 - INFO - cmd: python main.py --detect --cve_id CVE-2022-29824 --target_bin /binaries/target/libxml2/libxml2-2.9.12-o3-libxml2 --vul_func_name xmlBufferCreateSize__internal_alias --project libxml2
2025-09-08 16:59:19,388 - INFO - success CVE-2022-29824,details in cve_test/CVE-2022-29824.log

2025-09-08 16:59:19,389 - INFO - detecting CVE-2022-29824 xmlBufferCreateSize__internal_alias
2025-09-08 16:59:19,389 - INFO - cmd: python main.py --detect --cve_id CVE-2022-29824 --target_bin /binaries/target/libxml2/libxml2-2.10.0-o3-libxml2 --vul_func_name xmlBufferCreateSize__internal_alias --project libxml2
2025-09-08 16:59:24,267 - ERROR - fail CVE-2022-29824 ,details1

2025-09-08 16:59:24,268 - INFO - detecting CVE-2022-29824 xmlBufferCreateSize__internal_alias
2025-09-08 16:59:24,268 - INFO - cmd: python main.py --detect --cve_id CVE-2022-29824 --target_bin /binaries/target/libxml2/libxml2-2.10.1-o3-libxml2 --vul_func_name xmlBufferCreateSize__internal_alias --project libxml2
2025-09-08 16:59:29,760 - ERROR - fail CVE-2022-29824 ,details1

2025-09-08 16:59:29,760 - INFO - detecting CVE-2022-29824 xmlBufferCreateSize__internal_alias
2025-09-08 16:59:29,761 - INFO - cmd: python main.py --detect --cve_id CVE-2022-29824 --target_bin /binaries/target/libxml2/libxml2-2.10.2-o3-libxml2 --vul_func_name xmlBufferCreateSize__internal_alias --project libxml2
2025-09-08 16:59:34,651 - ERROR - fail CVE-2022-29824 ,details1

2025-09-08 16:59:34,652 - INFO - detecting CVE-2022-29824 xmlBufCreateSize
2025-09-08 16:59:34,652 - INFO - cmd: python main.py --detect --cve_id CVE-2022-29824 --target_bin /binaries/target/libxml2/libxml2-2.9.13-o3-libxml2 --vul_func_name xmlBufCreateSize --project libxml2
2025-09-08 16:59:40,652 - INFO - success CVE-2022-29824,details in cve_test/CVE-2022-29824.log

2025-09-08 16:59:40,653 - INFO - detecting CVE-2022-29824 xmlBufCreateSize
2025-09-08 16:59:40,653 - INFO - cmd: python main.py --detect --cve_id CVE-2022-29824 --target_bin /binaries/target/libxml2/libxml2-2.9.11-o3-libxml2 --vul_func_name xmlBufCreateSize --project libxml2
2025-09-08 16:59:46,734 - INFO - success CVE-2022-29824,details in cve_test/CVE-2022-29824.log

2025-09-08 16:59:46,735 - INFO - detecting CVE-2022-29824 xmlBufCreateSize
2025-09-08 16:59:46,735 - INFO - cmd: python main.py --detect --cve_id CVE-2022-29824 --target_bin /binaries/target/libxml2/libxml2-2.9.12-o3-libxml2 --vul_func_name xmlBufCreateSize --project libxml2
2025-09-08 16:59:53,115 - INFO - success CVE-2022-29824,details in cve_test/CVE-2022-29824.log

2025-09-08 16:59:53,116 - INFO - detecting CVE-2022-29824 xmlBufCreateSize
2025-09-08 16:59:53,116 - INFO - cmd: python main.py --detect --cve_id CVE-2022-29824 --target_bin /binaries/target/libxml2/libxml2-2.10.0-o3-libxml2 --vul_func_name xmlBufCreateSize --project libxml2
2025-09-08 16:59:58,295 - INFO - success CVE-2022-29824,details in cve_test/CVE-2022-29824.log

2025-09-08 16:59:58,296 - INFO - detecting CVE-2022-29824 xmlBufCreateSize
2025-09-08 16:59:58,297 - INFO - cmd: python main.py --detect --cve_id CVE-2022-29824 --target_bin /binaries/target/libxml2/libxml2-2.10.1-o3-libxml2 --vul_func_name xmlBufCreateSize --project libxml2
2025-09-08 17:00:04,212 - INFO - success CVE-2022-29824,details in cve_test/CVE-2022-29824.log

2025-09-08 17:00:04,213 - INFO - detecting CVE-2022-29824 xmlBufCreateSize
2025-09-08 17:00:04,214 - INFO - cmd: python main.py --detect --cve_id CVE-2022-29824 --target_bin /binaries/target/libxml2/libxml2-2.10.2-o3-libxml2 --vul_func_name xmlBufCreateSize --project libxml2
2025-09-08 17:00:09,528 - INFO - success CVE-2022-29824,details in cve_test/CVE-2022-29824.log

2025-09-08 17:00:09,528 - INFO - detecting CVE-2022-40303 xmlParseCDSect
2025-09-08 17:00:09,529 - INFO - cmd: python main.py --detect --cve_id CVE-2022-40303 --target_bin /binaries/target/libxml2/libxml2-2.10.2-o3-libxml2 --vul_func_name xmlParseCDSect --project libxml2
2025-09-08 17:00:17,587 - INFO - success CVE-2022-40303,details in cve_test/CVE-2022-40303.log

2025-09-08 17:00:17,588 - INFO - detecting CVE-2022-40303 xmlParseCDSect
2025-09-08 17:00:17,589 - INFO - cmd: python main.py --detect --cve_id CVE-2022-40303 --target_bin /binaries/target/libxml2/libxml2-2.10.1-o3-libxml2 --vul_func_name xmlParseCDSect --project libxml2
2025-09-08 17:00:25,510 - INFO - success CVE-2022-40303,details in cve_test/CVE-2022-40303.log

2025-09-08 17:00:25,511 - INFO - detecting CVE-2022-40303 xmlParseCDSect
2025-09-08 17:00:25,511 - INFO - cmd: python main.py --detect --cve_id CVE-2022-40303 --target_bin /binaries/target/libxml2/libxml2-2.10.0-o3-libxml2 --vul_func_name xmlParseCDSect --project libxml2
2025-09-08 17:00:32,579 - INFO - success CVE-2022-40303,details in cve_test/CVE-2022-40303.log

2025-09-08 17:00:32,580 - INFO - detecting CVE-2022-40303 xmlParseCDSect
2025-09-08 17:00:32,580 - INFO - cmd: python main.py --detect --cve_id CVE-2022-40303 --target_bin /binaries/target/libxml2/libxml2-2.10.4-o3-libxml2 --vul_func_name xmlParseCDSect --project libxml2
2025-09-08 17:00:39,666 - INFO - success CVE-2022-40303,details in cve_test/CVE-2022-40303.log

2025-09-08 17:00:39,666 - INFO - detecting CVE-2022-40303 xmlParseCDSect
2025-09-08 17:00:39,667 - INFO - cmd: python main.py --detect --cve_id CVE-2022-40303 --target_bin /binaries/target/libxml2/libxml2-2.11.0-o3-libxml2 --vul_func_name xmlParseCDSect --project libxml2
2025-09-08 17:00:46,968 - INFO - success CVE-2022-40303,details in cve_test/CVE-2022-40303.log

2025-09-08 17:00:46,968 - INFO - detecting CVE-2022-40303 xmlParseCDSect
2025-09-08 17:00:46,969 - INFO - cmd: python main.py --detect --cve_id CVE-2022-40303 --target_bin /binaries/target/libxml2/libxml2-2.11.1-o3-libxml2 --vul_func_name xmlParseCDSect --project libxml2
2025-09-08 17:00:54,302 - INFO - success CVE-2022-40303,details in cve_test/CVE-2022-40303.log

2025-09-08 17:00:54,302 - INFO - detecting CVE-2022-40303 xmlParseStringName
2025-09-08 17:00:54,303 - INFO - cmd: python main.py --detect --cve_id CVE-2022-40303 --target_bin /binaries/target/libxml2/libxml2-2.10.2-o3-libxml2 --vul_func_name xmlParseStringName --project libxml2
2025-09-08 17:01:03,626 - INFO - success CVE-2022-40303,details in cve_test/CVE-2022-40303.log

2025-09-08 17:01:03,626 - INFO - detecting CVE-2022-40303 xmlParseStringName
2025-09-08 17:01:03,627 - INFO - cmd: python main.py --detect --cve_id CVE-2022-40303 --target_bin /binaries/target/libxml2/libxml2-2.10.1-o3-libxml2 --vul_func_name xmlParseStringName --project libxml2
2025-09-08 17:01:15,188 - INFO - success CVE-2022-40303,details in cve_test/CVE-2022-40303.log

2025-09-08 17:01:15,189 - INFO - detecting CVE-2022-40303 xmlParseStringName
2025-09-08 17:01:15,190 - INFO - cmd: python main.py --detect --cve_id CVE-2022-40303 --target_bin /binaries/target/libxml2/libxml2-2.10.0-o3-libxml2 --vul_func_name xmlParseStringName --project libxml2
2025-09-08 17:01:25,466 - INFO - success CVE-2022-40303,details in cve_test/CVE-2022-40303.log

2025-09-08 17:01:25,467 - INFO - detecting CVE-2022-40303 xmlParseStringName
2025-09-08 17:01:25,467 - INFO - cmd: python main.py --detect --cve_id CVE-2022-40303 --target_bin /binaries/target/libxml2/libxml2-2.10.4-o3-libxml2 --vul_func_name xmlParseStringName --project libxml2
2025-09-08 17:01:36,056 - INFO - success CVE-2022-40303,details in cve_test/CVE-2022-40303.log

2025-09-08 17:01:36,057 - INFO - detecting CVE-2022-40303 xmlParseStringName
2025-09-08 17:01:36,058 - INFO - cmd: python main.py --detect --cve_id CVE-2022-40303 --target_bin /binaries/target/libxml2/libxml2-2.11.0-o3-libxml2 --vul_func_name xmlParseStringName --project libxml2
2025-09-08 17:01:45,708 - INFO - success CVE-2022-40303,details in cve_test/CVE-2022-40303.log

2025-09-08 17:01:45,709 - INFO - detecting CVE-2022-40303 xmlParseStringName
2025-09-08 17:01:45,709 - INFO - cmd: python main.py --detect --cve_id CVE-2022-40303 --target_bin /binaries/target/libxml2/libxml2-2.11.1-o3-libxml2 --vul_func_name xmlParseStringName --project libxml2
2025-09-08 17:01:55,546 - INFO - success CVE-2022-40303,details in cve_test/CVE-2022-40303.log

2025-09-08 17:01:55,546 - INFO - detecting CVE-2022-40303 xmlParseEntityValue
2025-09-08 17:01:55,547 - INFO - cmd: python main.py --detect --cve_id CVE-2022-40303 --target_bin /binaries/target/libxml2/libxml2-2.10.2-o3-libxml2 --vul_func_name xmlParseEntityValue --project libxml2
2025-09-08 17:02:03,622 - INFO - success CVE-2022-40303,details in cve_test/CVE-2022-40303.log

2025-09-08 17:02:03,622 - INFO - detecting CVE-2022-40303 xmlParseEntityValue
2025-09-08 17:02:03,623 - INFO - cmd: python main.py --detect --cve_id CVE-2022-40303 --target_bin /binaries/target/libxml2/libxml2-2.10.1-o3-libxml2 --vul_func_name xmlParseEntityValue --project libxml2
2025-09-08 17:02:12,368 - INFO - success CVE-2022-40303,details in cve_test/CVE-2022-40303.log

2025-09-08 17:02:12,369 - INFO - detecting CVE-2022-40303 xmlParseEntityValue
2025-09-08 17:02:12,369 - INFO - cmd: python main.py --detect --cve_id CVE-2022-40303 --target_bin /binaries/target/libxml2/libxml2-2.10.0-o3-libxml2 --vul_func_name xmlParseEntityValue --project libxml2
2025-09-08 17:02:20,647 - INFO - success CVE-2022-40303,details in cve_test/CVE-2022-40303.log

2025-09-08 17:02:20,648 - INFO - detecting CVE-2022-40303 xmlParseEntityValue
2025-09-08 17:02:20,648 - INFO - cmd: python main.py --detect --cve_id CVE-2022-40303 --target_bin /binaries/target/libxml2/libxml2-2.10.4-o3-libxml2 --vul_func_name xmlParseEntityValue --project libxml2
2025-09-08 17:02:28,723 - INFO - success CVE-2022-40303,details in cve_test/CVE-2022-40303.log

2025-09-08 17:02:28,724 - INFO - detecting CVE-2022-40303 xmlParseEntityValue
2025-09-08 17:02:28,724 - INFO - cmd: python main.py --detect --cve_id CVE-2022-40303 --target_bin /binaries/target/libxml2/libxml2-2.11.0-o3-libxml2 --vul_func_name xmlParseEntityValue --project libxml2
2025-09-08 17:02:37,272 - INFO - success CVE-2022-40303,details in cve_test/CVE-2022-40303.log

2025-09-08 17:02:37,273 - INFO - detecting CVE-2022-40303 xmlParseEntityValue
2025-09-08 17:02:37,273 - INFO - cmd: python main.py --detect --cve_id CVE-2022-40303 --target_bin /binaries/target/libxml2/libxml2-2.11.1-o3-libxml2 --vul_func_name xmlParseEntityValue --project libxml2
2025-09-08 17:02:46,192 - INFO - success CVE-2022-40303,details in cve_test/CVE-2022-40303.log

2025-09-08 17:02:46,193 - INFO - detecting CVE-2022-40303 xmlParseNCNameComplex
2025-09-08 17:02:46,193 - INFO - cmd: python main.py --detect --cve_id CVE-2022-40303 --target_bin /binaries/target/libxml2/libxml2-2.10.2-o3-libxml2 --vul_func_name xmlParseNCNameComplex --project libxml2
2025-09-08 17:02:51,703 - ERROR - fail CVE-2022-40303 ,details1

2025-09-08 17:02:51,704 - INFO - detecting CVE-2022-40303 xmlParseNCNameComplex
2025-09-08 17:02:51,705 - INFO - cmd: python main.py --detect --cve_id CVE-2022-40303 --target_bin /binaries/target/libxml2/libxml2-2.10.1-o3-libxml2 --vul_func_name xmlParseNCNameComplex --project libxml2
2025-09-08 17:02:57,121 - ERROR - fail CVE-2022-40303 ,details1

2025-09-08 17:02:57,122 - INFO - detecting CVE-2022-40303 xmlParseNCNameComplex
2025-09-08 17:02:57,122 - INFO - cmd: python main.py --detect --cve_id CVE-2022-40303 --target_bin /binaries/target/libxml2/libxml2-2.10.0-o3-libxml2 --vul_func_name xmlParseNCNameComplex --project libxml2
2025-09-08 17:03:02,431 - ERROR - fail CVE-2022-40303 ,details1

2025-09-08 17:03:02,432 - INFO - detecting CVE-2022-40303 xmlParseNCNameComplex
2025-09-08 17:03:02,434 - INFO - cmd: python main.py --detect --cve_id CVE-2022-40303 --target_bin /binaries/target/libxml2/libxml2-2.10.4-o3-libxml2 --vul_func_name xmlParseNCNameComplex --project libxml2
2025-09-08 17:03:08,121 - ERROR - fail CVE-2022-40303 ,details1

2025-09-08 17:03:08,121 - INFO - detecting CVE-2022-40303 xmlParseNCNameComplex
2025-09-08 17:03:08,122 - INFO - cmd: python main.py --detect --cve_id CVE-2022-40303 --target_bin /binaries/target/libxml2/libxml2-2.11.0-o3-libxml2 --vul_func_name xmlParseNCNameComplex --project libxml2
2025-09-08 17:03:13,343 - ERROR - fail CVE-2022-40303 ,details1

2025-09-08 17:03:13,344 - INFO - detecting CVE-2022-40303 xmlParseNCNameComplex
2025-09-08 17:03:13,344 - INFO - cmd: python main.py --detect --cve_id CVE-2022-40303 --target_bin /binaries/target/libxml2/libxml2-2.11.1-o3-libxml2 --vul_func_name xmlParseNCNameComplex --project libxml2
2025-09-08 17:03:18,646 - ERROR - fail CVE-2022-40303 ,details1

2025-09-08 17:03:18,647 - INFO - detecting CVE-2022-40303 xmlParseNameComplex
2025-09-08 17:03:18,648 - INFO - cmd: python main.py --detect --cve_id CVE-2022-40303 --target_bin /binaries/target/libxml2/libxml2-2.10.2-o3-libxml2 --vul_func_name xmlParseNameComplex --project libxml2
2025-09-08 17:03:24,096 - ERROR - fail CVE-2022-40303 ,details1

2025-09-08 17:03:24,097 - INFO - detecting CVE-2022-40303 xmlParseNameComplex
2025-09-08 17:03:24,098 - INFO - cmd: python main.py --detect --cve_id CVE-2022-40303 --target_bin /binaries/target/libxml2/libxml2-2.10.1-o3-libxml2 --vul_func_name xmlParseNameComplex --project libxml2
2025-09-08 17:03:29,244 - ERROR - fail CVE-2022-40303 ,details1

2025-09-08 17:03:29,245 - INFO - detecting CVE-2022-40303 xmlParseNameComplex
2025-09-08 17:03:29,246 - INFO - cmd: python main.py --detect --cve_id CVE-2022-40303 --target_bin /binaries/target/libxml2/libxml2-2.10.0-o3-libxml2 --vul_func_name xmlParseNameComplex --project libxml2
2025-09-08 17:03:34,829 - ERROR - fail CVE-2022-40303 ,details1

2025-09-08 17:03:34,830 - INFO - detecting CVE-2022-40303 xmlParseNameComplex
2025-09-08 17:03:34,831 - INFO - cmd: python main.py --detect --cve_id CVE-2022-40303 --target_bin /binaries/target/libxml2/libxml2-2.10.4-o3-libxml2 --vul_func_name xmlParseNameComplex --project libxml2
2025-09-08 17:03:40,500 - ERROR - fail CVE-2022-40303 ,details1

2025-09-08 17:03:40,501 - INFO - detecting CVE-2022-40303 xmlParseNameComplex
2025-09-08 17:03:40,501 - INFO - cmd: python main.py --detect --cve_id CVE-2022-40303 --target_bin /binaries/target/libxml2/libxml2-2.11.0-o3-libxml2 --vul_func_name xmlParseNameComplex --project libxml2
2025-09-08 17:03:46,016 - ERROR - fail CVE-2022-40303 ,details1

2025-09-08 17:03:46,018 - INFO - detecting CVE-2022-40303 xmlParseNameComplex
2025-09-08 17:03:46,018 - INFO - cmd: python main.py --detect --cve_id CVE-2022-40303 --target_bin /binaries/target/libxml2/libxml2-2.11.1-o3-libxml2 --vul_func_name xmlParseNameComplex --project libxml2
2025-09-08 17:03:51,193 - ERROR - fail CVE-2022-40303 ,details1

2025-09-08 17:03:51,194 - INFO - detecting CVE-2022-40303 xmlParseSystemLiteral
2025-09-08 17:03:51,194 - INFO - cmd: python main.py --detect --cve_id CVE-2022-40303 --target_bin /binaries/target/libxml2/libxml2-2.10.2-o3-libxml2 --vul_func_name xmlParseSystemLiteral --project libxml2
2025-09-08 17:04:02,952 - INFO - success CVE-2022-40303,details in cve_test/CVE-2022-40303.log

2025-09-08 17:04:02,953 - INFO - detecting CVE-2022-40303 xmlParseSystemLiteral
2025-09-08 17:04:02,954 - INFO - cmd: python main.py --detect --cve_id CVE-2022-40303 --target_bin /binaries/target/libxml2/libxml2-2.10.1-o3-libxml2 --vul_func_name xmlParseSystemLiteral --project libxml2
2025-09-08 17:04:15,539 - INFO - success CVE-2022-40303,details in cve_test/CVE-2022-40303.log

2025-09-08 17:04:15,540 - INFO - detecting CVE-2022-40303 xmlParseSystemLiteral
2025-09-08 17:04:15,540 - INFO - cmd: python main.py --detect --cve_id CVE-2022-40303 --target_bin /binaries/target/libxml2/libxml2-2.10.0-o3-libxml2 --vul_func_name xmlParseSystemLiteral --project libxml2
2025-09-08 17:04:27,204 - INFO - success CVE-2022-40303,details in cve_test/CVE-2022-40303.log

2025-09-08 17:04:27,205 - INFO - detecting CVE-2022-40303 xmlParseSystemLiteral
2025-09-08 17:04:27,206 - INFO - cmd: python main.py --detect --cve_id CVE-2022-40303 --target_bin /binaries/target/libxml2/libxml2-2.10.4-o3-libxml2 --vul_func_name xmlParseSystemLiteral --project libxml2
2025-09-08 17:04:38,635 - INFO - success CVE-2022-40303,details in cve_test/CVE-2022-40303.log

2025-09-08 17:04:38,636 - INFO - detecting CVE-2022-40303 xmlParseSystemLiteral
2025-09-08 17:04:38,636 - INFO - cmd: python main.py --detect --cve_id CVE-2022-40303 --target_bin /binaries/target/libxml2/libxml2-2.11.0-o3-libxml2 --vul_func_name xmlParseSystemLiteral --project libxml2
2025-09-08 17:04:48,653 - INFO - success CVE-2022-40303,details in cve_test/CVE-2022-40303.log

2025-09-08 17:04:48,654 - INFO - detecting CVE-2022-40303 xmlParseSystemLiteral
2025-09-08 17:04:48,654 - INFO - cmd: python main.py --detect --cve_id CVE-2022-40303 --target_bin /binaries/target/libxml2/libxml2-2.11.1-o3-libxml2 --vul_func_name xmlParseSystemLiteral --project libxml2
2025-09-08 17:04:59,336 - INFO - success CVE-2022-40303,details in cve_test/CVE-2022-40303.log

2025-09-08 17:04:59,337 - INFO - detecting CVE-2022-40303 xmlParseAttValueInternal
2025-09-08 17:04:59,337 - INFO - cmd: python main.py --detect --cve_id CVE-2022-40303 --target_bin /binaries/target/libxml2/libxml2-2.10.2-o3-libxml2 --vul_func_name xmlParseAttValueInternal --project libxml2
2025-09-08 17:05:04,947 - ERROR - fail CVE-2022-40303 ,details1

2025-09-08 17:05:04,947 - INFO - detecting CVE-2022-40303 xmlParseAttValueInternal
2025-09-08 17:05:04,948 - INFO - cmd: python main.py --detect --cve_id CVE-2022-40303 --target_bin /binaries/target/libxml2/libxml2-2.10.1-o3-libxml2 --vul_func_name xmlParseAttValueInternal --project libxml2
2025-09-08 17:05:10,386 - ERROR - fail CVE-2022-40303 ,details1

2025-09-08 17:05:10,387 - INFO - detecting CVE-2022-40303 xmlParseAttValueInternal
2025-09-08 17:05:10,387 - INFO - cmd: python main.py --detect --cve_id CVE-2022-40303 --target_bin /binaries/target/libxml2/libxml2-2.10.0-o3-libxml2 --vul_func_name xmlParseAttValueInternal --project libxml2
2025-09-08 17:05:15,881 - ERROR - fail CVE-2022-40303 ,details1

2025-09-08 17:05:15,882 - INFO - detecting CVE-2022-40303 xmlParseAttValueInternal
2025-09-08 17:05:15,882 - INFO - cmd: python main.py --detect --cve_id CVE-2022-40303 --target_bin /binaries/target/libxml2/libxml2-2.10.4-o3-libxml2 --vul_func_name xmlParseAttValueInternal --project libxml2
2025-09-08 17:05:20,791 - ERROR - fail CVE-2022-40303 ,details1

2025-09-08 17:05:20,792 - INFO - detecting CVE-2022-40303 xmlParseAttValueInternal
2025-09-08 17:05:20,792 - INFO - cmd: python main.py --detect --cve_id CVE-2022-40303 --target_bin /binaries/target/libxml2/libxml2-2.11.0-o3-libxml2 --vul_func_name xmlParseAttValueInternal --project libxml2
2025-09-08 17:05:25,788 - ERROR - fail CVE-2022-40303 ,details1

2025-09-08 17:05:25,788 - INFO - detecting CVE-2022-40303 xmlParseAttValueInternal
2025-09-08 17:05:25,789 - INFO - cmd: python main.py --detect --cve_id CVE-2022-40303 --target_bin /binaries/target/libxml2/libxml2-2.11.1-o3-libxml2 --vul_func_name xmlParseAttValueInternal --project libxml2
2025-09-08 17:05:31,423 - ERROR - fail CVE-2022-40303 ,details1

2025-09-08 17:05:31,424 - INFO - detecting CVE-2022-40303 xmlParseAttValueComplex
2025-09-08 17:05:31,424 - INFO - cmd: python main.py --detect --cve_id CVE-2022-40303 --target_bin /binaries/target/libxml2/libxml2-2.10.2-o3-libxml2 --vul_func_name xmlParseAttValueComplex --project libxml2
2025-09-08 17:05:44,005 - INFO - success CVE-2022-40303,details in cve_test/CVE-2022-40303.log

2025-09-08 17:05:44,006 - INFO - detecting CVE-2022-40303 xmlParseAttValueComplex
2025-09-08 17:05:44,006 - INFO - cmd: python main.py --detect --cve_id CVE-2022-40303 --target_bin /binaries/target/libxml2/libxml2-2.10.1-o3-libxml2 --vul_func_name xmlParseAttValueComplex --project libxml2
2025-09-08 17:05:56,661 - INFO - success CVE-2022-40303,details in cve_test/CVE-2022-40303.log

2025-09-08 17:05:56,662 - INFO - detecting CVE-2022-40303 xmlParseAttValueComplex
2025-09-08 17:05:56,662 - INFO - cmd: python main.py --detect --cve_id CVE-2022-40303 --target_bin /binaries/target/libxml2/libxml2-2.10.0-o3-libxml2 --vul_func_name xmlParseAttValueComplex --project libxml2
2025-09-08 17:06:07,579 - INFO - success CVE-2022-40303,details in cve_test/CVE-2022-40303.log

2025-09-08 17:06:07,580 - INFO - detecting CVE-2022-40303 xmlParseAttValueComplex
2025-09-08 17:06:07,580 - INFO - cmd: python main.py --detect --cve_id CVE-2022-40303 --target_bin /binaries/target/libxml2/libxml2-2.10.4-o3-libxml2 --vul_func_name xmlParseAttValueComplex --project libxml2
2025-09-08 17:06:18,762 - INFO - success CVE-2022-40303,details in cve_test/CVE-2022-40303.log

2025-09-08 17:06:18,763 - INFO - detecting CVE-2022-40303 xmlParseAttValueComplex
2025-09-08 17:06:18,763 - INFO - cmd: python main.py --detect --cve_id CVE-2022-40303 --target_bin /binaries/target/libxml2/libxml2-2.11.0-o3-libxml2 --vul_func_name xmlParseAttValueComplex --project libxml2
2025-09-08 17:06:30,110 - INFO - success CVE-2022-40303,details in cve_test/CVE-2022-40303.log

2025-09-08 17:06:30,111 - INFO - detecting CVE-2022-40303 xmlParseAttValueComplex
2025-09-08 17:06:30,112 - INFO - cmd: python main.py --detect --cve_id CVE-2022-40303 --target_bin /binaries/target/libxml2/libxml2-2.11.1-o3-libxml2 --vul_func_name xmlParseAttValueComplex --project libxml2
2025-09-08 17:06:40,282 - INFO - success CVE-2022-40303,details in cve_test/CVE-2022-40303.log

2025-09-08 17:06:40,283 - INFO - detecting CVE-2022-40303 xmlParseNCName
2025-09-08 17:06:40,283 - INFO - cmd: python main.py --detect --cve_id CVE-2022-40303 --target_bin /binaries/target/libxml2/libxml2-2.10.2-o3-libxml2 --vul_func_name xmlParseNCName --project libxml2
2025-09-08 17:06:50,946 - INFO - success CVE-2022-40303,details in cve_test/CVE-2022-40303.log

2025-09-08 17:06:50,947 - INFO - detecting CVE-2022-40303 xmlParseNCName
2025-09-08 17:06:50,947 - INFO - cmd: python main.py --detect --cve_id CVE-2022-40303 --target_bin /binaries/target/libxml2/libxml2-2.10.1-o3-libxml2 --vul_func_name xmlParseNCName --project libxml2
2025-09-08 17:07:01,513 - INFO - success CVE-2022-40303,details in cve_test/CVE-2022-40303.log

2025-09-08 17:07:01,514 - INFO - detecting CVE-2022-40303 xmlParseNCName
2025-09-08 17:07:01,514 - INFO - cmd: python main.py --detect --cve_id CVE-2022-40303 --target_bin /binaries/target/libxml2/libxml2-2.10.0-o3-libxml2 --vul_func_name xmlParseNCName --project libxml2
2025-09-08 17:07:12,379 - INFO - success CVE-2022-40303,details in cve_test/CVE-2022-40303.log

2025-09-08 17:07:12,380 - INFO - detecting CVE-2022-40303 xmlParseNCName
2025-09-08 17:07:12,380 - INFO - cmd: python main.py --detect --cve_id CVE-2022-40303 --target_bin /binaries/target/libxml2/libxml2-2.10.4-o3-libxml2 --vul_func_name xmlParseNCName --project libxml2
2025-09-08 17:07:22,365 - INFO - success CVE-2022-40303,details in cve_test/CVE-2022-40303.log

2025-09-08 17:07:22,366 - INFO - detecting CVE-2022-40303 xmlParseNCName
2025-09-08 17:07:22,366 - INFO - cmd: python main.py --detect --cve_id CVE-2022-40303 --target_bin /binaries/target/libxml2/libxml2-2.11.0-o3-libxml2 --vul_func_name xmlParseNCName --project libxml2
2025-09-08 17:07:32,490 - INFO - success CVE-2022-40303,details in cve_test/CVE-2022-40303.log

2025-09-08 17:07:32,491 - INFO - detecting CVE-2022-40303 xmlParseNCName
2025-09-08 17:07:32,491 - INFO - cmd: python main.py --detect --cve_id CVE-2022-40303 --target_bin /binaries/target/libxml2/libxml2-2.11.1-o3-libxml2 --vul_func_name xmlParseNCName --project libxml2
2025-09-08 17:07:42,959 - INFO - success CVE-2022-40303,details in cve_test/CVE-2022-40303.log

2025-09-08 17:07:42,960 - INFO - detecting CVE-2022-40303 xmlParseName
2025-09-08 17:07:42,960 - INFO - cmd: python main.py --detect --cve_id CVE-2022-40303 --target_bin /binaries/target/libxml2/libxml2-2.10.2-o3-libxml2 --vul_func_name xmlParseName --project libxml2
2025-09-08 17:07:55,157 - INFO - success CVE-2022-40303,details in cve_test/CVE-2022-40303.log

2025-09-08 17:07:55,158 - INFO - detecting CVE-2022-40303 xmlParseName
2025-09-08 17:07:55,159 - INFO - cmd: python main.py --detect --cve_id CVE-2022-40303 --target_bin /binaries/target/libxml2/libxml2-2.10.1-o3-libxml2 --vul_func_name xmlParseName --project libxml2
2025-09-08 17:08:07,199 - INFO - success CVE-2022-40303,details in cve_test/CVE-2022-40303.log

2025-09-08 17:08:07,200 - INFO - detecting CVE-2022-40303 xmlParseName
2025-09-08 17:08:07,200 - INFO - cmd: python main.py --detect --cve_id CVE-2022-40303 --target_bin /binaries/target/libxml2/libxml2-2.10.0-o3-libxml2 --vul_func_name xmlParseName --project libxml2
2025-09-08 17:08:18,471 - INFO - success CVE-2022-40303,details in cve_test/CVE-2022-40303.log

2025-09-08 17:08:18,472 - INFO - detecting CVE-2022-40303 xmlParseName
2025-09-08 17:08:18,472 - INFO - cmd: python main.py --detect --cve_id CVE-2022-40303 --target_bin /binaries/target/libxml2/libxml2-2.10.4-o3-libxml2 --vul_func_name xmlParseName --project libxml2
2025-09-08 17:08:30,373 - INFO - success CVE-2022-40303,details in cve_test/CVE-2022-40303.log

2025-09-08 17:08:30,374 - INFO - detecting CVE-2022-40303 xmlParseName
2025-09-08 17:08:30,375 - INFO - cmd: python main.py --detect --cve_id CVE-2022-40303 --target_bin /binaries/target/libxml2/libxml2-2.11.0-o3-libxml2 --vul_func_name xmlParseName --project libxml2
2025-09-08 17:08:40,008 - INFO - success CVE-2022-40303,details in cve_test/CVE-2022-40303.log

2025-09-08 17:08:40,009 - INFO - detecting CVE-2022-40303 xmlParseName
2025-09-08 17:08:40,013 - INFO - cmd: python main.py --detect --cve_id CVE-2022-40303 --target_bin /binaries/target/libxml2/libxml2-2.11.1-o3-libxml2 --vul_func_name xmlParseName --project libxml2
2025-09-08 17:08:50,647 - INFO - success CVE-2022-40303,details in cve_test/CVE-2022-40303.log

2025-09-08 17:08:50,648 - INFO - detecting CVE-2022-40303 xmlParsePI
2025-09-08 17:08:50,648 - INFO - cmd: python main.py --detect --cve_id CVE-2022-40303 --target_bin /binaries/target/libxml2/libxml2-2.10.2-o3-libxml2 --vul_func_name xmlParsePI --project libxml2
2025-09-08 17:08:58,892 - INFO - success CVE-2022-40303,details in cve_test/CVE-2022-40303.log

2025-09-08 17:08:58,893 - INFO - detecting CVE-2022-40303 xmlParsePI
2025-09-08 17:08:58,899 - INFO - cmd: python main.py --detect --cve_id CVE-2022-40303 --target_bin /binaries/target/libxml2/libxml2-2.10.1-o3-libxml2 --vul_func_name xmlParsePI --project libxml2
2025-09-08 17:09:06,118 - INFO - success CVE-2022-40303,details in cve_test/CVE-2022-40303.log

2025-09-08 17:09:06,119 - INFO - detecting CVE-2022-40303 xmlParsePI
2025-09-08 17:09:06,119 - INFO - cmd: python main.py --detect --cve_id CVE-2022-40303 --target_bin /binaries/target/libxml2/libxml2-2.10.0-o3-libxml2 --vul_func_name xmlParsePI --project libxml2
2025-09-08 17:09:13,335 - INFO - success CVE-2022-40303,details in cve_test/CVE-2022-40303.log

2025-09-08 17:09:13,336 - INFO - detecting CVE-2022-40303 xmlParsePI
2025-09-08 17:09:13,336 - INFO - cmd: python main.py --detect --cve_id CVE-2022-40303 --target_bin /binaries/target/libxml2/libxml2-2.10.4-o3-libxml2 --vul_func_name xmlParsePI --project libxml2
2025-09-08 17:09:20,999 - INFO - success CVE-2022-40303,details in cve_test/CVE-2022-40303.log

2025-09-08 17:09:21,000 - INFO - detecting CVE-2022-40303 xmlParsePI
2025-09-08 17:09:21,000 - INFO - cmd: python main.py --detect --cve_id CVE-2022-40303 --target_bin /binaries/target/libxml2/libxml2-2.11.0-o3-libxml2 --vul_func_name xmlParsePI --project libxml2
2025-09-08 17:09:29,511 - INFO - success CVE-2022-40303,details in cve_test/CVE-2022-40303.log

2025-09-08 17:09:29,511 - INFO - detecting CVE-2022-40303 xmlParsePI
2025-09-08 17:09:29,512 - INFO - cmd: python main.py --detect --cve_id CVE-2022-40303 --target_bin /binaries/target/libxml2/libxml2-2.11.1-o3-libxml2 --vul_func_name xmlParsePI --project libxml2
2025-09-08 17:09:37,523 - INFO - success CVE-2022-40303,details in cve_test/CVE-2022-40303.log

2025-09-08 17:09:37,524 - INFO - detecting CVE-2022-40303 xmlParseNmtoken
2025-09-08 17:09:37,524 - INFO - cmd: python main.py --detect --cve_id CVE-2022-40303 --target_bin /binaries/target/libxml2/libxml2-2.10.2-o3-libxml2 --vul_func_name xmlParseNmtoken --project libxml2
2025-09-08 17:09:47,252 - INFO - success CVE-2022-40303,details in cve_test/CVE-2022-40303.log

2025-09-08 17:09:47,253 - INFO - detecting CVE-2022-40303 xmlParseNmtoken
2025-09-08 17:09:47,253 - INFO - cmd: python main.py --detect --cve_id CVE-2022-40303 --target_bin /binaries/target/libxml2/libxml2-2.10.1-o3-libxml2 --vul_func_name xmlParseNmtoken --project libxml2
2025-09-08 17:09:57,132 - INFO - success CVE-2022-40303,details in cve_test/CVE-2022-40303.log

2025-09-08 17:09:57,133 - INFO - detecting CVE-2022-40303 xmlParseNmtoken
2025-09-08 17:09:57,133 - INFO - cmd: python main.py --detect --cve_id CVE-2022-40303 --target_bin /binaries/target/libxml2/libxml2-2.10.0-o3-libxml2 --vul_func_name xmlParseNmtoken --project libxml2
2025-09-08 17:10:06,300 - INFO - success CVE-2022-40303,details in cve_test/CVE-2022-40303.log

2025-09-08 17:10:06,301 - INFO - detecting CVE-2022-40303 xmlParseNmtoken
2025-09-08 17:10:06,301 - INFO - cmd: python main.py --detect --cve_id CVE-2022-40303 --target_bin /binaries/target/libxml2/libxml2-2.10.4-o3-libxml2 --vul_func_name xmlParseNmtoken --project libxml2
2025-09-08 17:10:16,952 - INFO - success CVE-2022-40303,details in cve_test/CVE-2022-40303.log

2025-09-08 17:10:16,952 - INFO - detecting CVE-2022-40303 xmlParseNmtoken
2025-09-08 17:10:16,952 - INFO - cmd: python main.py --detect --cve_id CVE-2022-40303 --target_bin /binaries/target/libxml2/libxml2-2.11.0-o3-libxml2 --vul_func_name xmlParseNmtoken --project libxml2
2025-09-08 17:10:25,280 - INFO - success CVE-2022-40303,details in cve_test/CVE-2022-40303.log

2025-09-08 17:10:25,281 - INFO - detecting CVE-2022-40303 xmlParseNmtoken
2025-09-08 17:10:25,281 - INFO - cmd: python main.py --detect --cve_id CVE-2022-40303 --target_bin /binaries/target/libxml2/libxml2-2.11.1-o3-libxml2 --vul_func_name xmlParseNmtoken --project libxml2
2025-09-08 17:10:33,606 - INFO - success CVE-2022-40303,details in cve_test/CVE-2022-40303.log

2025-09-08 17:10:33,607 - INFO - detecting CVE-2022-40303 xmlParsePubidLiteral
2025-09-08 17:10:33,607 - INFO - cmd: python main.py --detect --cve_id CVE-2022-40303 --target_bin /binaries/target/libxml2/libxml2-2.10.2-o3-libxml2 --vul_func_name xmlParsePubidLiteral --project libxml2
2025-09-08 17:10:45,808 - INFO - success CVE-2022-40303,details in cve_test/CVE-2022-40303.log

2025-09-08 17:10:45,809 - INFO - detecting CVE-2022-40303 xmlParsePubidLiteral
2025-09-08 17:10:45,809 - INFO - cmd: python main.py --detect --cve_id CVE-2022-40303 --target_bin /binaries/target/libxml2/libxml2-2.10.1-o3-libxml2 --vul_func_name xmlParsePubidLiteral --project libxml2
2025-09-08 17:10:57,788 - INFO - success CVE-2022-40303,details in cve_test/CVE-2022-40303.log

2025-09-08 17:10:57,789 - INFO - detecting CVE-2022-40303 xmlParsePubidLiteral
2025-09-08 17:10:57,789 - INFO - cmd: python main.py --detect --cve_id CVE-2022-40303 --target_bin /binaries/target/libxml2/libxml2-2.10.0-o3-libxml2 --vul_func_name xmlParsePubidLiteral --project libxml2
2025-09-08 17:11:09,909 - INFO - success CVE-2022-40303,details in cve_test/CVE-2022-40303.log

2025-09-08 17:11:09,910 - INFO - detecting CVE-2022-40303 xmlParsePubidLiteral
2025-09-08 17:11:09,910 - INFO - cmd: python main.py --detect --cve_id CVE-2022-40303 --target_bin /binaries/target/libxml2/libxml2-2.10.4-o3-libxml2 --vul_func_name xmlParsePubidLiteral --project libxml2
2025-09-08 17:11:21,101 - INFO - success CVE-2022-40303,details in cve_test/CVE-2022-40303.log

2025-09-08 17:11:21,102 - INFO - detecting CVE-2022-40303 xmlParsePubidLiteral
2025-09-08 17:11:21,103 - INFO - cmd: python main.py --detect --cve_id CVE-2022-40303 --target_bin /binaries/target/libxml2/libxml2-2.11.0-o3-libxml2 --vul_func_name xmlParsePubidLiteral --project libxml2
2025-09-08 17:11:30,524 - INFO - success CVE-2022-40303,details in cve_test/CVE-2022-40303.log

2025-09-08 17:11:30,525 - INFO - detecting CVE-2022-40303 xmlParsePubidLiteral
2025-09-08 17:11:30,525 - INFO - cmd: python main.py --detect --cve_id CVE-2022-40303 --target_bin /binaries/target/libxml2/libxml2-2.11.1-o3-libxml2 --vul_func_name xmlParsePubidLiteral --project libxml2
2025-09-08 17:11:40,605 - INFO - success CVE-2022-40303,details in cve_test/CVE-2022-40303.log

2025-09-08 17:11:40,606 - INFO - detecting CVE-2022-40303 xmlParseComment
2025-09-08 17:11:40,606 - INFO - cmd: python main.py --detect --cve_id CVE-2022-40303 --target_bin /binaries/target/libxml2/libxml2-2.10.2-o3-libxml2 --vul_func_name xmlParseComment --project libxml2
2025-09-08 17:11:47,633 - INFO - success CVE-2022-40303,details in cve_test/CVE-2022-40303.log

2025-09-08 17:11:47,634 - INFO - detecting CVE-2022-40303 xmlParseComment
2025-09-08 17:11:47,634 - INFO - cmd: python main.py --detect --cve_id CVE-2022-40303 --target_bin /binaries/target/libxml2/libxml2-2.10.1-o3-libxml2 --vul_func_name xmlParseComment --project libxml2
2025-09-08 17:11:55,462 - INFO - success CVE-2022-40303,details in cve_test/CVE-2022-40303.log

2025-09-08 17:11:55,463 - INFO - detecting CVE-2022-40303 xmlParseComment
2025-09-08 17:11:55,463 - INFO - cmd: python main.py --detect --cve_id CVE-2022-40303 --target_bin /binaries/target/libxml2/libxml2-2.10.0-o3-libxml2 --vul_func_name xmlParseComment --project libxml2
2025-09-08 17:12:03,184 - INFO - success CVE-2022-40303,details in cve_test/CVE-2022-40303.log

2025-09-08 17:12:03,185 - INFO - detecting CVE-2022-40303 xmlParseComment
2025-09-08 17:12:03,185 - INFO - cmd: python main.py --detect --cve_id CVE-2022-40303 --target_bin /binaries/target/libxml2/libxml2-2.10.4-o3-libxml2 --vul_func_name xmlParseComment --project libxml2
2025-09-08 17:12:11,418 - INFO - success CVE-2022-40303,details in cve_test/CVE-2022-40303.log

2025-09-08 17:12:11,419 - INFO - detecting CVE-2022-40303 xmlParseComment
2025-09-08 17:12:11,419 - INFO - cmd: python main.py --detect --cve_id CVE-2022-40303 --target_bin /binaries/target/libxml2/libxml2-2.11.0-o3-libxml2 --vul_func_name xmlParseComment --project libxml2
2025-09-08 17:12:18,609 - INFO - success CVE-2022-40303,details in cve_test/CVE-2022-40303.log

2025-09-08 17:12:18,609 - INFO - detecting CVE-2022-40303 xmlParseComment
2025-09-08 17:12:18,610 - INFO - cmd: python main.py --detect --cve_id CVE-2022-40303 --target_bin /binaries/target/libxml2/libxml2-2.11.1-o3-libxml2 --vul_func_name xmlParseComment --project libxml2
2025-09-08 17:12:25,989 - INFO - success CVE-2022-40303,details in cve_test/CVE-2022-40303.log

2025-09-08 17:12:25,989 - INFO - detecting CVE-2022-40303 xmlParseCommentComplex
2025-09-08 17:12:25,989 - INFO - cmd: python main.py --detect --cve_id CVE-2022-40303 --target_bin /binaries/target/libxml2/libxml2-2.10.2-o3-libxml2 --vul_func_name xmlParseCommentComplex --project libxml2
2025-09-08 17:12:30,773 - ERROR - fail CVE-2022-40303 ,details1

2025-09-08 17:12:30,774 - INFO - detecting CVE-2022-40303 xmlParseCommentComplex
2025-09-08 17:12:30,774 - INFO - cmd: python main.py --detect --cve_id CVE-2022-40303 --target_bin /binaries/target/libxml2/libxml2-2.10.1-o3-libxml2 --vul_func_name xmlParseCommentComplex --project libxml2
2025-09-08 17:12:35,704 - ERROR - fail CVE-2022-40303 ,details1

2025-09-08 17:12:35,704 - INFO - detecting CVE-2022-40303 xmlParseCommentComplex
2025-09-08 17:12:35,705 - INFO - cmd: python main.py --detect --cve_id CVE-2022-40303 --target_bin /binaries/target/libxml2/libxml2-2.10.0-o3-libxml2 --vul_func_name xmlParseCommentComplex --project libxml2
2025-09-08 17:12:40,711 - ERROR - fail CVE-2022-40303 ,details1

2025-09-08 17:12:40,712 - INFO - detecting CVE-2022-40303 xmlParseCommentComplex
2025-09-08 17:12:40,713 - INFO - cmd: python main.py --detect --cve_id CVE-2022-40303 --target_bin /binaries/target/libxml2/libxml2-2.10.4-o3-libxml2 --vul_func_name xmlParseCommentComplex --project libxml2
2025-09-08 17:12:45,434 - ERROR - fail CVE-2022-40303 ,details1

2025-09-08 17:12:45,435 - INFO - detecting CVE-2022-40303 xmlParseCommentComplex
2025-09-08 17:12:45,435 - INFO - cmd: python main.py --detect --cve_id CVE-2022-40303 --target_bin /binaries/target/libxml2/libxml2-2.11.0-o3-libxml2 --vul_func_name xmlParseCommentComplex --project libxml2
2025-09-08 17:12:50,254 - ERROR - fail CVE-2022-40303 ,details1

2025-09-08 17:12:50,255 - INFO - detecting CVE-2022-40303 xmlParseCommentComplex
2025-09-08 17:12:50,255 - INFO - cmd: python main.py --detect --cve_id CVE-2022-40303 --target_bin /binaries/target/libxml2/libxml2-2.11.1-o3-libxml2 --vul_func_name xmlParseCommentComplex --project libxml2
2025-09-08 17:12:54,959 - ERROR - fail CVE-2022-40303 ,details1