--------------------------------------------
CVE ID: CVE-2014-3572
Target Binary: /binaries/target/openssl/openssl-OpenSSL_1_0_1j-o3-libssl
Vulnerable Function Name: ssl3_get_key_exchange
Overall Score is: -0.671
--------------------------------------------
CVE ID: CVE-2014-3572
Target Binary: /binaries/target/openssl/openssl-OpenSSL_0_9_8zc-o3-openssl
Vulnerable Function Name: ssl3_get_key_exchange
Overall Score is: -0.592
--------------------------------------------
CVE ID: CVE-2014-3572
Target Binary: /binaries/target/openssl/openssl-OpenSSL_1_0_0o-o3-libssl
Vulnerable Function Name: ssl3_get_key_exchange
Overall Score is: -0.429
--------------------------------------------
CVE ID: CVE-2014-3572
Target Binary: /binaries/target/openssl/openssl-OpenSSL_1_0_0p-o3-libssl
Vulnerable Function Name: ssl3_get_key_exchange
Overall Score is: -0.224
--------------------------------------------
CVE ID: CVE-2014-3572
Target Binary: /binaries/target/openssl/openssl-OpenSSL_0_9_8zd-o3-openssl
Vulnerable Function Name: ssl3_get_key_exchange
Overall Score is: -0.592
--------------------------------------------
CVE ID: CVE-2015-0206
Target Binary: /binaries/target/openssl/openssl-OpenSSL_1_0_1j-o3-libssl
Vulnerable Function Name: dtls1_buffer_record
Overall Score is: 0.218
--------------------------------------------
CVE ID: CVE-2015-0206
Target Binary: /binaries/target/openssl/openssl-OpenSSL_1_0_0o-o3-libssl
Vulnerable Function Name: dtls1_buffer_record
Overall Score is: 0.218
--------------------------------------------
CVE ID: CVE-2015-0206
Target Binary: /binaries/target/openssl/openssl-OpenSSL_0_9_8ze-o3-openssl
Vulnerable Function Name: dtls1_buffer_record
Overall Score is: 0.151
--------------------------------------------
CVE ID: CVE-2015-1791
Target Binary: /binaries/target/openssl/openssl-OpenSSL_0_9_8zf-o3-openssl
Vulnerable Function Name: ssl3_get_new_session_ticket
Overall Score is: -0.862
--------------------------------------------
CVE ID: CVE-2015-1791
Target Binary: /binaries/target/openssl/openssl-OpenSSL_1_0_0s-o3-libssl
Vulnerable Function Name: ssl3_get_new_session_ticket
Overall Score is: 0.931
--------------------------------------------
CVE ID: CVE-2015-1791
Target Binary: /binaries/target/openssl/openssl-OpenSSL_1_0_1n-o3-libssl
Vulnerable Function Name: ssl3_get_new_session_ticket
Overall Score is: 0.945
--------------------------------------------
CVE ID: CVE-2015-1789
Target Binary: /binaries/target/openssl/openssl-OpenSSL_1_0_0r-o3-libcrypto
Vulnerable Function Name: X509_cmp_time
Overall Score is: -0.563
--------------------------------------------
CVE ID: CVE-2015-1789
Target Binary: /binaries/target/openssl/openssl-OpenSSL_0_9_8zf-o3-openssl
Vulnerable Function Name: X509_cmp_time
Overall Score is: -0.563
--------------------------------------------
CVE ID: CVE-2015-1789
Target Binary: /binaries/target/openssl/openssl-OpenSSL_1_0_2d-o3-openssl
Vulnerable Function Name: X509_cmp_time
Overall Score is: 0.824
--------------------------------------------
CVE ID: CVE-2015-3195
Target Binary: /binaries/target/openssl/openssl-OpenSSL_1_0_2d-o3-openssl
Vulnerable Function Name: ASN1_item_ex_d2i
Overall Score is: -0.740
--------------------------------------------
CVE ID: CVE-2015-3195
Target Binary: /binaries/target/openssl/openssl-OpenSSL_1_0_1p-o3-openssl
Vulnerable Function Name: ASN1_item_ex_d2i
Overall Score is: -0.740
--------------------------------------------
CVE ID: CVE-2015-3195
Target Binary: /binaries/target/openssl/openssl-OpenSSL_1_0_1r-o3-openssl
Vulnerable Function Name: ASN1_item_ex_d2i
Overall Score is: 0.757
--------------------------------------------
CVE ID: CVE-2015-3195
Target Binary: /binaries/target/openssl/openssl-OpenSSL_1_0_2f-o3-openssl
Vulnerable Function Name: ASN1_item_ex_d2i
Overall Score is: 0.753
--------------------------------------------
CVE ID: CVE-2015-3197
Target Binary: /binaries/target/openssl/openssl-OpenSSL_1_0_1q-o3-openssl
Vulnerable Function Name: get_client_hello
Overall Score is: -0.490
--------------------------------------------
CVE ID: CVE-2015-3197
Target Binary: /binaries/target/openssl/openssl-OpenSSL_1_0_2e-o3-openssl
Vulnerable Function Name: get_client_hello
Overall Score is: -0.490
--------------------------------------------
CVE ID: CVE-2015-3197
Target Binary: /binaries/target/openssl/openssl-OpenSSL_1_0_1p-o3-openssl
Vulnerable Function Name: get_client_hello
Overall Score is: -0.490
--------------------------------------------
CVE ID: CVE-2016-0705
Target Binary: /binaries/target/openssl/openssl-OpenSSL_1_0_2f-o3-openssl
Vulnerable Function Name: dsa_priv_decode
Overall Score is: -0.854
--------------------------------------------
CVE ID: CVE-2016-0705
Target Binary: /binaries/target/openssl/openssl-OpenSSL_1_0_1r-o3-openssl
Vulnerable Function Name: dsa_priv_decode
Overall Score is: -0.854
--------------------------------------------
CVE ID: CVE-2016-0705
Target Binary: /binaries/target/openssl/openssl-OpenSSL_1_0_1q-o3-openssl
Vulnerable Function Name: dsa_priv_decode
Overall Score is: -0.854
--------------------------------------------
CVE ID: CVE-2016-0705
Target Binary: /binaries/target/openssl/openssl-OpenSSL_1_0_2g-o3-openssl
Vulnerable Function Name: dsa_priv_decode
Overall Score is: 0.967
--------------------------------------------
CVE ID: CVE-2016-0705
Target Binary: /binaries/target/openssl/openssl-OpenSSL_1_0_1s-o3-openssl
Vulnerable Function Name: dsa_priv_decode
Overall Score is: 0.967
--------------------------------------------
CVE ID: CVE-2016-0705
Target Binary: /binaries/target/openssl/openssl-OpenSSL_1_0_2h-o3-openssl
Vulnerable Function Name: dsa_priv_decode
Overall Score is: 0.967
--------------------------------------------
CVE ID: CVE-2016-0798
Target Binary: /binaries/target/openssl/openssl-OpenSSL_1_0_2f-o3-openssl
Vulnerable Function Name: init_ssl_connection
Overall Score is: -0.609
--------------------------------------------
CVE ID: CVE-2016-0798
Target Binary: /binaries/target/openssl/openssl-OpenSSL_1_0_1r-o3-openssl
Vulnerable Function Name: init_ssl_connection
Overall Score is: -0.609
--------------------------------------------
CVE ID: CVE-2016-0798
Target Binary: /binaries/target/openssl/openssl-OpenSSL_1_0_1q-o3-openssl
Vulnerable Function Name: init_ssl_connection
Overall Score is: -0.609
--------------------------------------------
CVE ID: CVE-2016-0798
Target Binary: /binaries/target/openssl/openssl-OpenSSL_1_0_2g-o3-openssl
Vulnerable Function Name: init_ssl_connection
Overall Score is: 0.968
--------------------------------------------
CVE ID: CVE-2016-0798
Target Binary: /binaries/target/openssl/openssl-OpenSSL_1_0_1s-o3-openssl
Vulnerable Function Name: init_ssl_connection
Overall Score is: 0.968
--------------------------------------------
CVE ID: CVE-2016-0798
Target Binary: /binaries/target/openssl/openssl-OpenSSL_1_0_2h-o3-openssl
Vulnerable Function Name: init_ssl_connection
Overall Score is: 0.968
--------------------------------------------
CVE ID: CVE-2016-0799
Target Binary: /binaries/target/openssl/openssl-OpenSSL_1_0_2f-o3-openssl
Vulnerable Function Name: BIO_vprintf
Overall Score is: -0.836
--------------------------------------------
CVE ID: CVE-2016-0799
Target Binary: /binaries/target/openssl/openssl-OpenSSL_1_0_1r-o3-openssl
Vulnerable Function Name: BIO_vprintf
Overall Score is: -0.832
--------------------------------------------
CVE ID: CVE-2016-0799
Target Binary: /binaries/target/openssl/openssl-OpenSSL_1_0_1q-o3-openssl
Vulnerable Function Name: BIO_vprintf
Overall Score is: -0.832
--------------------------------------------
CVE ID: CVE-2016-0799
Target Binary: /binaries/target/openssl/openssl-OpenSSL_1_0_2g-o3-openssl
Vulnerable Function Name: BIO_vprintf
Overall Score is: 0.766
--------------------------------------------
CVE ID: CVE-2016-0799
Target Binary: /binaries/target/openssl/openssl-OpenSSL_1_0_1s-o3-openssl
Vulnerable Function Name: BIO_vprintf
Overall Score is: 0.766
--------------------------------------------
CVE ID: CVE-2016-0799
Target Binary: /binaries/target/openssl/openssl-OpenSSL_1_0_2h-o3-openssl
Vulnerable Function Name: BIO_vprintf
Overall Score is: 0.766
--------------------------------------------
CVE ID: CVE-2016-2842
Target Binary: /binaries/target/openssl/openssl-OpenSSL_1_0_2f-o3-openssl
Vulnerable Function Name: BIO_vsnprintf
Overall Score is: -0.347
--------------------------------------------
CVE ID: CVE-2016-2842
Target Binary: /binaries/target/openssl/openssl-OpenSSL_1_0_1r-o3-openssl
Vulnerable Function Name: BIO_vsnprintf
Overall Score is: -0.347
--------------------------------------------
CVE ID: CVE-2016-2842
Target Binary: /binaries/target/openssl/openssl-OpenSSL_1_0_1q-o3-openssl
Vulnerable Function Name: BIO_vsnprintf
Overall Score is: -0.347
--------------------------------------------
CVE ID: CVE-2016-2842
Target Binary: /binaries/target/openssl/openssl-OpenSSL_1_0_2g-o3-openssl
Vulnerable Function Name: BIO_vsnprintf
Overall Score is: 0.549
--------------------------------------------
CVE ID: CVE-2016-2842
Target Binary: /binaries/target/openssl/openssl-OpenSSL_1_0_1s-o3-openssl
Vulnerable Function Name: BIO_vsnprintf
Overall Score is: 0.549
--------------------------------------------
CVE ID: CVE-2016-2842
Target Binary: /binaries/target/openssl/openssl-OpenSSL_1_0_2h-o3-openssl
Vulnerable Function Name: BIO_vsnprintf
Overall Score is: 0.549
--------------------------------------------
CVE ID: CVE-2016-2842
Target Binary: /binaries/target/openssl/openssl-OpenSSL_1_0_2f-o3-openssl
Vulnerable Function Name: BIO_vprintf
Overall Score is: -0.836
--------------------------------------------
CVE ID: CVE-2016-2842
Target Binary: /binaries/target/openssl/openssl-OpenSSL_1_0_1r-o3-openssl
Vulnerable Function Name: BIO_vprintf
Overall Score is: -0.832
--------------------------------------------
CVE ID: CVE-2016-2842
Target Binary: /binaries/target/openssl/openssl-OpenSSL_1_0_1q-o3-openssl
Vulnerable Function Name: BIO_vprintf
Overall Score is: -0.832
--------------------------------------------
CVE ID: CVE-2016-2842
Target Binary: /binaries/target/openssl/openssl-OpenSSL_1_0_2g-o3-openssl
Vulnerable Function Name: BIO_vprintf
Overall Score is: 0.766
--------------------------------------------
CVE ID: CVE-2016-2842
Target Binary: /binaries/target/openssl/openssl-OpenSSL_1_0_1s-o3-openssl
Vulnerable Function Name: BIO_vprintf
Overall Score is: 0.766
--------------------------------------------
CVE ID: CVE-2016-2842
Target Binary: /binaries/target/openssl/openssl-OpenSSL_1_0_2h-o3-openssl
Vulnerable Function Name: BIO_vprintf
Overall Score is: 0.766
--------------------------------------------
CVE ID: CVE-2016-2842
Target Binary: /binaries/target/openssl/openssl-OpenSSL_1_0_2f-o3-openssl
Vulnerable Function Name: doapr_outch
Overall Score is: -0.421
--------------------------------------------
CVE ID: CVE-2016-2842
Target Binary: /binaries/target/openssl/openssl-OpenSSL_1_0_1r-o3-openssl
Vulnerable Function Name: doapr_outch
Overall Score is: -0.421
--------------------------------------------
CVE ID: CVE-2016-2842
Target Binary: /binaries/target/openssl/openssl-OpenSSL_1_0_1q-o3-openssl
Vulnerable Function Name: doapr_outch
Overall Score is: -0.421
--------------------------------------------
CVE ID: CVE-2016-2842
Target Binary: /binaries/target/openssl/openssl-OpenSSL_1_0_2g-o3-openssl
Vulnerable Function Name: doapr_outch
Overall Score is: 0.727
--------------------------------------------
CVE ID: CVE-2016-2842
Target Binary: /binaries/target/openssl/openssl-OpenSSL_1_0_1s-o3-openssl
Vulnerable Function Name: doapr_outch
Overall Score is: 0.727
--------------------------------------------
CVE ID: CVE-2016-2842
Target Binary: /binaries/target/openssl/openssl-OpenSSL_1_0_2h-o3-openssl
Vulnerable Function Name: doapr_outch
Overall Score is: 0.727
--------------------------------------------
CVE ID: CVE-2016-0702
Target Binary: /binaries/target/openssl/openssl-OpenSSL_1_0_2f-o3-openssl
Vulnerable Function Name: MOD_EXP_CTIME_COPY_TO_PREBUF
Overall Score is: -0.584
--------------------------------------------
CVE ID: CVE-2016-0702
Target Binary: /binaries/target/openssl/openssl-OpenSSL_1_0_1r-o3-openssl
Vulnerable Function Name: MOD_EXP_CTIME_COPY_TO_PREBUF
Overall Score is: -0.584
--------------------------------------------
CVE ID: CVE-2016-0702
Target Binary: /binaries/target/openssl/openssl-OpenSSL_1_0_1q-o3-openssl
Vulnerable Function Name: MOD_EXP_CTIME_COPY_TO_PREBUF
Overall Score is: -0.584
--------------------------------------------
CVE ID: CVE-2016-0702
Target Binary: /binaries/target/openssl/openssl-OpenSSL_1_0_2h-o3-openssl
Vulnerable Function Name: MOD_EXP_CTIME_COPY_TO_PREBUF
Overall Score is: 0.854
--------------------------------------------
CVE ID: CVE-2016-0702
Target Binary: /binaries/target/openssl/openssl-OpenSSL_1_0_1t-o3-openssl
Vulnerable Function Name: MOD_EXP_CTIME_COPY_TO_PREBUF
Overall Score is: 0.854
--------------------------------------------
CVE ID: CVE-2016-0702
Target Binary: /binaries/target/openssl/openssl-OpenSSL_1_0_2i-o3-openssl
Vulnerable Function Name: MOD_EXP_CTIME_COPY_TO_PREBUF
Overall Score is: 0.854
--------------------------------------------
CVE ID: CVE-2016-2109
Target Binary: /binaries/target/openssl/openssl-OpenSSL_1_0_2g-o3-libcrypto
Vulnerable Function Name: asn1_d2i_read_bio
Overall Score is: -0.707
--------------------------------------------
CVE ID: CVE-2016-2109
Target Binary: /binaries/target/openssl/openssl-OpenSSL_1_0_1s-o3-libcrypto
Vulnerable Function Name: asn1_d2i_read_bio
Overall Score is: -0.707
--------------------------------------------
CVE ID: CVE-2016-2109
Target Binary: /binaries/target/openssl/openssl-OpenSSL_1_0_2f-o3-libcrypto
Vulnerable Function Name: asn1_d2i_read_bio
Overall Score is: -0.707
--------------------------------------------
CVE ID: CVE-2016-2109
Target Binary: /binaries/target/openssl/openssl-OpenSSL_1_0_2h-o3-libcrypto
Vulnerable Function Name: asn1_d2i_read_bio
Overall Score is: -0.538
--------------------------------------------
CVE ID: CVE-2016-2109
Target Binary: /binaries/target/openssl/openssl-OpenSSL_1_0_1t-o3-libcrypto
Vulnerable Function Name: asn1_d2i_read_bio
Overall Score is: -0.538
--------------------------------------------
CVE ID: CVE-2016-2109
Target Binary: /binaries/target/openssl/openssl-OpenSSL_1_0_2i-o3-libcrypto
Vulnerable Function Name: asn1_d2i_read_bio
Overall Score is: -0.538
--------------------------------------------
CVE ID: CVE-2016-6306
Target Binary: /binaries/target/openssl/openssl-OpenSSL_1_0_2h-o3-openssl
Vulnerable Function Name: ssl3_get_certificate_request
Overall Score is: 0.233
--------------------------------------------
CVE ID: CVE-2016-6306
Target Binary: /binaries/target/openssl/openssl-OpenSSL_1_0_1t-o3-openssl
Vulnerable Function Name: ssl3_get_certificate_request
Overall Score is: 0.019
--------------------------------------------
CVE ID: CVE-2016-6306
Target Binary: /binaries/target/openssl/openssl-OpenSSL_1_0_1s-o3-openssl
Vulnerable Function Name: ssl3_get_certificate_request
Overall Score is: 0.019
--------------------------------------------
CVE ID: CVE-2016-6306
Target Binary: /binaries/target/openssl/openssl-OpenSSL_1_0_2i-o3-openssl
Vulnerable Function Name: ssl3_get_certificate_request
Overall Score is: 0.233
--------------------------------------------
CVE ID: CVE-2016-6306
Target Binary: /binaries/target/openssl/openssl-OpenSSL_1_0_1u-o3-openssl
Vulnerable Function Name: ssl3_get_certificate_request
Overall Score is: 0.019
--------------------------------------------
CVE ID: CVE-2016-6306
Target Binary: /binaries/target/openssl/openssl-OpenSSL_1_0_2j-o3-openssl
Vulnerable Function Name: ssl3_get_certificate_request
Overall Score is: 0.233
--------------------------------------------
CVE ID: CVE-2018-0732
Target Binary: /binaries/target/openssl/openssl-OpenSSL_1_0_2o-o3-openssl
Vulnerable Function Name: generate_key
Overall Score is: -0.242
--------------------------------------------
CVE ID: CVE-2018-0732
Target Binary: /binaries/target/openssl/openssl-OpenSSL_1_0_2n-o3-openssl
Vulnerable Function Name: generate_key
Overall Score is: -0.248
--------------------------------------------
CVE ID: CVE-2018-0732
Target Binary: /binaries/target/openssl/openssl-OpenSSL_1_0_2p-o3-openssl
Vulnerable Function Name: generate_key
Overall Score is: 0.652
--------------------------------------------
CVE ID: CVE-2019-1563
Target Binary: /binaries/target/openssl/openssl-OpenSSL_1_1_0k-o3-libcrypto
Vulnerable Function Name: pkcs7_decrypt_rinfo
Overall Score is: -0.687
--------------------------------------------
CVE ID: CVE-2019-1563
Target Binary: /binaries/target/openssl/openssl-OpenSSL_1_1_1c-o3-libcrypto
Vulnerable Function Name: pkcs7_decrypt_rinfo
Overall Score is: -0.683
--------------------------------------------
CVE ID: CVE-2019-1563
Target Binary: /binaries/target/openssl/openssl-OpenSSL_1_0_2s-o3-libcrypto
Vulnerable Function Name: pkcs7_decrypt_rinfo
Overall Score is: -0.687
--------------------------------------------
CVE ID: CVE-2019-1563
Target Binary: /binaries/target/openssl/openssl-OpenSSL_1_0_2u-o3-libcrypto
Vulnerable Function Name: pkcs7_decrypt_rinfo
Overall Score is: 0.724
--------------------------------------------
CVE ID: CVE-2019-1563
Target Binary: /binaries/target/openssl/openssl-OpenSSL_1_1_1e-o3-libcrypto
Vulnerable Function Name: pkcs7_decrypt_rinfo
Overall Score is: 0.720
--------------------------------------------
CVE ID: CVE-2019-1563
Target Binary: /binaries/target/openssl/openssl-OpenSSL_1_1_1f-o3-libcrypto
Vulnerable Function Name: pkcs7_decrypt_rinfo
Overall Score is: 0.720
--------------------------------------------
CVE ID: CVE-2019-1563
Target Binary: /binaries/target/openssl/openssl-OpenSSL_1_1_0k-o3-libcrypto
Vulnerable Function Name: cms_RecipientInfo_ktri_decrypt
Overall Score is: -0.534
--------------------------------------------
CVE ID: CVE-2019-1563
Target Binary: /binaries/target/openssl/openssl-OpenSSL_1_1_1c-o3-libcrypto
Vulnerable Function Name: cms_RecipientInfo_ktri_decrypt
Overall Score is: -0.500
--------------------------------------------
CVE ID: CVE-2019-1563
Target Binary: /binaries/target/openssl/openssl-OpenSSL_1_0_2s-o3-libcrypto
Vulnerable Function Name: cms_RecipientInfo_ktri_decrypt
Overall Score is: -0.534
--------------------------------------------
CVE ID: CVE-2019-1563
Target Binary: /binaries/target/openssl/openssl-OpenSSL_1_0_2u-o3-libcrypto
Vulnerable Function Name: cms_RecipientInfo_ktri_decrypt
Overall Score is: 0.799
--------------------------------------------
CVE ID: CVE-2019-1563
Target Binary: /binaries/target/openssl/openssl-OpenSSL_1_1_1e-o3-libcrypto
Vulnerable Function Name: cms_RecipientInfo_ktri_decrypt
Overall Score is: 0.782
--------------------------------------------
CVE ID: CVE-2019-1563
Target Binary: /binaries/target/openssl/openssl-OpenSSL_1_1_1f-o3-libcrypto
Vulnerable Function Name: cms_RecipientInfo_ktri_decrypt
Overall Score is: 0.782
--------------------------------------------
CVE ID: CVE-2022-3358
Target Binary: /binaries/target/openssl/openssl-openssl-3.0.5-o3-libcrypto
Vulnerable Function Name: evp_cipher_init_internal
Overall Score is: 0.562
--------------------------------------------
CVE ID: CVE-2022-3358
Target Binary: /binaries/target/openssl/openssl-openssl-3.0.4-o3-libcrypto
Vulnerable Function Name: evp_cipher_init_internal
Overall Score is: 0.562
--------------------------------------------
CVE ID: CVE-2022-3358
Target Binary: /binaries/target/openssl/openssl-openssl-3.0.3-o3-libcrypto
Vulnerable Function Name: evp_cipher_init_internal
Overall Score is: 0.562
--------------------------------------------
CVE ID: CVE-2022-3358
Target Binary: /binaries/target/openssl/openssl-openssl-3.0.6-o3-libcrypto
Vulnerable Function Name: evp_cipher_init_internal
Overall Score is: 0.298
--------------------------------------------
CVE ID: CVE-2022-3358
Target Binary: /binaries/target/openssl/openssl-openssl-3.0.7-o3-libcrypto
Vulnerable Function Name: evp_cipher_init_internal
Overall Score is: 0.298
--------------------------------------------
CVE ID: CVE-2022-3786
Target Binary: /binaries/target/openssl/openssl-openssl-3.0.6-o3-libcrypto
Vulnerable Function Name: ossl_a2ulabel
Overall Score is: -0.421
--------------------------------------------
CVE ID: CVE-2022-3786
Target Binary: /binaries/target/openssl/openssl-openssl-3.0.5-o3-libcrypto
Vulnerable Function Name: ossl_a2ulabel
Overall Score is: -0.421