2025-09-08 16:24:39,343 - INFO - detecting CVE-2016-6153 unixGetTempname
2025-09-08 16:24:39,344 - INFO - cmd: python main.py --detect --cve_id CVE-2016-6153 --target_bin /binaries/target/sqlite/sqlite-3.12.2-o3-sqlite3 --vul_func_name unixGetTempname --project sqlite
2025-09-08 16:24:45,469 - INFO - success CVE-2016-6153,details in cve_test/CVE-2016-6153.log

2025-09-08 16:24:45,470 - INFO - detecting CVE-2016-6153 unixGetTempname
2025-09-08 16:24:45,470 - INFO - cmd: python main.py --detect --cve_id CVE-2016-6153 --target_bin /binaries/target/sqlite/sqlite-3.12.1-o3-sqlite3 --vul_func_name unixGetTempname --project sqlite
2025-09-08 16:24:51,383 - INFO - success CVE-2016-6153,details in cve_test/CVE-2016-6153.log

2025-09-08 16:24:51,384 - INFO - detecting CVE-2016-6153 unixGetTempname
2025-09-08 16:24:51,384 - INFO - cmd: python main.py --detect --cve_id CVE-2016-6153 --target_bin /binaries/target/sqlite/sqlite-3.9.3-o3-sqlite3 --vul_func_name unixGetTempname --project sqlite
2025-09-08 16:24:55,197 - ERROR - fail CVE-2016-6153 ,details1

2025-09-08 16:24:55,198 - INFO - detecting CVE-2016-6153 unixGetTempname
2025-09-08 16:24:55,199 - INFO - cmd: python main.py --detect --cve_id CVE-2016-6153 --target_bin /binaries/target/sqlite/sqlite-3.13.0-o3-sqlite3 --vul_func_name unixGetTempname --project sqlite
2025-09-08 16:25:02,654 - INFO - success CVE-2016-6153,details in cve_test/CVE-2016-6153.log

2025-09-08 16:25:02,655 - INFO - detecting CVE-2016-6153 unixGetTempname
2025-09-08 16:25:02,655 - INFO - cmd: python main.py --detect --cve_id CVE-2016-6153 --target_bin /binaries/target/sqlite/sqlite-3.14.1-o3-sqlite3 --vul_func_name unixGetTempname --project sqlite
2025-09-08 16:25:09,730 - INFO - success CVE-2016-6153,details in cve_test/CVE-2016-6153.log

2025-09-08 16:25:09,731 - INFO - detecting CVE-2016-6153 unixGetTempname
2025-09-08 16:25:09,731 - INFO - cmd: python main.py --detect --cve_id CVE-2016-6153 --target_bin /binaries/target/sqlite/sqlite-3.14.2-o3-sqlite3 --vul_func_name unixGetTempname --project sqlite
2025-09-08 16:25:16,900 - INFO - success CVE-2016-6153,details in cve_test/CVE-2016-6153.log

2025-09-08 16:25:16,901 - INFO - detecting CVE-2018-20346 fts3SegReaderNext
2025-09-08 16:25:16,902 - INFO - cmd: python main.py --detect --cve_id CVE-2018-20346 --target_bin /binaries/target/sqlite/sqlite-3.25.2-o3-sqlite3 --vul_func_name fts3SegReaderNext --project sqlite
2025-09-08 16:25:24,724 - INFO - success CVE-2018-20346,details in cve_test/CVE-2018-20346.log

2025-09-08 16:25:24,725 - INFO - detecting CVE-2018-20346 fts3SegReaderNext
2025-09-08 16:25:24,725 - INFO - cmd: python main.py --detect --cve_id CVE-2018-20346 --target_bin /binaries/target/sqlite/sqlite-3.25.1-o3-sqlite3 --vul_func_name fts3SegReaderNext --project sqlite
2025-09-08 16:25:32,552 - INFO - success CVE-2018-20346,details in cve_test/CVE-2018-20346.log

2025-09-08 16:25:32,553 - INFO - detecting CVE-2018-20346 fts3SegReaderNext
2025-09-08 16:25:32,553 - INFO - cmd: python main.py --detect --cve_id CVE-2018-20346 --target_bin /binaries/target/sqlite/sqlite-3.25.0-o3-sqlite3 --vul_func_name fts3SegReaderNext --project sqlite
2025-09-08 16:25:40,117 - INFO - success CVE-2018-20346,details in cve_test/CVE-2018-20346.log

2025-09-08 16:25:40,118 - INFO - detecting CVE-2018-20346 fts3SegReaderNext
2025-09-08 16:25:40,118 - INFO - cmd: python main.py --detect --cve_id CVE-2018-20346 --target_bin /binaries/target/sqlite/sqlite-3.25.3-o3-sqlite3 --vul_func_name fts3SegReaderNext --project sqlite
2025-09-08 16:25:47,922 - INFO - success CVE-2018-20346,details in cve_test/CVE-2018-20346.log

2025-09-08 16:25:47,923 - INFO - detecting CVE-2018-20346 fts3SegReaderNext
2025-09-08 16:25:47,924 - INFO - cmd: python main.py --detect --cve_id CVE-2018-20346 --target_bin /binaries/target/sqlite/sqlite-3.26.0-o3-sqlite3 --vul_func_name fts3SegReaderNext --project sqlite
2025-09-08 16:25:55,650 - INFO - success CVE-2018-20346,details in cve_test/CVE-2018-20346.log

2025-09-08 16:25:55,651 - INFO - detecting CVE-2018-20346 fts3SegReaderNext
2025-09-08 16:25:55,652 - INFO - cmd: python main.py --detect --cve_id CVE-2018-20346 --target_bin /binaries/target/sqlite/sqlite-3.27.0-o3-sqlite3 --vul_func_name fts3SegReaderNext --project sqlite
2025-09-08 16:26:03,388 - INFO - success CVE-2018-20346,details in cve_test/CVE-2018-20346.log

2025-09-08 16:26:03,389 - INFO - detecting CVE-2018-20346 fts3ScanInteriorNode
2025-09-08 16:26:03,390 - INFO - cmd: python main.py --detect --cve_id CVE-2018-20346 --target_bin /binaries/target/sqlite/sqlite-3.25.2-o3-sqlite3 --vul_func_name fts3ScanInteriorNode --project sqlite
2025-09-08 16:26:10,270 - INFO - success CVE-2018-20346,details in cve_test/CVE-2018-20346.log

2025-09-08 16:26:10,273 - INFO - detecting CVE-2018-20346 fts3ScanInteriorNode
2025-09-08 16:26:10,273 - INFO - cmd: python main.py --detect --cve_id CVE-2018-20346 --target_bin /binaries/target/sqlite/sqlite-3.25.1-o3-sqlite3 --vul_func_name fts3ScanInteriorNode --project sqlite
2025-09-08 16:26:16,747 - INFO - success CVE-2018-20346,details in cve_test/CVE-2018-20346.log

2025-09-08 16:26:16,748 - INFO - detecting CVE-2018-20346 fts3ScanInteriorNode
2025-09-08 16:26:16,748 - INFO - cmd: python main.py --detect --cve_id CVE-2018-20346 --target_bin /binaries/target/sqlite/sqlite-3.25.0-o3-sqlite3 --vul_func_name fts3ScanInteriorNode --project sqlite
2025-09-08 16:26:23,796 - INFO - success CVE-2018-20346,details in cve_test/CVE-2018-20346.log

2025-09-08 16:26:23,797 - INFO - detecting CVE-2018-20346 fts3ScanInteriorNode
2025-09-08 16:26:23,798 - INFO - cmd: python main.py --detect --cve_id CVE-2018-20346 --target_bin /binaries/target/sqlite/sqlite-3.25.3-o3-sqlite3 --vul_func_name fts3ScanInteriorNode --project sqlite
2025-09-08 16:26:30,979 - INFO - success CVE-2018-20346,details in cve_test/CVE-2018-20346.log

2025-09-08 16:26:30,980 - INFO - detecting CVE-2018-20346 fts3ScanInteriorNode
2025-09-08 16:26:30,981 - INFO - cmd: python main.py --detect --cve_id CVE-2018-20346 --target_bin /binaries/target/sqlite/sqlite-3.26.0-o3-sqlite3 --vul_func_name fts3ScanInteriorNode --project sqlite
2025-09-08 16:26:37,902 - INFO - success CVE-2018-20346,details in cve_test/CVE-2018-20346.log

2025-09-08 16:26:37,903 - INFO - detecting CVE-2018-20346 fts3ScanInteriorNode
2025-09-08 16:26:37,904 - INFO - cmd: python main.py --detect --cve_id CVE-2018-20346 --target_bin /binaries/target/sqlite/sqlite-3.27.0-o3-sqlite3 --vul_func_name fts3ScanInteriorNode --project sqlite
2025-09-08 16:26:44,536 - INFO - success CVE-2018-20346,details in cve_test/CVE-2018-20346.log

2025-09-08 16:26:44,537 - INFO - detecting CVE-2019-19645 renameTableFunc
2025-09-08 16:26:44,538 - INFO - cmd: python main.py --detect --cve_id CVE-2019-19645 --target_bin /binaries/target/sqlite/sqlite-3.30.1-o3-sqlite3 --vul_func_name renameTableFunc --project sqlite
2025-09-08 16:26:54,249 - INFO - success CVE-2019-19645,details in cve_test/CVE-2019-19645.log

2025-09-08 16:26:54,250 - INFO - detecting CVE-2019-19645 renameTableFunc
2025-09-08 16:26:54,251 - INFO - cmd: python main.py --detect --cve_id CVE-2019-19645 --target_bin /binaries/target/sqlite/sqlite-3.30.0-o3-sqlite3 --vul_func_name renameTableFunc --project sqlite
2025-09-08 16:27:04,586 - INFO - success CVE-2019-19645,details in cve_test/CVE-2019-19645.log

2025-09-08 16:27:04,588 - INFO - detecting CVE-2019-19645 renameTableFunc
2025-09-08 16:27:04,588 - INFO - cmd: python main.py --detect --cve_id CVE-2019-19645 --target_bin /binaries/target/sqlite/sqlite-3.29.0-o3-sqlite3 --vul_func_name renameTableFunc --project sqlite
2025-09-08 16:27:15,170 - INFO - success CVE-2019-19645,details in cve_test/CVE-2019-19645.log

2025-09-08 16:27:15,171 - INFO - detecting CVE-2019-19645 renameTableFunc
2025-09-08 16:27:15,172 - INFO - cmd: python main.py --detect --cve_id CVE-2019-19645 --target_bin /binaries/target/sqlite/sqlite-3.31.0-o3-sqlite3 --vul_func_name renameTableFunc --project sqlite
2025-09-08 16:27:23,996 - INFO - success CVE-2019-19645,details in cve_test/CVE-2019-19645.log

2025-09-08 16:27:23,997 - INFO - detecting CVE-2019-19645 renameTableFunc
2025-09-08 16:27:23,998 - INFO - cmd: python main.py --detect --cve_id CVE-2019-19645 --target_bin /binaries/target/sqlite/sqlite-3.31.1-o3-sqlite3 --vul_func_name renameTableFunc --project sqlite
2025-09-08 16:27:33,138 - INFO - success CVE-2019-19645,details in cve_test/CVE-2019-19645.log

2025-09-08 16:27:33,139 - INFO - detecting CVE-2019-19645 renameTableFunc
2025-09-08 16:27:33,140 - INFO - cmd: python main.py --detect --cve_id CVE-2019-19645 --target_bin /binaries/target/sqlite/sqlite-3.32.0-o3-sqlite3 --vul_func_name renameTableFunc --project sqlite
2025-09-08 16:27:41,089 - INFO - success CVE-2019-19645,details in cve_test/CVE-2019-19645.log

2025-09-08 16:27:41,091 - INFO - detecting CVE-2019-19645 renameUnmapSelectCb
2025-09-08 16:27:41,091 - INFO - cmd: python main.py --detect --cve_id CVE-2019-19645 --target_bin /binaries/target/sqlite/sqlite-3.30.1-o3-sqlite3 --vul_func_name renameUnmapSelectCb --project sqlite
2025-09-08 16:27:48,252 - INFO - success CVE-2019-19645,details in cve_test/CVE-2019-19645.log

2025-09-08 16:27:48,254 - INFO - detecting CVE-2019-19645 renameUnmapSelectCb
2025-09-08 16:27:48,254 - INFO - cmd: python main.py --detect --cve_id CVE-2019-19645 --target_bin /binaries/target/sqlite/sqlite-3.30.0-o3-sqlite3 --vul_func_name renameUnmapSelectCb --project sqlite
2025-09-08 16:27:56,824 - INFO - success CVE-2019-19645,details in cve_test/CVE-2019-19645.log

2025-09-08 16:27:56,826 - INFO - detecting CVE-2019-19645 renameUnmapSelectCb
2025-09-08 16:27:56,826 - INFO - cmd: python main.py --detect --cve_id CVE-2019-19645 --target_bin /binaries/target/sqlite/sqlite-3.29.0-o3-sqlite3 --vul_func_name renameUnmapSelectCb --project sqlite
2025-09-08 16:28:04,918 - INFO - success CVE-2019-19645,details in cve_test/CVE-2019-19645.log

2025-09-08 16:28:04,920 - INFO - detecting CVE-2019-19645 renameUnmapSelectCb
2025-09-08 16:28:04,920 - INFO - cmd: python main.py --detect --cve_id CVE-2019-19645 --target_bin /binaries/target/sqlite/sqlite-3.31.0-o3-sqlite3 --vul_func_name renameUnmapSelectCb --project sqlite
2025-09-08 16:28:13,711 - INFO - success CVE-2019-19645,details in cve_test/CVE-2019-19645.log

2025-09-08 16:28:13,713 - INFO - detecting CVE-2019-19645 renameUnmapSelectCb
2025-09-08 16:28:13,713 - INFO - cmd: python main.py --detect --cve_id CVE-2019-19645 --target_bin /binaries/target/sqlite/sqlite-3.31.1-o3-sqlite3 --vul_func_name renameUnmapSelectCb --project sqlite
2025-09-08 16:28:22,521 - INFO - success CVE-2019-19645,details in cve_test/CVE-2019-19645.log

2025-09-08 16:28:22,522 - INFO - detecting CVE-2019-19645 renameUnmapSelectCb
2025-09-08 16:28:22,522 - INFO - cmd: python main.py --detect --cve_id CVE-2019-19645 --target_bin /binaries/target/sqlite/sqlite-3.32.0-o3-sqlite3 --vul_func_name renameUnmapSelectCb --project sqlite
2025-09-08 16:28:31,344 - INFO - success CVE-2019-19645,details in cve_test/CVE-2019-19645.log

2025-09-08 16:28:31,346 - INFO - detecting CVE-2019-19645 renameColumnSelectCb
2025-09-08 16:28:31,346 - INFO - cmd: python main.py --detect --cve_id CVE-2019-19645 --target_bin /binaries/target/sqlite/sqlite-3.30.1-o3-sqlite3 --vul_func_name renameColumnSelectCb --project sqlite
2025-09-08 16:28:38,217 - INFO - success CVE-2019-19645,details in cve_test/CVE-2019-19645.log

2025-09-08 16:28:38,218 - INFO - detecting CVE-2019-19645 renameColumnSelectCb
2025-09-08 16:28:38,219 - INFO - cmd: python main.py --detect --cve_id CVE-2019-19645 --target_bin /binaries/target/sqlite/sqlite-3.30.0-o3-sqlite3 --vul_func_name renameColumnSelectCb --project sqlite
2025-09-08 16:28:45,253 - INFO - success CVE-2019-19645,details in cve_test/CVE-2019-19645.log

2025-09-08 16:28:45,254 - INFO - detecting CVE-2019-19645 renameColumnSelectCb
2025-09-08 16:28:45,255 - INFO - cmd: python main.py --detect --cve_id CVE-2019-19645 --target_bin /binaries/target/sqlite/sqlite-3.29.0-o3-sqlite3 --vul_func_name renameColumnSelectCb --project sqlite
2025-09-08 16:28:52,535 - INFO - success CVE-2019-19645,details in cve_test/CVE-2019-19645.log

2025-09-08 16:28:52,537 - INFO - detecting CVE-2019-19645 renameColumnSelectCb
2025-09-08 16:28:52,537 - INFO - cmd: python main.py --detect --cve_id CVE-2019-19645 --target_bin /binaries/target/sqlite/sqlite-3.31.0-o3-sqlite3 --vul_func_name renameColumnSelectCb --project sqlite
2025-09-08 16:28:59,845 - INFO - success CVE-2019-19645,details in cve_test/CVE-2019-19645.log

2025-09-08 16:28:59,846 - INFO - detecting CVE-2019-19645 renameColumnSelectCb
2025-09-08 16:28:59,847 - INFO - cmd: python main.py --detect --cve_id CVE-2019-19645 --target_bin /binaries/target/sqlite/sqlite-3.31.1-o3-sqlite3 --vul_func_name renameColumnSelectCb --project sqlite
2025-09-08 16:29:07,246 - INFO - success CVE-2019-19645,details in cve_test/CVE-2019-19645.log

2025-09-08 16:29:07,247 - INFO - detecting CVE-2019-19645 renameColumnSelectCb
2025-09-08 16:29:07,247 - INFO - cmd: python main.py --detect --cve_id CVE-2019-19645 --target_bin /binaries/target/sqlite/sqlite-3.32.0-o3-sqlite3 --vul_func_name renameColumnSelectCb --project sqlite
2025-09-08 16:29:14,965 - INFO - success CVE-2019-19645,details in cve_test/CVE-2019-19645.log

2025-09-08 16:29:14,966 - INFO - detecting CVE-2019-19645 renameTableSelectCb
2025-09-08 16:29:14,967 - INFO - cmd: python main.py --detect --cve_id CVE-2019-19645 --target_bin /binaries/target/sqlite/sqlite-3.30.1-o3-sqlite3 --vul_func_name renameTableSelectCb --project sqlite
2025-09-08 16:29:23,845 - INFO - success CVE-2019-19645,details in cve_test/CVE-2019-19645.log

2025-09-08 16:29:23,847 - INFO - detecting CVE-2019-19645 renameTableSelectCb
2025-09-08 16:29:23,847 - INFO - cmd: python main.py --detect --cve_id CVE-2019-19645 --target_bin /binaries/target/sqlite/sqlite-3.30.0-o3-sqlite3 --vul_func_name renameTableSelectCb --project sqlite
2025-09-08 16:29:31,571 - INFO - success CVE-2019-19645,details in cve_test/CVE-2019-19645.log

2025-09-08 16:29:31,572 - INFO - detecting CVE-2019-19645 renameTableSelectCb
2025-09-08 16:29:31,573 - INFO - cmd: python main.py --detect --cve_id CVE-2019-19645 --target_bin /binaries/target/sqlite/sqlite-3.29.0-o3-sqlite3 --vul_func_name renameTableSelectCb --project sqlite
2025-09-08 16:29:39,697 - INFO - success CVE-2019-19645,details in cve_test/CVE-2019-19645.log

2025-09-08 16:29:39,699 - INFO - detecting CVE-2019-19645 renameTableSelectCb
2025-09-08 16:29:39,699 - INFO - cmd: python main.py --detect --cve_id CVE-2019-19645 --target_bin /binaries/target/sqlite/sqlite-3.31.0-o3-sqlite3 --vul_func_name renameTableSelectCb --project sqlite
2025-09-08 16:29:48,953 - INFO - success CVE-2019-19645,details in cve_test/CVE-2019-19645.log

2025-09-08 16:29:48,955 - INFO - detecting CVE-2019-19645 renameTableSelectCb
2025-09-08 16:29:48,955 - INFO - cmd: python main.py --detect --cve_id CVE-2019-19645 --target_bin /binaries/target/sqlite/sqlite-3.31.1-o3-sqlite3 --vul_func_name renameTableSelectCb --project sqlite
2025-09-08 16:29:57,458 - INFO - success CVE-2019-19645,details in cve_test/CVE-2019-19645.log

2025-09-08 16:29:57,459 - INFO - detecting CVE-2019-19645 renameTableSelectCb
2025-09-08 16:29:57,460 - INFO - cmd: python main.py --detect --cve_id CVE-2019-19645 --target_bin /binaries/target/sqlite/sqlite-3.32.0-o3-sqlite3 --vul_func_name renameTableSelectCb --project sqlite
2025-09-08 16:30:06,203 - INFO - success CVE-2019-19645,details in cve_test/CVE-2019-19645.log

2025-09-08 16:30:06,205 - INFO - detecting CVE-2019-19646 sqlite3CreateColumnExpr
2025-09-08 16:30:06,205 - INFO - cmd: python main.py --detect --cve_id CVE-2019-19646 --target_bin /binaries/target/sqlite/sqlite-3.30.1-o3-sqlite3 --vul_func_name sqlite3CreateColumnExpr --project sqlite
2025-09-08 16:30:13,756 - INFO - success CVE-2019-19646,details in cve_test/CVE-2019-19646.log

2025-09-08 16:30:13,758 - INFO - detecting CVE-2019-19646 sqlite3CreateColumnExpr
2025-09-08 16:30:13,758 - INFO - cmd: python main.py --detect --cve_id CVE-2019-19646 --target_bin /binaries/target/sqlite/sqlite-3.30.0-o3-sqlite3 --vul_func_name sqlite3CreateColumnExpr --project sqlite
2025-09-08 16:30:21,159 - INFO - success CVE-2019-19646,details in cve_test/CVE-2019-19646.log

2025-09-08 16:30:21,160 - INFO - detecting CVE-2019-19646 sqlite3CreateColumnExpr
2025-09-08 16:30:21,161 - INFO - cmd: python main.py --detect --cve_id CVE-2019-19646 --target_bin /binaries/target/sqlite/sqlite-3.29.0-o3-sqlite3 --vul_func_name sqlite3CreateColumnExpr --project sqlite
2025-09-08 16:30:28,511 - INFO - success CVE-2019-19646,details in cve_test/CVE-2019-19646.log

2025-09-08 16:30:28,513 - INFO - detecting CVE-2019-19646 sqlite3CreateColumnExpr
2025-09-08 16:30:28,513 - INFO - cmd: python main.py --detect --cve_id CVE-2019-19646 --target_bin /binaries/target/sqlite/sqlite-3.31.0-o3-sqlite3 --vul_func_name sqlite3CreateColumnExpr --project sqlite
2025-09-08 16:30:36,065 - INFO - success CVE-2019-19646,details in cve_test/CVE-2019-19646.log

2025-09-08 16:30:36,067 - INFO - detecting CVE-2019-19646 sqlite3CreateColumnExpr
2025-09-08 16:30:36,067 - INFO - cmd: python main.py --detect --cve_id CVE-2019-19646 --target_bin /binaries/target/sqlite/sqlite-3.31.1-o3-sqlite3 --vul_func_name sqlite3CreateColumnExpr --project sqlite
2025-09-08 16:30:43,698 - INFO - success CVE-2019-19646,details in cve_test/CVE-2019-19646.log

2025-09-08 16:30:43,700 - INFO - detecting CVE-2019-19646 sqlite3CreateColumnExpr
2025-09-08 16:30:43,700 - INFO - cmd: python main.py --detect --cve_id CVE-2019-19646 --target_bin /binaries/target/sqlite/sqlite-3.32.0-o3-sqlite3 --vul_func_name sqlite3CreateColumnExpr --project sqlite
2025-09-08 16:30:50,555 - INFO - success CVE-2019-19646,details in cve_test/CVE-2019-19646.log

2025-09-08 16:30:50,557 - INFO - detecting CVE-2019-19924 codeCompare
2025-09-08 16:30:50,559 - INFO - cmd: python main.py --detect --cve_id CVE-2019-19924 --target_bin /binaries/target/sqlite/sqlite-3.30.1-o3-sqlite3 --vul_func_name codeCompare --project sqlite
2025-09-08 16:30:57,378 - INFO - success CVE-2019-19924,details in cve_test/CVE-2019-19924.log

2025-09-08 16:30:57,380 - INFO - detecting CVE-2019-19924 codeCompare
2025-09-08 16:30:57,380 - INFO - cmd: python main.py --detect --cve_id CVE-2019-19924 --target_bin /binaries/target/sqlite/sqlite-3.31.0-o3-sqlite3 --vul_func_name codeCompare --project sqlite
2025-09-08 16:31:05,589 - INFO - success CVE-2019-19924,details in cve_test/CVE-2019-19924.log

2025-09-08 16:31:05,590 - INFO - detecting CVE-2019-19924 codeCompare
2025-09-08 16:31:05,591 - INFO - cmd: python main.py --detect --cve_id CVE-2019-19924 --target_bin /binaries/target/sqlite/sqlite-3.31.1-o3-sqlite3 --vul_func_name codeCompare --project sqlite
2025-09-08 16:31:12,676 - INFO - success CVE-2019-19924,details in cve_test/CVE-2019-19924.log

2025-09-08 16:31:12,678 - INFO - detecting CVE-2019-19924 codeCompare
2025-09-08 16:31:12,678 - INFO - cmd: python main.py --detect --cve_id CVE-2019-19924 --target_bin /binaries/target/sqlite/sqlite-3.32.0-o3-sqlite3 --vul_func_name codeCompare --project sqlite
2025-09-08 16:31:19,300 - INFO - success CVE-2019-19924,details in cve_test/CVE-2019-19924.log

2025-09-08 16:31:19,301 - INFO - detecting CVE-2019-19924 sqlite3WindowRewrite
2025-09-08 16:31:19,301 - INFO - cmd: python main.py --detect --cve_id CVE-2019-19924 --target_bin /binaries/target/sqlite/sqlite-3.30.1-o3-sqlite3 --vul_func_name sqlite3WindowRewrite --project sqlite
2025-09-08 16:31:25,256 - INFO - success CVE-2019-19924,details in cve_test/CVE-2019-19924.log

2025-09-08 16:31:25,257 - INFO - detecting CVE-2019-19924 sqlite3WindowRewrite
2025-09-08 16:31:25,257 - INFO - cmd: python main.py --detect --cve_id CVE-2019-19924 --target_bin /binaries/target/sqlite/sqlite-3.31.0-o3-sqlite3 --vul_func_name sqlite3WindowRewrite --project sqlite
2025-09-08 16:31:31,217 - INFO - success CVE-2019-19924,details in cve_test/CVE-2019-19924.log

2025-09-08 16:31:31,219 - INFO - detecting CVE-2019-19924 sqlite3WindowRewrite
2025-09-08 16:31:31,219 - INFO - cmd: python main.py --detect --cve_id CVE-2019-19924 --target_bin /binaries/target/sqlite/sqlite-3.31.1-o3-sqlite3 --vul_func_name sqlite3WindowRewrite --project sqlite
2025-09-08 16:31:38,122 - INFO - success CVE-2019-19924,details in cve_test/CVE-2019-19924.log

2025-09-08 16:31:38,123 - INFO - detecting CVE-2019-19924 sqlite3WindowRewrite
2025-09-08 16:31:38,124 - INFO - cmd: python main.py --detect --cve_id CVE-2019-19924 --target_bin /binaries/target/sqlite/sqlite-3.32.0-o3-sqlite3 --vul_func_name sqlite3WindowRewrite --project sqlite
2025-09-08 16:31:44,756 - INFO - success CVE-2019-19924,details in cve_test/CVE-2019-19924.log

2025-09-08 16:31:44,757 - INFO - detecting CVE-2019-8457 rtreenode
2025-09-08 16:31:44,758 - INFO - cmd: python main.py --detect --cve_id CVE-2019-8457 --target_bin /binaries/target/sqlite/sqlite-3.27.2-o3-sqlite3 --vul_func_name rtreenode --project sqlite
2025-09-08 16:31:53,946 - INFO - success CVE-2019-8457,details in cve_test/CVE-2019-8457.log

2025-09-08 16:31:53,947 - INFO - detecting CVE-2019-8457 rtreenode
2025-09-08 16:31:53,948 - INFO - cmd: python main.py --detect --cve_id CVE-2019-8457 --target_bin /binaries/target/sqlite/sqlite-3.27.1-o3-sqlite3 --vul_func_name rtreenode --project sqlite
2025-09-08 16:32:03,856 - INFO - success CVE-2019-8457,details in cve_test/CVE-2019-8457.log

2025-09-08 16:32:03,857 - INFO - detecting CVE-2019-8457 rtreenode
2025-09-08 16:32:03,858 - INFO - cmd: python main.py --detect --cve_id CVE-2019-8457 --target_bin /binaries/target/sqlite/sqlite-3.27.0-o3-sqlite3 --vul_func_name rtreenode --project sqlite
2025-09-08 16:32:13,829 - INFO - success CVE-2019-8457,details in cve_test/CVE-2019-8457.log

2025-09-08 16:32:13,830 - INFO - detecting CVE-2019-8457 rtreenode
2025-09-08 16:32:13,831 - INFO - cmd: python main.py --detect --cve_id CVE-2019-8457 --target_bin /binaries/target/sqlite/sqlite-3.28.0-o3-sqlite3 --vul_func_name rtreenode --project sqlite
2025-09-08 16:32:19,984 - INFO - success CVE-2019-8457,details in cve_test/CVE-2019-8457.log

2025-09-08 16:32:19,985 - INFO - detecting CVE-2019-8457 rtreenode
2025-09-08 16:32:19,985 - INFO - cmd: python main.py --detect --cve_id CVE-2019-8457 --target_bin /binaries/target/sqlite/sqlite-3.29.0-o3-sqlite3 --vul_func_name rtreenode --project sqlite
2025-09-08 16:32:26,899 - INFO - success CVE-2019-8457,details in cve_test/CVE-2019-8457.log

2025-09-08 16:32:26,900 - INFO - detecting CVE-2019-8457 rtreenode
2025-09-08 16:32:26,901 - INFO - cmd: python main.py --detect --cve_id CVE-2019-8457 --target_bin /binaries/target/sqlite/sqlite-3.30.0-o3-sqlite3 --vul_func_name rtreenode --project sqlite
2025-09-08 16:32:34,077 - INFO - success CVE-2019-8457,details in cve_test/CVE-2019-8457.log

2025-09-08 16:32:34,079 - INFO - detecting CVE-2020-13632 fts3ExprLHits
2025-09-08 16:32:34,079 - INFO - cmd: python main.py --detect --cve_id CVE-2020-13632 --target_bin /binaries/target/sqlite/sqlite-3.31.1-o3-sqlite3 --vul_func_name fts3ExprLHits --project sqlite
2025-09-08 16:32:43,800 - INFO - success CVE-2020-13632,details in cve_test/CVE-2020-13632.log

2025-09-08 16:32:43,801 - INFO - detecting CVE-2020-13632 fts3ExprLHits
2025-09-08 16:32:43,802 - INFO - cmd: python main.py --detect --cve_id CVE-2020-13632 --target_bin /binaries/target/sqlite/sqlite-3.31.0-o3-sqlite3 --vul_func_name fts3ExprLHits --project sqlite
2025-09-08 16:32:54,177 - INFO - success CVE-2020-13632,details in cve_test/CVE-2020-13632.log

2025-09-08 16:32:54,179 - INFO - detecting CVE-2020-13632 fts3ExprLHits
2025-09-08 16:32:54,179 - INFO - cmd: python main.py --detect --cve_id CVE-2020-13632 --target_bin /binaries/target/sqlite/sqlite-3.30.1-o3-sqlite3 --vul_func_name fts3ExprLHits --project sqlite
2025-09-08 16:33:04,489 - INFO - success CVE-2020-13632,details in cve_test/CVE-2020-13632.log

2025-09-08 16:33:04,490 - INFO - detecting CVE-2020-13632 fts3ExprLHits
2025-09-08 16:33:04,490 - INFO - cmd: python main.py --detect --cve_id CVE-2020-13632 --target_bin /binaries/target/sqlite/sqlite-3.32.0-o3-sqlite3 --vul_func_name fts3ExprLHits --project sqlite
2025-09-08 16:33:12,207 - INFO - success CVE-2020-13632,details in cve_test/CVE-2020-13632.log

2025-09-08 16:33:12,208 - INFO - detecting CVE-2020-13632 fts3ExprLHits
2025-09-08 16:33:12,209 - INFO - cmd: python main.py --detect --cve_id CVE-2020-13632 --target_bin /binaries/target/sqlite/sqlite-3.32.1-o3-sqlite3 --vul_func_name fts3ExprLHits --project sqlite
2025-09-08 16:33:20,855 - INFO - success CVE-2020-13632,details in cve_test/CVE-2020-13632.log

2025-09-08 16:33:20,856 - INFO - detecting CVE-2020-13632 fts3ExprLHits
2025-09-08 16:33:20,857 - INFO - cmd: python main.py --detect --cve_id CVE-2020-13632 --target_bin /binaries/target/sqlite/sqlite-3.32.2-o3-sqlite3 --vul_func_name fts3ExprLHits --project sqlite
2025-09-08 16:33:30,155 - INFO - success CVE-2020-13632,details in cve_test/CVE-2020-13632.log

2025-09-08 16:33:30,156 - INFO - detecting CVE-2021-36690 idxGetTableInfo
2025-09-08 16:33:30,156 - INFO - cmd: python main.py --detect --cve_id CVE-2021-36690 --target_bin /binaries/target/sqlite/sqlite-3.36.0-o3-sqlite3 --vul_func_name idxGetTableInfo --project sqlite
2025-09-08 16:33:40,150 - INFO - success CVE-2021-36690,details in cve_test/CVE-2021-36690.log

2025-09-08 16:33:40,151 - INFO - detecting CVE-2021-36690 idxGetTableInfo
2025-09-08 16:33:40,151 - INFO - cmd: python main.py --detect --cve_id CVE-2021-36690 --target_bin /binaries/target/sqlite/sqlite-3.37.0-o3-sqlite3 --vul_func_name idxGetTableInfo --project sqlite
2025-09-08 16:33:49,857 - INFO - success CVE-2021-36690,details in cve_test/CVE-2021-36690.log

2025-09-08 16:33:49,858 - INFO - detecting CVE-2021-36690 idxGetTableInfo
2025-09-08 16:33:49,859 - INFO - cmd: python main.py --detect --cve_id CVE-2021-36690 --target_bin /binaries/target/sqlite/sqlite-3.37.1-o3-sqlite3 --vul_func_name idxGetTableInfo --project sqlite
2025-09-08 16:33:59,660 - INFO - success CVE-2021-36690,details in cve_test/CVE-2021-36690.log

2025-09-08 16:33:59,661 - INFO - detecting CVE-2021-36690 idxGetTableInfo
2025-09-08 16:33:59,662 - INFO - cmd: python main.py --detect --cve_id CVE-2021-36690 --target_bin /binaries/target/sqlite/sqlite-3.37.2-o3-sqlite3 --vul_func_name idxGetTableInfo --project sqlite
2025-09-08 16:34:09,171 - INFO - success CVE-2021-36690,details in cve_test/CVE-2021-36690.log