2025-09-08 16:34:04,251 - INFO - detecting CVE-2017-12896 isakmp_rfc3948_print
2025-09-08 16:34:04,252 - INFO - cmd: python main.py --detect --cve_id CVE-2017-12896 --target_bin /binaries/target/tcpdump/tcpdump-4.9.1-o3-tcpdump --vul_func_name isakmp_rfc3948_print --project tcpdump
2025-09-08 16:34:11,144 - INFO - success CVE-2017-12896,details in cve_test/CVE-2017-12896.log

2025-09-08 16:34:11,146 - INFO - detecting CVE-2017-12896 isakmp_rfc3948_print
2025-09-08 16:34:11,146 - INFO - cmd: python main.py --detect --cve_id CVE-2017-12896 --target_bin /binaries/target/tcpdump/tcpdump-4.9.0-o3-tcpdump --vul_func_name isakmp_rfc3948_print --project tcpdump
2025-09-08 16:34:18,288 - INFO - success CVE-2017-12896,details in cve_test/CVE-2017-12896.log

2025-09-08 16:34:18,290 - INFO - detecting CVE-2017-12896 isakmp_rfc3948_print
2025-09-08 16:34:18,290 - INFO - cmd: python main.py --detect --cve_id CVE-2017-12896 --target_bin /binaries/target/tcpdump/tcpdump-4.8.1-o3-tcpdump --vul_func_name isakmp_rfc3948_print --project tcpdump
2025-09-08 16:34:24,826 - INFO - success CVE-2017-12896,details in cve_test/CVE-2017-12896.log

2025-09-08 16:34:24,827 - INFO - detecting CVE-2017-12896 isakmp_rfc3948_print
2025-09-08 16:34:24,827 - INFO - cmd: python main.py --detect --cve_id CVE-2017-12896 --target_bin /binaries/target/tcpdump/tcpdump-4.9.3-o3-tcpdump --vul_func_name isakmp_rfc3948_print --project tcpdump
2025-09-08 16:34:32,272 - INFO - success CVE-2017-12896,details in cve_test/CVE-2017-12896.log

2025-09-08 16:34:32,274 - INFO - detecting CVE-2017-12896 isakmp_rfc3948_print
2025-09-08 16:34:32,274 - INFO - cmd: python main.py --detect --cve_id CVE-2017-12896 --target_bin /binaries/target/tcpdump/tcpdump-4.99.0-bp-o3-tcpdump --vul_func_name isakmp_rfc3948_print --project tcpdump
2025-09-08 16:34:38,734 - INFO - success CVE-2017-12896,details in cve_test/CVE-2017-12896.log

2025-09-08 16:34:38,735 - INFO - detecting CVE-2017-12896 isakmp_rfc3948_print
2025-09-08 16:34:38,735 - INFO - cmd: python main.py --detect --cve_id CVE-2017-12896 --target_bin /binaries/target/tcpdump/tcpdump-4.99-bp-o3-tcpdump --vul_func_name isakmp_rfc3948_print --project tcpdump
2025-09-08 16:34:44,266 - INFO - success CVE-2017-12896,details in cve_test/CVE-2017-12896.log

2025-09-08 16:34:44,267 - INFO - detecting CVE-2017-12992 ripng_print
2025-09-08 16:34:44,268 - INFO - cmd: python main.py --detect --cve_id CVE-2017-12992 --target_bin /binaries/target/tcpdump/tcpdump-4.9.1-o3-tcpdump --vul_func_name ripng_print --project tcpdump
2025-09-08 16:34:50,945 - INFO - success CVE-2017-12992,details in cve_test/CVE-2017-12992.log

2025-09-08 16:34:50,946 - INFO - detecting CVE-2017-12992 ripng_print
2025-09-08 16:34:50,947 - INFO - cmd: python main.py --detect --cve_id CVE-2017-12992 --target_bin /binaries/target/tcpdump/tcpdump-4.9.0-o3-tcpdump --vul_func_name ripng_print --project tcpdump
2025-09-08 16:34:57,599 - INFO - success CVE-2017-12992,details in cve_test/CVE-2017-12992.log

2025-09-08 16:34:57,600 - INFO - detecting CVE-2017-12992 ripng_print
2025-09-08 16:34:57,601 - INFO - cmd: python main.py --detect --cve_id CVE-2017-12992 --target_bin /binaries/target/tcpdump/tcpdump-4.8.1-o3-tcpdump --vul_func_name ripng_print --project tcpdump
2025-09-08 16:35:03,935 - INFO - success CVE-2017-12992,details in cve_test/CVE-2017-12992.log

2025-09-08 16:35:03,936 - INFO - detecting CVE-2017-12992 ripng_print
2025-09-08 16:35:03,937 - INFO - cmd: python main.py --detect --cve_id CVE-2017-12992 --target_bin /binaries/target/tcpdump/tcpdump-4.9.3-o3-tcpdump --vul_func_name ripng_print --project tcpdump
2025-09-08 16:35:10,517 - INFO - success CVE-2017-12992,details in cve_test/CVE-2017-12992.log

2025-09-08 16:35:10,519 - INFO - detecting CVE-2017-12992 ripng_print
2025-09-08 16:35:10,519 - INFO - cmd: python main.py --detect --cve_id CVE-2017-12992 --target_bin /binaries/target/tcpdump/tcpdump-4.99.0-bp-o3-tcpdump --vul_func_name ripng_print --project tcpdump
2025-09-08 16:35:16,195 - INFO - success CVE-2017-12992,details in cve_test/CVE-2017-12992.log

2025-09-08 16:35:16,196 - INFO - detecting CVE-2017-12992 ripng_print
2025-09-08 16:35:16,196 - INFO - cmd: python main.py --detect --cve_id CVE-2017-12992 --target_bin /binaries/target/tcpdump/tcpdump-4.99-bp-o3-tcpdump --vul_func_name ripng_print --project tcpdump
2025-09-08 16:35:22,226 - INFO - success CVE-2017-12992,details in cve_test/CVE-2017-12992.log

2025-09-08 16:35:22,228 - INFO - detecting CVE-2017-12993 juniper_atm1_print
2025-09-08 16:35:22,228 - INFO - cmd: python main.py --detect --cve_id CVE-2017-12993 --target_bin /binaries/target/tcpdump/tcpdump-4.9.1-o3-tcpdump --vul_func_name juniper_atm1_print --project tcpdump
2025-09-08 16:35:30,212 - INFO - success CVE-2017-12993,details in cve_test/CVE-2017-12993.log

2025-09-08 16:35:30,213 - INFO - detecting CVE-2017-12993 juniper_atm1_print
2025-09-08 16:35:30,214 - INFO - cmd: python main.py --detect --cve_id CVE-2017-12993 --target_bin /binaries/target/tcpdump/tcpdump-4.9.0-o3-tcpdump --vul_func_name juniper_atm1_print --project tcpdump
2025-09-08 16:35:39,093 - INFO - success CVE-2017-12993,details in cve_test/CVE-2017-12993.log

2025-09-08 16:35:39,094 - INFO - detecting CVE-2017-12993 juniper_atm1_print
2025-09-08 16:35:39,095 - INFO - cmd: python main.py --detect --cve_id CVE-2017-12993 --target_bin /binaries/target/tcpdump/tcpdump-4.8.1-o3-tcpdump --vul_func_name juniper_atm1_print --project tcpdump
2025-09-08 16:35:46,782 - INFO - success CVE-2017-12993,details in cve_test/CVE-2017-12993.log

2025-09-08 16:35:46,783 - INFO - detecting CVE-2017-12993 juniper_atm1_print
2025-09-08 16:35:46,783 - INFO - cmd: python main.py --detect --cve_id CVE-2017-12993 --target_bin /binaries/target/tcpdump/tcpdump-4.9.3-o3-tcpdump --vul_func_name juniper_atm1_print --project tcpdump
2025-09-08 16:35:54,208 - INFO - success CVE-2017-12993,details in cve_test/CVE-2017-12993.log

2025-09-08 16:35:54,209 - INFO - detecting CVE-2017-12993 juniper_atm1_print
2025-09-08 16:35:54,210 - INFO - cmd: python main.py --detect --cve_id CVE-2017-12993 --target_bin /binaries/target/tcpdump/tcpdump-4.99.0-bp-o3-tcpdump --vul_func_name juniper_atm1_print --project tcpdump
2025-09-08 16:35:58,944 - ERROR - fail CVE-2017-12993 ,details1

2025-09-08 16:35:58,945 - INFO - detecting CVE-2017-12993 juniper_atm1_print
2025-09-08 16:35:58,945 - INFO - cmd: python main.py --detect --cve_id CVE-2017-12993 --target_bin /binaries/target/tcpdump/tcpdump-4.99-bp-o3-tcpdump --vul_func_name juniper_atm1_print --project tcpdump
2025-09-08 16:36:03,419 - ERROR - fail CVE-2017-12993 ,details1

2025-09-08 16:36:03,420 - INFO - detecting CVE-2017-12995 ns_nprint
2025-09-08 16:36:03,420 - INFO - cmd: python main.py --detect --cve_id CVE-2017-12995 --target_bin /binaries/target/tcpdump/tcpdump-4.9.1-o3-tcpdump --vul_func_name ns_nprint --project tcpdump
2025-09-08 16:36:09,661 - INFO - success CVE-2017-12995,details in cve_test/CVE-2017-12995.log

2025-09-08 16:36:09,662 - INFO - detecting CVE-2017-12995 ns_nprint
2025-09-08 16:36:09,662 - INFO - cmd: python main.py --detect --cve_id CVE-2017-12995 --target_bin /binaries/target/tcpdump/tcpdump-4.9.0-o3-tcpdump --vul_func_name ns_nprint --project tcpdump
2025-09-08 16:36:16,676 - INFO - success CVE-2017-12995,details in cve_test/CVE-2017-12995.log

2025-09-08 16:36:16,677 - INFO - detecting CVE-2017-12995 ns_nprint
2025-09-08 16:36:16,677 - INFO - cmd: python main.py --detect --cve_id CVE-2017-12995 --target_bin /binaries/target/tcpdump/tcpdump-4.8.1-o3-tcpdump --vul_func_name ns_nprint --project tcpdump
2025-09-08 16:36:22,707 - INFO - success CVE-2017-12995,details in cve_test/CVE-2017-12995.log

2025-09-08 16:36:22,708 - INFO - detecting CVE-2017-12995 ns_nprint
2025-09-08 16:36:22,708 - INFO - cmd: python main.py --detect --cve_id CVE-2017-12995 --target_bin /binaries/target/tcpdump/tcpdump-4.9.3-o3-tcpdump --vul_func_name ns_nprint --project tcpdump
2025-09-08 16:36:29,599 - INFO - success CVE-2017-12995,details in cve_test/CVE-2017-12995.log

2025-09-08 16:36:29,600 - INFO - detecting CVE-2017-12995 ns_nprint
2025-09-08 16:36:29,600 - INFO - cmd: python main.py --detect --cve_id CVE-2017-12995 --target_bin /binaries/target/tcpdump/tcpdump-4.99.0-bp-o3-tcpdump --vul_func_name ns_nprint --project tcpdump
2025-09-08 16:36:33,921 - ERROR - fail CVE-2017-12995 ,details1

2025-09-08 16:36:33,923 - INFO - detecting CVE-2017-12995 ns_nprint
2025-09-08 16:36:33,923 - INFO - cmd: python main.py --detect --cve_id CVE-2017-12995 --target_bin /binaries/target/tcpdump/tcpdump-4.99-bp-o3-tcpdump --vul_func_name ns_nprint --project tcpdump
2025-09-08 16:36:38,556 - ERROR - fail CVE-2017-12995 ,details1

2025-09-08 16:36:38,557 - INFO - detecting CVE-2017-13001 nfs_printfh
2025-09-08 16:36:38,558 - INFO - cmd: python main.py --detect --cve_id CVE-2017-13001 --target_bin /binaries/target/tcpdump/tcpdump-4.9.1-o3-tcpdump --vul_func_name nfs_printfh --project tcpdump
2025-09-08 16:36:45,201 - INFO - success CVE-2017-13001,details in cve_test/CVE-2017-13001.log

2025-09-08 16:36:45,202 - INFO - detecting CVE-2017-13001 nfs_printfh
2025-09-08 16:36:45,203 - INFO - cmd: python main.py --detect --cve_id CVE-2017-13001 --target_bin /binaries/target/tcpdump/tcpdump-4.9.0-o3-tcpdump --vul_func_name nfs_printfh --project tcpdump
2025-09-08 16:36:52,276 - INFO - success CVE-2017-13001,details in cve_test/CVE-2017-13001.log

2025-09-08 16:36:52,277 - INFO - detecting CVE-2017-13001 nfs_printfh
2025-09-08 16:36:52,277 - INFO - cmd: python main.py --detect --cve_id CVE-2017-13001 --target_bin /binaries/target/tcpdump/tcpdump-4.8.1-o3-tcpdump --vul_func_name nfs_printfh --project tcpdump
2025-09-08 16:36:59,259 - INFO - success CVE-2017-13001,details in cve_test/CVE-2017-13001.log

2025-09-08 16:36:59,260 - INFO - detecting CVE-2017-13001 nfs_printfh
2025-09-08 16:36:59,261 - INFO - cmd: python main.py --detect --cve_id CVE-2017-13001 --target_bin /binaries/target/tcpdump/tcpdump-4.9.3-o3-tcpdump --vul_func_name nfs_printfh --project tcpdump
2025-09-08 16:37:06,033 - INFO - success CVE-2017-13001,details in cve_test/CVE-2017-13001.log

2025-09-08 16:37:06,035 - INFO - detecting CVE-2017-13001 nfs_printfh
2025-09-08 16:37:06,035 - INFO - cmd: python main.py --detect --cve_id CVE-2017-13001 --target_bin /binaries/target/tcpdump/tcpdump-4.99.0-bp-o3-tcpdump --vul_func_name nfs_printfh --project tcpdump
2025-09-08 16:37:10,001 - ERROR - fail CVE-2017-13001 ,details1

2025-09-08 16:37:10,003 - INFO - detecting CVE-2017-13001 nfs_printfh
2025-09-08 16:37:10,003 - INFO - cmd: python main.py --detect --cve_id CVE-2017-13001 --target_bin /binaries/target/tcpdump/tcpdump-4.99-bp-o3-tcpdump --vul_func_name nfs_printfh --project tcpdump
2025-09-08 16:37:14,592 - ERROR - fail CVE-2017-13001 ,details1

2025-09-08 16:37:14,593 - INFO - detecting CVE-2017-13002 aodv_extension
2025-09-08 16:37:14,593 - INFO - cmd: python main.py --detect --cve_id CVE-2017-13002 --target_bin /binaries/target/tcpdump/tcpdump-4.9.1-o3-tcpdump --vul_func_name aodv_extension --project tcpdump
2025-09-08 16:37:19,283 - ERROR - fail CVE-2017-13002 ,details1

2025-09-08 16:37:19,285 - INFO - detecting CVE-2017-13002 aodv_extension
2025-09-08 16:37:19,285 - INFO - cmd: python main.py --detect --cve_id CVE-2017-13002 --target_bin /binaries/target/tcpdump/tcpdump-4.9.0-o3-tcpdump --vul_func_name aodv_extension --project tcpdump
2025-09-08 16:37:23,966 - ERROR - fail CVE-2017-13002 ,details1

2025-09-08 16:37:23,967 - INFO - detecting CVE-2017-13002 aodv_extension
2025-09-08 16:37:23,967 - INFO - cmd: python main.py --detect --cve_id CVE-2017-13002 --target_bin /binaries/target/tcpdump/tcpdump-4.8.1-o3-tcpdump --vul_func_name aodv_extension --project tcpdump
2025-09-08 16:37:28,657 - ERROR - fail CVE-2017-13002 ,details1

2025-09-08 16:37:28,658 - INFO - detecting CVE-2017-13002 aodv_extension
2025-09-08 16:37:28,659 - INFO - cmd: python main.py --detect --cve_id CVE-2017-13002 --target_bin /binaries/target/tcpdump/tcpdump-4.9.3-o3-tcpdump --vul_func_name aodv_extension --project tcpdump
2025-09-08 16:37:35,208 - INFO - success CVE-2017-13002,details in cve_test/CVE-2017-13002.log

2025-09-08 16:37:35,210 - INFO - detecting CVE-2017-13002 aodv_extension
2025-09-08 16:37:35,210 - INFO - cmd: python main.py --detect --cve_id CVE-2017-13002 --target_bin /binaries/target/tcpdump/tcpdump-4.99.0-bp-o3-tcpdump --vul_func_name aodv_extension --project tcpdump
2025-09-08 16:37:42,083 - INFO - success CVE-2017-13002,details in cve_test/CVE-2017-13002.log

2025-09-08 16:37:42,085 - INFO - detecting CVE-2017-13002 aodv_extension
2025-09-08 16:37:42,086 - INFO - cmd: python main.py --detect --cve_id CVE-2017-13002 --target_bin /binaries/target/tcpdump/tcpdump-4.99-bp-o3-tcpdump --vul_func_name aodv_extension --project tcpdump
2025-09-08 16:37:47,867 - INFO - success CVE-2017-13002,details in cve_test/CVE-2017-13002.log

2025-09-08 16:37:47,868 - INFO - detecting CVE-2017-13003 lmp_print
2025-09-08 16:37:47,869 - INFO - cmd: python main.py --detect --cve_id CVE-2017-13003 --target_bin /binaries/target/tcpdump/tcpdump-4.9.1-o3-tcpdump --vul_func_name lmp_print --project tcpdump
2025-09-08 16:37:54,932 - INFO - success CVE-2017-13003,details in cve_test/CVE-2017-13003.log

2025-09-08 16:37:54,933 - INFO - detecting CVE-2017-13003 lmp_print
2025-09-08 16:37:54,933 - INFO - cmd: python main.py --detect --cve_id CVE-2017-13003 --target_bin /binaries/target/tcpdump/tcpdump-4.9.0-o3-tcpdump --vul_func_name lmp_print --project tcpdump
2025-09-08 16:38:01,251 - INFO - success CVE-2017-13003,details in cve_test/CVE-2017-13003.log

2025-09-08 16:38:01,252 - INFO - detecting CVE-2017-13003 lmp_print
2025-09-08 16:38:01,252 - INFO - cmd: python main.py --detect --cve_id CVE-2017-13003 --target_bin /binaries/target/tcpdump/tcpdump-4.8.1-o3-tcpdump --vul_func_name lmp_print --project tcpdump
2025-09-08 16:38:07,598 - INFO - success CVE-2017-13003,details in cve_test/CVE-2017-13003.log

2025-09-08 16:38:07,599 - INFO - detecting CVE-2017-13003 lmp_print
2025-09-08 16:38:07,600 - INFO - cmd: python main.py --detect --cve_id CVE-2017-13003 --target_bin /binaries/target/tcpdump/tcpdump-4.9.3-o3-tcpdump --vul_func_name lmp_print --project tcpdump
2025-09-08 16:38:14,143 - INFO - success CVE-2017-13003,details in cve_test/CVE-2017-13003.log

2025-09-08 16:38:14,144 - INFO - detecting CVE-2017-13003 lmp_print
2025-09-08 16:38:14,144 - INFO - cmd: python main.py --detect --cve_id CVE-2017-13003 --target_bin /binaries/target/tcpdump/tcpdump-4.99.0-bp-o3-tcpdump --vul_func_name lmp_print --project tcpdump
2025-09-08 16:38:20,654 - INFO - success CVE-2017-13003,details in cve_test/CVE-2017-13003.log

2025-09-08 16:38:20,655 - INFO - detecting CVE-2017-13003 lmp_print
2025-09-08 16:38:20,655 - INFO - cmd: python main.py --detect --cve_id CVE-2017-13003 --target_bin /binaries/target/tcpdump/tcpdump-4.99-bp-o3-tcpdump --vul_func_name lmp_print --project tcpdump
2025-09-08 16:38:27,379 - INFO - success CVE-2017-13003,details in cve_test/CVE-2017-13003.log

2025-09-08 16:38:27,380 - INFO - detecting CVE-2017-13007 pktap_if_print
2025-09-08 16:38:27,380 - INFO - cmd: python main.py --detect --cve_id CVE-2017-13007 --target_bin /binaries/target/tcpdump/tcpdump-4.9.1-o3-tcpdump --vul_func_name pktap_if_print --project tcpdump
2025-09-08 16:38:33,899 - INFO - success CVE-2017-13007,details in cve_test/CVE-2017-13007.log

2025-09-08 16:38:33,900 - INFO - detecting CVE-2017-13007 pktap_if_print
2025-09-08 16:38:33,900 - INFO - cmd: python main.py --detect --cve_id CVE-2017-13007 --target_bin /binaries/target/tcpdump/tcpdump-4.9.0-o3-tcpdump --vul_func_name pktap_if_print --project tcpdump
2025-09-08 16:38:42,034 - INFO - success CVE-2017-13007,details in cve_test/CVE-2017-13007.log

2025-09-08 16:38:42,036 - INFO - detecting CVE-2017-13007 pktap_if_print
2025-09-08 16:38:42,037 - INFO - cmd: python main.py --detect --cve_id CVE-2017-13007 --target_bin /binaries/target/tcpdump/tcpdump-4.8.1-o3-tcpdump --vul_func_name pktap_if_print --project tcpdump
2025-09-08 16:38:49,893 - INFO - success CVE-2017-13007,details in cve_test/CVE-2017-13007.log

2025-09-08 16:38:49,894 - INFO - detecting CVE-2017-13007 pktap_if_print
2025-09-08 16:38:49,895 - INFO - cmd: python main.py --detect --cve_id CVE-2017-13007 --target_bin /binaries/target/tcpdump/tcpdump-4.9.3-o3-tcpdump --vul_func_name pktap_if_print --project tcpdump
2025-09-08 16:38:57,230 - INFO - success CVE-2017-13007,details in cve_test/CVE-2017-13007.log

2025-09-08 16:38:57,231 - INFO - detecting CVE-2017-13007 pktap_if_print
2025-09-08 16:38:57,232 - INFO - cmd: python main.py --detect --cve_id CVE-2017-13007 --target_bin /binaries/target/tcpdump/tcpdump-4.99.0-bp-o3-tcpdump --vul_func_name pktap_if_print --project tcpdump
2025-09-08 16:39:05,393 - INFO - success CVE-2017-13007,details in cve_test/CVE-2017-13007.log

2025-09-08 16:39:05,394 - INFO - detecting CVE-2017-13007 pktap_if_print
2025-09-08 16:39:05,394 - INFO - cmd: python main.py --detect --cve_id CVE-2017-13007 --target_bin /binaries/target/tcpdump/tcpdump-4.99-bp-o3-tcpdump --vul_func_name pktap_if_print --project tcpdump
2025-09-08 16:39:12,421 - INFO - success CVE-2017-13007,details in cve_test/CVE-2017-13007.log

2025-09-08 16:39:12,422 - INFO - detecting CVE-2017-13030 cisco_autorp_print
2025-09-08 16:39:12,424 - INFO - cmd: python main.py --detect --cve_id CVE-2017-13030 --target_bin /binaries/target/tcpdump/tcpdump-4.9.1-o3-tcpdump --vul_func_name cisco_autorp_print --project tcpdump
2025-09-08 16:39:19,468 - INFO - success CVE-2017-13030,details in cve_test/CVE-2017-13030.log

2025-09-08 16:39:19,469 - INFO - detecting CVE-2017-13030 cisco_autorp_print
2025-09-08 16:39:19,470 - INFO - cmd: python main.py --detect --cve_id CVE-2017-13030 --target_bin /binaries/target/tcpdump/tcpdump-4.9.0-o3-tcpdump --vul_func_name cisco_autorp_print --project tcpdump
2025-09-08 16:39:26,539 - INFO - success CVE-2017-13030,details in cve_test/CVE-2017-13030.log

2025-09-08 16:39:26,540 - INFO - detecting CVE-2017-13030 cisco_autorp_print
2025-09-08 16:39:26,540 - INFO - cmd: python main.py --detect --cve_id CVE-2017-13030 --target_bin /binaries/target/tcpdump/tcpdump-4.8.1-o3-tcpdump --vul_func_name cisco_autorp_print --project tcpdump
2025-09-08 16:39:32,737 - INFO - success CVE-2017-13030,details in cve_test/CVE-2017-13030.log

2025-09-08 16:39:32,738 - INFO - detecting CVE-2017-13030 cisco_autorp_print
2025-09-08 16:39:32,739 - INFO - cmd: python main.py --detect --cve_id CVE-2017-13030 --target_bin /binaries/target/tcpdump/tcpdump-4.9.3-o3-tcpdump --vul_func_name cisco_autorp_print --project tcpdump
2025-09-08 16:39:39,351 - INFO - success CVE-2017-13030,details in cve_test/CVE-2017-13030.log

2025-09-08 16:39:39,352 - INFO - detecting CVE-2017-13030 cisco_autorp_print
2025-09-08 16:39:39,353 - INFO - cmd: python main.py --detect --cve_id CVE-2017-13030 --target_bin /binaries/target/tcpdump/tcpdump-4.99.0-bp-o3-tcpdump --vul_func_name cisco_autorp_print --project tcpdump
2025-09-08 16:39:44,564 - INFO - success CVE-2017-13030,details in cve_test/CVE-2017-13030.log

2025-09-08 16:39:44,565 - INFO - detecting CVE-2017-13030 cisco_autorp_print
2025-09-08 16:39:44,566 - INFO - cmd: python main.py --detect --cve_id CVE-2017-13030 --target_bin /binaries/target/tcpdump/tcpdump-4.99-bp-o3-tcpdump --vul_func_name cisco_autorp_print --project tcpdump
2025-09-08 16:39:50,821 - INFO - success CVE-2017-13030,details in cve_test/CVE-2017-13030.log

2025-09-08 16:39:50,823 - INFO - detecting CVE-2017-13031 frag6_print
2025-09-08 16:39:50,823 - INFO - cmd: python main.py --detect --cve_id CVE-2017-13031 --target_bin /binaries/target/tcpdump/tcpdump-4.9.1-o3-tcpdump --vul_func_name frag6_print --project tcpdump
2025-09-08 16:39:56,392 - INFO - success CVE-2017-13031,details in cve_test/CVE-2017-13031.log

2025-09-08 16:39:56,393 - INFO - detecting CVE-2017-13031 frag6_print
2025-09-08 16:39:56,394 - INFO - cmd: python main.py --detect --cve_id CVE-2017-13031 --target_bin /binaries/target/tcpdump/tcpdump-4.9.0-o3-tcpdump --vul_func_name frag6_print --project tcpdump
2025-09-08 16:40:03,319 - INFO - success CVE-2017-13031,details in cve_test/CVE-2017-13031.log

2025-09-08 16:40:03,320 - INFO - detecting CVE-2017-13031 frag6_print
2025-09-08 16:40:03,320 - INFO - cmd: python main.py --detect --cve_id CVE-2017-13031 --target_bin /binaries/target/tcpdump/tcpdump-4.8.1-o3-tcpdump --vul_func_name frag6_print --project tcpdump
2025-09-08 16:40:09,520 - INFO - success CVE-2017-13031,details in cve_test/CVE-2017-13031.log

2025-09-08 16:40:09,521 - INFO - detecting CVE-2017-13031 frag6_print
2025-09-08 16:40:09,522 - INFO - cmd: python main.py --detect --cve_id CVE-2017-13031 --target_bin /binaries/target/tcpdump/tcpdump-4.9.3-o3-tcpdump --vul_func_name frag6_print --project tcpdump
2025-09-08 16:40:16,492 - INFO - success CVE-2017-13031,details in cve_test/CVE-2017-13031.log

2025-09-08 16:40:16,493 - INFO - detecting CVE-2017-13031 frag6_print
2025-09-08 16:40:16,494 - INFO - cmd: python main.py --detect --cve_id CVE-2017-13031 --target_bin /binaries/target/tcpdump/tcpdump-4.99.0-bp-o3-tcpdump --vul_func_name frag6_print --project tcpdump
2025-09-08 16:40:24,018 - INFO - success CVE-2017-13031,details in cve_test/CVE-2017-13031.log

2025-09-08 16:40:24,020 - INFO - detecting CVE-2017-13031 frag6_print
2025-09-08 16:40:24,020 - INFO - cmd: python main.py --detect --cve_id CVE-2017-13031 --target_bin /binaries/target/tcpdump/tcpdump-4.99-bp-o3-tcpdump --vul_func_name frag6_print --project tcpdump
2025-09-08 16:40:31,348 - INFO - success CVE-2017-13031,details in cve_test/CVE-2017-13031.log

2025-09-08 16:40:31,350 - INFO - detecting CVE-2017-13035 isis_print_id
2025-09-08 16:40:31,350 - INFO - cmd: python main.py --detect --cve_id CVE-2017-13035 --target_bin /binaries/target/tcpdump/tcpdump-4.9.1-o3-tcpdump --vul_func_name isis_print_id --project tcpdump
2025-09-08 16:40:41,921 - INFO - success CVE-2017-13035,details in cve_test/CVE-2017-13035.log

2025-09-08 16:40:41,922 - INFO - detecting CVE-2017-13035 isis_print_id
2025-09-08 16:40:41,923 - INFO - cmd: python main.py --detect --cve_id CVE-2017-13035 --target_bin /binaries/target/tcpdump/tcpdump-4.9.0-o3-tcpdump --vul_func_name isis_print_id --project tcpdump
2025-09-08 16:40:52,445 - INFO - success CVE-2017-13035,details in cve_test/CVE-2017-13035.log

2025-09-08 16:40:52,446 - INFO - detecting CVE-2017-13035 isis_print_id
2025-09-08 16:40:52,449 - INFO - cmd: python main.py --detect --cve_id CVE-2017-13035 --target_bin /binaries/target/tcpdump/tcpdump-4.8.1-o3-tcpdump --vul_func_name isis_print_id --project tcpdump
2025-09-08 16:41:04,019 - INFO - success CVE-2017-13035,details in cve_test/CVE-2017-13035.log

2025-09-08 16:41:04,020 - INFO - detecting CVE-2017-13035 isis_print_id
2025-09-08 16:41:04,020 - INFO - cmd: python main.py --detect --cve_id CVE-2017-13035 --target_bin /binaries/target/tcpdump/tcpdump-4.9.3-o3-tcpdump --vul_func_name isis_print_id --project tcpdump
2025-09-08 16:41:10,098 - INFO - success CVE-2017-13035,details in cve_test/CVE-2017-13035.log

2025-09-08 16:41:10,099 - INFO - detecting CVE-2017-13035 isis_print_id
2025-09-08 16:41:10,100 - INFO - cmd: python main.py --detect --cve_id CVE-2017-13035 --target_bin /binaries/target/tcpdump/tcpdump-4.99.0-bp-o3-tcpdump --vul_func_name isis_print_id --project tcpdump
2025-09-08 16:41:17,550 - INFO - success CVE-2017-13035,details in cve_test/CVE-2017-13035.log

2025-09-08 16:41:17,551 - INFO - detecting CVE-2017-13035 isis_print_id
2025-09-08 16:41:17,551 - INFO - cmd: python main.py --detect --cve_id CVE-2017-13035 --target_bin /binaries/target/tcpdump/tcpdump-4.99-bp-o3-tcpdump --vul_func_name isis_print_id --project tcpdump
2025-09-08 16:41:24,080 - INFO - success CVE-2017-13035,details in cve_test/CVE-2017-13035.log

2025-09-08 16:41:24,082 - INFO - detecting CVE-2017-13039 ikev1_attrmap_print
2025-09-08 16:41:24,082 - INFO - cmd: python main.py --detect --cve_id CVE-2017-13039 --target_bin /binaries/target/tcpdump/tcpdump-4.9.1-o3-tcpdump --vul_func_name ikev1_attrmap_print --project tcpdump
2025-09-08 16:41:32,303 - INFO - success CVE-2017-13039,details in cve_test/CVE-2017-13039.log

2025-09-08 16:41:32,304 - INFO - detecting CVE-2017-13039 ikev1_attrmap_print
2025-09-08 16:41:32,304 - INFO - cmd: python main.py --detect --cve_id CVE-2017-13039 --target_bin /binaries/target/tcpdump/tcpdump-4.9.0-o3-tcpdump --vul_func_name ikev1_attrmap_print --project tcpdump
2025-09-08 16:41:39,754 - INFO - success CVE-2017-13039,details in cve_test/CVE-2017-13039.log

2025-09-08 16:41:39,755 - INFO - detecting CVE-2017-13039 ikev1_attrmap_print
2025-09-08 16:41:39,755 - INFO - cmd: python main.py --detect --cve_id CVE-2017-13039 --target_bin /binaries/target/tcpdump/tcpdump-4.8.1-o3-tcpdump --vul_func_name ikev1_attrmap_print --project tcpdump
2025-09-08 16:41:47,793 - INFO - success CVE-2017-13039,details in cve_test/CVE-2017-13039.log

2025-09-08 16:41:47,794 - INFO - detecting CVE-2017-13039 ikev1_attrmap_print
2025-09-08 16:41:47,794 - INFO - cmd: python main.py --detect --cve_id CVE-2017-13039 --target_bin /binaries/target/tcpdump/tcpdump-4.9.3-o3-tcpdump --vul_func_name ikev1_attrmap_print --project tcpdump
2025-09-08 16:41:54,542 - INFO - success CVE-2017-13039,details in cve_test/CVE-2017-13039.log

2025-09-08 16:41:54,543 - INFO - detecting CVE-2017-13039 ikev1_attrmap_print
2025-09-08 16:41:54,544 - INFO - cmd: python main.py --detect --cve_id CVE-2017-13039 --target_bin /binaries/target/tcpdump/tcpdump-4.99.0-bp-o3-tcpdump --vul_func_name ikev1_attrmap_print --project tcpdump
2025-09-08 16:42:00,830 - INFO - success CVE-2017-13039,details in cve_test/CVE-2017-13039.log

2025-09-08 16:42:00,831 - INFO - detecting CVE-2017-13039 ikev1_attrmap_print
2025-09-08 16:42:00,832 - INFO - cmd: python main.py --detect --cve_id CVE-2017-13039 --target_bin /binaries/target/tcpdump/tcpdump-4.99-bp-o3-tcpdump --vul_func_name ikev1_attrmap_print --project tcpdump
2025-09-08 16:42:08,467 - INFO - success CVE-2017-13039,details in cve_test/CVE-2017-13039.log

2025-09-08 16:42:08,468 - INFO - detecting CVE-2017-13050 rpki_rtr_pdu_print
2025-09-08 16:42:08,469 - INFO - cmd: python main.py --detect --cve_id CVE-2017-13050 --target_bin /binaries/target/tcpdump/tcpdump-4.9.1-o3-tcpdump --vul_func_name rpki_rtr_pdu_print --project tcpdump
2025-09-08 16:42:17,762 - INFO - success CVE-2017-13050,details in cve_test/CVE-2017-13050.log

2025-09-08 16:42:17,763 - INFO - detecting CVE-2017-13050 rpki_rtr_pdu_print
2025-09-08 16:42:17,763 - INFO - cmd: python main.py --detect --cve_id CVE-2017-13050 --target_bin /binaries/target/tcpdump/tcpdump-4.9.0-o3-tcpdump --vul_func_name rpki_rtr_pdu_print --project tcpdump
2025-09-08 16:42:27,229 - INFO - success CVE-2017-13050,details in cve_test/CVE-2017-13050.log

2025-09-08 16:42:27,230 - INFO - detecting CVE-2017-13050 rpki_rtr_pdu_print
2025-09-08 16:42:27,230 - INFO - cmd: python main.py --detect --cve_id CVE-2017-13050 --target_bin /binaries/target/tcpdump/tcpdump-4.8.1-o3-tcpdump --vul_func_name rpki_rtr_pdu_print --project tcpdump
2025-09-08 16:42:35,613 - INFO - success CVE-2017-13050,details in cve_test/CVE-2017-13050.log

2025-09-08 16:42:35,615 - INFO - detecting CVE-2017-13050 rpki_rtr_pdu_print
2025-09-08 16:42:35,615 - INFO - cmd: python main.py --detect --cve_id CVE-2017-13050 --target_bin /binaries/target/tcpdump/tcpdump-4.9.3-o3-tcpdump --vul_func_name rpki_rtr_pdu_print --project tcpdump
2025-09-08 16:42:42,471 - INFO - success CVE-2017-13050,details in cve_test/CVE-2017-13050.log

2025-09-08 16:42:42,472 - INFO - detecting CVE-2017-13050 rpki_rtr_pdu_print
2025-09-08 16:42:42,472 - INFO - cmd: python main.py --detect --cve_id CVE-2017-13050 --target_bin /binaries/target/tcpdump/tcpdump-4.99.0-bp-o3-tcpdump --vul_func_name rpki_rtr_pdu_print --project tcpdump
2025-09-08 16:42:48,633 - INFO - success CVE-2017-13050,details in cve_test/CVE-2017-13050.log

2025-09-08 16:42:48,634 - INFO - detecting CVE-2017-13050 rpki_rtr_pdu_print
2025-09-08 16:42:48,635 - INFO - cmd: python main.py --detect --cve_id CVE-2017-13050 --target_bin /binaries/target/tcpdump/tcpdump-4.99-bp-o3-tcpdump --vul_func_name rpki_rtr_pdu_print --project tcpdump
2025-09-08 16:42:55,028 - INFO - success CVE-2017-13050,details in cve_test/CVE-2017-13050.log

2025-09-08 16:42:55,029 - INFO - detecting CVE-2017-13052 cfm_network_addr_print
2025-09-08 16:42:55,030 - INFO - cmd: python main.py --detect --cve_id CVE-2017-13052 --target_bin /binaries/target/tcpdump/tcpdump-4.9.1-o3-tcpdump --vul_func_name cfm_network_addr_print --project tcpdump
2025-09-08 16:42:59,684 - ERROR - fail CVE-2017-13052 ,details1

2025-09-08 16:42:59,685 - INFO - detecting CVE-2017-13052 cfm_network_addr_print
2025-09-08 16:42:59,686 - INFO - cmd: python main.py --detect --cve_id CVE-2017-13052 --target_bin /binaries/target/tcpdump/tcpdump-4.9.0-o3-tcpdump --vul_func_name cfm_network_addr_print --project tcpdump
2025-09-08 16:43:04,520 - ERROR - fail CVE-2017-13052 ,details1

2025-09-08 16:43:04,521 - INFO - detecting CVE-2017-13052 cfm_network_addr_print
2025-09-08 16:43:04,522 - INFO - cmd: python main.py --detect --cve_id CVE-2017-13052 --target_bin /binaries/target/tcpdump/tcpdump-4.8.1-o3-tcpdump --vul_func_name cfm_network_addr_print --project tcpdump
2025-09-08 16:43:08,943 - ERROR - fail CVE-2017-13052 ,details1

2025-09-08 16:43:08,944 - INFO - detecting CVE-2017-13052 cfm_network_addr_print
2025-09-08 16:43:08,944 - INFO - cmd: python main.py --detect --cve_id CVE-2017-13052 --target_bin /binaries/target/tcpdump/tcpdump-4.9.3-o3-tcpdump --vul_func_name cfm_network_addr_print --project tcpdump
2025-09-08 16:43:13,173 - ERROR - fail CVE-2017-13052 ,details1

2025-09-08 16:43:13,174 - INFO - detecting CVE-2017-13052 cfm_network_addr_print
2025-09-08 16:43:13,174 - INFO - cmd: python main.py --detect --cve_id CVE-2017-13052 --target_bin /binaries/target/tcpdump/tcpdump-4.99.0-bp-o3-tcpdump --vul_func_name cfm_network_addr_print --project tcpdump
2025-09-08 16:43:17,121 - ERROR - fail CVE-2017-13052 ,details1

2025-09-08 16:43:17,122 - INFO - detecting CVE-2017-13052 cfm_network_addr_print
2025-09-08 16:43:17,122 - INFO - cmd: python main.py --detect --cve_id CVE-2017-13052 --target_bin /binaries/target/tcpdump/tcpdump-4.99-bp-o3-tcpdump --vul_func_name cfm_network_addr_print --project tcpdump
2025-09-08 16:43:21,273 - ERROR - fail CVE-2017-13052 ,details1

2025-09-08 16:43:21,274 - INFO - detecting CVE-2017-13053 decode_rt_routing_info
2025-09-08 16:43:21,275 - INFO - cmd: python main.py --detect --cve_id CVE-2017-13053 --target_bin /binaries/target/tcpdump/tcpdump-4.9.1-o3-tcpdump --vul_func_name decode_rt_routing_info --project tcpdump
2025-09-08 16:43:25,740 - ERROR - fail CVE-2017-13053 ,details1

2025-09-08 16:43:25,741 - INFO - detecting CVE-2017-13053 decode_rt_routing_info
2025-09-08 16:43:25,741 - INFO - cmd: python main.py --detect --cve_id CVE-2017-13053 --target_bin /binaries/target/tcpdump/tcpdump-4.9.0-o3-tcpdump --vul_func_name decode_rt_routing_info --project tcpdump
2025-09-08 16:43:30,375 - ERROR - fail CVE-2017-13053 ,details1

2025-09-08 16:43:30,376 - INFO - detecting CVE-2017-13053 decode_rt_routing_info
2025-09-08 16:43:30,376 - INFO - cmd: python main.py --detect --cve_id CVE-2017-13053 --target_bin /binaries/target/tcpdump/tcpdump-4.8.1-o3-tcpdump --vul_func_name decode_rt_routing_info --project tcpdump
2025-09-08 16:43:35,344 - ERROR - fail CVE-2017-13053 ,details1

2025-09-08 16:43:35,345 - INFO - detecting CVE-2017-13053 decode_rt_routing_info
2025-09-08 16:43:35,345 - INFO - cmd: python main.py --detect --cve_id CVE-2017-13053 --target_bin /binaries/target/tcpdump/tcpdump-4.9.3-o3-tcpdump --vul_func_name decode_rt_routing_info --project tcpdump
2025-09-08 16:43:40,176 - ERROR - fail CVE-2017-13053 ,details1

2025-09-08 16:43:40,177 - INFO - detecting CVE-2017-13053 decode_rt_routing_info
2025-09-08 16:43:40,177 - INFO - cmd: python main.py --detect --cve_id CVE-2017-13053 --target_bin /binaries/target/tcpdump/tcpdump-4.99.0-bp-o3-tcpdump --vul_func_name decode_rt_routing_info --project tcpdump
2025-09-08 16:43:44,042 - ERROR - fail CVE-2017-13053 ,details1

2025-09-08 16:43:44,044 - INFO - detecting CVE-2017-13053 decode_rt_routing_info
2025-09-08 16:43:44,044 - INFO - cmd: python main.py --detect --cve_id CVE-2017-13053 --target_bin /binaries/target/tcpdump/tcpdump-4.99-bp-o3-tcpdump --vul_func_name decode_rt_routing_info --project tcpdump
2025-09-08 16:43:48,376 - ERROR - fail CVE-2017-13053 ,details1

2025-09-08 16:43:48,379 - INFO - detecting CVE-2017-13687 chdlc_print
2025-09-08 16:43:48,380 - INFO - cmd: python main.py --detect --cve_id CVE-2017-13687 --target_bin /binaries/target/tcpdump/tcpdump-4.9.1-o3-tcpdump --vul_func_name chdlc_print --project tcpdump
2025-09-08 16:43:57,010 - INFO - success CVE-2017-13687,details in cve_test/CVE-2017-13687.log

2025-09-08 16:43:57,011 - INFO - detecting CVE-2017-13687 chdlc_print
2025-09-08 16:43:57,012 - INFO - cmd: python main.py --detect --cve_id CVE-2017-13687 --target_bin /binaries/target/tcpdump/tcpdump-4.9.0-o3-tcpdump --vul_func_name chdlc_print --project tcpdump
2025-09-08 16:44:06,241 - INFO - success CVE-2017-13687,details in cve_test/CVE-2017-13687.log

2025-09-08 16:44:06,242 - INFO - detecting CVE-2017-13687 chdlc_print
2025-09-08 16:44:06,243 - INFO - cmd: python main.py --detect --cve_id CVE-2017-13687 --target_bin /binaries/target/tcpdump/tcpdump-4.8.1-o3-tcpdump --vul_func_name chdlc_print --project tcpdump
2025-09-08 16:44:14,300 - INFO - success CVE-2017-13687,details in cve_test/CVE-2017-13687.log

2025-09-08 16:44:14,301 - INFO - detecting CVE-2017-13687 chdlc_print
2025-09-08 16:44:14,302 - INFO - cmd: python main.py --detect --cve_id CVE-2017-13687 --target_bin /binaries/target/tcpdump/tcpdump-4.9.3-o3-tcpdump --vul_func_name chdlc_print --project tcpdump
2025-09-08 16:44:19,334 - INFO - success CVE-2017-13687,details in cve_test/CVE-2017-13687.log

2025-09-08 16:44:19,336 - INFO - detecting CVE-2017-13687 chdlc_print
2025-09-08 16:44:19,336 - INFO - cmd: python main.py --detect --cve_id CVE-2017-13687 --target_bin /binaries/target/tcpdump/tcpdump-4.99.0-bp-o3-tcpdump --vul_func_name chdlc_print --project tcpdump
2025-09-08 16:44:25,442 - INFO - success CVE-2017-13687,details in cve_test/CVE-2017-13687.log

2025-09-08 16:44:25,445 - INFO - detecting CVE-2017-13687 chdlc_print
2025-09-08 16:44:25,445 - INFO - cmd: python main.py --detect --cve_id CVE-2017-13687 --target_bin /binaries/target/tcpdump/tcpdump-4.99-bp-o3-tcpdump --vul_func_name chdlc_print --project tcpdump
2025-09-08 16:44:31,807 - INFO - success CVE-2017-13687,details in cve_test/CVE-2017-13687.log

2025-09-08 16:44:31,808 - INFO - detecting CVE-2017-13690 ikev2_ID_print
2025-09-08 16:44:31,809 - INFO - cmd: python main.py --detect --cve_id CVE-2017-13690 --target_bin /binaries/target/tcpdump/tcpdump-4.9.1-o3-tcpdump --vul_func_name ikev2_ID_print --project tcpdump
2025-09-08 16:44:39,817 - INFO - success CVE-2017-13690,details in cve_test/CVE-2017-13690.log

2025-09-08 16:44:39,818 - INFO - detecting CVE-2017-13690 ikev2_ID_print
2025-09-08 16:44:39,818 - INFO - cmd: python main.py --detect --cve_id CVE-2017-13690 --target_bin /binaries/target/tcpdump/tcpdump-4.9.0-o3-tcpdump --vul_func_name ikev2_ID_print --project tcpdump
2025-09-08 16:44:47,628 - INFO - success CVE-2017-13690,details in cve_test/CVE-2017-13690.log

2025-09-08 16:44:47,629 - INFO - detecting CVE-2017-13690 ikev2_ID_print
2025-09-08 16:44:47,630 - INFO - cmd: python main.py --detect --cve_id CVE-2017-13690 --target_bin /binaries/target/tcpdump/tcpdump-4.8.1-o3-tcpdump --vul_func_name ikev2_ID_print --project tcpdump
2025-09-08 16:44:54,682 - INFO - success CVE-2017-13690,details in cve_test/CVE-2017-13690.log

2025-09-08 16:44:54,683 - INFO - detecting CVE-2017-13690 ikev2_ID_print
2025-09-08 16:44:54,684 - INFO - cmd: python main.py --detect --cve_id CVE-2017-13690 --target_bin /binaries/target/tcpdump/tcpdump-4.9.3-o3-tcpdump --vul_func_name ikev2_ID_print --project tcpdump
2025-09-08 16:45:02,695 - INFO - success CVE-2017-13690,details in cve_test/CVE-2017-13690.log

2025-09-08 16:45:02,696 - INFO - detecting CVE-2017-13690 ikev2_ID_print
2025-09-08 16:45:02,696 - INFO - cmd: python main.py --detect --cve_id CVE-2017-13690 --target_bin /binaries/target/tcpdump/tcpdump-4.99.0-bp-o3-tcpdump --vul_func_name ikev2_ID_print --project tcpdump
2025-09-08 16:45:10,063 - INFO - success CVE-2017-13690,details in cve_test/CVE-2017-13690.log

2025-09-08 16:45:10,065 - INFO - detecting CVE-2017-13690 ikev2_ID_print
2025-09-08 16:45:10,066 - INFO - cmd: python main.py --detect --cve_id CVE-2017-13690 --target_bin /binaries/target/tcpdump/tcpdump-4.99-bp-o3-tcpdump --vul_func_name ikev2_ID_print --project tcpdump
2025-09-08 16:45:18,662 - INFO - success CVE-2017-13690,details in cve_test/CVE-2017-13690.log

2025-09-08 16:45:18,663 - INFO - detecting CVE-2017-13725 rt6_print
2025-09-08 16:45:18,663 - INFO - cmd: python main.py --detect --cve_id CVE-2017-13725 --target_bin /binaries/target/tcpdump/tcpdump-4.9.1-o3-tcpdump --vul_func_name rt6_print --project tcpdump
2025-09-08 16:45:27,284 - INFO - success CVE-2017-13725,details in cve_test/CVE-2017-13725.log

2025-09-08 16:45:27,285 - INFO - detecting CVE-2017-13725 rt6_print
2025-09-08 16:45:27,285 - INFO - cmd: python main.py --detect --cve_id CVE-2017-13725 --target_bin /binaries/target/tcpdump/tcpdump-4.9.0-o3-tcpdump --vul_func_name rt6_print --project tcpdump
2025-09-08 16:45:36,363 - INFO - success CVE-2017-13725,details in cve_test/CVE-2017-13725.log

2025-09-08 16:45:36,364 - INFO - detecting CVE-2017-13725 rt6_print
2025-09-08 16:45:36,364 - INFO - cmd: python main.py --detect --cve_id CVE-2017-13725 --target_bin /binaries/target/tcpdump/tcpdump-4.8.1-o3-tcpdump --vul_func_name rt6_print --project tcpdump
2025-09-08 16:45:44,391 - INFO - success CVE-2017-13725,details in cve_test/CVE-2017-13725.log

2025-09-08 16:45:44,392 - INFO - detecting CVE-2017-13725 rt6_print
2025-09-08 16:45:44,392 - INFO - cmd: python main.py --detect --cve_id CVE-2017-13725 --target_bin /binaries/target/tcpdump/tcpdump-4.9.3-o3-tcpdump --vul_func_name rt6_print --project tcpdump
2025-09-08 16:45:51,559 - INFO - success CVE-2017-13725,details in cve_test/CVE-2017-13725.log

2025-09-08 16:45:51,560 - INFO - detecting CVE-2017-13725 rt6_print
2025-09-08 16:45:51,561 - INFO - cmd: python main.py --detect --cve_id CVE-2017-13725 --target_bin /binaries/target/tcpdump/tcpdump-4.99.0-bp-o3-tcpdump --vul_func_name rt6_print --project tcpdump
2025-09-08 16:45:57,571 - INFO - success CVE-2017-13725,details in cve_test/CVE-2017-13725.log

2025-09-08 16:45:57,572 - INFO - detecting CVE-2017-13725 rt6_print
2025-09-08 16:45:57,572 - INFO - cmd: python main.py --detect --cve_id CVE-2017-13725 --target_bin /binaries/target/tcpdump/tcpdump-4.99-bp-o3-tcpdump --vul_func_name rt6_print --project tcpdump
2025-09-08 16:46:03,960 - INFO - success CVE-2017-13725,details in cve_test/CVE-2017-13725.log

2025-09-08 16:46:03,961 - INFO - detecting CVE-2018-16228 print_prefix
2025-09-08 16:46:03,962 - INFO - cmd: python main.py --detect --cve_id CVE-2018-16228 --target_bin /binaries/target/tcpdump/tcpdump-4.9.2-o3-tcpdump --vul_func_name print_prefix --project tcpdump
2025-09-08 16:46:10,704 - INFO - success CVE-2018-16228,details in cve_test/CVE-2018-16228.log

2025-09-08 16:46:10,705 - INFO - detecting CVE-2018-16228 print_prefix
2025-09-08 16:46:10,706 - INFO - cmd: python main.py --detect --cve_id CVE-2018-16228 --target_bin /binaries/target/tcpdump/tcpdump-4.9.1-o3-tcpdump --vul_func_name print_prefix --project tcpdump
2025-09-08 16:46:18,314 - INFO - success CVE-2018-16228,details in cve_test/CVE-2018-16228.log

2025-09-08 16:46:18,315 - INFO - detecting CVE-2018-16228 print_prefix
2025-09-08 16:46:18,315 - INFO - cmd: python main.py --detect --cve_id CVE-2018-16228 --target_bin /binaries/target/tcpdump/tcpdump-4.9.0-o3-tcpdump --vul_func_name print_prefix --project tcpdump
2025-09-08 16:46:25,587 - INFO - success CVE-2018-16228,details in cve_test/CVE-2018-16228.log

2025-09-08 16:46:25,588 - INFO - detecting CVE-2018-16228 print_prefix
2025-09-08 16:46:25,588 - INFO - cmd: python main.py --detect --cve_id CVE-2018-16228 --target_bin /binaries/target/tcpdump/tcpdump-4.9.3-o3-tcpdump --vul_func_name print_prefix --project tcpdump
2025-09-08 16:46:32,821 - INFO - success CVE-2018-16228,details in cve_test/CVE-2018-16228.log

2025-09-08 16:46:32,822 - INFO - detecting CVE-2018-16228 print_prefix
2025-09-08 16:46:32,822 - INFO - cmd: python main.py --detect --cve_id CVE-2018-16228 --target_bin /binaries/target/tcpdump/tcpdump-4.99.0-bp-o3-tcpdump --vul_func_name print_prefix --project tcpdump
2025-09-08 16:46:40,030 - INFO - success CVE-2018-16228,details in cve_test/CVE-2018-16228.log

2025-09-08 16:46:40,032 - INFO - detecting CVE-2018-16228 print_prefix
2025-09-08 16:46:40,032 - INFO - cmd: python main.py --detect --cve_id CVE-2018-16228 --target_bin /binaries/target/tcpdump/tcpdump-4.99-bp-o3-tcpdump --vul_func_name print_prefix --project tcpdump
2025-09-08 16:46:46,327 - INFO - success CVE-2018-16228,details in cve_test/CVE-2018-16228.log

2025-09-08 16:46:46,328 - INFO - detecting CVE-2018-16300 bgp_attr_print
2025-09-08 16:46:46,328 - INFO - cmd: python main.py --detect --cve_id CVE-2018-16300 --target_bin /binaries/target/tcpdump/tcpdump-4.9.2-o3-tcpdump --vul_func_name bgp_attr_print --project tcpdump
2025-09-08 16:46:54,731 - INFO - success CVE-2018-16300,details in cve_test/CVE-2018-16300.log

2025-09-08 16:46:54,732 - INFO - detecting CVE-2018-16300 bgp_attr_print
2025-09-08 16:46:54,732 - INFO - cmd: python main.py --detect --cve_id CVE-2018-16300 --target_bin /binaries/target/tcpdump/tcpdump-4.9.1-o3-tcpdump --vul_func_name bgp_attr_print --project tcpdump
2025-09-08 16:47:03,850 - INFO - success CVE-2018-16300,details in cve_test/CVE-2018-16300.log

2025-09-08 16:47:03,851 - INFO - detecting CVE-2018-16300 bgp_attr_print
2025-09-08 16:47:03,851 - INFO - cmd: python main.py --detect --cve_id CVE-2018-16300 --target_bin /binaries/target/tcpdump/tcpdump-4.9.0-o3-tcpdump --vul_func_name bgp_attr_print --project tcpdump
2025-09-08 16:47:13,084 - INFO - success CVE-2018-16300,details in cve_test/CVE-2018-16300.log

2025-09-08 16:47:13,085 - INFO - detecting CVE-2018-16300 bgp_attr_print
2025-09-08 16:47:13,085 - INFO - cmd: python main.py --detect --cve_id CVE-2018-16300 --target_bin /binaries/target/tcpdump/tcpdump-4.9.3-o3-tcpdump --vul_func_name bgp_attr_print --project tcpdump
2025-09-08 16:47:20,779 - INFO - success CVE-2018-16300,details in cve_test/CVE-2018-16300.log

2025-09-08 16:47:20,780 - INFO - detecting CVE-2018-16300 bgp_attr_print
2025-09-08 16:47:20,780 - INFO - cmd: python main.py --detect --cve_id CVE-2018-16300 --target_bin /binaries/target/tcpdump/tcpdump-4.99.0-bp-o3-tcpdump --vul_func_name bgp_attr_print --project tcpdump
2025-09-08 16:47:30,922 - INFO - success CVE-2018-16300,details in cve_test/CVE-2018-16300.log

2025-09-08 16:47:30,923 - INFO - detecting CVE-2018-16300 bgp_attr_print
2025-09-08 16:47:30,923 - INFO - cmd: python main.py --detect --cve_id CVE-2018-16300 --target_bin /binaries/target/tcpdump/tcpdump-4.99-bp-o3-tcpdump --vul_func_name bgp_attr_print --project tcpdump
2025-09-08 16:47:39,293 - INFO - success CVE-2018-16300,details in cve_test/CVE-2018-16300.log