binutils:
交集 CVE 数量: 11
CVE-2017-14128
CVE-2017-14930
CVE-2017-15024
CVE-2017-16828
CVE-2017-17126
CVE-2017-8397
CVE-2017-9955
CVE-2018-1000876
CVE-2018-7569
CVE-2020-16590
CVE-2022-48065
curl
交集 CVE 数量: 6
CVE-2018-0500
CVE-2018-1000007
CVE-2018-1000120
CVE-2020-8177
CVE-2020-8284
CVE-2022-42915
ffmpeg
交集 CVE 数量: 23
CVE-2020-20448
CVE-2020-20453
CVE-2020-20896
CVE-2020-20898
CVE-2020-21697
CVE-2020-22020
CVE-2020-22022
CVE-2020-22023
CVE-2020-22026
CVE-2020-22027
CVE-2020-22029
CVE-2020-22030
CVE-2020-22031
CVE-2020-22034
CVE-2020-22035
CVE-2020-22036
CVE-2020-22041
CVE-2020-22042
CVE-2020-22043
CVE-2020-22046
CVE-2020-22048
CVE-2020-35965
CVE-2021-38291
freetype
交集 CVE 数量: 2
CVE-2014-2241
CVE-2014-9661
imagemagick
交集 CVE 数量: 26
CVE-2015-8895
CVE-2015-8896
CVE-2016-10060
CVE-2016-7534
CVE-2017-14174
CVE-2019-12978
CVE-2019-13307
CVE-2019-14981
CVE-2019-15139
CVE-2019-16711
CVE-2019-7175
CVE-2020-25663
CVE-2020-27750
CVE-2020-27760
CVE-2020-27761
CVE-2020-27769
CVE-2020-27770
CVE-2021-20311
CVE-2021-20312
CVE-2021-20313
CVE-2022-0284
CVE-2023-1289
CVE-2023-34152
CVE-2023-34153
CVE-2023-34474
CVE-2023-34475
libxml2
交集 CVE 数量: 4
CVE-2015-7500
CVE-2016-1837
CVE-2022-29824
CVE-2022-40303
openjpeg
交集 CVE 数量: 3
CVE-2016-10504
CVE-2017-14151
CVE-2018-20847
openssl
交集 CVE 数量: 4
CVE-2022-3786
CVE-2023-0215
CVE-2023-0216
CVE-2023-2650
sqlite
交集 CVE 数量: 1
CVE-2019-19317
tcpdump
交集 CVE 数量: 36
CVE-2017-12894
CVE-2017-12897
CVE-2017-12898
CVE-2017-12899
CVE-2017-12990
CVE-2017-12993
CVE-2017-12999
CVE-2017-13004
CVE-2017-13005
CVE-2017-13006
CVE-2017-13013
CVE-2017-13014
CVE-2017-13015
CVE-2017-13018
CVE-2017-13020
CVE-2017-13024
CVE-2017-13026
CVE-2017-13029
CVE-2017-13031
CVE-2017-13040
CVE-2017-13041
CVE-2017-13047
CVE-2017-13690
CVE-2017-13725
CVE-2018-14461
CVE-2018-14463
CVE-2018-14464
CVE-2018-14465
CVE-2018-14469
CVE-2018-14470
CVE-2018-14882
CVE-2018-16227
CVE-2018-16230
CVE-2018-16300
CVE-2019-15166
CVE-2019-15167
