=== pattern.json 分布 ===
Pattern 1 (add input sanitization checks): 116 个
Pattern 2 (change input sanitization checks): 36 个
Pattern 3 (add data structures): 7 个
Pattern 4 (change data structure definitions): 6 个
Pattern 5 (change data structure references): 48 个
Pattern 6 (change function parameters): 20 个
Pattern 7 (add or change function calls): 95 个
Pattern 8 (add functions): 12 个
Pattern 9 (change functions): 20 个

=== cwe_refined.json 分布 ===
CWE-119: 102 个
CWE-131: 1 个
CWE-189: 1 个
CWE-190: 16 个
CWE-191: 1 个
CWE-20: 5 个
CWE-200: 3 个
CWE-284: 1 个
CWE-287: 1 个
CWE-311: 2 个
CWE-327: 1 个
CWE-345: 1 个
CWE-369: 7 个
CWE-399: 3 个
CWE-400: 2 个
CWE-401: 7 个
CWE-434: 1 个
CWE-611: 1 个
CWE-665: 1 个
CWE-674: 1 个
CWE-704: 1 个
CWE-74: 2 个
CWE-754: 14 个
CWE-77: 1 个
CWE-772: 1 个
CWE-834: 4 个
NVD-CWE-Other: 6 个
NVD-CWE-noinfo: 3 个
