=== pattern.json 分布 ===
Pattern not_found: 1 个
Pattern 1 (add input sanitization checks): 130 个
Pattern 2 (change input sanitization checks): 48 个
Pattern 3 (add data structures): 11 个
Pattern 4 (change data structure definitions): 11 个
Pattern 5 (change data structure references): 65 个
Pattern 6 (change function parameters): 35 个
Pattern 7 (add or change function calls): 156 个
Pattern 8 (add functions): 22 个
Pattern 9 (change functions): 34 个

=== cwe_refined.json 分布 ===
CWE-119: 136 个
CWE-189: 1 个
CWE-190: 23 个
CWE-193: 1 个
CWE-20: 8 个
CWE-200: 8 个
CWE-284: 1 个
CWE-287: 2 个
CWE-310: 2 个
CWE-311: 2 个
CWE-327: 2 个
CWE-345: 1 个
CWE-362: 2 个
CWE-369: 13 个
CWE-399: 3 个
CWE-400: 3 个
CWE-401: 17 个
CWE-415: 3 个
CWE-502: 1 个
CWE-617: 2 个
CWE-665: 2 个
CWE-674: 2 个
CWE-704: 2 个
CWE-74: 1 个
CWE-754: 9 个
CWE-77: 1 个
CWE-772: 3 个
CWE-834: 4 个
NVD-CWE-Other: 4 个
NVD-CWE-noinfo: 1 个
