=== pattern.json 分布 ===
Pattern not_found: 2 个
Pattern 1 (add input sanitization checks): 116 个
Pattern 2 (change input sanitization checks): 38 个
Pattern 3 (add data structures): 6 个
Pattern 4 (change data structure definitions): 6 个
Pattern 5 (change data structure references): 29 个
Pattern 6 (change function parameters): 10 个
Pattern 7 (add or change function calls): 59 个
Pattern 8 (add functions): 6 个
Pattern 9 (change functions): 15 个

=== cwe_refined.json 分布 ===
CWE-119: 101 个
CWE-190: 8 个
CWE-20: 3 个
CWE-362: 1 个
CWE-369: 2 个
CWE-400: 4 个
CWE-401: 11 个
CWE-415: 1 个
CWE-665: 2 个
CWE-674: 1 个
CWE-684: 2 个
CWE-754: 12 个
CWE-772: 2 个
CWE-834: 7 个
NVD-CWE-Other: 3 个
NVD-CWE-noinfo: 1 个
not_found: 2 个
