CVE-2015-0206 has no sigs, skip
CVE-2015-0206 has no sigs, skip
CVE-2015-0206 has no sigs, skip
CVE-2015-0206 has no sigs, skip
TestJson(file='CVE-2015-1790-8d9fec178175-openssl', cve='CVE-2015-1790', commit='', ground_truth='patch', project='openssl') is not valid
TestJson(file='CVE-2015-1790-038f4dc68edd-openssl', cve='CVE-2015-1790', commit='', ground_truth='patch', project='openssl') is not valid
TestJson(file='CVE-2015-1790-9311d0c471ca-openssl', cve='CVE-2015-1790', commit='', ground_truth='patch', project='openssl') is not valid
TestJson(file='CVE-2015-1790-681618cfc18b-openssl', cve='CVE-2015-1790', commit='', ground_truth='patch', project='openssl') is not valid
TestJson(file='CVE-2015-0205-124037fdc057-openssl', cve='CVE-2015-0205', commit='', ground_truth='patch', project='openssl') is not valid
TestJson(file='CVE-2015-0205-cf9b0b6fb253-openssl', cve='CVE-2015-0205', commit='', ground_truth='patch', project='openssl') is not valid
TestJson(file='CVE-2015-0205-ade44dcb1614-openssl', cve='CVE-2015-0205', commit='', ground_truth='patch', project='openssl') is not valid
TestJson(file='CVE-2015-0205-25aaa98aa249-openssl', cve='CVE-2015-0205', commit='', ground_truth='patch', project='openssl') is not valid
TestJson(file='CVE-2016-2109-3e73111d133d-libcrypto', cve='CVE-2016-2109', commit='', ground_truth='patch', project='openssl') is not valid
CVE-2016-2109 CVE-2016-2109-9311d0c471ca-libcrypto truth = patch result = patch
TestJson(file='CVE-2016-2109-e077455e9e57-libcrypto', cve='CVE-2016-2109', commit='', ground_truth='patch', project='openssl') is not valid
TestJson(file='CVE-2016-2109-afecd85db135-libcrypto', cve='CVE-2016-2109', commit='', ground_truth='patch', project='openssl') is not valid
CVE-2016-2106 has no sigs, skip
CVE-2016-2106 has no sigs, skip
TestJson(file='CVE-2014-3572-75ebbd9aa411-openssl', cve='CVE-2014-3572', commit='', ground_truth='patch', project='openssl') is not valid
TestJson(file='CVE-2014-3572-61e72d761c94-openssl', cve='CVE-2014-3572', commit='', ground_truth='patch', project='openssl') is not valid
TestJson(file='CVE-2014-3572-0f113f3ee4d6-openssl', cve='CVE-2014-3572', commit='', ground_truth='patch', project='openssl') is not valid
TestJson(file='CVE-2014-3572-7689082b7199-openssl', cve='CVE-2014-3572', commit='', ground_truth='patch', project='openssl') is not valid
TestJson(file='CVE-2015-1788-5cbd2ea3f94a-openssl', cve='CVE-2015-1788', commit='', ground_truth='patch', project='openssl') is not valid
CVE-2015-1789 CVE-2015-1789-5811387bac39-openssl truth = patch result = patch
CVE-2015-1789 CVE-2015-1789-fecb3aae22ae-openssl truth = patch result = patch
CVE-2015-1789 CVE-2015-1789-cccf532fef10-openssl truth = patch result = patch
TestJson(file='CVE-2015-1791-8ad369171fc2-openssl', cve='CVE-2015-1791', commit='', ground_truth='patch', project='openssl') is not valid
TestJson(file='CVE-2015-1791-3c95ef22df55-openssl', cve='CVE-2015-1791', commit='', ground_truth='patch', project='openssl') is not valid
