------------------------------------------
Detecing CVE:CVE-2015-8871
Detection for: /data/zhangxb//binaries/PatchEvolution/openjpeg/CVE-2015-8871-28d2eabca79d-openjpeg
fail to determine
Result for opj_j2k_write_mco:None , truth is patch
------------------------------------------
Detecing CVE:CVE-2016-10506
Detection for: /data/zhangxb//binaries/PatchEvolution/openjpeg/CVE-2016-10506-2d606701e8b7-openjpeg
Result for opj_pi_next_rpcl:vuln , truth is patch
Result for opj_pi_next_pcrl:vuln , truth is patch
Result for opj_pi_next_cprl:vuln , truth is patch
------------------------------------------
Detecing CVE:CVE-2016-7163
Detection for: /data/zhangxb//binaries/PatchEvolution/openjpeg/CVE-2016-7163-22eb737d5d5d-openjpeg
Result for opj_pi_create_decode:patch , truth is patch
------------------------------------------
Detecing CVE:CVE-2016-7163
Detection for: /data/zhangxb//binaries/PatchEvolution/openjpeg/CVE-2016-7163-fb9eae5d637d-openjpeg
Result for opj_pi_create_decode:patch , truth is patch
------------------------------------------
Detecing CVE:CVE-2016-7163
Detection for: /data/zhangxb//binaries/PatchEvolution/openjpeg/CVE-2016-7163-774889a328ab-openjpeg
Result for opj_pi_create_decode:patch , truth is patch
------------------------------------------
Detecing CVE:CVE-2016-7163
Detection for: /data/zhangxb//binaries/PatchEvolution/openjpeg/CVE-2016-7163-80818c39f5bf-openjpeg
Result for opj_pi_create_decode:patch , truth is patch
------------------------------------------
Detecing CVE:CVE-2017-14039
Detection for: /data/zhangxb//binaries/PatchEvolution/openjpeg/CVE-2017-14039-5dd75f62e20e-openjpeg
Result for opj_j2k_write_sod:patch , truth is patch
Result for opj_t2_encode_packet:patch , truth is patch
------------------------------------------
Detecing CVE:CVE-2017-14039
Detection for: /data/zhangxb//binaries/PatchEvolution/openjpeg/CVE-2017-14039-aaff099b4936-openjpeg
Result for opj_j2k_write_sod:patch , truth is patch
Result for opj_t2_encode_packet:patch , truth is patch
------------------------------------------
Detecing CVE:CVE-2017-14039
Detection for: /data/zhangxb//binaries/PatchEvolution/openjpeg/CVE-2017-14039-1d358f25c8ea-openjpeg
Result for opj_j2k_write_sod:patch , truth is patch
Result for opj_t2_encode_packet:patch , truth is patch
------------------------------------------
Detecing CVE:CVE-2017-14164
Detection for: /data/zhangxb//binaries/PatchEvolution/openjpeg/CVE-2017-14164-4e5501b3c72a-openjpeg
Result for opj_j2k_write_sot:patch , truth is patch
Result for opj_j2k_write_first_tile_part:patch , truth is patch
Result for opj_j2k_write_all_tile_parts:patch , truth is patch
------------------------------------------
Detecing CVE:CVE-2017-14164
Detection for: /data/zhangxb//binaries/PatchEvolution/openjpeg/CVE-2017-14164-c28965f255c7-openjpeg
Result for opj_j2k_write_sot:patch , truth is patch
Result for opj_j2k_write_first_tile_part:patch , truth is patch
Result for opj_j2k_write_all_tile_parts:patch , truth is patch
------------------------------------------
Detecing CVE:CVE-2017-14164
Detection for: /data/zhangxb//binaries/PatchEvolution/openjpeg/CVE-2017-14164-4f447c6e1844-openjpeg
Result for opj_j2k_write_sot:patch , truth is patch
Result for opj_j2k_write_first_tile_part:patch , truth is patch
Result for opj_j2k_write_all_tile_parts:patch , truth is patch
------------------------------------------
Detecing CVE:CVE-2017-14164
Detection for: /data/zhangxb//binaries/PatchEvolution/openjpeg/CVE-2017-14164-5dd75f62e20e-openjpeg
Result for opj_j2k_write_sot:patch , truth is patch
Result for opj_j2k_write_first_tile_part:patch , truth is patch
Result for opj_j2k_write_all_tile_parts:patch , truth is patch
------------------------------------------
Detecing CVE:CVE-2018-20847
Detection for: /data/zhangxb//binaries/PatchEvolution/openjpeg/CVE-2018-20847-29313eb5f1b2-openjpeg
Result for opj_get_all_encoding_parameters:patch , truth is patch
Result for opj_tcd_init_tile:vuln , truth is patch
------------------------------------------
Detecing CVE:CVE-2018-20847
Detection for: /data/zhangxb//binaries/PatchEvolution/openjpeg/CVE-2018-20847-1d358f25c8ea-openjpeg
fail to determine
Result for opj_get_all_encoding_parameters:None , truth is patch
Result for opj_tcd_init_tile:vuln , truth is patch
------------------------------------------
Detecing CVE:CVE-2018-20847
Detection for: /data/zhangxb//binaries/PatchEvolution/openjpeg/CVE-2018-20847-22eb737d5d5d-openjpeg
fail to determine
Result for opj_get_all_encoding_parameters:None , truth is patch
Result for opj_tcd_init_tile:vuln , truth is patch
------------------------------------------
Detecing CVE:CVE-2018-20847
Detection for: /data/zhangxb//binaries/PatchEvolution/openjpeg/CVE-2018-20847-774889a328ab-openjpeg
fail to determine
Result for opj_get_all_encoding_parameters:None , truth is patch
Result for opj_tcd_init_tile:vuln , truth is patch
