------------------------------------------
Detecing CVE:CVE-2017-12893
------------------------------------------
Detecing CVE:CVE-2017-12893
Detection for: /data/zhangxb//binaries/PatchEvolution/tcpdump/CVE-2017-12893-3a7639e545c0-tcpdump
Result for name_len:patch , truth is patch
------------------------------------------
Detecing CVE:CVE-2017-12893
Detection for: /data/zhangxb//binaries/PatchEvolution/tcpdump/CVE-2017-12893-b3171b9a9f50-tcpdump
Result for name_len:patch , truth is patch
------------------------------------------
Detecing CVE:CVE-2017-12893
Detection for: /data/zhangxb//binaries/PatchEvolution/tcpdump/CVE-2017-12893-1ac29c4be46a-tcpdump
Result for name_len:patch , truth is patch
------------------------------------------
Detecing CVE:CVE-2017-12893
Detection for: /data/zhangxb//binaries/PatchEvolution/tcpdump/CVE-2017-12893-dcca20dd391f-tcpdump
Result for name_len:patch , truth is patch
------------------------------------------
Detecing CVE:CVE-2017-12894
Detection for: /data/zhangxb//binaries/PatchEvolution/tcpdump/CVE-2017-12894-d8bf24c8743e-tcpdump
fail to determine
Result for lookup_bytestring:None , truth is patch
Result for le64addr_string:vuln , truth is patch
fail to determine
Result for linkaddr_string:None , truth is patch
------------------------------------------
Detecing CVE:CVE-2017-12894
Detection for: /data/zhangxb//binaries/PatchEvolution/tcpdump/CVE-2017-12894-db3f9f277f42-tcpdump
fail to determine
Result for lookup_bytestring:None , truth is patch
Result for le64addr_string:vuln , truth is patch
fail to determine
Result for linkaddr_string:None , truth is patch
------------------------------------------
Detecing CVE:CVE-2017-12894
Detection for: /data/zhangxb//binaries/PatchEvolution/tcpdump/CVE-2017-12894-f477e59db0cc-tcpdump
fail to determine
Result for lookup_bytestring:None , truth is patch
Result for le64addr_string:vuln , truth is patch
fail to determine
Result for linkaddr_string:None , truth is patch
------------------------------------------
Detecing CVE:CVE-2017-12894
Detection for: /data/zhangxb//binaries/PatchEvolution/tcpdump/CVE-2017-12894-3059f3581287-tcpdump
fail to determine
Result for lookup_bytestring:None , truth is patch
Result for le64addr_string:vuln , truth is patch
fail to determine
Result for linkaddr_string:None , truth is patch
------------------------------------------
Detecing CVE:CVE-2017-12895
Detection for: /data/zhangxb//binaries/PatchEvolution/tcpdump/CVE-2017-12895-7a5c4fb61005-tcpdump
Result for icmp_print:vuln , truth is patch
------------------------------------------
Detecing CVE:CVE-2017-12895
Detection for: /data/zhangxb//binaries/PatchEvolution/tcpdump/CVE-2017-12895-d7efbc8f63e9-tcpdump
Result for icmp_print:vuln , truth is patch
------------------------------------------
Detecing CVE:CVE-2017-12895
Detection for: /data/zhangxb//binaries/PatchEvolution/tcpdump/CVE-2017-12895-e2982e7f6f0b-tcpdump
Result for icmp_print:patch , truth is patch
------------------------------------------
Detecing CVE:CVE-2017-12895
Detection for: /data/zhangxb//binaries/PatchEvolution/tcpdump/CVE-2017-12895-577621026df8-tcpdump
Result for icmp_print:patch , truth is patch
------------------------------------------
Detecing CVE:CVE-2017-12896
Detection for: /data/zhangxb//binaries/PatchEvolution/tcpdump/CVE-2017-12896-4dee61760d29-tcpdump
Result for isakmp_rfc3948_print:vuln , truth is patch
------------------------------------------
Detecing CVE:CVE-2017-12896
Detection for: /data/zhangxb//binaries/PatchEvolution/tcpdump/CVE-2017-12896-e2982e7f6f0b-tcpdump
Result for isakmp_rfc3948_print:patch , truth is patch
------------------------------------------
Detecing CVE:CVE-2017-12896
Detection for: /data/zhangxb//binaries/PatchEvolution/tcpdump/CVE-2017-12896-6288c273b66f-tcpdump
Result for isakmp_rfc3948_print:vuln , truth is patch
------------------------------------------
Detecing CVE:CVE-2017-12896
Detection for: /data/zhangxb//binaries/PatchEvolution/tcpdump/CVE-2017-12896-ee68aa36460d-tcpdump
Result for isakmp_rfc3948_print:vuln , truth is patch
------------------------------------------
Detecing CVE:CVE-2017-12897
Detection for: /data/zhangxb//binaries/PatchEvolution/tcpdump/CVE-2017-12897-1a04b92e365f-tcpdump
Result for atm_if_print:patch , truth is patch
Result for chdlc_print:vuln , truth is patch
fail to determine
Result for ethertype_print:None , truth is patch
Result for fr_print:vuln , truth is patch
Result for gre_print_0:vuln , truth is patch
Result for isoclns_print:patch , truth is patch
Result for juniper_mlppp_print:None , truth is patch
Result for juniper_mfr_print:None , truth is patch
Result for juniper_mlfr_print:None , truth is patch
Result for juniper_atm1_print:None , truth is patch
Result for juniper_atm2_print:None , truth is patch
Result for llc_print:vuln , truth is patch
fail to determine
Result for mpls_print:None , truth is patch
fail to determine
Result for null_if_print:None , truth is patch
fail to determine
Result for handle_ppp:None , truth is patch
------------------------------------------
Detecing CVE:CVE-2017-12897
Detection for: /data/zhangxb//binaries/PatchEvolution/tcpdump/CVE-2017-12897-6e1fdd00a653-tcpdump
Result for atm_if_print:patch , truth is patch
fail to determine
Result for chdlc_print:None , truth is patch
fail to determine
Result for ethertype_print:None , truth is patch
fail to determine
Result for fr_print:None , truth is patch
fail to determine
Result for gre_print_0:None , truth is patch
Result for isoclns_print:patch , truth is patch
Result for juniper_mlppp_print:None , truth is patch
Result for juniper_mfr_print:None , truth is patch
Result for juniper_mlfr_print:None , truth is patch
Result for juniper_atm1_print:None , truth is patch
Result for juniper_atm2_print:None , truth is patch
Result for llc_print:vuln , truth is patch
fail to determine
Result for mpls_print:None , truth is patch
fail to determine
Result for null_if_print:None , truth is patch
fail to determine
Result for handle_ppp:None , truth is patch
------------------------------------------
Detecing CVE:CVE-2017-12897
Detection for: /data/zhangxb//binaries/PatchEvolution/tcpdump/CVE-2017-12897-ee68aa36460d-tcpdump
Result for atm_if_print:patch , truth is patch
fail to determine
Result for chdlc_print:None , truth is patch
fail to determine
Result for ethertype_print:None , truth is patch
Result for fr_print:vuln , truth is patch
fail to determine
Result for gre_print_0:None , truth is patch
Result for isoclns_print:patch , truth is patch
Result for juniper_mlppp_print:None , truth is patch
Result for juniper_mfr_print:None , truth is patch
Result for juniper_mlfr_print:None , truth is patch
Result for juniper_atm1_print:None , truth is patch
Result for juniper_atm2_print:None , truth is patch
Result for llc_print:vuln , truth is patch
fail to determine
Result for mpls_print:None , truth is patch
fail to determine
Result for null_if_print:None , truth is patch
fail to determine
Result for handle_ppp:None , truth is patch
------------------------------------------
Detecing CVE:CVE-2017-12897
Detection for: /data/zhangxb//binaries/PatchEvolution/tcpdump/CVE-2017-12897-e2982e7f6f0b-tcpdump
Result for atm_if_print:patch , truth is patch
Result for chdlc_print:vuln , truth is patch
fail to determine
Result for ethertype_print:None , truth is patch
Result for fr_print:vuln , truth is patch
Result for gre_print_0:vuln , truth is patch
Result for isoclns_print:patch , truth is patch
Result for juniper_mlppp_print:None , truth is patch
Result for juniper_mfr_print:None , truth is patch
Result for juniper_mlfr_print:None , truth is patch
Result for juniper_atm1_print:None , truth is patch
Result for juniper_atm2_print:None , truth is patch
Result for llc_print:vuln , truth is patch
fail to determine
Result for mpls_print:None , truth is patch
fail to determine
Result for null_if_print:None , truth is patch
fail to determine
Result for handle_ppp:None , truth is patch
------------------------------------------
Detecing CVE:CVE-2017-12898
Detection for: /data/zhangxb//binaries/PatchEvolution/tcpdump/CVE-2017-12898-577621026df8-tcpdump
Result for nfsreq_print_noaddr:None , truth is patch
Result for parserep:patch , truth is patch
Result for interp_reply:patch , truth is patch
------------------------------------------
Detecing CVE:CVE-2017-12898
Detection for: /data/zhangxb//binaries/PatchEvolution/tcpdump/CVE-2017-12898-279bd14fc59e-tcpdump
Result for nfsreq_print_noaddr:None , truth is patch
fail to determine
Result for parserep:None , truth is patch
Result for interp_reply:vuln , truth is patch
------------------------------------------
Detecing CVE:CVE-2017-12898
Detection for: /data/zhangxb//binaries/PatchEvolution/tcpdump/CVE-2017-12898-e2982e7f6f0b-tcpdump
Result for nfsreq_print_noaddr:None , truth is patch
Result for parserep:patch , truth is patch
Result for interp_reply:patch , truth is patch
------------------------------------------
Detecing CVE:CVE-2017-12898
Detection for: /data/zhangxb//binaries/PatchEvolution/tcpdump/CVE-2017-12898-21b12733b62c-tcpdump
Result for nfsreq_print_noaddr:None , truth is patch
fail to determine
Result for parserep:None , truth is patch
Result for interp_reply:vuln , truth is patch
------------------------------------------
Detecing CVE:CVE-2017-12899
Detection for: /data/zhangxb//binaries/PatchEvolution/tcpdump/CVE-2017-12899-5c2027db8817-tcpdump
Result for decnet_print:vuln , truth is patch
------------------------------------------
Detecing CVE:CVE-2017-12899
Detection for: /data/zhangxb//binaries/PatchEvolution/tcpdump/CVE-2017-12899-8bbad56e3761-tcpdump
Result for decnet_print:vuln , truth is patch
------------------------------------------
Detecing CVE:CVE-2017-12899
Detection for: /data/zhangxb//binaries/PatchEvolution/tcpdump/CVE-2017-12899-bef667db65b1-tcpdump
Result for decnet_print:vuln , truth is patch
------------------------------------------
Detecing CVE:CVE-2017-12899
Detection for: /data/zhangxb//binaries/PatchEvolution/tcpdump/CVE-2017-12899-ee68aa36460d-tcpdump
Result for decnet_print:vuln , truth is patch
------------------------------------------
Detecing CVE:CVE-2017-12901
Detection for: /data/zhangxb//binaries/PatchEvolution/tcpdump/CVE-2017-12901-59d37c7ec5a7-tcpdump
Result for eigrp_print:vuln , truth is patch
------------------------------------------
Detecing CVE:CVE-2017-12901
Detection for: /data/zhangxb//binaries/PatchEvolution/tcpdump/CVE-2017-12901-e2982e7f6f0b-tcpdump
Result for eigrp_print:vuln , truth is patch
------------------------------------------
Detecing CVE:CVE-2017-12901
Detection for: /data/zhangxb//binaries/PatchEvolution/tcpdump/CVE-2017-12901-ee68aa36460d-tcpdump
Result for eigrp_print:vuln , truth is patch
------------------------------------------
Detecing CVE:CVE-2017-12901
Detection for: /data/zhangxb//binaries/PatchEvolution/tcpdump/CVE-2017-12901-e150c713a2ea-tcpdump
Result for eigrp_print:vuln , truth is patch
------------------------------------------
Detecing CVE:CVE-2017-12902
Detection for: /data/zhangxb//binaries/PatchEvolution/tcpdump/CVE-2017-12902-e2982e7f6f0b-tcpdump
fail to determine
Result for zephyr_print:None , truth is patch
------------------------------------------
Detecing CVE:CVE-2017-12902
Detection for: /data/zhangxb//binaries/PatchEvolution/tcpdump/CVE-2017-12902-29973d83e8ce-tcpdump
fail to determine
Result for zephyr_print:None , truth is patch
------------------------------------------
Detecing CVE:CVE-2017-12902
Detection for: /data/zhangxb//binaries/PatchEvolution/tcpdump/CVE-2017-12902-546558eabd81-tcpdump
fail to determine
Result for zephyr_print:None , truth is patch
------------------------------------------
Detecing CVE:CVE-2017-12902
Detection for: /data/zhangxb//binaries/PatchEvolution/tcpdump/CVE-2017-12902-676778970d1c-tcpdump
fail to determine
Result for zephyr_print:None , truth is patch
------------------------------------------
Detecing CVE:CVE-2017-12985
Detection for: /data/zhangxb//binaries/PatchEvolution/tcpdump/CVE-2017-12985-2055e39f2af0-tcpdump
Result for ip6_print:vuln , truth is patch
fail to determine
Result for mobility_print:None , truth is patch
------------------------------------------
Detecing CVE:CVE-2017-12985
Detection for: /data/zhangxb//binaries/PatchEvolution/tcpdump/CVE-2017-12985-e2982e7f6f0b-tcpdump
NotImplementedError Ijk_Ret
Result for ip6_print:vuln , truth is patch
Result for mobility_print:vuln , truth is patch
------------------------------------------
Detecing CVE:CVE-2017-12985
Detection for: /data/zhangxb//binaries/PatchEvolution/tcpdump/CVE-2017-12985-db7a7633e65e-tcpdump
Result for ip6_print:vuln , truth is patch
fail to determine
Result for mobility_print:None , truth is patch
------------------------------------------
Detecing CVE:CVE-2017-12985
Detection for: /data/zhangxb//binaries/PatchEvolution/tcpdump/CVE-2017-12985-ca71c847281b-tcpdump
Result for ip6_print:vuln , truth is patch
fail to determine
Result for mobility_print:None , truth is patch
------------------------------------------
Detecing CVE:CVE-2017-12987
Detection for: /data/zhangxb//binaries/PatchEvolution/tcpdump/CVE-2017-12987-ee68aa36460d-tcpdump
Result for parse_elements:vuln , truth is patch
------------------------------------------
Detecing CVE:CVE-2017-12987
Detection for: /data/zhangxb//binaries/PatchEvolution/tcpdump/CVE-2017-12987-cb9b66505924-tcpdump
Result for parse_elements:vuln , truth is patch
------------------------------------------
Detecing CVE:CVE-2017-12987
Detection for: /data/zhangxb//binaries/PatchEvolution/tcpdump/CVE-2017-12987-e2982e7f6f0b-tcpdump
Result for parse_elements:vuln , truth is patch
------------------------------------------
Detecing CVE:CVE-2017-12987
Detection for: /data/zhangxb//binaries/PatchEvolution/tcpdump/CVE-2017-12987-39c8c55aa9ff-tcpdump
Result for parse_elements:vuln , truth is patch
------------------------------------------
Detecing CVE:CVE-2017-12988
Detection for: /data/zhangxb//binaries/PatchEvolution/tcpdump/CVE-2017-12988-e2982e7f6f0b-tcpdump
Result for telnet_parse:patch , truth is patch
------------------------------------------
Detecing CVE:CVE-2017-12988
Detection for: /data/zhangxb//binaries/PatchEvolution/tcpdump/CVE-2017-12988-ba8936b39b0c-tcpdump
Result for telnet_parse:vuln , truth is patch
------------------------------------------
Detecing CVE:CVE-2017-12988
Detection for: /data/zhangxb//binaries/PatchEvolution/tcpdump/CVE-2017-12988-abc8c2d61c65-tcpdump
Result for telnet_parse:vuln , truth is patch
------------------------------------------
Detecing CVE:CVE-2017-12988
Detection for: /data/zhangxb//binaries/PatchEvolution/tcpdump/CVE-2017-12988-56d8c43b671a-tcpdump
Result for telnet_parse:patch , truth is patch
------------------------------------------
Detecing CVE:CVE-2017-12989
Detection for: /data/zhangxb//binaries/PatchEvolution/tcpdump/CVE-2017-12989-29517faf6cf8-tcpdump
fail to determine
Result for resp_get_length:None , truth is patch
------------------------------------------
Detecing CVE:CVE-2017-12989
Detection for: /data/zhangxb//binaries/PatchEvolution/tcpdump/CVE-2017-12989-ee68aa36460d-tcpdump
fail to determine
Result for resp_get_length:None , truth is patch
------------------------------------------
Detecing CVE:CVE-2017-12989
Detection for: /data/zhangxb//binaries/PatchEvolution/tcpdump/CVE-2017-12989-03a2d9c4c1e3-tcpdump
fail to determine
Result for resp_get_length:None , truth is patch
------------------------------------------
Detecing CVE:CVE-2017-12989
Detection for: /data/zhangxb//binaries/PatchEvolution/tcpdump/CVE-2017-12989-abc8c2d61c65-tcpdump
fail to determine
Result for resp_get_length:None , truth is patch
------------------------------------------
Detecing CVE:CVE-2017-12990
Detection for: /data/zhangxb//binaries/PatchEvolution/tcpdump/CVE-2017-12990-d526e47658b6-tcpdump
fail to determine
Result for ikev1_nonce_print:None , truth is patch
Result for ikev1_n_print:patch , truth is patch
Result for ikev2_auth_print:patch , truth is patch
fail to determine
Result for ikev2_n_print:None , truth is patch
------------------------------------------
Detecing CVE:CVE-2017-12990
Detection for: /data/zhangxb//binaries/PatchEvolution/tcpdump/CVE-2017-12990-e9b059b7a948-tcpdump
fail to determine
Result for ikev1_nonce_print:None , truth is patch
Result for ikev1_n_print:patch , truth is patch
Result for ikev2_auth_print:patch , truth is patch
fail to determine
Result for ikev2_n_print:None , truth is patch
------------------------------------------
Detecing CVE:CVE-2017-12990
Detection for: /data/zhangxb//binaries/PatchEvolution/tcpdump/CVE-2017-12990-794a259a335c-tcpdump
fail to determine
Result for ikev1_nonce_print:None , truth is patch
Result for ikev1_n_print:patch , truth is patch
Result for ikev2_auth_print:patch , truth is patch
fail to determine
Result for ikev2_n_print:None , truth is patch
------------------------------------------
Detecing CVE:CVE-2017-12990
Detection for: /data/zhangxb//binaries/PatchEvolution/tcpdump/CVE-2017-12990-e2982e7f6f0b-tcpdump
fail to determine
Result for ikev1_nonce_print:None , truth is patch
Result for ikev1_n_print:patch , truth is patch
Result for ikev2_auth_print:patch , truth is patch
fail to determine
Result for ikev2_n_print:None , truth is patch
------------------------------------------
Detecing CVE:CVE-2017-12991
Detection for: /data/zhangxb//binaries/PatchEvolution/tcpdump/CVE-2017-12991-24df77f09e26-tcpdump
NotImplementedError Ijk_Ret
Result for bgp_attr_print:vuln , truth is patch
------------------------------------------
Detecing CVE:CVE-2017-12991
Detection for: /data/zhangxb//binaries/PatchEvolution/tcpdump/CVE-2017-12991-f9c2c905b118-tcpdump
NotImplementedError Ijk_Ret
Result for bgp_attr_print:vuln , truth is patch
------------------------------------------
Detecing CVE:CVE-2017-12991
Detection for: /data/zhangxb//binaries/PatchEvolution/tcpdump/CVE-2017-12991-756d0a1356a4-tcpdump
NotImplementedError Ijk_Ret
Result for bgp_attr_print:vuln , truth is patch
------------------------------------------
Detecing CVE:CVE-2017-12991
Detection for: /data/zhangxb//binaries/PatchEvolution/tcpdump/CVE-2017-12991-e2982e7f6f0b-tcpdump
NotImplementedError Ijk_Ret
Result for bgp_attr_print:patch , truth is patch
------------------------------------------
Detecing CVE:CVE-2017-12992
Detection for: /data/zhangxb//binaries/PatchEvolution/tcpdump/CVE-2017-12992-ff2bbd6ffe2b-tcpdump
Result for ripng_print:patch , truth is patch
------------------------------------------
Detecing CVE:CVE-2017-12992
Detection for: /data/zhangxb//binaries/PatchEvolution/tcpdump/CVE-2017-12992-57b0a999a9fa-tcpdump
Result for ripng_print:patch , truth is patch
------------------------------------------
Detecing CVE:CVE-2017-12992
Detection for: /data/zhangxb//binaries/PatchEvolution/tcpdump/CVE-2017-12992-59d37c7ec5a7-tcpdump
Result for ripng_print:patch , truth is patch
------------------------------------------
Detecing CVE:CVE-2017-12992
Detection for: /data/zhangxb//binaries/PatchEvolution/tcpdump/CVE-2017-12992-efc775d05163-tcpdump
Result for ripng_print:patch , truth is patch
------------------------------------------
Detecing CVE:CVE-2017-12993
Detection for: /data/zhangxb//binaries/PatchEvolution/tcpdump/CVE-2017-12993-e2982e7f6f0b-tcpdump
Result for juniper_ggsn_print:None , truth is patch
Result for juniper_es_print:None , truth is patch
Result for juniper_monitor_print:None , truth is patch
Result for juniper_services_print:None , truth is patch
Result for juniper_pppoe_atm_print:None , truth is patch
Result for juniper_atm1_print:None , truth is patch
Result for juniper_atm2_print:None , truth is patch
Result for juniper_parse_header:vuln , truth is patch
------------------------------------------
Detecing CVE:CVE-2017-12993
Detection for: /data/zhangxb//binaries/PatchEvolution/tcpdump/CVE-2017-12993-21b12733b62c-tcpdump
Result for juniper_ggsn_print:None , truth is patch
Result for juniper_es_print:None , truth is patch
Result for juniper_monitor_print:None , truth is patch
Result for juniper_services_print:None , truth is patch
Result for juniper_pppoe_atm_print:None , truth is patch
Result for juniper_atm1_print:None , truth is patch
Result for juniper_atm2_print:None , truth is patch
Result for juniper_parse_header:vuln , truth is patch
------------------------------------------
Detecing CVE:CVE-2017-12993
Detection for: /data/zhangxb//binaries/PatchEvolution/tcpdump/CVE-2017-12993-3712d818767d-tcpdump
Result for juniper_ggsn_print:None , truth is patch
Result for juniper_es_print:None , truth is patch
Result for juniper_monitor_print:None , truth is patch
Result for juniper_services_print:None , truth is patch
Result for juniper_pppoe_atm_print:None , truth is patch
Result for juniper_atm1_print:None , truth is patch
Result for juniper_atm2_print:None , truth is patch
Result for juniper_parse_header:vuln , truth is patch
------------------------------------------
Detecing CVE:CVE-2017-12993
Detection for: /data/zhangxb//binaries/PatchEvolution/tcpdump/CVE-2017-12993-61c422a88cae-tcpdump
Result for juniper_ggsn_print:None , truth is patch
Result for juniper_es_print:None , truth is patch
Result for juniper_monitor_print:None , truth is patch
Result for juniper_services_print:None , truth is patch
Result for juniper_pppoe_atm_print:None , truth is patch
Result for juniper_atm1_print:None , truth is patch
Result for juniper_atm2_print:None , truth is patch
Result for juniper_parse_header:vuln , truth is patch
------------------------------------------
Detecing CVE:CVE-2017-12994
Detection for: /data/zhangxb//binaries/PatchEvolution/tcpdump/CVE-2017-12994-abc8c2d61c65-tcpdump
NotImplementedError Ijk_Ret
Result for bgp_attr_print:patch , truth is patch
------------------------------------------
Detecing CVE:CVE-2017-12994
Detection for: /data/zhangxb//binaries/PatchEvolution/tcpdump/CVE-2017-12994-577621026df8-tcpdump
NotImplementedError Ijk_Ret
Result for bgp_attr_print:patch , truth is patch
------------------------------------------
Detecing CVE:CVE-2017-12994
Detection for: /data/zhangxb//binaries/PatchEvolution/tcpdump/CVE-2017-12994-c376b499aed0-tcpdump
NotImplementedError Ijk_Ret
Result for bgp_attr_print:patch , truth is patch
------------------------------------------
Detecing CVE:CVE-2017-12994
Detection for: /data/zhangxb//binaries/PatchEvolution/tcpdump/CVE-2017-12994-e2982e7f6f0b-tcpdump
NotImplementedError Ijk_Ret
Result for bgp_attr_print:vuln , truth is patch
------------------------------------------
Detecing CVE:CVE-2017-12995
Detection for: /data/zhangxb//binaries/PatchEvolution/tcpdump/CVE-2017-12995-6bb25b4b4c84-tcpdump
no function dict_keys(['ns_nprint']) in target
------------------------------------------
Detecing CVE:CVE-2017-12995
Detection for: /data/zhangxb//binaries/PatchEvolution/tcpdump/CVE-2017-12995-3e3e6d2ef4c1-tcpdump
fail to determine
Result for ns_nprint:None , truth is patch
------------------------------------------
Detecing CVE:CVE-2017-12995
Detection for: /data/zhangxb//binaries/PatchEvolution/tcpdump/CVE-2017-12995-f853e73acf39-tcpdump
no function dict_keys(['ns_nprint']) in target
------------------------------------------
Detecing CVE:CVE-2017-12995
Detection for: /data/zhangxb//binaries/PatchEvolution/tcpdump/CVE-2017-12995-e2877011a1fc-tcpdump
no function dict_keys(['ns_nprint']) in target
------------------------------------------
Detecing CVE:CVE-2017-12996
Detection for: /data/zhangxb//binaries/PatchEvolution/tcpdump/CVE-2017-12996-f68c3e3ec011-tcpdump
Result for pimv2_print:vuln , truth is patch
------------------------------------------
Detecing CVE:CVE-2017-12996
Detection for: /data/zhangxb//binaries/PatchEvolution/tcpdump/CVE-2017-12996-e2982e7f6f0b-tcpdump
Result for pimv2_print:vuln , truth is patch
------------------------------------------
Detecing CVE:CVE-2017-12996
Detection for: /data/zhangxb//binaries/PatchEvolution/tcpdump/CVE-2017-12996-034c2fc03a6b-tcpdump
Result for pimv2_print:vuln , truth is patch
------------------------------------------
Detecing CVE:CVE-2017-12996
Detection for: /data/zhangxb//binaries/PatchEvolution/tcpdump/CVE-2017-12996-577621026df8-tcpdump
Result for pimv2_print:vuln , truth is patch
------------------------------------------
Detecing CVE:CVE-2017-12997
Detection for: /data/zhangxb//binaries/PatchEvolution/tcpdump/CVE-2017-12997-da20bc56d610-tcpdump
Result for lldp_private_8021_print:patch , truth is patch
------------------------------------------
Detecing CVE:CVE-2017-12997
Detection for: /data/zhangxb//binaries/PatchEvolution/tcpdump/CVE-2017-12997-dc36fbcfb329-tcpdump
fail to determine
Result for lldp_private_8021_print:None , truth is patch
------------------------------------------
Detecing CVE:CVE-2017-12997
Detection for: /data/zhangxb//binaries/PatchEvolution/tcpdump/CVE-2017-12997-e2982e7f6f0b-tcpdump
Result for lldp_private_8021_print:patch , truth is patch
------------------------------------------
Detecing CVE:CVE-2017-12997
Detection for: /data/zhangxb//binaries/PatchEvolution/tcpdump/CVE-2017-12997-577621026df8-tcpdump
Result for lldp_private_8021_print:patch , truth is patch
------------------------------------------
Detecing CVE:CVE-2017-12998
Detection for: /data/zhangxb//binaries/PatchEvolution/tcpdump/CVE-2017-12998-1ed63b5d0630-tcpdump
fail to determine
Result for isis_print_extd_ip_reach:None , truth is patch
------------------------------------------
Detecing CVE:CVE-2017-12998
Detection for: /data/zhangxb//binaries/PatchEvolution/tcpdump/CVE-2017-12998-abc8c2d61c65-tcpdump
fail to determine
Result for isis_print_extd_ip_reach:None , truth is patch
------------------------------------------
Detecing CVE:CVE-2017-12998
Detection for: /data/zhangxb//binaries/PatchEvolution/tcpdump/CVE-2017-12998-e2982e7f6f0b-tcpdump
fail to determine
Result for isis_print_extd_ip_reach:None , truth is patch
------------------------------------------
Detecing CVE:CVE-2017-12998
Detection for: /data/zhangxb//binaries/PatchEvolution/tcpdump/CVE-2017-12998-3db38df8ed9d-tcpdump
fail to determine
Result for isis_print_extd_ip_reach:None , truth is patch
------------------------------------------
Detecing CVE:CVE-2017-12999
Detection for: /data/zhangxb//binaries/PatchEvolution/tcpdump/CVE-2017-12999-77a49fcb6ee8-tcpdump
Result for isis_print:vuln , truth is patch
------------------------------------------
Detecing CVE:CVE-2017-12999
Detection for: /data/zhangxb//binaries/PatchEvolution/tcpdump/CVE-2017-12999-6e15ad4b9938-tcpdump
Result for isis_print:vuln , truth is patch
------------------------------------------
Detecing CVE:CVE-2017-12999
Detection for: /data/zhangxb//binaries/PatchEvolution/tcpdump/CVE-2017-12999-3e3e6d2ef4c1-tcpdump
Result for isis_print:vuln , truth is patch
------------------------------------------
Detecing CVE:CVE-2017-12999
Detection for: /data/zhangxb//binaries/PatchEvolution/tcpdump/CVE-2017-12999-b09710dfcdd5-tcpdump
Result for isis_print:vuln , truth is patch
------------------------------------------
Detecing CVE:CVE-2017-13000
Detection for: /data/zhangxb//binaries/PatchEvolution/tcpdump/CVE-2017-13000-10dd76aef1d2-tcpdump
fail to determine
Result for ieee802_15_4_if_print:None , truth is patch
------------------------------------------
Detecing CVE:CVE-2017-13000
Detection for: /data/zhangxb//binaries/PatchEvolution/tcpdump/CVE-2017-13000-e2982e7f6f0b-tcpdump
Result for ieee802_15_4_if_print:patch , truth is patch
------------------------------------------
Detecing CVE:CVE-2017-13000
Detection for: /data/zhangxb//binaries/PatchEvolution/tcpdump/CVE-2017-13000-851273488322-tcpdump
Result for ieee802_15_4_if_print:patch , truth is patch
------------------------------------------
Detecing CVE:CVE-2017-13002
Detection for: /data/zhangxb//binaries/PatchEvolution/tcpdump/CVE-2017-13002-8186bd1a7693-tcpdump
Result for aodv_extension:patch , truth is patch
------------------------------------------
Detecing CVE:CVE-2017-13002
Detection for: /data/zhangxb//binaries/PatchEvolution/tcpdump/CVE-2017-13002-ef5323efe6c0-tcpdump
Result for aodv_extension:vuln , truth is patch
------------------------------------------
Detecing CVE:CVE-2017-13002
Detection for: /data/zhangxb//binaries/PatchEvolution/tcpdump/CVE-2017-13002-e2982e7f6f0b-tcpdump
Result for aodv_extension:patch , truth is patch
------------------------------------------
Detecing CVE:CVE-2017-13002
Detection for: /data/zhangxb//binaries/PatchEvolution/tcpdump/CVE-2017-13002-d526e47658b6-tcpdump
Result for aodv_extension:patch , truth is patch
------------------------------------------
Detecing CVE:CVE-2017-13003
Detection for: /data/zhangxb//binaries/PatchEvolution/tcpdump/CVE-2017-13003-577621026df8-tcpdump
Result for lmp_print:patch , truth is patch
------------------------------------------
Detecing CVE:CVE-2017-13003
Detection for: /data/zhangxb//binaries/PatchEvolution/tcpdump/CVE-2017-13003-84ef17ac0eec-tcpdump
Result for lmp_print:patch , truth is patch
------------------------------------------
Detecing CVE:CVE-2017-13003
Detection for: /data/zhangxb//binaries/PatchEvolution/tcpdump/CVE-2017-13003-e2982e7f6f0b-tcpdump
Result for lmp_print:patch , truth is patch
------------------------------------------
Detecing CVE:CVE-2017-13003
Detection for: /data/zhangxb//binaries/PatchEvolution/tcpdump/CVE-2017-13003-46efa1bc471e-tcpdump
Result for lmp_print:patch , truth is patch
------------------------------------------
Detecing CVE:CVE-2017-13004
Detection for: /data/zhangxb//binaries/PatchEvolution/tcpdump/CVE-2017-13004-480af1cdceda-tcpdump
Result for juniper_parse_header:vuln , truth is patch
------------------------------------------
Detecing CVE:CVE-2017-13004
Detection for: /data/zhangxb//binaries/PatchEvolution/tcpdump/CVE-2017-13004-e2982e7f6f0b-tcpdump
Result for juniper_parse_header:vuln , truth is patch
------------------------------------------
Detecing CVE:CVE-2017-13004
Detection for: /data/zhangxb//binaries/PatchEvolution/tcpdump/CVE-2017-13004-3712d818767d-tcpdump
Result for juniper_parse_header:vuln , truth is patch
------------------------------------------
Detecing CVE:CVE-2017-13004
Detection for: /data/zhangxb//binaries/PatchEvolution/tcpdump/CVE-2017-13004-57be4eb7ed49-tcpdump
Result for juniper_parse_header:vuln , truth is patch
------------------------------------------
Detecing CVE:CVE-2017-13005
Detection for: /data/zhangxb//binaries/PatchEvolution/tcpdump/CVE-2017-13005-577621026df8-tcpdump
Result for xid_map_enter:vuln , truth is patch
------------------------------------------
Detecing CVE:CVE-2017-13005
Detection for: /data/zhangxb//binaries/PatchEvolution/tcpdump/CVE-2017-13005-224629731a82-tcpdump
Result for xid_map_enter:vuln , truth is patch
------------------------------------------
Detecing CVE:CVE-2017-13005
Detection for: /data/zhangxb//binaries/PatchEvolution/tcpdump/CVE-2017-13005-da20bc56d610-tcpdump
Result for xid_map_enter:vuln , truth is patch
------------------------------------------
Detecing CVE:CVE-2017-13005
Detection for: /data/zhangxb//binaries/PatchEvolution/tcpdump/CVE-2017-13005-0ee15606e2bd-tcpdump
Result for xid_map_enter:vuln , truth is patch
------------------------------------------
Detecing CVE:CVE-2017-13006
CVE-2017-13006 has no sigs, skip
------------------------------------------
Detecing CVE:CVE-2017-13006
CVE-2017-13006 has no sigs, skip
------------------------------------------
Detecing CVE:CVE-2017-13006
CVE-2017-13006 has no sigs, skip
------------------------------------------
Detecing CVE:CVE-2017-13006
CVE-2017-13006 has no sigs, skip
------------------------------------------
Detecing CVE:CVE-2017-13009
Detection for: /data/zhangxb//binaries/PatchEvolution/tcpdump/CVE-2017-13009-f68c3e3ec011-tcpdump
Result for mobility_print:patch , truth is patch
------------------------------------------
Detecing CVE:CVE-2017-13009
Detection for: /data/zhangxb//binaries/PatchEvolution/tcpdump/CVE-2017-13009-e2982e7f6f0b-tcpdump
Result for mobility_print:patch , truth is patch
------------------------------------------
Detecing CVE:CVE-2017-13009
Detection for: /data/zhangxb//binaries/PatchEvolution/tcpdump/CVE-2017-13009-39c8c55aa9ff-tcpdump
Result for mobility_print:patch , truth is patch
------------------------------------------
Detecing CVE:CVE-2017-13009
Detection for: /data/zhangxb//binaries/PatchEvolution/tcpdump/CVE-2017-13009-306c2a0384af-tcpdump
Result for mobility_print:patch , truth is patch
------------------------------------------
Detecing CVE:CVE-2017-13011
Detection for: /data/zhangxb//binaries/PatchEvolution/tcpdump/CVE-2017-13011-857656d29151-tcpdump
Result for bittok2str_internal:patch , truth is patch
------------------------------------------
Detecing CVE:CVE-2017-13011
Detection for: /data/zhangxb//binaries/PatchEvolution/tcpdump/CVE-2017-13011-63610e417b2d-tcpdump
Result for bittok2str_internal:patch , truth is patch
------------------------------------------
Detecing CVE:CVE-2017-13012
Detection for: /data/zhangxb//binaries/PatchEvolution/tcpdump/CVE-2017-13012-e2982e7f6f0b-tcpdump
Result for icmp_print:patch , truth is patch
------------------------------------------
Detecing CVE:CVE-2017-13012
Detection for: /data/zhangxb//binaries/PatchEvolution/tcpdump/CVE-2017-13012-1ed63b5d0630-tcpdump
Result for icmp_print:vuln , truth is patch
------------------------------------------
Detecing CVE:CVE-2017-13012
Detection for: /data/zhangxb//binaries/PatchEvolution/tcpdump/CVE-2017-13012-7a5c4fb61005-tcpdump
Result for icmp_print:vuln , truth is patch
------------------------------------------
Detecing CVE:CVE-2017-13012
Detection for: /data/zhangxb//binaries/PatchEvolution/tcpdump/CVE-2017-13012-6d3b0e4599c5-tcpdump
Result for icmp_print:vuln , truth is patch
------------------------------------------
Detecing CVE:CVE-2017-13013
Detection for: /data/zhangxb//binaries/PatchEvolution/tcpdump/CVE-2017-13013-e2982e7f6f0b-tcpdump
Result for atmarp_print:vuln , truth is patch
Result for arp_print:vuln , truth is patch
------------------------------------------
Detecing CVE:CVE-2017-13013
Detection for: /data/zhangxb//binaries/PatchEvolution/tcpdump/CVE-2017-13013-1af20c3adc4d-tcpdump
Result for atmarp_print:vuln , truth is patch
Result for arp_print:vuln , truth is patch
------------------------------------------
Detecing CVE:CVE-2017-13013
Detection for: /data/zhangxb//binaries/PatchEvolution/tcpdump/CVE-2017-13013-306c2a0384af-tcpdump
Result for atmarp_print:vuln , truth is patch
fail to determine
Result for arp_print:None , truth is patch
------------------------------------------
Detecing CVE:CVE-2017-13013
Detection for: /data/zhangxb//binaries/PatchEvolution/tcpdump/CVE-2017-13013-84ef17ac0eec-tcpdump
Result for atmarp_print:vuln , truth is patch
Result for arp_print:vuln , truth is patch
------------------------------------------
Detecing CVE:CVE-2017-13014
Detection for: /data/zhangxb//binaries/PatchEvolution/tcpdump/CVE-2017-13014-d526e47658b6-tcpdump
Result for wb_prep:patch , truth is patch
Result for wb_print:patch , truth is patch
------------------------------------------
Detecing CVE:CVE-2017-13014
Detection for: /data/zhangxb//binaries/PatchEvolution/tcpdump/CVE-2017-13014-e2982e7f6f0b-tcpdump
Result for wb_prep:patch , truth is patch
Result for wb_print:patch , truth is patch
------------------------------------------
Detecing CVE:CVE-2017-13014
Detection for: /data/zhangxb//binaries/PatchEvolution/tcpdump/CVE-2017-13014-0dad1934af3d-tcpdump
Result for wb_prep:patch , truth is patch
Result for wb_print:patch , truth is patch
------------------------------------------
Detecing CVE:CVE-2017-13014
Detection for: /data/zhangxb//binaries/PatchEvolution/tcpdump/CVE-2017-13014-306c2a0384af-tcpdump
Result for wb_prep:vuln , truth is patch
Result for wb_print:patch , truth is patch
------------------------------------------
Detecing CVE:CVE-2017-13015
Detection for: /data/zhangxb//binaries/PatchEvolution/tcpdump/CVE-2017-13015-61d5da84a02a-tcpdump
Result for eap_print:vuln , truth is patch
------------------------------------------
Detecing CVE:CVE-2017-13015
Detection for: /data/zhangxb//binaries/PatchEvolution/tcpdump/CVE-2017-13015-e10fe19f4578-tcpdump
Result for eap_print:patch , truth is patch
------------------------------------------
Detecing CVE:CVE-2017-13015
Detection for: /data/zhangxb//binaries/PatchEvolution/tcpdump/CVE-2017-13015-e2982e7f6f0b-tcpdump
Result for eap_print:patch , truth is patch
------------------------------------------
Detecing CVE:CVE-2017-13015
Detection for: /data/zhangxb//binaries/PatchEvolution/tcpdump/CVE-2017-13015-5cea2703185c-tcpdump
Result for eap_print:patch , truth is patch
------------------------------------------
Detecing CVE:CVE-2017-13016
Detection for: /data/zhangxb//binaries/PatchEvolution/tcpdump/CVE-2017-13016-228f225ca02d-tcpdump
Result for esis_print:patch , truth is patch
------------------------------------------
Detecing CVE:CVE-2017-13016
Detection for: /data/zhangxb//binaries/PatchEvolution/tcpdump/CVE-2017-13016-306c2a0384af-tcpdump
Result for esis_print:patch , truth is patch
------------------------------------------
Detecing CVE:CVE-2017-13016
Detection for: /data/zhangxb//binaries/PatchEvolution/tcpdump/CVE-2017-13016-1dbc62cb8386-tcpdump
Result for esis_print:patch , truth is patch
------------------------------------------
Detecing CVE:CVE-2017-13016
Detection for: /data/zhangxb//binaries/PatchEvolution/tcpdump/CVE-2017-13016-e2982e7f6f0b-tcpdump
Result for esis_print:patch , truth is patch
------------------------------------------
Detecing CVE:CVE-2017-13017
Detection for: /data/zhangxb//binaries/PatchEvolution/tcpdump/CVE-2017-13017-ee68aa36460d-tcpdump
NotImplementedError Ijk_Ret
NotImplementedError Ijk_Ret
NotImplementedError Ijk_Ret
NotImplementedError Ijk_Ret
NotImplementedError Ijk_Ret
NotImplementedError Ijk_Ret
NotImplementedError Ijk_Ret
NotImplementedError Ijk_Ret
NotImplementedError Ijk_Ret
NotImplementedError Ijk_Ret
NotImplementedError Ijk_Ret
NotImplementedError Ijk_Ret
NotImplementedError Ijk_Ret
NotImplementedError Ijk_Ret
NotImplementedError Ijk_Ret
NotImplementedError Ijk_Ret
NotImplementedError Ijk_Ret
NotImplementedError Ijk_Ret
NotImplementedError Ijk_Ret
NotImplementedError Ijk_Ret
NotImplementedError Ijk_Ret
NotImplementedError Ijk_Ret
NotImplementedError Ijk_Ret
NotImplementedError Ijk_Ret
NotImplementedError Ijk_Ret
NotImplementedError Ijk_Ret
NotImplementedError Ijk_Ret
NotImplementedError Ijk_Ret
NotImplementedError Ijk_Ret
NotImplementedError Ijk_Ret
NotImplementedError Ijk_Ret
NotImplementedError Ijk_Ret
NotImplementedError Ijk_Ret
NotImplementedError Ijk_Ret
NotImplementedError Ijk_Ret
NotImplementedError Ijk_Ret
NotImplementedError Ijk_Ret
NotImplementedError Ijk_Ret
NotImplementedError Ijk_Ret
NotImplementedError Ijk_Ret
NotImplementedError Ijk_Ret
NotImplementedError Ijk_Ret
NotImplementedError Ijk_Ret
NotImplementedError Ijk_Ret
NotImplementedError Ijk_Ret
NotImplementedError Ijk_Ret
NotImplementedError Ijk_Ret
NotImplementedError Ijk_Ret
Result for dhcp6opt_print:vuln , truth is patch
------------------------------------------
Detecing CVE:CVE-2017-13017
Detection for: /data/zhangxb//binaries/PatchEvolution/tcpdump/CVE-2017-13017-3e3e6d2ef4c1-tcpdump
NotImplementedError Ijk_Ret
NotImplementedError Ijk_Ret
NotImplementedError Ijk_Ret
NotImplementedError Ijk_Ret
NotImplementedError Ijk_Ret
NotImplementedError Ijk_Ret
NotImplementedError Ijk_Ret
NotImplementedError Ijk_Ret
NotImplementedError Ijk_Ret
NotImplementedError Ijk_Ret
NotImplementedError Ijk_Ret
NotImplementedError Ijk_Ret
NotImplementedError Ijk_Ret
NotImplementedError Ijk_Ret
NotImplementedError Ijk_Ret
NotImplementedError Ijk_Ret
NotImplementedError Ijk_Ret
NotImplementedError Ijk_Ret
Result for dhcp6opt_print:vuln , truth is patch
------------------------------------------
Detecing CVE:CVE-2017-13017
Detection for: /data/zhangxb//binaries/PatchEvolution/tcpdump/CVE-2017-13017-40ae3ad744d9-tcpdump
NotImplementedError Ijk_Ret
NotImplementedError Ijk_Ret
NotImplementedError Ijk_Ret
NotImplementedError Ijk_Ret
NotImplementedError Ijk_Ret
NotImplementedError Ijk_Ret
NotImplementedError Ijk_Ret
NotImplementedError Ijk_Ret
NotImplementedError Ijk_Ret
NotImplementedError Ijk_Ret
NotImplementedError Ijk_Ret
NotImplementedError Ijk_Ret
NotImplementedError Ijk_Ret
NotImplementedError Ijk_Ret
NotImplementedError Ijk_Ret
NotImplementedError Ijk_Ret
NotImplementedError Ijk_Ret
NotImplementedError Ijk_Ret
NotImplementedError Ijk_Ret
NotImplementedError Ijk_Ret
NotImplementedError Ijk_Ret
NotImplementedError Ijk_Ret
NotImplementedError Ijk_Ret
NotImplementedError Ijk_Ret
NotImplementedError Ijk_Ret
NotImplementedError Ijk_Ret
NotImplementedError Ijk_Ret
NotImplementedError Ijk_Ret
NotImplementedError Ijk_Ret
NotImplementedError Ijk_Ret
NotImplementedError Ijk_Ret
NotImplementedError Ijk_Ret
NotImplementedError Ijk_Ret
NotImplementedError Ijk_Ret
NotImplementedError Ijk_Ret
NotImplementedError Ijk_Ret
NotImplementedError Ijk_Ret
NotImplementedError Ijk_Ret
NotImplementedError Ijk_Ret
NotImplementedError Ijk_Ret
NotImplementedError Ijk_Ret
NotImplementedError Ijk_Ret
NotImplementedError Ijk_Ret
NotImplementedError Ijk_Ret
NotImplementedError Ijk_Ret
NotImplementedError Ijk_Ret
NotImplementedError Ijk_Ret
NotImplementedError Ijk_Ret
Result for dhcp6opt_print:vuln , truth is patch
------------------------------------------
Detecing CVE:CVE-2017-13017
Detection for: /data/zhangxb//binaries/PatchEvolution/tcpdump/CVE-2017-13017-f6a0369dfc99-tcpdump
NotImplementedError Ijk_Ret
NotImplementedError Ijk_Ret
NotImplementedError Ijk_Ret
NotImplementedError Ijk_Ret
NotImplementedError Ijk_Ret
NotImplementedError Ijk_Ret
NotImplementedError Ijk_Ret
NotImplementedError Ijk_Ret
NotImplementedError Ijk_Ret
NotImplementedError Ijk_Ret
NotImplementedError Ijk_Ret
NotImplementedError Ijk_Ret
NotImplementedError Ijk_Ret
NotImplementedError Ijk_Ret
NotImplementedError Ijk_Ret
NotImplementedError Ijk_Ret
NotImplementedError Ijk_Ret
NotImplementedError Ijk_Ret
NotImplementedError Ijk_Ret
NotImplementedError Ijk_Ret
NotImplementedError Ijk_Ret
NotImplementedError Ijk_Ret
NotImplementedError Ijk_Ret
NotImplementedError Ijk_Ret
NotImplementedError Ijk_Ret
NotImplementedError Ijk_Ret
NotImplementedError Ijk_Ret
NotImplementedError Ijk_Ret
NotImplementedError Ijk_Ret
NotImplementedError Ijk_Ret
NotImplementedError Ijk_Ret
NotImplementedError Ijk_Ret
NotImplementedError Ijk_Ret
NotImplementedError Ijk_Ret
NotImplementedError Ijk_Ret
NotImplementedError Ijk_Ret
NotImplementedError Ijk_Ret
NotImplementedError Ijk_Ret
NotImplementedError Ijk_Ret
NotImplementedError Ijk_Ret
NotImplementedError Ijk_Ret
NotImplementedError Ijk_Ret
NotImplementedError Ijk_Ret
NotImplementedError Ijk_Ret
NotImplementedError Ijk_Ret
NotImplementedError Ijk_Ret
NotImplementedError Ijk_Ret
NotImplementedError Ijk_Ret
Result for dhcp6opt_print:vuln , truth is patch
------------------------------------------
Detecing CVE:CVE-2017-13018
Detection for: /data/zhangxb//binaries/PatchEvolution/tcpdump/CVE-2017-13018-57caa8d3383f-tcpdump
Result for pgm_print:vuln , truth is patch
------------------------------------------
Detecing CVE:CVE-2017-13018
Detection for: /data/zhangxb//binaries/PatchEvolution/tcpdump/CVE-2017-13018-a95802aa0d87-tcpdump
Result for pgm_print:patch , truth is patch
------------------------------------------
Detecing CVE:CVE-2017-13018
Detection for: /data/zhangxb//binaries/PatchEvolution/tcpdump/CVE-2017-13018-51e180c4fb05-tcpdump
Result for pgm_print:vuln , truth is patch
------------------------------------------
Detecing CVE:CVE-2017-13018
Detection for: /data/zhangxb//binaries/PatchEvolution/tcpdump/CVE-2017-13018-e2982e7f6f0b-tcpdump
Result for pgm_print:patch , truth is patch
------------------------------------------
Detecing CVE:CVE-2017-13019
Detection for: /data/zhangxb//binaries/PatchEvolution/tcpdump/CVE-2017-13019-e2982e7f6f0b-tcpdump
Result for pgm_print:patch , truth is patch
------------------------------------------
Detecing CVE:CVE-2017-13019
Detection for: /data/zhangxb//binaries/PatchEvolution/tcpdump/CVE-2017-13019-51e180c4fb05-tcpdump
Result for pgm_print:vuln , truth is patch
------------------------------------------
Detecing CVE:CVE-2017-13019
Detection for: /data/zhangxb//binaries/PatchEvolution/tcpdump/CVE-2017-13019-a95802aa0d87-tcpdump
Result for pgm_print:patch , truth is patch
------------------------------------------
Detecing CVE:CVE-2017-13019
Detection for: /data/zhangxb//binaries/PatchEvolution/tcpdump/CVE-2017-13019-57caa8d3383f-tcpdump
Result for pgm_print:vuln , truth is patch
------------------------------------------
Detecing CVE:CVE-2017-13020
Detection for: /data/zhangxb//binaries/PatchEvolution/tcpdump/CVE-2017-13020-abc8c2d61c65-tcpdump
Result for vtp_print:vuln , truth is patch
------------------------------------------
Detecing CVE:CVE-2017-13020
Detection for: /data/zhangxb//binaries/PatchEvolution/tcpdump/CVE-2017-13020-3e3e6d2ef4c1-tcpdump
Result for vtp_print:vuln , truth is patch
------------------------------------------
Detecing CVE:CVE-2017-13020
Detection for: /data/zhangxb//binaries/PatchEvolution/tcpdump/CVE-2017-13020-57ff158eb0b5-tcpdump
Result for vtp_print:vuln , truth is patch
------------------------------------------
Detecing CVE:CVE-2017-13020
Detection for: /data/zhangxb//binaries/PatchEvolution/tcpdump/CVE-2017-13020-40ae3ad744d9-tcpdump
Result for vtp_print:vuln , truth is patch
------------------------------------------
Detecing CVE:CVE-2017-13021
Detection for: /data/zhangxb//binaries/PatchEvolution/tcpdump/CVE-2017-13021-6e15ad4b9938-tcpdump
Result for icmp6_print:vuln , truth is patch
------------------------------------------
Detecing CVE:CVE-2017-13021
Detection for: /data/zhangxb//binaries/PatchEvolution/tcpdump/CVE-2017-13021-01c04c916b3d-tcpdump
Result for icmp6_print:vuln , truth is patch
------------------------------------------
Detecing CVE:CVE-2017-13021
Detection for: /data/zhangxb//binaries/PatchEvolution/tcpdump/CVE-2017-13021-e2982e7f6f0b-tcpdump
Result for icmp6_print:patch , truth is patch
------------------------------------------
Detecing CVE:CVE-2017-13021
Detection for: /data/zhangxb//binaries/PatchEvolution/tcpdump/CVE-2017-13021-98440166f7d7-tcpdump
Result for icmp6_print:patch , truth is patch
------------------------------------------
Detecing CVE:CVE-2017-13022
Detection for: /data/zhangxb//binaries/PatchEvolution/tcpdump/CVE-2017-13022-39c8c55aa9ff-tcpdump
Result for ip_printroute:patch , truth is patch
Result for ip_optprint:patch , truth is patch
------------------------------------------
Detecing CVE:CVE-2017-13022
Detection for: /data/zhangxb//binaries/PatchEvolution/tcpdump/CVE-2017-13022-00b189d27cd2-tcpdump
Result for ip_printroute:patch , truth is patch
Result for ip_optprint:patch , truth is patch
------------------------------------------
Detecing CVE:CVE-2017-13022
Detection for: /data/zhangxb//binaries/PatchEvolution/tcpdump/CVE-2017-13022-c98ea428912f-tcpdump
Result for ip_printroute:vuln , truth is patch
Result for ip_optprint:patch , truth is patch
------------------------------------------
Detecing CVE:CVE-2017-13022
Detection for: /data/zhangxb//binaries/PatchEvolution/tcpdump/CVE-2017-13022-e2982e7f6f0b-tcpdump
Result for ip_printroute:patch , truth is patch
Result for ip_optprint:patch , truth is patch
------------------------------------------
Detecing CVE:CVE-2017-13023
Detection for: /data/zhangxb//binaries/PatchEvolution/tcpdump/CVE-2017-13023-e2982e7f6f0b-tcpdump
Result for mobility_opt_print:patch , truth is patch
------------------------------------------
Detecing CVE:CVE-2017-13023
Detection for: /data/zhangxb//binaries/PatchEvolution/tcpdump/CVE-2017-13023-1a90fd99d279-tcpdump
Result for mobility_opt_print:patch , truth is patch
------------------------------------------
Detecing CVE:CVE-2017-13023
Detection for: /data/zhangxb//binaries/PatchEvolution/tcpdump/CVE-2017-13023-f68c3e3ec011-tcpdump
Result for mobility_opt_print:patch , truth is patch
------------------------------------------
Detecing CVE:CVE-2017-13023
Detection for: /data/zhangxb//binaries/PatchEvolution/tcpdump/CVE-2017-13023-abc8c2d61c65-tcpdump
Result for mobility_opt_print:vuln , truth is patch
------------------------------------------
Detecing CVE:CVE-2017-13024
Detection for: /data/zhangxb//binaries/PatchEvolution/tcpdump/CVE-2017-13024-abc8c2d61c65-tcpdump
Result for mobility_opt_print:vuln , truth is patch
------------------------------------------
Detecing CVE:CVE-2017-13024
Detection for: /data/zhangxb//binaries/PatchEvolution/tcpdump/CVE-2017-13024-f68c3e3ec011-tcpdump
Result for mobility_opt_print:patch , truth is patch
------------------------------------------
Detecing CVE:CVE-2017-13024
Detection for: /data/zhangxb//binaries/PatchEvolution/tcpdump/CVE-2017-13024-e2982e7f6f0b-tcpdump
Result for mobility_opt_print:patch , truth is patch
------------------------------------------
Detecing CVE:CVE-2017-13024
Detection for: /data/zhangxb//binaries/PatchEvolution/tcpdump/CVE-2017-13024-1a90fd99d279-tcpdump
Result for mobility_opt_print:patch , truth is patch
------------------------------------------
Detecing CVE:CVE-2017-13025
Detection for: /data/zhangxb//binaries/PatchEvolution/tcpdump/CVE-2017-13025-1a90fd99d279-tcpdump
Result for mobility_opt_print:patch , truth is patch
------------------------------------------
Detecing CVE:CVE-2017-13025
Detection for: /data/zhangxb//binaries/PatchEvolution/tcpdump/CVE-2017-13025-abc8c2d61c65-tcpdump
Result for mobility_opt_print:vuln , truth is patch
------------------------------------------
Detecing CVE:CVE-2017-13025
Detection for: /data/zhangxb//binaries/PatchEvolution/tcpdump/CVE-2017-13025-f68c3e3ec011-tcpdump
Result for mobility_opt_print:patch , truth is patch
------------------------------------------
Detecing CVE:CVE-2017-13025
Detection for: /data/zhangxb//binaries/PatchEvolution/tcpdump/CVE-2017-13025-e2982e7f6f0b-tcpdump
Result for mobility_opt_print:patch , truth is patch
------------------------------------------
Detecing CVE:CVE-2017-13026
Detection for: /data/zhangxb//binaries/PatchEvolution/tcpdump/CVE-2017-13026-0fa0692de376-tcpdump
Result for isis_print_mt_port_cap_subtlv:vuln , truth is patch
fail to determine
Result for isis_print_mt_capability_subtlv:None , truth is patch
------------------------------------------
Detecing CVE:CVE-2017-13026
Detection for: /data/zhangxb//binaries/PatchEvolution/tcpdump/CVE-2017-13026-2f6c71013128-tcpdump
Result for isis_print_mt_port_cap_subtlv:patch , truth is patch
Result for isis_print_mt_capability_subtlv:patch , truth is patch
------------------------------------------
Detecing CVE:CVE-2017-13026
Detection for: /data/zhangxb//binaries/PatchEvolution/tcpdump/CVE-2017-13026-51e180c4fb05-tcpdump
Result for isis_print_mt_port_cap_subtlv:vuln , truth is patch
fail to determine
Result for isis_print_mt_capability_subtlv:None , truth is patch
------------------------------------------
Detecing CVE:CVE-2017-13026
Detection for: /data/zhangxb//binaries/PatchEvolution/tcpdump/CVE-2017-13026-e2982e7f6f0b-tcpdump
Result for isis_print_mt_port_cap_subtlv:vuln , truth is patch
Result for isis_print_mt_capability_subtlv:patch , truth is patch
------------------------------------------
Detecing CVE:CVE-2017-13028
Detection for: /data/zhangxb//binaries/PatchEvolution/tcpdump/CVE-2017-13028-2a1c7a3975cd-tcpdump
Result for bootp_print:vuln , truth is patch
------------------------------------------
Detecing CVE:CVE-2017-13028
Detection for: /data/zhangxb//binaries/PatchEvolution/tcpdump/CVE-2017-13028-ea0d29f7436f-tcpdump
Result for bootp_print:vuln , truth is patch
------------------------------------------
Detecing CVE:CVE-2017-13028
Detection for: /data/zhangxb//binaries/PatchEvolution/tcpdump/CVE-2017-13028-306c2a0384af-tcpdump
Result for bootp_print:vuln , truth is patch
------------------------------------------
Detecing CVE:CVE-2017-13028
Detection for: /data/zhangxb//binaries/PatchEvolution/tcpdump/CVE-2017-13028-3e3e6d2ef4c1-tcpdump
Result for bootp_print:vuln , truth is patch
------------------------------------------
Detecing CVE:CVE-2017-13029
Detection for: /data/zhangxb//binaries/PatchEvolution/tcpdump/CVE-2017-13029-84ef17ac0eec-tcpdump
fail to determine
Result for print_lcp_config_options:None , truth is patch
fail to determine
Result for print_ipcp_config_options:None , truth is patch
fail to determine
Result for print_ccp_config_options:None , truth is patch
fail to determine
Result for print_bacp_config_options:None , truth is patch
------------------------------------------
Detecing CVE:CVE-2017-13029
Detection for: /data/zhangxb//binaries/PatchEvolution/tcpdump/CVE-2017-13029-e2982e7f6f0b-tcpdump
fail to determine
Result for print_lcp_config_options:None , truth is patch
fail to determine
Result for print_ipcp_config_options:None , truth is patch
fail to determine
Result for print_ccp_config_options:None , truth is patch
fail to determine
Result for print_bacp_config_options:None , truth is patch
------------------------------------------
Detecing CVE:CVE-2017-13029
Detection for: /data/zhangxb//binaries/PatchEvolution/tcpdump/CVE-2017-13029-ee68aa36460d-tcpdump
fail to determine
Result for print_lcp_config_options:None , truth is patch
fail to determine
Result for print_ipcp_config_options:None , truth is patch
fail to determine
Result for print_ccp_config_options:None , truth is patch
fail to determine
Result for print_bacp_config_options:None , truth is patch
------------------------------------------
Detecing CVE:CVE-2017-13029
Detection for: /data/zhangxb//binaries/PatchEvolution/tcpdump/CVE-2017-13029-ff1c209392b2-tcpdump
fail to determine
Result for print_lcp_config_options:None , truth is patch
fail to determine
Result for print_ipcp_config_options:None , truth is patch
fail to determine
Result for print_ccp_config_options:None , truth is patch
fail to determine
Result for print_bacp_config_options:None , truth is patch
------------------------------------------
Detecing CVE:CVE-2017-13030
Detection for: /data/zhangxb//binaries/PatchEvolution/tcpdump/CVE-2017-13030-577621026df8-tcpdump
Result for pimv1_join_prune_print:patch , truth is patch
Result for pimv1_print:patch , truth is patch
Result for cisco_autorp_print:patch , truth is patch
Result for pim_print:patch , truth is patch
Result for pimv2_addr_print:patch , truth is patch
Result for pimv2_print:patch , truth is patch
------------------------------------------
Detecing CVE:CVE-2017-13030
Detection for: /data/zhangxb//binaries/PatchEvolution/tcpdump/CVE-2017-13030-e2982e7f6f0b-tcpdump
Result for pimv1_join_prune_print:patch , truth is patch
Result for pimv1_print:patch , truth is patch
Result for cisco_autorp_print:patch , truth is patch
Result for pim_print:patch , truth is patch
Result for pimv2_addr_print:patch , truth is patch
Result for pimv2_print:patch , truth is patch
------------------------------------------
Detecing CVE:CVE-2017-13030
Detection for: /data/zhangxb//binaries/PatchEvolution/tcpdump/CVE-2017-13030-315fe447eadb-tcpdump
Result for pimv1_join_prune_print:patch , truth is patch
Result for pimv1_print:patch , truth is patch
Result for cisco_autorp_print:patch , truth is patch
Result for pim_print:patch , truth is patch
Result for pimv2_addr_print:patch , truth is patch
Result for pimv2_print:patch , truth is patch
------------------------------------------
Detecing CVE:CVE-2017-13030
Detection for: /data/zhangxb//binaries/PatchEvolution/tcpdump/CVE-2017-13030-8c8d5ecba440-tcpdump
Result for pimv1_join_prune_print:patch , truth is patch
Result for pimv1_print:patch , truth is patch
Result for cisco_autorp_print:patch , truth is patch
Result for pim_print:patch , truth is patch
Result for pimv2_addr_print:patch , truth is patch
Result for pimv2_print:patch , truth is patch
------------------------------------------
Detecing CVE:CVE-2017-13031
Detection for: /data/zhangxb//binaries/PatchEvolution/tcpdump/CVE-2017-13031-2e943ce0c947-tcpdump
fail to determine
Result for frag6_print:None , truth is patch
------------------------------------------
Detecing CVE:CVE-2017-13031
Detection for: /data/zhangxb//binaries/PatchEvolution/tcpdump/CVE-2017-13031-d526e47658b6-tcpdump
Result for frag6_print:patch , truth is patch
------------------------------------------
Detecing CVE:CVE-2017-13031
Detection for: /data/zhangxb//binaries/PatchEvolution/tcpdump/CVE-2017-13031-d7a661b5d3e7-tcpdump
fail to determine
Result for frag6_print:None , truth is patch
------------------------------------------
Detecing CVE:CVE-2017-13031
Detection for: /data/zhangxb//binaries/PatchEvolution/tcpdump/CVE-2017-13031-e2982e7f6f0b-tcpdump
Result for frag6_print:patch , truth is patch
------------------------------------------
Detecing CVE:CVE-2017-13032
Detection for: /data/zhangxb//binaries/PatchEvolution/tcpdump/CVE-2017-13032-ba8936b39b0c-tcpdump
fail to determine
Result for print_attr_string:None , truth is patch
------------------------------------------
Detecing CVE:CVE-2017-13032
Detection for: /data/zhangxb//binaries/PatchEvolution/tcpdump/CVE-2017-13032-03a2d9c4c1e3-tcpdump
fail to determine
Result for print_attr_string:None , truth is patch
------------------------------------------
Detecing CVE:CVE-2017-13032
Detection for: /data/zhangxb//binaries/PatchEvolution/tcpdump/CVE-2017-13032-e2982e7f6f0b-tcpdump
fail to determine
Result for print_attr_string:None , truth is patch
------------------------------------------
Detecing CVE:CVE-2017-13032
Detection for: /data/zhangxb//binaries/PatchEvolution/tcpdump/CVE-2017-13032-5cea2703185c-tcpdump
fail to determine
Result for print_attr_string:None , truth is patch
------------------------------------------
Detecing CVE:CVE-2017-13033
Detection for: /data/zhangxb//binaries/PatchEvolution/tcpdump/CVE-2017-13033-3c8f3e13b033-tcpdump
Result for vtp_print:patch , truth is patch
------------------------------------------
Detecing CVE:CVE-2017-13033
Detection for: /data/zhangxb//binaries/PatchEvolution/tcpdump/CVE-2017-13033-40ae3ad744d9-tcpdump
Result for vtp_print:vuln , truth is patch
------------------------------------------
Detecing CVE:CVE-2017-13033
Detection for: /data/zhangxb//binaries/PatchEvolution/tcpdump/CVE-2017-13033-3e3e6d2ef4c1-tcpdump
Result for vtp_print:vuln , truth is patch
------------------------------------------
Detecing CVE:CVE-2017-13033
Detection for: /data/zhangxb//binaries/PatchEvolution/tcpdump/CVE-2017-13033-577621026df8-tcpdump
Result for vtp_print:patch , truth is patch
------------------------------------------
Detecing CVE:CVE-2017-13034
Detection for: /data/zhangxb//binaries/PatchEvolution/tcpdump/CVE-2017-13034-abc8c2d61c65-tcpdump
fail to determine
Result for pgm_print:None , truth is patch
------------------------------------------
Detecing CVE:CVE-2017-13034
Detection for: /data/zhangxb//binaries/PatchEvolution/tcpdump/CVE-2017-13034-e2982e7f6f0b-tcpdump
fail to determine
Result for pgm_print:None , truth is patch
------------------------------------------
Detecing CVE:CVE-2017-13034
Detection for: /data/zhangxb//binaries/PatchEvolution/tcpdump/CVE-2017-13034-bff53faf16b8-tcpdump
fail to determine
Result for pgm_print:None , truth is patch
------------------------------------------
Detecing CVE:CVE-2017-13034
Detection for: /data/zhangxb//binaries/PatchEvolution/tcpdump/CVE-2017-13034-a95802aa0d87-tcpdump
fail to determine
Result for pgm_print:None , truth is patch
------------------------------------------
Detecing CVE:CVE-2017-13035
Detection for: /data/zhangxb//binaries/PatchEvolution/tcpdump/CVE-2017-13035-ee68aa36460d-tcpdump
Result for isis_print_id:patch , truth is patch
------------------------------------------
Detecing CVE:CVE-2017-13035
Detection for: /data/zhangxb//binaries/PatchEvolution/tcpdump/CVE-2017-13035-1af20c3adc4d-tcpdump
Result for isis_print_id:patch , truth is patch
------------------------------------------
Detecing CVE:CVE-2017-13035
Detection for: /data/zhangxb//binaries/PatchEvolution/tcpdump/CVE-2017-13035-1ed63b5d0630-tcpdump
Result for isis_print_id:patch , truth is patch
------------------------------------------
Detecing CVE:CVE-2017-13036
Detection for: /data/zhangxb//binaries/PatchEvolution/tcpdump/CVE-2017-13036-6e15ad4b9938-tcpdump
Result for ospf6_decode_v3:vuln , truth is patch
------------------------------------------
Detecing CVE:CVE-2017-13036
Detection for: /data/zhangxb//binaries/PatchEvolution/tcpdump/CVE-2017-13036-e2982e7f6f0b-tcpdump
Result for ospf6_decode_v3:patch , truth is patch
------------------------------------------
Detecing CVE:CVE-2017-13036
Detection for: /data/zhangxb//binaries/PatchEvolution/tcpdump/CVE-2017-13036-ee68aa36460d-tcpdump
Result for ospf6_decode_v3:vuln , truth is patch
------------------------------------------
Detecing CVE:CVE-2017-13036
Detection for: /data/zhangxb//binaries/PatchEvolution/tcpdump/CVE-2017-13036-5791511faa59-tcpdump
Result for ospf6_decode_v3:vuln , truth is patch
------------------------------------------
Detecing CVE:CVE-2017-13037
Detection for: /data/zhangxb//binaries/PatchEvolution/tcpdump/CVE-2017-13037-64677b0d78ff-tcpdump
fail to determine
Result for ip_printts:None , truth is patch
Result for ip_optprint:patch , truth is patch
------------------------------------------
Detecing CVE:CVE-2017-13037
Detection for: /data/zhangxb//binaries/PatchEvolution/tcpdump/CVE-2017-13037-ee68aa36460d-tcpdump
fail to determine
Result for ip_printts:None , truth is patch
Result for ip_optprint:patch , truth is patch
------------------------------------------
Detecing CVE:CVE-2017-13037
Detection for: /data/zhangxb//binaries/PatchEvolution/tcpdump/CVE-2017-13037-e2982e7f6f0b-tcpdump
fail to determine
Result for ip_printts:None , truth is patch
Result for ip_optprint:patch , truth is patch
------------------------------------------
Detecing CVE:CVE-2017-13037
Detection for: /data/zhangxb//binaries/PatchEvolution/tcpdump/CVE-2017-13037-6bb65331a5f9-tcpdump
fail to determine
Result for ip_printts:None , truth is patch
Result for ip_optprint:patch , truth is patch
------------------------------------------
Detecing CVE:CVE-2017-13038
Detection for: /data/zhangxb//binaries/PatchEvolution/tcpdump/CVE-2017-13038-f9dbcc961527-tcpdump
Result for handle_mlppp:vuln , truth is patch
------------------------------------------
Detecing CVE:CVE-2017-13038
Detection for: /data/zhangxb//binaries/PatchEvolution/tcpdump/CVE-2017-13038-ee68aa36460d-tcpdump
Result for handle_mlppp:vuln , truth is patch
------------------------------------------
Detecing CVE:CVE-2017-13038
Detection for: /data/zhangxb//binaries/PatchEvolution/tcpdump/CVE-2017-13038-3c8f3e13b033-tcpdump
Result for handle_mlppp:patch , truth is patch
------------------------------------------
Detecing CVE:CVE-2017-13038
Detection for: /data/zhangxb//binaries/PatchEvolution/tcpdump/CVE-2017-13038-e2982e7f6f0b-tcpdump
Result for handle_mlppp:vuln , truth is patch
------------------------------------------
Detecing CVE:CVE-2017-13039
Detection for: /data/zhangxb//binaries/PatchEvolution/tcpdump/CVE-2017-13039-e2982e7f6f0b-tcpdump
Result for ikev1_attrmap_print:patch , truth is patch
Result for ikev1_t_print:patch , truth is patch
Result for ikev1_n_print:patch , truth is patch
Result for ikev2_t_print:patch , truth is patch
------------------------------------------
Detecing CVE:CVE-2017-13039
Detection for: /data/zhangxb//binaries/PatchEvolution/tcpdump/CVE-2017-13039-a5bb53dd7407-tcpdump
Result for ikev1_attrmap_print:patch , truth is patch
Result for ikev1_t_print:patch , truth is patch
Result for ikev1_n_print:patch , truth is patch
Result for ikev2_t_print:patch , truth is patch
------------------------------------------
Detecing CVE:CVE-2017-13039
Detection for: /data/zhangxb//binaries/PatchEvolution/tcpdump/CVE-2017-13039-abc8c2d61c65-tcpdump
Result for ikev1_attrmap_print:patch , truth is patch
Result for ikev1_t_print:patch , truth is patch
Result for ikev1_n_print:patch , truth is patch
Result for ikev2_t_print:patch , truth is patch
------------------------------------------
Detecing CVE:CVE-2017-13039
Detection for: /data/zhangxb//binaries/PatchEvolution/tcpdump/CVE-2017-13039-f68c3e3ec011-tcpdump
Result for ikev1_attrmap_print:patch , truth is patch
Result for ikev1_t_print:patch , truth is patch
Result for ikev1_n_print:patch , truth is patch
Result for ikev2_t_print:patch , truth is patch
------------------------------------------
Detecing CVE:CVE-2017-13040
Detection for: /data/zhangxb//binaries/PatchEvolution/tcpdump/CVE-2017-13040-1c75daed55fc-tcpdump
fail to determine
Result for mp_capable_print:None , truth is patch
fail to determine
Result for mp_join_print:None , truth is patch
------------------------------------------
Detecing CVE:CVE-2017-13040
Detection for: /data/zhangxb//binaries/PatchEvolution/tcpdump/CVE-2017-13040-3ebae8948826-tcpdump
fail to determine
Result for mp_capable_print:None , truth is patch
fail to determine
Result for mp_join_print:None , truth is patch
------------------------------------------
Detecing CVE:CVE-2017-13040
Detection for: /data/zhangxb//binaries/PatchEvolution/tcpdump/CVE-2017-13040-bf8990f63b15-tcpdump
fail to determine
Result for mp_capable_print:None , truth is patch
fail to determine
Result for mp_join_print:None , truth is patch
------------------------------------------
Detecing CVE:CVE-2017-13040
Detection for: /data/zhangxb//binaries/PatchEvolution/tcpdump/CVE-2017-13040-afb52045ddc8-tcpdump
fail to determine
Result for mp_capable_print:None , truth is patch
fail to determine
Result for mp_join_print:None , truth is patch
------------------------------------------
Detecing CVE:CVE-2017-13041
Detection for: /data/zhangxb//binaries/PatchEvolution/tcpdump/CVE-2017-13041-00b189d27cd2-tcpdump
Result for icmp6_nodeinfo_print:patch , truth is patch
------------------------------------------
Detecing CVE:CVE-2017-13041
Detection for: /data/zhangxb//binaries/PatchEvolution/tcpdump/CVE-2017-13041-0cced4fcdcad-tcpdump
Result for icmp6_nodeinfo_print:vuln , truth is patch
------------------------------------------
Detecing CVE:CVE-2017-13041
Detection for: /data/zhangxb//binaries/PatchEvolution/tcpdump/CVE-2017-13041-e2982e7f6f0b-tcpdump
Result for icmp6_nodeinfo_print:patch , truth is patch
------------------------------------------
Detecing CVE:CVE-2017-13041
Detection for: /data/zhangxb//binaries/PatchEvolution/tcpdump/CVE-2017-13041-180fae3dc2cd-tcpdump
Result for icmp6_nodeinfo_print:vuln , truth is patch
------------------------------------------
Detecing CVE:CVE-2017-13043
Detection for: /data/zhangxb//binaries/PatchEvolution/tcpdump/CVE-2017-13043-51e180c4fb05-tcpdump
fail to determine
Result for decode_multicast_vpn:None , truth is patch
------------------------------------------
Detecing CVE:CVE-2017-13043
Detection for: /data/zhangxb//binaries/PatchEvolution/tcpdump/CVE-2017-13043-1a859e9f5ce9-tcpdump
fail to determine
Result for decode_multicast_vpn:None , truth is patch
------------------------------------------
Detecing CVE:CVE-2017-13043
Detection for: /data/zhangxb//binaries/PatchEvolution/tcpdump/CVE-2017-13043-1ed63b5d0630-tcpdump
fail to determine
Result for decode_multicast_vpn:None , truth is patch
------------------------------------------
Detecing CVE:CVE-2017-13043
Detection for: /data/zhangxb//binaries/PatchEvolution/tcpdump/CVE-2017-13043-07a7f33ba3ff-tcpdump
fail to determine
Result for decode_multicast_vpn:None , truth is patch
------------------------------------------
Detecing CVE:CVE-2017-13045
Detection for: /data/zhangxb//binaries/PatchEvolution/tcpdump/CVE-2017-13045-f3882ea37f04-tcpdump
Result for vqp_print:vuln , truth is patch
------------------------------------------
Detecing CVE:CVE-2017-13045
Detection for: /data/zhangxb//binaries/PatchEvolution/tcpdump/CVE-2017-13045-e10fe19f4578-tcpdump
Result for vqp_print:vuln , truth is patch
------------------------------------------
Detecing CVE:CVE-2017-13045
Detection for: /data/zhangxb//binaries/PatchEvolution/tcpdump/CVE-2017-13045-546558eabd81-tcpdump
Result for vqp_print:vuln , truth is patch
------------------------------------------
Detecing CVE:CVE-2017-13045
Detection for: /data/zhangxb//binaries/PatchEvolution/tcpdump/CVE-2017-13045-e2982e7f6f0b-tcpdump
Result for vqp_print:vuln , truth is patch
------------------------------------------
Detecing CVE:CVE-2017-13046
Detection for: /data/zhangxb//binaries/PatchEvolution/tcpdump/CVE-2017-13046-3b8ff4bf0d8f-tcpdump
NotImplementedError Ijk_Ret
fail to determine
Result for bgp_attr_print:None , truth is patch
------------------------------------------
Detecing CVE:CVE-2017-13046
Detection for: /data/zhangxb//binaries/PatchEvolution/tcpdump/CVE-2017-13046-abc8c2d61c65-tcpdump
NotImplementedError Ijk_Ret
fail to determine
Result for bgp_attr_print:None , truth is patch
------------------------------------------
Detecing CVE:CVE-2017-13046
Detection for: /data/zhangxb//binaries/PatchEvolution/tcpdump/CVE-2017-13046-f9c2c905b118-tcpdump
NotImplementedError Ijk_Ret
fail to determine
Result for bgp_attr_print:None , truth is patch
------------------------------------------
Detecing CVE:CVE-2017-13046
Detection for: /data/zhangxb//binaries/PatchEvolution/tcpdump/CVE-2017-13046-e2982e7f6f0b-tcpdump
NotImplementedError Ijk_Ret
fail to determine
Result for bgp_attr_print:None , truth is patch
------------------------------------------
Detecing CVE:CVE-2017-13047
Detection for: /data/zhangxb//binaries/PatchEvolution/tcpdump/CVE-2017-13047-e2982e7f6f0b-tcpdump
fail to determine
Result for esis_print:None , truth is patch
------------------------------------------
Detecing CVE:CVE-2017-13047
Detection for: /data/zhangxb//binaries/PatchEvolution/tcpdump/CVE-2017-13047-228f225ca02d-tcpdump
fail to determine
Result for esis_print:None , truth is patch
------------------------------------------
Detecing CVE:CVE-2017-13047
Detection for: /data/zhangxb//binaries/PatchEvolution/tcpdump/CVE-2017-13047-d526e47658b6-tcpdump
fail to determine
Result for esis_print:None , truth is patch
------------------------------------------
Detecing CVE:CVE-2017-13047
Detection for: /data/zhangxb//binaries/PatchEvolution/tcpdump/CVE-2017-13047-74d0778d0ce7-tcpdump
fail to determine
Result for esis_print:None , truth is patch
------------------------------------------
Detecing CVE:CVE-2017-13048
Detection for: /data/zhangxb//binaries/PatchEvolution/tcpdump/CVE-2017-13048-b5068d5380c7-tcpdump
fail to determine
Result for rsvp_obj_print:None , truth is patch
------------------------------------------
Detecing CVE:CVE-2017-13048
Detection for: /data/zhangxb//binaries/PatchEvolution/tcpdump/CVE-2017-13048-577621026df8-tcpdump
fail to determine
Result for rsvp_obj_print:None , truth is patch
------------------------------------------
Detecing CVE:CVE-2017-13048
Detection for: /data/zhangxb//binaries/PatchEvolution/tcpdump/CVE-2017-13048-e2982e7f6f0b-tcpdump
fail to determine
Result for rsvp_obj_print:None , truth is patch
------------------------------------------
Detecing CVE:CVE-2017-13048
Detection for: /data/zhangxb//binaries/PatchEvolution/tcpdump/CVE-2017-13048-07cb281e4ed5-tcpdump
fail to determine
Result for rsvp_obj_print:None , truth is patch
------------------------------------------
Detecing CVE:CVE-2017-13049
Detection for: /data/zhangxb//binaries/PatchEvolution/tcpdump/CVE-2017-13049-3c8f3e13b033-tcpdump
Result for ubik_print:patch , truth is patch
------------------------------------------
Detecing CVE:CVE-2017-13049
Detection for: /data/zhangxb//binaries/PatchEvolution/tcpdump/CVE-2017-13049-ee68aa36460d-tcpdump
Result for ubik_print:vuln , truth is patch
------------------------------------------
Detecing CVE:CVE-2017-13049
Detection for: /data/zhangxb//binaries/PatchEvolution/tcpdump/CVE-2017-13049-e2982e7f6f0b-tcpdump
Result for ubik_print:patch , truth is patch
------------------------------------------
Detecing CVE:CVE-2017-13049
Detection for: /data/zhangxb//binaries/PatchEvolution/tcpdump/CVE-2017-13049-5cea2703185c-tcpdump
Result for ubik_print:patch , truth is patch
------------------------------------------
Detecing CVE:CVE-2017-13050
Detection for: /data/zhangxb//binaries/PatchEvolution/tcpdump/CVE-2017-13050-577621026df8-tcpdump
NotImplementedError Ijk_Ret
NotImplementedError Ijk_Ret
NotImplementedError Ijk_Ret
NotImplementedError Ijk_Ret
Result for rpki_rtr_pdu_print:patch , truth is patch
------------------------------------------
Detecing CVE:CVE-2017-13050
Detection for: /data/zhangxb//binaries/PatchEvolution/tcpdump/CVE-2017-13050-3e3e6d2ef4c1-tcpdump
NotImplementedError Ijk_Ret
NotImplementedError Ijk_Ret
NotImplementedError Ijk_Ret
NotImplementedError Ijk_Ret
Result for rpki_rtr_pdu_print:patch , truth is patch
------------------------------------------
Detecing CVE:CVE-2017-13050
Detection for: /data/zhangxb//binaries/PatchEvolution/tcpdump/CVE-2017-13050-3ed92cd021a6-tcpdump
NotImplementedError Ijk_Ret
NotImplementedError Ijk_Ret
NotImplementedError Ijk_Ret
Result for rpki_rtr_pdu_print:patch , truth is patch
------------------------------------------
Detecing CVE:CVE-2017-13050
Detection for: /data/zhangxb//binaries/PatchEvolution/tcpdump/CVE-2017-13050-abc8c2d61c65-tcpdump
NotImplementedError Ijk_Ret
NotImplementedError Ijk_Ret
NotImplementedError Ijk_Ret
NotImplementedError Ijk_Ret
NotImplementedError Ijk_Ret
NotImplementedError Ijk_Ret
Result for rpki_rtr_pdu_print:patch , truth is patch
------------------------------------------
Detecing CVE:CVE-2017-13051
Detection for: /data/zhangxb//binaries/PatchEvolution/tcpdump/CVE-2017-13051-7ceb3ae2a66c-tcpdump
fail to determine
Result for rsvp_obj_print:None , truth is patch
------------------------------------------
Detecing CVE:CVE-2017-13051
Detection for: /data/zhangxb//binaries/PatchEvolution/tcpdump/CVE-2017-13051-32d1d15c5412-tcpdump
fail to determine
Result for rsvp_obj_print:None , truth is patch
------------------------------------------
Detecing CVE:CVE-2017-13051
Detection for: /data/zhangxb//binaries/PatchEvolution/tcpdump/CVE-2017-13051-e2982e7f6f0b-tcpdump
fail to determine
Result for rsvp_obj_print:None , truth is patch
------------------------------------------
Detecing CVE:CVE-2017-13051
Detection for: /data/zhangxb//binaries/PatchEvolution/tcpdump/CVE-2017-13051-226c6a8d0f90-tcpdump
fail to determine
Result for rsvp_obj_print:None , truth is patch
------------------------------------------
Detecing CVE:CVE-2017-13052
Detection for: /data/zhangxb//binaries/PatchEvolution/tcpdump/CVE-2017-13052-4a28df231d46-tcpdump
Result for cfm_network_addr_print:patch , truth is patch
Result for cfm_print:patch , truth is patch
------------------------------------------
Detecing CVE:CVE-2017-13052
Detection for: /data/zhangxb//binaries/PatchEvolution/tcpdump/CVE-2017-13052-e10fe19f4578-tcpdump
Result for cfm_network_addr_print:patch , truth is patch
Result for cfm_print:patch , truth is patch
------------------------------------------
Detecing CVE:CVE-2017-13052
Detection for: /data/zhangxb//binaries/PatchEvolution/tcpdump/CVE-2017-13052-e2982e7f6f0b-tcpdump
Result for cfm_network_addr_print:patch , truth is patch
Result for cfm_print:patch , truth is patch
------------------------------------------
Detecing CVE:CVE-2017-13052
Detection for: /data/zhangxb//binaries/PatchEvolution/tcpdump/CVE-2017-13052-b1e5f800b368-tcpdump
Result for cfm_network_addr_print:patch , truth is patch
Result for cfm_print:patch , truth is patch
------------------------------------------
Detecing CVE:CVE-2017-13053
Detection for: /data/zhangxb//binaries/PatchEvolution/tcpdump/CVE-2017-13053-9c965fd16f87-tcpdump
fail to determine
Result for decode_rt_routing_info:None , truth is patch
------------------------------------------
Detecing CVE:CVE-2017-13053
Detection for: /data/zhangxb//binaries/PatchEvolution/tcpdump/CVE-2017-13053-07ac438e08e5-tcpdump
Result for decode_rt_routing_info:patch , truth is patch
------------------------------------------
Detecing CVE:CVE-2017-13053
Detection for: /data/zhangxb//binaries/PatchEvolution/tcpdump/CVE-2017-13053-e83dfd9b161e-tcpdump
Result for decode_rt_routing_info:patch , truth is patch
------------------------------------------
Detecing CVE:CVE-2017-13053
Detection for: /data/zhangxb//binaries/PatchEvolution/tcpdump/CVE-2017-13053-577621026df8-tcpdump
Result for decode_rt_routing_info:patch , truth is patch
------------------------------------------
Detecing CVE:CVE-2017-13055
Detection for: /data/zhangxb//binaries/PatchEvolution/tcpdump/CVE-2017-13055-eebb3f48e30f-tcpdump
no function dict_keys(['isis_print_is_reach_subtlv']) in target
------------------------------------------
Detecing CVE:CVE-2017-13055
Detection for: /data/zhangxb//binaries/PatchEvolution/tcpdump/CVE-2017-13055-7217abf41a06-tcpdump
no function dict_keys(['isis_print_is_reach_subtlv']) in target
------------------------------------------
Detecing CVE:CVE-2017-13055
Detection for: /data/zhangxb//binaries/PatchEvolution/tcpdump/CVE-2017-13055-3e3e6d2ef4c1-tcpdump
no function dict_keys(['isis_print_is_reach_subtlv']) in target
------------------------------------------
Detecing CVE:CVE-2017-13055
Detection for: /data/zhangxb//binaries/PatchEvolution/tcpdump/CVE-2017-13055-0b3880c91e16-tcpdump
no function dict_keys(['isis_print_is_reach_subtlv']) in target
------------------------------------------
Detecing CVE:CVE-2017-13687
Detection for: /data/zhangxb//binaries/PatchEvolution/tcpdump/CVE-2017-13687-e2982e7f6f0b-tcpdump
Result for chdlc_print:patch , truth is patch
------------------------------------------
Detecing CVE:CVE-2017-13687
Detection for: /data/zhangxb//binaries/PatchEvolution/tcpdump/CVE-2017-13687-5e9a51fdd559-tcpdump
Result for chdlc_print:vuln , truth is patch
------------------------------------------
Detecing CVE:CVE-2017-13687
Detection for: /data/zhangxb//binaries/PatchEvolution/tcpdump/CVE-2017-13687-84ef17ac0eec-tcpdump
Result for chdlc_print:patch , truth is patch
------------------------------------------
Detecing CVE:CVE-2017-13687
Detection for: /data/zhangxb//binaries/PatchEvolution/tcpdump/CVE-2017-13687-40ae3ad744d9-tcpdump
Result for chdlc_print:vuln , truth is patch
------------------------------------------
Detecing CVE:CVE-2017-13688
Detection for: /data/zhangxb//binaries/PatchEvolution/tcpdump/CVE-2017-13688-40ae3ad744d9-tcpdump
fail to determine
Result for olsr_print:None , truth is patch
------------------------------------------
Detecing CVE:CVE-2017-13688
Detection for: /data/zhangxb//binaries/PatchEvolution/tcpdump/CVE-2017-13688-07a7f33ba3ff-tcpdump
fail to determine
Result for olsr_print:None , truth is patch
------------------------------------------
Detecing CVE:CVE-2017-13688
Detection for: /data/zhangxb//binaries/PatchEvolution/tcpdump/CVE-2017-13688-3e3e6d2ef4c1-tcpdump
fail to determine
Result for olsr_print:None , truth is patch
------------------------------------------
Detecing CVE:CVE-2017-13688
Detection for: /data/zhangxb//binaries/PatchEvolution/tcpdump/CVE-2017-13688-577621026df8-tcpdump
fail to determine
Result for olsr_print:None , truth is patch
------------------------------------------
Detecing CVE:CVE-2017-13689
Detection for: /data/zhangxb//binaries/PatchEvolution/tcpdump/CVE-2017-13689-3db38df8ed9d-tcpdump
fail to determine
Result for ikev1_id_print:None , truth is patch
------------------------------------------
Detecing CVE:CVE-2017-13689
Detection for: /data/zhangxb//binaries/PatchEvolution/tcpdump/CVE-2017-13689-e2982e7f6f0b-tcpdump
fail to determine
Result for ikev1_id_print:None , truth is patch
------------------------------------------
Detecing CVE:CVE-2017-13689
Detection for: /data/zhangxb//binaries/PatchEvolution/tcpdump/CVE-2017-13689-ee68aa36460d-tcpdump
fail to determine
Result for ikev1_id_print:None , truth is patch
------------------------------------------
Detecing CVE:CVE-2017-13689
Detection for: /data/zhangxb//binaries/PatchEvolution/tcpdump/CVE-2017-13689-d526e47658b6-tcpdump
fail to determine
Result for ikev1_id_print:None , truth is patch
------------------------------------------
Detecing CVE:CVE-2017-13690
Detection for: /data/zhangxb//binaries/PatchEvolution/tcpdump/CVE-2017-13690-9a6a6502413e-tcpdump
fail to determine
Result for ikev2_ke_print:None , truth is patch
fail to determine
Result for ikev2_ID_print:None , truth is patch
fail to determine
Result for ikev2_auth_print:None , truth is patch
------------------------------------------
Detecing CVE:CVE-2017-13690
Detection for: /data/zhangxb//binaries/PatchEvolution/tcpdump/CVE-2017-13690-e2982e7f6f0b-tcpdump
Result for ikev2_ke_print:patch , truth is patch
Result for ikev2_ID_print:patch , truth is patch
Result for ikev2_auth_print:patch , truth is patch
------------------------------------------
Detecing CVE:CVE-2017-13690
Detection for: /data/zhangxb//binaries/PatchEvolution/tcpdump/CVE-2017-13690-d526e47658b6-tcpdump
Result for ikev2_ke_print:patch , truth is patch
Result for ikev2_ID_print:patch , truth is patch
Result for ikev2_auth_print:patch , truth is patch
------------------------------------------
Detecing CVE:CVE-2017-13690
Detection for: /data/zhangxb//binaries/PatchEvolution/tcpdump/CVE-2017-13690-84ef17ac0eec-tcpdump
Result for ikev2_ke_print:patch , truth is patch
Result for ikev2_ID_print:patch , truth is patch
Result for ikev2_auth_print:patch , truth is patch
------------------------------------------
Detecing CVE:CVE-2017-13725
Detection for: /data/zhangxb//binaries/PatchEvolution/tcpdump/CVE-2017-13725-ee68aa36460d-tcpdump
fail to determine
Result for rt6_print:None , truth is patch
------------------------------------------
Detecing CVE:CVE-2017-13725
Detection for: /data/zhangxb//binaries/PatchEvolution/tcpdump/CVE-2017-13725-7ae157995426-tcpdump
fail to determine
Result for rt6_print:None , truth is patch
------------------------------------------
Detecing CVE:CVE-2017-13725
Detection for: /data/zhangxb//binaries/PatchEvolution/tcpdump/CVE-2017-13725-e2982e7f6f0b-tcpdump
fail to determine
Result for rt6_print:None , truth is patch
------------------------------------------
Detecing CVE:CVE-2017-13725
Detection for: /data/zhangxb//binaries/PatchEvolution/tcpdump/CVE-2017-13725-7755951df76e-tcpdump
fail to determine
Result for rt6_print:None , truth is patch
