=========2025-08-18 18:25:14.441864============
Detect evo Binaries.
------------------------------------------
[*] Detecting CVE: CVE-2015-8871
[*] Detection for /binaries/PatchEvolution/openjpeg/CVE-2015-8871-28d2eabca79d-openjpeg,opj_j2k_write_mco,1
[*] /s; sim-cal:3.275632
[*] Detection Result:P 0.15255453501722158/0.9925373134328358 7/5,1
------------------------------------------
[*] Detecting CVE: CVE-2016-10506
[*] Detection for /binaries/PatchEvolution/openjpeg/CVE-2016-10506-2d606701e8b7-openjpeg,opj_pi_next_pcrl,1
[*] /s; sim-cal:4.212451
[*] Detection Result:V 0.32352941176470584/-1 37/36,1
[*] Detection for /binaries/PatchEvolution/openjpeg/CVE-2016-10506-2d606701e8b7-openjpeg,opj_pi_next_cprl,1
[*] /s; sim-cal:0.66174
[*] Detection Result:V 0.32352941176470584/-1 37/36,1
[*] Detection for /binaries/PatchEvolution/openjpeg/CVE-2016-10506-2d606701e8b7-openjpeg,opj_pi_next_rpcl,1
[*] /s; sim-cal:0.708247
[*] Detection Result:P 0.44031311154598823/0.45896479299618836 36/35,1
------------------------------------------
[*] Detecting CVE: CVE-2016-7163
[*] Detection for /binaries/PatchEvolution/openjpeg/CVE-2016-7163-22eb737d5d5d-openjpeg,opj_pi_create_decode,1
[*] /s; sim-cal:4.100477
[*] Detection Result:P 0.20937447593493208/0.6552513403411009 15/14,1
[*] Detection for /binaries/PatchEvolution/openjpeg/CVE-2016-7163-fb9eae5d637d-openjpeg,opj_pi_create_decode,1
[*] /s; sim-cal:3.66061
[*] Detection Result:P 0.20937447593493208/0.6552513403411009 15/14,1
[*] Detection for /binaries/PatchEvolution/openjpeg/CVE-2016-7163-774889a328ab-openjpeg,opj_pi_create_decode,1
[*] /s; sim-cal:3.948885
[*] Detection Result:P 0.20937447593493208/0.6552513403411009 13/12,1
[*] Detection for /binaries/PatchEvolution/openjpeg/CVE-2016-7163-80818c39f5bf-openjpeg,opj_pi_create_decode,1
[*] /s; sim-cal:3.360163
[*] Detection Result:P 0.20375649840684218/0.6675215298885513 7/6,1
------------------------------------------
[*] Detecting CVE: CVE-2017-14039
[*] Detection for /binaries/PatchEvolution/openjpeg/CVE-2017-14039-5dd75f62e20e-openjpeg,opj_j2k_write_sot,1
[*] /s; sim-cal:3.627557
[*] Detection Result:N VP no diff,1
[*] Detection for /binaries/PatchEvolution/openjpeg/CVE-2017-14039-5dd75f62e20e-openjpeg,opj_j2k_write_sod,1
[*] /s; sim-cal:0.657651
[*] Detection Result:V 0.8024568668046929/0.6830258442207467 6/4,1
[*] Detection for /binaries/PatchEvolution/openjpeg/CVE-2017-14039-5dd75f62e20e-openjpeg,opj_t2_encode_packet,1
[*] /s; sim-cal:0.750675
[*] Detection Result:V 0.9090909090909091/0.8277285324904373 13/5,1
[*] Detection for /binaries/PatchEvolution/openjpeg/CVE-2017-14039-aaff099b4936-openjpeg,opj_j2k_write_sot,1
[*] /s; sim-cal:3.596754
[*] Detection Result:N VP no diff,1
[*] Detection for /binaries/PatchEvolution/openjpeg/CVE-2017-14039-aaff099b4936-openjpeg,opj_j2k_write_sod,1
[*] /s; sim-cal:0.629279
[*] Detection Result:V 0.275527950310559/0.2531422452039286 26/25,1
[*] Detection for /binaries/PatchEvolution/openjpeg/CVE-2017-14039-aaff099b4936-openjpeg,opj_t2_encode_packet,1
[*] /s; sim-cal:0.726017
[*] Detection Result:V 0.8181818181818182/0.8147415195034243 17/9,1
[*] Detection for /binaries/PatchEvolution/openjpeg/CVE-2017-14039-1d358f25c8ea-openjpeg,opj_j2k_write_sot,1
[*] /s; sim-cal:3.755025
[*] Detection Result:N VP no diff,1
[*] Detection for /binaries/PatchEvolution/openjpeg/CVE-2017-14039-1d358f25c8ea-openjpeg,opj_j2k_write_sod,1
[*] /s; sim-cal:0.577344
[*] Detection Result:V 0.31922705314009664/0.2848038837723995 26/25,1
[*] Detection for /binaries/PatchEvolution/openjpeg/CVE-2017-14039-1d358f25c8ea-openjpeg,opj_t2_encode_packet,1
[*] /s; sim-cal:0.666591
[*] Detection Result:V 0.9090909090909091/0.8277285324904373 13/5,1
------------------------------------------
[*] Detecting CVE: CVE-2017-14164
[*] Detection for /binaries/PatchEvolution/openjpeg/CVE-2017-14164-4e5501b3c72a-openjpeg,opj_j2k_write_sot,1
[*] /s; sim-cal:3.483817
[*] Detection Result:P 0.2429261559696342/0.4848484848484848 8/3,1
[*] Detection for /binaries/PatchEvolution/openjpeg/CVE-2017-14164-4e5501b3c72a-openjpeg,opj_j2k_write_first_tile_part,1
[*] /s; sim-cal:0.615761
[*] Detection Result:P 0.6640625/0.7265625 5/5,1
[*] Detection for /binaries/PatchEvolution/openjpeg/CVE-2017-14164-4e5501b3c72a-openjpeg,opj_j2k_write_tlm,1
[*] /s; sim-cal:0.565296
[*] Detection Result:C can't tell,1
[*] Detection for /binaries/PatchEvolution/openjpeg/CVE-2017-14164-4e5501b3c72a-openjpeg,opj_j2k_write_all_tile_parts,1
[*] /s; sim-cal:0.636155
[*] Detection Result:P 0.4037037037037037/0.7244897959183674 9/7,1
[*] Detection for /binaries/PatchEvolution/openjpeg/CVE-2017-14164-c28965f255c7-openjpeg,opj_j2k_write_sot,1
[*] /s; sim-cal:3.581581
[*] Detection Result:P 0.21256038647342992/0.4630681818181818 8/3,1
[*] Detection for /binaries/PatchEvolution/openjpeg/CVE-2017-14164-c28965f255c7-openjpeg,opj_j2k_write_first_tile_part,1
[*] /s; sim-cal:0.611241
[*] Detection Result:P 0.6640625/0.7265625 3/3,1
[*] Detection for /binaries/PatchEvolution/openjpeg/CVE-2017-14164-c28965f255c7-openjpeg,opj_j2k_write_tlm,1
[*] /s; sim-cal:0.529684
[*] Detection Result:C can't tell,1
[*] Detection for /binaries/PatchEvolution/openjpeg/CVE-2017-14164-c28965f255c7-openjpeg,opj_j2k_write_all_tile_parts,1
[*] /s; sim-cal:0.679084
[*] Detection Result:P 0.4037037037037037/0.7244897959183674 5/3,1
[*] Detection for /binaries/PatchEvolution/openjpeg/CVE-2017-14164-4f447c6e1844-openjpeg,opj_j2k_write_sot,1
[*] /s; sim-cal:3.689807
[*] Detection Result:P 0.2429261559696342/0.4848484848484848 8/3,1
[*] Detection for /binaries/PatchEvolution/openjpeg/CVE-2017-14164-4f447c6e1844-openjpeg,opj_j2k_write_first_tile_part,1
[*] /s; sim-cal:0.578088
[*] Detection Result:P 0.6640625/0.7265625 2/2,1
[*] Detection for /binaries/PatchEvolution/openjpeg/CVE-2017-14164-4f447c6e1844-openjpeg,opj_j2k_write_tlm,1
[*] /s; sim-cal:0.571306
[*] Detection Result:C can't tell,1
[*] Detection for /binaries/PatchEvolution/openjpeg/CVE-2017-14164-4f447c6e1844-openjpeg,opj_j2k_write_all_tile_parts,1
[*] /s; sim-cal:0.693647
[*] Detection Result:P 0.4037037037037037/0.7244897959183674 3/1,1
[*] Detection for /binaries/PatchEvolution/openjpeg/CVE-2017-14164-5dd75f62e20e-openjpeg,opj_j2k_write_sot,1
[*] /s; sim-cal:3.620524
[*] Detection Result:P 0.2429261559696342/0.4848484848484848 8/3,1
[*] Detection for /binaries/PatchEvolution/openjpeg/CVE-2017-14164-5dd75f62e20e-openjpeg,opj_j2k_write_first_tile_part,1
[*] /s; sim-cal:0.548294
[*] Detection Result:P 0.8018867924528301/0.8773584905660378 1/1,1
[*] Detection for /binaries/PatchEvolution/openjpeg/CVE-2017-14164-5dd75f62e20e-openjpeg,opj_j2k_write_tlm,1
[*] /s; sim-cal:0.552755
[*] Detection Result:P 0.7735690235690235/0.7887205387205386 3/3,1
[*] Detection for /binaries/PatchEvolution/openjpeg/CVE-2017-14164-5dd75f62e20e-openjpeg,opj_j2k_write_all_tile_parts,1
[*] /s; sim-cal:0.578968
[*] Detection Result:P 0.4037037037037037/0.7244897959183674 3/1,1
------------------------------------------
[*] Detecting CVE: CVE-2018-20847
[*] Detection for /binaries/PatchEvolution/openjpeg/CVE-2018-20847-29313eb5f1b2-openjpeg,opj_get_all_encoding_parameters,1
[*] /s; sim-cal:2.842637
[*] Detection Result:P 0.4909090909090909/0.5272727272727272 10/10,1
[*] Detection for /binaries/PatchEvolution/openjpeg/CVE-2018-20847-29313eb5f1b2-openjpeg,opj_tcd_init_tile,1
[*] /s; sim-cal:0.719331
[*] Detection Result:C can't tell,1
[*] Detection for /binaries/PatchEvolution/openjpeg/CVE-2018-20847-1d358f25c8ea-openjpeg,opj_get_all_encoding_parameters,1
[*] /s; sim-cal:3.877301
[*] Detection Result:V 0.5660377358490566/0.44339622641509435 26/26,1
[*] Detection for /binaries/PatchEvolution/openjpeg/CVE-2018-20847-1d358f25c8ea-openjpeg,opj_tcd_init_tile,1
[*] /s; sim-cal:0.717638
[*] Detection Result:NA too much diff,1
[*] Detection for /binaries/PatchEvolution/openjpeg/CVE-2018-20847-22eb737d5d5d-openjpeg,opj_get_all_encoding_parameters,1
[*] /s; sim-cal:3.978175
[*] Detection Result:V 0.5660377358490566/0.44339622641509435 26/26,1
[*] Detection for /binaries/PatchEvolution/openjpeg/CVE-2018-20847-22eb737d5d5d-openjpeg,opj_tcd_init_tile,1
[*] /s; sim-cal:0.7117
[*] Detection Result:NA too much diff,1
[*] Detection for /binaries/PatchEvolution/openjpeg/CVE-2018-20847-774889a328ab-openjpeg,opj_get_all_encoding_parameters,1
[*] /s; sim-cal:3.649368
[*] Detection Result:V 0.5660377358490566/0.44339622641509435 18/18,1
[*] Detection for /binaries/PatchEvolution/openjpeg/CVE-2018-20847-774889a328ab-openjpeg,opj_tcd_init_tile,1
[*] /s; sim-cal:0.771242
[*] Detection Result:NA too much diff,1