//tcpdump
"CVE-2017-13040",
"CVE-2017-13006",
"CVE-2017-13687",
"CVE-2018-14882",
"CVE-2017-13013",
"CVE-2017-12894",
"CVE-2017-13050",
"CVE-2017-13037",
"CVE-2017-13003",
"CVE-2017-12990",
"CVE-2018-16300",
"CVE-2017-13039",
"CVE-2017-12898",
"CVE-2017-12902",
//binutils
"CVE-2018-7643",
"CVE-2018-7569",
"CVE-2017-6966",
"CVE-2017-6969",
"CVE-2017-16828",
"CVE-2018-1000876",
"CVE-2017-15024",
"CVE-2017-8398",
"CVE-2017-9955",
"CVE-2021-45078",
"CVE-2017-9040",
"CVE-2022-38533",
"CVE-2017-17080",
//curl
"CVE-2023-46219",
"CVE-2016-8625",
"CVE-2019-5435",
"CVE-2017-8818",
"CVE-2016-9586",
"CVE-2017-8816",
"CVE-2013-1944",
"CVE-2016-8623",
//ffmpeg
"CVE-2020-24020",
"CVE-2020-22041",
"CVE-2020-22030",
"CVE-2020-22039",
"CVE-2020-22038",
"CVE-2021-38291",
"CVE-2020-22043",
//freetype
"CVE-2012-5670",
"CVE-2010-2519",
"CVE-2014-9662",
"CVE-2017-7857",
//libxml2
"CVE-2013-0338",
"CVE-2022-29824",
"CVE-2016-4658",
"CVE-2013-1969",
"CVE-2017-16931",
"CVE-2015-7499",
"CVE-2022-40303",
"CVE-2016-1837",
"CVE-2022-23308",
// imagemagick
"CVE-2021-20312",
"CVE-2016-10065",
"CVE-2020-25676",
"CVE-2023-34153",
"CVE-2015-8896",
"CVE-2017-14174",
"CVE-2016-7534",
"CVE-2020-25675",
"CVE-2021-20313",
"CVE-2015-8895",
"CVE-2016-10060",
"CVE-2020-27769",
"CVE-2021-20311",
// sqlite
"CVE-2022-46908",
"CVE-2020-13434",
"CVE-2019-19645",
"CVE-2019-19923",
"CVE-2019-19924",
"CVE-2020-11656",
"CVE-2019-8457",
// openssl
"CVE-2024-0727",
"CVE-2023-0216",
"CVE-2022-3786",
"CVE-2021-4044",
"CVE-2022-4203",
"CVE-2023-0215",
"CVE-2023-5678",
// openjpeg
"CVE-2018-20847",
"CVE-2017-14164",