testing CVE-2013-0249 ...
func:Curl_sasl_create_digest_md5_message
no effects useful
generating opt
no effects useful
no effects useful
CVE-2013-0249: (0.0, NaN, NaN)
testing CVE-2013-1944 ...
func:tailmatch
CVE-2013-1944: (0.25, 1.0, 0.4)
testing CVE-2014-0015 ...
func:ConnectionExists
no effects useful
generating opt
no effects useful
no effects useful
no effects useful
no effects useful
no effects useful
CVE-2014-0015: (0.5, 1.0, 0.6666666666666666)
testing CVE-2016-8617 ...
func:base64_encode
CVE-2016-8617: (1.0, 1.0, 1.0)
testing CVE-2016-8618 ...
func:alloc_addbyter
CVE-2016-8618: (0.5, 1.0, 0.6666666666666666)
testing CVE-2016-8621 ...
func:parsedate
CVE-2016-8621: (1.0, 1.0, 1.0)
testing CVE-2016-8623 ...
func:cookie_sort
no effects useful
generating opt
no effects useful
no effects useful
no effects useful
no effects useful
no effects useful
CVE-2016-8623: (0.5, 1.0, 0.6666666666666666)
testing CVE-2016-8624 ...
func:parseurlandfillconn
CVE-2016-8624: (1.0, 1.0, 1.0)
testing CVE-2016-8625 ...
func:win32_init
CVE-2016-8625: (1.0, 1.0, 1.0)
testing CVE-2016-9586 ...
func:dprintf_formatf
function test_curl_off_t_formatting not found
function test not found
function test_weird_arguments not found
CVE-2016-9586: (0.5, 1.0, 0.6666666666666666)
testing CVE-2017-1000101 ...
func:glob_range
CVE-2017-1000101: (0.5, 1.0, 0.6666666666666666)
testing CVE-2017-2629 ...
func:allocate_conn
no effects useful
generating opt
no effects useful
no effects useful
no effects useful
no effects useful
no effects useful
CVE-2017-2629: (0.5, 1.0, 0.6666666666666666)
testing CVE-2017-7407 ...
func:ourWriteOut
CVE-2017-7407: (0.25, 1.0, 0.4)
testing CVE-2017-8816 ...
func:Curl_ntlm_core_mk_ntlmv2_hash
no effects useful
generating opt
no effects useful
no effects useful
no effects useful
CVE-2017-8816: (0.5, 1.0, 0.6666666666666666)
testing CVE-2017-8817 ...
func:setcharset
CVE-2017-8817: (0.5, 1.0, 0.6666666666666666)
testing CVE-2017-8818 ...
func:allocate_conn
CVE-2017-8818: (NaN, 0.0, NaN)
testing CVE-2017-9502 ...
func:parseurlandfillconn
CVE-2017-9502: (1.0, 1.0, 1.0)
testing CVE-2018-0500 ...
func:Curl_smtp_escape_eob
CVE-2018-0500: (0.6, 1.0, 0.7499999999999999)
testing CVE-2018-1000007 ...
func:Curl_http_output_auth
CVE-2018-1000007: (1.0, 1.0, 1.0)
testing CVE-2018-1000120 ...
func:ftp_state_list
no effects useful
generating opt
no effects useful
no effects useful
no effects useful
no effects useful
no effects useful
CVE-2018-1000120: (0.5, 1.0, 0.6666666666666666)
testing CVE-2018-1000122 ...
func:readwrite_data
no effects useful
generating opt
no effects useful
no effects useful
no effects useful
no effects useful
no effects useful
CVE-2018-1000122: (0.5, 1.0, 0.6666666666666666)
testing CVE-2018-1000300 ...
func:Curl_pp_readresp
CVE-2018-1000300: (1.0, 1.0, 1.0)
testing CVE-2018-1000301 ...
func:Curl_http_readwrite_headers
no effects useful
generating opt
no effects useful
no effects useful
no effects useful
no effects useful
CVE-2018-1000301: (0.6, 1.0, 0.7499999999999999)
testing CVE-2018-16839 ...
func:Curl_auth_create_plain_message
no effects useful
generating opt
no effects useful
no effects useful
no effects useful
no effects useful
no effects useful
CVE-2018-16839: (0.5, 1.0, 0.6666666666666666)
testing CVE-2018-16840 ...
func:Curl_close
CVE-2018-16840: (NaN, 0.0, NaN)
testing CVE-2018-16842 ...
func:voutf
CVE-2018-16842: (0.5, 1.0, 0.6666666666666666)
testing CVE-2019-5482 ...
func:tftp_connect
no effects useful
generating opt
no effects useful
no effects useful
CVE-2019-5482: (1.0, 1.0, 1.0)
testing CVE-2020-8169 ...
func:override_login
CVE-2020-8169: (1.0, 1.0, 1.0)
testing CVE-2020-8177 ...
func:getparameter
CVE-2020-8177: (NaN, 0.0, NaN)
testing CVE-2020-8284 ...
func:Curl_init_userdefined
no effects useful
generating opt
no effects useful
no effects useful
no effects useful
no effects useful
no effects useful
CVE-2020-8284: (0.5, 1.0, 0.6666666666666666)
testing CVE-2021-22898 ...
func:suboption
no effects useful
generating opt
no effects useful
no effects useful
no effects useful
no effects useful
no effects useful
CVE-2021-22898: (0.5, 1.0, 0.6666666666666666)
testing CVE-2022-42915 ...
func:conn_shutdown
no effects useful
generating opt
no effects useful
no effects useful
CVE-2022-42915: (0.5, 1.0, 0.6666666666666666)
testing CVE-2022-42916 ...
func:create_conn
CVE-2022-42916: (1.0, 1.0, 1.0)
testing CVE-2023-46218 ...
func:Curl_cookie_add
no effects useful
generating opt
no effects useful
no effects useful
CVE-2023-46218: (1.0, 1.0, 1.0)
testing CVE-2023-46219 ...
func:Curl_fopen
CVE-2023-46219: (1.0, 1.0, 1.0)
all: (0.6054421768707483, 0.9175257731958762, 0.7295081967213115)
