testing CVE-2012-5134 ...
func:xmlParseAttValueComplex
no effects useful
generating opt
no effects useful
no effects useful
no effects useful
no effects useful
no effects useful
CVE-2012-5134: (0.5, 1.0, 0.6666666666666666)
testing CVE-2013-0338 ...
func:xmlCreateEntityParserCtxtInternal
function xmlStringLenDecodeEntities not found
function xmlCtxtReset not found
function xmlInitParserCtxt not found
function xmlParseReference not found
no effects useful
generating opt
function xmlStringLenDecodeEntities not found
function xmlInitParserCtxt not found
function xmlCtxtReset not found
function xmlParseReference not found
no effects useful
no effects useful
CVE-2013-0338: (1.0, 1.0, 1.0)
testing CVE-2013-0339 ...
func:xmlParseReference
function xmlParseReference not found
CVE-2013-0339: (0.5, 1.0, 0.6666666666666666)
testing CVE-2013-1969 ...
func:htmlParseChunk
cannot find function name in `xmldecl_done:`
cannot find function name in `xmldecl_done:`
cannot find function name in `xmldecl_done:`
cannot find function name in `xmldecl_done:`
function htmlParseChunk not found
CVE-2013-1969: (0.25, 1.0, 0.4)
testing CVE-2014-3660 ...
func:xmlParseReference
function xmlParseReference not found
CVE-2014-3660: (0.5, 1.0, 0.6666666666666666)
testing CVE-2015-5312 ...
func:xmlStringLenDecodeEntities
function xmlStringLenDecodeEntities not found
CVE-2015-5312: (0.5, 1.0, 0.6666666666666666)
testing CVE-2015-7497 ...
func:xmlDictComputeFastQKey
no effects useful
generating opt
no effects useful
no effects useful
no effects useful
no effects useful
no effects useful
CVE-2015-7497: (0.5, 1.0, 0.6666666666666666)
testing CVE-2015-7498 ...
func:xmlSwitchEncoding
function xmlParseDocument not found
function xmlParseXMLDecl not found
function xmlSwitchEncoding not found
CVE-2015-7498: (0.5, 1.0, 0.6666666666666666)
testing CVE-2015-7499 ...
func:xmlCreatePushParserCtxt
cannot find function name in `static xmlParserCtxtPtr`
function xmlCreatePushParserCtxt not found
CVE-2015-7499: (0.5, 1.0, 0.6666666666666666)
testing CVE-2015-7500 ...
func:xmlParseStartTag2
cannot find function name in `reparse:`
cannot find function name in `reparse:`
cannot find function name in `reparse:`
cannot find function name in `skip_ns:`
cannot find function name in `failed:`
cannot find function name in `failed:`
cannot find function name in `base_changed:`
CVE-2015-7500: (1.0, 1.0, 1.0)
testing CVE-2015-7941 ...
func:xmlParseConditionalSections
no effects useful
generating opt
no effects useful
no effects useful
no effects useful
CVE-2015-7941: (0.25, 1.0, 0.4)
testing CVE-2015-8241 ...
func:xmlParseMarkupDecl
function xmlParseMarkupDecl not found
CVE-2015-8241: (0.5, 1.0, 0.6666666666666666)
testing CVE-2015-8242 ...
func:htmlParseTryOrFinish
no effects useful
generating opt
no effects useful
no effects useful
no effects useful
no effects useful
no effects useful
CVE-2015-8242: (0.5, 1.0, 0.6666666666666666)
testing CVE-2015-8317 ...
func:xmlParseEncodingDecl
function xmlParseEncodingDecl not found
CVE-2015-8317: (0.5, 1.0, 0.6666666666666666)
testing CVE-2015-8710 ...
func:htmlParseComment
no effects useful
generating opt
no effects useful
no effects useful
no effects useful
no effects useful
no effects useful
CVE-2015-8710: (0.5, 1.0, 0.6666666666666666)
testing CVE-2016-1762 ...
func:xmlParseInternalSubset
CVE-2016-1762: (0.5, 1.0, 0.6666666666666666)
testing CVE-2016-1834 ...
func:xmlStrncat
function xmlStrncatNew not found
function xmlStrncat not found
CVE-2016-1834: (0.5, 1.0, 0.6666666666666666)
testing CVE-2016-1837 ...
func:htmlParseSystemLiteral
CVE-2016-1837: (0.6, 1.0, 0.7499999999999999)
testing CVE-2016-1838 ...
func:xmlParseEndTag2
cannot find function name in `static void`
no effects useful
generating opt
cannot find function name in `static void`
no effects useful
no effects useful
no effects useful
no effects useful
no effects useful
CVE-2016-1838: (0.5, 1.0, 0.6666666666666666)
testing CVE-2016-1840 ...
func:xmlFAParseCharRange
CVE-2016-1840: (0.5, 1.0, 0.6666666666666666)
testing CVE-2016-4449 ...
func:xmlStringLenDecodeEntities
function xmlStringLenDecodeEntities not found
CVE-2016-4449: (0.5, 1.0, 0.6666666666666666)
testing CVE-2016-4483 ...
func:xmlBufAttrSerializeTxtContent
no effects useful
generating opt
no effects useful
no effects useful
no effects useful
no effects useful
no effects useful
CVE-2016-4483: (0.5, 1.0, 0.6666666666666666)
testing CVE-2016-4658 ...
func:xmlXPtrNewRange
function xmlXPtrNewCollapsedRange not found
function xmlXPtrNewRangePoints not found
function xmlXPtrNewRangeNodeObject not found
function xmlXPtrNewRangeNodes not found
function xmlXPtrNewRange not found
function xmlXPtrNewRangePointNode not found
function xmlXPtrNewRangeNodePoint not found
CVE-2016-4658: (0.5, 1.0, 0.6666666666666666)
testing CVE-2017-16931 ...
func:xmlParseNameComplex
cannot find function name in `testDesc testDescriptions[] = {`
CVE-2017-16931: (1.0, 1.0, 1.0)
testing CVE-2017-16932 ...
func:xmlParsePEReference
function xmlParsePEReference not found
function xmlPushInput not found
CVE-2017-16932: (0.5, 1.0, 0.6666666666666666)
testing CVE-2017-5130 ...
func:xmlMemStrdupLoc
function xmlMemStrdupLoc not found
function xmlReallocLoc not found
function xmlMallocLoc not found
CVE-2017-5130: (0.5, 1.0, 0.6666666666666666)
testing CVE-2017-7375 ...
func:xmlParsePEReference
function xmlParsePEReference not found
CVE-2017-7375: (0.5, 1.0, 0.6666666666666666)
testing CVE-2018-14404 ...
func:xmlXPathCompOpEval
no effects useful
generating opt
no effects useful
no effects useful
no effects useful
no effects useful
no effects useful
CVE-2018-14404: (0.5, 1.0, 0.6666666666666666)
testing CVE-2019-19956 ...
func:xmlParseBalancedChunkMemoryRecover
function xmlParseBalancedChunkMemoryRecover not found
CVE-2019-19956: (0.5, 1.0, 0.6666666666666666)
testing CVE-2020-7595 ...
func:xmlStringLenDecodeEntities
function xmlStringLenDecodeEntities not found
CVE-2020-7595: (0.25, 1.0, 0.4)
testing CVE-2022-23308 ...
func:xmlValidNormalizeAttributeValue
function xmlDumpNotationTable not found
function xmlAddID not found
function xmlValidNormalizeAttributeValue not found
function xmlRemoveID not found
function xmlValidCtxtNormalizeAttributeValue not found
function xmlAddRef not found
CVE-2022-23308: (0.5, 1.0, 0.6666666666666666)
testing CVE-2022-40303 ...
func:xmlParseCommentComplex
cannot find function name in `const xmlChar *`
cannot find function name in `static const xmlChar *`
cannot find function name in `get_more:`
CVE-2022-40303: (1.0, 1.0, 1.0)
testing CVE-2022-40304 ...
func:xmlCreateEntity
no effects useful
generating opt
no effects useful
no effects useful
no effects useful
no effects useful
no effects useful
CVE-2022-40304: (0.5, 1.0, 0.6666666666666666)
testing CVE-2023-28484 ...
func:xmlSchemaFixupComplexType
CVE-2023-28484: (0.5, 1.0, 0.6666666666666666)
all: (0.518918918918919, 1.0, 0.6832740213523132)testing CVE-2012-5134 ...
func:xmlParseAttValueComplex
no effects useful
generating opt
no effects useful
no effects useful
no effects useful
no effects useful
no effects useful
CVE-2012-5134: (0.5, 1.0, 0.6666666666666666)
testing CVE-2013-0338 ...
func:xmlCreateEntityParserCtxtInternal
function xmlStringLenDecodeEntities not found
function xmlCtxtReset not found
function xmlInitParserCtxt not found
function xmlParseReference not found
no effects useful
generating opt
function xmlStringLenDecodeEntities not found
function xmlInitParserCtxt not found
function xmlCtxtReset not found
function xmlParseReference not found
no effects useful
no effects useful
CVE-2013-0338: (1.0, 1.0, 1.0)
testing CVE-2013-0339 ...
func:xmlParseReference
function xmlParseReference not found
CVE-2013-0339: (0.5, 1.0, 0.6666666666666666)
testing CVE-2013-1969 ...
func:htmlParseChunk
cannot find function name in `xmldecl_done:`
cannot find function name in `xmldecl_done:`
cannot find function name in `xmldecl_done:`
cannot find function name in `xmldecl_done:`
function htmlParseChunk not found
CVE-2013-1969: (0.25, 1.0, 0.4)
testing CVE-2014-3660 ...
func:xmlParseReference
function xmlParseReference not found
CVE-2014-3660: (0.5, 1.0, 0.6666666666666666)
testing CVE-2015-5312 ...
func:xmlStringLenDecodeEntities
function xmlStringLenDecodeEntities not found
CVE-2015-5312: (0.5, 1.0, 0.6666666666666666)
testing CVE-2015-7497 ...
func:xmlDictComputeFastQKey
no effects useful
generating opt
no effects useful
no effects useful
no effects useful
no effects useful
no effects useful
CVE-2015-7497: (0.5, 1.0, 0.6666666666666666)
testing CVE-2015-7498 ...
func:xmlSwitchEncoding
function xmlParseDocument not found
function xmlParseXMLDecl not found
function xmlSwitchEncoding not found
CVE-2015-7498: (0.5, 1.0, 0.6666666666666666)
testing CVE-2015-7499 ...
func:xmlCreatePushParserCtxt
cannot find function name in `static xmlParserCtxtPtr`
function xmlCreatePushParserCtxt not found
CVE-2015-7499: (0.5, 1.0, 0.6666666666666666)
testing CVE-2015-7500 ...
func:xmlParseStartTag2
cannot find function name in `reparse:`
cannot find function name in `reparse:`
cannot find function name in `reparse:`
cannot find function name in `skip_ns:`
cannot find function name in `failed:`
cannot find function name in `failed:`
cannot find function name in `base_changed:`
CVE-2015-7500: (1.0, 1.0, 1.0)
testing CVE-2015-7941 ...
func:xmlParseConditionalSections
no effects useful
generating opt
no effects useful
no effects useful
no effects useful
CVE-2015-7941: (0.25, 1.0, 0.4)
testing CVE-2015-8241 ...
func:xmlParseMarkupDecl
function xmlParseMarkupDecl not found
CVE-2015-8241: (0.5, 1.0, 0.6666666666666666)
testing CVE-2015-8242 ...
func:htmlParseTryOrFinish
no effects useful
generating opt
no effects useful
no effects useful
no effects useful
no effects useful
no effects useful
CVE-2015-8242: (0.5, 1.0, 0.6666666666666666)
testing CVE-2015-8317 ...
func:xmlParseEncodingDecl
function xmlParseEncodingDecl not found
CVE-2015-8317: (0.5, 1.0, 0.6666666666666666)
testing CVE-2015-8710 ...
func:htmlParseComment
no effects useful
generating opt
no effects useful
no effects useful
no effects useful
no effects useful
no effects useful
CVE-2015-8710: (0.5, 1.0, 0.6666666666666666)
testing CVE-2016-1762 ...
func:xmlParseInternalSubset
CVE-2016-1762: (0.5, 1.0, 0.6666666666666666)
testing CVE-2016-1834 ...
func:xmlStrncat
function xmlStrncatNew not found
function xmlStrncat not found
CVE-2016-1834: (0.5, 1.0, 0.6666666666666666)
testing CVE-2016-1837 ...
func:htmlParseSystemLiteral
CVE-2016-1837: (0.6, 1.0, 0.7499999999999999)
testing CVE-2016-1838 ...
func:xmlParseEndTag2
cannot find function name in `static void`
no effects useful
generating opt
cannot find function name in `static void`
no effects useful
no effects useful
no effects useful
no effects useful
no effects useful
CVE-2016-1838: (0.5, 1.0, 0.6666666666666666)
testing CVE-2016-1840 ...
func:xmlFAParseCharRange
CVE-2016-1840: (0.5, 1.0, 0.6666666666666666)
testing CVE-2016-4449 ...
func:xmlStringLenDecodeEntities
function xmlStringLenDecodeEntities not found
CVE-2016-4449: (0.5, 1.0, 0.6666666666666666)
testing CVE-2016-4483 ...
func:xmlBufAttrSerializeTxtContent
no effects useful
generating opt
no effects useful
no effects useful
no effects useful
no effects useful
no effects useful
CVE-2016-4483: (0.5, 1.0, 0.6666666666666666)
testing CVE-2016-4658 ...
func:xmlXPtrNewRange
function xmlXPtrNewCollapsedRange not found
function xmlXPtrNewRangePoints not found
function xmlXPtrNewRangeNodeObject not found
function xmlXPtrNewRangeNodes not found
function xmlXPtrNewRange not found
function xmlXPtrNewRangePointNode not found
function xmlXPtrNewRangeNodePoint not found
CVE-2016-4658: (0.5, 1.0, 0.6666666666666666)
testing CVE-2017-16931 ...
func:xmlParseNameComplex
cannot find function name in `testDesc testDescriptions[] = {`
CVE-2017-16931: (1.0, 1.0, 1.0)
testing CVE-2017-16932 ...
func:xmlParsePEReference
function xmlParsePEReference not found
function xmlPushInput not found
CVE-2017-16932: (0.5, 1.0, 0.6666666666666666)
testing CVE-2017-5130 ...
func:xmlMemStrdupLoc
function xmlMemStrdupLoc not found
function xmlReallocLoc not found
function xmlMallocLoc not found
CVE-2017-5130: (0.5, 1.0, 0.6666666666666666)
testing CVE-2017-7375 ...
func:xmlParsePEReference
function xmlParsePEReference not found
CVE-2017-7375: (0.5, 1.0, 0.6666666666666666)
testing CVE-2018-14404 ...
func:xmlXPathCompOpEval
no effects useful
generating opt
no effects useful
no effects useful
no effects useful
no effects useful
no effects useful
CVE-2018-14404: (0.5, 1.0, 0.6666666666666666)
testing CVE-2019-19956 ...
func:xmlParseBalancedChunkMemoryRecover
function xmlParseBalancedChunkMemoryRecover not found
CVE-2019-19956: (0.5, 1.0, 0.6666666666666666)
testing CVE-2020-7595 ...
func:xmlStringLenDecodeEntities
function xmlStringLenDecodeEntities not found
CVE-2020-7595: (0.25, 1.0, 0.4)
testing CVE-2022-23308 ...
func:xmlValidNormalizeAttributeValue
function xmlDumpNotationTable not found
function xmlAddID not found
function xmlValidNormalizeAttributeValue not found
function xmlRemoveID not found
function xmlValidCtxtNormalizeAttributeValue not found
function xmlAddRef not found
CVE-2022-23308: (0.5, 1.0, 0.6666666666666666)
testing CVE-2022-40303 ...
func:xmlParseCommentComplex
cannot find function name in `const xmlChar *`
cannot find function name in `static const xmlChar *`
cannot find function name in `get_more:`
CVE-2022-40303: (1.0, 1.0, 1.0)
testing CVE-2022-40304 ...
func:xmlCreateEntity
no effects useful
generating opt
no effects useful
no effects useful
no effects useful
no effects useful
no effects useful
CVE-2022-40304: (0.5, 1.0, 0.6666666666666666)
testing CVE-2023-28484 ...
func:xmlSchemaFixupComplexType
CVE-2023-28484: (0.5, 1.0, 0.6666666666666666)
all: (0.518918918918919, 1.0, 0.6832740213523132)testing CVE-2012-5134 ...
func:xmlParseAttValueComplex
no effects useful
generating opt
no effects useful
no effects useful
no effects useful
no effects useful
no effects useful
CVE-2012-5134: (0.5, 1.0, 0.6666666666666666)
testing CVE-2013-0338 ...
func:xmlCreateEntityParserCtxtInternal
function xmlStringLenDecodeEntities not found
function xmlCtxtReset not found
function xmlInitParserCtxt not found
function xmlParseReference not found
no effects useful
generating opt
function xmlStringLenDecodeEntities not found
function xmlInitParserCtxt not found
function xmlCtxtReset not found
function xmlParseReference not found
no effects useful
no effects useful
CVE-2013-0338: (1.0, 1.0, 1.0)
testing CVE-2013-0339 ...
func:xmlParseReference
function xmlParseReference not found
CVE-2013-0339: (0.5, 1.0, 0.6666666666666666)
testing CVE-2013-1969 ...
func:htmlParseChunk
cannot find function name in `xmldecl_done:`
cannot find function name in `xmldecl_done:`
cannot find function name in `xmldecl_done:`
cannot find function name in `xmldecl_done:`
function htmlParseChunk not found
CVE-2013-1969: (0.25, 1.0, 0.4)
testing CVE-2014-3660 ...
func:xmlParseReference
function xmlParseReference not found
CVE-2014-3660: (0.5, 1.0, 0.6666666666666666)
testing CVE-2015-5312 ...
func:xmlStringLenDecodeEntities
function xmlStringLenDecodeEntities not found
CVE-2015-5312: (0.5, 1.0, 0.6666666666666666)
testing CVE-2015-7497 ...
func:xmlDictComputeFastQKey
no effects useful
generating opt
no effects useful
no effects useful
no effects useful
no effects useful
no effects useful
CVE-2015-7497: (0.5, 1.0, 0.6666666666666666)
testing CVE-2015-7498 ...
func:xmlSwitchEncoding
function xmlParseDocument not found
function xmlParseXMLDecl not found
function xmlSwitchEncoding not found
CVE-2015-7498: (0.5, 1.0, 0.6666666666666666)
testing CVE-2015-7499 ...
func:xmlCreatePushParserCtxt
cannot find function name in `static xmlParserCtxtPtr`
function xmlCreatePushParserCtxt not found
CVE-2015-7499: (0.5, 1.0, 0.6666666666666666)
testing CVE-2015-7500 ...
func:xmlParseStartTag2
cannot find function name in `reparse:`
cannot find function name in `reparse:`
cannot find function name in `reparse:`
cannot find function name in `skip_ns:`
cannot find function name in `failed:`
cannot find function name in `failed:`
cannot find function name in `base_changed:`
CVE-2015-7500: (1.0, 1.0, 1.0)
testing CVE-2015-7941 ...
func:xmlParseConditionalSections
no effects useful
generating opt
no effects useful
no effects useful
no effects useful
CVE-2015-7941: (0.25, 1.0, 0.4)
testing CVE-2015-8241 ...
func:xmlParseMarkupDecl
function xmlParseMarkupDecl not found
CVE-2015-8241: (0.5, 1.0, 0.6666666666666666)
testing CVE-2015-8242 ...
func:htmlParseTryOrFinish
no effects useful
generating opt
no effects useful
no effects useful
no effects useful
no effects useful
no effects useful
CVE-2015-8242: (0.5, 1.0, 0.6666666666666666)
testing CVE-2015-8317 ...
func:xmlParseEncodingDecl
function xmlParseEncodingDecl not found
CVE-2015-8317: (0.5, 1.0, 0.6666666666666666)
testing CVE-2015-8710 ...
func:htmlParseComment
no effects useful
generating opt
no effects useful
no effects useful
no effects useful
no effects useful
no effects useful
CVE-2015-8710: (0.5, 1.0, 0.6666666666666666)
testing CVE-2016-1762 ...
func:xmlParseInternalSubset
CVE-2016-1762: (0.5, 1.0, 0.6666666666666666)
testing CVE-2016-1834 ...
func:xmlStrncat
function xmlStrncatNew not found
function xmlStrncat not found
CVE-2016-1834: (0.5, 1.0, 0.6666666666666666)
testing CVE-2016-1837 ...
func:htmlParseSystemLiteral
CVE-2016-1837: (0.6, 1.0, 0.7499999999999999)
testing CVE-2016-1838 ...
func:xmlParseEndTag2
cannot find function name in `static void`
no effects useful
generating opt
cannot find function name in `static void`
no effects useful
no effects useful
no effects useful
no effects useful
no effects useful
CVE-2016-1838: (0.5, 1.0, 0.6666666666666666)
testing CVE-2016-1840 ...
func:xmlFAParseCharRange
CVE-2016-1840: (0.5, 1.0, 0.6666666666666666)
testing CVE-2016-4449 ...
func:xmlStringLenDecodeEntities
function xmlStringLenDecodeEntities not found
CVE-2016-4449: (0.5, 1.0, 0.6666666666666666)
testing CVE-2016-4483 ...
func:xmlBufAttrSerializeTxtContent
no effects useful
generating opt
no effects useful
no effects useful
no effects useful
no effects useful
no effects useful
CVE-2016-4483: (0.5, 1.0, 0.6666666666666666)
testing CVE-2016-4658 ...
func:xmlXPtrNewRange
function xmlXPtrNewCollapsedRange not found
function xmlXPtrNewRangePoints not found
function xmlXPtrNewRangeNodeObject not found
function xmlXPtrNewRangeNodes not found
function xmlXPtrNewRange not found
function xmlXPtrNewRangePointNode not found
function xmlXPtrNewRangeNodePoint not found
CVE-2016-4658: (0.5, 1.0, 0.6666666666666666)
testing CVE-2017-16931 ...
func:xmlParseNameComplex
cannot find function name in `testDesc testDescriptions[] = {`
CVE-2017-16931: (1.0, 1.0, 1.0)
testing CVE-2017-16932 ...
func:xmlParsePEReference
function xmlParsePEReference not found
function xmlPushInput not found
CVE-2017-16932: (0.5, 1.0, 0.6666666666666666)
testing CVE-2017-5130 ...
func:xmlMemStrdupLoc
function xmlMemStrdupLoc not found
function xmlReallocLoc not found
function xmlMallocLoc not found
CVE-2017-5130: (0.5, 1.0, 0.6666666666666666)
testing CVE-2017-7375 ...
func:xmlParsePEReference
function xmlParsePEReference not found
CVE-2017-7375: (0.5, 1.0, 0.6666666666666666)
testing CVE-2018-14404 ...
func:xmlXPathCompOpEval
no effects useful
generating opt
no effects useful
no effects useful
no effects useful
no effects useful
no effects useful
CVE-2018-14404: (0.5, 1.0, 0.6666666666666666)
testing CVE-2019-19956 ...
func:xmlParseBalancedChunkMemoryRecover
function xmlParseBalancedChunkMemoryRecover not found
CVE-2019-19956: (0.5, 1.0, 0.6666666666666666)
testing CVE-2020-7595 ...
func:xmlStringLenDecodeEntities
function xmlStringLenDecodeEntities not found
CVE-2020-7595: (0.25, 1.0, 0.4)
testing CVE-2022-23308 ...
func:xmlValidNormalizeAttributeValue
function xmlDumpNotationTable not found
function xmlAddID not found
function xmlValidNormalizeAttributeValue not found
function xmlRemoveID not found
function xmlValidCtxtNormalizeAttributeValue not found
function xmlAddRef not found
CVE-2022-23308: (0.5, 1.0, 0.6666666666666666)
testing CVE-2022-40303 ...
func:xmlParseCommentComplex
cannot find function name in `const xmlChar *`
cannot find function name in `static const xmlChar *`
cannot find function name in `get_more:`
CVE-2022-40303: (1.0, 1.0, 1.0)
testing CVE-2022-40304 ...
func:xmlCreateEntity
no effects useful
generating opt
no effects useful
no effects useful
no effects useful
no effects useful
no effects useful
CVE-2022-40304: (0.5, 1.0, 0.6666666666666666)
testing CVE-2023-28484 ...
func:xmlSchemaFixupComplexType
CVE-2023-28484: (0.5, 1.0, 0.6666666666666666)
all: (0.518918918918919, 1.0, 0.6832740213523132)