testing CVE-2016-6153 ...
func:unixTempFileDir
no effects useful
generating opt
no effects useful
CVE-2016-6153: (1.0, 1.0, 1.0)
testing CVE-2018-20346 ...
func:fts3ScanInteriorNode
CVE-2018-20346: (1.0, 1.0, 1.0)
testing CVE-2019-19242 ...
func:whereIndexExprTransColumn
no effects useful
generating opt
no effects useful
CVE-2019-19242: (1.0, 1.0, 1.0)
testing CVE-2019-19244 ...
func:sqlite3Select
CVE-2019-19244: (0.25, 1.0, 0.4)
testing CVE-2019-19317 ...
func:lookupName
no effects useful
generating opt
no effects useful
no effects useful
no effects useful
CVE-2019-19317: (0.25, 1.0, 0.4)
testing CVE-2019-19645 ...
func:renameTableSelectCb
no effects useful
generating opt
no effects useful
no effects useful
CVE-2019-19645: (1.0, 1.0, 1.0)
testing CVE-2019-19646 ...
func:sqlite3Pragma
CVE-2019-19646: (0.5, 1.0, 0.6666666666666666)
testing CVE-2019-19880 ...
func:exprListAppendList
no effects useful
no effects useful
no effects useful
no effects useful
CVE-2019-19880: (0.25, 1.0, 0.4)
testing CVE-2019-19923 ...
func:substSelect
CVE-2019-19923: (0.4, 1.0, 0.5714285714285715)
testing CVE-2019-19924 ...
func:sqlite3WindowRewrite
no effects useful
generating opt
no effects useful
no effects useful
CVE-2019-19924: (1.0, 1.0, 1.0)
testing CVE-2019-19925 ...
func:zipfileUpdate
no effects useful
CVE-2019-19925: (1.0, 1.0, 1.0)
testing CVE-2019-19926 ...
func:multiSelect
no effects useful
no effects useful
no effects useful
no effects useful
CVE-2019-19926: (0.25, 1.0, 0.4)
testing CVE-2019-19959 ...
func:zipfileUpdate
no effects useful
generating opt
no effects useful
no effects useful
no effects useful
no effects useful
CVE-2019-19959: (0.4, 1.0, 0.5714285714285715)
testing CVE-2019-20218 ...
func:selectExpander
no effects useful
generating opt
no effects useful
no effects useful
no effects useful
CVE-2019-20218: (0.25, 1.0, 0.4)
testing CVE-2019-8457 ...
func:rtreeInit
CVE-2019-8457: (0.5, 1.0, 0.6666666666666666)
testing CVE-2020-11655 ...
func:resetAccumulator
no effects useful
no effects useful
no effects useful
no effects useful
no effects useful
no effects useful
CVE-2020-11655: (0.5, 1.0, 0.6666666666666666)
testing CVE-2020-11656 ...
func:renameWalkWith
no effects useful
no effects useful
no effects useful
CVE-2020-11656: (1.0, 1.0, 1.0)
testing CVE-2020-13434 ...
func:sqlite3_str_vappendf
no effects useful
no effects useful
no effects useful
no effects useful
no effects useful
no effects useful
CVE-2020-13434: (0.5, 1.0, 0.6666666666666666)
testing CVE-2020-13630 ...
func:fts3EvalNextRow
no effects useful
generating opt
no effects useful
no effects useful
CVE-2020-13630: (1.0, 1.0, 1.0)
testing CVE-2020-13632 ...
func:fts3ExprLHits
no effects useful
generating opt
no effects useful
no effects useful
CVE-2020-13632: (1.0, 1.0, 1.0)
testing CVE-2020-15358 ...
func:sqlite3Select
no effects useful
generating opt
no effects useful
no effects useful
CVE-2020-15358: (0.5, 1.0, 0.6666666666666666)
testing CVE-2020-35525 ...
func:multiSelect
no effects useful
no effects useful
no effects useful
no effects useful
CVE-2020-35525: (0.25, 1.0, 0.4)
testing CVE-2020-35527 ...
func:selectExpander
no effects useful
generating opt
no effects useful
no effects useful
no effects useful
CVE-2020-35527: (0.25, 1.0, 0.4)
testing CVE-2021-31239 ...
func:apndOpen
no effects useful
generating opt
no effects useful
no effects useful
no effects useful
CVE-2021-31239: (0.25, 1.0, 0.4)
testing CVE-2021-36690 ...
func:idxGetTableInfo
CVE-2021-36690: (1.0, 1.0, 1.0)
testing CVE-2022-46908 ...
func:safeModeAuth
CVE-2022-46908: (0.5, 1.0, 0.6666666666666666)
all: (0.5294117647058824, 1.0, 0.6923076923076924)