TestJson(file='libxml2-2.9.0-o1-libxml2', cve='CVE-2012-5134', commit='', ground_truth='vuln', project='libxml2') is not valid
TestJson(file='libxml2-2.8.0-o1-libxml2', cve='CVE-2012-5134', commit='', ground_truth='vuln', project='libxml2') is not valid
TestJson(file='libxml2-2.8.0-rc2-o1-libxml2', cve='CVE-2012-5134', commit='', ground_truth='vuln', project='libxml2') is not valid
TestJson(file='libxml2-2.9.1-o1-libxml2', cve='CVE-2012-5134', commit='', ground_truth='patch', project='libxml2') is not valid
TestJson(file='libxml2-2.9.2-rc1-o1-libxml2', cve='CVE-2012-5134', commit='', ground_truth='patch', project='libxml2') is not valid
TestJson(file='libxml2-2.9.2-rc2-o1-libxml2', cve='CVE-2012-5134', commit='', ground_truth='patch', project='libxml2') is not valid
CVE-2013-0338 libxml2-2.9.0-o1-libxml2 truth = vuln result = vuln
CVE-2013-0338 libxml2-2.8.0-o1-libxml2 truth = vuln result = vuln
CVE-2013-0338 libxml2-2.8.0-rc2-o1-libxml2 truth = vuln result = vuln
CVE-2013-0338 libxml2-2.9.1-o1-libxml2 truth = patch result = vuln
CVE-2013-0338 libxml2-2.9.2-rc1-o1-libxml2 truth = patch result = vuln
CVE-2013-0338 libxml2-2.9.2-rc2-o1-libxml2 truth = patch result = vuln
CVE-2013-0339 has no sigs, skip
CVE-2013-0339 has no sigs, skip
CVE-2013-0339 has no sigs, skip
CVE-2013-0339 has no sigs, skip
CVE-2013-0339 has no sigs, skip
CVE-2013-0339 has no sigs, skip
CVE-2013-1969 has no sigs, skip
CVE-2013-1969 has no sigs, skip
CVE-2013-1969 has no sigs, skip
CVE-2013-1969 has no sigs, skip
CVE-2014-3660 has no sigs, skip
CVE-2014-3660 has no sigs, skip
CVE-2014-3660 has no sigs, skip
CVE-2014-3660 has no sigs, skip
CVE-2014-3660 has no sigs, skip
CVE-2014-3660 has no sigs, skip
CVE-2015-5312 has no sigs, skip
CVE-2015-5312 has no sigs, skip
CVE-2015-5312 has no sigs, skip
CVE-2015-5312 has no sigs, skip
CVE-2015-5312 has no sigs, skip
CVE-2015-5312 has no sigs, skip
CVE-2015-7497 libxml2-2.9.2-o1-libxml2 truth = vuln result = patch
CVE-2015-7497 libxml2-2.9.1-o1-libxml2 truth = vuln result = patch
CVE-2015-7497 libxml2-2.9.0-o1-libxml2 truth = vuln result = patch
CVE-2015-7497 libxml2-2.9.4-o1-libxml2 truth = patch result = patch
CVE-2015-7497 libxml2-2.9.5-rc1-o1-libxml2 truth = patch result = patch
CVE-2015-7497 libxml2-2.9.5-rc2-o1-libxml2 truth = patch result = patch
CVE-2015-7498 has no sigs, skip
CVE-2015-7498 has no sigs, skip
CVE-2015-7498 has no sigs, skip
CVE-2015-7498 has no sigs, skip
CVE-2015-7498 has no sigs, skip
CVE-2015-7498 has no sigs, skip
CVE-2015-7499 has no sigs, skip
CVE-2015-7499 has no sigs, skip
CVE-2015-7499 has no sigs, skip
CVE-2015-7499 has no sigs, skip
CVE-2015-7499 has no sigs, skip
CVE-2015-7499 has no sigs, skip
CVE-2015-7500 has no sigs, skip
CVE-2015-7500 has no sigs, skip
CVE-2015-7500 has no sigs, skip
CVE-2015-7500 has no sigs, skip
CVE-2015-7500 has no sigs, skip
CVE-2015-7500 has no sigs, skip
CVE-2015-7941 libxml2-2.9.2-o1-libxml2 truth = vuln result = vuln
CVE-2015-7941 libxml2-2.9.3-o1-libxml2 truth = patch result = vuln
CVE-2015-7941 libxml2-2.9.4-o1-libxml2 truth = patch result = vuln
CVE-2015-7941 libxml2-2.9.5-rc1-o1-libxml2 truth = patch result = vuln
CVE-2015-8241 has no sigs, skip
CVE-2015-8241 has no sigs, skip
CVE-2015-8241 has no sigs, skip
CVE-2015-8241 has no sigs, skip
CVE-2015-8241 has no sigs, skip
CVE-2015-8241 has no sigs, skip
CVE-2015-8242 has no sigs, skip
CVE-2015-8242 has no sigs, skip
CVE-2015-8242 has no sigs, skip
CVE-2015-8242 has no sigs, skip
CVE-2015-8242 has no sigs, skip
CVE-2015-8242 has no sigs, skip
CVE-2015-8317 has no sigs, skip
CVE-2015-8317 has no sigs, skip
CVE-2015-8317 has no sigs, skip
CVE-2015-8317 has no sigs, skip
CVE-2015-8317 has no sigs, skip
CVE-2015-8317 has no sigs, skip
CVE-2015-8710 libxml2-2.9.2-o1-libxml2 truth = vuln result = patch
CVE-2015-8710 libxml2-2.9.2-rc2-o1-libxml2 truth = vuln result = patch
CVE-2015-8710 libxml2-2.9.2-rc1-o1-libxml2 truth = vuln result = patch
CVE-2015-8710 libxml2-2.9.3-o1-libxml2 truth = patch result = patch
CVE-2015-8710 libxml2-2.9.4-o1-libxml2 truth = patch result = patch
CVE-2015-8710 libxml2-2.9.5-rc1-o1-libxml2 truth = patch result = patch
TestJson(file='libxml2-2.9.3-o1-libxml2', cve='CVE-2016-1762', commit='', ground_truth='vuln', project='libxml2') is not valid
TestJson(file='libxml2-2.9.2-o1-libxml2', cve='CVE-2016-1762', commit='', ground_truth='vuln', project='libxml2') is not valid
TestJson(file='libxml2-2.9.2-rc2-o1-libxml2', cve='CVE-2016-1762', commit='', ground_truth='vuln', project='libxml2') is not valid
TestJson(file='libxml2-2.9.4-o1-libxml2', cve='CVE-2016-1762', commit='', ground_truth='patch', project='libxml2') is not valid
TestJson(file='libxml2-2.9.5-rc1-o1-libxml2', cve='CVE-2016-1762', commit='', ground_truth='patch', project='libxml2') is not valid
TestJson(file='libxml2-2.9.5-rc2-o1-libxml2', cve='CVE-2016-1762', commit='', ground_truth='patch', project='libxml2') is not valid
CVE-2016-1833 has no sigs, skip
CVE-2016-1833 has no sigs, skip
CVE-2016-1833 has no sigs, skip
CVE-2016-1833 has no sigs, skip
CVE-2016-1833 has no sigs, skip
CVE-2016-1833 has no sigs, skip
CVE-2016-1834 has no sigs, skip
CVE-2016-1834 has no sigs, skip
CVE-2016-1834 has no sigs, skip
CVE-2016-1834 has no sigs, skip
CVE-2016-1834 has no sigs, skip
CVE-2016-1834 has no sigs, skip
TestJson(file='libxml2-2.9.3-o1-libxml2', cve='CVE-2016-1836', commit='', ground_truth='vuln', project='libxml2') is not valid
TestJson(file='libxml2-2.9.2-o1-libxml2', cve='CVE-2016-1836', commit='', ground_truth='vuln', project='libxml2') is not valid
TestJson(file='libxml2-2.9.2-rc2-o1-libxml2', cve='CVE-2016-1836', commit='', ground_truth='vuln', project='libxml2') is not valid
TestJson(file='libxml2-2.9.5-rc1-o1-libxml2', cve='CVE-2016-1836', commit='', ground_truth='patch', project='libxml2') is not valid
TestJson(file='libxml2-2.9.5-rc2-o1-libxml2', cve='CVE-2016-1836', commit='', ground_truth='patch', project='libxml2') is not valid
TestJson(file='libxml2-2.9.5-o1-libxml2', cve='CVE-2016-1836', commit='', ground_truth='patch', project='libxml2') is not valid
CVE-2016-1837 has no sigs, skip
CVE-2016-1837 has no sigs, skip
CVE-2016-1837 has no sigs, skip
CVE-2016-1837 has no sigs, skip
CVE-2016-1837 has no sigs, skip
CVE-2016-1837 has no sigs, skip
TestJson(file='libxml2-2.9.4-o1-libxml2', cve='CVE-2016-1838', commit='', ground_truth='vuln', project='libxml2') is not valid
TestJson(file='libxml2-2.9.3-o1-libxml2', cve='CVE-2016-1838', commit='', ground_truth='vuln', project='libxml2') is not valid
TestJson(file='libxml2-2.9.2-o1-libxml2', cve='CVE-2016-1838', commit='', ground_truth='vuln', project='libxml2') is not valid
TestJson(file='libxml2-2.9.5-rc1-o1-libxml2', cve='CVE-2016-1838', commit='', ground_truth='patch', project='libxml2') is not valid
TestJson(file='libxml2-2.9.5-rc2-o1-libxml2', cve='CVE-2016-1838', commit='', ground_truth='patch', project='libxml2') is not valid
TestJson(file='libxml2-2.9.5-o1-libxml2', cve='CVE-2016-1838', commit='', ground_truth='patch', project='libxml2') is not valid
TestJson(file='libxml2-2.9.3-o1-libxml2', cve='CVE-2016-1840', commit='', ground_truth='vuln', project='libxml2') is not valid
TestJson(file='libxml2-2.9.2-o1-libxml2', cve='CVE-2016-1840', commit='', ground_truth='vuln', project='libxml2') is not valid
TestJson(file='libxml2-2.9.2-rc2-o1-libxml2', cve='CVE-2016-1840', commit='', ground_truth='vuln', project='libxml2') is not valid
TestJson(file='libxml2-2.9.5-rc1-o1-libxml2', cve='CVE-2016-1840', commit='', ground_truth='patch', project='libxml2') is not valid
TestJson(file='libxml2-2.9.5-rc2-o1-libxml2', cve='CVE-2016-1840', commit='', ground_truth='patch', project='libxml2') is not valid
TestJson(file='libxml2-2.9.5-o1-libxml2', cve='CVE-2016-1840', commit='', ground_truth='patch', project='libxml2') is not valid
CVE-2016-4449 has no sigs, skip
CVE-2016-4449 has no sigs, skip
CVE-2016-4449 has no sigs, skip
CVE-2016-4449 has no sigs, skip
CVE-2016-4449 has no sigs, skip
CVE-2016-4449 has no sigs, skip
TestJson(file='libxml2-2.9.3-o1-libxml2', cve='CVE-2016-4483', commit='', ground_truth='vuln', project='libxml2') is not valid
TestJson(file='libxml2-2.9.2-o1-libxml2', cve='CVE-2016-4483', commit='', ground_truth='vuln', project='libxml2') is not valid
TestJson(file='libxml2-2.9.2-rc2-o1-libxml2', cve='CVE-2016-4483', commit='', ground_truth='vuln', project='libxml2') is not valid
TestJson(file='libxml2-2.9.5-rc1-o1-libxml2', cve='CVE-2016-4483', commit='', ground_truth='patch', project='libxml2') is not valid
TestJson(file='libxml2-2.9.5-rc2-o1-libxml2', cve='CVE-2016-4483', commit='', ground_truth='patch', project='libxml2') is not valid
TestJson(file='libxml2-2.9.5-o1-libxml2', cve='CVE-2016-4483', commit='', ground_truth='patch', project='libxml2') is not valid
CVE-2016-4658 has no sigs, skip
CVE-2016-4658 has no sigs, skip
CVE-2016-4658 has no sigs, skip
CVE-2016-4658 has no sigs, skip
CVE-2016-4658 has no sigs, skip
CVE-2016-4658 has no sigs, skip
TestJson(file='libxml2-2.9.4-o1-libxml2', cve='CVE-2017-16931', commit='', ground_truth='vuln', project='libxml2') is not valid
TestJson(file='libxml2-2.9.3-o1-libxml2', cve='CVE-2017-16931', commit='', ground_truth='vuln', project='libxml2') is not valid
TestJson(file='libxml2-2.9.2-o1-libxml2', cve='CVE-2017-16931', commit='', ground_truth='vuln', project='libxml2') is not valid
TestJson(file='libxml2-2.9.5-rc1-o1-libxml2', cve='CVE-2017-16931', commit='', ground_truth='patch', project='libxml2') is not valid
TestJson(file='libxml2-2.9.5-rc2-o1-libxml2', cve='CVE-2017-16931', commit='', ground_truth='patch', project='libxml2') is not valid
TestJson(file='libxml2-2.9.5-o1-libxml2', cve='CVE-2017-16931', commit='', ground_truth='patch', project='libxml2') is not valid
CVE-2017-16932 has no sigs, skip
CVE-2017-16932 has no sigs, skip
CVE-2017-16932 has no sigs, skip
CVE-2017-16932 has no sigs, skip
CVE-2017-16932 has no sigs, skip
CVE-2017-16932 has no sigs, skip
CVE-2017-5130 has no sigs, skip
CVE-2017-5130 has no sigs, skip
CVE-2017-5130 has no sigs, skip
CVE-2017-5130 has no sigs, skip
CVE-2017-5130 has no sigs, skip
CVE-2017-5130 has no sigs, skip
CVE-2017-7375 has no sigs, skip
CVE-2017-7375 has no sigs, skip
CVE-2017-7375 has no sigs, skip
CVE-2017-7375 has no sigs, skip
CVE-2017-7375 has no sigs, skip
CVE-2017-7375 has no sigs, skip
CVE-2018-14404 libxml2-2.9.8-o1-libxml2 truth = vuln result = vuln
CVE-2018-14404 libxml2-2.9.7-o1-libxml2 truth = vuln result = vuln
CVE-2018-14404 libxml2-2.9.7-rc1-o1-libxml2 truth = vuln result = vuln
CVE-2018-14404 libxml2-2.9.9-rc1-o1-libxml2 truth = patch result = vuln
CVE-2018-14404 libxml2-2.9.9-rc2-o1-libxml2 truth = patch result = vuln
CVE-2018-14404 libxml2-2.9.9-o1-libxml2 truth = patch result = vuln
CVE-2019-19956 has no sigs, skip
CVE-2019-19956 has no sigs, skip
CVE-2019-19956 has no sigs, skip
CVE-2019-19956 has no sigs, skip
CVE-2019-19956 has no sigs, skip
CVE-2019-19956 has no sigs, skip
CVE-2020-7595 has no sigs, skip
CVE-2020-7595 has no sigs, skip
CVE-2020-7595 has no sigs, skip
CVE-2020-7595 has no sigs, skip
CVE-2022-23308 has no sigs, skip
CVE-2022-23308 has no sigs, skip
CVE-2022-23308 has no sigs, skip
CVE-2022-23308 has no sigs, skip
CVE-2022-23308 has no sigs, skip
CVE-2022-23308 has no sigs, skip
TestJson(file='libxml2-2.9.13-o1-libxml2', cve='CVE-2022-29824', commit='', ground_truth='vuln', project='libxml2') is not valid
TestJson(file='libxml2-2.9.11-o1-libxml2', cve='CVE-2022-29824', commit='', ground_truth='vuln', project='libxml2') is not valid
TestJson(file='libxml2-2.9.12-o1-libxml2', cve='CVE-2022-29824', commit='', ground_truth='vuln', project='libxml2') is not valid
TestJson(file='libxml2-2.10.0-o1-libxml2', cve='CVE-2022-29824', commit='', ground_truth='patch', project='libxml2') is not valid
TestJson(file='libxml2-2.10.1-o1-libxml2', cve='CVE-2022-29824', commit='', ground_truth='patch', project='libxml2') is not valid
TestJson(file='libxml2-2.10.2-o1-libxml2', cve='CVE-2022-29824', commit='', ground_truth='patch', project='libxml2') is not valid
TestJson(file='libxml2-2.10.2-o1-libxml2', cve='CVE-2022-40303', commit='', ground_truth='vuln', project='libxml2') is not valid
TestJson(file='libxml2-2.10.1-o1-libxml2', cve='CVE-2022-40303', commit='', ground_truth='vuln', project='libxml2') is not valid
TestJson(file='libxml2-2.10.0-o1-libxml2', cve='CVE-2022-40303', commit='', ground_truth='vuln', project='libxml2') is not valid
TestJson(file='libxml2-2.10.4-o1-libxml2', cve='CVE-2022-40303', commit='', ground_truth='patch', project='libxml2') is not valid
TestJson(file='libxml2-2.11.0-o1-libxml2', cve='CVE-2022-40303', commit='', ground_truth='patch', project='libxml2') is not valid
TestJson(file='libxml2-2.11.1-o1-libxml2', cve='CVE-2022-40303', commit='', ground_truth='patch', project='libxml2') is not valid
CVE-2022-40304 libxml2-2.10.2-o1-libxml2 truth = vuln result = vuln
CVE-2022-40304 libxml2-2.10.1-o1-libxml2 truth = vuln result = vuln
CVE-2022-40304 libxml2-2.10.0-o1-libxml2 truth = vuln result = vuln
TestJson(file='libxml2-2.10.4-o1-libxml2', cve='CVE-2022-40304', commit='', ground_truth='patch', project='libxml2') is not valid
TestJson(file='libxml2-2.11.0-o1-libxml2', cve='CVE-2022-40304', commit='', ground_truth='patch', project='libxml2') is not valid
TestJson(file='libxml2-2.11.1-o1-libxml2', cve='CVE-2022-40304', commit='', ground_truth='patch', project='libxml2') is not valid
CVE-2023-28484 libxml2-2.10.3-o1-libxml2 truth = vuln result = patch
CVE-2023-28484 libxml2-2.10.2-o1-libxml2 truth = vuln result = patch
CVE-2023-28484 libxml2-2.10.1-o1-libxml2 truth = vuln result = patch
CVE-2023-28484 libxml2-2.11.0-o1-libxml2 truth = patch result = patch
CVE-2023-28484 libxml2-2.11.1-o1-libxml2 truth = patch result = patch
CVE-2023-28484 libxml2-2.11.2-o1-libxml2 truth = patch result = patch