CVE ID: CVE-2017-8395
Target Binary: /binaries/target/binutils/binutils-2.28-o1-objdump
Vulnerable Function Name: bfd_init_section_compress_status
Overall Score is: 0.567
--------------------------------------------
CVE ID: CVE-2017-8395
Target Binary: /binaries/target/binutils/binutils-2.29-o1-objdump
Vulnerable Function Name: bfd_init_section_compress_status
Overall Score is: 0.567
--------------------------------------------
CVE ID: CVE-2017-8395
Target Binary: /binaries/target/binutils/binutils-2.29.1-o1-objdump
Vulnerable Function Name: bfd_init_section_compress_status
Overall Score is: 0.567
--------------------------------------------
CVE ID: CVE-2017-8395
Target Binary: /binaries/target/binutils/binutils-2.30-o1-objdump
Vulnerable Function Name: bfd_init_section_compress_status
Overall Score is: 0.567
--------------------------------------------
CVE ID: CVE-2017-8396
Target Binary: /binaries/target/binutils/binutils-2.28-o1-objdump
Vulnerable Function Name: _bfd_final_link_relocate
Overall Score is: -0.645
--------------------------------------------
CVE ID: CVE-2017-8396
Target Binary: /binaries/target/binutils/binutils-2.29-o1-objdump
Vulnerable Function Name: _bfd_final_link_relocate
Overall Score is: 0.870
--------------------------------------------
CVE ID: CVE-2017-8396
Target Binary: /binaries/target/binutils/binutils-2.29.1-o1-objdump
Vulnerable Function Name: _bfd_final_link_relocate
Overall Score is: 0.870
--------------------------------------------
CVE ID: CVE-2017-8396
Target Binary: /binaries/target/binutils/binutils-2.30-o1-objdump
Vulnerable Function Name: _bfd_final_link_relocate
Overall Score is: 0.870
--------------------------------------------
CVE ID: CVE-2017-8396
Target Binary: /binaries/target/binutils/binutils-2.28-o1-objdump
Vulnerable Function Name: bfd_install_relocation
Overall Score is: -0.727
--------------------------------------------
CVE ID: CVE-2017-8396
Target Binary: /binaries/target/binutils/binutils-2.29-o1-objdump
Vulnerable Function Name: bfd_install_relocation
Overall Score is: 0.747
--------------------------------------------
CVE ID: CVE-2017-8396
Target Binary: /binaries/target/binutils/binutils-2.29.1-o1-objdump
Vulnerable Function Name: bfd_install_relocation
Overall Score is: 0.747
--------------------------------------------
CVE ID: CVE-2017-8396
Target Binary: /binaries/target/binutils/binutils-2.30-o1-objdump
Vulnerable Function Name: bfd_install_relocation
Overall Score is: 0.747
--------------------------------------------
CVE ID: CVE-2017-9954
Target Binary: /binaries/target/binutils/binutils-2.28-o1-objdump
Vulnerable Function Name: pass_over
Overall Score is: -0.107
--------------------------------------------
CVE ID: CVE-2017-9954
Target Binary: /binaries/target/binutils/binutils-2.29-o1-objdump
Vulnerable Function Name: pass_over
Overall Score is: -0.107
--------------------------------------------
CVE ID: CVE-2017-9954
Target Binary: /binaries/target/binutils/binutils-2.29.1-o1-objdump
Vulnerable Function Name: pass_over
Overall Score is: -0.107
--------------------------------------------
CVE ID: CVE-2017-9954
Target Binary: /binaries/target/binutils/binutils-2.30-o1-objdump
Vulnerable Function Name: pass_over
Overall Score is: -0.107
--------------------------------------------
CVE ID: CVE-2017-9954
Target Binary: /binaries/target/binutils/binutils-2.28-o1-objdump
Vulnerable Function Name: getvalue
Overall Score is: -0.590
--------------------------------------------
CVE ID: CVE-2017-9954
Target Binary: /binaries/target/binutils/binutils-2.29-o1-objdump
Vulnerable Function Name: getvalue
Overall Score is: 0.575
--------------------------------------------
CVE ID: CVE-2017-9954
Target Binary: /binaries/target/binutils/binutils-2.29.1-o1-objdump
Vulnerable Function Name: getvalue
Overall Score is: 0.575
--------------------------------------------
CVE ID: CVE-2017-9954
Target Binary: /binaries/target/binutils/binutils-2.30-o1-objdump
Vulnerable Function Name: getvalue
Overall Score is: 0.575
--------------------------------------------
CVE ID: CVE-2017-14129
Target Binary: /binaries/target/binutils/binutils-2.29-o1-objdump
Vulnerable Function Name: read_section
Overall Score is: -0.191
--------------------------------------------
CVE ID: CVE-2017-14129
Target Binary: /binaries/target/binutils/binutils-2.29.1-o1-objdump
Vulnerable Function Name: read_section
Overall Score is: -0.191
--------------------------------------------
CVE ID: CVE-2017-14129
Target Binary: /binaries/target/binutils/binutils-2.30-o1-objdump
Vulnerable Function Name: read_section
Overall Score is: -0.191
--------------------------------------------
CVE ID: CVE-2017-14129
Target Binary: /binaries/target/binutils/binutils-2.31-o1-objdump
Vulnerable Function Name: read_section
Overall Score is: -0.191
--------------------------------------------
CVE ID: CVE-2017-12448
Target Binary: /binaries/target/binutils/binutils-2.29-o1-objdump
Vulnerable Function Name: bfd_generic_archive_p
Overall Score is: 0.011
--------------------------------------------
CVE ID: CVE-2017-12448
Target Binary: /binaries/target/binutils/binutils-2.28-o1-objdump
Vulnerable Function Name: bfd_generic_archive_p
Overall Score is: 0.011
--------------------------------------------
CVE ID: CVE-2017-12448
Target Binary: /binaries/target/binutils/binutils-2.29.1-o1-objdump
Vulnerable Function Name: bfd_generic_archive_p
Overall Score is: 0.300
--------------------------------------------
CVE ID: CVE-2017-12448
Target Binary: /binaries/target/binutils/binutils-2.30-o1-objdump
Vulnerable Function Name: bfd_generic_archive_p
Overall Score is: 0.300
--------------------------------------------
CVE ID: CVE-2017-12448
Target Binary: /binaries/target/binutils/binutils-2.31-o1-objdump
Vulnerable Function Name: bfd_generic_archive_p
Overall Score is: 0.167
--------------------------------------------
CVE ID: CVE-2017-15024
Target Binary: /binaries/target/binutils/binutils-2.29-o1-objdump
Vulnerable Function Name: scan_unit_for_symbols
Overall Score is: 0.124
--------------------------------------------
CVE ID: CVE-2017-15024
Target Binary: /binaries/target/binutils/binutils-2.29.1-o1-objdump
Vulnerable Function Name: scan_unit_for_symbols
Overall Score is: 0.124
--------------------------------------------
CVE ID: CVE-2017-15024
Target Binary: /binaries/target/binutils/binutils-2.30-o1-objdump
Vulnerable Function Name: scan_unit_for_symbols
Overall Score is: 0.233
--------------------------------------------
CVE ID: CVE-2017-15024
Target Binary: /binaries/target/binutils/binutils-2.31-o1-objdump
Vulnerable Function Name: scan_unit_for_symbols
Overall Score is: 0.233
--------------------------------------------
CVE ID: CVE-2017-15024
Target Binary: /binaries/target/binutils/binutils-2.29-o1-objdump
Vulnerable Function Name: find_abstract_instance_name
Overall Score is: -0.392
--------------------------------------------
CVE ID: CVE-2017-15024
Target Binary: /binaries/target/binutils/binutils-2.29.1-o1-objdump
Vulnerable Function Name: find_abstract_instance_name
Overall Score is: -0.392
--------------------------------------------
CVE ID: CVE-2017-15024
Target Binary: /binaries/target/binutils/binutils-2.30-o1-objdump
Vulnerable Function Name: find_abstract_instance_name
Overall Score is: 0.662
--------------------------------------------
CVE ID: CVE-2017-15020
Target Binary: /binaries/target/binutils/binutils-2.29-o1-objdump
Vulnerable Function Name: parse_die
Overall Score is: 0.565
--------------------------------------------
CVE ID: CVE-2017-15020
Target Binary: /binaries/target/binutils/binutils-2.30-o1-objdump
Vulnerable Function Name: parse_die
Overall Score is: 0.427
--------------------------------------------
CVE ID: CVE-2017-15020
Target Binary: /binaries/target/binutils/binutils-2.31-o1-objdump
Vulnerable Function Name: parse_die
Overall Score is: 0.427
--------------------------------------------
CVE ID: CVE-2017-15020
Target Binary: /binaries/target/binutils/binutils-2.31.1-o1-objdump
Vulnerable Function Name: parse_die
Overall Score is: 0.427
--------------------------------------------
CVE ID: CVE-2017-15023
Target Binary: /binaries/target/binutils/binutils-2.29-o1-objdump
Vulnerable Function Name: read_formatted_entries
Overall Score is: -0.421
--------------------------------------------
CVE ID: CVE-2017-15023
Target Binary: /binaries/target/binutils/binutils-2.30-o1-objdump
Vulnerable Function Name: read_formatted_entries
Overall Score is: -0.592
--------------------------------------------
CVE ID: CVE-2017-15023
Target Binary: /binaries/target/binutils/binutils-2.31-o1-objdump
Vulnerable Function Name: read_formatted_entries
Overall Score is: -0.592
--------------------------------------------
CVE ID: CVE-2017-15023
Target Binary: /binaries/target/binutils/binutils-2.31.1-o1-objdump
Vulnerable Function Name: read_formatted_entries
Overall Score is: -0.592
--------------------------------------------
CVE ID: CVE-2017-14933
Target Binary: /binaries/target/binutils/binutils-2.29-o1-objdump
Vulnerable Function Name: read_formatted_entries
Overall Score is: 0.738
--------------------------------------------
CVE ID: CVE-2017-14933
Target Binary: /binaries/target/binutils/binutils-2.30-o1-objdump
Vulnerable Function Name: read_formatted_entries
Overall Score is: 0.738
--------------------------------------------
CVE ID: CVE-2017-14933
Target Binary: /binaries/target/binutils/binutils-2.31-o1-objdump
Vulnerable Function Name: read_formatted_entries
Overall Score is: 0.738
--------------------------------------------
CVE ID: CVE-2017-14933
Target Binary: /binaries/target/binutils/binutils-2.31.1-o1-objdump
Vulnerable Function Name: read_formatted_entries
Overall Score is: 0.738
--------------------------------------------
CVE ID: CVE-2017-15938
Target Binary: /binaries/target/binutils/binutils-2.29-o1-objdump
Vulnerable Function Name: find_abstract_instance_name
Overall Score is: -0.317
--------------------------------------------
CVE ID: CVE-2017-15938
Target Binary: /binaries/target/binutils/binutils-2.30-o1-objdump
Vulnerable Function Name: find_abstract_instance_name
Overall Score is: 0.900
--------------------------------------------
CVE ID: CVE-2017-15939
Target Binary: /binaries/target/binutils/binutils-2.29-o1-objdump
Vulnerable Function Name: decode_line_info
Overall Score is: 0.233
--------------------------------------------
CVE ID: CVE-2017-15939
Target Binary: /binaries/target/binutils/binutils-2.30-o1-objdump
Vulnerable Function Name: decode_line_info
Overall Score is: 0.233
--------------------------------------------
CVE ID: CVE-2017-15939
Target Binary: /binaries/target/binutils/binutils-2.31-o1-objdump
Vulnerable Function Name: decode_line_info
Overall Score is: 0.233
--------------------------------------------
CVE ID: CVE-2017-15939
Target Binary: /binaries/target/binutils/binutils-2.31.1-o1-objdump
Vulnerable Function Name: decode_line_info
Overall Score is: 0.233
--------------------------------------------
CVE ID: CVE-2017-15996
Target Binary: /binaries/target/binutils/binutils-2.29-o1-objdump
Vulnerable Function Name: process_archive_index_and_symbols
Overall Score is: 0.015
--------------------------------------------
CVE ID: CVE-2017-15996
Target Binary: /binaries/target/binutils/binutils-2.30-o1-objdump
Vulnerable Function Name: process_archive_index_and_symbols
Overall Score is: 0.199
--------------------------------------------
CVE ID: CVE-2017-15996
Target Binary: /binaries/target/binutils/binutils-2.31-o1-objdump
Vulnerable Function Name: process_archive_index_and_symbols
Overall Score is: 0.199
--------------------------------------------
CVE ID: CVE-2017-15996
Target Binary: /binaries/target/binutils/binutils-2.31.1-o1-objdump
Vulnerable Function Name: process_archive_index_and_symbols
Overall Score is: 0.199
--------------------------------------------
CVE ID: CVE-2017-16831
Target Binary: /binaries/target/binutils/binutils-2.29.1-o1-objdump
Vulnerable Function Name: coff_get_normalized_symtab
Overall Score is: 0.219
--------------------------------------------
CVE ID: CVE-2017-16831
Target Binary: /binaries/target/binutils/binutils-2.30-o1-objdump
Vulnerable Function Name: coff_get_normalized_symtab
Overall Score is: 0.221
--------------------------------------------
CVE ID: CVE-2017-16831
Target Binary: /binaries/target/binutils/binutils-2.31-o1-objdump
Vulnerable Function Name: coff_get_normalized_symtab
Overall Score is: 0.221
--------------------------------------------
CVE ID: CVE-2017-16831
Target Binary: /binaries/target/binutils/binutils-2.31.1-o1-objdump
Vulnerable Function Name: coff_get_normalized_symtab
Overall Score is: 0.221
--------------------------------------------
CVE ID: CVE-2017-16831
Target Binary: /binaries/target/binutils/binutils-2.29.1-o1-objdump
Vulnerable Function Name: _bfd_coff_get_external_symbols
Overall Score is: 0.148
--------------------------------------------
CVE ID: CVE-2017-16831
Target Binary: /binaries/target/binutils/binutils-2.30-o1-objdump
Vulnerable Function Name: _bfd_coff_get_external_symbols
Overall Score is: -0.004
--------------------------------------------
CVE ID: CVE-2017-16831
Target Binary: /binaries/target/binutils/binutils-2.31-o1-objdump
Vulnerable Function Name: _bfd_coff_get_external_symbols
Overall Score is: -0.017
--------------------------------------------
CVE ID: CVE-2017-16831
Target Binary: /binaries/target/binutils/binutils-2.31.1-o1-objdump
Vulnerable Function Name: _bfd_coff_get_external_symbols
Overall Score is: -0.017
--------------------------------------------
CVE ID: CVE-2018-6543
Target Binary: /binaries/target/binutils/binutils-2.30-o1-objdump
Vulnerable Function Name: load_specific_debug_section
Overall Score is: 0.031
--------------------------------------------
CVE ID: CVE-2018-6543
Target Binary: /binaries/target/binutils/binutils-2.31-o1-objdump
Vulnerable Function Name: load_specific_debug_section
Overall Score is: 0.120
--------------------------------------------
CVE ID: CVE-2018-6543
Target Binary: /binaries/target/binutils/binutils-2.31.1-o1-objdump
Vulnerable Function Name: load_specific_debug_section
Overall Score is: 0.120
--------------------------------------------
CVE ID: CVE-2018-6543
Target Binary: /binaries/target/binutils/binutils-2.32-o1-objdump
Vulnerable Function Name: load_specific_debug_section
Overall Score is: -0.024
--------------------------------------------
CVE ID: CVE-2018-6759
Target Binary: /binaries/target/binutils/binutils-2.30-o1-objdump
Vulnerable Function Name: bfd_get_debug_link_info_1
Overall Score is: 0.531
--------------------------------------------
CVE ID: CVE-2018-6759
Target Binary: /binaries/target/binutils/binutils-2.31-o1-objdump
Vulnerable Function Name: bfd_get_debug_link_info_1
Overall Score is: 0.531
--------------------------------------------
CVE ID: CVE-2018-6759
Target Binary: /binaries/target/binutils/binutils-2.31.1-o1-objdump
Vulnerable Function Name: bfd_get_debug_link_info_1
Overall Score is: 0.531
--------------------------------------------
CVE ID: CVE-2018-6759
Target Binary: /binaries/target/binutils/binutils-2.32-o1-objdump
Vulnerable Function Name: bfd_get_debug_link_info_1
Overall Score is: 0.531
--------------------------------------------
CVE ID: CVE-2018-10372
Target Binary: /binaries/target/binutils/binutils-2.30-o1-objdump
Vulnerable Function Name: process_cu_tu_index
Overall Score is: 0.233
--------------------------------------------
CVE ID: CVE-2018-10372
Target Binary: /binaries/target/binutils/binutils-2.31-o1-objdump
Vulnerable Function Name: process_cu_tu_index
Overall Score is: 0.233
--------------------------------------------
CVE ID: CVE-2018-10372
Target Binary: /binaries/target/binutils/binutils-2.31.1-o1-objdump
Vulnerable Function Name: process_cu_tu_index
Overall Score is: 0.233
--------------------------------------------
CVE ID: CVE-2018-10372
Target Binary: /binaries/target/binutils/binutils-2.32-o1-objdump
Vulnerable Function Name: process_cu_tu_index
Overall Score is: 0.233
--------------------------------------------
CVE ID: CVE-2018-10373
Target Binary: /binaries/target/binutils/binutils-2.30-o1-objdump
Vulnerable Function Name: concat_filename
Overall Score is: 0.100
--------------------------------------------
CVE ID: CVE-2018-10373
Target Binary: /binaries/target/binutils/binutils-2.31-o1-objdump
Vulnerable Function Name: concat_filename
Overall Score is: 0.407
--------------------------------------------
CVE ID: CVE-2018-10373
Target Binary: /binaries/target/binutils/binutils-2.31.1-o1-objdump
Vulnerable Function Name: concat_filename
Overall Score is: 0.407
--------------------------------------------
CVE ID: CVE-2018-10373
Target Binary: /binaries/target/binutils/binutils-2.32-o1-objdump
Vulnerable Function Name: concat_filename
Overall Score is: 0.407
--------------------------------------------
CVE ID: CVE-2018-8945
Target Binary: /binaries/target/binutils/binutils-2.30-o1-objdump
Vulnerable Function Name: _bfd_elf_parse_attributes
Overall Score is: 0.544
--------------------------------------------
CVE ID: CVE-2018-8945
Target Binary: /binaries/target/binutils/binutils-2.31-o1-objdump
Vulnerable Function Name: _bfd_elf_parse_attributes
Overall Score is: 0.544
--------------------------------------------
CVE ID: CVE-2018-8945
Target Binary: /binaries/target/binutils/binutils-2.31.1-o1-objdump
Vulnerable Function Name: _bfd_elf_parse_attributes
Overall Score is: 0.544
--------------------------------------------
CVE ID: CVE-2018-8945
Target Binary: /binaries/target/binutils/binutils-2.32-o1-objdump
Vulnerable Function Name: _bfd_elf_parse_attributes
Overall Score is: 0.544
--------------------------------------------
CVE ID: CVE-2018-20671
Target Binary: /binaries/target/binutils/binutils-2.31.1-o1-objdump
Vulnerable Function Name: load_specific_debug_section
Overall Score is: -0.016
--------------------------------------------
CVE ID: CVE-2018-20671
Target Binary: /binaries/target/binutils/binutils-2.31-o1-objdump
Vulnerable Function Name: load_specific_debug_section
Overall Score is: -0.016
--------------------------------------------
CVE ID: CVE-2018-20671
Target Binary: /binaries/target/binutils/binutils-2.30-o1-objdump
Vulnerable Function Name: load_specific_debug_section
Overall Score is: -0.099
--------------------------------------------
CVE ID: CVE-2018-20671
Target Binary: /binaries/target/binutils/binutils-2.32-o1-objdump
Vulnerable Function Name: load_specific_debug_section
Overall Score is: 0.563
--------------------------------------------
CVE ID: CVE-2018-20671
Target Binary: /binaries/target/binutils/binutils-2.33.1-o1-objdump
Vulnerable Function Name: load_specific_debug_section
Overall Score is: -0.107
--------------------------------------------
CVE ID: CVE-2018-20671
Target Binary: /binaries/target/binutils/binutils-2.34-o1-objdump
Vulnerable Function Name: load_specific_debug_section
Overall Score is: -0.109
--------------------------------------------
CVE ID: CVE-2021-20294
Target Binary: /binaries/target/binutils/binutils-2.35.1-o1-readelf
Vulnerable Function Name: print_dynamic_symbol
Overall Score is: 0.054
--------------------------------------------
CVE ID: CVE-2021-20294
Target Binary: /binaries/target/binutils/binutils-2.35-o1-readelf
Vulnerable Function Name: print_dynamic_symbol
Overall Score is: 0.054
--------------------------------------------
CVE ID: CVE-2021-20294
Target Binary: /binaries/target/binutils/binutils-2.35.2-o1-readelf
Vulnerable Function Name: print_dynamic_symbol
Overall Score is: 0.397
--------------------------------------------
CVE ID: CVE-2021-20294
Target Binary: /binaries/target/binutils/binutils-2.36.1-o1-readelf
Vulnerable Function Name: print_dynamic_symbol
Overall Score is: 0.397
--------------------------------------------
CVE ID: CVE-2021-20294
Target Binary: /binaries/target/binutils/binutils-2.37-o1-readelf
Vulnerable Function Name: print_dynamic_symbol
Overall Score is: 0.476
--------------------------------------------
CVE ID: CVE-2023-25586
Target Binary: /binaries/target/binutils/binutils-2.41-o1-objdump
Vulnerable Function Name: bfd_init_section_decompress_status
Overall Score is: 0.226
--------------------------------------------
CVE ID: CVE-2023-25586
Target Binary: /binaries/target/binutils/binutils-2.42-o1-objdump
Vulnerable Function Name: bfd_init_section_decompress_status
Overall Score is: 0.226
--------------------------------------------
CVE ID: CVE-2023-25586
Target Binary: /binaries/target/binutils/binutils-2.43-o1-objdump
Vulnerable Function Name: bfd_init_section_decompress_status
Overall Score is: 0.226
--------------------------------------------
CVE ID: CVE-2022-48063
Target Binary: /binaries/target/binutils/binutils-2.39-o1-objdump
Vulnerable Function Name: load_specific_debug_section
Overall Score is: 0.135
--------------------------------------------
CVE ID: CVE-2022-48063
Target Binary: /binaries/target/binutils/binutils-2.38-o1-objdump
Vulnerable Function Name: load_specific_debug_section
Overall Score is: 0.135
--------------------------------------------
CVE ID: CVE-2022-48063
Target Binary: /binaries/target/binutils/binutils-2.37-o1-objdump
Vulnerable Function Name: load_specific_debug_section
Overall Score is: -0.139
--------------------------------------------
CVE ID: CVE-2022-48063
Target Binary: /binaries/target/binutils/binutils-2.41-o1-objdump
Vulnerable Function Name: load_specific_debug_section
Overall Score is: 0.020
--------------------------------------------
CVE ID: CVE-2022-48063
Target Binary: /binaries/target/binutils/binutils-2.42-o1-objdump
Vulnerable Function Name: load_specific_debug_section
Overall Score is: 0.020
--------------------------------------------
CVE ID: CVE-2022-48065
Target Binary: /binaries/target/binutils/binutils-2.39-o1-objdump
Vulnerable Function Name: find_abstract_instance
Overall Score is: 0.233
--------------------------------------------
CVE ID: CVE-2022-48065
Target Binary: /binaries/target/binutils/binutils-2.38-o1-objdump
Vulnerable Function Name: find_abstract_instance
Overall Score is: 0.233
--------------------------------------------
CVE ID: CVE-2022-48065
Target Binary: /binaries/target/binutils/binutils-2.37-o1-objdump
Vulnerable Function Name: find_abstract_instance
Overall Score is: 0.233
--------------------------------------------
CVE ID: CVE-2022-48065
Target Binary: /binaries/target/binutils/binutils-2.41-o1-objdump
Vulnerable Function Name: find_abstract_instance
Overall Score is: 0.233
--------------------------------------------
CVE ID: CVE-2022-48065
Target Binary: /binaries/target/binutils/binutils-2.42-o1-objdump
Vulnerable Function Name: find_abstract_instance
Overall Score is: 0.233
--------------------------------------------