2025-09-08 14:28:44,230 - INFO - detecting CVE-2020-20896 latm_write_packet
2025-09-08 14:28:44,230 - INFO - cmd: python main.py --detect --cve_id CVE-2020-20896 --target_bin /binaries/target/ffmpeg/ffmpeg-4.2.1-o1-ffmpeg --vul_func_name latm_write_packet --project ffmpeg
2025-09-08 14:28:58,400 - INFO - success CVE-2020-20896,details in cve_test/CVE-2020-20896.log

2025-09-08 14:28:58,401 - INFO - detecting CVE-2020-20896 latm_write_packet
2025-09-08 14:28:58,401 - INFO - cmd: python main.py --detect --cve_id CVE-2020-20896 --target_bin /binaries/target/ffmpeg/ffmpeg-4.1.9-o1-ffmpeg --vul_func_name latm_write_packet --project ffmpeg
2025-09-08 14:29:07,540 - INFO - success CVE-2020-20896,details in cve_test/CVE-2020-20896.log

2025-09-08 14:29:07,541 - INFO - detecting CVE-2020-20896 latm_write_packet
2025-09-08 14:29:07,541 - INFO - cmd: python main.py --detect --cve_id CVE-2020-20896 --target_bin /binaries/target/ffmpeg/ffmpeg-4.2.6-o1-ffmpeg --vul_func_name latm_write_packet --project ffmpeg
2025-09-08 14:29:18,964 - INFO - success CVE-2020-20896,details in cve_test/CVE-2020-20896.log

2025-09-08 14:29:18,966 - INFO - detecting CVE-2020-20896 latm_write_packet
2025-09-08 14:29:18,966 - INFO - cmd: python main.py --detect --cve_id CVE-2020-20896 --target_bin /binaries/target/ffmpeg/ffmpeg-4.3-o1-ffmpeg --vul_func_name latm_write_packet --project ffmpeg
2025-09-08 14:29:28,670 - INFO - success CVE-2020-20896,details in cve_test/CVE-2020-20896.log

2025-09-08 14:29:28,671 - INFO - detecting CVE-2020-21697 mpeg_mux_write_packet
2025-09-08 14:29:28,671 - INFO - cmd: python main.py --detect --cve_id CVE-2020-21697 --target_bin /binaries/target/ffmpeg/ffmpeg-4.2-o1-ffmpeg --vul_func_name mpeg_mux_write_packet --project ffmpeg
2025-09-08 14:29:41,079 - INFO - success CVE-2020-21697,details in cve_test/CVE-2020-21697.log

2025-09-08 14:29:41,080 - INFO - detecting CVE-2020-21697 mpeg_mux_write_packet
2025-09-08 14:29:41,081 - INFO - cmd: python main.py --detect --cve_id CVE-2020-21697 --target_bin /binaries/target/ffmpeg/ffmpeg-4.3.3-o1-ffmpeg --vul_func_name mpeg_mux_write_packet --project ffmpeg
2025-09-08 14:29:53,389 - INFO - success CVE-2020-21697,details in cve_test/CVE-2020-21697.log

2025-09-08 14:29:53,390 - INFO - detecting CVE-2020-21697 mpeg_mux_write_packet
2025-09-08 14:29:53,391 - INFO - cmd: python main.py --detect --cve_id CVE-2020-21697 --target_bin /binaries/target/ffmpeg/ffmpeg-4.4-o1-ffmpeg --vul_func_name mpeg_mux_write_packet --project ffmpeg
2025-09-08 14:30:06,384 - INFO - success CVE-2020-21697,details in cve_test/CVE-2020-21697.log

2025-09-08 14:30:06,385 - INFO - detecting CVE-2020-22019 ff_vmafmotion_init
2025-09-08 14:30:06,386 - INFO - cmd: python main.py --detect --cve_id CVE-2020-22019 --target_bin /binaries/target/ffmpeg/ffmpeg-4.2-o1-ffmpeg --vul_func_name ff_vmafmotion_init --project ffmpeg
2025-09-08 14:31:14,157 - INFO - success CVE-2020-22019,details in cve_test/CVE-2020-22019.log

2025-09-08 14:31:14,158 - INFO - detecting CVE-2020-22019 ff_vmafmotion_init
2025-09-08 14:31:14,159 - INFO - cmd: python main.py --detect --cve_id CVE-2020-22019 --target_bin /binaries/target/ffmpeg/ffmpeg-4.1.7-o1-ffmpeg --vul_func_name ff_vmafmotion_init --project ffmpeg
2025-09-08 14:31:20,937 - INFO - success CVE-2020-22019,details in cve_test/CVE-2020-22019.log

2025-09-08 14:31:20,938 - INFO - detecting CVE-2020-22019 ff_vmafmotion_init
2025-09-08 14:31:20,939 - INFO - cmd: python main.py --detect --cve_id CVE-2020-22019 --target_bin /binaries/target/ffmpeg/ffmpeg-3.4.9-o1-ffmpeg --vul_func_name ff_vmafmotion_init --project ffmpeg
2025-09-08 14:31:27,535 - INFO - success CVE-2020-22019,details in cve_test/CVE-2020-22019.log

2025-09-08 14:31:27,536 - INFO - detecting CVE-2020-22019 ff_vmafmotion_init
2025-09-08 14:31:27,537 - INFO - cmd: python main.py --detect --cve_id CVE-2020-22019 --target_bin /binaries/target/ffmpeg/ffmpeg-4.2.5-o1-ffmpeg --vul_func_name ff_vmafmotion_init --project ffmpeg
2025-09-08 14:31:33,550 - INFO - success CVE-2020-22019,details in cve_test/CVE-2020-22019.log

2025-09-08 14:31:33,551 - INFO - detecting CVE-2020-22021 filter_edges
2025-09-08 14:31:33,552 - INFO - cmd: python main.py --detect --cve_id CVE-2020-22021 --target_bin /binaries/target/ffmpeg/ffmpeg-4.2-o1-ffmpeg --vul_func_name filter_edges --project ffmpeg
2025-09-08 14:31:47,264 - INFO - success CVE-2020-22021,details in cve_test/CVE-2020-22021.log

2025-09-08 14:31:47,266 - INFO - detecting CVE-2020-22021 filter_edges
2025-09-08 14:31:47,266 - INFO - cmd: python main.py --detect --cve_id CVE-2020-22021 --target_bin /binaries/target/ffmpeg/ffmpeg-4.1.7-o1-ffmpeg --vul_func_name filter_edges --project ffmpeg
2025-09-08 14:32:01,948 - INFO - success CVE-2020-22021,details in cve_test/CVE-2020-22021.log

2025-09-08 14:32:01,948 - INFO - detecting CVE-2020-22021 filter_edges
2025-09-08 14:32:01,948 - INFO - cmd: python main.py --detect --cve_id CVE-2020-22021 --target_bin /binaries/target/ffmpeg/ffmpeg-3.4.9-o1-ffmpeg --vul_func_name filter_edges --project ffmpeg
2025-09-08 14:32:15,838 - INFO - success CVE-2020-22021,details in cve_test/CVE-2020-22021.log

2025-09-08 14:32:15,839 - INFO - detecting CVE-2020-22021 filter_edges
2025-09-08 14:32:15,839 - INFO - cmd: python main.py --detect --cve_id CVE-2020-22021 --target_bin /binaries/target/ffmpeg/ffmpeg-4.2.5-o1-ffmpeg --vul_func_name filter_edges --project ffmpeg
2025-09-08 14:32:31,252 - INFO - success CVE-2020-22021,details in cve_test/CVE-2020-22021.log

2025-09-08 14:32:31,253 - INFO - detecting CVE-2020-22029 slice_get_derivative
2025-09-08 14:32:31,253 - INFO - cmd: python main.py --detect --cve_id CVE-2020-22029 --target_bin /binaries/target/ffmpeg/ffmpeg-4.2-o1-ffmpeg --vul_func_name slice_get_derivative --project ffmpeg
2025-09-08 14:32:42,830 - INFO - success CVE-2020-22029,details in cve_test/CVE-2020-22029.log

2025-09-08 14:32:42,831 - INFO - detecting CVE-2020-22029 slice_get_derivative
2025-09-08 14:32:42,831 - INFO - cmd: python main.py --detect --cve_id CVE-2020-22029 --target_bin /binaries/target/ffmpeg/ffmpeg-4.1.8-o1-ffmpeg --vul_func_name slice_get_derivative --project ffmpeg
2025-09-08 14:32:54,638 - INFO - success CVE-2020-22029,details in cve_test/CVE-2020-22029.log

2025-09-08 14:32:54,639 - INFO - detecting CVE-2020-22029 slice_get_derivative
2025-09-08 14:32:54,639 - INFO - cmd: python main.py --detect --cve_id CVE-2020-22029 --target_bin /binaries/target/ffmpeg/ffmpeg-4.3-o1-ffmpeg --vul_func_name slice_get_derivative --project ffmpeg
2025-09-08 14:33:06,563 - INFO - success CVE-2020-22029,details in cve_test/CVE-2020-22029.log

2025-09-08 14:33:06,564 - INFO - detecting CVE-2020-22037 ff_frame_thread_encoder_init
2025-09-08 14:33:06,565 - INFO - cmd: python main.py --detect --cve_id CVE-2020-22037 --target_bin /binaries/target/ffmpeg/ffmpeg-4.2-o1-ffmpeg --vul_func_name ff_frame_thread_encoder_init --project ffmpeg
2025-09-08 14:33:14,658 - INFO - success CVE-2020-22037,details in cve_test/CVE-2020-22037.log

2025-09-08 14:33:14,659 - INFO - detecting CVE-2020-22037 ff_frame_thread_encoder_init
2025-09-08 14:33:14,659 - INFO - cmd: python main.py --detect --cve_id CVE-2020-22037 --target_bin /binaries/target/ffmpeg/ffmpeg-4.1.7-o1-ffmpeg --vul_func_name ff_frame_thread_encoder_init --project ffmpeg
2025-09-08 14:33:22,620 - INFO - success CVE-2020-22037,details in cve_test/CVE-2020-22037.log

2025-09-08 14:33:22,621 - INFO - detecting CVE-2020-22037 ff_frame_thread_encoder_init
2025-09-08 14:33:22,622 - INFO - cmd: python main.py --detect --cve_id CVE-2020-22037 --target_bin /binaries/target/ffmpeg/ffmpeg-3.4.9-o1-ffmpeg --vul_func_name ff_frame_thread_encoder_init --project ffmpeg
2025-09-08 14:33:30,134 - INFO - success CVE-2020-22037,details in cve_test/CVE-2020-22037.log

2025-09-08 14:33:30,135 - INFO - detecting CVE-2020-22037 ff_frame_thread_encoder_init
2025-09-08 14:33:30,136 - INFO - cmd: python main.py --detect --cve_id CVE-2020-22037 --target_bin /binaries/target/ffmpeg/ffmpeg-4.2.5-o1-ffmpeg --vul_func_name ff_frame_thread_encoder_init --project ffmpeg
2025-09-08 14:33:37,695 - INFO - success CVE-2020-22037,details in cve_test/CVE-2020-22037.log

2025-09-08 14:33:37,695 - INFO - detecting CVE-2020-22038 ff_v4l2_m2m_codec_end
2025-09-08 14:33:37,695 - INFO - cmd: python main.py --detect --cve_id CVE-2020-22038 --target_bin /binaries/target/ffmpeg/ffmpeg-4.2-o1-ffmpeg --vul_func_name ff_v4l2_m2m_codec_end --project ffmpeg
2025-09-08 14:33:45,529 - INFO - success CVE-2020-22038,details in cve_test/CVE-2020-22038.log

2025-09-08 14:33:45,530 - INFO - detecting CVE-2020-22038 ff_v4l2_m2m_codec_end
2025-09-08 14:33:45,531 - INFO - cmd: python main.py --detect --cve_id CVE-2020-22038 --target_bin /binaries/target/ffmpeg/ffmpeg-4.4-o1-ffmpeg --vul_func_name ff_v4l2_m2m_codec_end --project ffmpeg
2025-09-08 14:33:53,484 - INFO - success CVE-2020-22038,details in cve_test/CVE-2020-22038.log

2025-09-08 14:33:53,485 - INFO - detecting CVE-2020-22038 v4l2_decode_init
2025-09-08 14:33:53,485 - INFO - cmd: python main.py --detect --cve_id CVE-2020-22038 --target_bin /binaries/target/ffmpeg/ffmpeg-4.2-o1-ffmpeg --vul_func_name v4l2_decode_init --project ffmpeg
2025-09-08 14:34:01,590 - INFO - success CVE-2020-22038,details in cve_test/CVE-2020-22038.log

2025-09-08 14:34:01,591 - INFO - detecting CVE-2020-22038 v4l2_decode_init
2025-09-08 14:34:01,591 - INFO - cmd: python main.py --detect --cve_id CVE-2020-22038 --target_bin /binaries/target/ffmpeg/ffmpeg-4.4-o1-ffmpeg --vul_func_name v4l2_decode_init --project ffmpeg
2025-09-08 14:34:09,600 - INFO - success CVE-2020-22038,details in cve_test/CVE-2020-22038.log

2025-09-08 14:34:09,601 - INFO - detecting CVE-2020-22039 avi_write_trailer
2025-09-08 14:34:09,602 - INFO - cmd: python main.py --detect --cve_id CVE-2020-22039 --target_bin /binaries/target/ffmpeg/ffmpeg-4.2-o1-ffmpeg --vul_func_name avi_write_trailer --project ffmpeg
2025-09-08 14:34:19,706 - INFO - success CVE-2020-22039,details in cve_test/CVE-2020-22039.log

2025-09-08 14:34:19,707 - INFO - detecting CVE-2020-22039 avi_write_trailer
2025-09-08 14:34:19,708 - INFO - cmd: python main.py --detect --cve_id CVE-2020-22039 --target_bin /binaries/target/ffmpeg/ffmpeg-4.3-o1-ffmpeg --vul_func_name avi_write_trailer --project ffmpeg
2025-09-08 14:34:30,211 - INFO - success CVE-2020-22039,details in cve_test/CVE-2020-22039.log

2025-09-08 14:34:30,212 - INFO - detecting CVE-2020-22046 ff_ac3_encode_close
2025-09-08 14:34:30,213 - INFO - cmd: python main.py --detect --cve_id CVE-2020-22046 --target_bin /binaries/target/ffmpeg/ffmpeg-4.2-o1-ffmpeg --vul_func_name ff_ac3_encode_close --project ffmpeg
2025-09-08 14:34:37,702 - INFO - success CVE-2020-22046,details in cve_test/CVE-2020-22046.log

2025-09-08 14:34:37,703 - INFO - detecting CVE-2020-22046 ff_ac3_encode_close
2025-09-08 14:34:37,704 - INFO - cmd: python main.py --detect --cve_id CVE-2020-22046 --target_bin /binaries/target/ffmpeg/ffmpeg-4.1.10-o1-ffmpeg --vul_func_name ff_ac3_encode_close --project ffmpeg
2025-09-08 14:34:46,116 - INFO - success CVE-2020-22046,details in cve_test/CVE-2020-22046.log

2025-09-08 14:34:46,117 - INFO - detecting CVE-2020-22046 ff_ac3_encode_close
2025-09-08 14:34:46,117 - INFO - cmd: python main.py --detect --cve_id CVE-2020-22046 --target_bin /binaries/target/ffmpeg/ffmpeg-4.2.3-o1-ffmpeg --vul_func_name ff_ac3_encode_close --project ffmpeg
2025-09-08 14:34:53,433 - INFO - success CVE-2020-22046,details in cve_test/CVE-2020-22046.log

2025-09-08 14:34:53,434 - INFO - detecting CVE-2020-22046 ff_ac3_encode_close
2025-09-08 14:34:53,435 - INFO - cmd: python main.py --detect --cve_id CVE-2020-22046 --target_bin /binaries/target/ffmpeg/ffmpeg-4.3-o1-ffmpeg --vul_func_name ff_ac3_encode_close --project ffmpeg
2025-09-08 14:35:01,020 - INFO - success CVE-2020-22046,details in cve_test/CVE-2020-22046.log

2025-09-08 14:35:01,021 - INFO - detecting CVE-2020-24020 dnn_execute_layer_conv2d
2025-09-08 14:35:01,021 - INFO - cmd: python main.py --detect --cve_id CVE-2020-24020 --target_bin /binaries/target/ffmpeg/ffmpeg-4.2.3-o1-ffmpeg --vul_func_name dnn_execute_layer_conv2d --project ffmpeg
2025-09-08 14:35:06,383 - ERROR - fail CVE-2020-24020 ,details1

2025-09-08 14:35:06,384 - INFO - detecting CVE-2020-24020 dnn_execute_layer_conv2d
2025-09-08 14:35:06,384 - INFO - cmd: python main.py --detect --cve_id CVE-2020-24020 --target_bin /binaries/target/ffmpeg/ffmpeg-4.4-o1-ffmpeg --vul_func_name dnn_execute_layer_conv2d --project ffmpeg
2025-09-08 14:35:12,021 - ERROR - fail CVE-2020-24020 ,details1

2025-09-08 14:35:12,022 - INFO - detecting CVE-2020-24020 dnn_execute_layer_math_binary
2025-09-08 14:35:12,022 - INFO - cmd: python main.py --detect --cve_id CVE-2020-24020 --target_bin /binaries/target/ffmpeg/ffmpeg-4.2.3-o1-ffmpeg --vul_func_name dnn_execute_layer_math_binary --project ffmpeg
2025-09-08 14:35:17,113 - ERROR - fail CVE-2020-24020 ,details1

2025-09-08 14:35:17,114 - INFO - detecting CVE-2020-24020 dnn_execute_layer_math_binary
2025-09-08 14:35:17,114 - INFO - cmd: python main.py --detect --cve_id CVE-2020-24020 --target_bin /binaries/target/ffmpeg/ffmpeg-4.4-o1-ffmpeg --vul_func_name dnn_execute_layer_math_binary --project ffmpeg
2025-09-08 14:35:22,232 - ERROR - fail CVE-2020-24020 ,details1

2025-09-08 14:35:22,233 - INFO - detecting CVE-2020-24020 dnn_execute_layer_math_unary
2025-09-08 14:35:22,233 - INFO - cmd: python main.py --detect --cve_id CVE-2020-24020 --target_bin /binaries/target/ffmpeg/ffmpeg-4.2.3-o1-ffmpeg --vul_func_name dnn_execute_layer_math_unary --project ffmpeg
2025-09-08 14:35:27,907 - ERROR - fail CVE-2020-24020 ,details1

2025-09-08 14:35:27,908 - INFO - detecting CVE-2020-24020 dnn_execute_layer_math_unary
2025-09-08 14:35:27,908 - INFO - cmd: python main.py --detect --cve_id CVE-2020-24020 --target_bin /binaries/target/ffmpeg/ffmpeg-4.4-o1-ffmpeg --vul_func_name dnn_execute_layer_math_unary --project ffmpeg
2025-09-08 14:35:33,398 - ERROR - fail CVE-2020-24020 ,details1

2025-09-08 14:35:33,399 - INFO - detecting CVE-2020-24020 dnn_execute_layer_maximum
2025-09-08 14:35:33,400 - INFO - cmd: python main.py --detect --cve_id CVE-2020-24020 --target_bin /binaries/target/ffmpeg/ffmpeg-4.2.3-o1-ffmpeg --vul_func_name dnn_execute_layer_maximum --project ffmpeg
2025-09-08 14:35:38,834 - ERROR - fail CVE-2020-24020 ,details1

2025-09-08 14:35:38,835 - INFO - detecting CVE-2020-24020 dnn_execute_layer_maximum
2025-09-08 14:35:38,835 - INFO - cmd: python main.py --detect --cve_id CVE-2020-24020 --target_bin /binaries/target/ffmpeg/ffmpeg-4.4-o1-ffmpeg --vul_func_name dnn_execute_layer_maximum --project ffmpeg
2025-09-08 14:35:44,570 - ERROR - fail CVE-2020-24020 ,details1

2025-09-08 14:35:44,571 - INFO - detecting CVE-2020-24020 dnn_execute_layer_pad
2025-09-08 14:35:44,571 - INFO - cmd: python main.py --detect --cve_id CVE-2020-24020 --target_bin /binaries/target/ffmpeg/ffmpeg-4.2.3-o1-ffmpeg --vul_func_name dnn_execute_layer_pad --project ffmpeg
2025-09-08 14:35:50,725 - ERROR - fail CVE-2020-24020 ,details1

2025-09-08 14:35:50,726 - INFO - detecting CVE-2020-24020 dnn_execute_layer_pad
2025-09-08 14:35:50,726 - INFO - cmd: python main.py --detect --cve_id CVE-2020-24020 --target_bin /binaries/target/ffmpeg/ffmpeg-4.4-o1-ffmpeg --vul_func_name dnn_execute_layer_pad --project ffmpeg
2025-09-08 14:35:56,303 - ERROR - fail CVE-2020-24020 ,details1

2025-09-08 14:35:56,304 - INFO - detecting CVE-2022-1475 g729_parse
2025-09-08 14:35:56,304 - INFO - cmd: python main.py --detect --cve_id CVE-2022-1475 --target_bin /binaries/target/ffmpeg/ffmpeg-4.2.6-o1-ffmpeg --vul_func_name g729_parse --project ffmpeg
2025-09-08 14:36:06,090 - INFO - success CVE-2022-1475,details in cve_test/CVE-2022-1475.log

2025-09-08 14:36:06,091 - INFO - detecting CVE-2022-1475 g729_parse
2025-09-08 14:36:06,092 - INFO - cmd: python main.py --detect --cve_id CVE-2022-1475 --target_bin /binaries/target/ffmpeg/ffmpeg-4.3.4-o1-ffmpeg --vul_func_name g729_parse --project ffmpeg
2025-09-08 14:36:15,717 - INFO - success CVE-2022-1475,details in cve_test/CVE-2022-1475.log

2025-09-08 14:36:15,718 - INFO - detecting CVE-2022-1475 g729_parse
2025-09-08 14:36:15,718 - INFO - cmd: python main.py --detect --cve_id CVE-2022-1475 --target_bin /binaries/target/ffmpeg/ffmpeg-5.0-o1-ffmpeg --vul_func_name g729_parse --project ffmpeg
2025-09-08 14:36:25,554 - INFO - success CVE-2022-1475,details in cve_test/CVE-2022-1475.log

2025-09-08 14:36:25,555 - INFO - detecting CVE-2022-1475 g729_parse
2025-09-08 14:36:25,556 - INFO - cmd: python main.py --detect --cve_id CVE-2022-1475 --target_bin /binaries/target/ffmpeg/ffmpeg-4.4.2-o1-ffmpeg --vul_func_name g729_parse --project ffmpeg
2025-09-08 14:36:35,591 - INFO - success CVE-2022-1475,details in cve_test/CVE-2022-1475.log

2025-09-08 14:36:35,592 - INFO - detecting CVE-2022-1475 g729_parse
2025-09-08 14:36:35,593 - INFO - cmd: python main.py --detect --cve_id CVE-2022-1475 --target_bin /binaries/target/ffmpeg/ffmpeg-5.0.1-o1-ffmpeg --vul_func_name g729_parse --project ffmpeg
2025-09-08 14:36:46,017 - INFO - success CVE-2022-1475,details in cve_test/CVE-2022-1475.log

2025-09-08 14:36:46,018 - INFO - detecting CVE-2022-1475 g729_parse
2025-09-08 14:36:46,018 - INFO - cmd: python main.py --detect --cve_id CVE-2022-1475 --target_bin /binaries/target/ffmpeg/ffmpeg-5.1-o1-ffmpeg --vul_func_name g729_parse --project ffmpeg
2025-09-08 14:36:57,072 - INFO - success CVE-2022-1475,details in cve_test/CVE-2022-1475.log
