2025-09-08 15:57:39,389 - INFO - detecting CVE-2010-2497 gray_render_cubic
2025-09-08 15:57:39,389 - INFO - cmd: python main.py --detect --cve_id CVE-2010-2497 --target_bin /binaries/target/freetype/freetype-2.3.12-o1-freetype --vul_func_name gray_render_cubic --project freetype
2025-09-08 15:57:44,550 - ERROR - fail CVE-2010-2497 ,details1

2025-09-08 15:57:44,551 - INFO - detecting CVE-2010-2497 gray_render_cubic
2025-09-08 15:57:44,551 - INFO - cmd: python main.py --detect --cve_id CVE-2010-2497 --target_bin /binaries/target/freetype/freetype-2.3.11-o1-freetype --vul_func_name gray_render_cubic --project freetype
2025-09-08 15:57:49,304 - ERROR - fail CVE-2010-2497 ,details1

2025-09-08 15:57:49,304 - INFO - detecting CVE-2010-2497 gray_render_cubic
2025-09-08 15:57:49,305 - INFO - cmd: python main.py --detect --cve_id CVE-2010-2497 --target_bin /binaries/target/freetype/freetype-2.3.10-o1-freetype --vul_func_name gray_render_cubic --project freetype
2025-09-08 15:57:53,523 - ERROR - fail CVE-2010-2497 ,details1

2025-09-08 15:57:53,524 - INFO - detecting CVE-2010-2497 gray_render_cubic
2025-09-08 15:57:53,524 - INFO - cmd: python main.py --detect --cve_id CVE-2010-2497 --target_bin /binaries/target/freetype/freetype-2.4.0-o1-freetype --vul_func_name gray_render_cubic --project freetype
2025-09-08 15:57:58,082 - ERROR - fail CVE-2010-2497 ,details1

2025-09-08 15:57:58,083 - INFO - detecting CVE-2010-2497 gray_render_cubic
2025-09-08 15:57:58,083 - INFO - cmd: python main.py --detect --cve_id CVE-2010-2497 --target_bin /binaries/target/freetype/freetype-2.4.1-o1-freetype --vul_func_name gray_render_cubic --project freetype
2025-09-08 15:58:02,505 - ERROR - fail CVE-2010-2497 ,details1

2025-09-08 15:58:02,506 - INFO - detecting CVE-2010-2497 gray_render_cubic
2025-09-08 15:58:02,506 - INFO - cmd: python main.py --detect --cve_id CVE-2010-2497 --target_bin /binaries/target/freetype/freetype-2.4.2-o1-freetype --vul_func_name gray_render_cubic --project freetype
2025-09-08 15:58:06,929 - ERROR - fail CVE-2010-2497 ,details1

2025-09-08 15:58:06,930 - INFO - detecting CVE-2010-3855 ft_var_readpackedpoints
2025-09-08 15:58:06,930 - INFO - cmd: python main.py --detect --cve_id CVE-2010-3855 --target_bin /binaries/target/freetype/freetype-2.4.3-o1-freetype --vul_func_name ft_var_readpackedpoints --project freetype
2025-09-08 15:58:15,434 - INFO - success CVE-2010-3855,details in cve_test/CVE-2010-3855.log

2025-09-08 15:58:15,435 - INFO - detecting CVE-2010-3855 ft_var_readpackedpoints
2025-09-08 15:58:15,435 - INFO - cmd: python main.py --detect --cve_id CVE-2010-3855 --target_bin /binaries/target/freetype/freetype-2.4.2-o1-freetype --vul_func_name ft_var_readpackedpoints --project freetype
2025-09-08 15:58:25,357 - INFO - success CVE-2010-3855,details in cve_test/CVE-2010-3855.log

2025-09-08 15:58:25,358 - INFO - detecting CVE-2010-3855 ft_var_readpackedpoints
2025-09-08 15:58:25,358 - INFO - cmd: python main.py --detect --cve_id CVE-2010-3855 --target_bin /binaries/target/freetype/freetype-2.4.1-o1-freetype --vul_func_name ft_var_readpackedpoints --project freetype
2025-09-08 15:58:34,859 - INFO - success CVE-2010-3855,details in cve_test/CVE-2010-3855.log

2025-09-08 15:58:34,860 - INFO - detecting CVE-2010-3855 ft_var_readpackedpoints
2025-09-08 15:58:34,861 - INFO - cmd: python main.py --detect --cve_id CVE-2010-3855 --target_bin /binaries/target/freetype/freetype-2.4.4-o1-freetype --vul_func_name ft_var_readpackedpoints --project freetype
2025-09-08 15:58:43,577 - INFO - success CVE-2010-3855,details in cve_test/CVE-2010-3855.log

2025-09-08 15:58:43,578 - INFO - detecting CVE-2010-3855 ft_var_readpackedpoints
2025-09-08 15:58:43,579 - INFO - cmd: python main.py --detect --cve_id CVE-2010-3855 --target_bin /binaries/target/freetype/freetype-2.4.5-o1-freetype --vul_func_name ft_var_readpackedpoints --project freetype
2025-09-08 15:58:52,782 - INFO - success CVE-2010-3855,details in cve_test/CVE-2010-3855.log

2025-09-08 15:58:52,784 - INFO - detecting CVE-2010-3855 ft_var_readpackedpoints
2025-09-08 15:58:52,784 - INFO - cmd: python main.py --detect --cve_id CVE-2010-3855 --target_bin /binaries/target/freetype/freetype-2.4.6-o1-freetype --vul_func_name ft_var_readpackedpoints --project freetype
2025-09-08 15:59:01,985 - INFO - success CVE-2010-3855,details in cve_test/CVE-2010-3855.log

2025-09-08 15:59:01,986 - INFO - detecting CVE-2014-9746 t1_parse_font_matrix
2025-09-08 15:59:01,987 - INFO - cmd: python main.py --detect --cve_id CVE-2014-9746 --target_bin /binaries/target/freetype/freetype-2.5.3-o1-freetype --vul_func_name t1_parse_font_matrix --project freetype
2025-09-08 15:59:08,175 - INFO - success CVE-2014-9746,details in cve_test/CVE-2014-9746.log

2025-09-08 15:59:08,176 - INFO - detecting CVE-2014-9746 t1_parse_font_matrix
2025-09-08 15:59:08,177 - INFO - cmd: python main.py --detect --cve_id CVE-2014-9746 --target_bin /binaries/target/freetype/freetype-2.5.2-o1-freetype --vul_func_name t1_parse_font_matrix --project freetype
2025-09-08 15:59:15,012 - INFO - success CVE-2014-9746,details in cve_test/CVE-2014-9746.log

2025-09-08 15:59:15,014 - INFO - detecting CVE-2014-9746 t1_parse_font_matrix
2025-09-08 15:59:15,014 - INFO - cmd: python main.py --detect --cve_id CVE-2014-9746 --target_bin /binaries/target/freetype/freetype-2.5.1-o1-freetype --vul_func_name t1_parse_font_matrix --project freetype
2025-09-08 15:59:21,288 - INFO - success CVE-2014-9746,details in cve_test/CVE-2014-9746.log

2025-09-08 15:59:21,290 - INFO - detecting CVE-2014-9746 t1_parse_font_matrix
2025-09-08 15:59:21,290 - INFO - cmd: python main.py --detect --cve_id CVE-2014-9746 --target_bin /binaries/target/freetype/freetype-2.5.4-o1-freetype --vul_func_name t1_parse_font_matrix --project freetype
2025-09-08 15:59:27,788 - INFO - success CVE-2014-9746,details in cve_test/CVE-2014-9746.log

2025-09-08 15:59:27,790 - INFO - detecting CVE-2014-9746 t1_parse_font_matrix
2025-09-08 15:59:27,790 - INFO - cmd: python main.py --detect --cve_id CVE-2014-9746 --target_bin /binaries/target/freetype/freetype-2.5.5-o1-freetype --vul_func_name t1_parse_font_matrix --project freetype
2025-09-08 15:59:33,712 - INFO - success CVE-2014-9746,details in cve_test/CVE-2014-9746.log

2025-09-08 15:59:33,713 - INFO - detecting CVE-2014-9746 t1_parse_font_matrix
2025-09-08 15:59:33,714 - INFO - cmd: python main.py --detect --cve_id CVE-2014-9746 --target_bin /binaries/target/freetype/freetype-2.6-o1-freetype --vul_func_name t1_parse_font_matrix --project freetype
2025-09-08 15:59:40,838 - INFO - success CVE-2014-9746,details in cve_test/CVE-2014-9746.log

2025-09-08 15:59:40,840 - INFO - detecting CVE-2014-9746 t42_parse_font_matrix
2025-09-08 15:59:40,840 - INFO - cmd: python main.py --detect --cve_id CVE-2014-9746 --target_bin /binaries/target/freetype/freetype-2.5.3-o1-freetype --vul_func_name t42_parse_font_matrix --project freetype
2025-09-08 15:59:47,634 - INFO - success CVE-2014-9746,details in cve_test/CVE-2014-9746.log

2025-09-08 15:59:47,635 - INFO - detecting CVE-2014-9746 t42_parse_font_matrix
2025-09-08 15:59:47,635 - INFO - cmd: python main.py --detect --cve_id CVE-2014-9746 --target_bin /binaries/target/freetype/freetype-2.5.2-o1-freetype --vul_func_name t42_parse_font_matrix --project freetype
2025-09-08 15:59:52,854 - ERROR - fail CVE-2014-9746 ,details1

2025-09-08 15:59:52,855 - INFO - detecting CVE-2014-9746 t42_parse_font_matrix
2025-09-08 15:59:52,856 - INFO - cmd: python main.py --detect --cve_id CVE-2014-9746 --target_bin /binaries/target/freetype/freetype-2.5.1-o1-freetype --vul_func_name t42_parse_font_matrix --project freetype
2025-09-08 15:59:58,334 - ERROR - fail CVE-2014-9746 ,details1

2025-09-08 15:59:58,335 - INFO - detecting CVE-2014-9746 t42_parse_font_matrix
2025-09-08 15:59:58,336 - INFO - cmd: python main.py --detect --cve_id CVE-2014-9746 --target_bin /binaries/target/freetype/freetype-2.5.4-o1-freetype --vul_func_name t42_parse_font_matrix --project freetype
2025-09-08 16:00:04,913 - INFO - success CVE-2014-9746,details in cve_test/CVE-2014-9746.log

2025-09-08 16:00:04,914 - INFO - detecting CVE-2014-9746 t42_parse_font_matrix
2025-09-08 16:00:04,915 - INFO - cmd: python main.py --detect --cve_id CVE-2014-9746 --target_bin /binaries/target/freetype/freetype-2.5.5-o1-freetype --vul_func_name t42_parse_font_matrix --project freetype
2025-09-08 16:00:11,550 - INFO - success CVE-2014-9746,details in cve_test/CVE-2014-9746.log

2025-09-08 16:00:11,551 - INFO - detecting CVE-2014-9746 t42_parse_font_matrix
2025-09-08 16:00:11,552 - INFO - cmd: python main.py --detect --cve_id CVE-2014-9746 --target_bin /binaries/target/freetype/freetype-2.6-o1-freetype --vul_func_name t42_parse_font_matrix --project freetype
2025-09-08 16:00:17,535 - INFO - success CVE-2014-9746,details in cve_test/CVE-2014-9746.log

2025-09-08 16:00:17,536 - INFO - detecting CVE-2014-9670 pcf_get_encodings
2025-09-08 16:00:17,537 - INFO - cmd: python main.py --detect --cve_id CVE-2014-9670 --target_bin /binaries/target/freetype/freetype-2.5.3-o1-freetype --vul_func_name pcf_get_encodings --project freetype
2025-09-08 16:00:22,313 - ERROR - fail CVE-2014-9670 ,details1

2025-09-08 16:00:22,314 - INFO - detecting CVE-2014-9670 pcf_get_encodings
2025-09-08 16:00:22,315 - INFO - cmd: python main.py --detect --cve_id CVE-2014-9670 --target_bin /binaries/target/freetype/freetype-2.5.2-o1-freetype --vul_func_name pcf_get_encodings --project freetype
2025-09-08 16:00:26,904 - ERROR - fail CVE-2014-9670 ,details1

2025-09-08 16:00:26,905 - INFO - detecting CVE-2014-9670 pcf_get_encodings
2025-09-08 16:00:26,906 - INFO - cmd: python main.py --detect --cve_id CVE-2014-9670 --target_bin /binaries/target/freetype/freetype-2.5.1-o1-freetype --vul_func_name pcf_get_encodings --project freetype
2025-09-08 16:00:31,558 - ERROR - fail CVE-2014-9670 ,details1

2025-09-08 16:00:31,559 - INFO - detecting CVE-2014-9670 pcf_get_encodings
2025-09-08 16:00:31,560 - INFO - cmd: python main.py --detect --cve_id CVE-2014-9670 --target_bin /binaries/target/freetype/freetype-2.5.4-o1-freetype --vul_func_name pcf_get_encodings --project freetype
2025-09-08 16:00:36,126 - ERROR - fail CVE-2014-9670 ,details1

2025-09-08 16:00:36,127 - INFO - detecting CVE-2014-9670 pcf_get_encodings
2025-09-08 16:00:36,128 - INFO - cmd: python main.py --detect --cve_id CVE-2014-9670 --target_bin /binaries/target/freetype/freetype-2.5.5-o1-freetype --vul_func_name pcf_get_encodings --project freetype
2025-09-08 16:00:40,743 - ERROR - fail CVE-2014-9670 ,details1

2025-09-08 16:00:40,744 - INFO - detecting CVE-2014-9670 pcf_get_encodings
2025-09-08 16:00:40,744 - INFO - cmd: python main.py --detect --cve_id CVE-2014-9670 --target_bin /binaries/target/freetype/freetype-2.6-o1-freetype --vul_func_name pcf_get_encodings --project freetype
2025-09-08 16:00:45,397 - ERROR - fail CVE-2014-9670 ,details1

2025-09-08 16:00:45,398 - INFO - detecting CVE-2014-9669 tt_cmap12_validate
2025-09-08 16:00:45,399 - INFO - cmd: python main.py --detect --cve_id CVE-2014-9669 --target_bin /binaries/target/freetype/freetype-2.5.3-o1-freetype --vul_func_name tt_cmap12_validate --project freetype
2025-09-08 16:00:52,111 - INFO - success CVE-2014-9669,details in cve_test/CVE-2014-9669.log

2025-09-08 16:00:52,112 - INFO - detecting CVE-2014-9669 tt_cmap12_validate
2025-09-08 16:00:52,113 - INFO - cmd: python main.py --detect --cve_id CVE-2014-9669 --target_bin /binaries/target/freetype/freetype-2.5.2-o1-freetype --vul_func_name tt_cmap12_validate --project freetype
2025-09-08 16:00:58,924 - INFO - success CVE-2014-9669,details in cve_test/CVE-2014-9669.log

2025-09-08 16:00:58,925 - INFO - detecting CVE-2014-9669 tt_cmap12_validate
2025-09-08 16:00:58,925 - INFO - cmd: python main.py --detect --cve_id CVE-2014-9669 --target_bin /binaries/target/freetype/freetype-2.5.1-o1-freetype --vul_func_name tt_cmap12_validate --project freetype
2025-09-08 16:01:04,786 - INFO - success CVE-2014-9669,details in cve_test/CVE-2014-9669.log

2025-09-08 16:01:04,787 - INFO - detecting CVE-2014-9669 tt_cmap12_validate
2025-09-08 16:01:04,788 - INFO - cmd: python main.py --detect --cve_id CVE-2014-9669 --target_bin /binaries/target/freetype/freetype-2.5.4-o1-freetype --vul_func_name tt_cmap12_validate --project freetype
2025-09-08 16:01:11,775 - INFO - success CVE-2014-9669,details in cve_test/CVE-2014-9669.log

2025-09-08 16:01:11,777 - INFO - detecting CVE-2014-9669 tt_cmap12_validate
2025-09-08 16:01:11,777 - INFO - cmd: python main.py --detect --cve_id CVE-2014-9669 --target_bin /binaries/target/freetype/freetype-2.5.5-o1-freetype --vul_func_name tt_cmap12_validate --project freetype
2025-09-08 16:01:18,576 - INFO - success CVE-2014-9669,details in cve_test/CVE-2014-9669.log

2025-09-08 16:01:18,578 - INFO - detecting CVE-2014-9669 tt_cmap12_validate
2025-09-08 16:01:18,578 - INFO - cmd: python main.py --detect --cve_id CVE-2014-9669 --target_bin /binaries/target/freetype/freetype-2.6-o1-freetype --vul_func_name tt_cmap12_validate --project freetype
2025-09-08 16:01:24,470 - INFO - success CVE-2014-9669,details in cve_test/CVE-2014-9669.log

2025-09-08 16:01:24,471 - INFO - detecting CVE-2014-9662 cf2_builder_cubeTo
2025-09-08 16:01:24,472 - INFO - cmd: python main.py --detect --cve_id CVE-2014-9662 --target_bin /binaries/target/freetype/freetype-2.5.3-o1-freetype --vul_func_name cf2_builder_cubeTo --project freetype
2025-09-08 16:01:34,350 - INFO - success CVE-2014-9662,details in cve_test/CVE-2014-9662.log

2025-09-08 16:01:34,352 - INFO - detecting CVE-2014-9662 cf2_builder_cubeTo
2025-09-08 16:01:34,352 - INFO - cmd: python main.py --detect --cve_id CVE-2014-9662 --target_bin /binaries/target/freetype/freetype-2.5.2-o1-freetype --vul_func_name cf2_builder_cubeTo --project freetype
2025-09-08 16:01:44,099 - INFO - success CVE-2014-9662,details in cve_test/CVE-2014-9662.log

2025-09-08 16:01:44,100 - INFO - detecting CVE-2014-9662 cf2_builder_cubeTo
2025-09-08 16:01:44,100 - INFO - cmd: python main.py --detect --cve_id CVE-2014-9662 --target_bin /binaries/target/freetype/freetype-2.5.1-o1-freetype --vul_func_name cf2_builder_cubeTo --project freetype
2025-09-08 16:01:54,295 - INFO - success CVE-2014-9662,details in cve_test/CVE-2014-9662.log

2025-09-08 16:01:54,296 - INFO - detecting CVE-2014-9662 cf2_builder_cubeTo
2025-09-08 16:01:54,297 - INFO - cmd: python main.py --detect --cve_id CVE-2014-9662 --target_bin /binaries/target/freetype/freetype-2.5.4-o1-freetype --vul_func_name cf2_builder_cubeTo --project freetype
2025-09-08 16:02:02,109 - INFO - success CVE-2014-9662,details in cve_test/CVE-2014-9662.log

2025-09-08 16:02:02,110 - INFO - detecting CVE-2014-9662 cf2_builder_cubeTo
2025-09-08 16:02:02,111 - INFO - cmd: python main.py --detect --cve_id CVE-2014-9662 --target_bin /binaries/target/freetype/freetype-2.5.5-o1-freetype --vul_func_name cf2_builder_cubeTo --project freetype
2025-09-08 16:02:10,046 - INFO - success CVE-2014-9662,details in cve_test/CVE-2014-9662.log

2025-09-08 16:02:10,047 - INFO - detecting CVE-2014-9662 cf2_builder_cubeTo
2025-09-08 16:02:10,047 - INFO - cmd: python main.py --detect --cve_id CVE-2014-9662 --target_bin /binaries/target/freetype/freetype-2.6-o1-freetype --vul_func_name cf2_builder_cubeTo --project freetype
2025-09-08 16:02:18,817 - INFO - success CVE-2014-9662,details in cve_test/CVE-2014-9662.log

2025-09-08 16:02:18,819 - INFO - detecting CVE-2014-9662 cf2_builder_lineTo
2025-09-08 16:02:18,819 - INFO - cmd: python main.py --detect --cve_id CVE-2014-9662 --target_bin /binaries/target/freetype/freetype-2.5.3-o1-freetype --vul_func_name cf2_builder_lineTo --project freetype
2025-09-08 16:02:28,255 - INFO - success CVE-2014-9662,details in cve_test/CVE-2014-9662.log

2025-09-08 16:02:28,257 - INFO - detecting CVE-2014-9662 cf2_builder_lineTo
2025-09-08 16:02:28,257 - INFO - cmd: python main.py --detect --cve_id CVE-2014-9662 --target_bin /binaries/target/freetype/freetype-2.5.2-o1-freetype --vul_func_name cf2_builder_lineTo --project freetype
2025-09-08 16:02:37,764 - INFO - success CVE-2014-9662,details in cve_test/CVE-2014-9662.log

2025-09-08 16:02:37,765 - INFO - detecting CVE-2014-9662 cf2_builder_lineTo
2025-09-08 16:02:37,765 - INFO - cmd: python main.py --detect --cve_id CVE-2014-9662 --target_bin /binaries/target/freetype/freetype-2.5.1-o1-freetype --vul_func_name cf2_builder_lineTo --project freetype
2025-09-08 16:02:48,758 - INFO - success CVE-2014-9662,details in cve_test/CVE-2014-9662.log

2025-09-08 16:02:48,759 - INFO - detecting CVE-2014-9662 cf2_builder_lineTo
2025-09-08 16:02:48,759 - INFO - cmd: python main.py --detect --cve_id CVE-2014-9662 --target_bin /binaries/target/freetype/freetype-2.5.4-o1-freetype --vul_func_name cf2_builder_lineTo --project freetype
2025-09-08 16:02:57,867 - INFO - success CVE-2014-9662,details in cve_test/CVE-2014-9662.log

2025-09-08 16:02:57,868 - INFO - detecting CVE-2014-9662 cf2_builder_lineTo
2025-09-08 16:02:57,868 - INFO - cmd: python main.py --detect --cve_id CVE-2014-9662 --target_bin /binaries/target/freetype/freetype-2.5.5-o1-freetype --vul_func_name cf2_builder_lineTo --project freetype
2025-09-08 16:03:05,911 - INFO - success CVE-2014-9662,details in cve_test/CVE-2014-9662.log

2025-09-08 16:03:05,912 - INFO - detecting CVE-2014-9662 cf2_builder_lineTo
2025-09-08 16:03:05,912 - INFO - cmd: python main.py --detect --cve_id CVE-2014-9662 --target_bin /binaries/target/freetype/freetype-2.6-o1-freetype --vul_func_name cf2_builder_lineTo --project freetype
2025-09-08 16:03:14,103 - INFO - success CVE-2014-9662,details in cve_test/CVE-2014-9662.log

2025-09-08 16:03:14,105 - INFO - detecting CVE-2014-9674 Mac_Read_POST_Resource
2025-09-08 16:03:14,105 - INFO - cmd: python main.py --detect --cve_id CVE-2014-9674 --target_bin /binaries/target/freetype/freetype-2.5.3-o1-freetype --vul_func_name Mac_Read_POST_Resource --project freetype
2025-09-08 16:03:18,444 - ERROR - fail CVE-2014-9674 ,details1

2025-09-08 16:03:18,445 - INFO - detecting CVE-2014-9674 Mac_Read_POST_Resource
2025-09-08 16:03:18,445 - INFO - cmd: python main.py --detect --cve_id CVE-2014-9674 --target_bin /binaries/target/freetype/freetype-2.5.2-o1-freetype --vul_func_name Mac_Read_POST_Resource --project freetype
2025-09-08 16:03:22,857 - ERROR - fail CVE-2014-9674 ,details1

2025-09-08 16:03:22,858 - INFO - detecting CVE-2014-9674 Mac_Read_POST_Resource
2025-09-08 16:03:22,859 - INFO - cmd: python main.py --detect --cve_id CVE-2014-9674 --target_bin /binaries/target/freetype/freetype-2.5.1-o1-freetype --vul_func_name Mac_Read_POST_Resource --project freetype
2025-09-08 16:03:27,365 - ERROR - fail CVE-2014-9674 ,details1

2025-09-08 16:03:27,366 - INFO - detecting CVE-2014-9674 Mac_Read_POST_Resource
2025-09-08 16:03:27,367 - INFO - cmd: python main.py --detect --cve_id CVE-2014-9674 --target_bin /binaries/target/freetype/freetype-2.5.4-o1-freetype --vul_func_name Mac_Read_POST_Resource --project freetype
2025-09-08 16:03:32,155 - ERROR - fail CVE-2014-9674 ,details1

2025-09-08 16:03:32,156 - INFO - detecting CVE-2014-9674 Mac_Read_POST_Resource
2025-09-08 16:03:32,157 - INFO - cmd: python main.py --detect --cve_id CVE-2014-9674 --target_bin /binaries/target/freetype/freetype-2.5.5-o1-freetype --vul_func_name Mac_Read_POST_Resource --project freetype
2025-09-08 16:03:36,586 - ERROR - fail CVE-2014-9674 ,details1

2025-09-08 16:03:36,588 - INFO - detecting CVE-2014-9674 Mac_Read_POST_Resource
2025-09-08 16:03:36,588 - INFO - cmd: python main.py --detect --cve_id CVE-2014-9674 --target_bin /binaries/target/freetype/freetype-2.6-o1-freetype --vul_func_name Mac_Read_POST_Resource --project freetype
2025-09-08 16:03:41,386 - ERROR - fail CVE-2014-9674 ,details1

2025-09-08 16:03:41,387 - INFO - detecting CVE-2015-9382 ps_parser_skip_PS_token
2025-09-08 16:03:41,388 - INFO - cmd: python main.py --detect --cve_id CVE-2015-9382 --target_bin /binaries/target/freetype/freetype-2.5.5-o1-freetype --vul_func_name ps_parser_skip_PS_token --project freetype
2025-09-08 16:03:48,553 - INFO - success CVE-2015-9382,details in cve_test/CVE-2015-9382.log

2025-09-08 16:03:48,554 - INFO - detecting CVE-2015-9382 ps_parser_skip_PS_token
2025-09-08 16:03:48,554 - INFO - cmd: python main.py --detect --cve_id CVE-2015-9382 --target_bin /binaries/target/freetype/freetype-2.5.4-o1-freetype --vul_func_name ps_parser_skip_PS_token --project freetype
2025-09-08 16:03:55,084 - INFO - success CVE-2015-9382,details in cve_test/CVE-2015-9382.log

2025-09-08 16:03:55,085 - INFO - detecting CVE-2015-9382 ps_parser_skip_PS_token
2025-09-08 16:03:55,086 - INFO - cmd: python main.py --detect --cve_id CVE-2015-9382 --target_bin /binaries/target/freetype/freetype-2.5.3-o1-freetype --vul_func_name ps_parser_skip_PS_token --project freetype
2025-09-08 16:04:02,505 - INFO - success CVE-2015-9382,details in cve_test/CVE-2015-9382.log

2025-09-08 16:04:02,506 - INFO - detecting CVE-2015-9382 ps_parser_skip_PS_token
2025-09-08 16:04:02,506 - INFO - cmd: python main.py --detect --cve_id CVE-2015-9382 --target_bin /binaries/target/freetype/freetype-2.6.1-o1-freetype --vul_func_name ps_parser_skip_PS_token --project freetype
2025-09-08 16:04:09,533 - INFO - success CVE-2015-9382,details in cve_test/CVE-2015-9382.log

2025-09-08 16:04:09,534 - INFO - detecting CVE-2015-9382 ps_parser_skip_PS_token
2025-09-08 16:04:09,535 - INFO - cmd: python main.py --detect --cve_id CVE-2015-9382 --target_bin /binaries/target/freetype/freetype-2.6.2-o1-freetype --vul_func_name ps_parser_skip_PS_token --project freetype
2025-09-08 16:04:15,979 - INFO - success CVE-2015-9382,details in cve_test/CVE-2015-9382.log

2025-09-08 16:04:15,981 - INFO - detecting CVE-2015-9382 ps_parser_skip_PS_token
2025-09-08 16:04:15,981 - INFO - cmd: python main.py --detect --cve_id CVE-2015-9382 --target_bin /binaries/target/freetype/freetype-2.6.3-o1-freetype --vul_func_name ps_parser_skip_PS_token --project freetype
2025-09-08 16:04:23,326 - INFO - success CVE-2015-9382,details in cve_test/CVE-2015-9382.log

2025-09-08 16:04:23,327 - INFO - detecting CVE-2015-9381 T1_Get_Private_Dict
2025-09-08 16:04:23,327 - INFO - cmd: python main.py --detect --cve_id CVE-2015-9381 --target_bin /binaries/target/freetype/freetype-2.5.5-o1-freetype --vul_func_name T1_Get_Private_Dict --project freetype
2025-09-08 16:04:28,085 - ERROR - fail CVE-2015-9381 ,details1

2025-09-08 16:04:28,086 - INFO - detecting CVE-2015-9381 T1_Get_Private_Dict
2025-09-08 16:04:28,086 - INFO - cmd: python main.py --detect --cve_id CVE-2015-9381 --target_bin /binaries/target/freetype/freetype-2.5.4-o1-freetype --vul_func_name T1_Get_Private_Dict --project freetype
2025-09-08 16:04:33,084 - ERROR - fail CVE-2015-9381 ,details1

2025-09-08 16:04:33,085 - INFO - detecting CVE-2015-9381 T1_Get_Private_Dict
2025-09-08 16:04:33,086 - INFO - cmd: python main.py --detect --cve_id CVE-2015-9381 --target_bin /binaries/target/freetype/freetype-2.5.3-o1-freetype --vul_func_name T1_Get_Private_Dict --project freetype
2025-09-08 16:04:37,360 - ERROR - fail CVE-2015-9381 ,details1

2025-09-08 16:04:37,361 - INFO - detecting CVE-2015-9381 T1_Get_Private_Dict
2025-09-08 16:04:37,362 - INFO - cmd: python main.py --detect --cve_id CVE-2015-9381 --target_bin /binaries/target/freetype/freetype-2.6.1-o1-freetype --vul_func_name T1_Get_Private_Dict --project freetype
2025-09-08 16:04:42,134 - ERROR - fail CVE-2015-9381 ,details1

2025-09-08 16:04:42,135 - INFO - detecting CVE-2015-9381 T1_Get_Private_Dict
2025-09-08 16:04:42,136 - INFO - cmd: python main.py --detect --cve_id CVE-2015-9381 --target_bin /binaries/target/freetype/freetype-2.6.2-o1-freetype --vul_func_name T1_Get_Private_Dict --project freetype
2025-09-08 16:04:47,185 - ERROR - fail CVE-2015-9381 ,details1

2025-09-08 16:04:47,186 - INFO - detecting CVE-2015-9381 T1_Get_Private_Dict
2025-09-08 16:04:47,187 - INFO - cmd: python main.py --detect --cve_id CVE-2015-9381 --target_bin /binaries/target/freetype/freetype-2.6.3-o1-freetype --vul_func_name T1_Get_Private_Dict --project freetype
2025-09-08 16:04:51,819 - ERROR - fail CVE-2015-9381 ,details1

2025-09-08 16:04:51,821 - INFO - detecting CVE-2017-7864 tt_size_reset
2025-09-08 16:04:51,821 - INFO - cmd: python main.py --detect --cve_id CVE-2017-7864 --target_bin /binaries/target/freetype/freetype-2.7.1-o1-freetype --vul_func_name tt_size_reset --project freetype
2025-09-08 16:04:59,503 - INFO - success CVE-2017-7864,details in cve_test/CVE-2017-7864.log

2025-09-08 16:04:59,504 - INFO - detecting CVE-2017-7864 tt_size_reset
2025-09-08 16:04:59,505 - INFO - cmd: python main.py --detect --cve_id CVE-2017-7864 --target_bin /binaries/target/freetype/freetype-2.7-o1-freetype --vul_func_name tt_size_reset --project freetype
2025-09-08 16:05:07,115 - INFO - success CVE-2017-7864,details in cve_test/CVE-2017-7864.log

2025-09-08 16:05:07,116 - INFO - detecting CVE-2017-7864 tt_size_reset
2025-09-08 16:05:07,116 - INFO - cmd: python main.py --detect --cve_id CVE-2017-7864 --target_bin /binaries/target/freetype/freetype-2.6.5-o1-freetype --vul_func_name tt_size_reset --project freetype
2025-09-08 16:05:15,214 - INFO - success CVE-2017-7864,details in cve_test/CVE-2017-7864.log

2025-09-08 16:05:15,215 - INFO - detecting CVE-2017-7864 tt_size_reset
2025-09-08 16:05:15,215 - INFO - cmd: python main.py --detect --cve_id CVE-2017-7864 --target_bin /binaries/target/freetype/freetype-2.8-o1-freetype --vul_func_name tt_size_reset --project freetype
2025-09-08 16:05:23,592 - INFO - success CVE-2017-7864,details in cve_test/CVE-2017-7864.log

2025-09-08 16:05:23,592 - INFO - detecting CVE-2017-7864 tt_size_reset
2025-09-08 16:05:23,593 - INFO - cmd: python main.py --detect --cve_id CVE-2017-7864 --target_bin /binaries/target/freetype/freetype-2.8.1-o1-freetype --vul_func_name tt_size_reset --project freetype
2025-09-08 16:05:32,001 - INFO - success CVE-2017-7864,details in cve_test/CVE-2017-7864.log

2025-09-08 16:05:32,002 - INFO - detecting CVE-2017-7864 tt_size_reset
2025-09-08 16:05:32,003 - INFO - cmd: python main.py --detect --cve_id CVE-2017-7864 --target_bin /binaries/target/freetype/freetype-2.9-o1-freetype --vul_func_name tt_size_reset --project freetype
2025-09-08 16:05:39,666 - INFO - success CVE-2017-7864,details in cve_test/CVE-2017-7864.log