============================================
Patch Detection Log
Time: 2025-09-08 15:59:22
============================================
2025-09-08 15:59:22,850 - INFO - detecting CVE-2013-0338 xmlParserEntityCheck
2025-09-08 15:59:22,850 - INFO - cmd: python main.py --detect --cve_id CVE-2013-0338 --target_bin /binaries/target/libxml2/libxml2-2.9.0-o1-libxml2 --vul_func_name xmlParserEntityCheck --project libxml2
2025-09-08 15:59:28,191 - INFO - success CVE-2013-0338,details in cve_test/CVE-2013-0338.log

2025-09-08 15:59:28,191 - INFO - detecting CVE-2013-0338 xmlParserEntityCheck
2025-09-08 15:59:28,191 - INFO - cmd: python main.py --detect --cve_id CVE-2013-0338 --target_bin /binaries/target/libxml2/libxml2-2.8.0-o1-libxml2 --vul_func_name xmlParserEntityCheck --project libxml2
2025-09-08 15:59:33,155 - INFO - success CVE-2013-0338,details in cve_test/CVE-2013-0338.log

2025-09-08 15:59:33,155 - INFO - detecting CVE-2013-0338 xmlParserEntityCheck
2025-09-08 15:59:33,156 - INFO - cmd: python main.py --detect --cve_id CVE-2013-0338 --target_bin /binaries/target/libxml2/libxml2-2.8.0-rc2-o1-libxml2 --vul_func_name xmlParserEntityCheck --project libxml2
2025-09-08 15:59:38,068 - INFO - success CVE-2013-0338,details in cve_test/CVE-2013-0338.log

2025-09-08 15:59:38,069 - INFO - detecting CVE-2013-0338 xmlParserEntityCheck
2025-09-08 15:59:38,070 - INFO - cmd: python main.py --detect --cve_id CVE-2013-0338 --target_bin /binaries/target/libxml2/libxml2-2.9.1-o1-libxml2 --vul_func_name xmlParserEntityCheck --project libxml2
2025-09-08 15:59:43,577 - INFO - success CVE-2013-0338,details in cve_test/CVE-2013-0338.log

2025-09-08 15:59:43,578 - INFO - detecting CVE-2013-0338 xmlParserEntityCheck
2025-09-08 15:59:43,579 - INFO - cmd: python main.py --detect --cve_id CVE-2013-0338 --target_bin /binaries/target/libxml2/libxml2-2.9.2-rc1-o1-libxml2 --vul_func_name xmlParserEntityCheck --project libxml2
2025-09-08 15:59:48,788 - INFO - success CVE-2013-0338,details in cve_test/CVE-2013-0338.log

2025-09-08 15:59:48,789 - INFO - detecting CVE-2013-0338 xmlParserEntityCheck
2025-09-08 15:59:48,789 - INFO - cmd: python main.py --detect --cve_id CVE-2013-0338 --target_bin /binaries/target/libxml2/libxml2-2.9.2-rc2-o1-libxml2 --vul_func_name xmlParserEntityCheck --project libxml2
2025-09-08 15:59:54,066 - INFO - success CVE-2013-0338,details in cve_test/CVE-2013-0338.log

2025-09-08 15:59:54,067 - INFO - detecting CVE-2013-1969 htmlParseChunk__internal_alias
2025-09-08 15:59:54,068 - INFO - cmd: python main.py --detect --cve_id CVE-2013-1969 --target_bin /binaries/target/libxml2/libxml2-2.9.0-o1-libxml2 --vul_func_name htmlParseChunk__internal_alias --project libxml2
2025-09-08 15:59:59,332 - INFO - success CVE-2013-1969,details in cve_test/CVE-2013-1969.log

2025-09-08 15:59:59,333 - INFO - detecting CVE-2013-1969 htmlParseChunk__internal_alias
2025-09-08 15:59:59,334 - INFO - cmd: python main.py --detect --cve_id CVE-2013-1969 --target_bin /binaries/target/libxml2/libxml2-2.9.1-o1-libxml2 --vul_func_name htmlParseChunk__internal_alias --project libxml2
2025-09-08 16:00:04,497 - INFO - success CVE-2013-1969,details in cve_test/CVE-2013-1969.log

2025-09-08 16:00:04,498 - INFO - detecting CVE-2013-1969 htmlParseChunk__internal_alias
2025-09-08 16:00:04,499 - INFO - cmd: python main.py --detect --cve_id CVE-2013-1969 --target_bin /binaries/target/libxml2/libxml2-2.9.2-rc1-o1-libxml2 --vul_func_name htmlParseChunk__internal_alias --project libxml2
2025-09-08 16:00:10,463 - INFO - success CVE-2013-1969,details in cve_test/CVE-2013-1969.log

2025-09-08 16:00:10,465 - INFO - detecting CVE-2013-1969 htmlParseChunk__internal_alias
2025-09-08 16:00:10,465 - INFO - cmd: python main.py --detect --cve_id CVE-2013-1969 --target_bin /binaries/target/libxml2/libxml2-2.9.2-rc2-o1-libxml2 --vul_func_name htmlParseChunk__internal_alias --project libxml2
2025-09-08 16:00:16,510 - INFO - success CVE-2013-1969,details in cve_test/CVE-2013-1969.log

2025-09-08 16:00:16,511 - INFO - detecting CVE-2015-7498 xmlParseXMLDecl__internal_alias
2025-09-08 16:00:16,511 - INFO - cmd: python main.py --detect --cve_id CVE-2015-7498 --target_bin /binaries/target/libxml2/libxml2-2.9.2-o1-libxml2 --vul_func_name xmlParseXMLDecl__internal_alias --project libxml2
2025-09-08 16:00:28,893 - INFO - success CVE-2015-7498,details in cve_test/CVE-2015-7498.log

2025-09-08 16:00:28,894 - INFO - detecting CVE-2015-7498 xmlParseXMLDecl__internal_alias
2025-09-08 16:00:28,894 - INFO - cmd: python main.py --detect --cve_id CVE-2015-7498 --target_bin /binaries/target/libxml2/libxml2-2.9.1-o1-libxml2 --vul_func_name xmlParseXMLDecl__internal_alias --project libxml2
2025-09-08 16:00:40,037 - INFO - success CVE-2015-7498,details in cve_test/CVE-2015-7498.log

2025-09-08 16:00:40,038 - INFO - detecting CVE-2015-7498 xmlParseXMLDecl__internal_alias
2025-09-08 16:00:40,039 - INFO - cmd: python main.py --detect --cve_id CVE-2015-7498 --target_bin /binaries/target/libxml2/libxml2-2.9.0-o1-libxml2 --vul_func_name xmlParseXMLDecl__internal_alias --project libxml2
2025-09-08 16:00:51,081 - INFO - success CVE-2015-7498,details in cve_test/CVE-2015-7498.log

2025-09-08 16:00:51,082 - INFO - detecting CVE-2015-7498 xmlParseXMLDecl__internal_alias
2025-09-08 16:00:51,083 - INFO - cmd: python main.py --detect --cve_id CVE-2015-7498 --target_bin /binaries/target/libxml2/libxml2-2.9.3-o1-libxml2 --vul_func_name xmlParseXMLDecl__internal_alias --project libxml2
2025-09-08 16:01:01,782 - INFO - success CVE-2015-7498,details in cve_test/CVE-2015-7498.log

2025-09-08 16:01:01,783 - INFO - detecting CVE-2015-7498 xmlParseXMLDecl__internal_alias
2025-09-08 16:01:01,784 - INFO - cmd: python main.py --detect --cve_id CVE-2015-7498 --target_bin /binaries/target/libxml2/libxml2-2.9.4-o1-libxml2 --vul_func_name xmlParseXMLDecl__internal_alias --project libxml2
2025-09-08 16:01:14,732 - INFO - success CVE-2015-7498,details in cve_test/CVE-2015-7498.log

2025-09-08 16:01:14,733 - INFO - detecting CVE-2015-7498 xmlParseXMLDecl__internal_alias
2025-09-08 16:01:14,734 - INFO - cmd: python main.py --detect --cve_id CVE-2015-7498 --target_bin /binaries/target/libxml2/libxml2-2.9.5-rc1-o1-libxml2 --vul_func_name xmlParseXMLDecl__internal_alias --project libxml2
2025-09-08 16:01:25,839 - INFO - success CVE-2015-7498,details in cve_test/CVE-2015-7498.log

2025-09-08 16:01:25,840 - INFO - detecting CVE-2015-7498 xmlSwitchEncoding__internal_alias
2025-09-08 16:01:25,841 - INFO - cmd: python main.py --detect --cve_id CVE-2015-7498 --target_bin /binaries/target/libxml2/libxml2-2.9.2-o1-libxml2 --vul_func_name xmlSwitchEncoding__internal_alias --project libxml2
2025-09-08 16:01:31,183 - INFO - success CVE-2015-7498,details in cve_test/CVE-2015-7498.log

2025-09-08 16:01:31,185 - INFO - detecting CVE-2015-7498 xmlSwitchEncoding__internal_alias
2025-09-08 16:01:31,185 - INFO - cmd: python main.py --detect --cve_id CVE-2015-7498 --target_bin /binaries/target/libxml2/libxml2-2.9.1-o1-libxml2 --vul_func_name xmlSwitchEncoding__internal_alias --project libxml2
2025-09-08 16:01:36,630 - INFO - success CVE-2015-7498,details in cve_test/CVE-2015-7498.log

2025-09-08 16:01:36,632 - INFO - detecting CVE-2015-7498 xmlSwitchEncoding__internal_alias
2025-09-08 16:01:36,632 - INFO - cmd: python main.py --detect --cve_id CVE-2015-7498 --target_bin /binaries/target/libxml2/libxml2-2.9.0-o1-libxml2 --vul_func_name xmlSwitchEncoding__internal_alias --project libxml2
2025-09-08 16:01:41,552 - INFO - success CVE-2015-7498,details in cve_test/CVE-2015-7498.log

2025-09-08 16:01:41,553 - INFO - detecting CVE-2015-7498 xmlSwitchEncoding__internal_alias
2025-09-08 16:01:41,553 - INFO - cmd: python main.py --detect --cve_id CVE-2015-7498 --target_bin /binaries/target/libxml2/libxml2-2.9.3-o1-libxml2 --vul_func_name xmlSwitchEncoding__internal_alias --project libxml2
2025-09-08 16:01:46,276 - INFO - success CVE-2015-7498,details in cve_test/CVE-2015-7498.log

2025-09-08 16:01:46,277 - INFO - detecting CVE-2015-7498 xmlSwitchEncoding__internal_alias
2025-09-08 16:01:46,278 - INFO - cmd: python main.py --detect --cve_id CVE-2015-7498 --target_bin /binaries/target/libxml2/libxml2-2.9.4-o1-libxml2 --vul_func_name xmlSwitchEncoding__internal_alias --project libxml2
2025-09-08 16:01:51,667 - INFO - success CVE-2015-7498,details in cve_test/CVE-2015-7498.log

2025-09-08 16:01:51,668 - INFO - detecting CVE-2015-7498 xmlSwitchEncoding__internal_alias
2025-09-08 16:01:51,668 - INFO - cmd: python main.py --detect --cve_id CVE-2015-7498 --target_bin /binaries/target/libxml2/libxml2-2.9.5-rc1-o1-libxml2 --vul_func_name xmlSwitchEncoding__internal_alias --project libxml2
2025-09-08 16:01:56,030 - INFO - success CVE-2015-7498,details in cve_test/CVE-2015-7498.log

2025-09-08 16:01:56,031 - INFO - detecting CVE-2015-7500 xmlParseStartTag2
2025-09-08 16:01:56,031 - INFO - cmd: python main.py --detect --cve_id CVE-2015-7500 --target_bin /binaries/target/libxml2/libxml2-2.9.2-o1-libxml2 --vul_func_name xmlParseStartTag2 --project libxml2
2025-09-08 16:02:03,394 - INFO - success CVE-2015-7500,details in cve_test/CVE-2015-7500.log

2025-09-08 16:02:03,395 - INFO - detecting CVE-2015-7500 xmlParseStartTag2
2025-09-08 16:02:03,395 - INFO - cmd: python main.py --detect --cve_id CVE-2015-7500 --target_bin /binaries/target/libxml2/libxml2-2.9.1-o1-libxml2 --vul_func_name xmlParseStartTag2 --project libxml2
2025-09-08 16:02:10,902 - INFO - success CVE-2015-7500,details in cve_test/CVE-2015-7500.log

2025-09-08 16:02:10,903 - INFO - detecting CVE-2015-7500 xmlParseStartTag2
2025-09-08 16:02:10,903 - INFO - cmd: python main.py --detect --cve_id CVE-2015-7500 --target_bin /binaries/target/libxml2/libxml2-2.9.0-o1-libxml2 --vul_func_name xmlParseStartTag2 --project libxml2
2025-09-08 16:02:18,783 - INFO - success CVE-2015-7500,details in cve_test/CVE-2015-7500.log

2025-09-08 16:02:18,784 - INFO - detecting CVE-2015-7500 xmlParseStartTag2
2025-09-08 16:02:18,785 - INFO - cmd: python main.py --detect --cve_id CVE-2015-7500 --target_bin /binaries/target/libxml2/libxml2-2.9.4-o1-libxml2 --vul_func_name xmlParseStartTag2 --project libxml2
2025-09-08 16:02:26,126 - INFO - success CVE-2015-7500,details in cve_test/CVE-2015-7500.log

2025-09-08 16:02:26,127 - INFO - detecting CVE-2015-7500 xmlParseStartTag2
2025-09-08 16:02:26,128 - INFO - cmd: python main.py --detect --cve_id CVE-2015-7500 --target_bin /binaries/target/libxml2/libxml2-2.9.5-rc1-o1-libxml2 --vul_func_name xmlParseStartTag2 --project libxml2
2025-09-08 16:02:34,115 - INFO - success CVE-2015-7500,details in cve_test/CVE-2015-7500.log

2025-09-08 16:02:34,116 - INFO - detecting CVE-2015-7500 xmlParseStartTag2
2025-09-08 16:02:34,117 - INFO - cmd: python main.py --detect --cve_id CVE-2015-7500 --target_bin /binaries/target/libxml2/libxml2-2.9.5-rc2-o1-libxml2 --vul_func_name xmlParseStartTag2 --project libxml2
2025-09-08 16:02:41,328 - INFO - success CVE-2015-7500,details in cve_test/CVE-2015-7500.log

2025-09-08 16:02:41,329 - INFO - detecting CVE-2015-7941 xmlParseConditionalSections
2025-09-08 16:02:41,329 - INFO - cmd: python main.py --detect --cve_id CVE-2015-7941 --target_bin /binaries/target/libxml2/libxml2-2.9.2-o1-libxml2 --vul_func_name xmlParseConditionalSections --project libxml2
2025-09-08 16:02:53,576 - INFO - success CVE-2015-7941,details in cve_test/CVE-2015-7941.log

2025-09-08 16:02:53,577 - INFO - detecting CVE-2015-7941 xmlParseConditionalSections
2025-09-08 16:02:53,577 - INFO - cmd: python main.py --detect --cve_id CVE-2015-7941 --target_bin /binaries/target/libxml2/libxml2-2.9.3-o1-libxml2 --vul_func_name xmlParseConditionalSections --project libxml2
2025-09-08 16:03:01,393 - INFO - success CVE-2015-7941,details in cve_test/CVE-2015-7941.log

2025-09-08 16:03:01,394 - INFO - detecting CVE-2015-7941 xmlParseConditionalSections
2025-09-08 16:03:01,394 - INFO - cmd: python main.py --detect --cve_id CVE-2015-7941 --target_bin /binaries/target/libxml2/libxml2-2.9.4-o1-libxml2 --vul_func_name xmlParseConditionalSections --project libxml2
2025-09-08 16:03:09,624 - INFO - success CVE-2015-7941,details in cve_test/CVE-2015-7941.log

2025-09-08 16:03:09,625 - INFO - detecting CVE-2015-7941 xmlParseConditionalSections
2025-09-08 16:03:09,625 - INFO - cmd: python main.py --detect --cve_id CVE-2015-7941 --target_bin /binaries/target/libxml2/libxml2-2.9.5-rc1-o1-libxml2 --vul_func_name xmlParseConditionalSections --project libxml2
2025-09-08 16:03:17,210 - INFO - success CVE-2015-7941,details in cve_test/CVE-2015-7941.log

2025-09-08 16:03:17,211 - INFO - detecting CVE-2015-8241 xmlParseMarkupDecl__internal_alias
2025-09-08 16:03:17,211 - INFO - cmd: python main.py --detect --cve_id CVE-2015-8241 --target_bin /binaries/target/libxml2/libxml2-2.9.2-o1-libxml2 --vul_func_name xmlParseMarkupDecl__internal_alias --project libxml2
2025-09-08 16:03:25,053 - INFO - success CVE-2015-8241,details in cve_test/CVE-2015-8241.log

2025-09-08 16:03:25,054 - INFO - detecting CVE-2015-8241 xmlParseMarkupDecl__internal_alias
2025-09-08 16:03:25,055 - INFO - cmd: python main.py --detect --cve_id CVE-2015-8241 --target_bin /binaries/target/libxml2/libxml2-2.9.1-o1-libxml2 --vul_func_name xmlParseMarkupDecl__internal_alias --project libxml2
2025-09-08 16:03:32,868 - INFO - success CVE-2015-8241,details in cve_test/CVE-2015-8241.log

2025-09-08 16:03:32,869 - INFO - detecting CVE-2015-8241 xmlParseMarkupDecl__internal_alias
2025-09-08 16:03:32,869 - INFO - cmd: python main.py --detect --cve_id CVE-2015-8241 --target_bin /binaries/target/libxml2/libxml2-2.9.0-o1-libxml2 --vul_func_name xmlParseMarkupDecl__internal_alias --project libxml2
2025-09-08 16:03:41,700 - INFO - success CVE-2015-8241,details in cve_test/CVE-2015-8241.log

2025-09-08 16:03:41,701 - INFO - detecting CVE-2015-8241 xmlParseMarkupDecl__internal_alias
2025-09-08 16:03:41,702 - INFO - cmd: python main.py --detect --cve_id CVE-2015-8241 --target_bin /binaries/target/libxml2/libxml2-2.9.3-o1-libxml2 --vul_func_name xmlParseMarkupDecl__internal_alias --project libxml2
2025-09-08 16:03:50,645 - INFO - success CVE-2015-8241,details in cve_test/CVE-2015-8241.log

2025-09-08 16:03:50,646 - INFO - detecting CVE-2015-8241 xmlParseMarkupDecl__internal_alias
2025-09-08 16:03:50,646 - INFO - cmd: python main.py --detect --cve_id CVE-2015-8241 --target_bin /binaries/target/libxml2/libxml2-2.9.4-o1-libxml2 --vul_func_name xmlParseMarkupDecl__internal_alias --project libxml2
2025-09-08 16:04:00,011 - INFO - success CVE-2015-8241,details in cve_test/CVE-2015-8241.log

2025-09-08 16:04:00,012 - INFO - detecting CVE-2015-8241 xmlParseMarkupDecl__internal_alias
2025-09-08 16:04:00,012 - INFO - cmd: python main.py --detect --cve_id CVE-2015-8241 --target_bin /binaries/target/libxml2/libxml2-2.9.5-rc1-o1-libxml2 --vul_func_name xmlParseMarkupDecl__internal_alias --project libxml2
2025-09-08 16:04:09,228 - INFO - success CVE-2015-8241,details in cve_test/CVE-2015-8241.log

2025-09-08 16:04:09,229 - INFO - detecting CVE-2016-1762 xmlParseInternalSubset
2025-09-08 16:04:09,230 - INFO - cmd: python main.py --detect --cve_id CVE-2016-1762 --target_bin /binaries/target/libxml2/libxml2-2.9.3-o1-libxml2 --vul_func_name xmlParseInternalSubset --project libxml2
2025-09-08 16:04:17,605 - INFO - success CVE-2016-1762,details in cve_test/CVE-2016-1762.log

2025-09-08 16:04:17,606 - INFO - detecting CVE-2016-1762 xmlParseInternalSubset
2025-09-08 16:04:17,607 - INFO - cmd: python main.py --detect --cve_id CVE-2016-1762 --target_bin /binaries/target/libxml2/libxml2-2.9.2-o1-libxml2 --vul_func_name xmlParseInternalSubset --project libxml2
2025-09-08 16:04:25,105 - INFO - success CVE-2016-1762,details in cve_test/CVE-2016-1762.log

2025-09-08 16:04:25,105 - INFO - detecting CVE-2016-1762 xmlParseInternalSubset
2025-09-08 16:04:25,106 - INFO - cmd: python main.py --detect --cve_id CVE-2016-1762 --target_bin /binaries/target/libxml2/libxml2-2.9.2-rc2-o1-libxml2 --vul_func_name xmlParseInternalSubset --project libxml2
2025-09-08 16:04:33,313 - INFO - success CVE-2016-1762,details in cve_test/CVE-2016-1762.log

2025-09-08 16:04:33,314 - INFO - detecting CVE-2016-1762 xmlParseInternalSubset
2025-09-08 16:04:33,314 - INFO - cmd: python main.py --detect --cve_id CVE-2016-1762 --target_bin /binaries/target/libxml2/libxml2-2.9.4-o1-libxml2 --vul_func_name xmlParseInternalSubset --project libxml2
2025-09-08 16:04:41,774 - INFO - success CVE-2016-1762,details in cve_test/CVE-2016-1762.log

2025-09-08 16:04:41,775 - INFO - detecting CVE-2016-1762 xmlParseInternalSubset
2025-09-08 16:04:41,776 - INFO - cmd: python main.py --detect --cve_id CVE-2016-1762 --target_bin /binaries/target/libxml2/libxml2-2.9.5-rc1-o1-libxml2 --vul_func_name xmlParseInternalSubset --project libxml2
2025-09-08 16:04:49,229 - INFO - success CVE-2016-1762,details in cve_test/CVE-2016-1762.log

2025-09-08 16:04:49,230 - INFO - detecting CVE-2016-1762 xmlParseInternalSubset
2025-09-08 16:04:49,230 - INFO - cmd: python main.py --detect --cve_id CVE-2016-1762 --target_bin /binaries/target/libxml2/libxml2-2.9.5-rc2-o1-libxml2 --vul_func_name xmlParseInternalSubset --project libxml2
2025-09-08 16:04:56,679 - INFO - success CVE-2016-1762,details in cve_test/CVE-2016-1762.log

2025-09-08 16:04:56,680 - INFO - detecting CVE-2016-1836 xmlParseNCNameComplex
2025-09-08 16:04:56,681 - INFO - cmd: python main.py --detect --cve_id CVE-2016-1836 --target_bin /binaries/target/libxml2/libxml2-2.9.3-o1-libxml2 --vul_func_name xmlParseNCNameComplex --project libxml2
2025-09-08 16:05:01,333 - ERROR - fail CVE-2016-1836 ,details1

2025-09-08 16:05:01,334 - INFO - detecting CVE-2016-1836 xmlParseNCNameComplex
2025-09-08 16:05:01,335 - INFO - cmd: python main.py --detect --cve_id CVE-2016-1836 --target_bin /binaries/target/libxml2/libxml2-2.9.2-o1-libxml2 --vul_func_name xmlParseNCNameComplex --project libxml2
2025-09-08 16:05:06,428 - ERROR - fail CVE-2016-1836 ,details1

2025-09-08 16:05:06,429 - INFO - detecting CVE-2016-1836 xmlParseNCNameComplex
2025-09-08 16:05:06,430 - INFO - cmd: python main.py --detect --cve_id CVE-2016-1836 --target_bin /binaries/target/libxml2/libxml2-2.9.2-rc2-o1-libxml2 --vul_func_name xmlParseNCNameComplex --project libxml2
2025-09-08 16:05:11,063 - ERROR - fail CVE-2016-1836 ,details1

2025-09-08 16:05:11,064 - INFO - detecting CVE-2016-1836 xmlParseNCNameComplex
2025-09-08 16:05:11,064 - INFO - cmd: python main.py --detect --cve_id CVE-2016-1836 --target_bin /binaries/target/libxml2/libxml2-2.9.5-rc1-o1-libxml2 --vul_func_name xmlParseNCNameComplex --project libxml2
2025-09-08 16:05:15,421 - ERROR - fail CVE-2016-1836 ,details1

2025-09-08 16:05:15,422 - INFO - detecting CVE-2016-1836 xmlParseNCNameComplex
2025-09-08 16:05:15,423 - INFO - cmd: python main.py --detect --cve_id CVE-2016-1836 --target_bin /binaries/target/libxml2/libxml2-2.9.5-rc2-o1-libxml2 --vul_func_name xmlParseNCNameComplex --project libxml2
2025-09-08 16:05:20,404 - ERROR - fail CVE-2016-1836 ,details1

2025-09-08 16:05:20,405 - INFO - detecting CVE-2016-1836 xmlParseNCNameComplex
2025-09-08 16:05:20,405 - INFO - cmd: python main.py --detect --cve_id CVE-2016-1836 --target_bin /binaries/target/libxml2/libxml2-2.9.5-o1-libxml2 --vul_func_name xmlParseNCNameComplex --project libxml2
2025-09-08 16:05:25,485 - ERROR - fail CVE-2016-1836 ,details1

2025-09-08 16:05:25,485 - INFO - detecting CVE-2016-1837 htmlParseSystemLiteral
2025-09-08 16:05:25,486 - INFO - cmd: python main.py --detect --cve_id CVE-2016-1837 --target_bin /binaries/target/libxml2/libxml2-2.9.3-o1-libxml2 --vul_func_name htmlParseSystemLiteral --project libxml2
2025-09-08 16:05:33,139 - INFO - success CVE-2016-1837,details in cve_test/CVE-2016-1837.log

2025-09-08 16:05:33,140 - INFO - detecting CVE-2016-1837 htmlParseSystemLiteral
2025-09-08 16:05:33,141 - INFO - cmd: python main.py --detect --cve_id CVE-2016-1837 --target_bin /binaries/target/libxml2/libxml2-2.9.2-o1-libxml2 --vul_func_name htmlParseSystemLiteral --project libxml2
2025-09-08 16:05:40,639 - INFO - success CVE-2016-1837,details in cve_test/CVE-2016-1837.log

2025-09-08 16:05:40,640 - INFO - detecting CVE-2016-1837 htmlParseSystemLiteral
2025-09-08 16:05:40,640 - INFO - cmd: python main.py --detect --cve_id CVE-2016-1837 --target_bin /binaries/target/libxml2/libxml2-2.9.2-rc2-o1-libxml2 --vul_func_name htmlParseSystemLiteral --project libxml2
2025-09-08 16:05:47,606 - INFO - success CVE-2016-1837,details in cve_test/CVE-2016-1837.log

2025-09-08 16:05:47,607 - INFO - detecting CVE-2016-1837 htmlParseSystemLiteral
2025-09-08 16:05:47,607 - INFO - cmd: python main.py --detect --cve_id CVE-2016-1837 --target_bin /binaries/target/libxml2/libxml2-2.9.5-rc1-o1-libxml2 --vul_func_name htmlParseSystemLiteral --project libxml2
2025-09-08 16:05:55,085 - INFO - success CVE-2016-1837,details in cve_test/CVE-2016-1837.log

2025-09-08 16:05:55,086 - INFO - detecting CVE-2016-1837 htmlParseSystemLiteral
2025-09-08 16:05:55,087 - INFO - cmd: python main.py --detect --cve_id CVE-2016-1837 --target_bin /binaries/target/libxml2/libxml2-2.9.5-rc2-o1-libxml2 --vul_func_name htmlParseSystemLiteral --project libxml2
2025-09-08 16:06:03,390 - INFO - success CVE-2016-1837,details in cve_test/CVE-2016-1837.log

2025-09-08 16:06:03,391 - INFO - detecting CVE-2016-1837 htmlParseSystemLiteral
2025-09-08 16:06:03,392 - INFO - cmd: python main.py --detect --cve_id CVE-2016-1837 --target_bin /binaries/target/libxml2/libxml2-2.9.5-o1-libxml2 --vul_func_name htmlParseSystemLiteral --project libxml2
2025-09-08 16:06:11,145 - INFO - success CVE-2016-1837,details in cve_test/CVE-2016-1837.log

2025-09-08 16:06:11,146 - INFO - detecting CVE-2016-4658 xmlXPtrNewRangeNodeObject__internal_alias
2025-09-08 16:06:11,146 - INFO - cmd: python main.py --detect --cve_id CVE-2016-4658 --target_bin /binaries/target/libxml2/libxml2-2.9.4-o1-libxml2 --vul_func_name xmlXPtrNewRangeNodeObject__internal_alias --project libxml2
2025-09-08 16:06:16,731 - INFO - success CVE-2016-4658,details in cve_test/CVE-2016-4658.log

2025-09-08 16:06:16,732 - INFO - detecting CVE-2016-4658 xmlXPtrNewRangeNodeObject__internal_alias
2025-09-08 16:06:16,732 - INFO - cmd: python main.py --detect --cve_id CVE-2016-4658 --target_bin /binaries/target/libxml2/libxml2-2.9.3-o1-libxml2 --vul_func_name xmlXPtrNewRangeNodeObject__internal_alias --project libxml2
2025-09-08 16:06:22,173 - INFO - success CVE-2016-4658,details in cve_test/CVE-2016-4658.log

2025-09-08 16:06:22,174 - INFO - detecting CVE-2016-4658 xmlXPtrNewRangeNodeObject__internal_alias
2025-09-08 16:06:22,174 - INFO - cmd: python main.py --detect --cve_id CVE-2016-4658 --target_bin /binaries/target/libxml2/libxml2-2.9.2-o1-libxml2 --vul_func_name xmlXPtrNewRangeNodeObject__internal_alias --project libxml2
2025-09-08 16:06:27,427 - INFO - success CVE-2016-4658,details in cve_test/CVE-2016-4658.log

2025-09-08 16:06:27,428 - INFO - detecting CVE-2016-4658 xmlXPtrNewRangeNodeObject__internal_alias
2025-09-08 16:06:27,428 - INFO - cmd: python main.py --detect --cve_id CVE-2016-4658 --target_bin /binaries/target/libxml2/libxml2-2.9.5-rc1-o1-libxml2 --vul_func_name xmlXPtrNewRangeNodeObject__internal_alias --project libxml2
2025-09-08 16:06:32,941 - INFO - success CVE-2016-4658,details in cve_test/CVE-2016-4658.log

2025-09-08 16:06:32,942 - INFO - detecting CVE-2016-4658 xmlXPtrNewRangeNodeObject__internal_alias
2025-09-08 16:06:32,943 - INFO - cmd: python main.py --detect --cve_id CVE-2016-4658 --target_bin /binaries/target/libxml2/libxml2-2.9.5-rc2-o1-libxml2 --vul_func_name xmlXPtrNewRangeNodeObject__internal_alias --project libxml2
2025-09-08 16:06:37,765 - INFO - success CVE-2016-4658,details in cve_test/CVE-2016-4658.log

2025-09-08 16:06:37,766 - INFO - detecting CVE-2016-4658 xmlXPtrNewRangeNodeObject__internal_alias
2025-09-08 16:06:37,767 - INFO - cmd: python main.py --detect --cve_id CVE-2016-4658 --target_bin /binaries/target/libxml2/libxml2-2.9.5-o1-libxml2 --vul_func_name xmlXPtrNewRangeNodeObject__internal_alias --project libxml2
2025-09-08 16:06:43,153 - INFO - success CVE-2016-4658,details in cve_test/CVE-2016-4658.log

2025-09-08 16:06:43,154 - INFO - detecting CVE-2017-16931 xmlParseNameComplex
2025-09-08 16:06:43,154 - INFO - cmd: python main.py --detect --cve_id CVE-2017-16931 --target_bin /binaries/target/libxml2/libxml2-2.9.4-o1-libxml2 --vul_func_name xmlParseNameComplex --project libxml2
2025-09-08 16:06:48,135 - ERROR - fail CVE-2017-16931 ,details1

2025-09-08 16:06:48,136 - INFO - detecting CVE-2017-16931 xmlParseNameComplex
2025-09-08 16:06:48,136 - INFO - cmd: python main.py --detect --cve_id CVE-2017-16931 --target_bin /binaries/target/libxml2/libxml2-2.9.3-o1-libxml2 --vul_func_name xmlParseNameComplex --project libxml2
2025-09-08 16:06:53,310 - ERROR - fail CVE-2017-16931 ,details1

2025-09-08 16:06:53,311 - INFO - detecting CVE-2017-16931 xmlParseNameComplex
2025-09-08 16:06:53,312 - INFO - cmd: python main.py --detect --cve_id CVE-2017-16931 --target_bin /binaries/target/libxml2/libxml2-2.9.2-o1-libxml2 --vul_func_name xmlParseNameComplex --project libxml2
2025-09-08 16:06:58,373 - ERROR - fail CVE-2017-16931 ,details1

2025-09-08 16:06:58,374 - INFO - detecting CVE-2017-16931 xmlParseNameComplex
2025-09-08 16:06:58,374 - INFO - cmd: python main.py --detect --cve_id CVE-2017-16931 --target_bin /binaries/target/libxml2/libxml2-2.9.5-rc1-o1-libxml2 --vul_func_name xmlParseNameComplex --project libxml2
2025-09-08 16:07:02,685 - ERROR - fail CVE-2017-16931 ,details1

2025-09-08 16:07:02,686 - INFO - detecting CVE-2017-16931 xmlParseNameComplex
2025-09-08 16:07:02,686 - INFO - cmd: python main.py --detect --cve_id CVE-2017-16931 --target_bin /binaries/target/libxml2/libxml2-2.9.5-rc2-o1-libxml2 --vul_func_name xmlParseNameComplex --project libxml2
2025-09-08 16:07:07,790 - ERROR - fail CVE-2017-16931 ,details1

2025-09-08 16:07:07,791 - INFO - detecting CVE-2017-16931 xmlParseNameComplex
2025-09-08 16:07:07,791 - INFO - cmd: python main.py --detect --cve_id CVE-2017-16931 --target_bin /binaries/target/libxml2/libxml2-2.9.5-o1-libxml2 --vul_func_name xmlParseNameComplex --project libxml2
2025-09-08 16:07:12,760 - ERROR - fail CVE-2017-16931 ,details1

2025-09-08 16:07:12,761 - INFO - detecting CVE-2017-5130 xmlMallocLoc__internal_alias
2025-09-08 16:07:12,761 - INFO - cmd: python main.py --detect --cve_id CVE-2017-5130 --target_bin /binaries/target/libxml2/libxml2-2.9.4-o1-libxml2 --vul_func_name xmlMallocLoc__internal_alias --project libxml2
2025-09-08 16:07:18,710 - INFO - success CVE-2017-5130,details in cve_test/CVE-2017-5130.log

2025-09-08 16:07:18,711 - INFO - detecting CVE-2017-5130 xmlMallocLoc__internal_alias
2025-09-08 16:07:18,712 - INFO - cmd: python main.py --detect --cve_id CVE-2017-5130 --target_bin /binaries/target/libxml2/libxml2-2.9.3-o1-libxml2 --vul_func_name xmlMallocLoc__internal_alias --project libxml2
2025-09-08 16:07:25,463 - INFO - success CVE-2017-5130,details in cve_test/CVE-2017-5130.log

2025-09-08 16:07:25,463 - INFO - detecting CVE-2017-5130 xmlMallocLoc__internal_alias
2025-09-08 16:07:25,464 - INFO - cmd: python main.py --detect --cve_id CVE-2017-5130 --target_bin /binaries/target/libxml2/libxml2-2.9.2-o1-libxml2 --vul_func_name xmlMallocLoc__internal_alias --project libxml2
2025-09-08 16:07:32,265 - INFO - success CVE-2017-5130,details in cve_test/CVE-2017-5130.log

2025-09-08 16:07:32,266 - INFO - detecting CVE-2017-5130 xmlMallocLoc__internal_alias
2025-09-08 16:07:32,266 - INFO - cmd: python main.py --detect --cve_id CVE-2017-5130 --target_bin /binaries/target/libxml2/libxml2-2.9.5-rc1-o1-libxml2 --vul_func_name xmlMallocLoc__internal_alias --project libxml2
2025-09-08 16:07:38,113 - INFO - success CVE-2017-5130,details in cve_test/CVE-2017-5130.log

2025-09-08 16:07:38,114 - INFO - detecting CVE-2017-5130 xmlMallocLoc__internal_alias
2025-09-08 16:07:38,114 - INFO - cmd: python main.py --detect --cve_id CVE-2017-5130 --target_bin /binaries/target/libxml2/libxml2-2.9.5-rc2-o1-libxml2 --vul_func_name xmlMallocLoc__internal_alias --project libxml2
2025-09-08 16:07:43,748 - INFO - success CVE-2017-5130,details in cve_test/CVE-2017-5130.log

2025-09-08 16:07:43,749 - INFO - detecting CVE-2017-5130 xmlMallocLoc__internal_alias
2025-09-08 16:07:43,750 - INFO - cmd: python main.py --detect --cve_id CVE-2017-5130 --target_bin /binaries/target/libxml2/libxml2-2.9.5-o1-libxml2 --vul_func_name xmlMallocLoc__internal_alias --project libxml2
2025-09-08 16:07:48,779 - INFO - success CVE-2017-5130,details in cve_test/CVE-2017-5130.log

2025-09-08 16:07:48,780 - INFO - detecting CVE-2017-5130 xmlMemStrdupLoc__internal_alias
2025-09-08 16:07:48,780 - INFO - cmd: python main.py --detect --cve_id CVE-2017-5130 --target_bin /binaries/target/libxml2/libxml2-2.9.4-o1-libxml2 --vul_func_name xmlMemStrdupLoc__internal_alias --project libxml2
2025-09-08 16:07:57,541 - INFO - success CVE-2017-5130,details in cve_test/CVE-2017-5130.log

2025-09-08 16:07:57,542 - INFO - detecting CVE-2017-5130 xmlMemStrdupLoc__internal_alias
2025-09-08 16:07:57,543 - INFO - cmd: python main.py --detect --cve_id CVE-2017-5130 --target_bin /binaries/target/libxml2/libxml2-2.9.3-o1-libxml2 --vul_func_name xmlMemStrdupLoc__internal_alias --project libxml2
2025-09-08 16:08:05,652 - INFO - success CVE-2017-5130,details in cve_test/CVE-2017-5130.log

2025-09-08 16:08:05,653 - INFO - detecting CVE-2017-5130 xmlMemStrdupLoc__internal_alias
2025-09-08 16:08:05,653 - INFO - cmd: python main.py --detect --cve_id CVE-2017-5130 --target_bin /binaries/target/libxml2/libxml2-2.9.2-o1-libxml2 --vul_func_name xmlMemStrdupLoc__internal_alias --project libxml2
2025-09-08 16:08:13,500 - INFO - success CVE-2017-5130,details in cve_test/CVE-2017-5130.log

2025-09-08 16:08:13,502 - INFO - detecting CVE-2017-5130 xmlMemStrdupLoc__internal_alias
2025-09-08 16:08:13,502 - INFO - cmd: python main.py --detect --cve_id CVE-2017-5130 --target_bin /binaries/target/libxml2/libxml2-2.9.5-rc1-o1-libxml2 --vul_func_name xmlMemStrdupLoc__internal_alias --project libxml2
2025-09-08 16:08:21,333 - INFO - success CVE-2017-5130,details in cve_test/CVE-2017-5130.log

2025-09-08 16:08:21,335 - INFO - detecting CVE-2017-5130 xmlMemStrdupLoc__internal_alias
2025-09-08 16:08:21,336 - INFO - cmd: python main.py --detect --cve_id CVE-2017-5130 --target_bin /binaries/target/libxml2/libxml2-2.9.5-rc2-o1-libxml2 --vul_func_name xmlMemStrdupLoc__internal_alias --project libxml2
2025-09-08 16:08:29,545 - INFO - success CVE-2017-5130,details in cve_test/CVE-2017-5130.log

2025-09-08 16:08:29,546 - INFO - detecting CVE-2017-5130 xmlMemStrdupLoc__internal_alias
2025-09-08 16:08:29,547 - INFO - cmd: python main.py --detect --cve_id CVE-2017-5130 --target_bin /binaries/target/libxml2/libxml2-2.9.5-o1-libxml2 --vul_func_name xmlMemStrdupLoc__internal_alias --project libxml2
2025-09-08 16:08:38,246 - INFO - success CVE-2017-5130,details in cve_test/CVE-2017-5130.log

2025-09-08 16:08:38,247 - INFO - detecting CVE-2022-23308 xmlValidCtxtNormalizeAttributeValue__internal_alias
2025-09-08 16:08:38,247 - INFO - cmd: python main.py --detect --cve_id CVE-2022-23308 --target_bin /binaries/target/libxml2/libxml2-2.9.11-o1-libxml2 --vul_func_name xmlValidCtxtNormalizeAttributeValue__internal_alias --project libxml2
2025-09-08 16:08:44,078 - INFO - success CVE-2022-23308,details in cve_test/CVE-2022-23308.log

2025-09-08 16:08:44,079 - INFO - detecting CVE-2022-23308 xmlValidCtxtNormalizeAttributeValue__internal_alias
2025-09-08 16:08:44,080 - INFO - cmd: python main.py --detect --cve_id CVE-2022-23308 --target_bin /binaries/target/libxml2/libxml2-2.9.12-o1-libxml2 --vul_func_name xmlValidCtxtNormalizeAttributeValue__internal_alias --project libxml2
2025-09-08 16:08:50,317 - INFO - success CVE-2022-23308,details in cve_test/CVE-2022-23308.log

2025-09-08 16:08:50,318 - INFO - detecting CVE-2022-23308 xmlValidCtxtNormalizeAttributeValue__internal_alias
2025-09-08 16:08:50,319 - INFO - cmd: python main.py --detect --cve_id CVE-2022-23308 --target_bin /binaries/target/libxml2/libxml2-2.9.10-o1-libxml2 --vul_func_name xmlValidCtxtNormalizeAttributeValue__internal_alias --project libxml2
2025-09-08 16:08:56,739 - INFO - success CVE-2022-23308,details in cve_test/CVE-2022-23308.log

2025-09-08 16:08:56,741 - INFO - detecting CVE-2022-23308 xmlValidCtxtNormalizeAttributeValue__internal_alias
2025-09-08 16:08:56,741 - INFO - cmd: python main.py --detect --cve_id CVE-2022-23308 --target_bin /binaries/target/libxml2/libxml2-2.9.13-o1-libxml2 --vul_func_name xmlValidCtxtNormalizeAttributeValue__internal_alias --project libxml2
2025-09-08 16:09:02,784 - INFO - success CVE-2022-23308,details in cve_test/CVE-2022-23308.log

2025-09-08 16:09:02,784 - INFO - detecting CVE-2022-23308 xmlValidCtxtNormalizeAttributeValue__internal_alias
2025-09-08 16:09:02,785 - INFO - cmd: python main.py --detect --cve_id CVE-2022-23308 --target_bin /binaries/target/libxml2/libxml2-2.9.14-o1-libxml2 --vul_func_name xmlValidCtxtNormalizeAttributeValue__internal_alias --project libxml2
2025-09-08 16:09:08,899 - INFO - success CVE-2022-23308,details in cve_test/CVE-2022-23308.log

2025-09-08 16:09:08,900 - INFO - detecting CVE-2022-23308 xmlValidCtxtNormalizeAttributeValue__internal_alias
2025-09-08 16:09:08,900 - INFO - cmd: python main.py --detect --cve_id CVE-2022-23308 --target_bin /binaries/target/libxml2/libxml2-2.10.0-o1-libxml2 --vul_func_name xmlValidCtxtNormalizeAttributeValue__internal_alias --project libxml2
2025-09-08 16:09:14,618 - ERROR - fail CVE-2022-23308 ,details1

2025-09-08 16:09:14,619 - INFO - detecting CVE-2022-23308 xmlValidNormalizeAttributeValue__internal_alias
2025-09-08 16:09:14,619 - INFO - cmd: python main.py --detect --cve_id CVE-2022-23308 --target_bin /binaries/target/libxml2/libxml2-2.9.11-o1-libxml2 --vul_func_name xmlValidNormalizeAttributeValue__internal_alias --project libxml2
2025-09-08 16:09:20,521 - INFO - success CVE-2022-23308,details in cve_test/CVE-2022-23308.log

2025-09-08 16:09:20,522 - INFO - detecting CVE-2022-23308 xmlValidNormalizeAttributeValue__internal_alias
2025-09-08 16:09:20,523 - INFO - cmd: python main.py --detect --cve_id CVE-2022-23308 --target_bin /binaries/target/libxml2/libxml2-2.9.12-o1-libxml2 --vul_func_name xmlValidNormalizeAttributeValue__internal_alias --project libxml2
2025-09-08 16:09:26,634 - INFO - success CVE-2022-23308,details in cve_test/CVE-2022-23308.log

2025-09-08 16:09:26,635 - INFO - detecting CVE-2022-23308 xmlValidNormalizeAttributeValue__internal_alias
2025-09-08 16:09:26,636 - INFO - cmd: python main.py --detect --cve_id CVE-2022-23308 --target_bin /binaries/target/libxml2/libxml2-2.9.10-o1-libxml2 --vul_func_name xmlValidNormalizeAttributeValue__internal_alias --project libxml2
2025-09-08 16:09:32,901 - INFO - success CVE-2022-23308,details in cve_test/CVE-2022-23308.log

2025-09-08 16:09:32,902 - INFO - detecting CVE-2022-23308 xmlValidNormalizeAttributeValue__internal_alias
2025-09-08 16:09:32,902 - INFO - cmd: python main.py --detect --cve_id CVE-2022-23308 --target_bin /binaries/target/libxml2/libxml2-2.9.13-o1-libxml2 --vul_func_name xmlValidNormalizeAttributeValue__internal_alias --project libxml2
2025-09-08 16:09:38,579 - INFO - success CVE-2022-23308,details in cve_test/CVE-2022-23308.log

2025-09-08 16:09:38,581 - INFO - detecting CVE-2022-23308 xmlValidNormalizeAttributeValue__internal_alias
2025-09-08 16:09:38,581 - INFO - cmd: python main.py --detect --cve_id CVE-2022-23308 --target_bin /binaries/target/libxml2/libxml2-2.9.14-o1-libxml2 --vul_func_name xmlValidNormalizeAttributeValue__internal_alias --project libxml2
2025-09-08 16:09:44,149 - INFO - success CVE-2022-23308,details in cve_test/CVE-2022-23308.log

2025-09-08 16:09:44,150 - INFO - detecting CVE-2022-23308 xmlValidNormalizeAttributeValue__internal_alias
2025-09-08 16:09:44,150 - INFO - cmd: python main.py --detect --cve_id CVE-2022-23308 --target_bin /binaries/target/libxml2/libxml2-2.10.0-o1-libxml2 --vul_func_name xmlValidNormalizeAttributeValue__internal_alias --project libxml2
2025-09-08 16:09:49,846 - ERROR - fail CVE-2022-23308 ,details1

2025-09-08 16:09:49,847 - INFO - detecting CVE-2022-29824 xmlBufferCreateSize__internal_alias
2025-09-08 16:09:49,848 - INFO - cmd: python main.py --detect --cve_id CVE-2022-29824 --target_bin /binaries/target/libxml2/libxml2-2.9.13-o1-libxml2 --vul_func_name xmlBufferCreateSize__internal_alias --project libxml2
2025-09-08 16:09:57,349 - INFO - success CVE-2022-29824,details in cve_test/CVE-2022-29824.log

2025-09-08 16:09:57,350 - INFO - detecting CVE-2022-29824 xmlBufferCreateSize__internal_alias
2025-09-08 16:09:57,351 - INFO - cmd: python main.py --detect --cve_id CVE-2022-29824 --target_bin /binaries/target/libxml2/libxml2-2.9.11-o1-libxml2 --vul_func_name xmlBufferCreateSize__internal_alias --project libxml2
2025-09-08 16:10:05,054 - INFO - success CVE-2022-29824,details in cve_test/CVE-2022-29824.log

2025-09-08 16:10:05,056 - INFO - detecting CVE-2022-29824 xmlBufferCreateSize__internal_alias
2025-09-08 16:10:05,056 - INFO - cmd: python main.py --detect --cve_id CVE-2022-29824 --target_bin /binaries/target/libxml2/libxml2-2.9.12-o1-libxml2 --vul_func_name xmlBufferCreateSize__internal_alias --project libxml2
2025-09-08 16:10:12,677 - INFO - success CVE-2022-29824,details in cve_test/CVE-2022-29824.log

2025-09-08 16:10:12,678 - INFO - detecting CVE-2022-29824 xmlBufferCreateSize__internal_alias
2025-09-08 16:10:12,678 - INFO - cmd: python main.py --detect --cve_id CVE-2022-29824 --target_bin /binaries/target/libxml2/libxml2-2.10.0-o1-libxml2 --vul_func_name xmlBufferCreateSize__internal_alias --project libxml2
2025-09-08 16:10:18,463 - ERROR - fail CVE-2022-29824 ,details1

2025-09-08 16:10:18,464 - INFO - detecting CVE-2022-29824 xmlBufferCreateSize__internal_alias
2025-09-08 16:10:18,465 - INFO - cmd: python main.py --detect --cve_id CVE-2022-29824 --target_bin /binaries/target/libxml2/libxml2-2.10.1-o1-libxml2 --vul_func_name xmlBufferCreateSize__internal_alias --project libxml2
2025-09-08 16:10:24,269 - ERROR - fail CVE-2022-29824 ,details1

2025-09-08 16:10:24,270 - INFO - detecting CVE-2022-29824 xmlBufferCreateSize__internal_alias
2025-09-08 16:10:24,271 - INFO - cmd: python main.py --detect --cve_id CVE-2022-29824 --target_bin /binaries/target/libxml2/libxml2-2.10.2-o1-libxml2 --vul_func_name xmlBufferCreateSize__internal_alias --project libxml2
2025-09-08 16:10:30,195 - ERROR - fail CVE-2022-29824 ,details1

2025-09-08 16:10:30,197 - INFO - detecting CVE-2022-29824 xmlBufCreateSize
2025-09-08 16:10:30,197 - INFO - cmd: python main.py --detect --cve_id CVE-2022-29824 --target_bin /binaries/target/libxml2/libxml2-2.9.13-o1-libxml2 --vul_func_name xmlBufCreateSize --project libxml2
2025-09-08 16:10:37,606 - INFO - success CVE-2022-29824,details in cve_test/CVE-2022-29824.log

2025-09-08 16:10:37,608 - INFO - detecting CVE-2022-29824 xmlBufCreateSize
2025-09-08 16:10:37,608 - INFO - cmd: python main.py --detect --cve_id CVE-2022-29824 --target_bin /binaries/target/libxml2/libxml2-2.9.11-o1-libxml2 --vul_func_name xmlBufCreateSize --project libxml2
2025-09-08 16:10:44,560 - INFO - success CVE-2022-29824,details in cve_test/CVE-2022-29824.log

2025-09-08 16:10:44,561 - INFO - detecting CVE-2022-29824 xmlBufCreateSize
2025-09-08 16:10:44,562 - INFO - cmd: python main.py --detect --cve_id CVE-2022-29824 --target_bin /binaries/target/libxml2/libxml2-2.9.12-o1-libxml2 --vul_func_name xmlBufCreateSize --project libxml2
2025-09-08 16:10:52,486 - INFO - success CVE-2022-29824,details in cve_test/CVE-2022-29824.log

2025-09-08 16:10:52,487 - INFO - detecting CVE-2022-29824 xmlBufCreateSize
2025-09-08 16:10:52,488 - INFO - cmd: python main.py --detect --cve_id CVE-2022-29824 --target_bin /binaries/target/libxml2/libxml2-2.10.0-o1-libxml2 --vul_func_name xmlBufCreateSize --project libxml2
2025-09-08 16:10:59,226 - INFO - success CVE-2022-29824,details in cve_test/CVE-2022-29824.log

2025-09-08 16:10:59,228 - INFO - detecting CVE-2022-29824 xmlBufCreateSize
2025-09-08 16:10:59,228 - INFO - cmd: python main.py --detect --cve_id CVE-2022-29824 --target_bin /binaries/target/libxml2/libxml2-2.10.1-o1-libxml2 --vul_func_name xmlBufCreateSize --project libxml2
2025-09-08 16:11:05,741 - INFO - success CVE-2022-29824,details in cve_test/CVE-2022-29824.log

2025-09-08 16:11:05,742 - INFO - detecting CVE-2022-29824 xmlBufCreateSize
2025-09-08 16:11:05,743 - INFO - cmd: python main.py --detect --cve_id CVE-2022-29824 --target_bin /binaries/target/libxml2/libxml2-2.10.2-o1-libxml2 --vul_func_name xmlBufCreateSize --project libxml2
2025-09-08 16:11:12,072 - INFO - success CVE-2022-29824,details in cve_test/CVE-2022-29824.log

2025-09-08 16:11:12,073 - INFO - detecting CVE-2022-40303 xmlParseCDSect
2025-09-08 16:11:12,073 - INFO - cmd: python main.py --detect --cve_id CVE-2022-40303 --target_bin /binaries/target/libxml2/libxml2-2.10.2-o1-libxml2 --vul_func_name xmlParseCDSect --project libxml2
2025-09-08 16:11:20,140 - INFO - success CVE-2022-40303,details in cve_test/CVE-2022-40303.log

2025-09-08 16:11:20,142 - INFO - detecting CVE-2022-40303 xmlParseCDSect
2025-09-08 16:11:20,145 - INFO - cmd: python main.py --detect --cve_id CVE-2022-40303 --target_bin /binaries/target/libxml2/libxml2-2.10.1-o1-libxml2 --vul_func_name xmlParseCDSect --project libxml2
2025-09-08 16:11:28,626 - INFO - success CVE-2022-40303,details in cve_test/CVE-2022-40303.log

2025-09-08 16:11:28,628 - INFO - detecting CVE-2022-40303 xmlParseCDSect
2025-09-08 16:11:28,628 - INFO - cmd: python main.py --detect --cve_id CVE-2022-40303 --target_bin /binaries/target/libxml2/libxml2-2.10.0-o1-libxml2 --vul_func_name xmlParseCDSect --project libxml2
2025-09-08 16:11:37,178 - INFO - success CVE-2022-40303,details in cve_test/CVE-2022-40303.log

2025-09-08 16:11:37,180 - INFO - detecting CVE-2022-40303 xmlParseCDSect
2025-09-08 16:11:37,181 - INFO - cmd: python main.py --detect --cve_id CVE-2022-40303 --target_bin /binaries/target/libxml2/libxml2-2.10.4-o1-libxml2 --vul_func_name xmlParseCDSect --project libxml2
2025-09-08 16:11:45,137 - INFO - success CVE-2022-40303,details in cve_test/CVE-2022-40303.log

2025-09-08 16:11:45,138 - INFO - detecting CVE-2022-40303 xmlParseCDSect
2025-09-08 16:11:45,138 - INFO - cmd: python main.py --detect --cve_id CVE-2022-40303 --target_bin /binaries/target/libxml2/libxml2-2.11.0-o1-libxml2 --vul_func_name xmlParseCDSect --project libxml2
2025-09-08 16:11:53,269 - INFO - success CVE-2022-40303,details in cve_test/CVE-2022-40303.log

2025-09-08 16:11:53,271 - INFO - detecting CVE-2022-40303 xmlParseCDSect
2025-09-08 16:11:53,271 - INFO - cmd: python main.py --detect --cve_id CVE-2022-40303 --target_bin /binaries/target/libxml2/libxml2-2.11.1-o1-libxml2 --vul_func_name xmlParseCDSect --project libxml2
2025-09-08 16:12:01,818 - INFO - success CVE-2022-40303,details in cve_test/CVE-2022-40303.log

2025-09-08 16:12:01,820 - INFO - detecting CVE-2022-40303 xmlParseStringName
2025-09-08 16:12:01,820 - INFO - cmd: python main.py --detect --cve_id CVE-2022-40303 --target_bin /binaries/target/libxml2/libxml2-2.10.2-o1-libxml2 --vul_func_name xmlParseStringName --project libxml2
2025-09-08 16:12:12,703 - INFO - success CVE-2022-40303,details in cve_test/CVE-2022-40303.log

2025-09-08 16:12:12,704 - INFO - detecting CVE-2022-40303 xmlParseStringName
2025-09-08 16:12:12,705 - INFO - cmd: python main.py --detect --cve_id CVE-2022-40303 --target_bin /binaries/target/libxml2/libxml2-2.10.1-o1-libxml2 --vul_func_name xmlParseStringName --project libxml2
2025-09-08 16:12:24,115 - INFO - success CVE-2022-40303,details in cve_test/CVE-2022-40303.log

2025-09-08 16:12:24,117 - INFO - detecting CVE-2022-40303 xmlParseStringName
2025-09-08 16:12:24,117 - INFO - cmd: python main.py --detect --cve_id CVE-2022-40303 --target_bin /binaries/target/libxml2/libxml2-2.10.0-o1-libxml2 --vul_func_name xmlParseStringName --project libxml2
2025-09-08 16:12:35,183 - INFO - success CVE-2022-40303,details in cve_test/CVE-2022-40303.log

2025-09-08 16:12:35,184 - INFO - detecting CVE-2022-40303 xmlParseStringName
2025-09-08 16:12:35,184 - INFO - cmd: python main.py --detect --cve_id CVE-2022-40303 --target_bin /binaries/target/libxml2/libxml2-2.10.4-o1-libxml2 --vul_func_name xmlParseStringName --project libxml2
2025-09-08 16:12:46,627 - INFO - success CVE-2022-40303,details in cve_test/CVE-2022-40303.log

2025-09-08 16:12:46,629 - INFO - detecting CVE-2022-40303 xmlParseStringName
2025-09-08 16:12:46,629 - INFO - cmd: python main.py --detect --cve_id CVE-2022-40303 --target_bin /binaries/target/libxml2/libxml2-2.11.0-o1-libxml2 --vul_func_name xmlParseStringName --project libxml2
2025-09-08 16:12:56,972 - INFO - success CVE-2022-40303,details in cve_test/CVE-2022-40303.log

2025-09-08 16:12:56,974 - INFO - detecting CVE-2022-40303 xmlParseStringName
2025-09-08 16:12:56,974 - INFO - cmd: python main.py --detect --cve_id CVE-2022-40303 --target_bin /binaries/target/libxml2/libxml2-2.11.1-o1-libxml2 --vul_func_name xmlParseStringName --project libxml2
2025-09-08 16:13:08,200 - INFO - success CVE-2022-40303,details in cve_test/CVE-2022-40303.log

2025-09-08 16:13:08,202 - INFO - detecting CVE-2022-40303 xmlParseEntityValue
2025-09-08 16:13:08,202 - INFO - cmd: python main.py --detect --cve_id CVE-2022-40303 --target_bin /binaries/target/libxml2/libxml2-2.10.2-o1-libxml2 --vul_func_name xmlParseEntityValue --project libxml2
2025-09-08 16:13:16,942 - INFO - success CVE-2022-40303,details in cve_test/CVE-2022-40303.log

2025-09-08 16:13:16,943 - INFO - detecting CVE-2022-40303 xmlParseEntityValue
2025-09-08 16:13:16,944 - INFO - cmd: python main.py --detect --cve_id CVE-2022-40303 --target_bin /binaries/target/libxml2/libxml2-2.10.1-o1-libxml2 --vul_func_name xmlParseEntityValue --project libxml2
2025-09-08 16:13:25,516 - INFO - success CVE-2022-40303,details in cve_test/CVE-2022-40303.log

2025-09-08 16:13:25,518 - INFO - detecting CVE-2022-40303 xmlParseEntityValue
2025-09-08 16:13:25,518 - INFO - cmd: python main.py --detect --cve_id CVE-2022-40303 --target_bin /binaries/target/libxml2/libxml2-2.10.0-o1-libxml2 --vul_func_name xmlParseEntityValue --project libxml2
2025-09-08 16:13:34,187 - INFO - success CVE-2022-40303,details in cve_test/CVE-2022-40303.log

2025-09-08 16:13:34,189 - INFO - detecting CVE-2022-40303 xmlParseEntityValue
2025-09-08 16:13:34,189 - INFO - cmd: python main.py --detect --cve_id CVE-2022-40303 --target_bin /binaries/target/libxml2/libxml2-2.10.4-o1-libxml2 --vul_func_name xmlParseEntityValue --project libxml2
2025-09-08 16:13:43,071 - INFO - success CVE-2022-40303,details in cve_test/CVE-2022-40303.log

2025-09-08 16:13:43,072 - INFO - detecting CVE-2022-40303 xmlParseEntityValue
2025-09-08 16:13:43,073 - INFO - cmd: python main.py --detect --cve_id CVE-2022-40303 --target_bin /binaries/target/libxml2/libxml2-2.11.0-o1-libxml2 --vul_func_name xmlParseEntityValue --project libxml2
2025-09-08 16:13:52,283 - INFO - success CVE-2022-40303,details in cve_test/CVE-2022-40303.log

2025-09-08 16:13:52,284 - INFO - detecting CVE-2022-40303 xmlParseEntityValue
2025-09-08 16:13:52,284 - INFO - cmd: python main.py --detect --cve_id CVE-2022-40303 --target_bin /binaries/target/libxml2/libxml2-2.11.1-o1-libxml2 --vul_func_name xmlParseEntityValue --project libxml2
2025-09-08 16:14:01,343 - INFO - success CVE-2022-40303,details in cve_test/CVE-2022-40303.log

2025-09-08 16:14:01,345 - INFO - detecting CVE-2022-40303 xmlParseNCNameComplex
2025-09-08 16:14:01,345 - INFO - cmd: python main.py --detect --cve_id CVE-2022-40303 --target_bin /binaries/target/libxml2/libxml2-2.10.2-o1-libxml2 --vul_func_name xmlParseNCNameComplex --project libxml2
2025-09-08 16:14:06,940 - ERROR - fail CVE-2022-40303 ,details1

2025-09-08 16:14:06,941 - INFO - detecting CVE-2022-40303 xmlParseNCNameComplex
2025-09-08 16:14:06,942 - INFO - cmd: python main.py --detect --cve_id CVE-2022-40303 --target_bin /binaries/target/libxml2/libxml2-2.10.1-o1-libxml2 --vul_func_name xmlParseNCNameComplex --project libxml2
2025-09-08 16:14:12,778 - ERROR - fail CVE-2022-40303 ,details1

2025-09-08 16:14:12,779 - INFO - detecting CVE-2022-40303 xmlParseNCNameComplex
2025-09-08 16:14:12,779 - INFO - cmd: python main.py --detect --cve_id CVE-2022-40303 --target_bin /binaries/target/libxml2/libxml2-2.10.0-o1-libxml2 --vul_func_name xmlParseNCNameComplex --project libxml2
2025-09-08 16:14:17,759 - ERROR - fail CVE-2022-40303 ,details1

2025-09-08 16:14:17,760 - INFO - detecting CVE-2022-40303 xmlParseNCNameComplex
2025-09-08 16:14:17,761 - INFO - cmd: python main.py --detect --cve_id CVE-2022-40303 --target_bin /binaries/target/libxml2/libxml2-2.10.4-o1-libxml2 --vul_func_name xmlParseNCNameComplex --project libxml2
2025-09-08 16:14:23,515 - ERROR - fail CVE-2022-40303 ,details1

2025-09-08 16:14:23,516 - INFO - detecting CVE-2022-40303 xmlParseNCNameComplex
2025-09-08 16:14:23,517 - INFO - cmd: python main.py --detect --cve_id CVE-2022-40303 --target_bin /binaries/target/libxml2/libxml2-2.11.0-o1-libxml2 --vul_func_name xmlParseNCNameComplex --project libxml2
2025-09-08 16:14:28,938 - ERROR - fail CVE-2022-40303 ,details1

2025-09-08 16:14:28,940 - INFO - detecting CVE-2022-40303 xmlParseNCNameComplex
2025-09-08 16:14:28,944 - INFO - cmd: python main.py --detect --cve_id CVE-2022-40303 --target_bin /binaries/target/libxml2/libxml2-2.11.1-o1-libxml2 --vul_func_name xmlParseNCNameComplex --project libxml2
2025-09-08 16:14:34,946 - ERROR - fail CVE-2022-40303 ,details1

2025-09-08 16:14:34,947 - INFO - detecting CVE-2022-40303 xmlParseNameComplex
2025-09-08 16:14:34,947 - INFO - cmd: python main.py --detect --cve_id CVE-2022-40303 --target_bin /binaries/target/libxml2/libxml2-2.10.2-o1-libxml2 --vul_func_name xmlParseNameComplex --project libxml2
2025-09-08 16:14:40,648 - ERROR - fail CVE-2022-40303 ,details1

2025-09-08 16:14:40,650 - INFO - detecting CVE-2022-40303 xmlParseNameComplex
2025-09-08 16:14:40,650 - INFO - cmd: python main.py --detect --cve_id CVE-2022-40303 --target_bin /binaries/target/libxml2/libxml2-2.10.1-o1-libxml2 --vul_func_name xmlParseNameComplex --project libxml2
2025-09-08 16:14:46,613 - ERROR - fail CVE-2022-40303 ,details1

2025-09-08 16:14:46,614 - INFO - detecting CVE-2022-40303 xmlParseNameComplex
2025-09-08 16:14:46,614 - INFO - cmd: python main.py --detect --cve_id CVE-2022-40303 --target_bin /binaries/target/libxml2/libxml2-2.10.0-o1-libxml2 --vul_func_name xmlParseNameComplex --project libxml2
2025-09-08 16:14:51,755 - ERROR - fail CVE-2022-40303 ,details1

2025-09-08 16:14:51,756 - INFO - detecting CVE-2022-40303 xmlParseNameComplex
2025-09-08 16:14:51,757 - INFO - cmd: python main.py --detect --cve_id CVE-2022-40303 --target_bin /binaries/target/libxml2/libxml2-2.10.4-o1-libxml2 --vul_func_name xmlParseNameComplex --project libxml2
2025-09-08 16:14:57,585 - ERROR - fail CVE-2022-40303 ,details1

2025-09-08 16:14:57,586 - INFO - detecting CVE-2022-40303 xmlParseNameComplex
2025-09-08 16:14:57,586 - INFO - cmd: python main.py --detect --cve_id CVE-2022-40303 --target_bin /binaries/target/libxml2/libxml2-2.11.0-o1-libxml2 --vul_func_name xmlParseNameComplex --project libxml2
2025-09-08 16:15:03,164 - ERROR - fail CVE-2022-40303 ,details1

2025-09-08 16:15:03,165 - INFO - detecting CVE-2022-40303 xmlParseNameComplex
2025-09-08 16:15:03,165 - INFO - cmd: python main.py --detect --cve_id CVE-2022-40303 --target_bin /binaries/target/libxml2/libxml2-2.11.1-o1-libxml2 --vul_func_name xmlParseNameComplex --project libxml2
2025-09-08 16:15:08,949 - ERROR - fail CVE-2022-40303 ,details1

2025-09-08 16:15:08,950 - INFO - detecting CVE-2022-40303 xmlParseSystemLiteral
2025-09-08 16:15:08,951 - INFO - cmd: python main.py --detect --cve_id CVE-2022-40303 --target_bin /binaries/target/libxml2/libxml2-2.10.2-o1-libxml2 --vul_func_name xmlParseSystemLiteral --project libxml2
2025-09-08 16:15:20,590 - INFO - success CVE-2022-40303,details in cve_test/CVE-2022-40303.log

2025-09-08 16:15:20,591 - INFO - detecting CVE-2022-40303 xmlParseSystemLiteral
2025-09-08 16:15:20,592 - INFO - cmd: python main.py --detect --cve_id CVE-2022-40303 --target_bin /binaries/target/libxml2/libxml2-2.10.1-o1-libxml2 --vul_func_name xmlParseSystemLiteral --project libxml2
2025-09-08 16:15:32,262 - INFO - success CVE-2022-40303,details in cve_test/CVE-2022-40303.log

2025-09-08 16:15:32,263 - INFO - detecting CVE-2022-40303 xmlParseSystemLiteral
2025-09-08 16:15:32,263 - INFO - cmd: python main.py --detect --cve_id CVE-2022-40303 --target_bin /binaries/target/libxml2/libxml2-2.10.0-o1-libxml2 --vul_func_name xmlParseSystemLiteral --project libxml2
2025-09-08 16:15:44,871 - INFO - success CVE-2022-40303,details in cve_test/CVE-2022-40303.log

2025-09-08 16:15:44,873 - INFO - detecting CVE-2022-40303 xmlParseSystemLiteral
2025-09-08 16:15:44,874 - INFO - cmd: python main.py --detect --cve_id CVE-2022-40303 --target_bin /binaries/target/libxml2/libxml2-2.10.4-o1-libxml2 --vul_func_name xmlParseSystemLiteral --project libxml2
2025-09-08 16:15:57,363 - INFO - success CVE-2022-40303,details in cve_test/CVE-2022-40303.log

2025-09-08 16:15:57,364 - INFO - detecting CVE-2022-40303 xmlParseSystemLiteral
2025-09-08 16:15:57,365 - INFO - cmd: python main.py --detect --cve_id CVE-2022-40303 --target_bin /binaries/target/libxml2/libxml2-2.11.0-o1-libxml2 --vul_func_name xmlParseSystemLiteral --project libxml2
2025-09-08 16:16:08,734 - INFO - success CVE-2022-40303,details in cve_test/CVE-2022-40303.log

2025-09-08 16:16:08,735 - INFO - detecting CVE-2022-40303 xmlParseSystemLiteral
2025-09-08 16:16:08,735 - INFO - cmd: python main.py --detect --cve_id CVE-2022-40303 --target_bin /binaries/target/libxml2/libxml2-2.11.1-o1-libxml2 --vul_func_name xmlParseSystemLiteral --project libxml2
2025-09-08 16:16:20,200 - INFO - success CVE-2022-40303,details in cve_test/CVE-2022-40303.log

2025-09-08 16:16:20,201 - INFO - detecting CVE-2022-40303 xmlParseAttValueInternal
2025-09-08 16:16:20,201 - INFO - cmd: python main.py --detect --cve_id CVE-2022-40303 --target_bin /binaries/target/libxml2/libxml2-2.10.2-o1-libxml2 --vul_func_name xmlParseAttValueInternal --project libxml2
2025-09-08 16:16:34,657 - INFO - success CVE-2022-40303,details in cve_test/CVE-2022-40303.log

2025-09-08 16:16:34,670 - INFO - detecting CVE-2022-40303 xmlParseAttValueInternal
2025-09-08 16:16:34,671 - INFO - cmd: python main.py --detect --cve_id CVE-2022-40303 --target_bin /binaries/target/libxml2/libxml2-2.10.1-o1-libxml2 --vul_func_name xmlParseAttValueInternal --project libxml2
2025-09-08 16:16:47,119 - INFO - success CVE-2022-40303,details in cve_test/CVE-2022-40303.log

2025-09-08 16:16:47,120 - INFO - detecting CVE-2022-40303 xmlParseAttValueInternal
2025-09-08 16:16:47,120 - INFO - cmd: python main.py --detect --cve_id CVE-2022-40303 --target_bin /binaries/target/libxml2/libxml2-2.10.0-o1-libxml2 --vul_func_name xmlParseAttValueInternal --project libxml2
2025-09-08 16:17:00,194 - INFO - success CVE-2022-40303,details in cve_test/CVE-2022-40303.log

2025-09-08 16:17:00,195 - INFO - detecting CVE-2022-40303 xmlParseAttValueInternal
2025-09-08 16:17:00,196 - INFO - cmd: python main.py --detect --cve_id CVE-2022-40303 --target_bin /binaries/target/libxml2/libxml2-2.10.4-o1-libxml2 --vul_func_name xmlParseAttValueInternal --project libxml2
2025-09-08 16:17:12,276 - INFO - success CVE-2022-40303,details in cve_test/CVE-2022-40303.log

2025-09-08 16:17:12,277 - INFO - detecting CVE-2022-40303 xmlParseAttValueInternal
2025-09-08 16:17:12,277 - INFO - cmd: python main.py --detect --cve_id CVE-2022-40303 --target_bin /binaries/target/libxml2/libxml2-2.11.0-o1-libxml2 --vul_func_name xmlParseAttValueInternal --project libxml2
2025-09-08 16:17:22,694 - INFO - success CVE-2022-40303,details in cve_test/CVE-2022-40303.log

2025-09-08 16:17:22,695 - INFO - detecting CVE-2022-40303 xmlParseAttValueInternal
2025-09-08 16:17:22,696 - INFO - cmd: python main.py --detect --cve_id CVE-2022-40303 --target_bin /binaries/target/libxml2/libxml2-2.11.1-o1-libxml2 --vul_func_name xmlParseAttValueInternal --project libxml2
2025-09-08 16:17:33,801 - INFO - success CVE-2022-40303,details in cve_test/CVE-2022-40303.log

2025-09-08 16:17:33,802 - INFO - detecting CVE-2022-40303 xmlParseAttValueComplex
2025-09-08 16:17:33,802 - INFO - cmd: python main.py --detect --cve_id CVE-2022-40303 --target_bin /binaries/target/libxml2/libxml2-2.10.2-o1-libxml2 --vul_func_name xmlParseAttValueComplex --project libxml2
2025-09-08 16:17:39,504 - ERROR - fail CVE-2022-40303 ,details1

2025-09-08 16:17:39,505 - INFO - detecting CVE-2022-40303 xmlParseAttValueComplex
2025-09-08 16:17:39,506 - INFO - cmd: python main.py --detect --cve_id CVE-2022-40303 --target_bin /binaries/target/libxml2/libxml2-2.10.1-o1-libxml2 --vul_func_name xmlParseAttValueComplex --project libxml2
2025-09-08 16:17:45,275 - ERROR - fail CVE-2022-40303 ,details1

2025-09-08 16:17:45,276 - INFO - detecting CVE-2022-40303 xmlParseAttValueComplex
2025-09-08 16:17:45,276 - INFO - cmd: python main.py --detect --cve_id CVE-2022-40303 --target_bin /binaries/target/libxml2/libxml2-2.10.0-o1-libxml2 --vul_func_name xmlParseAttValueComplex --project libxml2
2025-09-08 16:17:50,989 - ERROR - fail CVE-2022-40303 ,details1

2025-09-08 16:17:50,990 - INFO - detecting CVE-2022-40303 xmlParseAttValueComplex
2025-09-08 16:17:50,991 - INFO - cmd: python main.py --detect --cve_id CVE-2022-40303 --target_bin /binaries/target/libxml2/libxml2-2.10.4-o1-libxml2 --vul_func_name xmlParseAttValueComplex --project libxml2
2025-09-08 16:17:56,058 - ERROR - fail CVE-2022-40303 ,details1

2025-09-08 16:17:56,059 - INFO - detecting CVE-2022-40303 xmlParseAttValueComplex
2025-09-08 16:17:56,059 - INFO - cmd: python main.py --detect --cve_id CVE-2022-40303 --target_bin /binaries/target/libxml2/libxml2-2.11.0-o1-libxml2 --vul_func_name xmlParseAttValueComplex --project libxml2
2025-09-08 16:18:01,464 - ERROR - fail CVE-2022-40303 ,details1

2025-09-08 16:18:01,465 - INFO - detecting CVE-2022-40303 xmlParseAttValueComplex
2025-09-08 16:18:01,466 - INFO - cmd: python main.py --detect --cve_id CVE-2022-40303 --target_bin /binaries/target/libxml2/libxml2-2.11.1-o1-libxml2 --vul_func_name xmlParseAttValueComplex --project libxml2
2025-09-08 16:18:07,348 - ERROR - fail CVE-2022-40303 ,details1

2025-09-08 16:18:07,349 - INFO - detecting CVE-2022-40303 xmlParseNCName
2025-09-08 16:18:07,349 - INFO - cmd: python main.py --detect --cve_id CVE-2022-40303 --target_bin /binaries/target/libxml2/libxml2-2.10.2-o1-libxml2 --vul_func_name xmlParseNCName --project libxml2
2025-09-08 16:18:18,674 - INFO - success CVE-2022-40303,details in cve_test/CVE-2022-40303.log

2025-09-08 16:18:18,675 - INFO - detecting CVE-2022-40303 xmlParseNCName
2025-09-08 16:18:18,675 - INFO - cmd: python main.py --detect --cve_id CVE-2022-40303 --target_bin /binaries/target/libxml2/libxml2-2.10.1-o1-libxml2 --vul_func_name xmlParseNCName --project libxml2
2025-09-08 16:18:29,875 - INFO - success CVE-2022-40303,details in cve_test/CVE-2022-40303.log

2025-09-08 16:18:29,876 - INFO - detecting CVE-2022-40303 xmlParseNCName
2025-09-08 16:18:29,876 - INFO - cmd: python main.py --detect --cve_id CVE-2022-40303 --target_bin /binaries/target/libxml2/libxml2-2.10.0-o1-libxml2 --vul_func_name xmlParseNCName --project libxml2
2025-09-08 16:18:41,553 - INFO - success CVE-2022-40303,details in cve_test/CVE-2022-40303.log

2025-09-08 16:18:41,554 - INFO - detecting CVE-2022-40303 xmlParseNCName
2025-09-08 16:18:41,555 - INFO - cmd: python main.py --detect --cve_id CVE-2022-40303 --target_bin /binaries/target/libxml2/libxml2-2.10.4-o1-libxml2 --vul_func_name xmlParseNCName --project libxml2
2025-09-08 16:18:53,145 - INFO - success CVE-2022-40303,details in cve_test/CVE-2022-40303.log

2025-09-08 16:18:53,146 - INFO - detecting CVE-2022-40303 xmlParseNCName
2025-09-08 16:18:53,146 - INFO - cmd: python main.py --detect --cve_id CVE-2022-40303 --target_bin /binaries/target/libxml2/libxml2-2.11.0-o1-libxml2 --vul_func_name xmlParseNCName --project libxml2
2025-09-08 16:19:02,753 - INFO - success CVE-2022-40303,details in cve_test/CVE-2022-40303.log

2025-09-08 16:19:02,757 - INFO - detecting CVE-2022-40303 xmlParseNCName
2025-09-08 16:19:02,758 - INFO - cmd: python main.py --detect --cve_id CVE-2022-40303 --target_bin /binaries/target/libxml2/libxml2-2.11.1-o1-libxml2 --vul_func_name xmlParseNCName --project libxml2
2025-09-08 16:19:13,217 - INFO - success CVE-2022-40303,details in cve_test/CVE-2022-40303.log

2025-09-08 16:19:13,218 - INFO - detecting CVE-2022-40303 xmlParseName
2025-09-08 16:19:13,219 - INFO - cmd: python main.py --detect --cve_id CVE-2022-40303 --target_bin /binaries/target/libxml2/libxml2-2.10.2-o1-libxml2 --vul_func_name xmlParseName --project libxml2
2025-09-08 16:19:25,036 - INFO - success CVE-2022-40303,details in cve_test/CVE-2022-40303.log

2025-09-08 16:19:25,037 - INFO - detecting CVE-2022-40303 xmlParseName
2025-09-08 16:19:25,038 - INFO - cmd: python main.py --detect --cve_id CVE-2022-40303 --target_bin /binaries/target/libxml2/libxml2-2.10.1-o1-libxml2 --vul_func_name xmlParseName --project libxml2
2025-09-08 16:19:37,161 - INFO - success CVE-2022-40303,details in cve_test/CVE-2022-40303.log

2025-09-08 16:19:37,161 - INFO - detecting CVE-2022-40303 xmlParseName
2025-09-08 16:19:37,162 - INFO - cmd: python main.py --detect --cve_id CVE-2022-40303 --target_bin /binaries/target/libxml2/libxml2-2.10.0-o1-libxml2 --vul_func_name xmlParseName --project libxml2
2025-09-08 16:19:49,129 - INFO - success CVE-2022-40303,details in cve_test/CVE-2022-40303.log

2025-09-08 16:19:49,130 - INFO - detecting CVE-2022-40303 xmlParseName
2025-09-08 16:19:49,131 - INFO - cmd: python main.py --detect --cve_id CVE-2022-40303 --target_bin /binaries/target/libxml2/libxml2-2.10.4-o1-libxml2 --vul_func_name xmlParseName --project libxml2
2025-09-08 16:20:00,858 - INFO - success CVE-2022-40303,details in cve_test/CVE-2022-40303.log

2025-09-08 16:20:00,859 - INFO - detecting CVE-2022-40303 xmlParseName
2025-09-08 16:20:00,859 - INFO - cmd: python main.py --detect --cve_id CVE-2022-40303 --target_bin /binaries/target/libxml2/libxml2-2.11.0-o1-libxml2 --vul_func_name xmlParseName --project libxml2
2025-09-08 16:20:11,118 - INFO - success CVE-2022-40303,details in cve_test/CVE-2022-40303.log

2025-09-08 16:20:11,120 - INFO - detecting CVE-2022-40303 xmlParseName
2025-09-08 16:20:11,120 - INFO - cmd: python main.py --detect --cve_id CVE-2022-40303 --target_bin /binaries/target/libxml2/libxml2-2.11.1-o1-libxml2 --vul_func_name xmlParseName --project libxml2
2025-09-08 16:20:22,034 - INFO - success CVE-2022-40303,details in cve_test/CVE-2022-40303.log

2025-09-08 16:20:22,035 - INFO - detecting CVE-2022-40303 xmlParsePI
2025-09-08 16:20:22,036 - INFO - cmd: python main.py --detect --cve_id CVE-2022-40303 --target_bin /binaries/target/libxml2/libxml2-2.10.2-o1-libxml2 --vul_func_name xmlParsePI --project libxml2
2025-09-08 16:20:29,427 - INFO - success CVE-2022-40303,details in cve_test/CVE-2022-40303.log

2025-09-08 16:20:29,429 - INFO - detecting CVE-2022-40303 xmlParsePI
2025-09-08 16:20:29,429 - INFO - cmd: python main.py --detect --cve_id CVE-2022-40303 --target_bin /binaries/target/libxml2/libxml2-2.10.1-o1-libxml2 --vul_func_name xmlParsePI --project libxml2
2025-09-08 16:20:37,277 - INFO - success CVE-2022-40303,details in cve_test/CVE-2022-40303.log

2025-09-08 16:20:37,278 - INFO - detecting CVE-2022-40303 xmlParsePI
2025-09-08 16:20:37,279 - INFO - cmd: python main.py --detect --cve_id CVE-2022-40303 --target_bin /binaries/target/libxml2/libxml2-2.10.0-o1-libxml2 --vul_func_name xmlParsePI --project libxml2
2025-09-08 16:20:44,982 - INFO - success CVE-2022-40303,details in cve_test/CVE-2022-40303.log

2025-09-08 16:20:44,983 - INFO - detecting CVE-2022-40303 xmlParsePI
2025-09-08 16:20:44,983 - INFO - cmd: python main.py --detect --cve_id CVE-2022-40303 --target_bin /binaries/target/libxml2/libxml2-2.10.4-o1-libxml2 --vul_func_name xmlParsePI --project libxml2
2025-09-08 16:20:53,228 - INFO - success CVE-2022-40303,details in cve_test/CVE-2022-40303.log

2025-09-08 16:20:53,229 - INFO - detecting CVE-2022-40303 xmlParsePI
2025-09-08 16:20:53,230 - INFO - cmd: python main.py --detect --cve_id CVE-2022-40303 --target_bin /binaries/target/libxml2/libxml2-2.11.0-o1-libxml2 --vul_func_name xmlParsePI --project libxml2
2025-09-08 16:21:01,784 - INFO - success CVE-2022-40303,details in cve_test/CVE-2022-40303.log

2025-09-08 16:21:01,786 - INFO - detecting CVE-2022-40303 xmlParsePI
2025-09-08 16:21:01,786 - INFO - cmd: python main.py --detect --cve_id CVE-2022-40303 --target_bin /binaries/target/libxml2/libxml2-2.11.1-o1-libxml2 --vul_func_name xmlParsePI --project libxml2
2025-09-08 16:21:09,680 - INFO - success CVE-2022-40303,details in cve_test/CVE-2022-40303.log

2025-09-08 16:21:09,682 - INFO - detecting CVE-2022-40303 xmlParseNmtoken
2025-09-08 16:21:09,682 - INFO - cmd: python main.py --detect --cve_id CVE-2022-40303 --target_bin /binaries/target/libxml2/libxml2-2.10.2-o1-libxml2 --vul_func_name xmlParseNmtoken --project libxml2
2025-09-08 16:21:20,021 - INFO - success CVE-2022-40303,details in cve_test/CVE-2022-40303.log

2025-09-08 16:21:20,022 - INFO - detecting CVE-2022-40303 xmlParseNmtoken
2025-09-08 16:21:20,023 - INFO - cmd: python main.py --detect --cve_id CVE-2022-40303 --target_bin /binaries/target/libxml2/libxml2-2.10.1-o1-libxml2 --vul_func_name xmlParseNmtoken --project libxml2
2025-09-08 16:21:29,878 - INFO - success CVE-2022-40303,details in cve_test/CVE-2022-40303.log

2025-09-08 16:21:29,878 - INFO - detecting CVE-2022-40303 xmlParseNmtoken
2025-09-08 16:21:29,879 - INFO - cmd: python main.py --detect --cve_id CVE-2022-40303 --target_bin /binaries/target/libxml2/libxml2-2.10.0-o1-libxml2 --vul_func_name xmlParseNmtoken --project libxml2
2025-09-08 16:21:40,579 - INFO - success CVE-2022-40303,details in cve_test/CVE-2022-40303.log

2025-09-08 16:21:40,580 - INFO - detecting CVE-2022-40303 xmlParseNmtoken
2025-09-08 16:21:40,581 - INFO - cmd: python main.py --detect --cve_id CVE-2022-40303 --target_bin /binaries/target/libxml2/libxml2-2.10.4-o1-libxml2 --vul_func_name xmlParseNmtoken --project libxml2
2025-09-08 16:21:50,547 - INFO - success CVE-2022-40303,details in cve_test/CVE-2022-40303.log

2025-09-08 16:21:50,548 - INFO - detecting CVE-2022-40303 xmlParseNmtoken
2025-09-08 16:21:50,549 - INFO - cmd: python main.py --detect --cve_id CVE-2022-40303 --target_bin /binaries/target/libxml2/libxml2-2.11.0-o1-libxml2 --vul_func_name xmlParseNmtoken --project libxml2
2025-09-08 16:21:59,750 - INFO - success CVE-2022-40303,details in cve_test/CVE-2022-40303.log

2025-09-08 16:21:59,751 - INFO - detecting CVE-2022-40303 xmlParseNmtoken
2025-09-08 16:21:59,751 - INFO - cmd: python main.py --detect --cve_id CVE-2022-40303 --target_bin /binaries/target/libxml2/libxml2-2.11.1-o1-libxml2 --vul_func_name xmlParseNmtoken --project libxml2
2025-09-08 16:22:09,559 - INFO - success CVE-2022-40303,details in cve_test/CVE-2022-40303.log

2025-09-08 16:22:09,560 - INFO - detecting CVE-2022-40303 xmlParsePubidLiteral
2025-09-08 16:22:09,561 - INFO - cmd: python main.py --detect --cve_id CVE-2022-40303 --target_bin /binaries/target/libxml2/libxml2-2.10.2-o1-libxml2 --vul_func_name xmlParsePubidLiteral --project libxml2
2025-09-08 16:22:22,173 - INFO - success CVE-2022-40303,details in cve_test/CVE-2022-40303.log

2025-09-08 16:22:22,174 - INFO - detecting CVE-2022-40303 xmlParsePubidLiteral
2025-09-08 16:22:22,175 - INFO - cmd: python main.py --detect --cve_id CVE-2022-40303 --target_bin /binaries/target/libxml2/libxml2-2.10.1-o1-libxml2 --vul_func_name xmlParsePubidLiteral --project libxml2
2025-09-08 16:22:35,447 - INFO - success CVE-2022-40303,details in cve_test/CVE-2022-40303.log

2025-09-08 16:22:35,449 - INFO - detecting CVE-2022-40303 xmlParsePubidLiteral
2025-09-08 16:22:35,449 - INFO - cmd: python main.py --detect --cve_id CVE-2022-40303 --target_bin /binaries/target/libxml2/libxml2-2.10.0-o1-libxml2 --vul_func_name xmlParsePubidLiteral --project libxml2
2025-09-08 16:22:48,259 - INFO - success CVE-2022-40303,details in cve_test/CVE-2022-40303.log

2025-09-08 16:22:48,260 - INFO - detecting CVE-2022-40303 xmlParsePubidLiteral
2025-09-08 16:22:48,260 - INFO - cmd: python main.py --detect --cve_id CVE-2022-40303 --target_bin /binaries/target/libxml2/libxml2-2.10.4-o1-libxml2 --vul_func_name xmlParsePubidLiteral --project libxml2
2025-09-08 16:23:01,034 - INFO - success CVE-2022-40303,details in cve_test/CVE-2022-40303.log

2025-09-08 16:23:01,035 - INFO - detecting CVE-2022-40303 xmlParsePubidLiteral
2025-09-08 16:23:01,036 - INFO - cmd: python main.py --detect --cve_id CVE-2022-40303 --target_bin /binaries/target/libxml2/libxml2-2.11.0-o1-libxml2 --vul_func_name xmlParsePubidLiteral --project libxml2
2025-09-08 16:23:11,623 - INFO - success CVE-2022-40303,details in cve_test/CVE-2022-40303.log

2025-09-08 16:23:11,624 - INFO - detecting CVE-2022-40303 xmlParsePubidLiteral
2025-09-08 16:23:11,625 - INFO - cmd: python main.py --detect --cve_id CVE-2022-40303 --target_bin /binaries/target/libxml2/libxml2-2.11.1-o1-libxml2 --vul_func_name xmlParsePubidLiteral --project libxml2
2025-09-08 16:23:22,087 - INFO - success CVE-2022-40303,details in cve_test/CVE-2022-40303.log

2025-09-08 16:23:22,088 - INFO - detecting CVE-2022-40303 xmlParseComment
2025-09-08 16:23:22,089 - INFO - cmd: python main.py --detect --cve_id CVE-2022-40303 --target_bin /binaries/target/libxml2/libxml2-2.10.2-o1-libxml2 --vul_func_name xmlParseComment --project libxml2
2025-09-08 16:23:30,451 - INFO - success CVE-2022-40303,details in cve_test/CVE-2022-40303.log

2025-09-08 16:23:30,453 - INFO - detecting CVE-2022-40303 xmlParseComment
2025-09-08 16:23:30,453 - INFO - cmd: python main.py --detect --cve_id CVE-2022-40303 --target_bin /binaries/target/libxml2/libxml2-2.10.1-o1-libxml2 --vul_func_name xmlParseComment --project libxml2
2025-09-08 16:23:38,641 - INFO - success CVE-2022-40303,details in cve_test/CVE-2022-40303.log

2025-09-08 16:23:38,642 - INFO - detecting CVE-2022-40303 xmlParseComment
2025-09-08 16:23:38,645 - INFO - cmd: python main.py --detect --cve_id CVE-2022-40303 --target_bin /binaries/target/libxml2/libxml2-2.10.0-o1-libxml2 --vul_func_name xmlParseComment --project libxml2
2025-09-08 16:23:47,007 - INFO - success CVE-2022-40303,details in cve_test/CVE-2022-40303.log

2025-09-08 16:23:47,009 - INFO - detecting CVE-2022-40303 xmlParseComment
2025-09-08 16:23:47,009 - INFO - cmd: python main.py --detect --cve_id CVE-2022-40303 --target_bin /binaries/target/libxml2/libxml2-2.10.4-o1-libxml2 --vul_func_name xmlParseComment --project libxml2
2025-09-08 16:23:55,208 - INFO - success CVE-2022-40303,details in cve_test/CVE-2022-40303.log

2025-09-08 16:23:55,210 - INFO - detecting CVE-2022-40303 xmlParseComment
2025-09-08 16:23:55,210 - INFO - cmd: python main.py --detect --cve_id CVE-2022-40303 --target_bin /binaries/target/libxml2/libxml2-2.11.0-o1-libxml2 --vul_func_name xmlParseComment --project libxml2
2025-09-08 16:24:02,849 - INFO - success CVE-2022-40303,details in cve_test/CVE-2022-40303.log

2025-09-08 16:24:02,850 - INFO - detecting CVE-2022-40303 xmlParseComment
2025-09-08 16:24:02,851 - INFO - cmd: python main.py --detect --cve_id CVE-2022-40303 --target_bin /binaries/target/libxml2/libxml2-2.11.1-o1-libxml2 --vul_func_name xmlParseComment --project libxml2
2025-09-08 16:24:11,194 - INFO - success CVE-2022-40303,details in cve_test/CVE-2022-40303.log

2025-09-08 16:24:11,195 - INFO - detecting CVE-2022-40303 xmlParseCommentComplex
2025-09-08 16:24:11,196 - INFO - cmd: python main.py --detect --cve_id CVE-2022-40303 --target_bin /binaries/target/libxml2/libxml2-2.10.2-o1-libxml2 --vul_func_name xmlParseCommentComplex --project libxml2
2025-09-08 16:24:16,508 - ERROR - fail CVE-2022-40303 ,details1

2025-09-08 16:24:16,509 - INFO - detecting CVE-2022-40303 xmlParseCommentComplex
2025-09-08 16:24:16,509 - INFO - cmd: python main.py --detect --cve_id CVE-2022-40303 --target_bin /binaries/target/libxml2/libxml2-2.10.1-o1-libxml2 --vul_func_name xmlParseCommentComplex --project libxml2
2025-09-08 16:24:22,198 - ERROR - fail CVE-2022-40303 ,details1

2025-09-08 16:24:22,199 - INFO - detecting CVE-2022-40303 xmlParseCommentComplex
2025-09-08 16:24:22,199 - INFO - cmd: python main.py --detect --cve_id CVE-2022-40303 --target_bin /binaries/target/libxml2/libxml2-2.10.0-o1-libxml2 --vul_func_name xmlParseCommentComplex --project libxml2
2025-09-08 16:24:27,527 - ERROR - fail CVE-2022-40303 ,details1

2025-09-08 16:24:27,528 - INFO - detecting CVE-2022-40303 xmlParseCommentComplex
2025-09-08 16:24:27,528 - INFO - cmd: python main.py --detect --cve_id CVE-2022-40303 --target_bin /binaries/target/libxml2/libxml2-2.10.4-o1-libxml2 --vul_func_name xmlParseCommentComplex --project libxml2
2025-09-08 16:24:33,500 - ERROR - fail CVE-2022-40303 ,details1

2025-09-08 16:24:33,501 - INFO - detecting CVE-2022-40303 xmlParseCommentComplex
2025-09-08 16:24:33,504 - INFO - cmd: python main.py --detect --cve_id CVE-2022-40303 --target_bin /binaries/target/libxml2/libxml2-2.11.0-o1-libxml2 --vul_func_name xmlParseCommentComplex --project libxml2
2025-09-08 16:24:38,635 - ERROR - fail CVE-2022-40303 ,details1

2025-09-08 16:24:38,636 - INFO - detecting CVE-2022-40303 xmlParseCommentComplex
2025-09-08 16:24:38,636 - INFO - cmd: python main.py --detect --cve_id CVE-2022-40303 --target_bin /binaries/target/libxml2/libxml2-2.11.1-o1-libxml2 --vul_func_name xmlParseCommentComplex --project libxml2
2025-09-08 16:24:44,267 - ERROR - fail CVE-2022-40303 ,details1