CVE ID: CVE-2013-0338
Target Binary: /binaries/target/libxml2/libxml2-2.9.0-o1-libxml2
Vulnerable Function Name: xmlParserEntityCheck
Overall Score is: 0.192
--------------------------------------------
CVE ID: CVE-2013-0338
Target Binary: /binaries/target/libxml2/libxml2-2.8.0-o1-libxml2
Vulnerable Function Name: xmlParserEntityCheck
Overall Score is: 0.192
--------------------------------------------
CVE ID: CVE-2013-0338
Target Binary: /binaries/target/libxml2/libxml2-2.8.0-rc2-o1-libxml2
Vulnerable Function Name: xmlParserEntityCheck
Overall Score is: 0.192
--------------------------------------------
CVE ID: CVE-2013-0338
Target Binary: /binaries/target/libxml2/libxml2-2.9.1-o1-libxml2
Vulnerable Function Name: xmlParserEntityCheck
Overall Score is: 0.192
--------------------------------------------
CVE ID: CVE-2013-0338
Target Binary: /binaries/target/libxml2/libxml2-2.9.2-rc1-o1-libxml2
Vulnerable Function Name: xmlParserEntityCheck
Overall Score is: 0.192
--------------------------------------------
CVE ID: CVE-2013-0338
Target Binary: /binaries/target/libxml2/libxml2-2.9.2-rc2-o1-libxml2
Vulnerable Function Name: xmlParserEntityCheck
Overall Score is: 0.192
--------------------------------------------
CVE ID: CVE-2013-1969
Target Binary: /binaries/target/libxml2/libxml2-2.9.0-o1-libxml2
Vulnerable Function Name: htmlParseChunk__internal_alias
Overall Score is: -0.116
--------------------------------------------
CVE ID: CVE-2013-1969
Target Binary: /binaries/target/libxml2/libxml2-2.9.1-o1-libxml2
Vulnerable Function Name: htmlParseChunk__internal_alias
Overall Score is: -0.116
--------------------------------------------
CVE ID: CVE-2013-1969
Target Binary: /binaries/target/libxml2/libxml2-2.9.2-rc1-o1-libxml2
Vulnerable Function Name: htmlParseChunk__internal_alias
Overall Score is: -0.116
--------------------------------------------
CVE ID: CVE-2013-1969
Target Binary: /binaries/target/libxml2/libxml2-2.9.2-rc2-o1-libxml2
Vulnerable Function Name: htmlParseChunk__internal_alias
Overall Score is: -0.116
--------------------------------------------
CVE ID: CVE-2015-7498
Target Binary: /binaries/target/libxml2/libxml2-2.9.2-o1-libxml2
Vulnerable Function Name: xmlParseXMLDecl__internal_alias
Overall Score is: 0.232
--------------------------------------------
CVE ID: CVE-2015-7498
Target Binary: /binaries/target/libxml2/libxml2-2.9.1-o1-libxml2
Vulnerable Function Name: xmlParseXMLDecl__internal_alias
Overall Score is: 0.232
--------------------------------------------
CVE ID: CVE-2015-7498
Target Binary: /binaries/target/libxml2/libxml2-2.9.0-o1-libxml2
Vulnerable Function Name: xmlParseXMLDecl__internal_alias
Overall Score is: 0.232
--------------------------------------------
CVE ID: CVE-2015-7498
Target Binary: /binaries/target/libxml2/libxml2-2.9.3-o1-libxml2
Vulnerable Function Name: xmlParseXMLDecl__internal_alias
Overall Score is: 0.232
--------------------------------------------
CVE ID: CVE-2015-7498
Target Binary: /binaries/target/libxml2/libxml2-2.9.4-o1-libxml2
Vulnerable Function Name: xmlParseXMLDecl__internal_alias
Overall Score is: 0.232
--------------------------------------------
CVE ID: CVE-2015-7498
Target Binary: /binaries/target/libxml2/libxml2-2.9.5-rc1-o1-libxml2
Vulnerable Function Name: xmlParseXMLDecl__internal_alias
Overall Score is: 0.232
--------------------------------------------
CVE ID: CVE-2015-7498
Target Binary: /binaries/target/libxml2/libxml2-2.9.2-o1-libxml2
Vulnerable Function Name: xmlSwitchEncoding__internal_alias
Overall Score is: 0.233
--------------------------------------------
CVE ID: CVE-2015-7498
Target Binary: /binaries/target/libxml2/libxml2-2.9.1-o1-libxml2
Vulnerable Function Name: xmlSwitchEncoding__internal_alias
Overall Score is: 0.233
--------------------------------------------
CVE ID: CVE-2015-7498
Target Binary: /binaries/target/libxml2/libxml2-2.9.0-o1-libxml2
Vulnerable Function Name: xmlSwitchEncoding__internal_alias
Overall Score is: 0.233
--------------------------------------------
CVE ID: CVE-2015-7498
Target Binary: /binaries/target/libxml2/libxml2-2.9.3-o1-libxml2
Vulnerable Function Name: xmlSwitchEncoding__internal_alias
Overall Score is: 0.611
--------------------------------------------
CVE ID: CVE-2015-7498
Target Binary: /binaries/target/libxml2/libxml2-2.9.4-o1-libxml2
Vulnerable Function Name: xmlSwitchEncoding__internal_alias
Overall Score is: 0.611
--------------------------------------------
CVE ID: CVE-2015-7498
Target Binary: /binaries/target/libxml2/libxml2-2.9.5-rc1-o1-libxml2
Vulnerable Function Name: xmlSwitchEncoding__internal_alias
Overall Score is: 0.611
--------------------------------------------
CVE ID: CVE-2015-7500
Target Binary: /binaries/target/libxml2/libxml2-2.9.2-o1-libxml2
Vulnerable Function Name: xmlParseStartTag2
Overall Score is: 0.233
--------------------------------------------
CVE ID: CVE-2015-7500
Target Binary: /binaries/target/libxml2/libxml2-2.9.1-o1-libxml2
Vulnerable Function Name: xmlParseStartTag2
Overall Score is: 0.233
--------------------------------------------
CVE ID: CVE-2015-7500
Target Binary: /binaries/target/libxml2/libxml2-2.9.0-o1-libxml2
Vulnerable Function Name: xmlParseStartTag2
Overall Score is: 0.233
--------------------------------------------
CVE ID: CVE-2015-7500
Target Binary: /binaries/target/libxml2/libxml2-2.9.4-o1-libxml2
Vulnerable Function Name: xmlParseStartTag2
Overall Score is: 0.124
--------------------------------------------
CVE ID: CVE-2015-7500
Target Binary: /binaries/target/libxml2/libxml2-2.9.5-rc1-o1-libxml2
Vulnerable Function Name: xmlParseStartTag2
Overall Score is: 0.233
--------------------------------------------
CVE ID: CVE-2015-7500
Target Binary: /binaries/target/libxml2/libxml2-2.9.5-rc2-o1-libxml2
Vulnerable Function Name: xmlParseStartTag2
Overall Score is: 0.233
--------------------------------------------
CVE ID: CVE-2015-7941
Target Binary: /binaries/target/libxml2/libxml2-2.9.2-o1-libxml2
Vulnerable Function Name: xmlParseConditionalSections
Overall Score is: -0.031
--------------------------------------------
CVE ID: CVE-2015-7941
Target Binary: /binaries/target/libxml2/libxml2-2.9.3-o1-libxml2
Vulnerable Function Name: xmlParseConditionalSections
Overall Score is: 0.823
--------------------------------------------
CVE ID: CVE-2015-7941
Target Binary: /binaries/target/libxml2/libxml2-2.9.4-o1-libxml2
Vulnerable Function Name: xmlParseConditionalSections
Overall Score is: 0.823
--------------------------------------------
CVE ID: CVE-2015-7941
Target Binary: /binaries/target/libxml2/libxml2-2.9.5-rc1-o1-libxml2
Vulnerable Function Name: xmlParseConditionalSections
Overall Score is: 0.821
--------------------------------------------
CVE ID: CVE-2015-8241
Target Binary: /binaries/target/libxml2/libxml2-2.9.2-o1-libxml2
Vulnerable Function Name: xmlParseMarkupDecl__internal_alias
Overall Score is: 0.181
--------------------------------------------
CVE ID: CVE-2015-8241
Target Binary: /binaries/target/libxml2/libxml2-2.9.1-o1-libxml2
Vulnerable Function Name: xmlParseMarkupDecl__internal_alias
Overall Score is: 0.181
--------------------------------------------
CVE ID: CVE-2015-8241
Target Binary: /binaries/target/libxml2/libxml2-2.9.0-o1-libxml2
Vulnerable Function Name: xmlParseMarkupDecl__internal_alias
Overall Score is: 0.181
--------------------------------------------
CVE ID: CVE-2015-8241
Target Binary: /binaries/target/libxml2/libxml2-2.9.3-o1-libxml2
Vulnerable Function Name: xmlParseMarkupDecl__internal_alias
Overall Score is: 0.228
--------------------------------------------
CVE ID: CVE-2015-8241
Target Binary: /binaries/target/libxml2/libxml2-2.9.4-o1-libxml2
Vulnerable Function Name: xmlParseMarkupDecl__internal_alias
Overall Score is: 0.228
--------------------------------------------
CVE ID: CVE-2015-8241
Target Binary: /binaries/target/libxml2/libxml2-2.9.5-rc1-o1-libxml2
Vulnerable Function Name: xmlParseMarkupDecl__internal_alias
Overall Score is: 0.231
--------------------------------------------
CVE ID: CVE-2016-1762
Target Binary: /binaries/target/libxml2/libxml2-2.9.3-o1-libxml2
Vulnerable Function Name: xmlParseInternalSubset
Overall Score is: -0.763
--------------------------------------------
CVE ID: CVE-2016-1762
Target Binary: /binaries/target/libxml2/libxml2-2.9.2-o1-libxml2
Vulnerable Function Name: xmlParseInternalSubset
Overall Score is: -0.763
--------------------------------------------
CVE ID: CVE-2016-1762
Target Binary: /binaries/target/libxml2/libxml2-2.9.2-rc2-o1-libxml2
Vulnerable Function Name: xmlParseInternalSubset
Overall Score is: -0.763
--------------------------------------------
CVE ID: CVE-2016-1762
Target Binary: /binaries/target/libxml2/libxml2-2.9.4-o1-libxml2
Vulnerable Function Name: xmlParseInternalSubset
Overall Score is: 0.815
--------------------------------------------
CVE ID: CVE-2016-1762
Target Binary: /binaries/target/libxml2/libxml2-2.9.5-rc1-o1-libxml2
Vulnerable Function Name: xmlParseInternalSubset
Overall Score is: 0.751
--------------------------------------------
CVE ID: CVE-2016-1762
Target Binary: /binaries/target/libxml2/libxml2-2.9.5-rc2-o1-libxml2
Vulnerable Function Name: xmlParseInternalSubset
Overall Score is: 0.751
--------------------------------------------
CVE ID: CVE-2016-1837
Target Binary: /binaries/target/libxml2/libxml2-2.9.3-o1-libxml2
Vulnerable Function Name: htmlParseSystemLiteral
Overall Score is: 0.308
--------------------------------------------
CVE ID: CVE-2016-1837
Target Binary: /binaries/target/libxml2/libxml2-2.9.2-o1-libxml2
Vulnerable Function Name: htmlParseSystemLiteral
Overall Score is: 0.308
--------------------------------------------
CVE ID: CVE-2016-1837
Target Binary: /binaries/target/libxml2/libxml2-2.9.2-rc2-o1-libxml2
Vulnerable Function Name: htmlParseSystemLiteral
Overall Score is: 0.308
--------------------------------------------
CVE ID: CVE-2016-1837
Target Binary: /binaries/target/libxml2/libxml2-2.9.5-rc1-o1-libxml2
Vulnerable Function Name: htmlParseSystemLiteral
Overall Score is: 0.277
--------------------------------------------
CVE ID: CVE-2016-1837
Target Binary: /binaries/target/libxml2/libxml2-2.9.5-rc2-o1-libxml2
Vulnerable Function Name: htmlParseSystemLiteral
Overall Score is: 0.277
--------------------------------------------
CVE ID: CVE-2016-1837
Target Binary: /binaries/target/libxml2/libxml2-2.9.5-o1-libxml2
Vulnerable Function Name: htmlParseSystemLiteral
Overall Score is: 0.277
--------------------------------------------
CVE ID: CVE-2016-4658
Target Binary: /binaries/target/libxml2/libxml2-2.9.4-o1-libxml2
Vulnerable Function Name: xmlXPtrNewRangeNodeObject__internal_alias
Overall Score is: -0.117
--------------------------------------------
CVE ID: CVE-2016-4658
Target Binary: /binaries/target/libxml2/libxml2-2.9.3-o1-libxml2
Vulnerable Function Name: xmlXPtrNewRangeNodeObject__internal_alias
Overall Score is: -0.117
--------------------------------------------
CVE ID: CVE-2016-4658
Target Binary: /binaries/target/libxml2/libxml2-2.9.2-o1-libxml2
Vulnerable Function Name: xmlXPtrNewRangeNodeObject__internal_alias
Overall Score is: -0.117
--------------------------------------------
CVE ID: CVE-2016-4658
Target Binary: /binaries/target/libxml2/libxml2-2.9.5-rc1-o1-libxml2
Vulnerable Function Name: xmlXPtrNewRangeNodeObject__internal_alias
Overall Score is: 0.298
--------------------------------------------
CVE ID: CVE-2016-4658
Target Binary: /binaries/target/libxml2/libxml2-2.9.5-rc2-o1-libxml2
Vulnerable Function Name: xmlXPtrNewRangeNodeObject__internal_alias
Overall Score is: 0.298
--------------------------------------------
CVE ID: CVE-2016-4658
Target Binary: /binaries/target/libxml2/libxml2-2.9.5-o1-libxml2
Vulnerable Function Name: xmlXPtrNewRangeNodeObject__internal_alias
Overall Score is: 0.298
--------------------------------------------
CVE ID: CVE-2017-5130
Target Binary: /binaries/target/libxml2/libxml2-2.9.4-o1-libxml2
Vulnerable Function Name: xmlMallocLoc__internal_alias
Overall Score is: -0.812
--------------------------------------------
CVE ID: CVE-2017-5130
Target Binary: /binaries/target/libxml2/libxml2-2.9.3-o1-libxml2
Vulnerable Function Name: xmlMallocLoc__internal_alias
Overall Score is: -0.812
--------------------------------------------
CVE ID: CVE-2017-5130
Target Binary: /binaries/target/libxml2/libxml2-2.9.2-o1-libxml2
Vulnerable Function Name: xmlMallocLoc__internal_alias
Overall Score is: -0.812
--------------------------------------------
CVE ID: CVE-2017-5130
Target Binary: /binaries/target/libxml2/libxml2-2.9.5-rc1-o1-libxml2
Vulnerable Function Name: xmlMallocLoc__internal_alias
Overall Score is: 0.701
--------------------------------------------
CVE ID: CVE-2017-5130
Target Binary: /binaries/target/libxml2/libxml2-2.9.5-rc2-o1-libxml2
Vulnerable Function Name: xmlMallocLoc__internal_alias
Overall Score is: 0.701
--------------------------------------------
CVE ID: CVE-2017-5130
Target Binary: /binaries/target/libxml2/libxml2-2.9.5-o1-libxml2
Vulnerable Function Name: xmlMallocLoc__internal_alias
Overall Score is: 0.701
--------------------------------------------
CVE ID: CVE-2017-5130
Target Binary: /binaries/target/libxml2/libxml2-2.9.4-o1-libxml2
Vulnerable Function Name: xmlMemStrdupLoc__internal_alias
Overall Score is: 0.162
--------------------------------------------
CVE ID: CVE-2017-5130
Target Binary: /binaries/target/libxml2/libxml2-2.9.3-o1-libxml2
Vulnerable Function Name: xmlMemStrdupLoc__internal_alias
Overall Score is: 0.162
--------------------------------------------
CVE ID: CVE-2017-5130
Target Binary: /binaries/target/libxml2/libxml2-2.9.2-o1-libxml2
Vulnerable Function Name: xmlMemStrdupLoc__internal_alias
Overall Score is: 0.162
--------------------------------------------
CVE ID: CVE-2017-5130
Target Binary: /binaries/target/libxml2/libxml2-2.9.5-rc1-o1-libxml2
Vulnerable Function Name: xmlMemStrdupLoc__internal_alias
Overall Score is: 0.162
--------------------------------------------
CVE ID: CVE-2017-5130
Target Binary: /binaries/target/libxml2/libxml2-2.9.5-rc2-o1-libxml2
Vulnerable Function Name: xmlMemStrdupLoc__internal_alias
Overall Score is: 0.162
--------------------------------------------
CVE ID: CVE-2017-5130
Target Binary: /binaries/target/libxml2/libxml2-2.9.5-o1-libxml2
Vulnerable Function Name: xmlMemStrdupLoc__internal_alias
Overall Score is: 0.162
--------------------------------------------
CVE ID: CVE-2022-23308
Target Binary: /binaries/target/libxml2/libxml2-2.9.11-o1-libxml2
Vulnerable Function Name: xmlValidCtxtNormalizeAttributeValue__internal_alias
Overall Score is: 0.233
--------------------------------------------
CVE ID: CVE-2022-23308
Target Binary: /binaries/target/libxml2/libxml2-2.9.12-o1-libxml2
Vulnerable Function Name: xmlValidCtxtNormalizeAttributeValue__internal_alias
Overall Score is: 0.233
--------------------------------------------
CVE ID: CVE-2022-23308
Target Binary: /binaries/target/libxml2/libxml2-2.9.10-o1-libxml2
Vulnerable Function Name: xmlValidCtxtNormalizeAttributeValue__internal_alias
Overall Score is: 0.233
--------------------------------------------
CVE ID: CVE-2022-23308
Target Binary: /binaries/target/libxml2/libxml2-2.9.13-o1-libxml2
Vulnerable Function Name: xmlValidCtxtNormalizeAttributeValue__internal_alias
Overall Score is: 0.233
--------------------------------------------
CVE ID: CVE-2022-23308
Target Binary: /binaries/target/libxml2/libxml2-2.9.14-o1-libxml2
Vulnerable Function Name: xmlValidCtxtNormalizeAttributeValue__internal_alias
Overall Score is: 0.233
--------------------------------------------
CVE ID: CVE-2022-23308
Target Binary: /binaries/target/libxml2/libxml2-2.9.11-o1-libxml2
Vulnerable Function Name: xmlValidNormalizeAttributeValue__internal_alias
Overall Score is: 0.233
--------------------------------------------
CVE ID: CVE-2022-23308
Target Binary: /binaries/target/libxml2/libxml2-2.9.12-o1-libxml2
Vulnerable Function Name: xmlValidNormalizeAttributeValue__internal_alias
Overall Score is: 0.233
--------------------------------------------
CVE ID: CVE-2022-23308
Target Binary: /binaries/target/libxml2/libxml2-2.9.10-o1-libxml2
Vulnerable Function Name: xmlValidNormalizeAttributeValue__internal_alias
Overall Score is: 0.233
--------------------------------------------
CVE ID: CVE-2022-23308
Target Binary: /binaries/target/libxml2/libxml2-2.9.13-o1-libxml2
Vulnerable Function Name: xmlValidNormalizeAttributeValue__internal_alias
Overall Score is: 0.233
--------------------------------------------
CVE ID: CVE-2022-23308
Target Binary: /binaries/target/libxml2/libxml2-2.9.14-o1-libxml2
Vulnerable Function Name: xmlValidNormalizeAttributeValue__internal_alias
Overall Score is: 0.233
--------------------------------------------
CVE ID: CVE-2022-29824
Target Binary: /binaries/target/libxml2/libxml2-2.9.13-o1-libxml2
Vulnerable Function Name: xmlBufferCreateSize__internal_alias
Overall Score is: -0.906
--------------------------------------------
CVE ID: CVE-2022-29824
Target Binary: /binaries/target/libxml2/libxml2-2.9.11-o1-libxml2
Vulnerable Function Name: xmlBufferCreateSize__internal_alias
Overall Score is: -0.906
--------------------------------------------
CVE ID: CVE-2022-29824
Target Binary: /binaries/target/libxml2/libxml2-2.9.12-o1-libxml2
Vulnerable Function Name: xmlBufferCreateSize__internal_alias
Overall Score is: -0.906
--------------------------------------------
CVE ID: CVE-2022-29824
Target Binary: /binaries/target/libxml2/libxml2-2.9.13-o1-libxml2
Vulnerable Function Name: xmlBufCreateSize
Overall Score is: -0.907
--------------------------------------------
CVE ID: CVE-2022-29824
Target Binary: /binaries/target/libxml2/libxml2-2.9.11-o1-libxml2
Vulnerable Function Name: xmlBufCreateSize
Overall Score is: -0.907
--------------------------------------------
CVE ID: CVE-2022-29824
Target Binary: /binaries/target/libxml2/libxml2-2.9.12-o1-libxml2
Vulnerable Function Name: xmlBufCreateSize
Overall Score is: -0.907
--------------------------------------------
CVE ID: CVE-2022-29824
Target Binary: /binaries/target/libxml2/libxml2-2.10.0-o1-libxml2
Vulnerable Function Name: xmlBufCreateSize
Overall Score is: 0.809
--------------------------------------------
CVE ID: CVE-2022-29824
Target Binary: /binaries/target/libxml2/libxml2-2.10.1-o1-libxml2
Vulnerable Function Name: xmlBufCreateSize
Overall Score is: 0.809
--------------------------------------------
CVE ID: CVE-2022-29824
Target Binary: /binaries/target/libxml2/libxml2-2.10.2-o1-libxml2
Vulnerable Function Name: xmlBufCreateSize
Overall Score is: 0.809
--------------------------------------------
CVE ID: CVE-2022-40303
Target Binary: /binaries/target/libxml2/libxml2-2.10.2-o1-libxml2
Vulnerable Function Name: xmlParseCDSect
Overall Score is: 0.431
--------------------------------------------
CVE ID: CVE-2022-40303
Target Binary: /binaries/target/libxml2/libxml2-2.10.1-o1-libxml2
Vulnerable Function Name: xmlParseCDSect
Overall Score is: 0.431
--------------------------------------------
CVE ID: CVE-2022-40303
Target Binary: /binaries/target/libxml2/libxml2-2.10.0-o1-libxml2
Vulnerable Function Name: xmlParseCDSect
Overall Score is: 0.431
--------------------------------------------
CVE ID: CVE-2022-40303
Target Binary: /binaries/target/libxml2/libxml2-2.10.4-o1-libxml2
Vulnerable Function Name: xmlParseCDSect
Overall Score is: 0.524
--------------------------------------------
CVE ID: CVE-2022-40303
Target Binary: /binaries/target/libxml2/libxml2-2.11.0-o1-libxml2
Vulnerable Function Name: xmlParseCDSect
Overall Score is: 0.524
--------------------------------------------
CVE ID: CVE-2022-40303
Target Binary: /binaries/target/libxml2/libxml2-2.11.1-o1-libxml2
Vulnerable Function Name: xmlParseCDSect
Overall Score is: 0.524
--------------------------------------------
CVE ID: CVE-2022-40303
Target Binary: /binaries/target/libxml2/libxml2-2.10.2-o1-libxml2
Vulnerable Function Name: xmlParseStringName
Overall Score is: 0.188
--------------------------------------------
CVE ID: CVE-2022-40303
Target Binary: /binaries/target/libxml2/libxml2-2.10.1-o1-libxml2
Vulnerable Function Name: xmlParseStringName
Overall Score is: 0.188
--------------------------------------------
CVE ID: CVE-2022-40303
Target Binary: /binaries/target/libxml2/libxml2-2.10.0-o1-libxml2
Vulnerable Function Name: xmlParseStringName
Overall Score is: 0.188
--------------------------------------------
CVE ID: CVE-2022-40303
Target Binary: /binaries/target/libxml2/libxml2-2.10.4-o1-libxml2
Vulnerable Function Name: xmlParseStringName
Overall Score is: 0.297
--------------------------------------------
CVE ID: CVE-2022-40303
Target Binary: /binaries/target/libxml2/libxml2-2.11.0-o1-libxml2
Vulnerable Function Name: xmlParseStringName
Overall Score is: 0.297
--------------------------------------------
CVE ID: CVE-2022-40303
Target Binary: /binaries/target/libxml2/libxml2-2.11.1-o1-libxml2
Vulnerable Function Name: xmlParseStringName
Overall Score is: 0.297
--------------------------------------------
CVE ID: CVE-2022-40303
Target Binary: /binaries/target/libxml2/libxml2-2.10.2-o1-libxml2
Vulnerable Function Name: xmlParseEntityValue
Overall Score is: -0.049
--------------------------------------------
CVE ID: CVE-2022-40303
Target Binary: /binaries/target/libxml2/libxml2-2.10.1-o1-libxml2
Vulnerable Function Name: xmlParseEntityValue
Overall Score is: -0.049
--------------------------------------------
CVE ID: CVE-2022-40303
Target Binary: /binaries/target/libxml2/libxml2-2.10.0-o1-libxml2
Vulnerable Function Name: xmlParseEntityValue
Overall Score is: -0.049
--------------------------------------------
CVE ID: CVE-2022-40303
Target Binary: /binaries/target/libxml2/libxml2-2.10.4-o1-libxml2
Vulnerable Function Name: xmlParseEntityValue
Overall Score is: 0.605
--------------------------------------------
CVE ID: CVE-2022-40303
Target Binary: /binaries/target/libxml2/libxml2-2.11.0-o1-libxml2
Vulnerable Function Name: xmlParseEntityValue
Overall Score is: 0.605
--------------------------------------------
CVE ID: CVE-2022-40303
Target Binary: /binaries/target/libxml2/libxml2-2.11.1-o1-libxml2
Vulnerable Function Name: xmlParseEntityValue
Overall Score is: 0.605
--------------------------------------------
CVE ID: CVE-2022-40303
Target Binary: /binaries/target/libxml2/libxml2-2.10.2-o1-libxml2
Vulnerable Function Name: xmlParseSystemLiteral
Overall Score is: 0.228
--------------------------------------------
CVE ID: CVE-2022-40303
Target Binary: /binaries/target/libxml2/libxml2-2.10.1-o1-libxml2
Vulnerable Function Name: xmlParseSystemLiteral
Overall Score is: 0.228
--------------------------------------------
CVE ID: CVE-2022-40303
Target Binary: /binaries/target/libxml2/libxml2-2.10.0-o1-libxml2
Vulnerable Function Name: xmlParseSystemLiteral
Overall Score is: 0.228
--------------------------------------------
CVE ID: CVE-2022-40303
Target Binary: /binaries/target/libxml2/libxml2-2.10.4-o1-libxml2
Vulnerable Function Name: xmlParseSystemLiteral
Overall Score is: 0.228
--------------------------------------------
CVE ID: CVE-2022-40303
Target Binary: /binaries/target/libxml2/libxml2-2.11.0-o1-libxml2
Vulnerable Function Name: xmlParseSystemLiteral
Overall Score is: 0.231
--------------------------------------------
CVE ID: CVE-2022-40303
Target Binary: /binaries/target/libxml2/libxml2-2.11.1-o1-libxml2
Vulnerable Function Name: xmlParseSystemLiteral
Overall Score is: 0.231
--------------------------------------------
CVE ID: CVE-2022-40303
Target Binary: /binaries/target/libxml2/libxml2-2.10.2-o1-libxml2
Vulnerable Function Name: xmlParseAttValueInternal
Overall Score is: 0.229
--------------------------------------------
CVE ID: CVE-2022-40303
Target Binary: /binaries/target/libxml2/libxml2-2.10.1-o1-libxml2
Vulnerable Function Name: xmlParseAttValueInternal
Overall Score is: 0.229
--------------------------------------------
CVE ID: CVE-2022-40303
Target Binary: /binaries/target/libxml2/libxml2-2.10.0-o1-libxml2
Vulnerable Function Name: xmlParseAttValueInternal
Overall Score is: 0.229
--------------------------------------------
CVE ID: CVE-2022-40303
Target Binary: /binaries/target/libxml2/libxml2-2.10.4-o1-libxml2
Vulnerable Function Name: xmlParseAttValueInternal
Overall Score is: 0.257
--------------------------------------------
CVE ID: CVE-2022-40303
Target Binary: /binaries/target/libxml2/libxml2-2.11.0-o1-libxml2
Vulnerable Function Name: xmlParseAttValueInternal
Overall Score is: 0.267
--------------------------------------------
CVE ID: CVE-2022-40303
Target Binary: /binaries/target/libxml2/libxml2-2.11.1-o1-libxml2
Vulnerable Function Name: xmlParseAttValueInternal
Overall Score is: 0.267
--------------------------------------------
CVE ID: CVE-2022-40303
Target Binary: /binaries/target/libxml2/libxml2-2.10.2-o1-libxml2
Vulnerable Function Name: xmlParseNCName
Overall Score is: 0.162
--------------------------------------------
CVE ID: CVE-2022-40303
Target Binary: /binaries/target/libxml2/libxml2-2.10.1-o1-libxml2
Vulnerable Function Name: xmlParseNCName
Overall Score is: 0.162
--------------------------------------------
CVE ID: CVE-2022-40303
Target Binary: /binaries/target/libxml2/libxml2-2.10.0-o1-libxml2
Vulnerable Function Name: xmlParseNCName
Overall Score is: 0.162
--------------------------------------------
CVE ID: CVE-2022-40303
Target Binary: /binaries/target/libxml2/libxml2-2.10.4-o1-libxml2
Vulnerable Function Name: xmlParseNCName
Overall Score is: 0.207
--------------------------------------------
CVE ID: CVE-2022-40303
Target Binary: /binaries/target/libxml2/libxml2-2.11.0-o1-libxml2
Vulnerable Function Name: xmlParseNCName
Overall Score is: 0.349
--------------------------------------------
CVE ID: CVE-2022-40303
Target Binary: /binaries/target/libxml2/libxml2-2.11.1-o1-libxml2
Vulnerable Function Name: xmlParseNCName
Overall Score is: 0.349
--------------------------------------------
CVE ID: CVE-2022-40303
Target Binary: /binaries/target/libxml2/libxml2-2.10.2-o1-libxml2
Vulnerable Function Name: xmlParseName
Overall Score is: 0.174
--------------------------------------------
CVE ID: CVE-2022-40303
Target Binary: /binaries/target/libxml2/libxml2-2.10.1-o1-libxml2
Vulnerable Function Name: xmlParseName
Overall Score is: 0.174
--------------------------------------------
CVE ID: CVE-2022-40303
Target Binary: /binaries/target/libxml2/libxml2-2.10.0-o1-libxml2
Vulnerable Function Name: xmlParseName
Overall Score is: 0.174
--------------------------------------------
CVE ID: CVE-2022-40303
Target Binary: /binaries/target/libxml2/libxml2-2.10.4-o1-libxml2
Vulnerable Function Name: xmlParseName
Overall Score is: 0.266
--------------------------------------------
CVE ID: CVE-2022-40303
Target Binary: /binaries/target/libxml2/libxml2-2.11.0-o1-libxml2
Vulnerable Function Name: xmlParseName
Overall Score is: 0.205
--------------------------------------------
CVE ID: CVE-2022-40303
Target Binary: /binaries/target/libxml2/libxml2-2.11.1-o1-libxml2
Vulnerable Function Name: xmlParseName
Overall Score is: 0.205
--------------------------------------------
CVE ID: CVE-2022-40303
Target Binary: /binaries/target/libxml2/libxml2-2.10.2-o1-libxml2
Vulnerable Function Name: xmlParsePI
Overall Score is: 0.326
--------------------------------------------
CVE ID: CVE-2022-40303
Target Binary: /binaries/target/libxml2/libxml2-2.10.1-o1-libxml2
Vulnerable Function Name: xmlParsePI
Overall Score is: 0.326
--------------------------------------------
CVE ID: CVE-2022-40303
Target Binary: /binaries/target/libxml2/libxml2-2.10.0-o1-libxml2
Vulnerable Function Name: xmlParsePI
Overall Score is: 0.326
--------------------------------------------
CVE ID: CVE-2022-40303
Target Binary: /binaries/target/libxml2/libxml2-2.10.4-o1-libxml2
Vulnerable Function Name: xmlParsePI
Overall Score is: 0.431
--------------------------------------------
CVE ID: CVE-2022-40303
Target Binary: /binaries/target/libxml2/libxml2-2.11.0-o1-libxml2
Vulnerable Function Name: xmlParsePI
Overall Score is: 0.431
--------------------------------------------
CVE ID: CVE-2022-40303
Target Binary: /binaries/target/libxml2/libxml2-2.11.1-o1-libxml2
Vulnerable Function Name: xmlParsePI
Overall Score is: 0.431
--------------------------------------------
CVE ID: CVE-2022-40303
Target Binary: /binaries/target/libxml2/libxml2-2.10.2-o1-libxml2
Vulnerable Function Name: xmlParseNmtoken
Overall Score is: 0.210
--------------------------------------------
CVE ID: CVE-2022-40303
Target Binary: /binaries/target/libxml2/libxml2-2.10.1-o1-libxml2
Vulnerable Function Name: xmlParseNmtoken
Overall Score is: 0.210
--------------------------------------------
CVE ID: CVE-2022-40303
Target Binary: /binaries/target/libxml2/libxml2-2.10.0-o1-libxml2
Vulnerable Function Name: xmlParseNmtoken
Overall Score is: 0.210
--------------------------------------------
CVE ID: CVE-2022-40303
Target Binary: /binaries/target/libxml2/libxml2-2.10.4-o1-libxml2
Vulnerable Function Name: xmlParseNmtoken
Overall Score is: 0.250
--------------------------------------------
CVE ID: CVE-2022-40303
Target Binary: /binaries/target/libxml2/libxml2-2.11.0-o1-libxml2
Vulnerable Function Name: xmlParseNmtoken
Overall Score is: 0.306
--------------------------------------------
CVE ID: CVE-2022-40303
Target Binary: /binaries/target/libxml2/libxml2-2.11.1-o1-libxml2
Vulnerable Function Name: xmlParseNmtoken
Overall Score is: 0.306
--------------------------------------------
CVE ID: CVE-2022-40303
Target Binary: /binaries/target/libxml2/libxml2-2.10.2-o1-libxml2
Vulnerable Function Name: xmlParsePubidLiteral
Overall Score is: 0.228
--------------------------------------------
CVE ID: CVE-2022-40303
Target Binary: /binaries/target/libxml2/libxml2-2.10.1-o1-libxml2
Vulnerable Function Name: xmlParsePubidLiteral
Overall Score is: 0.228
--------------------------------------------
CVE ID: CVE-2022-40303
Target Binary: /binaries/target/libxml2/libxml2-2.10.0-o1-libxml2
Vulnerable Function Name: xmlParsePubidLiteral
Overall Score is: 0.228
--------------------------------------------
CVE ID: CVE-2022-40303
Target Binary: /binaries/target/libxml2/libxml2-2.10.4-o1-libxml2
Vulnerable Function Name: xmlParsePubidLiteral
Overall Score is: 0.260
--------------------------------------------
CVE ID: CVE-2022-40303
Target Binary: /binaries/target/libxml2/libxml2-2.11.0-o1-libxml2
Vulnerable Function Name: xmlParsePubidLiteral
Overall Score is: 0.269
--------------------------------------------
CVE ID: CVE-2022-40303
Target Binary: /binaries/target/libxml2/libxml2-2.11.1-o1-libxml2
Vulnerable Function Name: xmlParsePubidLiteral
Overall Score is: 0.269
--------------------------------------------
CVE ID: CVE-2022-40303
Target Binary: /binaries/target/libxml2/libxml2-2.10.2-o1-libxml2
Vulnerable Function Name: xmlParseComment
Overall Score is: 0.205
--------------------------------------------
CVE ID: CVE-2022-40303
Target Binary: /binaries/target/libxml2/libxml2-2.10.1-o1-libxml2
Vulnerable Function Name: xmlParseComment
Overall Score is: 0.205
--------------------------------------------
CVE ID: CVE-2022-40303
Target Binary: /binaries/target/libxml2/libxml2-2.10.0-o1-libxml2
Vulnerable Function Name: xmlParseComment
Overall Score is: 0.205
--------------------------------------------
CVE ID: CVE-2022-40303
Target Binary: /binaries/target/libxml2/libxml2-2.10.4-o1-libxml2
Vulnerable Function Name: xmlParseComment
Overall Score is: 0.386
--------------------------------------------
CVE ID: CVE-2022-40303
Target Binary: /binaries/target/libxml2/libxml2-2.11.0-o1-libxml2
Vulnerable Function Name: xmlParseComment
Overall Score is: 0.386
--------------------------------------------
CVE ID: CVE-2022-40303
Target Binary: /binaries/target/libxml2/libxml2-2.11.1-o1-libxml2
Vulnerable Function Name: xmlParseComment
Overall Score is: 0.386