============================================
Patch Detection Log
Time: 2025-09-08 16:05:57
============================================
2025-09-08 16:05:57,154 - INFO - detecting CVE-2017-12896 isakmp_rfc3948_print
2025-09-08 16:05:57,154 - INFO - cmd: python main.py --detect --cve_id CVE-2017-12896 --target_bin /binaries/target/tcpdump/tcpdump-4.9.1-o1-tcpdump --vul_func_name isakmp_rfc3948_print --project tcpdump
2025-09-08 16:06:03,436 - INFO - success CVE-2017-12896,details in cve_test/CVE-2017-12896.log

2025-09-08 16:06:03,437 - INFO - detecting CVE-2017-12896 isakmp_rfc3948_print
2025-09-08 16:06:03,437 - INFO - cmd: python main.py --detect --cve_id CVE-2017-12896 --target_bin /binaries/target/tcpdump/tcpdump-4.9.0-o1-tcpdump --vul_func_name isakmp_rfc3948_print --project tcpdump
2025-09-08 16:06:09,849 - INFO - success CVE-2017-12896,details in cve_test/CVE-2017-12896.log

2025-09-08 16:06:09,849 - INFO - detecting CVE-2017-12896 isakmp_rfc3948_print
2025-09-08 16:06:09,849 - INFO - cmd: python main.py --detect --cve_id CVE-2017-12896 --target_bin /binaries/target/tcpdump/tcpdump-4.8.1-o1-tcpdump --vul_func_name isakmp_rfc3948_print --project tcpdump
2025-09-08 16:06:16,001 - INFO - success CVE-2017-12896,details in cve_test/CVE-2017-12896.log

2025-09-08 16:06:16,002 - INFO - detecting CVE-2017-12896 isakmp_rfc3948_print
2025-09-08 16:06:16,003 - INFO - cmd: python main.py --detect --cve_id CVE-2017-12896 --target_bin /binaries/target/tcpdump/tcpdump-4.9.3-o1-tcpdump --vul_func_name isakmp_rfc3948_print --project tcpdump
2025-09-08 16:06:23,378 - INFO - success CVE-2017-12896,details in cve_test/CVE-2017-12896.log

2025-09-08 16:06:23,379 - INFO - detecting CVE-2017-12896 isakmp_rfc3948_print
2025-09-08 16:06:23,379 - INFO - cmd: python main.py --detect --cve_id CVE-2017-12896 --target_bin /binaries/target/tcpdump/tcpdump-4.99.0-bp-o1-tcpdump --vul_func_name isakmp_rfc3948_print --project tcpdump
2025-09-08 16:06:29,967 - INFO - success CVE-2017-12896,details in cve_test/CVE-2017-12896.log

2025-09-08 16:06:29,968 - INFO - detecting CVE-2017-12896 isakmp_rfc3948_print
2025-09-08 16:06:29,968 - INFO - cmd: python main.py --detect --cve_id CVE-2017-12896 --target_bin /binaries/target/tcpdump/tcpdump-4.99-bp-o1-tcpdump --vul_func_name isakmp_rfc3948_print --project tcpdump
2025-09-08 16:06:36,118 - INFO - success CVE-2017-12896,details in cve_test/CVE-2017-12896.log

2025-09-08 16:06:36,119 - INFO - detecting CVE-2017-12992 ripng_print
2025-09-08 16:06:36,119 - INFO - cmd: python main.py --detect --cve_id CVE-2017-12992 --target_bin /binaries/target/tcpdump/tcpdump-4.9.1-o1-tcpdump --vul_func_name ripng_print --project tcpdump
2025-09-08 16:06:42,429 - INFO - success CVE-2017-12992,details in cve_test/CVE-2017-12992.log

2025-09-08 16:06:42,430 - INFO - detecting CVE-2017-12992 ripng_print
2025-09-08 16:06:42,431 - INFO - cmd: python main.py --detect --cve_id CVE-2017-12992 --target_bin /binaries/target/tcpdump/tcpdump-4.9.0-o1-tcpdump --vul_func_name ripng_print --project tcpdump
2025-09-08 16:06:49,014 - INFO - success CVE-2017-12992,details in cve_test/CVE-2017-12992.log

2025-09-08 16:06:49,015 - INFO - detecting CVE-2017-12992 ripng_print
2025-09-08 16:06:49,016 - INFO - cmd: python main.py --detect --cve_id CVE-2017-12992 --target_bin /binaries/target/tcpdump/tcpdump-4.8.1-o1-tcpdump --vul_func_name ripng_print --project tcpdump
2025-09-08 16:06:55,817 - INFO - success CVE-2017-12992,details in cve_test/CVE-2017-12992.log

2025-09-08 16:06:55,818 - INFO - detecting CVE-2017-12992 ripng_print
2025-09-08 16:06:55,819 - INFO - cmd: python main.py --detect --cve_id CVE-2017-12992 --target_bin /binaries/target/tcpdump/tcpdump-4.9.3-o1-tcpdump --vul_func_name ripng_print --project tcpdump
2025-09-08 16:07:03,648 - INFO - success CVE-2017-12992,details in cve_test/CVE-2017-12992.log

2025-09-08 16:07:03,649 - INFO - detecting CVE-2017-12992 ripng_print
2025-09-08 16:07:03,649 - INFO - cmd: python main.py --detect --cve_id CVE-2017-12992 --target_bin /binaries/target/tcpdump/tcpdump-4.99.0-bp-o1-tcpdump --vul_func_name ripng_print --project tcpdump
2025-09-08 16:07:10,536 - INFO - success CVE-2017-12992,details in cve_test/CVE-2017-12992.log

2025-09-08 16:07:10,537 - INFO - detecting CVE-2017-12992 ripng_print
2025-09-08 16:07:10,538 - INFO - cmd: python main.py --detect --cve_id CVE-2017-12992 --target_bin /binaries/target/tcpdump/tcpdump-4.99-bp-o1-tcpdump --vul_func_name ripng_print --project tcpdump
2025-09-08 16:07:17,471 - INFO - success CVE-2017-12992,details in cve_test/CVE-2017-12992.log

2025-09-08 16:07:17,472 - INFO - detecting CVE-2017-12993 juniper_atm1_print
2025-09-08 16:07:17,473 - INFO - cmd: python main.py --detect --cve_id CVE-2017-12993 --target_bin /binaries/target/tcpdump/tcpdump-4.9.1-o1-tcpdump --vul_func_name juniper_atm1_print --project tcpdump
2025-09-08 16:07:26,155 - INFO - success CVE-2017-12993,details in cve_test/CVE-2017-12993.log

2025-09-08 16:07:26,156 - INFO - detecting CVE-2017-12993 juniper_atm1_print
2025-09-08 16:07:26,157 - INFO - cmd: python main.py --detect --cve_id CVE-2017-12993 --target_bin /binaries/target/tcpdump/tcpdump-4.9.0-o1-tcpdump --vul_func_name juniper_atm1_print --project tcpdump
2025-09-08 16:07:34,758 - INFO - success CVE-2017-12993,details in cve_test/CVE-2017-12993.log

2025-09-08 16:07:34,759 - INFO - detecting CVE-2017-12993 juniper_atm1_print
2025-09-08 16:07:34,760 - INFO - cmd: python main.py --detect --cve_id CVE-2017-12993 --target_bin /binaries/target/tcpdump/tcpdump-4.8.1-o1-tcpdump --vul_func_name juniper_atm1_print --project tcpdump
2025-09-08 16:07:42,568 - INFO - success CVE-2017-12993,details in cve_test/CVE-2017-12993.log

2025-09-08 16:07:42,569 - INFO - detecting CVE-2017-12993 juniper_atm1_print
2025-09-08 16:07:42,570 - INFO - cmd: python main.py --detect --cve_id CVE-2017-12993 --target_bin /binaries/target/tcpdump/tcpdump-4.9.3-o1-tcpdump --vul_func_name juniper_atm1_print --project tcpdump
2025-09-08 16:07:50,488 - INFO - success CVE-2017-12993,details in cve_test/CVE-2017-12993.log

2025-09-08 16:07:50,489 - INFO - detecting CVE-2017-12993 juniper_atm1_print
2025-09-08 16:07:50,489 - INFO - cmd: python main.py --detect --cve_id CVE-2017-12993 --target_bin /binaries/target/tcpdump/tcpdump-4.99.0-bp-o1-tcpdump --vul_func_name juniper_atm1_print --project tcpdump
2025-09-08 16:07:55,067 - ERROR - fail CVE-2017-12993 ,details1

2025-09-08 16:07:55,067 - INFO - detecting CVE-2017-12993 juniper_atm1_print
2025-09-08 16:07:55,067 - INFO - cmd: python main.py --detect --cve_id CVE-2017-12993 --target_bin /binaries/target/tcpdump/tcpdump-4.99-bp-o1-tcpdump --vul_func_name juniper_atm1_print --project tcpdump
2025-09-08 16:07:59,474 - ERROR - fail CVE-2017-12993 ,details1

2025-09-08 16:07:59,475 - INFO - detecting CVE-2017-12995 ns_nprint
2025-09-08 16:07:59,476 - INFO - cmd: python main.py --detect --cve_id CVE-2017-12995 --target_bin /binaries/target/tcpdump/tcpdump-4.9.1-o1-tcpdump --vul_func_name ns_nprint --project tcpdump
2025-09-08 16:08:06,482 - INFO - success CVE-2017-12995,details in cve_test/CVE-2017-12995.log

2025-09-08 16:08:06,483 - INFO - detecting CVE-2017-12995 ns_nprint
2025-09-08 16:08:06,484 - INFO - cmd: python main.py --detect --cve_id CVE-2017-12995 --target_bin /binaries/target/tcpdump/tcpdump-4.9.0-o1-tcpdump --vul_func_name ns_nprint --project tcpdump
2025-09-08 16:08:14,055 - INFO - success CVE-2017-12995,details in cve_test/CVE-2017-12995.log

2025-09-08 16:08:14,056 - INFO - detecting CVE-2017-12995 ns_nprint
2025-09-08 16:08:14,057 - INFO - cmd: python main.py --detect --cve_id CVE-2017-12995 --target_bin /binaries/target/tcpdump/tcpdump-4.8.1-o1-tcpdump --vul_func_name ns_nprint --project tcpdump
2025-09-08 16:08:20,463 - INFO - success CVE-2017-12995,details in cve_test/CVE-2017-12995.log

2025-09-08 16:08:20,464 - INFO - detecting CVE-2017-12995 ns_nprint
2025-09-08 16:08:20,464 - INFO - cmd: python main.py --detect --cve_id CVE-2017-12995 --target_bin /binaries/target/tcpdump/tcpdump-4.9.3-o1-tcpdump --vul_func_name ns_nprint --project tcpdump
2025-09-08 16:08:27,079 - INFO - success CVE-2017-12995,details in cve_test/CVE-2017-12995.log

2025-09-08 16:08:27,079 - INFO - detecting CVE-2017-12995 ns_nprint
2025-09-08 16:08:27,080 - INFO - cmd: python main.py --detect --cve_id CVE-2017-12995 --target_bin /binaries/target/tcpdump/tcpdump-4.99.0-bp-o1-tcpdump --vul_func_name ns_nprint --project tcpdump
2025-09-08 16:08:31,960 - ERROR - fail CVE-2017-12995 ,details1

2025-09-08 16:08:31,961 - INFO - detecting CVE-2017-12995 ns_nprint
2025-09-08 16:08:31,961 - INFO - cmd: python main.py --detect --cve_id CVE-2017-12995 --target_bin /binaries/target/tcpdump/tcpdump-4.99-bp-o1-tcpdump --vul_func_name ns_nprint --project tcpdump
2025-09-08 16:08:36,731 - ERROR - fail CVE-2017-12995 ,details1

2025-09-08 16:08:36,732 - INFO - detecting CVE-2017-13001 nfs_printfh
2025-09-08 16:08:36,732 - INFO - cmd: python main.py --detect --cve_id CVE-2017-13001 --target_bin /binaries/target/tcpdump/tcpdump-4.9.1-o1-tcpdump --vul_func_name nfs_printfh --project tcpdump
2025-09-08 16:08:41,643 - ERROR - fail CVE-2017-13001 ,details1

2025-09-08 16:08:41,644 - INFO - detecting CVE-2017-13001 nfs_printfh
2025-09-08 16:08:41,644 - INFO - cmd: python main.py --detect --cve_id CVE-2017-13001 --target_bin /binaries/target/tcpdump/tcpdump-4.9.0-o1-tcpdump --vul_func_name nfs_printfh --project tcpdump
2025-09-08 16:08:46,355 - ERROR - fail CVE-2017-13001 ,details1

2025-09-08 16:08:46,356 - INFO - detecting CVE-2017-13001 nfs_printfh
2025-09-08 16:08:46,356 - INFO - cmd: python main.py --detect --cve_id CVE-2017-13001 --target_bin /binaries/target/tcpdump/tcpdump-4.8.1-o1-tcpdump --vul_func_name nfs_printfh --project tcpdump
2025-09-08 16:08:50,865 - ERROR - fail CVE-2017-13001 ,details1

2025-09-08 16:08:50,866 - INFO - detecting CVE-2017-13001 nfs_printfh
2025-09-08 16:08:50,867 - INFO - cmd: python main.py --detect --cve_id CVE-2017-13001 --target_bin /binaries/target/tcpdump/tcpdump-4.9.3-o1-tcpdump --vul_func_name nfs_printfh --project tcpdump
2025-09-08 16:08:55,263 - ERROR - fail CVE-2017-13001 ,details1

2025-09-08 16:08:55,264 - INFO - detecting CVE-2017-13001 nfs_printfh
2025-09-08 16:08:55,265 - INFO - cmd: python main.py --detect --cve_id CVE-2017-13001 --target_bin /binaries/target/tcpdump/tcpdump-4.99.0-bp-o1-tcpdump --vul_func_name nfs_printfh --project tcpdump
2025-09-08 16:09:00,225 - ERROR - fail CVE-2017-13001 ,details1

2025-09-08 16:09:00,226 - INFO - detecting CVE-2017-13001 nfs_printfh
2025-09-08 16:09:00,226 - INFO - cmd: python main.py --detect --cve_id CVE-2017-13001 --target_bin /binaries/target/tcpdump/tcpdump-4.99-bp-o1-tcpdump --vul_func_name nfs_printfh --project tcpdump
2025-09-08 16:09:05,033 - ERROR - fail CVE-2017-13001 ,details1

2025-09-08 16:09:05,034 - INFO - detecting CVE-2017-13002 aodv_extension
2025-09-08 16:09:05,035 - INFO - cmd: python main.py --detect --cve_id CVE-2017-13002 --target_bin /binaries/target/tcpdump/tcpdump-4.9.1-o1-tcpdump --vul_func_name aodv_extension --project tcpdump
2025-09-08 16:09:12,556 - INFO - success CVE-2017-13002,details in cve_test/CVE-2017-13002.log

2025-09-08 16:09:12,557 - INFO - detecting CVE-2017-13002 aodv_extension
2025-09-08 16:09:12,557 - INFO - cmd: python main.py --detect --cve_id CVE-2017-13002 --target_bin /binaries/target/tcpdump/tcpdump-4.9.0-o1-tcpdump --vul_func_name aodv_extension --project tcpdump
2025-09-08 16:09:19,680 - INFO - success CVE-2017-13002,details in cve_test/CVE-2017-13002.log

2025-09-08 16:09:19,680 - INFO - detecting CVE-2017-13002 aodv_extension
2025-09-08 16:09:19,681 - INFO - cmd: python main.py --detect --cve_id CVE-2017-13002 --target_bin /binaries/target/tcpdump/tcpdump-4.8.1-o1-tcpdump --vul_func_name aodv_extension --project tcpdump
2025-09-08 16:09:27,628 - INFO - success CVE-2017-13002,details in cve_test/CVE-2017-13002.log

2025-09-08 16:09:27,628 - INFO - detecting CVE-2017-13002 aodv_extension
2025-09-08 16:09:27,629 - INFO - cmd: python main.py --detect --cve_id CVE-2017-13002 --target_bin /binaries/target/tcpdump/tcpdump-4.9.3-o1-tcpdump --vul_func_name aodv_extension --project tcpdump
2025-09-08 16:09:34,528 - INFO - success CVE-2017-13002,details in cve_test/CVE-2017-13002.log

2025-09-08 16:09:34,529 - INFO - detecting CVE-2017-13002 aodv_extension
2025-09-08 16:09:34,530 - INFO - cmd: python main.py --detect --cve_id CVE-2017-13002 --target_bin /binaries/target/tcpdump/tcpdump-4.99.0-bp-o1-tcpdump --vul_func_name aodv_extension --project tcpdump
2025-09-08 16:09:42,219 - INFO - success CVE-2017-13002,details in cve_test/CVE-2017-13002.log

2025-09-08 16:09:42,220 - INFO - detecting CVE-2017-13002 aodv_extension
2025-09-08 16:09:42,221 - INFO - cmd: python main.py --detect --cve_id CVE-2017-13002 --target_bin /binaries/target/tcpdump/tcpdump-4.99-bp-o1-tcpdump --vul_func_name aodv_extension --project tcpdump
2025-09-08 16:09:49,392 - INFO - success CVE-2017-13002,details in cve_test/CVE-2017-13002.log

2025-09-08 16:09:49,393 - INFO - detecting CVE-2017-13003 lmp_print
2025-09-08 16:09:49,394 - INFO - cmd: python main.py --detect --cve_id CVE-2017-13003 --target_bin /binaries/target/tcpdump/tcpdump-4.9.1-o1-tcpdump --vul_func_name lmp_print --project tcpdump
2025-09-08 16:09:56,854 - INFO - success CVE-2017-13003,details in cve_test/CVE-2017-13003.log

2025-09-08 16:09:56,855 - INFO - detecting CVE-2017-13003 lmp_print
2025-09-08 16:09:56,855 - INFO - cmd: python main.py --detect --cve_id CVE-2017-13003 --target_bin /binaries/target/tcpdump/tcpdump-4.9.0-o1-tcpdump --vul_func_name lmp_print --project tcpdump
2025-09-08 16:10:04,378 - INFO - success CVE-2017-13003,details in cve_test/CVE-2017-13003.log

2025-09-08 16:10:04,380 - INFO - detecting CVE-2017-13003 lmp_print
2025-09-08 16:10:04,380 - INFO - cmd: python main.py --detect --cve_id CVE-2017-13003 --target_bin /binaries/target/tcpdump/tcpdump-4.8.1-o1-tcpdump --vul_func_name lmp_print --project tcpdump
2025-09-08 16:10:11,459 - INFO - success CVE-2017-13003,details in cve_test/CVE-2017-13003.log

2025-09-08 16:10:11,459 - INFO - detecting CVE-2017-13003 lmp_print
2025-09-08 16:10:11,460 - INFO - cmd: python main.py --detect --cve_id CVE-2017-13003 --target_bin /binaries/target/tcpdump/tcpdump-4.9.3-o1-tcpdump --vul_func_name lmp_print --project tcpdump
2025-09-08 16:10:19,036 - INFO - success CVE-2017-13003,details in cve_test/CVE-2017-13003.log

2025-09-08 16:10:19,037 - INFO - detecting CVE-2017-13003 lmp_print
2025-09-08 16:10:19,037 - INFO - cmd: python main.py --detect --cve_id CVE-2017-13003 --target_bin /binaries/target/tcpdump/tcpdump-4.99.0-bp-o1-tcpdump --vul_func_name lmp_print --project tcpdump
2025-09-08 16:10:25,264 - INFO - success CVE-2017-13003,details in cve_test/CVE-2017-13003.log

2025-09-08 16:10:25,265 - INFO - detecting CVE-2017-13003 lmp_print
2025-09-08 16:10:25,265 - INFO - cmd: python main.py --detect --cve_id CVE-2017-13003 --target_bin /binaries/target/tcpdump/tcpdump-4.99-bp-o1-tcpdump --vul_func_name lmp_print --project tcpdump
2025-09-08 16:10:31,632 - INFO - success CVE-2017-13003,details in cve_test/CVE-2017-13003.log

2025-09-08 16:10:31,633 - INFO - detecting CVE-2017-13007 pktap_if_print
2025-09-08 16:10:31,633 - INFO - cmd: python main.py --detect --cve_id CVE-2017-13007 --target_bin /binaries/target/tcpdump/tcpdump-4.9.1-o1-tcpdump --vul_func_name pktap_if_print --project tcpdump
2025-09-08 16:10:39,643 - INFO - success CVE-2017-13007,details in cve_test/CVE-2017-13007.log

2025-09-08 16:10:39,643 - INFO - detecting CVE-2017-13007 pktap_if_print
2025-09-08 16:10:39,643 - INFO - cmd: python main.py --detect --cve_id CVE-2017-13007 --target_bin /binaries/target/tcpdump/tcpdump-4.9.0-o1-tcpdump --vul_func_name pktap_if_print --project tcpdump
2025-09-08 16:10:47,699 - INFO - success CVE-2017-13007,details in cve_test/CVE-2017-13007.log

2025-09-08 16:10:47,700 - INFO - detecting CVE-2017-13007 pktap_if_print
2025-09-08 16:10:47,700 - INFO - cmd: python main.py --detect --cve_id CVE-2017-13007 --target_bin /binaries/target/tcpdump/tcpdump-4.8.1-o1-tcpdump --vul_func_name pktap_if_print --project tcpdump
2025-09-08 16:10:54,916 - INFO - success CVE-2017-13007,details in cve_test/CVE-2017-13007.log

2025-09-08 16:10:54,917 - INFO - detecting CVE-2017-13007 pktap_if_print
2025-09-08 16:10:54,917 - INFO - cmd: python main.py --detect --cve_id CVE-2017-13007 --target_bin /binaries/target/tcpdump/tcpdump-4.9.3-o1-tcpdump --vul_func_name pktap_if_print --project tcpdump
2025-09-08 16:11:02,206 - INFO - success CVE-2017-13007,details in cve_test/CVE-2017-13007.log

2025-09-08 16:11:02,207 - INFO - detecting CVE-2017-13007 pktap_if_print
2025-09-08 16:11:02,208 - INFO - cmd: python main.py --detect --cve_id CVE-2017-13007 --target_bin /binaries/target/tcpdump/tcpdump-4.99.0-bp-o1-tcpdump --vul_func_name pktap_if_print --project tcpdump
2025-09-08 16:11:10,374 - INFO - success CVE-2017-13007,details in cve_test/CVE-2017-13007.log

2025-09-08 16:11:10,375 - INFO - detecting CVE-2017-13007 pktap_if_print
2025-09-08 16:11:10,375 - INFO - cmd: python main.py --detect --cve_id CVE-2017-13007 --target_bin /binaries/target/tcpdump/tcpdump-4.99-bp-o1-tcpdump --vul_func_name pktap_if_print --project tcpdump
2025-09-08 16:11:18,729 - INFO - success CVE-2017-13007,details in cve_test/CVE-2017-13007.log

2025-09-08 16:11:18,730 - INFO - detecting CVE-2017-13030 cisco_autorp_print
2025-09-08 16:11:18,730 - INFO - cmd: python main.py --detect --cve_id CVE-2017-13030 --target_bin /binaries/target/tcpdump/tcpdump-4.9.1-o1-tcpdump --vul_func_name cisco_autorp_print --project tcpdump
2025-09-08 16:11:26,245 - INFO - success CVE-2017-13030,details in cve_test/CVE-2017-13030.log

2025-09-08 16:11:26,246 - INFO - detecting CVE-2017-13030 cisco_autorp_print
2025-09-08 16:11:26,246 - INFO - cmd: python main.py --detect --cve_id CVE-2017-13030 --target_bin /binaries/target/tcpdump/tcpdump-4.9.0-o1-tcpdump --vul_func_name cisco_autorp_print --project tcpdump
2025-09-08 16:11:33,384 - INFO - success CVE-2017-13030,details in cve_test/CVE-2017-13030.log

2025-09-08 16:11:33,385 - INFO - detecting CVE-2017-13030 cisco_autorp_print
2025-09-08 16:11:33,385 - INFO - cmd: python main.py --detect --cve_id CVE-2017-13030 --target_bin /binaries/target/tcpdump/tcpdump-4.8.1-o1-tcpdump --vul_func_name cisco_autorp_print --project tcpdump
2025-09-08 16:11:40,793 - INFO - success CVE-2017-13030,details in cve_test/CVE-2017-13030.log

2025-09-08 16:11:40,794 - INFO - detecting CVE-2017-13030 cisco_autorp_print
2025-09-08 16:11:40,795 - INFO - cmd: python main.py --detect --cve_id CVE-2017-13030 --target_bin /binaries/target/tcpdump/tcpdump-4.9.3-o1-tcpdump --vul_func_name cisco_autorp_print --project tcpdump
2025-09-08 16:11:47,197 - INFO - success CVE-2017-13030,details in cve_test/CVE-2017-13030.log

2025-09-08 16:11:47,198 - INFO - detecting CVE-2017-13030 cisco_autorp_print
2025-09-08 16:11:47,199 - INFO - cmd: python main.py --detect --cve_id CVE-2017-13030 --target_bin /binaries/target/tcpdump/tcpdump-4.99.0-bp-o1-tcpdump --vul_func_name cisco_autorp_print --project tcpdump
2025-09-08 16:11:53,510 - INFO - success CVE-2017-13030,details in cve_test/CVE-2017-13030.log

2025-09-08 16:11:53,511 - INFO - detecting CVE-2017-13030 cisco_autorp_print
2025-09-08 16:11:53,511 - INFO - cmd: python main.py --detect --cve_id CVE-2017-13030 --target_bin /binaries/target/tcpdump/tcpdump-4.99-bp-o1-tcpdump --vul_func_name cisco_autorp_print --project tcpdump
2025-09-08 16:12:00,237 - INFO - success CVE-2017-13030,details in cve_test/CVE-2017-13030.log

2025-09-08 16:12:00,238 - INFO - detecting CVE-2017-13031 frag6_print
2025-09-08 16:12:00,239 - INFO - cmd: python main.py --detect --cve_id CVE-2017-13031 --target_bin /binaries/target/tcpdump/tcpdump-4.9.1-o1-tcpdump --vul_func_name frag6_print --project tcpdump
2025-09-08 16:12:06,869 - INFO - success CVE-2017-13031,details in cve_test/CVE-2017-13031.log

2025-09-08 16:12:06,870 - INFO - detecting CVE-2017-13031 frag6_print
2025-09-08 16:12:06,870 - INFO - cmd: python main.py --detect --cve_id CVE-2017-13031 --target_bin /binaries/target/tcpdump/tcpdump-4.9.0-o1-tcpdump --vul_func_name frag6_print --project tcpdump
2025-09-08 16:12:13,283 - INFO - success CVE-2017-13031,details in cve_test/CVE-2017-13031.log

2025-09-08 16:12:13,284 - INFO - detecting CVE-2017-13031 frag6_print
2025-09-08 16:12:13,284 - INFO - cmd: python main.py --detect --cve_id CVE-2017-13031 --target_bin /binaries/target/tcpdump/tcpdump-4.8.1-o1-tcpdump --vul_func_name frag6_print --project tcpdump
2025-09-08 16:12:20,925 - INFO - success CVE-2017-13031,details in cve_test/CVE-2017-13031.log

2025-09-08 16:12:20,926 - INFO - detecting CVE-2017-13031 frag6_print
2025-09-08 16:12:20,926 - INFO - cmd: python main.py --detect --cve_id CVE-2017-13031 --target_bin /binaries/target/tcpdump/tcpdump-4.9.3-o1-tcpdump --vul_func_name frag6_print --project tcpdump
2025-09-08 16:12:28,432 - INFO - success CVE-2017-13031,details in cve_test/CVE-2017-13031.log

2025-09-08 16:12:28,433 - INFO - detecting CVE-2017-13031 frag6_print
2025-09-08 16:12:28,434 - INFO - cmd: python main.py --detect --cve_id CVE-2017-13031 --target_bin /binaries/target/tcpdump/tcpdump-4.99.0-bp-o1-tcpdump --vul_func_name frag6_print --project tcpdump
2025-09-08 16:12:34,539 - INFO - success CVE-2017-13031,details in cve_test/CVE-2017-13031.log

2025-09-08 16:12:34,540 - INFO - detecting CVE-2017-13031 frag6_print
2025-09-08 16:12:34,540 - INFO - cmd: python main.py --detect --cve_id CVE-2017-13031 --target_bin /binaries/target/tcpdump/tcpdump-4.99-bp-o1-tcpdump --vul_func_name frag6_print --project tcpdump
2025-09-08 16:12:41,215 - INFO - success CVE-2017-13031,details in cve_test/CVE-2017-13031.log

2025-09-08 16:12:41,216 - INFO - detecting CVE-2017-13035 isis_print_id
2025-09-08 16:12:41,217 - INFO - cmd: python main.py --detect --cve_id CVE-2017-13035 --target_bin /binaries/target/tcpdump/tcpdump-4.9.1-o1-tcpdump --vul_func_name isis_print_id --project tcpdump
2025-09-08 16:12:53,519 - INFO - success CVE-2017-13035,details in cve_test/CVE-2017-13035.log

2025-09-08 16:12:53,520 - INFO - detecting CVE-2017-13035 isis_print_id
2025-09-08 16:12:53,521 - INFO - cmd: python main.py --detect --cve_id CVE-2017-13035 --target_bin /binaries/target/tcpdump/tcpdump-4.9.0-o1-tcpdump --vul_func_name isis_print_id --project tcpdump
2025-09-08 16:13:05,494 - INFO - success CVE-2017-13035,details in cve_test/CVE-2017-13035.log

2025-09-08 16:13:05,495 - INFO - detecting CVE-2017-13035 isis_print_id
2025-09-08 16:13:05,496 - INFO - cmd: python main.py --detect --cve_id CVE-2017-13035 --target_bin /binaries/target/tcpdump/tcpdump-4.8.1-o1-tcpdump --vul_func_name isis_print_id --project tcpdump
2025-09-08 16:13:17,917 - INFO - success CVE-2017-13035,details in cve_test/CVE-2017-13035.log

2025-09-08 16:13:17,918 - INFO - detecting CVE-2017-13035 isis_print_id
2025-09-08 16:13:17,919 - INFO - cmd: python main.py --detect --cve_id CVE-2017-13035 --target_bin /binaries/target/tcpdump/tcpdump-4.9.3-o1-tcpdump --vul_func_name isis_print_id --project tcpdump
2025-09-08 16:13:22,909 - INFO - success CVE-2017-13035,details in cve_test/CVE-2017-13035.log

2025-09-08 16:13:22,910 - INFO - detecting CVE-2017-13035 isis_print_id
2025-09-08 16:13:22,910 - INFO - cmd: python main.py --detect --cve_id CVE-2017-13035 --target_bin /binaries/target/tcpdump/tcpdump-4.99.0-bp-o1-tcpdump --vul_func_name isis_print_id --project tcpdump
2025-09-08 16:13:28,900 - INFO - success CVE-2017-13035,details in cve_test/CVE-2017-13035.log

2025-09-08 16:13:28,901 - INFO - detecting CVE-2017-13035 isis_print_id
2025-09-08 16:13:28,901 - INFO - cmd: python main.py --detect --cve_id CVE-2017-13035 --target_bin /binaries/target/tcpdump/tcpdump-4.99-bp-o1-tcpdump --vul_func_name isis_print_id --project tcpdump
2025-09-08 16:13:34,461 - INFO - success CVE-2017-13035,details in cve_test/CVE-2017-13035.log

2025-09-08 16:13:34,462 - INFO - detecting CVE-2017-13039 ikev1_attrmap_print
2025-09-08 16:13:34,462 - INFO - cmd: python main.py --detect --cve_id CVE-2017-13039 --target_bin /binaries/target/tcpdump/tcpdump-4.9.1-o1-tcpdump --vul_func_name ikev1_attrmap_print --project tcpdump
2025-09-08 16:13:41,580 - INFO - success CVE-2017-13039,details in cve_test/CVE-2017-13039.log

2025-09-08 16:13:41,581 - INFO - detecting CVE-2017-13039 ikev1_attrmap_print
2025-09-08 16:13:41,581 - INFO - cmd: python main.py --detect --cve_id CVE-2017-13039 --target_bin /binaries/target/tcpdump/tcpdump-4.9.0-o1-tcpdump --vul_func_name ikev1_attrmap_print --project tcpdump
2025-09-08 16:13:49,095 - INFO - success CVE-2017-13039,details in cve_test/CVE-2017-13039.log

2025-09-08 16:13:49,096 - INFO - detecting CVE-2017-13039 ikev1_attrmap_print
2025-09-08 16:13:49,096 - INFO - cmd: python main.py --detect --cve_id CVE-2017-13039 --target_bin /binaries/target/tcpdump/tcpdump-4.8.1-o1-tcpdump --vul_func_name ikev1_attrmap_print --project tcpdump
2025-09-08 16:13:57,277 - INFO - success CVE-2017-13039,details in cve_test/CVE-2017-13039.log

2025-09-08 16:13:57,278 - INFO - detecting CVE-2017-13039 ikev1_attrmap_print
2025-09-08 16:13:57,279 - INFO - cmd: python main.py --detect --cve_id CVE-2017-13039 --target_bin /binaries/target/tcpdump/tcpdump-4.9.3-o1-tcpdump --vul_func_name ikev1_attrmap_print --project tcpdump
2025-09-08 16:14:03,896 - INFO - success CVE-2017-13039,details in cve_test/CVE-2017-13039.log

2025-09-08 16:14:03,897 - INFO - detecting CVE-2017-13039 ikev1_attrmap_print
2025-09-08 16:14:03,897 - INFO - cmd: python main.py --detect --cve_id CVE-2017-13039 --target_bin /binaries/target/tcpdump/tcpdump-4.99.0-bp-o1-tcpdump --vul_func_name ikev1_attrmap_print --project tcpdump
2025-09-08 16:14:11,641 - INFO - success CVE-2017-13039,details in cve_test/CVE-2017-13039.log

2025-09-08 16:14:11,642 - INFO - detecting CVE-2017-13039 ikev1_attrmap_print
2025-09-08 16:14:11,642 - INFO - cmd: python main.py --detect --cve_id CVE-2017-13039 --target_bin /binaries/target/tcpdump/tcpdump-4.99-bp-o1-tcpdump --vul_func_name ikev1_attrmap_print --project tcpdump
2025-09-08 16:14:18,713 - INFO - success CVE-2017-13039,details in cve_test/CVE-2017-13039.log

2025-09-08 16:14:18,714 - INFO - detecting CVE-2017-13050 rpki_rtr_pdu_print
2025-09-08 16:14:18,714 - INFO - cmd: python main.py --detect --cve_id CVE-2017-13050 --target_bin /binaries/target/tcpdump/tcpdump-4.9.1-o1-tcpdump --vul_func_name rpki_rtr_pdu_print --project tcpdump
2025-09-08 16:14:27,358 - INFO - success CVE-2017-13050,details in cve_test/CVE-2017-13050.log

2025-09-08 16:14:27,359 - INFO - detecting CVE-2017-13050 rpki_rtr_pdu_print
2025-09-08 16:14:27,359 - INFO - cmd: python main.py --detect --cve_id CVE-2017-13050 --target_bin /binaries/target/tcpdump/tcpdump-4.9.0-o1-tcpdump --vul_func_name rpki_rtr_pdu_print --project tcpdump
2025-09-08 16:14:37,099 - INFO - success CVE-2017-13050,details in cve_test/CVE-2017-13050.log

2025-09-08 16:14:37,099 - INFO - detecting CVE-2017-13050 rpki_rtr_pdu_print
2025-09-08 16:14:37,099 - INFO - cmd: python main.py --detect --cve_id CVE-2017-13050 --target_bin /binaries/target/tcpdump/tcpdump-4.8.1-o1-tcpdump --vul_func_name rpki_rtr_pdu_print --project tcpdump
2025-09-08 16:14:45,954 - INFO - success CVE-2017-13050,details in cve_test/CVE-2017-13050.log

2025-09-08 16:14:45,955 - INFO - detecting CVE-2017-13050 rpki_rtr_pdu_print
2025-09-08 16:14:45,955 - INFO - cmd: python main.py --detect --cve_id CVE-2017-13050 --target_bin /binaries/target/tcpdump/tcpdump-4.9.3-o1-tcpdump --vul_func_name rpki_rtr_pdu_print --project tcpdump
2025-09-08 16:14:53,638 - INFO - success CVE-2017-13050,details in cve_test/CVE-2017-13050.log

2025-09-08 16:14:53,639 - INFO - detecting CVE-2017-13050 rpki_rtr_pdu_print
2025-09-08 16:14:53,639 - INFO - cmd: python main.py --detect --cve_id CVE-2017-13050 --target_bin /binaries/target/tcpdump/tcpdump-4.99.0-bp-o1-tcpdump --vul_func_name rpki_rtr_pdu_print --project tcpdump
2025-09-08 16:15:00,113 - INFO - success CVE-2017-13050,details in cve_test/CVE-2017-13050.log

2025-09-08 16:15:00,114 - INFO - detecting CVE-2017-13050 rpki_rtr_pdu_print
2025-09-08 16:15:00,115 - INFO - cmd: python main.py --detect --cve_id CVE-2017-13050 --target_bin /binaries/target/tcpdump/tcpdump-4.99-bp-o1-tcpdump --vul_func_name rpki_rtr_pdu_print --project tcpdump
2025-09-08 16:15:06,811 - INFO - success CVE-2017-13050,details in cve_test/CVE-2017-13050.log

2025-09-08 16:15:06,811 - INFO - detecting CVE-2017-13052 cfm_network_addr_print
2025-09-08 16:15:06,812 - INFO - cmd: python main.py --detect --cve_id CVE-2017-13052 --target_bin /binaries/target/tcpdump/tcpdump-4.9.1-o1-tcpdump --vul_func_name cfm_network_addr_print --project tcpdump
2025-09-08 16:15:11,433 - ERROR - fail CVE-2017-13052 ,details1

2025-09-08 16:15:11,433 - INFO - detecting CVE-2017-13052 cfm_network_addr_print
2025-09-08 16:15:11,434 - INFO - cmd: python main.py --detect --cve_id CVE-2017-13052 --target_bin /binaries/target/tcpdump/tcpdump-4.9.0-o1-tcpdump --vul_func_name cfm_network_addr_print --project tcpdump
2025-09-08 16:15:15,684 - ERROR - fail CVE-2017-13052 ,details1

2025-09-08 16:15:15,685 - INFO - detecting CVE-2017-13052 cfm_network_addr_print
2025-09-08 16:15:15,686 - INFO - cmd: python main.py --detect --cve_id CVE-2017-13052 --target_bin /binaries/target/tcpdump/tcpdump-4.8.1-o1-tcpdump --vul_func_name cfm_network_addr_print --project tcpdump
2025-09-08 16:15:20,237 - ERROR - fail CVE-2017-13052 ,details1

2025-09-08 16:15:20,238 - INFO - detecting CVE-2017-13052 cfm_network_addr_print
2025-09-08 16:15:20,238 - INFO - cmd: python main.py --detect --cve_id CVE-2017-13052 --target_bin /binaries/target/tcpdump/tcpdump-4.9.3-o1-tcpdump --vul_func_name cfm_network_addr_print --project tcpdump
2025-09-08 16:15:25,007 - ERROR - fail CVE-2017-13052 ,details1

2025-09-08 16:15:25,007 - INFO - detecting CVE-2017-13052 cfm_network_addr_print
2025-09-08 16:15:25,008 - INFO - cmd: python main.py --detect --cve_id CVE-2017-13052 --target_bin /binaries/target/tcpdump/tcpdump-4.99.0-bp-o1-tcpdump --vul_func_name cfm_network_addr_print --project tcpdump
2025-09-08 16:15:30,207 - ERROR - fail CVE-2017-13052 ,details1

2025-09-08 16:15:30,208 - INFO - detecting CVE-2017-13052 cfm_network_addr_print
2025-09-08 16:15:30,209 - INFO - cmd: python main.py --detect --cve_id CVE-2017-13052 --target_bin /binaries/target/tcpdump/tcpdump-4.99-bp-o1-tcpdump --vul_func_name cfm_network_addr_print --project tcpdump
2025-09-08 16:15:35,186 - ERROR - fail CVE-2017-13052 ,details1

2025-09-08 16:15:35,187 - INFO - detecting CVE-2017-13053 decode_rt_routing_info
2025-09-08 16:15:35,187 - INFO - cmd: python main.py --detect --cve_id CVE-2017-13053 --target_bin /binaries/target/tcpdump/tcpdump-4.9.1-o1-tcpdump --vul_func_name decode_rt_routing_info --project tcpdump
2025-09-08 16:15:39,788 - ERROR - fail CVE-2017-13053 ,details1

2025-09-08 16:15:39,789 - INFO - detecting CVE-2017-13053 decode_rt_routing_info
2025-09-08 16:15:39,790 - INFO - cmd: python main.py --detect --cve_id CVE-2017-13053 --target_bin /binaries/target/tcpdump/tcpdump-4.9.0-o1-tcpdump --vul_func_name decode_rt_routing_info --project tcpdump
2025-09-08 16:15:44,590 - ERROR - fail CVE-2017-13053 ,details1

2025-09-08 16:15:44,591 - INFO - detecting CVE-2017-13053 decode_rt_routing_info
2025-09-08 16:15:44,591 - INFO - cmd: python main.py --detect --cve_id CVE-2017-13053 --target_bin /binaries/target/tcpdump/tcpdump-4.8.1-o1-tcpdump --vul_func_name decode_rt_routing_info --project tcpdump
2025-09-08 16:15:49,402 - ERROR - fail CVE-2017-13053 ,details1

2025-09-08 16:15:49,403 - INFO - detecting CVE-2017-13053 decode_rt_routing_info
2025-09-08 16:15:49,403 - INFO - cmd: python main.py --detect --cve_id CVE-2017-13053 --target_bin /binaries/target/tcpdump/tcpdump-4.9.3-o1-tcpdump --vul_func_name decode_rt_routing_info --project tcpdump
2025-09-08 16:15:54,279 - ERROR - fail CVE-2017-13053 ,details1

2025-09-08 16:15:54,280 - INFO - detecting CVE-2017-13053 decode_rt_routing_info
2025-09-08 16:15:54,281 - INFO - cmd: python main.py --detect --cve_id CVE-2017-13053 --target_bin /binaries/target/tcpdump/tcpdump-4.99.0-bp-o1-tcpdump --vul_func_name decode_rt_routing_info --project tcpdump
2025-09-08 16:15:59,242 - ERROR - fail CVE-2017-13053 ,details1

2025-09-08 16:15:59,243 - INFO - detecting CVE-2017-13053 decode_rt_routing_info
2025-09-08 16:15:59,244 - INFO - cmd: python main.py --detect --cve_id CVE-2017-13053 --target_bin /binaries/target/tcpdump/tcpdump-4.99-bp-o1-tcpdump --vul_func_name decode_rt_routing_info --project tcpdump
2025-09-08 16:16:04,117 - ERROR - fail CVE-2017-13053 ,details1

2025-09-08 16:16:04,118 - INFO - detecting CVE-2017-13687 chdlc_print
2025-09-08 16:16:04,118 - INFO - cmd: python main.py --detect --cve_id CVE-2017-13687 --target_bin /binaries/target/tcpdump/tcpdump-4.9.1-o1-tcpdump --vul_func_name chdlc_print --project tcpdump
2025-09-08 16:16:13,636 - INFO - success CVE-2017-13687,details in cve_test/CVE-2017-13687.log

2025-09-08 16:16:13,637 - INFO - detecting CVE-2017-13687 chdlc_print
2025-09-08 16:16:13,637 - INFO - cmd: python main.py --detect --cve_id CVE-2017-13687 --target_bin /binaries/target/tcpdump/tcpdump-4.9.0-o1-tcpdump --vul_func_name chdlc_print --project tcpdump
2025-09-08 16:16:22,266 - INFO - success CVE-2017-13687,details in cve_test/CVE-2017-13687.log

2025-09-08 16:16:22,267 - INFO - detecting CVE-2017-13687 chdlc_print
2025-09-08 16:16:22,268 - INFO - cmd: python main.py --detect --cve_id CVE-2017-13687 --target_bin /binaries/target/tcpdump/tcpdump-4.8.1-o1-tcpdump --vul_func_name chdlc_print --project tcpdump
2025-09-08 16:16:31,126 - INFO - success CVE-2017-13687,details in cve_test/CVE-2017-13687.log

2025-09-08 16:16:31,127 - INFO - detecting CVE-2017-13687 chdlc_print
2025-09-08 16:16:31,128 - INFO - cmd: python main.py --detect --cve_id CVE-2017-13687 --target_bin /binaries/target/tcpdump/tcpdump-4.9.3-o1-tcpdump --vul_func_name chdlc_print --project tcpdump
2025-09-08 16:16:36,912 - INFO - success CVE-2017-13687,details in cve_test/CVE-2017-13687.log

2025-09-08 16:16:36,913 - INFO - detecting CVE-2017-13687 chdlc_print
2025-09-08 16:16:36,913 - INFO - cmd: python main.py --detect --cve_id CVE-2017-13687 --target_bin /binaries/target/tcpdump/tcpdump-4.99.0-bp-o1-tcpdump --vul_func_name chdlc_print --project tcpdump
2025-09-08 16:16:42,743 - INFO - success CVE-2017-13687,details in cve_test/CVE-2017-13687.log

2025-09-08 16:16:42,744 - INFO - detecting CVE-2017-13687 chdlc_print
2025-09-08 16:16:42,744 - INFO - cmd: python main.py --detect --cve_id CVE-2017-13687 --target_bin /binaries/target/tcpdump/tcpdump-4.99-bp-o1-tcpdump --vul_func_name chdlc_print --project tcpdump
2025-09-08 16:16:49,260 - INFO - success CVE-2017-13687,details in cve_test/CVE-2017-13687.log

2025-09-08 16:16:49,260 - INFO - detecting CVE-2017-13690 ikev2_ID_print
2025-09-08 16:16:49,261 - INFO - cmd: python main.py --detect --cve_id CVE-2017-13690 --target_bin /binaries/target/tcpdump/tcpdump-4.9.1-o1-tcpdump --vul_func_name ikev2_ID_print --project tcpdump
2025-09-08 16:16:58,054 - INFO - success CVE-2017-13690,details in cve_test/CVE-2017-13690.log

2025-09-08 16:16:58,055 - INFO - detecting CVE-2017-13690 ikev2_ID_print
2025-09-08 16:16:58,055 - INFO - cmd: python main.py --detect --cve_id CVE-2017-13690 --target_bin /binaries/target/tcpdump/tcpdump-4.9.0-o1-tcpdump --vul_func_name ikev2_ID_print --project tcpdump
2025-09-08 16:17:06,354 - INFO - success CVE-2017-13690,details in cve_test/CVE-2017-13690.log

2025-09-08 16:17:06,355 - INFO - detecting CVE-2017-13690 ikev2_ID_print
2025-09-08 16:17:06,356 - INFO - cmd: python main.py --detect --cve_id CVE-2017-13690 --target_bin /binaries/target/tcpdump/tcpdump-4.8.1-o1-tcpdump --vul_func_name ikev2_ID_print --project tcpdump
2025-09-08 16:17:14,666 - INFO - success CVE-2017-13690,details in cve_test/CVE-2017-13690.log

2025-09-08 16:17:14,666 - INFO - detecting CVE-2017-13690 ikev2_ID_print
2025-09-08 16:17:14,667 - INFO - cmd: python main.py --detect --cve_id CVE-2017-13690 --target_bin /binaries/target/tcpdump/tcpdump-4.9.3-o1-tcpdump --vul_func_name ikev2_ID_print --project tcpdump
2025-09-08 16:17:22,498 - INFO - success CVE-2017-13690,details in cve_test/CVE-2017-13690.log

2025-09-08 16:17:22,500 - INFO - detecting CVE-2017-13690 ikev2_ID_print
2025-09-08 16:17:22,500 - INFO - cmd: python main.py --detect --cve_id CVE-2017-13690 --target_bin /binaries/target/tcpdump/tcpdump-4.99.0-bp-o1-tcpdump --vul_func_name ikev2_ID_print --project tcpdump
2025-09-08 16:17:31,968 - INFO - success CVE-2017-13690,details in cve_test/CVE-2017-13690.log

2025-09-08 16:17:31,969 - INFO - detecting CVE-2017-13690 ikev2_ID_print
2025-09-08 16:17:31,969 - INFO - cmd: python main.py --detect --cve_id CVE-2017-13690 --target_bin /binaries/target/tcpdump/tcpdump-4.99-bp-o1-tcpdump --vul_func_name ikev2_ID_print --project tcpdump
2025-09-08 16:17:39,654 - INFO - success CVE-2017-13690,details in cve_test/CVE-2017-13690.log

2025-09-08 16:17:39,654 - INFO - detecting CVE-2017-13725 rt6_print
2025-09-08 16:17:39,654 - INFO - cmd: python main.py --detect --cve_id CVE-2017-13725 --target_bin /binaries/target/tcpdump/tcpdump-4.9.1-o1-tcpdump --vul_func_name rt6_print --project tcpdump
2025-09-08 16:17:46,591 - INFO - success CVE-2017-13725,details in cve_test/CVE-2017-13725.log

2025-09-08 16:17:46,592 - INFO - detecting CVE-2017-13725 rt6_print
2025-09-08 16:17:46,592 - INFO - cmd: python main.py --detect --cve_id CVE-2017-13725 --target_bin /binaries/target/tcpdump/tcpdump-4.9.0-o1-tcpdump --vul_func_name rt6_print --project tcpdump
2025-09-08 16:17:53,945 - INFO - success CVE-2017-13725,details in cve_test/CVE-2017-13725.log

2025-09-08 16:17:53,946 - INFO - detecting CVE-2017-13725 rt6_print
2025-09-08 16:17:53,947 - INFO - cmd: python main.py --detect --cve_id CVE-2017-13725 --target_bin /binaries/target/tcpdump/tcpdump-4.8.1-o1-tcpdump --vul_func_name rt6_print --project tcpdump
2025-09-08 16:18:02,795 - INFO - success CVE-2017-13725,details in cve_test/CVE-2017-13725.log

2025-09-08 16:18:02,797 - INFO - detecting CVE-2017-13725 rt6_print
2025-09-08 16:18:02,797 - INFO - cmd: python main.py --detect --cve_id CVE-2017-13725 --target_bin /binaries/target/tcpdump/tcpdump-4.9.3-o1-tcpdump --vul_func_name rt6_print --project tcpdump
2025-09-08 16:18:09,459 - INFO - success CVE-2017-13725,details in cve_test/CVE-2017-13725.log

2025-09-08 16:18:09,460 - INFO - detecting CVE-2017-13725 rt6_print
2025-09-08 16:18:09,461 - INFO - cmd: python main.py --detect --cve_id CVE-2017-13725 --target_bin /binaries/target/tcpdump/tcpdump-4.99.0-bp-o1-tcpdump --vul_func_name rt6_print --project tcpdump
2025-09-08 16:18:14,664 - INFO - success CVE-2017-13725,details in cve_test/CVE-2017-13725.log

2025-09-08 16:18:14,665 - INFO - detecting CVE-2017-13725 rt6_print
2025-09-08 16:18:14,666 - INFO - cmd: python main.py --detect --cve_id CVE-2017-13725 --target_bin /binaries/target/tcpdump/tcpdump-4.99-bp-o1-tcpdump --vul_func_name rt6_print --project tcpdump
2025-09-08 16:18:20,689 - INFO - success CVE-2017-13725,details in cve_test/CVE-2017-13725.log

2025-09-08 16:18:20,690 - INFO - detecting CVE-2018-16228 print_prefix
2025-09-08 16:18:20,691 - INFO - cmd: python main.py --detect --cve_id CVE-2018-16228 --target_bin /binaries/target/tcpdump/tcpdump-4.9.2-o1-tcpdump --vul_func_name print_prefix --project tcpdump
2025-09-08 16:18:28,273 - INFO - success CVE-2018-16228,details in cve_test/CVE-2018-16228.log

2025-09-08 16:18:28,274 - INFO - detecting CVE-2018-16228 print_prefix
2025-09-08 16:18:28,274 - INFO - cmd: python main.py --detect --cve_id CVE-2018-16228 --target_bin /binaries/target/tcpdump/tcpdump-4.9.1-o1-tcpdump --vul_func_name print_prefix --project tcpdump
2025-09-08 16:18:35,425 - INFO - success CVE-2018-16228,details in cve_test/CVE-2018-16228.log

2025-09-08 16:18:35,426 - INFO - detecting CVE-2018-16228 print_prefix
2025-09-08 16:18:35,426 - INFO - cmd: python main.py --detect --cve_id CVE-2018-16228 --target_bin /binaries/target/tcpdump/tcpdump-4.9.0-o1-tcpdump --vul_func_name print_prefix --project tcpdump
2025-09-08 16:18:42,885 - INFO - success CVE-2018-16228,details in cve_test/CVE-2018-16228.log

2025-09-08 16:18:42,886 - INFO - detecting CVE-2018-16228 print_prefix
2025-09-08 16:18:42,887 - INFO - cmd: python main.py --detect --cve_id CVE-2018-16228 --target_bin /binaries/target/tcpdump/tcpdump-4.9.3-o1-tcpdump --vul_func_name print_prefix --project tcpdump
2025-09-08 16:18:49,359 - INFO - success CVE-2018-16228,details in cve_test/CVE-2018-16228.log

2025-09-08 16:18:49,360 - INFO - detecting CVE-2018-16228 print_prefix
2025-09-08 16:18:49,360 - INFO - cmd: python main.py --detect --cve_id CVE-2018-16228 --target_bin /binaries/target/tcpdump/tcpdump-4.99.0-bp-o1-tcpdump --vul_func_name print_prefix --project tcpdump
2025-09-08 16:18:57,255 - INFO - success CVE-2018-16228,details in cve_test/CVE-2018-16228.log

2025-09-08 16:18:57,256 - INFO - detecting CVE-2018-16228 print_prefix
2025-09-08 16:18:57,257 - INFO - cmd: python main.py --detect --cve_id CVE-2018-16228 --target_bin /binaries/target/tcpdump/tcpdump-4.99-bp-o1-tcpdump --vul_func_name print_prefix --project tcpdump
2025-09-08 16:19:04,578 - INFO - success CVE-2018-16228,details in cve_test/CVE-2018-16228.log

2025-09-08 16:19:04,579 - INFO - detecting CVE-2018-16300 bgp_attr_print
2025-09-08 16:19:04,580 - INFO - cmd: python main.py --detect --cve_id CVE-2018-16300 --target_bin /binaries/target/tcpdump/tcpdump-4.9.2-o1-tcpdump --vul_func_name bgp_attr_print --project tcpdump
2025-09-08 16:19:12,921 - INFO - success CVE-2018-16300,details in cve_test/CVE-2018-16300.log

2025-09-08 16:19:12,922 - INFO - detecting CVE-2018-16300 bgp_attr_print
2025-09-08 16:19:12,923 - INFO - cmd: python main.py --detect --cve_id CVE-2018-16300 --target_bin /binaries/target/tcpdump/tcpdump-4.9.1-o1-tcpdump --vul_func_name bgp_attr_print --project tcpdump
2025-09-08 16:19:21,044 - INFO - success CVE-2018-16300,details in cve_test/CVE-2018-16300.log

2025-09-08 16:19:21,046 - INFO - detecting CVE-2018-16300 bgp_attr_print
2025-09-08 16:19:21,046 - INFO - cmd: python main.py --detect --cve_id CVE-2018-16300 --target_bin /binaries/target/tcpdump/tcpdump-4.9.0-o1-tcpdump --vul_func_name bgp_attr_print --project tcpdump
2025-09-08 16:19:29,886 - INFO - success CVE-2018-16300,details in cve_test/CVE-2018-16300.log

2025-09-08 16:19:29,887 - INFO - detecting CVE-2018-16300 bgp_attr_print
2025-09-08 16:19:29,888 - INFO - cmd: python main.py --detect --cve_id CVE-2018-16300 --target_bin /binaries/target/tcpdump/tcpdump-4.9.3-o1-tcpdump --vul_func_name bgp_attr_print --project tcpdump
2025-09-08 16:19:38,208 - INFO - success CVE-2018-16300,details in cve_test/CVE-2018-16300.log

2025-09-08 16:19:38,210 - INFO - detecting CVE-2018-16300 bgp_attr_print
2025-09-08 16:19:38,210 - INFO - cmd: python main.py --detect --cve_id CVE-2018-16300 --target_bin /binaries/target/tcpdump/tcpdump-4.99.0-bp-o1-tcpdump --vul_func_name bgp_attr_print --project tcpdump
2025-09-08 16:19:46,693 - INFO - success CVE-2018-16300,details in cve_test/CVE-2018-16300.log

2025-09-08 16:19:46,694 - INFO - detecting CVE-2018-16300 bgp_attr_print
2025-09-08 16:19:46,695 - INFO - cmd: python main.py --detect --cve_id CVE-2018-16300 --target_bin /binaries/target/tcpdump/tcpdump-4.99-bp-o1-tcpdump --vul_func_name bgp_attr_print --project tcpdump
2025-09-08 16:19:55,821 - INFO - success CVE-2018-16300,details in cve_test/CVE-2018-16300.log