CVE-2009-0946 freetype-2.3.9-o2-freetype truth = vuln result = vuln
CVE-2009-0946 freetype-2.3.8-o2-freetype truth = vuln result = vuln
CVE-2009-0946 freetype-2.3.7-o2-freetype truth = vuln result = vuln
CVE-2009-0946 freetype-2.3.10-o2-freetype truth = patch result = vuln
CVE-2009-0946 freetype-2.3.11-o2-freetype truth = patch result = vuln
CVE-2009-0946 freetype-2.3.12-o2-freetype truth = patch result = vuln
CVE-2010-2497 freetype-2.3.12-o2-freetype truth = vuln result = vuln
CVE-2010-2497 freetype-2.3.11-o2-freetype truth = vuln result = vuln
CVE-2010-2497 freetype-2.3.10-o2-freetype truth = vuln result = vuln
TestJson(file='freetype-2.4.0-o2-freetype', cve='CVE-2010-2497', commit='', ground_truth='patch', project='freetype') is not valid
TestJson(file='freetype-2.4.1-o2-freetype', cve='CVE-2010-2497', commit='', ground_truth='patch', project='freetype') is not valid
TestJson(file='freetype-2.4.2-o2-freetype', cve='CVE-2010-2497', commit='', ground_truth='patch', project='freetype') is not valid
TestJson(file='freetype-2.3.12-o2-freetype', cve='CVE-2010-2498', commit='', ground_truth='vuln', project='freetype') is not valid
TestJson(file='freetype-2.3.11-o2-freetype', cve='CVE-2010-2498', commit='', ground_truth='vuln', project='freetype') is not valid
TestJson(file='freetype-2.3.10-o2-freetype', cve='CVE-2010-2498', commit='', ground_truth='vuln', project='freetype') is not valid
TestJson(file='freetype-2.4.0-o2-freetype', cve='CVE-2010-2498', commit='', ground_truth='patch', project='freetype') is not valid
TestJson(file='freetype-2.4.1-o2-freetype', cve='CVE-2010-2498', commit='', ground_truth='patch', project='freetype') is not valid
TestJson(file='freetype-2.4.2-o2-freetype', cve='CVE-2010-2498', commit='', ground_truth='patch', project='freetype') is not valid
TestJson(file='freetype-2.3.12-o2-freetype', cve='CVE-2010-2500', commit='', ground_truth='vuln', project='freetype') is not valid
TestJson(file='freetype-2.3.11-o2-freetype', cve='CVE-2010-2500', commit='', ground_truth='vuln', project='freetype') is not valid
TestJson(file='freetype-2.3.10-o2-freetype', cve='CVE-2010-2500', commit='', ground_truth='vuln', project='freetype') is not valid
TestJson(file='freetype-2.4.0-o2-freetype', cve='CVE-2010-2500', commit='', ground_truth='patch', project='freetype') is not valid
TestJson(file='freetype-2.4.1-o2-freetype', cve='CVE-2010-2500', commit='', ground_truth='patch', project='freetype') is not valid
TestJson(file='freetype-2.4.2-o2-freetype', cve='CVE-2010-2500', commit='', ground_truth='patch', project='freetype') is not valid
TestJson(file='freetype-2.3.12-o2-freetype', cve='CVE-2010-2499', commit='', ground_truth='vuln', project='freetype') is not valid
TestJson(file='freetype-2.3.11-o2-freetype', cve='CVE-2010-2499', commit='', ground_truth='vuln', project='freetype') is not valid
TestJson(file='freetype-2.3.10-o2-freetype', cve='CVE-2010-2499', commit='', ground_truth='vuln', project='freetype') is not valid
TestJson(file='freetype-2.4.0-o2-freetype', cve='CVE-2010-2499', commit='', ground_truth='patch', project='freetype') is not valid
TestJson(file='freetype-2.4.1-o2-freetype', cve='CVE-2010-2499', commit='', ground_truth='patch', project='freetype') is not valid
TestJson(file='freetype-2.4.2-o2-freetype', cve='CVE-2010-2499', commit='', ground_truth='patch', project='freetype') is not valid
CVE-2010-2519 has no sigs, skip
CVE-2010-2519 has no sigs, skip
CVE-2010-2519 has no sigs, skip
CVE-2010-2519 has no sigs, skip
CVE-2010-2519 has no sigs, skip
CVE-2010-2519 has no sigs, skip
TestJson(file='freetype-2.3.12-o2-freetype', cve='CVE-2010-2520', commit='', ground_truth='vuln', project='freetype') is not valid
TestJson(file='freetype-2.3.11-o2-freetype', cve='CVE-2010-2520', commit='', ground_truth='vuln', project='freetype') is not valid
TestJson(file='freetype-2.3.10-o2-freetype', cve='CVE-2010-2520', commit='', ground_truth='vuln', project='freetype') is not valid
TestJson(file='freetype-2.4.0-o2-freetype', cve='CVE-2010-2520', commit='', ground_truth='patch', project='freetype') is not valid
TestJson(file='freetype-2.4.1-o2-freetype', cve='CVE-2010-2520', commit='', ground_truth='patch', project='freetype') is not valid
TestJson(file='freetype-2.4.2-o2-freetype', cve='CVE-2010-2520', commit='', ground_truth='patch', project='freetype') is not valid
TestJson(file='freetype-2.4.1-o2-freetype', cve='CVE-2010-2805', commit='', ground_truth='vuln', project='freetype') is not valid
TestJson(file='freetype-2.4.0-o2-freetype', cve='CVE-2010-2805', commit='', ground_truth='vuln', project='freetype') is not valid
TestJson(file='freetype-2.3.12-o2-freetype', cve='CVE-2010-2805', commit='', ground_truth='vuln', project='freetype') is not valid
CVE-2010-2805 freetype-2.4.2-o2-freetype truth = patch result = patch
CVE-2010-2805 freetype-2.4.3-o2-freetype truth = patch result = patch
CVE-2010-2805 freetype-2.4.4-o2-freetype truth = patch result = patch
CVE-2010-2806 freetype-2.4.1-o2-freetype truth = vuln result = patch
CVE-2010-2806 freetype-2.4.0-o2-freetype truth = vuln result = patch
CVE-2010-2806 freetype-2.3.12-o2-freetype truth = vuln result = patch
CVE-2010-2806 freetype-2.4.2-o2-freetype truth = patch result = patch
CVE-2010-2806 freetype-2.4.3-o2-freetype truth = patch result = patch
CVE-2010-2806 freetype-2.4.4-o2-freetype truth = patch result = patch
TestJson(file='freetype-2.4.1-o2-freetype', cve='CVE-2010-2808', commit='', ground_truth='vuln', project='freetype') is not valid
TestJson(file='freetype-2.4.0-o2-freetype', cve='CVE-2010-2808', commit='', ground_truth='vuln', project='freetype') is not valid
TestJson(file='freetype-2.3.12-o2-freetype', cve='CVE-2010-2808', commit='', ground_truth='vuln', project='freetype') is not valid
TestJson(file='freetype-2.4.3-o2-freetype', cve='CVE-2010-2808', commit='', ground_truth='patch', project='freetype') is not valid
TestJson(file='freetype-2.4.4-o2-freetype', cve='CVE-2010-2808', commit='', ground_truth='patch', project='freetype') is not valid
TestJson(file='freetype-2.4.5-o2-freetype', cve='CVE-2010-2808', commit='', ground_truth='patch', project='freetype') is not valid
TestJson(file='freetype-2.4.3-o2-freetype', cve='CVE-2010-3814', commit='', ground_truth='vuln', project='freetype') is not valid
TestJson(file='freetype-2.4.2-o2-freetype', cve='CVE-2010-3814', commit='', ground_truth='vuln', project='freetype') is not valid
TestJson(file='freetype-2.4.1-o2-freetype', cve='CVE-2010-3814', commit='', ground_truth='vuln', project='freetype') is not valid
TestJson(file='freetype-2.4.4-o2-freetype', cve='CVE-2010-3814', commit='', ground_truth='patch', project='freetype') is not valid
TestJson(file='freetype-2.4.5-o2-freetype', cve='CVE-2010-3814', commit='', ground_truth='patch', project='freetype') is not valid
TestJson(file='freetype-2.4.6-o2-freetype', cve='CVE-2010-3814', commit='', ground_truth='patch', project='freetype') is not valid
TestJson(file='freetype-2.4.3-o2-freetype', cve='CVE-2010-3855', commit='', ground_truth='vuln', project='freetype') is not valid
TestJson(file='freetype-2.4.2-o2-freetype', cve='CVE-2010-3855', commit='', ground_truth='vuln', project='freetype') is not valid
TestJson(file='freetype-2.4.1-o2-freetype', cve='CVE-2010-3855', commit='', ground_truth='vuln', project='freetype') is not valid
TestJson(file='freetype-2.4.4-o2-freetype', cve='CVE-2010-3855', commit='', ground_truth='patch', project='freetype') is not valid
TestJson(file='freetype-2.4.5-o2-freetype', cve='CVE-2010-3855', commit='', ground_truth='patch', project='freetype') is not valid
TestJson(file='freetype-2.4.6-o2-freetype', cve='CVE-2010-3855', commit='', ground_truth='patch', project='freetype') is not valid
CVE-2012-5668 freetype-2.4.10-o2-freetype truth = vuln result = patch
CVE-2012-5668 freetype-2.4.9-o2-freetype truth = vuln result = patch
CVE-2012-5668 freetype-2.4.8-o2-freetype truth = vuln result = patch
CVE-2012-5668 freetype-2.4.11-o2-freetype truth = patch result = patch
CVE-2012-5668 freetype-2.4.12-o2-freetype truth = patch result = patch
CVE-2012-5668 freetype-2.5.0-1-o2-freetype truth = patch result = patch
TestJson(file='freetype-2.4.10-o2-freetype', cve='CVE-2012-5669', commit='', ground_truth='vuln', project='freetype') is not valid
TestJson(file='freetype-2.4.9-o2-freetype', cve='CVE-2012-5669', commit='', ground_truth='vuln', project='freetype') is not valid
TestJson(file='freetype-2.4.8-o2-freetype', cve='CVE-2012-5669', commit='', ground_truth='vuln', project='freetype') is not valid
TestJson(file='freetype-2.4.11-o2-freetype', cve='CVE-2012-5669', commit='', ground_truth='patch', project='freetype') is not valid
TestJson(file='freetype-2.4.12-o2-freetype', cve='CVE-2012-5669', commit='', ground_truth='patch', project='freetype') is not valid
TestJson(file='freetype-2.5.0-1-o2-freetype', cve='CVE-2012-5669', commit='', ground_truth='patch', project='freetype') is not valid
CVE-2012-5670 has no sigs, skip
CVE-2012-5670 has no sigs, skip
CVE-2012-5670 has no sigs, skip
CVE-2012-5670 has no sigs, skip
CVE-2012-5670 has no sigs, skip
CVE-2012-5670 has no sigs, skip
TestJson(file='freetype-2.5.3-o2-freetype', cve='CVE-2014-9746', commit='', ground_truth='vuln', project='freetype') is not valid
TestJson(file='freetype-2.5.2-o2-freetype', cve='CVE-2014-9746', commit='', ground_truth='vuln', project='freetype') is not valid
TestJson(file='freetype-2.5.1-o2-freetype', cve='CVE-2014-9746', commit='', ground_truth='vuln', project='freetype') is not valid
TestJson(file='freetype-2.5.4-o2-freetype', cve='CVE-2014-9746', commit='', ground_truth='patch', project='freetype') is not valid
TestJson(file='freetype-2.5.5-o2-freetype', cve='CVE-2014-9746', commit='', ground_truth='patch', project='freetype') is not valid
TestJson(file='freetype-2.6-o2-freetype', cve='CVE-2014-9746', commit='', ground_truth='patch', project='freetype') is not valid
CVE-2014-9745 freetype-2.5.2-o2-freetype truth = vuln result = patch
CVE-2014-9745 freetype-2.5.1-o2-freetype truth = vuln result = patch
CVE-2014-9745 freetype-2.5.0-o2-freetype truth = vuln result = patch
CVE-2014-9745 freetype-2.5.3-o2-freetype truth = patch result = patch
CVE-2014-9745 freetype-2.5.4-o2-freetype truth = patch result = patch
CVE-2014-9745 freetype-2.5.5-o2-freetype truth = patch result = patch
CVE-2014-2241 has no sigs, skip
CVE-2014-2241 has no sigs, skip
CVE-2014-2241 has no sigs, skip
CVE-2014-2241 has no sigs, skip
CVE-2014-2241 has no sigs, skip
CVE-2014-2241 has no sigs, skip
CVE-2014-9670 freetype-2.5.3-o2-freetype truth = vuln result = vuln
CVE-2014-9670 freetype-2.5.2-o2-freetype truth = vuln result = vuln
CVE-2014-9670 freetype-2.5.1-o2-freetype truth = vuln result = vuln
CVE-2014-9670 freetype-2.5.4-o2-freetype truth = patch result = vuln
CVE-2014-9670 freetype-2.5.5-o2-freetype truth = patch result = vuln
CVE-2014-9670 freetype-2.6-o2-freetype truth = patch result = vuln
TestJson(file='freetype-2.5.3-o2-freetype', cve='CVE-2014-9671', commit='', ground_truth='vuln', project='freetype') is not valid
TestJson(file='freetype-2.5.2-o2-freetype', cve='CVE-2014-9671', commit='', ground_truth='vuln', project='freetype') is not valid
TestJson(file='freetype-2.5.1-o2-freetype', cve='CVE-2014-9671', commit='', ground_truth='vuln', project='freetype') is not valid
TestJson(file='freetype-2.5.4-o2-freetype', cve='CVE-2014-9671', commit='', ground_truth='patch', project='freetype') is not valid
TestJson(file='freetype-2.5.5-o2-freetype', cve='CVE-2014-9671', commit='', ground_truth='patch', project='freetype') is not valid
TestJson(file='freetype-2.6-o2-freetype', cve='CVE-2014-9671', commit='', ground_truth='patch', project='freetype') is not valid
TestJson(file='freetype-2.5.3-o2-freetype', cve='CVE-2014-9666', commit='', ground_truth='vuln', project='freetype') is not valid
TestJson(file='freetype-2.5.2-o2-freetype', cve='CVE-2014-9666', commit='', ground_truth='vuln', project='freetype') is not valid
TestJson(file='freetype-2.5.1-o2-freetype', cve='CVE-2014-9666', commit='', ground_truth='vuln', project='freetype') is not valid
TestJson(file='freetype-2.5.4-o2-freetype', cve='CVE-2014-9666', commit='', ground_truth='patch', project='freetype') is not valid
TestJson(file='freetype-2.5.5-o2-freetype', cve='CVE-2014-9666', commit='', ground_truth='patch', project='freetype') is not valid
TestJson(file='freetype-2.6-o2-freetype', cve='CVE-2014-9666', commit='', ground_truth='patch', project='freetype') is not valid
TestJson(file='freetype-2.5.3-o2-freetype', cve='CVE-2014-9667', commit='', ground_truth='vuln', project='freetype') is not valid
TestJson(file='freetype-2.5.2-o2-freetype', cve='CVE-2014-9667', commit='', ground_truth='vuln', project='freetype') is not valid
TestJson(file='freetype-2.5.1-o2-freetype', cve='CVE-2014-9667', commit='', ground_truth='vuln', project='freetype') is not valid
TestJson(file='freetype-2.5.4-o2-freetype', cve='CVE-2014-9667', commit='', ground_truth='patch', project='freetype') is not valid
TestJson(file='freetype-2.5.5-o2-freetype', cve='CVE-2014-9667', commit='', ground_truth='patch', project='freetype') is not valid
TestJson(file='freetype-2.6-o2-freetype', cve='CVE-2014-9667', commit='', ground_truth='patch', project='freetype') is not valid
TestJson(file='freetype-2.5.3-o2-freetype', cve='CVE-2014-9668', commit='', ground_truth='vuln', project='freetype') is not valid
TestJson(file='freetype-2.5.2-o2-freetype', cve='CVE-2014-9668', commit='', ground_truth='vuln', project='freetype') is not valid
TestJson(file='freetype-2.5.1-o2-freetype', cve='CVE-2014-9668', commit='', ground_truth='vuln', project='freetype') is not valid
TestJson(file='freetype-2.5.4-o2-freetype', cve='CVE-2014-9668', commit='', ground_truth='patch', project='freetype') is not valid
TestJson(file='freetype-2.5.5-o2-freetype', cve='CVE-2014-9668', commit='', ground_truth='patch', project='freetype') is not valid
TestJson(file='freetype-2.6-o2-freetype', cve='CVE-2014-9668', commit='', ground_truth='patch', project='freetype') is not valid
CVE-2014-9669 has no sigs, skip
CVE-2014-9669 has no sigs, skip
CVE-2014-9669 has no sigs, skip
CVE-2014-9669 has no sigs, skip
CVE-2014-9669 has no sigs, skip
CVE-2014-9669 has no sigs, skip
CVE-2014-9664 freetype-2.5.3-o2-freetype truth = vuln result = vuln
CVE-2014-9664 freetype-2.5.2-o2-freetype truth = vuln result = vuln
CVE-2014-9664 freetype-2.5.1-o2-freetype truth = vuln result = vuln
CVE-2014-9664 freetype-2.5.4-o2-freetype truth = patch result = vuln
CVE-2014-9664 freetype-2.5.5-o2-freetype truth = patch result = vuln
CVE-2014-9664 freetype-2.6-o2-freetype truth = patch result = vuln
CVE-2014-9665 freetype-2.5.3-o2-freetype truth = vuln result = vuln
CVE-2014-9665 freetype-2.5.2-o2-freetype truth = vuln result = vuln
CVE-2014-9665 freetype-2.5.1-o2-freetype truth = vuln result = vuln
CVE-2014-9665 freetype-2.5.4-o2-freetype truth = patch result = vuln
CVE-2014-9665 freetype-2.5.5-o2-freetype truth = patch result = vuln
CVE-2014-9665 freetype-2.6-o2-freetype truth = patch result = vuln
CVE-2014-9660 freetype-2.5.3-o2-freetype truth = vuln result = vuln
CVE-2014-9660 freetype-2.5.2-o2-freetype truth = vuln result = vuln
CVE-2014-9660 freetype-2.5.1-o2-freetype truth = vuln result = vuln
CVE-2014-9660 freetype-2.5.4-o2-freetype truth = patch result = patch
CVE-2014-9660 freetype-2.5.5-o2-freetype truth = patch result = patch
CVE-2014-9660 freetype-2.6-o2-freetype truth = patch result = patch
TestJson(file='freetype-2.5.3-o2-freetype', cve='CVE-2014-9661', commit='', ground_truth='vuln', project='freetype') is not valid
TestJson(file='freetype-2.5.2-o2-freetype', cve='CVE-2014-9661', commit='', ground_truth='vuln', project='freetype') is not valid
TestJson(file='freetype-2.5.1-o2-freetype', cve='CVE-2014-9661', commit='', ground_truth='vuln', project='freetype') is not valid
TestJson(file='freetype-2.5.4-o2-freetype', cve='CVE-2014-9661', commit='', ground_truth='patch', project='freetype') is not valid
TestJson(file='freetype-2.5.5-o2-freetype', cve='CVE-2014-9661', commit='', ground_truth='patch', project='freetype') is not valid
TestJson(file='freetype-2.6-o2-freetype', cve='CVE-2014-9661', commit='', ground_truth='patch', project='freetype') is not valid
TestJson(file='freetype-2.5.3-o2-freetype', cve='CVE-2014-9662', commit='', ground_truth='vuln', project='freetype') is not valid
TestJson(file='freetype-2.5.2-o2-freetype', cve='CVE-2014-9662', commit='', ground_truth='vuln', project='freetype') is not valid
TestJson(file='freetype-2.5.1-o2-freetype', cve='CVE-2014-9662', commit='', ground_truth='vuln', project='freetype') is not valid
CVE-2014-9662 freetype-2.5.4-o2-freetype truth = patch result = patch
CVE-2014-9662 freetype-2.5.5-o2-freetype truth = patch result = patch
CVE-2014-9662 freetype-2.6-o2-freetype truth = patch result = patch
CVE-2014-9663 freetype-2.5.3-o2-freetype truth = vuln result = vuln
CVE-2014-9663 freetype-2.5.2-o2-freetype truth = vuln result = vuln
CVE-2014-9663 freetype-2.5.1-o2-freetype truth = vuln result = vuln
CVE-2014-9663 freetype-2.5.4-o2-freetype truth = patch result = patch
CVE-2014-9663 freetype-2.5.5-o2-freetype truth = patch result = vuln
CVE-2014-9663 freetype-2.6-o2-freetype truth = patch result = vuln
CVE-2014-9656 freetype-2.5.3-o2-freetype truth = vuln result = vuln
CVE-2014-9656 freetype-2.5.2-o2-freetype truth = vuln result = vuln
CVE-2014-9656 freetype-2.5.1-o2-freetype truth = vuln result = vuln
CVE-2014-9656 freetype-2.5.4-o2-freetype truth = patch result = vuln
CVE-2014-9656 freetype-2.5.5-o2-freetype truth = patch result = vuln
CVE-2014-9656 freetype-2.6-o2-freetype truth = patch result = vuln
CVE-2014-9657 freetype-2.5.3-o2-freetype truth = vuln result = vuln
CVE-2014-9657 freetype-2.5.2-o2-freetype truth = vuln result = vuln
CVE-2014-9657 freetype-2.5.1-o2-freetype truth = vuln result = vuln
CVE-2014-9657 freetype-2.5.4-o2-freetype truth = patch result = vuln
CVE-2014-9657 freetype-2.5.5-o2-freetype truth = patch result = vuln
CVE-2014-9657 freetype-2.6-o2-freetype truth = patch result = vuln
TestJson(file='freetype-2.5.3-o2-freetype', cve='CVE-2014-9658', commit='', ground_truth='vuln', project='freetype') is not valid
TestJson(file='freetype-2.5.2-o2-freetype', cve='CVE-2014-9658', commit='', ground_truth='vuln', project='freetype') is not valid
TestJson(file='freetype-2.5.1-o2-freetype', cve='CVE-2014-9658', commit='', ground_truth='vuln', project='freetype') is not valid
TestJson(file='freetype-2.5.4-o2-freetype', cve='CVE-2014-9658', commit='', ground_truth='patch', project='freetype') is not valid
TestJson(file='freetype-2.5.5-o2-freetype', cve='CVE-2014-9658', commit='', ground_truth='patch', project='freetype') is not valid
TestJson(file='freetype-2.6-o2-freetype', cve='CVE-2014-9658', commit='', ground_truth='patch', project='freetype') is not valid
TestJson(file='freetype-2.5.3-o2-freetype', cve='CVE-2014-9673', commit='', ground_truth='vuln', project='freetype') is not valid
TestJson(file='freetype-2.5.2-o2-freetype', cve='CVE-2014-9673', commit='', ground_truth='vuln', project='freetype') is not valid
TestJson(file='freetype-2.5.1-o2-freetype', cve='CVE-2014-9673', commit='', ground_truth='vuln', project='freetype') is not valid
TestJson(file='freetype-2.5.4-o2-freetype', cve='CVE-2014-9673', commit='', ground_truth='patch', project='freetype') is not valid
TestJson(file='freetype-2.5.5-o2-freetype', cve='CVE-2014-9673', commit='', ground_truth='patch', project='freetype') is not valid
TestJson(file='freetype-2.6-o2-freetype', cve='CVE-2014-9673', commit='', ground_truth='patch', project='freetype') is not valid
TestJson(file='freetype-2.5.3-o2-freetype', cve='CVE-2014-9674', commit='', ground_truth='vuln', project='freetype') is not valid
TestJson(file='freetype-2.5.2-o2-freetype', cve='CVE-2014-9674', commit='', ground_truth='vuln', project='freetype') is not valid
TestJson(file='freetype-2.5.1-o2-freetype', cve='CVE-2014-9674', commit='', ground_truth='vuln', project='freetype') is not valid
TestJson(file='freetype-2.5.4-o2-freetype', cve='CVE-2014-9674', commit='', ground_truth='patch', project='freetype') is not valid
TestJson(file='freetype-2.5.5-o2-freetype', cve='CVE-2014-9674', commit='', ground_truth='patch', project='freetype') is not valid
TestJson(file='freetype-2.6-o2-freetype', cve='CVE-2014-9674', commit='', ground_truth='patch', project='freetype') is not valid
CVE-2014-9659 freetype-2.5.3-o2-freetype truth = vuln result = vuln
CVE-2014-9659 freetype-2.5.2-o2-freetype truth = vuln result = vuln
CVE-2014-9659 freetype-2.5.1-o2-freetype truth = vuln result = vuln
CVE-2014-9659 freetype-2.5.4-o2-freetype truth = patch result = vuln
CVE-2014-9659 freetype-2.5.5-o2-freetype truth = patch result = vuln
CVE-2014-9659 freetype-2.6-o2-freetype truth = patch result = vuln
CVE-2015-9382 freetype-2.5.5-o2-freetype truth = vuln result = vuln
CVE-2015-9382 freetype-2.5.4-o2-freetype truth = vuln result = vuln
CVE-2015-9382 freetype-2.5.3-o2-freetype truth = vuln result = vuln
CVE-2015-9382 freetype-2.6.1-o2-freetype truth = patch result = vuln
CVE-2015-9382 freetype-2.6.2-o2-freetype truth = patch result = vuln
CVE-2015-9382 freetype-2.6.3-o2-freetype truth = patch result = vuln
TestJson(file='freetype-2.5.5-o2-freetype', cve='CVE-2015-9290', commit='', ground_truth='vuln', project='freetype') is not valid
TestJson(file='freetype-2.5.4-o2-freetype', cve='CVE-2015-9290', commit='', ground_truth='vuln', project='freetype') is not valid
TestJson(file='freetype-2.5.3-o2-freetype', cve='CVE-2015-9290', commit='', ground_truth='vuln', project='freetype') is not valid
TestJson(file='freetype-2.6.1-o2-freetype', cve='CVE-2015-9290', commit='', ground_truth='patch', project='freetype') is not valid
TestJson(file='freetype-2.6.2-o2-freetype', cve='CVE-2015-9290', commit='', ground_truth='patch', project='freetype') is not valid
TestJson(file='freetype-2.6.3-o2-freetype', cve='CVE-2015-9290', commit='', ground_truth='patch', project='freetype') is not valid
TestJson(file='freetype-2.5.5-o2-freetype', cve='CVE-2015-9381', commit='', ground_truth='vuln', project='freetype') is not valid
TestJson(file='freetype-2.5.4-o2-freetype', cve='CVE-2015-9381', commit='', ground_truth='vuln', project='freetype') is not valid
TestJson(file='freetype-2.5.3-o2-freetype', cve='CVE-2015-9381', commit='', ground_truth='vuln', project='freetype') is not valid
TestJson(file='freetype-2.6.1-o2-freetype', cve='CVE-2015-9381', commit='', ground_truth='patch', project='freetype') is not valid
TestJson(file='freetype-2.6.2-o2-freetype', cve='CVE-2015-9381', commit='', ground_truth='patch', project='freetype') is not valid
TestJson(file='freetype-2.6.3-o2-freetype', cve='CVE-2015-9381', commit='', ground_truth='patch', project='freetype') is not valid
CVE-2015-9383 freetype-2.6.1-o2-freetype truth = vuln result = patch
CVE-2015-9383 freetype-2.5.5-o2-freetype truth = vuln result = patch
CVE-2015-9383 freetype-2.5.4-o2-freetype truth = vuln result = patch
CVE-2015-9383 freetype-2.6.2-o2-freetype truth = patch result = patch
CVE-2015-9383 freetype-2.6.3-o2-freetype truth = patch result = patch
CVE-2015-9383 freetype-2.6.4-o2-freetype truth = patch result = patch
CVE-2016-10328 freetype-2.7-o2-freetype truth = vuln result = vuln
CVE-2016-10328 freetype-2.6.5-o2-freetype truth = vuln result = vuln
CVE-2016-10328 freetype-2.6.4-o2-freetype truth = vuln result = vuln
CVE-2016-10328 freetype-2.7.1-o2-freetype truth = patch result = vuln
CVE-2016-10328 freetype-2.8-o2-freetype truth = patch result = vuln
CVE-2016-10328 freetype-2.8.1-o2-freetype truth = patch result = vuln
CVE-2017-7864 freetype-2.7.1-o2-freetype truth = vuln result = vuln
CVE-2017-7864 freetype-2.7-o2-freetype truth = vuln result = vuln
CVE-2017-7864 freetype-2.6.5-o2-freetype truth = vuln result = vuln
CVE-2017-7864 freetype-2.8-o2-freetype truth = patch result = vuln
CVE-2017-7864 freetype-2.8.1-o2-freetype truth = patch result = vuln
CVE-2017-7864 freetype-2.9-o2-freetype truth = patch result = vuln
CVE-2017-7858 freetype-2.7.1-o2-freetype truth = vuln result = vuln
CVE-2017-7858 freetype-2.7-o2-freetype truth = vuln result = vuln
CVE-2017-7858 freetype-2.6.5-o2-freetype truth = vuln result = vuln
CVE-2017-7858 freetype-2.8-o2-freetype truth = patch result = vuln
CVE-2017-7858 freetype-2.8.1-o2-freetype truth = patch result = vuln
CVE-2017-7858 freetype-2.9-o2-freetype truth = patch result = vuln
CVE-2017-7857 has no sigs, skip
CVE-2017-7857 has no sigs, skip
CVE-2017-7857 has no sigs, skip
CVE-2017-7857 has no sigs, skip
CVE-2017-7857 has no sigs, skip
CVE-2017-8105 freetype-2.7-o2-freetype truth = vuln result = vuln
CVE-2017-8105 freetype-2.6.5-o2-freetype truth = vuln result = vuln
CVE-2017-8105 freetype-2.6.4-o2-freetype truth = vuln result = vuln
CVE-2017-8105 freetype-2.8-o2-freetype truth = patch result = patch
CVE-2017-8105 freetype-2.8.1-o2-freetype truth = patch result = patch
TestJson(file='freetype-2.9-o2-freetype', cve='CVE-2017-8105', commit='', ground_truth='patch', project='freetype') is not valid
CVE-2017-8287 freetype-2.7.1-o2-freetype truth = vuln result = vuln
CVE-2017-8287 freetype-2.7-o2-freetype truth = vuln result = vuln
CVE-2017-8287 freetype-2.6.5-o2-freetype truth = vuln result = vuln
CVE-2017-8287 freetype-2.8-o2-freetype truth = patch result = vuln
CVE-2017-8287 freetype-2.8.1-o2-freetype truth = patch result = vuln
CVE-2017-8287 freetype-2.9-o2-freetype truth = patch result = vuln