--------------------------------------------
CVE ID: CVE-2017-8395
Target Binary: /binaries/target/binutils/binutils-2.28-o0-objdump
Vulnerable Function Name: bfd_init_section_compress_status
Overall Score is: -0.366
--------------------------------------------
CVE ID: CVE-2017-8395
Target Binary: /binaries/target/binutils/binutils-2.29-o0-objdump
Vulnerable Function Name: bfd_init_section_compress_status
Overall Score is: 0.696
--------------------------------------------
CVE ID: CVE-2017-8395
Target Binary: /binaries/target/binutils/binutils-2.29.1-o0-objdump
Vulnerable Function Name: bfd_init_section_compress_status
Overall Score is: 0.696
--------------------------------------------
CVE ID: CVE-2017-8395
Target Binary: /binaries/target/binutils/binutils-2.30-o0-objdump
Vulnerable Function Name: bfd_init_section_compress_status
Overall Score is: 0.696
--------------------------------------------
CVE ID: CVE-2017-8396
Target Binary: /binaries/target/binutils/binutils-2.28-o0-objdump
Vulnerable Function Name: _bfd_final_link_relocate
Overall Score is: -0.747
--------------------------------------------
CVE ID: CVE-2017-8396
Target Binary: /binaries/target/binutils/binutils-2.29-o0-objdump
Vulnerable Function Name: _bfd_final_link_relocate
Overall Score is: 0.872
--------------------------------------------
CVE ID: CVE-2017-8396
Target Binary: /binaries/target/binutils/binutils-2.29.1-o0-objdump
Vulnerable Function Name: _bfd_final_link_relocate
Overall Score is: 0.872
--------------------------------------------
CVE ID: CVE-2017-8396
Target Binary: /binaries/target/binutils/binutils-2.30-o0-objdump
Vulnerable Function Name: _bfd_final_link_relocate
Overall Score is: 0.872
--------------------------------------------
CVE ID: CVE-2017-8396
Target Binary: /binaries/target/binutils/binutils-2.28-o0-objdump
Vulnerable Function Name: bfd_install_relocation
Overall Score is: -0.863
--------------------------------------------
CVE ID: CVE-2017-8396
Target Binary: /binaries/target/binutils/binutils-2.29-o0-objdump
Vulnerable Function Name: bfd_install_relocation
Overall Score is: 0.793
--------------------------------------------
CVE ID: CVE-2017-8396
Target Binary: /binaries/target/binutils/binutils-2.29.1-o0-objdump
Vulnerable Function Name: bfd_install_relocation
Overall Score is: 0.793
--------------------------------------------
CVE ID: CVE-2017-8396
Target Binary: /binaries/target/binutils/binutils-2.30-o0-objdump
Vulnerable Function Name: bfd_install_relocation
Overall Score is: 0.793
--------------------------------------------
CVE ID: CVE-2017-9954
Target Binary: /binaries/target/binutils/binutils-2.28-o0-objdump
Vulnerable Function Name: pass_over
Overall Score is: -0.823
--------------------------------------------
CVE ID: CVE-2017-9954
Target Binary: /binaries/target/binutils/binutils-2.29-o0-objdump
Vulnerable Function Name: pass_over
Overall Score is: -0.823
--------------------------------------------
CVE ID: CVE-2017-9954
Target Binary: /binaries/target/binutils/binutils-2.29.1-o0-objdump
Vulnerable Function Name: pass_over
Overall Score is: -0.823
--------------------------------------------
CVE ID: CVE-2017-9954
Target Binary: /binaries/target/binutils/binutils-2.30-o0-objdump
Vulnerable Function Name: pass_over
Overall Score is: -0.823
--------------------------------------------
CVE ID: CVE-2017-9954
Target Binary: /binaries/target/binutils/binutils-2.28-o0-objdump
Vulnerable Function Name: getvalue
Overall Score is: -0.565
--------------------------------------------
CVE ID: CVE-2017-9954
Target Binary: /binaries/target/binutils/binutils-2.29-o0-objdump
Vulnerable Function Name: getvalue
Overall Score is: 0.723
--------------------------------------------
CVE ID: CVE-2017-9954
Target Binary: /binaries/target/binutils/binutils-2.29.1-o0-objdump
Vulnerable Function Name: getvalue
Overall Score is: 0.723
--------------------------------------------
CVE ID: CVE-2017-9954
Target Binary: /binaries/target/binutils/binutils-2.30-o0-objdump
Vulnerable Function Name: getvalue
Overall Score is: 0.723
--------------------------------------------
CVE ID: CVE-2017-13710
Target Binary: /binaries/target/binutils/binutils-2.29-o0-objdump
Vulnerable Function Name: setup_group
Overall Score is: -0.674
--------------------------------------------
CVE ID: CVE-2017-13710
Target Binary: /binaries/target/binutils/binutils-2.29.1-o0-objdump
Vulnerable Function Name: setup_group
Overall Score is: 0.852
--------------------------------------------
CVE ID: CVE-2017-13710
Target Binary: /binaries/target/binutils/binutils-2.30-o0-objdump
Vulnerable Function Name: setup_group
Overall Score is: 0.850
--------------------------------------------
CVE ID: CVE-2017-13710
Target Binary: /binaries/target/binutils/binutils-2.31-o0-objdump
Vulnerable Function Name: setup_group
Overall Score is: 0.849
--------------------------------------------
CVE ID: CVE-2017-14129
Target Binary: /binaries/target/binutils/binutils-2.29-o0-objdump
Vulnerable Function Name: read_section
Overall Score is: 0.041
--------------------------------------------
CVE ID: CVE-2017-14129
Target Binary: /binaries/target/binutils/binutils-2.29.1-o0-objdump
Vulnerable Function Name: read_section
Overall Score is: 0.644
--------------------------------------------
CVE ID: CVE-2017-14129
Target Binary: /binaries/target/binutils/binutils-2.30-o0-objdump
Vulnerable Function Name: read_section
Overall Score is: 0.608
--------------------------------------------
CVE ID: CVE-2017-14129
Target Binary: /binaries/target/binutils/binutils-2.31-o0-objdump
Vulnerable Function Name: read_section
Overall Score is: 0.620
--------------------------------------------
CVE ID: CVE-2017-12448
Target Binary: /binaries/target/binutils/binutils-2.29-o0-objdump
Vulnerable Function Name: bfd_generic_archive_p
Overall Score is: -0.120
--------------------------------------------
CVE ID: CVE-2017-12448
Target Binary: /binaries/target/binutils/binutils-2.28-o0-objdump
Vulnerable Function Name: bfd_generic_archive_p
Overall Score is: -0.120
--------------------------------------------
CVE ID: CVE-2017-12448
Target Binary: /binaries/target/binutils/binutils-2.27-o0-objdump
Vulnerable Function Name: bfd_generic_archive_p
Overall Score is: -0.120
--------------------------------------------
CVE ID: CVE-2017-12448
Target Binary: /binaries/target/binutils/binutils-2.29.1-o0-objdump
Vulnerable Function Name: bfd_generic_archive_p
Overall Score is: 0.621
--------------------------------------------
CVE ID: CVE-2017-12448
Target Binary: /binaries/target/binutils/binutils-2.30-o0-objdump
Vulnerable Function Name: bfd_generic_archive_p
Overall Score is: 0.621
--------------------------------------------
CVE ID: CVE-2017-12448
Target Binary: /binaries/target/binutils/binutils-2.31-o0-objdump
Vulnerable Function Name: bfd_generic_archive_p
Overall Score is: 0.158
--------------------------------------------
CVE ID: CVE-2017-15024
Target Binary: /binaries/target/binutils/binutils-2.29-o0-objdump
Vulnerable Function Name: scan_unit_for_symbols
Overall Score is: 0.199
--------------------------------------------
CVE ID: CVE-2017-15024
Target Binary: /binaries/target/binutils/binutils-2.29.1-o0-objdump
Vulnerable Function Name: scan_unit_for_symbols
Overall Score is: 0.199
--------------------------------------------
CVE ID: CVE-2017-15024
Target Binary: /binaries/target/binutils/binutils-2.30-o0-objdump
Vulnerable Function Name: scan_unit_for_symbols
Overall Score is: 0.268
--------------------------------------------
CVE ID: CVE-2017-15024
Target Binary: /binaries/target/binutils/binutils-2.31-o0-objdump
Vulnerable Function Name: scan_unit_for_symbols
Overall Score is: 0.268
--------------------------------------------
CVE ID: CVE-2017-15024
Target Binary: /binaries/target/binutils/binutils-2.29-o0-objdump
Vulnerable Function Name: find_abstract_instance_name
Overall Score is: 0.421
--------------------------------------------
CVE ID: CVE-2017-15024
Target Binary: /binaries/target/binutils/binutils-2.29.1-o0-objdump
Vulnerable Function Name: find_abstract_instance_name
Overall Score is: 0.421
--------------------------------------------
CVE ID: CVE-2017-15024
Target Binary: /binaries/target/binutils/binutils-2.30-o0-objdump
Vulnerable Function Name: find_abstract_instance_name
Overall Score is: 0.655
--------------------------------------------
CVE ID: CVE-2017-15020
Target Binary: /binaries/target/binutils/binutils-2.29-o0-objdump
Vulnerable Function Name: parse_line_table
Overall Score is: 0.170
--------------------------------------------
CVE ID: CVE-2017-15020
Target Binary: /binaries/target/binutils/binutils-2.30-o0-objdump
Vulnerable Function Name: parse_line_table
Overall Score is: 0.294
--------------------------------------------
CVE ID: CVE-2017-15020
Target Binary: /binaries/target/binutils/binutils-2.31-o0-objdump
Vulnerable Function Name: parse_line_table
Overall Score is: 0.294
--------------------------------------------
CVE ID: CVE-2017-15020
Target Binary: /binaries/target/binutils/binutils-2.31.1-o0-objdump
Vulnerable Function Name: parse_line_table
Overall Score is: 0.294
--------------------------------------------
CVE ID: CVE-2017-15020
Target Binary: /binaries/target/binutils/binutils-2.29-o0-objdump
Vulnerable Function Name: parse_die
Overall Score is: -0.673
--------------------------------------------
CVE ID: CVE-2017-15020
Target Binary: /binaries/target/binutils/binutils-2.30-o0-objdump
Vulnerable Function Name: parse_die
Overall Score is: 0.593
--------------------------------------------
CVE ID: CVE-2017-15020
Target Binary: /binaries/target/binutils/binutils-2.31-o0-objdump
Vulnerable Function Name: parse_die
Overall Score is: 0.593
--------------------------------------------
CVE ID: CVE-2017-15020
Target Binary: /binaries/target/binutils/binutils-2.31.1-o0-objdump
Vulnerable Function Name: parse_die
Overall Score is: 0.593
--------------------------------------------
CVE ID: CVE-2017-15023
Target Binary: /binaries/target/binutils/binutils-2.29-o0-objdump
Vulnerable Function Name: read_formatted_entries
Overall Score is: -0.792
--------------------------------------------
CVE ID: CVE-2017-15023
Target Binary: /binaries/target/binutils/binutils-2.30-o0-objdump
Vulnerable Function Name: read_formatted_entries
Overall Score is: 0.956
--------------------------------------------
CVE ID: CVE-2017-15023
Target Binary: /binaries/target/binutils/binutils-2.31-o0-objdump
Vulnerable Function Name: read_formatted_entries
Overall Score is: 0.958
--------------------------------------------
CVE ID: CVE-2017-15023
Target Binary: /binaries/target/binutils/binutils-2.31.1-o0-objdump
Vulnerable Function Name: read_formatted_entries
Overall Score is: 0.958
--------------------------------------------
CVE ID: CVE-2017-14933
Target Binary: /binaries/target/binutils/binutils-2.29-o0-objdump
Vulnerable Function Name: read_formatted_entries
Overall Score is: -0.553
--------------------------------------------
CVE ID: CVE-2017-14933
Target Binary: /binaries/target/binutils/binutils-2.30-o0-objdump
Vulnerable Function Name: read_formatted_entries
Overall Score is: 0.791
--------------------------------------------
CVE ID: CVE-2017-14933
Target Binary: /binaries/target/binutils/binutils-2.31-o0-objdump
Vulnerable Function Name: read_formatted_entries
Overall Score is: 0.791
--------------------------------------------
CVE ID: CVE-2017-14933
Target Binary: /binaries/target/binutils/binutils-2.31.1-o0-objdump
Vulnerable Function Name: read_formatted_entries
Overall Score is: 0.791
--------------------------------------------
CVE ID: CVE-2017-15938
Target Binary: /binaries/target/binutils/binutils-2.29-o0-objdump
Vulnerable Function Name: find_abstract_instance_name
Overall Score is: -0.711
--------------------------------------------
CVE ID: CVE-2017-15938
Target Binary: /binaries/target/binutils/binutils-2.30-o0-objdump
Vulnerable Function Name: find_abstract_instance_name
Overall Score is: 0.959
--------------------------------------------
CVE ID: CVE-2017-15939
Target Binary: /binaries/target/binutils/binutils-2.29-o0-objdump
Vulnerable Function Name: decode_line_info
Overall Score is: 0.591
--------------------------------------------
CVE ID: CVE-2017-15939
Target Binary: /binaries/target/binutils/binutils-2.30-o0-objdump
Vulnerable Function Name: decode_line_info
Overall Score is: 0.531
--------------------------------------------
CVE ID: CVE-2017-15939
Target Binary: /binaries/target/binutils/binutils-2.31-o0-objdump
Vulnerable Function Name: decode_line_info
Overall Score is: 0.531
--------------------------------------------
CVE ID: CVE-2017-15939
Target Binary: /binaries/target/binutils/binutils-2.31.1-o0-objdump
Vulnerable Function Name: decode_line_info
Overall Score is: 0.531
--------------------------------------------
CVE ID: CVE-2017-15996
Target Binary: /binaries/target/binutils/binutils-2.29-o0-objdump
Vulnerable Function Name: process_archive_index_and_symbols
Overall Score is: -0.368
--------------------------------------------
CVE ID: CVE-2017-15996
Target Binary: /binaries/target/binutils/binutils-2.30-o0-objdump
Vulnerable Function Name: process_archive_index_and_symbols
Overall Score is: 0.785
--------------------------------------------
CVE ID: CVE-2017-15996
Target Binary: /binaries/target/binutils/binutils-2.31-o0-objdump
Vulnerable Function Name: process_archive_index_and_symbols
Overall Score is: 0.785
--------------------------------------------
CVE ID: CVE-2017-15996
Target Binary: /binaries/target/binutils/binutils-2.31.1-o0-objdump
Vulnerable Function Name: process_archive_index_and_symbols
Overall Score is: 0.785
--------------------------------------------
CVE ID: CVE-2017-16831
Target Binary: /binaries/target/binutils/binutils-2.29.1-o0-objdump
Vulnerable Function Name: coff_get_normalized_symtab
Overall Score is: 0.320
--------------------------------------------
CVE ID: CVE-2017-16831
Target Binary: /binaries/target/binutils/binutils-2.30-o0-objdump
Vulnerable Function Name: coff_get_normalized_symtab
Overall Score is: 0.461
--------------------------------------------
CVE ID: CVE-2017-16831
Target Binary: /binaries/target/binutils/binutils-2.31-o0-objdump
Vulnerable Function Name: coff_get_normalized_symtab
Overall Score is: 0.462
--------------------------------------------
CVE ID: CVE-2017-16831
Target Binary: /binaries/target/binutils/binutils-2.31.1-o0-objdump
Vulnerable Function Name: coff_get_normalized_symtab
Overall Score is: 0.462
--------------------------------------------
CVE ID: CVE-2017-16831
Target Binary: /binaries/target/binutils/binutils-2.29.1-o0-objdump
Vulnerable Function Name: _bfd_coff_get_external_symbols
Overall Score is: -0.509
--------------------------------------------
CVE ID: CVE-2017-16831
Target Binary: /binaries/target/binutils/binutils-2.30-o0-objdump
Vulnerable Function Name: _bfd_coff_get_external_symbols
Overall Score is: 0.802
--------------------------------------------
CVE ID: CVE-2017-16831
Target Binary: /binaries/target/binutils/binutils-2.31-o0-objdump
Vulnerable Function Name: _bfd_coff_get_external_symbols
Overall Score is: 0.811
--------------------------------------------
CVE ID: CVE-2017-16831
Target Binary: /binaries/target/binutils/binutils-2.31.1-o0-objdump
Vulnerable Function Name: _bfd_coff_get_external_symbols
Overall Score is: 0.811
--------------------------------------------
CVE ID: CVE-2017-17080
Target Binary: /binaries/target/binutils/binutils-2.29.1-o0-objdump
Vulnerable Function Name: elfcore_grok_nto_status
Overall Score is: -0.816
--------------------------------------------
CVE ID: CVE-2017-17080
Target Binary: /binaries/target/binutils/binutils-2.30-o0-objdump
Vulnerable Function Name: elfcore_grok_nto_status
Overall Score is: 0.916
--------------------------------------------
CVE ID: CVE-2017-17080
Target Binary: /binaries/target/binutils/binutils-2.31-o0-objdump
Vulnerable Function Name: elfcore_grok_nto_status
Overall Score is: 0.916
--------------------------------------------
CVE ID: CVE-2017-17080
Target Binary: /binaries/target/binutils/binutils-2.31.1-o0-objdump
Vulnerable Function Name: elfcore_grok_nto_status
Overall Score is: 0.916
--------------------------------------------
CVE ID: CVE-2018-7208
Target Binary: /binaries/target/binutils/binutils-2.30-o0-objdump
Vulnerable Function Name: coff_pointerize_aux
Overall Score is: 0.020
--------------------------------------------
CVE ID: CVE-2018-7208
Target Binary: /binaries/target/binutils/binutils-2.31-o0-objdump
Vulnerable Function Name: coff_pointerize_aux
Overall Score is: 0.442
--------------------------------------------
CVE ID: CVE-2018-7208
Target Binary: /binaries/target/binutils/binutils-2.31.1-o0-objdump
Vulnerable Function Name: coff_pointerize_aux
Overall Score is: 0.442
--------------------------------------------
CVE ID: CVE-2018-7208
Target Binary: /binaries/target/binutils/binutils-2.32-o0-objdump
Vulnerable Function Name: coff_pointerize_aux
Overall Score is: 0.425
--------------------------------------------
CVE ID: CVE-2018-6543
Target Binary: /binaries/target/binutils/binutils-2.30-o0-objdump
Vulnerable Function Name: load_specific_debug_section
Overall Score is: -0.626
--------------------------------------------
CVE ID: CVE-2018-6543
Target Binary: /binaries/target/binutils/binutils-2.31-o0-objdump
Vulnerable Function Name: load_specific_debug_section
Overall Score is: 0.859
--------------------------------------------
CVE ID: CVE-2018-6543
Target Binary: /binaries/target/binutils/binutils-2.31.1-o0-objdump
Vulnerable Function Name: load_specific_debug_section
Overall Score is: 0.859
--------------------------------------------
CVE ID: CVE-2018-6543
Target Binary: /binaries/target/binutils/binutils-2.32-o0-objdump
Vulnerable Function Name: load_specific_debug_section
Overall Score is: 0.778
--------------------------------------------
CVE ID: CVE-2018-6759
Target Binary: /binaries/target/binutils/binutils-2.30-o0-objdump
Vulnerable Function Name: bfd_get_debug_link_info_1
Overall Score is: -0.466
--------------------------------------------
CVE ID: CVE-2018-6759
Target Binary: /binaries/target/binutils/binutils-2.31-o0-objdump
Vulnerable Function Name: bfd_get_debug_link_info_1
Overall Score is: 0.753
--------------------------------------------
CVE ID: CVE-2018-6759
Target Binary: /binaries/target/binutils/binutils-2.31.1-o0-objdump
Vulnerable Function Name: bfd_get_debug_link_info_1
Overall Score is: 0.753
--------------------------------------------
CVE ID: CVE-2018-6759
Target Binary: /binaries/target/binutils/binutils-2.32-o0-objdump
Vulnerable Function Name: bfd_get_debug_link_info_1
Overall Score is: 0.777
--------------------------------------------
CVE ID: CVE-2018-10372
Target Binary: /binaries/target/binutils/binutils-2.30-o0-objdump
Vulnerable Function Name: process_cu_tu_index
Overall Score is: -0.402
--------------------------------------------
CVE ID: CVE-2018-10372
Target Binary: /binaries/target/binutils/binutils-2.31-o0-objdump
Vulnerable Function Name: process_cu_tu_index
Overall Score is: 0.717
--------------------------------------------
CVE ID: CVE-2018-10372
Target Binary: /binaries/target/binutils/binutils-2.31.1-o0-objdump
Vulnerable Function Name: process_cu_tu_index
Overall Score is: 0.717
--------------------------------------------
CVE ID: CVE-2018-10372
Target Binary: /binaries/target/binutils/binutils-2.32-o0-objdump
Vulnerable Function Name: process_cu_tu_index
Overall Score is: 0.738
--------------------------------------------
CVE ID: CVE-2018-10373
Target Binary: /binaries/target/binutils/binutils-2.30-o0-objdump
Vulnerable Function Name: concat_filename
Overall Score is: -0.549
--------------------------------------------
CVE ID: CVE-2018-10373
Target Binary: /binaries/target/binutils/binutils-2.31-o0-objdump
Vulnerable Function Name: concat_filename
Overall Score is: 0.549
--------------------------------------------
CVE ID: CVE-2018-10373
Target Binary: /binaries/target/binutils/binutils-2.31.1-o0-objdump
Vulnerable Function Name: concat_filename
Overall Score is: 0.549
--------------------------------------------
CVE ID: CVE-2018-10373
Target Binary: /binaries/target/binutils/binutils-2.32-o0-objdump
Vulnerable Function Name: concat_filename
Overall Score is: 0.549
--------------------------------------------
CVE ID: CVE-2018-8945
Target Binary: /binaries/target/binutils/binutils-2.30-o0-objdump
Vulnerable Function Name: _bfd_elf_parse_attributes
Overall Score is: 0.096
--------------------------------------------
CVE ID: CVE-2018-8945
Target Binary: /binaries/target/binutils/binutils-2.31-o0-objdump
Vulnerable Function Name: _bfd_elf_parse_attributes
Overall Score is: 0.548
--------------------------------------------
CVE ID: CVE-2018-8945
Target Binary: /binaries/target/binutils/binutils-2.31.1-o0-objdump
Vulnerable Function Name: _bfd_elf_parse_attributes
Overall Score is: 0.548
--------------------------------------------
CVE ID: CVE-2018-8945
Target Binary: /binaries/target/binutils/binutils-2.32-o0-objdump
Vulnerable Function Name: _bfd_elf_parse_attributes
Overall Score is: 0.566
--------------------------------------------
CVE ID: CVE-2018-18607
Target Binary: /binaries/target/binutils/binutils-2.31-o0-objdump
Vulnerable Function Name: elf_link_input_bfd
Overall Score is: -0.461
--------------------------------------------
CVE ID: CVE-2018-18607
Target Binary: /binaries/target/binutils/binutils-2.32-o0-objdump
Vulnerable Function Name: elf_link_input_bfd
Overall Score is: 0.744
--------------------------------------------
CVE ID: CVE-2018-18607
Target Binary: /binaries/target/binutils/binutils-2.33.1-o0-objdump
Vulnerable Function Name: elf_link_input_bfd
Overall Score is: 0.753
--------------------------------------------
CVE ID: CVE-2018-18607
Target Binary: /binaries/target/binutils/binutils-2.34-o0-objdump
Vulnerable Function Name: elf_link_input_bfd
Overall Score is: 0.754
--------------------------------------------
CVE ID: CVE-2018-20671
Target Binary: /binaries/target/binutils/binutils-2.31.1-o0-objdump
Vulnerable Function Name: load_specific_debug_section
Overall Score is: -0.373
--------------------------------------------
CVE ID: CVE-2018-20671
Target Binary: /binaries/target/binutils/binutils-2.31-o0-objdump
Vulnerable Function Name: load_specific_debug_section
Overall Score is: -0.373
--------------------------------------------
CVE ID: CVE-2018-20671
Target Binary: /binaries/target/binutils/binutils-2.30-o0-objdump
Vulnerable Function Name: load_specific_debug_section
Overall Score is: -0.226
--------------------------------------------
CVE ID: CVE-2018-20671
Target Binary: /binaries/target/binutils/binutils-2.32-o0-objdump
Vulnerable Function Name: load_specific_debug_section
Overall Score is: 0.864
--------------------------------------------
CVE ID: CVE-2018-20671
Target Binary: /binaries/target/binutils/binutils-2.33.1-o0-objdump
Vulnerable Function Name: load_specific_debug_section
Overall Score is: 0.141
--------------------------------------------
CVE ID: CVE-2018-20671
Target Binary: /binaries/target/binutils/binutils-2.34-o0-objdump
Vulnerable Function Name: load_specific_debug_section
Overall Score is: 0.834
--------------------------------------------
CVE ID: CVE-2021-20294
Target Binary: /binaries/target/binutils/binutils-2.35.1-o0-readelf
Vulnerable Function Name: print_dynamic_symbol
Overall Score is: -0.559
--------------------------------------------
CVE ID: CVE-2021-20294
Target Binary: /binaries/target/binutils/binutils-2.35-o0-readelf
Vulnerable Function Name: print_dynamic_symbol
Overall Score is: -0.559
--------------------------------------------
CVE ID: CVE-2021-20294
Target Binary: /binaries/target/binutils/binutils-2.35.2-o0-readelf
Vulnerable Function Name: print_dynamic_symbol
Overall Score is: 0.784
--------------------------------------------
CVE ID: CVE-2021-20294
Target Binary: /binaries/target/binutils/binutils-2.36.1-o0-readelf
Vulnerable Function Name: print_dynamic_symbol
Overall Score is: 0.804
--------------------------------------------
CVE ID: CVE-2021-20294
Target Binary: /binaries/target/binutils/binutils-2.37-o0-readelf
Vulnerable Function Name: print_dynamic_symbol
Overall Score is: 0.795
--------------------------------------------
CVE ID: CVE-2021-45078
Target Binary: /binaries/target/binutils/binutils-2.37-o0-objdump
Vulnerable Function Name: stab_xcoff_builtin_type
Overall Score is: -0.815
--------------------------------------------
CVE ID: CVE-2021-45078
Target Binary: /binaries/target/binutils/binutils-2.36.1-o0-objdump
Vulnerable Function Name: stab_xcoff_builtin_type
Overall Score is: -0.815
--------------------------------------------
CVE ID: CVE-2021-45078
Target Binary: /binaries/target/binutils/binutils-2.35.2-o0-objdump
Vulnerable Function Name: stab_xcoff_builtin_type
Overall Score is: -0.815
--------------------------------------------
CVE ID: CVE-2021-45078
Target Binary: /binaries/target/binutils/binutils-2.38-o0-objdump
Vulnerable Function Name: stab_xcoff_builtin_type
Overall Score is: 0.931
--------------------------------------------
CVE ID: CVE-2021-45078
Target Binary: /binaries/target/binutils/binutils-2.39-o0-objdump
Vulnerable Function Name: stab_xcoff_builtin_type
Overall Score is: 0.931
--------------------------------------------
CVE ID: CVE-2021-45078
Target Binary: /binaries/target/binutils/binutils-2.40-o0-objdump
Vulnerable Function Name: stab_xcoff_builtin_type
Overall Score is: 0.931
--------------------------------------------
CVE ID: CVE-2023-25586
Target Binary: /binaries/target/binutils/binutils-2.40-o0-objdump
Vulnerable Function Name: bfd_init_section_decompress_status
Overall Score is: 0.404
--------------------------------------------
CVE ID: CVE-2023-25586
Target Binary: /binaries/target/binutils/binutils-2.41-o0-objdump
Vulnerable Function Name: bfd_init_section_decompress_status
Overall Score is: 0.404
--------------------------------------------
CVE ID: CVE-2023-25586
Target Binary: /binaries/target/binutils/binutils-2.42-o0-objdump
Vulnerable Function Name: bfd_init_section_decompress_status
Overall Score is: 0.404
--------------------------------------------
CVE ID: CVE-2023-25586
Target Binary: /binaries/target/binutils/binutils-2.43-o0-objdump
Vulnerable Function Name: bfd_init_section_decompress_status
Overall Score is: 0.404
--------------------------------------------
CVE ID: CVE-2022-48063
Target Binary: /binaries/target/binutils/binutils-2.39-o0-objdump
Vulnerable Function Name: load_specific_debug_section
Overall Score is: -0.238
--------------------------------------------
CVE ID: CVE-2022-48063
Target Binary: /binaries/target/binutils/binutils-2.38-o0-objdump
Vulnerable Function Name: load_specific_debug_section
Overall Score is: -0.238
--------------------------------------------
CVE ID: CVE-2022-48063
Target Binary: /binaries/target/binutils/binutils-2.37-o0-objdump
Vulnerable Function Name: load_specific_debug_section
Overall Score is: -0.247
--------------------------------------------
CVE ID: CVE-2022-48063
Target Binary: /binaries/target/binutils/binutils-2.40-o0-objdump
Vulnerable Function Name: load_specific_debug_section
Overall Score is: 0.796
--------------------------------------------
CVE ID: CVE-2022-48063
Target Binary: /binaries/target/binutils/binutils-2.41-o0-objdump
Vulnerable Function Name: load_specific_debug_section
Overall Score is: 0.796
--------------------------------------------
CVE ID: CVE-2022-48063
Target Binary: /binaries/target/binutils/binutils-2.42-o0-objdump
Vulnerable Function Name: load_specific_debug_section
Overall Score is: 0.796
--------------------------------------------
CVE ID: CVE-2022-48065
Target Binary: /binaries/target/binutils/binutils-2.39-o0-objdump
Vulnerable Function Name: find_abstract_instance
Overall Score is: 0.293
--------------------------------------------
CVE ID: CVE-2022-48065
Target Binary: /binaries/target/binutils/binutils-2.38-o0-objdump
Vulnerable Function Name: find_abstract_instance
Overall Score is: 0.296
--------------------------------------------
CVE ID: CVE-2022-48065
Target Binary: /binaries/target/binutils/binutils-2.37-o0-objdump
Vulnerable Function Name: find_abstract_instance
Overall Score is: 0.296
--------------------------------------------
CVE ID: CVE-2022-48065
Target Binary: /binaries/target/binutils/binutils-2.40-o0-objdump
Vulnerable Function Name: find_abstract_instance
Overall Score is: 0.288
--------------------------------------------
CVE ID: CVE-2022-48065
Target Binary: /binaries/target/binutils/binutils-2.41-o0-objdump
Vulnerable Function Name: find_abstract_instance
Overall Score is: 0.288
--------------------------------------------
CVE ID: CVE-2022-48065
Target Binary: /binaries/target/binutils/binutils-2.42-o0-objdump
Vulnerable Function Name: find_abstract_instance
Overall Score is: 0.288
--------------------------------------------