============================================
Patch Detection Log
Time: 2025-08-15 11:35:54
============================================
2025-08-15 11:35:54,971 - INFO - detecting CVE-2010-2497 gray_render_cubic
2025-08-15 11:35:54,971 - INFO - cmd: python main.py --detect --cve_id CVE-2010-2497 --target_bin /binaries/target/freetype/freetype-2.3.12-o0-freetype --vul_func_name gray_render_cubic
2025-08-15 11:36:05,008 - INFO - success CVE-2010-2497,details in cve_test/CVE-2010-2497.log

2025-08-15 11:36:05,009 - INFO - detecting CVE-2010-2497 gray_render_cubic
2025-08-15 11:36:05,010 - INFO - cmd: python main.py --detect --cve_id CVE-2010-2497 --target_bin /binaries/target/freetype/freetype-2.3.11-o0-freetype --vul_func_name gray_render_cubic
2025-08-15 11:36:16,274 - INFO - success CVE-2010-2497,details in cve_test/CVE-2010-2497.log

2025-08-15 11:36:16,275 - INFO - detecting CVE-2010-2497 gray_render_cubic
2025-08-15 11:36:16,275 - INFO - cmd: python main.py --detect --cve_id CVE-2010-2497 --target_bin /binaries/target/freetype/freetype-2.3.10-o0-freetype --vul_func_name gray_render_cubic
2025-08-15 11:36:26,727 - INFO - success CVE-2010-2497,details in cve_test/CVE-2010-2497.log

2025-08-15 11:36:26,729 - INFO - detecting CVE-2010-2497 gray_render_cubic
2025-08-15 11:36:26,729 - INFO - cmd: python main.py --detect --cve_id CVE-2010-2497 --target_bin /binaries/target/freetype/freetype-2.4.0-o0-freetype --vul_func_name gray_render_cubic
2025-08-15 11:36:36,855 - INFO - success CVE-2010-2497,details in cve_test/CVE-2010-2497.log

2025-08-15 11:36:36,856 - INFO - detecting CVE-2010-2497 gray_render_cubic
2025-08-15 11:36:36,856 - INFO - cmd: python main.py --detect --cve_id CVE-2010-2497 --target_bin /binaries/target/freetype/freetype-2.4.1-o0-freetype --vul_func_name gray_render_cubic
2025-08-15 11:36:46,912 - INFO - success CVE-2010-2497,details in cve_test/CVE-2010-2497.log

2025-08-15 11:36:46,913 - INFO - detecting CVE-2010-2497 gray_render_cubic
2025-08-15 11:36:46,913 - INFO - cmd: python main.py --detect --cve_id CVE-2010-2497 --target_bin /binaries/target/freetype/freetype-2.4.2-o0-freetype --vul_func_name gray_render_cubic
2025-08-15 11:36:56,532 - INFO - success CVE-2010-2497,details in cve_test/CVE-2010-2497.log

2025-08-15 11:36:56,549 - INFO - detecting CVE-2010-3855 ft_var_readpackedpoints
2025-08-15 11:36:56,550 - INFO - cmd: python main.py --detect --cve_id CVE-2010-3855 --target_bin /binaries/target/freetype/freetype-2.4.3-o0-freetype --vul_func_name ft_var_readpackedpoints
2025-08-15 11:37:06,901 - INFO - success CVE-2010-3855,details in cve_test/CVE-2010-3855.log

2025-08-15 11:37:06,902 - INFO - detecting CVE-2010-3855 ft_var_readpackedpoints
2025-08-15 11:37:06,902 - INFO - cmd: python main.py --detect --cve_id CVE-2010-3855 --target_bin /binaries/target/freetype/freetype-2.4.2-o0-freetype --vul_func_name ft_var_readpackedpoints
2025-08-15 11:37:15,569 - INFO - success CVE-2010-3855,details in cve_test/CVE-2010-3855.log

2025-08-15 11:37:15,570 - INFO - detecting CVE-2010-3855 ft_var_readpackedpoints
2025-08-15 11:37:15,570 - INFO - cmd: python main.py --detect --cve_id CVE-2010-3855 --target_bin /binaries/target/freetype/freetype-2.4.1-o0-freetype --vul_func_name ft_var_readpackedpoints
2025-08-15 11:37:26,056 - INFO - success CVE-2010-3855,details in cve_test/CVE-2010-3855.log

2025-08-15 11:37:26,057 - INFO - detecting CVE-2010-3855 ft_var_readpackedpoints
2025-08-15 11:37:26,058 - INFO - cmd: python main.py --detect --cve_id CVE-2010-3855 --target_bin /binaries/target/freetype/freetype-2.4.4-o0-freetype --vul_func_name ft_var_readpackedpoints
2025-08-15 11:37:37,141 - INFO - success CVE-2010-3855,details in cve_test/CVE-2010-3855.log

2025-08-15 11:37:37,142 - INFO - detecting CVE-2010-3855 ft_var_readpackedpoints
2025-08-15 11:37:37,143 - INFO - cmd: python main.py --detect --cve_id CVE-2010-3855 --target_bin /binaries/target/freetype/freetype-2.4.5-o0-freetype --vul_func_name ft_var_readpackedpoints
2025-08-15 11:37:46,959 - INFO - success CVE-2010-3855,details in cve_test/CVE-2010-3855.log

2025-08-15 11:37:46,960 - INFO - detecting CVE-2010-3855 ft_var_readpackedpoints
2025-08-15 11:37:46,960 - INFO - cmd: python main.py --detect --cve_id CVE-2010-3855 --target_bin /binaries/target/freetype/freetype-2.4.6-o0-freetype --vul_func_name ft_var_readpackedpoints
2025-08-15 11:37:56,307 - INFO - success CVE-2010-3855,details in cve_test/CVE-2010-3855.log

2025-08-15 11:37:56,308 - INFO - detecting CVE-2014-9746 t1_parse_font_matrix
2025-08-15 11:37:56,309 - INFO - cmd: python main.py --detect --cve_id CVE-2014-9746 --target_bin /binaries/target/freetype/freetype-2.5.3-o0-freetype --vul_func_name t1_parse_font_matrix
2025-08-15 11:38:02,200 - INFO - success CVE-2014-9746,details in cve_test/CVE-2014-9746.log

2025-08-15 11:38:02,201 - INFO - detecting CVE-2014-9746 t1_parse_font_matrix
2025-08-15 11:38:02,202 - INFO - cmd: python main.py --detect --cve_id CVE-2014-9746 --target_bin /binaries/target/freetype/freetype-2.5.2-o0-freetype --vul_func_name t1_parse_font_matrix
2025-08-15 11:38:08,653 - INFO - success CVE-2014-9746,details in cve_test/CVE-2014-9746.log

2025-08-15 11:38:08,655 - INFO - detecting CVE-2014-9746 t1_parse_font_matrix
2025-08-15 11:38:08,655 - INFO - cmd: python main.py --detect --cve_id CVE-2014-9746 --target_bin /binaries/target/freetype/freetype-2.5.1-o0-freetype --vul_func_name t1_parse_font_matrix
2025-08-15 11:38:15,785 - INFO - success CVE-2014-9746,details in cve_test/CVE-2014-9746.log

2025-08-15 11:38:15,787 - INFO - detecting CVE-2014-9746 t1_parse_font_matrix
2025-08-15 11:38:15,787 - INFO - cmd: python main.py --detect --cve_id CVE-2014-9746 --target_bin /binaries/target/freetype/freetype-2.5.4-o0-freetype --vul_func_name t1_parse_font_matrix
2025-08-15 11:38:21,572 - INFO - success CVE-2014-9746,details in cve_test/CVE-2014-9746.log

2025-08-15 11:38:21,573 - INFO - detecting CVE-2014-9746 t1_parse_font_matrix
2025-08-15 11:38:21,574 - INFO - cmd: python main.py --detect --cve_id CVE-2014-9746 --target_bin /binaries/target/freetype/freetype-2.5.5-o0-freetype --vul_func_name t1_parse_font_matrix
2025-08-15 11:38:27,805 - INFO - success CVE-2014-9746,details in cve_test/CVE-2014-9746.log

2025-08-15 11:38:27,806 - INFO - detecting CVE-2014-9746 t1_parse_font_matrix
2025-08-15 11:38:27,807 - INFO - cmd: python main.py --detect --cve_id CVE-2014-9746 --target_bin /binaries/target/freetype/freetype-2.6-o0-freetype --vul_func_name t1_parse_font_matrix
2025-08-15 11:38:34,087 - INFO - success CVE-2014-9746,details in cve_test/CVE-2014-9746.log

2025-08-15 11:38:34,089 - INFO - detecting CVE-2014-9746 t42_parse_font_matrix
2025-08-15 11:38:34,089 - INFO - cmd: python main.py --detect --cve_id CVE-2014-9746 --target_bin /binaries/target/freetype/freetype-2.5.3-o0-freetype --vul_func_name t42_parse_font_matrix
2025-08-15 11:38:41,386 - INFO - success CVE-2014-9746,details in cve_test/CVE-2014-9746.log

2025-08-15 11:38:41,387 - INFO - detecting CVE-2014-9746 t42_parse_font_matrix
2025-08-15 11:38:41,387 - INFO - cmd: python main.py --detect --cve_id CVE-2014-9746 --target_bin /binaries/target/freetype/freetype-2.5.2-o0-freetype --vul_func_name t42_parse_font_matrix
2025-08-15 11:38:48,141 - INFO - success CVE-2014-9746,details in cve_test/CVE-2014-9746.log

2025-08-15 11:38:48,142 - INFO - detecting CVE-2014-9746 t42_parse_font_matrix
2025-08-15 11:38:48,143 - INFO - cmd: python main.py --detect --cve_id CVE-2014-9746 --target_bin /binaries/target/freetype/freetype-2.5.1-o0-freetype --vul_func_name t42_parse_font_matrix
2025-08-15 11:38:54,401 - INFO - success CVE-2014-9746,details in cve_test/CVE-2014-9746.log

2025-08-15 11:38:54,402 - INFO - detecting CVE-2014-9746 t42_parse_font_matrix
2025-08-15 11:38:54,403 - INFO - cmd: python main.py --detect --cve_id CVE-2014-9746 --target_bin /binaries/target/freetype/freetype-2.5.4-o0-freetype --vul_func_name t42_parse_font_matrix
2025-08-15 11:39:01,398 - INFO - success CVE-2014-9746,details in cve_test/CVE-2014-9746.log

2025-08-15 11:39:01,399 - INFO - detecting CVE-2014-9746 t42_parse_font_matrix
2025-08-15 11:39:01,400 - INFO - cmd: python main.py --detect --cve_id CVE-2014-9746 --target_bin /binaries/target/freetype/freetype-2.5.5-o0-freetype --vul_func_name t42_parse_font_matrix
2025-08-15 11:39:09,847 - INFO - success CVE-2014-9746,details in cve_test/CVE-2014-9746.log

2025-08-15 11:39:09,848 - INFO - detecting CVE-2014-9746 t42_parse_font_matrix
2025-08-15 11:39:09,849 - INFO - cmd: python main.py --detect --cve_id CVE-2014-9746 --target_bin /binaries/target/freetype/freetype-2.6-o0-freetype --vul_func_name t42_parse_font_matrix
2025-08-15 11:39:16,925 - INFO - success CVE-2014-9746,details in cve_test/CVE-2014-9746.log

2025-08-15 11:39:16,926 - INFO - detecting CVE-2014-9670 pcf_get_encodings
2025-08-15 11:39:16,927 - INFO - cmd: python main.py --detect --cve_id CVE-2014-9670 --target_bin /binaries/target/freetype/freetype-2.5.3-o0-freetype --vul_func_name pcf_get_encodings
2025-08-15 11:39:25,482 - INFO - success CVE-2014-9670,details in cve_test/CVE-2014-9670.log

2025-08-15 11:39:25,483 - INFO - detecting CVE-2014-9670 pcf_get_encodings
2025-08-15 11:39:25,483 - INFO - cmd: python main.py --detect --cve_id CVE-2014-9670 --target_bin /binaries/target/freetype/freetype-2.5.2-o0-freetype --vul_func_name pcf_get_encodings
2025-08-15 11:39:34,543 - INFO - success CVE-2014-9670,details in cve_test/CVE-2014-9670.log

2025-08-15 11:39:34,545 - INFO - detecting CVE-2014-9670 pcf_get_encodings
2025-08-15 11:39:34,545 - INFO - cmd: python main.py --detect --cve_id CVE-2014-9670 --target_bin /binaries/target/freetype/freetype-2.5.1-o0-freetype --vul_func_name pcf_get_encodings
2025-08-15 11:39:41,777 - INFO - success CVE-2014-9670,details in cve_test/CVE-2014-9670.log

2025-08-15 11:39:41,778 - INFO - detecting CVE-2014-9670 pcf_get_encodings
2025-08-15 11:39:41,778 - INFO - cmd: python main.py --detect --cve_id CVE-2014-9670 --target_bin /binaries/target/freetype/freetype-2.5.4-o0-freetype --vul_func_name pcf_get_encodings
2025-08-15 11:39:49,739 - INFO - success CVE-2014-9670,details in cve_test/CVE-2014-9670.log

2025-08-15 11:39:49,740 - INFO - detecting CVE-2014-9670 pcf_get_encodings
2025-08-15 11:39:49,741 - INFO - cmd: python main.py --detect --cve_id CVE-2014-9670 --target_bin /binaries/target/freetype/freetype-2.5.5-o0-freetype --vul_func_name pcf_get_encodings
2025-08-15 11:39:57,710 - INFO - success CVE-2014-9670,details in cve_test/CVE-2014-9670.log

2025-08-15 11:39:57,712 - INFO - detecting CVE-2014-9670 pcf_get_encodings
2025-08-15 11:39:57,712 - INFO - cmd: python main.py --detect --cve_id CVE-2014-9670 --target_bin /binaries/target/freetype/freetype-2.6-o0-freetype --vul_func_name pcf_get_encodings
2025-08-15 11:40:05,149 - INFO - success CVE-2014-9670,details in cve_test/CVE-2014-9670.log

2025-08-15 11:40:05,151 - INFO - detecting CVE-2014-9669 tt_cmap12_validate
2025-08-15 11:40:05,151 - INFO - cmd: python main.py --detect --cve_id CVE-2014-9669 --target_bin /binaries/target/freetype/freetype-2.5.3-o0-freetype --vul_func_name tt_cmap12_validate
2025-08-15 11:40:11,372 - INFO - success CVE-2014-9669,details in cve_test/CVE-2014-9669.log

2025-08-15 11:40:11,373 - INFO - detecting CVE-2014-9669 tt_cmap12_validate
2025-08-15 11:40:11,374 - INFO - cmd: python main.py --detect --cve_id CVE-2014-9669 --target_bin /binaries/target/freetype/freetype-2.5.2-o0-freetype --vul_func_name tt_cmap12_validate
2025-08-15 11:40:17,713 - INFO - success CVE-2014-9669,details in cve_test/CVE-2014-9669.log

2025-08-15 11:40:17,714 - INFO - detecting CVE-2014-9669 tt_cmap12_validate
2025-08-15 11:40:17,714 - INFO - cmd: python main.py --detect --cve_id CVE-2014-9669 --target_bin /binaries/target/freetype/freetype-2.5.1-o0-freetype --vul_func_name tt_cmap12_validate
2025-08-15 11:40:23,803 - INFO - success CVE-2014-9669,details in cve_test/CVE-2014-9669.log

2025-08-15 11:40:23,804 - INFO - detecting CVE-2014-9669 tt_cmap12_validate
2025-08-15 11:40:23,805 - INFO - cmd: python main.py --detect --cve_id CVE-2014-9669 --target_bin /binaries/target/freetype/freetype-2.5.4-o0-freetype --vul_func_name tt_cmap12_validate
2025-08-15 11:40:30,442 - INFO - success CVE-2014-9669,details in cve_test/CVE-2014-9669.log

2025-08-15 11:40:30,443 - INFO - detecting CVE-2014-9669 tt_cmap12_validate
2025-08-15 11:40:30,444 - INFO - cmd: python main.py --detect --cve_id CVE-2014-9669 --target_bin /binaries/target/freetype/freetype-2.5.5-o0-freetype --vul_func_name tt_cmap12_validate
2025-08-15 11:40:36,914 - INFO - success CVE-2014-9669,details in cve_test/CVE-2014-9669.log

2025-08-15 11:40:36,915 - INFO - detecting CVE-2014-9669 tt_cmap12_validate
2025-08-15 11:40:36,915 - INFO - cmd: python main.py --detect --cve_id CVE-2014-9669 --target_bin /binaries/target/freetype/freetype-2.6-o0-freetype --vul_func_name tt_cmap12_validate
2025-08-15 11:40:42,986 - INFO - success CVE-2014-9669,details in cve_test/CVE-2014-9669.log

2025-08-15 11:40:42,987 - INFO - detecting CVE-2014-9662 cf2_builder_cubeTo
2025-08-15 11:40:42,987 - INFO - cmd: python main.py --detect --cve_id CVE-2014-9662 --target_bin /binaries/target/freetype/freetype-2.5.3-o0-freetype --vul_func_name cf2_builder_cubeTo
2025-08-15 11:40:52,195 - INFO - success CVE-2014-9662,details in cve_test/CVE-2014-9662.log

2025-08-15 11:40:52,196 - INFO - detecting CVE-2014-9662 cf2_builder_cubeTo
2025-08-15 11:40:52,197 - INFO - cmd: python main.py --detect --cve_id CVE-2014-9662 --target_bin /binaries/target/freetype/freetype-2.5.2-o0-freetype --vul_func_name cf2_builder_cubeTo
2025-08-15 11:41:00,925 - INFO - success CVE-2014-9662,details in cve_test/CVE-2014-9662.log

2025-08-15 11:41:00,926 - INFO - detecting CVE-2014-9662 cf2_builder_cubeTo
2025-08-15 11:41:00,927 - INFO - cmd: python main.py --detect --cve_id CVE-2014-9662 --target_bin /binaries/target/freetype/freetype-2.5.1-o0-freetype --vul_func_name cf2_builder_cubeTo
2025-08-15 11:41:10,141 - INFO - success CVE-2014-9662,details in cve_test/CVE-2014-9662.log

2025-08-15 11:41:10,143 - INFO - detecting CVE-2014-9662 cf2_builder_cubeTo
2025-08-15 11:41:10,143 - INFO - cmd: python main.py --detect --cve_id CVE-2014-9662 --target_bin /binaries/target/freetype/freetype-2.5.4-o0-freetype --vul_func_name cf2_builder_cubeTo
2025-08-15 11:41:20,630 - INFO - success CVE-2014-9662,details in cve_test/CVE-2014-9662.log

2025-08-15 11:41:20,630 - INFO - detecting CVE-2014-9662 cf2_builder_cubeTo
2025-08-15 11:41:20,631 - INFO - cmd: python main.py --detect --cve_id CVE-2014-9662 --target_bin /binaries/target/freetype/freetype-2.5.5-o0-freetype --vul_func_name cf2_builder_cubeTo
2025-08-15 11:41:29,389 - INFO - success CVE-2014-9662,details in cve_test/CVE-2014-9662.log

2025-08-15 11:41:29,389 - INFO - detecting CVE-2014-9662 cf2_builder_cubeTo
2025-08-15 11:41:29,390 - INFO - cmd: python main.py --detect --cve_id CVE-2014-9662 --target_bin /binaries/target/freetype/freetype-2.6-o0-freetype --vul_func_name cf2_builder_cubeTo
2025-08-15 11:41:37,854 - INFO - success CVE-2014-9662,details in cve_test/CVE-2014-9662.log

2025-08-15 11:41:37,855 - INFO - detecting CVE-2014-9662 cf2_builder_lineTo
2025-08-15 11:41:37,856 - INFO - cmd: python main.py --detect --cve_id CVE-2014-9662 --target_bin /binaries/target/freetype/freetype-2.5.3-o0-freetype --vul_func_name cf2_builder_lineTo
2025-08-15 11:41:48,555 - INFO - success CVE-2014-9662,details in cve_test/CVE-2014-9662.log

2025-08-15 11:41:48,556 - INFO - detecting CVE-2014-9662 cf2_builder_lineTo
2025-08-15 11:41:48,556 - INFO - cmd: python main.py --detect --cve_id CVE-2014-9662 --target_bin /binaries/target/freetype/freetype-2.5.2-o0-freetype --vul_func_name cf2_builder_lineTo
2025-08-15 11:41:59,289 - INFO - success CVE-2014-9662,details in cve_test/CVE-2014-9662.log

2025-08-15 11:41:59,290 - INFO - detecting CVE-2014-9662 cf2_builder_lineTo
2025-08-15 11:41:59,290 - INFO - cmd: python main.py --detect --cve_id CVE-2014-9662 --target_bin /binaries/target/freetype/freetype-2.5.1-o0-freetype --vul_func_name cf2_builder_lineTo
2025-08-15 11:42:09,312 - INFO - success CVE-2014-9662,details in cve_test/CVE-2014-9662.log

2025-08-15 11:42:09,314 - INFO - detecting CVE-2014-9662 cf2_builder_lineTo
2025-08-15 11:42:09,314 - INFO - cmd: python main.py --detect --cve_id CVE-2014-9662 --target_bin /binaries/target/freetype/freetype-2.5.4-o0-freetype --vul_func_name cf2_builder_lineTo
2025-08-15 11:42:16,635 - INFO - success CVE-2014-9662,details in cve_test/CVE-2014-9662.log

2025-08-15 11:42:16,636 - INFO - detecting CVE-2014-9662 cf2_builder_lineTo
2025-08-15 11:42:16,636 - INFO - cmd: python main.py --detect --cve_id CVE-2014-9662 --target_bin /binaries/target/freetype/freetype-2.5.5-o0-freetype --vul_func_name cf2_builder_lineTo
2025-08-15 11:42:24,934 - INFO - success CVE-2014-9662,details in cve_test/CVE-2014-9662.log

2025-08-15 11:42:24,935 - INFO - detecting CVE-2014-9662 cf2_builder_lineTo
2025-08-15 11:42:24,936 - INFO - cmd: python main.py --detect --cve_id CVE-2014-9662 --target_bin /binaries/target/freetype/freetype-2.6-o0-freetype --vul_func_name cf2_builder_lineTo
2025-08-15 11:42:32,934 - INFO - success CVE-2014-9662,details in cve_test/CVE-2014-9662.log

2025-08-15 11:42:32,935 - INFO - detecting CVE-2014-9674 Mac_Read_POST_Resource
2025-08-15 11:42:32,936 - INFO - cmd: python main.py --detect --cve_id CVE-2014-9674 --target_bin /binaries/target/freetype/freetype-2.5.3-o0-freetype --vul_func_name Mac_Read_POST_Resource
2025-08-15 11:42:39,299 - INFO - success CVE-2014-9674,details in cve_test/CVE-2014-9674.log

2025-08-15 11:42:39,300 - INFO - detecting CVE-2014-9674 Mac_Read_POST_Resource
2025-08-15 11:42:39,301 - INFO - cmd: python main.py --detect --cve_id CVE-2014-9674 --target_bin /binaries/target/freetype/freetype-2.5.2-o0-freetype --vul_func_name Mac_Read_POST_Resource
2025-08-15 11:42:45,268 - INFO - success CVE-2014-9674,details in cve_test/CVE-2014-9674.log

2025-08-15 11:42:45,269 - INFO - detecting CVE-2014-9674 Mac_Read_POST_Resource
2025-08-15 11:42:45,269 - INFO - cmd: python main.py --detect --cve_id CVE-2014-9674 --target_bin /binaries/target/freetype/freetype-2.5.1-o0-freetype --vul_func_name Mac_Read_POST_Resource
2025-08-15 11:42:51,091 - INFO - success CVE-2014-9674,details in cve_test/CVE-2014-9674.log

2025-08-15 11:42:51,092 - INFO - detecting CVE-2014-9674 Mac_Read_POST_Resource
2025-08-15 11:42:51,092 - INFO - cmd: python main.py --detect --cve_id CVE-2014-9674 --target_bin /binaries/target/freetype/freetype-2.5.4-o0-freetype --vul_func_name Mac_Read_POST_Resource
2025-08-15 11:42:56,664 - INFO - success CVE-2014-9674,details in cve_test/CVE-2014-9674.log

2025-08-15 11:42:56,665 - INFO - detecting CVE-2014-9674 Mac_Read_POST_Resource
2025-08-15 11:42:56,665 - INFO - cmd: python main.py --detect --cve_id CVE-2014-9674 --target_bin /binaries/target/freetype/freetype-2.5.5-o0-freetype --vul_func_name Mac_Read_POST_Resource
2025-08-15 11:43:04,497 - INFO - success CVE-2014-9674,details in cve_test/CVE-2014-9674.log

2025-08-15 11:43:04,498 - INFO - detecting CVE-2014-9674 Mac_Read_POST_Resource
2025-08-15 11:43:04,499 - INFO - cmd: python main.py --detect --cve_id CVE-2014-9674 --target_bin /binaries/target/freetype/freetype-2.6-o0-freetype --vul_func_name Mac_Read_POST_Resource
2025-08-15 11:43:10,124 - INFO - success CVE-2014-9674,details in cve_test/CVE-2014-9674.log

2025-08-15 11:43:10,126 - INFO - detecting CVE-2015-9382 ps_parser_skip_PS_token
2025-08-15 11:43:10,126 - INFO - cmd: python main.py --detect --cve_id CVE-2015-9382 --target_bin /binaries/target/freetype/freetype-2.5.5-o0-freetype --vul_func_name ps_parser_skip_PS_token
2025-08-15 11:43:16,054 - INFO - success CVE-2015-9382,details in cve_test/CVE-2015-9382.log

2025-08-15 11:43:16,055 - INFO - detecting CVE-2015-9382 ps_parser_skip_PS_token
2025-08-15 11:43:16,056 - INFO - cmd: python main.py --detect --cve_id CVE-2015-9382 --target_bin /binaries/target/freetype/freetype-2.5.4-o0-freetype --vul_func_name ps_parser_skip_PS_token
2025-08-15 11:43:21,952 - INFO - success CVE-2015-9382,details in cve_test/CVE-2015-9382.log

2025-08-15 11:43:21,954 - INFO - detecting CVE-2015-9382 ps_parser_skip_PS_token
2025-08-15 11:43:21,954 - INFO - cmd: python main.py --detect --cve_id CVE-2015-9382 --target_bin /binaries/target/freetype/freetype-2.5.3-o0-freetype --vul_func_name ps_parser_skip_PS_token
2025-08-15 11:43:28,296 - INFO - success CVE-2015-9382,details in cve_test/CVE-2015-9382.log

2025-08-15 11:43:28,297 - INFO - detecting CVE-2015-9382 ps_parser_skip_PS_token
2025-08-15 11:43:28,298 - INFO - cmd: python main.py --detect --cve_id CVE-2015-9382 --target_bin /binaries/target/freetype/freetype-2.6.1-o0-freetype --vul_func_name ps_parser_skip_PS_token
2025-08-15 11:43:34,498 - INFO - success CVE-2015-9382,details in cve_test/CVE-2015-9382.log

2025-08-15 11:43:34,499 - INFO - detecting CVE-2015-9382 ps_parser_skip_PS_token
2025-08-15 11:43:34,500 - INFO - cmd: python main.py --detect --cve_id CVE-2015-9382 --target_bin /binaries/target/freetype/freetype-2.6.2-o0-freetype --vul_func_name ps_parser_skip_PS_token
2025-08-15 11:43:40,680 - INFO - success CVE-2015-9382,details in cve_test/CVE-2015-9382.log

2025-08-15 11:43:40,682 - INFO - detecting CVE-2015-9382 ps_parser_skip_PS_token
2025-08-15 11:43:40,682 - INFO - cmd: python main.py --detect --cve_id CVE-2015-9382 --target_bin /binaries/target/freetype/freetype-2.6.3-o0-freetype --vul_func_name ps_parser_skip_PS_token
2025-08-15 11:43:46,788 - INFO - success CVE-2015-9382,details in cve_test/CVE-2015-9382.log

2025-08-15 11:43:46,789 - INFO - detecting CVE-2015-9381 T1_Get_Private_Dict
2025-08-15 11:43:46,790 - INFO - cmd: python main.py --detect --cve_id CVE-2015-9381 --target_bin /binaries/target/freetype/freetype-2.5.5-o0-freetype --vul_func_name T1_Get_Private_Dict
2025-08-15 11:43:54,251 - INFO - success CVE-2015-9381,details in cve_test/CVE-2015-9381.log

2025-08-15 11:43:54,252 - INFO - detecting CVE-2015-9381 T1_Get_Private_Dict
2025-08-15 11:43:54,253 - INFO - cmd: python main.py --detect --cve_id CVE-2015-9381 --target_bin /binaries/target/freetype/freetype-2.5.4-o0-freetype --vul_func_name T1_Get_Private_Dict
2025-08-15 11:44:01,837 - INFO - success CVE-2015-9381,details in cve_test/CVE-2015-9381.log

2025-08-15 11:44:01,838 - INFO - detecting CVE-2015-9381 T1_Get_Private_Dict
2025-08-15 11:44:01,839 - INFO - cmd: python main.py --detect --cve_id CVE-2015-9381 --target_bin /binaries/target/freetype/freetype-2.5.3-o0-freetype --vul_func_name T1_Get_Private_Dict
2025-08-15 11:44:08,492 - INFO - success CVE-2015-9381,details in cve_test/CVE-2015-9381.log

2025-08-15 11:44:08,493 - INFO - detecting CVE-2015-9381 T1_Get_Private_Dict
2025-08-15 11:44:08,493 - INFO - cmd: python main.py --detect --cve_id CVE-2015-9381 --target_bin /binaries/target/freetype/freetype-2.6.1-o0-freetype --vul_func_name T1_Get_Private_Dict
2025-08-15 11:44:15,434 - INFO - success CVE-2015-9381,details in cve_test/CVE-2015-9381.log

2025-08-15 11:44:15,435 - INFO - detecting CVE-2015-9381 T1_Get_Private_Dict
2025-08-15 11:44:15,436 - INFO - cmd: python main.py --detect --cve_id CVE-2015-9381 --target_bin /binaries/target/freetype/freetype-2.6.2-o0-freetype --vul_func_name T1_Get_Private_Dict
2025-08-15 11:44:21,859 - INFO - success CVE-2015-9381,details in cve_test/CVE-2015-9381.log

2025-08-15 11:44:21,861 - INFO - detecting CVE-2015-9381 T1_Get_Private_Dict
2025-08-15 11:44:21,861 - INFO - cmd: python main.py --detect --cve_id CVE-2015-9381 --target_bin /binaries/target/freetype/freetype-2.6.3-o0-freetype --vul_func_name T1_Get_Private_Dict
2025-08-15 11:44:28,329 - INFO - success CVE-2015-9381,details in cve_test/CVE-2015-9381.log

2025-08-15 11:44:28,331 - INFO - detecting CVE-2017-7864 tt_size_reset
2025-08-15 11:44:28,331 - INFO - cmd: python main.py --detect --cve_id CVE-2017-7864 --target_bin /binaries/target/freetype/freetype-2.7.1-o0-freetype --vul_func_name tt_size_reset
2025-08-15 11:44:35,284 - INFO - success CVE-2017-7864,details in cve_test/CVE-2017-7864.log

2025-08-15 11:44:35,285 - INFO - detecting CVE-2017-7864 tt_size_reset
2025-08-15 11:44:35,286 - INFO - cmd: python main.py --detect --cve_id CVE-2017-7864 --target_bin /binaries/target/freetype/freetype-2.7-o0-freetype --vul_func_name tt_size_reset
2025-08-15 11:44:42,638 - INFO - success CVE-2017-7864,details in cve_test/CVE-2017-7864.log

2025-08-15 11:44:42,640 - INFO - detecting CVE-2017-7864 tt_size_reset
2025-08-15 11:44:42,640 - INFO - cmd: python main.py --detect --cve_id CVE-2017-7864 --target_bin /binaries/target/freetype/freetype-2.6.5-o0-freetype --vul_func_name tt_size_reset
2025-08-15 11:44:52,960 - INFO - success CVE-2017-7864,details in cve_test/CVE-2017-7864.log

2025-08-15 11:44:52,961 - INFO - detecting CVE-2017-7864 tt_size_reset
2025-08-15 11:44:52,962 - INFO - cmd: python main.py --detect --cve_id CVE-2017-7864 --target_bin /binaries/target/freetype/freetype-2.8-o0-freetype --vul_func_name tt_size_reset
2025-08-15 11:45:01,491 - INFO - success CVE-2017-7864,details in cve_test/CVE-2017-7864.log

2025-08-15 11:45:01,492 - INFO - detecting CVE-2017-7864 tt_size_reset
2025-08-15 11:45:01,493 - INFO - cmd: python main.py --detect --cve_id CVE-2017-7864 --target_bin /binaries/target/freetype/freetype-2.8.1-o0-freetype --vul_func_name tt_size_reset
2025-08-15 11:45:09,392 - INFO - success CVE-2017-7864,details in cve_test/CVE-2017-7864.log

2025-08-15 11:45:09,394 - INFO - detecting CVE-2017-7864 tt_size_reset
2025-08-15 11:45:09,394 - INFO - cmd: python main.py --detect --cve_id CVE-2017-7864 --target_bin /binaries/target/freetype/freetype-2.9-o0-freetype --vul_func_name tt_size_reset
2025-08-15 11:45:17,268 - INFO - success CVE-2017-7864,details in cve_test/CVE-2017-7864.log