CVE ID: CVE-2010-2497
Target Binary: /binaries/target/freetype/freetype-2.3.12-o0-freetype
Vulnerable Function Name: gray_render_cubic
Overall Score is: -0.773
--------------------------------------------
CVE ID: CVE-2010-2497
Target Binary: /binaries/target/freetype/freetype-2.3.11-o0-freetype
Vulnerable Function Name: gray_render_cubic
Overall Score is: -0.773
--------------------------------------------
CVE ID: CVE-2010-2497
Target Binary: /binaries/target/freetype/freetype-2.3.10-o0-freetype
Vulnerable Function Name: gray_render_cubic
Overall Score is: -0.773
--------------------------------------------
CVE ID: CVE-2010-2497
Target Binary: /binaries/target/freetype/freetype-2.4.0-o0-freetype
Vulnerable Function Name: gray_render_cubic
Overall Score is: 0.871
--------------------------------------------
CVE ID: CVE-2010-2497
Target Binary: /binaries/target/freetype/freetype-2.4.1-o0-freetype
Vulnerable Function Name: gray_render_cubic
Overall Score is: 0.871
--------------------------------------------
CVE ID: CVE-2010-2497
Target Binary: /binaries/target/freetype/freetype-2.4.2-o0-freetype
Vulnerable Function Name: gray_render_cubic
Overall Score is: 0.871
--------------------------------------------
CVE ID: CVE-2010-3855
Target Binary: /binaries/target/freetype/freetype-2.4.3-o0-freetype
Vulnerable Function Name: ft_var_readpackedpoints
Overall Score is: -0.058
--------------------------------------------
CVE ID: CVE-2010-3855
Target Binary: /binaries/target/freetype/freetype-2.4.2-o0-freetype
Vulnerable Function Name: ft_var_readpackedpoints
Overall Score is: -0.058
--------------------------------------------
CVE ID: CVE-2010-3855
Target Binary: /binaries/target/freetype/freetype-2.4.1-o0-freetype
Vulnerable Function Name: ft_var_readpackedpoints
Overall Score is: -0.058
--------------------------------------------
CVE ID: CVE-2010-3855
Target Binary: /binaries/target/freetype/freetype-2.4.4-o0-freetype
Vulnerable Function Name: ft_var_readpackedpoints
Overall Score is: 0.512
--------------------------------------------
CVE ID: CVE-2010-3855
Target Binary: /binaries/target/freetype/freetype-2.4.5-o0-freetype
Vulnerable Function Name: ft_var_readpackedpoints
Overall Score is: 0.360
--------------------------------------------
CVE ID: CVE-2010-3855
Target Binary: /binaries/target/freetype/freetype-2.4.6-o0-freetype
Vulnerable Function Name: ft_var_readpackedpoints
Overall Score is: 0.360
--------------------------------------------
CVE ID: CVE-2014-9746
Target Binary: /binaries/target/freetype/freetype-2.5.3-o0-freetype
Vulnerable Function Name: t1_parse_font_matrix
Overall Score is: 0.703
--------------------------------------------
CVE ID: CVE-2014-9746
Target Binary: /binaries/target/freetype/freetype-2.5.2-o0-freetype
Vulnerable Function Name: t1_parse_font_matrix
Overall Score is: -0.492
--------------------------------------------
CVE ID: CVE-2014-9746
Target Binary: /binaries/target/freetype/freetype-2.5.1-o0-freetype
Vulnerable Function Name: t1_parse_font_matrix
Overall Score is: -0.492
--------------------------------------------
CVE ID: CVE-2014-9746
Target Binary: /binaries/target/freetype/freetype-2.5.4-o0-freetype
Vulnerable Function Name: t1_parse_font_matrix
Overall Score is: 0.703
--------------------------------------------
CVE ID: CVE-2014-9746
Target Binary: /binaries/target/freetype/freetype-2.5.5-o0-freetype
Vulnerable Function Name: t1_parse_font_matrix
Overall Score is: 0.703
--------------------------------------------
CVE ID: CVE-2014-9746
Target Binary: /binaries/target/freetype/freetype-2.6-o0-freetype
Vulnerable Function Name: t1_parse_font_matrix
Overall Score is: 0.703
--------------------------------------------
CVE ID: CVE-2014-9746
Target Binary: /binaries/target/freetype/freetype-2.5.3-o0-freetype
Vulnerable Function Name: t42_parse_font_matrix
Overall Score is: 0.777
--------------------------------------------
CVE ID: CVE-2014-9746
Target Binary: /binaries/target/freetype/freetype-2.5.2-o0-freetype
Vulnerable Function Name: t42_parse_font_matrix
Overall Score is: -0.353
--------------------------------------------
CVE ID: CVE-2014-9746
Target Binary: /binaries/target/freetype/freetype-2.5.1-o0-freetype
Vulnerable Function Name: t42_parse_font_matrix
Overall Score is: -0.353
--------------------------------------------
CVE ID: CVE-2014-9746
Target Binary: /binaries/target/freetype/freetype-2.5.4-o0-freetype
Vulnerable Function Name: t42_parse_font_matrix
Overall Score is: 0.777
--------------------------------------------
CVE ID: CVE-2014-9746
Target Binary: /binaries/target/freetype/freetype-2.5.5-o0-freetype
Vulnerable Function Name: t42_parse_font_matrix
Overall Score is: 0.777
--------------------------------------------
CVE ID: CVE-2014-9746
Target Binary: /binaries/target/freetype/freetype-2.6-o0-freetype
Vulnerable Function Name: t42_parse_font_matrix
Overall Score is: 0.777
--------------------------------------------
CVE ID: CVE-2014-9670
Target Binary: /binaries/target/freetype/freetype-2.5.3-o0-freetype
Vulnerable Function Name: pcf_get_encodings
Overall Score is: -0.094
--------------------------------------------
CVE ID: CVE-2014-9670
Target Binary: /binaries/target/freetype/freetype-2.5.2-o0-freetype
Vulnerable Function Name: pcf_get_encodings
Overall Score is: -0.094
--------------------------------------------
CVE ID: CVE-2014-9670
Target Binary: /binaries/target/freetype/freetype-2.5.1-o0-freetype
Vulnerable Function Name: pcf_get_encodings
Overall Score is: -0.094
--------------------------------------------
CVE ID: CVE-2014-9670
Target Binary: /binaries/target/freetype/freetype-2.5.4-o0-freetype
Vulnerable Function Name: pcf_get_encodings
Overall Score is: 0.611
--------------------------------------------
CVE ID: CVE-2014-9670
Target Binary: /binaries/target/freetype/freetype-2.5.5-o0-freetype
Vulnerable Function Name: pcf_get_encodings
Overall Score is: 0.611
--------------------------------------------
CVE ID: CVE-2014-9670
Target Binary: /binaries/target/freetype/freetype-2.6-o0-freetype
Vulnerable Function Name: pcf_get_encodings
Overall Score is: 0.649
--------------------------------------------
CVE ID: CVE-2014-9669
Target Binary: /binaries/target/freetype/freetype-2.5.3-o0-freetype
Vulnerable Function Name: tt_cmap12_validate
Overall Score is: -0.477
--------------------------------------------
CVE ID: CVE-2014-9669
Target Binary: /binaries/target/freetype/freetype-2.5.2-o0-freetype
Vulnerable Function Name: tt_cmap12_validate
Overall Score is: -0.477
--------------------------------------------
CVE ID: CVE-2014-9669
Target Binary: /binaries/target/freetype/freetype-2.5.1-o0-freetype
Vulnerable Function Name: tt_cmap12_validate
Overall Score is: -0.477
--------------------------------------------
CVE ID: CVE-2014-9669
Target Binary: /binaries/target/freetype/freetype-2.5.4-o0-freetype
Vulnerable Function Name: tt_cmap12_validate
Overall Score is: 0.759
--------------------------------------------
CVE ID: CVE-2014-9669
Target Binary: /binaries/target/freetype/freetype-2.5.5-o0-freetype
Vulnerable Function Name: tt_cmap12_validate
Overall Score is: 0.788
--------------------------------------------
CVE ID: CVE-2014-9669
Target Binary: /binaries/target/freetype/freetype-2.6-o0-freetype
Vulnerable Function Name: tt_cmap12_validate
Overall Score is: 0.788
--------------------------------------------
CVE ID: CVE-2014-9662
Target Binary: /binaries/target/freetype/freetype-2.5.3-o0-freetype
Vulnerable Function Name: cf2_builder_cubeTo
Overall Score is: -0.920
--------------------------------------------
CVE ID: CVE-2014-9662
Target Binary: /binaries/target/freetype/freetype-2.5.2-o0-freetype
Vulnerable Function Name: cf2_builder_cubeTo
Overall Score is: -0.920
--------------------------------------------
CVE ID: CVE-2014-9662
Target Binary: /binaries/target/freetype/freetype-2.5.1-o0-freetype
Vulnerable Function Name: cf2_builder_cubeTo
Overall Score is: -0.920
--------------------------------------------
CVE ID: CVE-2014-9662
Target Binary: /binaries/target/freetype/freetype-2.5.4-o0-freetype
Vulnerable Function Name: cf2_builder_cubeTo
Overall Score is: 0.958
--------------------------------------------
CVE ID: CVE-2014-9662
Target Binary: /binaries/target/freetype/freetype-2.5.5-o0-freetype
Vulnerable Function Name: cf2_builder_cubeTo
Overall Score is: 0.958
--------------------------------------------
CVE ID: CVE-2014-9662
Target Binary: /binaries/target/freetype/freetype-2.6-o0-freetype
Vulnerable Function Name: cf2_builder_cubeTo
Overall Score is: 0.958
--------------------------------------------
CVE ID: CVE-2014-9662
Target Binary: /binaries/target/freetype/freetype-2.5.3-o0-freetype
Vulnerable Function Name: cf2_builder_lineTo
Overall Score is: -0.920
--------------------------------------------
CVE ID: CVE-2014-9662
Target Binary: /binaries/target/freetype/freetype-2.5.2-o0-freetype
Vulnerable Function Name: cf2_builder_lineTo
Overall Score is: -0.920
--------------------------------------------
CVE ID: CVE-2014-9662
Target Binary: /binaries/target/freetype/freetype-2.5.1-o0-freetype
Vulnerable Function Name: cf2_builder_lineTo
Overall Score is: -0.920
--------------------------------------------
CVE ID: CVE-2014-9662
Target Binary: /binaries/target/freetype/freetype-2.5.4-o0-freetype
Vulnerable Function Name: cf2_builder_lineTo
Overall Score is: 0.958
--------------------------------------------
CVE ID: CVE-2014-9662
Target Binary: /binaries/target/freetype/freetype-2.5.5-o0-freetype
Vulnerable Function Name: cf2_builder_lineTo
Overall Score is: 0.958
--------------------------------------------
CVE ID: CVE-2014-9662
Target Binary: /binaries/target/freetype/freetype-2.6-o0-freetype
Vulnerable Function Name: cf2_builder_lineTo
Overall Score is: 0.958
--------------------------------------------
CVE ID: CVE-2014-9674
Target Binary: /binaries/target/freetype/freetype-2.5.3-o0-freetype
Vulnerable Function Name: Mac_Read_POST_Resource
Overall Score is: 0.153
--------------------------------------------
CVE ID: CVE-2014-9674
Target Binary: /binaries/target/freetype/freetype-2.5.2-o0-freetype
Vulnerable Function Name: Mac_Read_POST_Resource
Overall Score is: 0.153
--------------------------------------------
CVE ID: CVE-2014-9674
Target Binary: /binaries/target/freetype/freetype-2.5.1-o0-freetype
Vulnerable Function Name: Mac_Read_POST_Resource
Overall Score is: 0.153
--------------------------------------------
CVE ID: CVE-2014-9674
Target Binary: /binaries/target/freetype/freetype-2.5.4-o0-freetype
Vulnerable Function Name: Mac_Read_POST_Resource
Overall Score is: 0.153
--------------------------------------------
CVE ID: CVE-2014-9674
Target Binary: /binaries/target/freetype/freetype-2.5.5-o0-freetype
Vulnerable Function Name: Mac_Read_POST_Resource
Overall Score is: 0.153
--------------------------------------------
CVE ID: CVE-2014-9674
Target Binary: /binaries/target/freetype/freetype-2.6-o0-freetype
Vulnerable Function Name: Mac_Read_POST_Resource
Overall Score is: 0.153
--------------------------------------------
CVE ID: CVE-2015-9382
Target Binary: /binaries/target/freetype/freetype-2.5.5-o0-freetype
Vulnerable Function Name: ps_parser_skip_PS_token
Overall Score is: -0.076
--------------------------------------------
CVE ID: CVE-2015-9382
Target Binary: /binaries/target/freetype/freetype-2.5.4-o0-freetype
Vulnerable Function Name: ps_parser_skip_PS_token
Overall Score is: -0.076
--------------------------------------------
CVE ID: CVE-2015-9382
Target Binary: /binaries/target/freetype/freetype-2.5.3-o0-freetype
Vulnerable Function Name: ps_parser_skip_PS_token
Overall Score is: -0.076
--------------------------------------------
CVE ID: CVE-2015-9382
Target Binary: /binaries/target/freetype/freetype-2.6.1-o0-freetype
Vulnerable Function Name: ps_parser_skip_PS_token
Overall Score is: 0.565
--------------------------------------------
CVE ID: CVE-2015-9382
Target Binary: /binaries/target/freetype/freetype-2.6.2-o0-freetype
Vulnerable Function Name: ps_parser_skip_PS_token
Overall Score is: 0.565
--------------------------------------------
CVE ID: CVE-2015-9382
Target Binary: /binaries/target/freetype/freetype-2.6.3-o0-freetype
Vulnerable Function Name: ps_parser_skip_PS_token
Overall Score is: 0.565
--------------------------------------------
CVE ID: CVE-2015-9381
Target Binary: /binaries/target/freetype/freetype-2.5.5-o0-freetype
Vulnerable Function Name: T1_Get_Private_Dict
Overall Score is: -0.106
--------------------------------------------
CVE ID: CVE-2015-9381
Target Binary: /binaries/target/freetype/freetype-2.5.4-o0-freetype
Vulnerable Function Name: T1_Get_Private_Dict
Overall Score is: -0.106
--------------------------------------------
CVE ID: CVE-2015-9381
Target Binary: /binaries/target/freetype/freetype-2.5.3-o0-freetype
Vulnerable Function Name: T1_Get_Private_Dict
Overall Score is: -0.106
--------------------------------------------
CVE ID: CVE-2015-9381
Target Binary: /binaries/target/freetype/freetype-2.6.1-o0-freetype
Vulnerable Function Name: T1_Get_Private_Dict
Overall Score is: 0.468
--------------------------------------------
CVE ID: CVE-2015-9381
Target Binary: /binaries/target/freetype/freetype-2.6.2-o0-freetype
Vulnerable Function Name: T1_Get_Private_Dict
Overall Score is: 0.468
--------------------------------------------
CVE ID: CVE-2015-9381
Target Binary: /binaries/target/freetype/freetype-2.6.3-o0-freetype
Vulnerable Function Name: T1_Get_Private_Dict
Overall Score is: 0.468
--------------------------------------------
CVE ID: CVE-2017-7864
Target Binary: /binaries/target/freetype/freetype-2.7.1-o0-freetype
Vulnerable Function Name: tt_size_reset
Overall Score is: -0.733
--------------------------------------------
CVE ID: CVE-2017-7864
Target Binary: /binaries/target/freetype/freetype-2.7-o0-freetype
Vulnerable Function Name: tt_size_reset
Overall Score is: -0.733
--------------------------------------------
CVE ID: CVE-2017-7864
Target Binary: /binaries/target/freetype/freetype-2.6.5-o0-freetype
Vulnerable Function Name: tt_size_reset
Overall Score is: -0.733
--------------------------------------------
CVE ID: CVE-2017-7864
Target Binary: /binaries/target/freetype/freetype-2.8-o0-freetype
Vulnerable Function Name: tt_size_reset
Overall Score is: 0.855
--------------------------------------------
CVE ID: CVE-2017-7864
Target Binary: /binaries/target/freetype/freetype-2.8.1-o0-freetype
Vulnerable Function Name: tt_size_reset
Overall Score is: 0.855
--------------------------------------------
CVE ID: CVE-2017-7864
Target Binary: /binaries/target/freetype/freetype-2.9-o0-freetype
Vulnerable Function Name: tt_size_reset
Overall Score is: 0.849
--------------------------------------------