CVE ID: CVE-2013-0338
Target Binary: /binaries/target/libxml2/libxml2-2.9.0-o0-libxml2
Vulnerable Function Name: xmlParserEntityCheck
Overall Score is: 0.066
--------------------------------------------
CVE ID: CVE-2013-0338
Target Binary: /binaries/target/libxml2/libxml2-2.8.0-o0-libxml2
Vulnerable Function Name: xmlParserEntityCheck
Overall Score is: 0.066
--------------------------------------------
CVE ID: CVE-2013-0338
Target Binary: /binaries/target/libxml2/libxml2-2.8.0-rc2-o0-libxml2
Vulnerable Function Name: xmlParserEntityCheck
Overall Score is: 0.066
--------------------------------------------
CVE ID: CVE-2013-0338
Target Binary: /binaries/target/libxml2/libxml2-2.9.1-o0-libxml2
Vulnerable Function Name: xmlParserEntityCheck
Overall Score is: 0.523
--------------------------------------------
CVE ID: CVE-2013-0338
Target Binary: /binaries/target/libxml2/libxml2-2.9.2-rc1-o0-libxml2
Vulnerable Function Name: xmlParserEntityCheck
Overall Score is: 0.523
--------------------------------------------
CVE ID: CVE-2013-0338
Target Binary: /binaries/target/libxml2/libxml2-2.9.2-rc2-o0-libxml2
Vulnerable Function Name: xmlParserEntityCheck
Overall Score is: 0.523
--------------------------------------------
CVE ID: CVE-2013-1969
Target Binary: /binaries/target/libxml2/libxml2-2.9.0-o0-libxml2
Vulnerable Function Name: htmlParseChunk__internal_alias
Overall Score is: -0.477
--------------------------------------------
CVE ID: CVE-2013-1969
Target Binary: /binaries/target/libxml2/libxml2-2.9.1-o0-libxml2
Vulnerable Function Name: htmlParseChunk__internal_alias
Overall Score is: 0.759
--------------------------------------------
CVE ID: CVE-2013-1969
Target Binary: /binaries/target/libxml2/libxml2-2.9.2-rc1-o0-libxml2
Vulnerable Function Name: htmlParseChunk__internal_alias
Overall Score is: 0.759
--------------------------------------------
CVE ID: CVE-2013-1969
Target Binary: /binaries/target/libxml2/libxml2-2.9.2-rc2-o0-libxml2
Vulnerable Function Name: htmlParseChunk__internal_alias
Overall Score is: 0.759
--------------------------------------------
CVE ID: CVE-2015-7498
Target Binary: /binaries/target/libxml2/libxml2-2.9.2-o0-libxml2
Vulnerable Function Name: xmlParseXMLDecl__internal_alias
Overall Score is: 0.029
--------------------------------------------
CVE ID: CVE-2015-7498
Target Binary: /binaries/target/libxml2/libxml2-2.9.1-o0-libxml2
Vulnerable Function Name: xmlParseXMLDecl__internal_alias
Overall Score is: 0.165
--------------------------------------------
CVE ID: CVE-2015-7498
Target Binary: /binaries/target/libxml2/libxml2-2.9.0-o0-libxml2
Vulnerable Function Name: xmlParseXMLDecl__internal_alias
Overall Score is: 0.165
--------------------------------------------
CVE ID: CVE-2015-7498
Target Binary: /binaries/target/libxml2/libxml2-2.9.3-o0-libxml2
Vulnerable Function Name: xmlParseXMLDecl__internal_alias
Overall Score is: 0.251
--------------------------------------------
CVE ID: CVE-2015-7498
Target Binary: /binaries/target/libxml2/libxml2-2.9.4-o0-libxml2
Vulnerable Function Name: xmlParseXMLDecl__internal_alias
Overall Score is: 0.285
--------------------------------------------
CVE ID: CVE-2015-7498
Target Binary: /binaries/target/libxml2/libxml2-2.9.5-rc1-o0-libxml2
Vulnerable Function Name: xmlParseXMLDecl__internal_alias
Overall Score is: 0.273
--------------------------------------------
CVE ID: CVE-2015-7498
Target Binary: /binaries/target/libxml2/libxml2-2.9.2-o0-libxml2
Vulnerable Function Name: xmlSwitchEncoding__internal_alias
Overall Score is: 0.006
--------------------------------------------
CVE ID: CVE-2015-7498
Target Binary: /binaries/target/libxml2/libxml2-2.9.1-o0-libxml2
Vulnerable Function Name: xmlSwitchEncoding__internal_alias
Overall Score is: 0.006
--------------------------------------------
CVE ID: CVE-2015-7498
Target Binary: /binaries/target/libxml2/libxml2-2.9.0-o0-libxml2
Vulnerable Function Name: xmlSwitchEncoding__internal_alias
Overall Score is: 0.006
--------------------------------------------
CVE ID: CVE-2015-7498
Target Binary: /binaries/target/libxml2/libxml2-2.9.3-o0-libxml2
Vulnerable Function Name: xmlSwitchEncoding__internal_alias
Overall Score is: 0.437
--------------------------------------------
CVE ID: CVE-2015-7498
Target Binary: /binaries/target/libxml2/libxml2-2.9.4-o0-libxml2
Vulnerable Function Name: xmlSwitchEncoding__internal_alias
Overall Score is: 0.437
--------------------------------------------
CVE ID: CVE-2015-7498
Target Binary: /binaries/target/libxml2/libxml2-2.9.5-rc1-o0-libxml2
Vulnerable Function Name: xmlSwitchEncoding__internal_alias
Overall Score is: 0.437
--------------------------------------------
CVE ID: CVE-2015-7500
Target Binary: /binaries/target/libxml2/libxml2-2.9.2-o0-libxml2
Vulnerable Function Name: xmlParseStartTag2
Overall Score is: 0.137
--------------------------------------------
CVE ID: CVE-2015-7500
Target Binary: /binaries/target/libxml2/libxml2-2.9.1-o0-libxml2
Vulnerable Function Name: xmlParseStartTag2
Overall Score is: 0.137
--------------------------------------------
CVE ID: CVE-2015-7500
Target Binary: /binaries/target/libxml2/libxml2-2.9.0-o0-libxml2
Vulnerable Function Name: xmlParseStartTag2
Overall Score is: 0.137
--------------------------------------------
CVE ID: CVE-2015-7500
Target Binary: /binaries/target/libxml2/libxml2-2.9.4-o0-libxml2
Vulnerable Function Name: xmlParseStartTag2
Overall Score is: 0.325
--------------------------------------------
CVE ID: CVE-2015-7500
Target Binary: /binaries/target/libxml2/libxml2-2.9.5-rc1-o0-libxml2
Vulnerable Function Name: xmlParseStartTag2
Overall Score is: 0.233
--------------------------------------------
CVE ID: CVE-2015-7500
Target Binary: /binaries/target/libxml2/libxml2-2.9.5-rc2-o0-libxml2
Vulnerable Function Name: xmlParseStartTag2
Overall Score is: 0.233
--------------------------------------------
CVE ID: CVE-2015-7941
Target Binary: /binaries/target/libxml2/libxml2-2.9.2-o0-libxml2
Vulnerable Function Name: xmlParseConditionalSections
Overall Score is: -0.921
--------------------------------------------
CVE ID: CVE-2015-7941
Target Binary: /binaries/target/libxml2/libxml2-2.9.3-o0-libxml2
Vulnerable Function Name: xmlParseConditionalSections
Overall Score is: 0.825
--------------------------------------------
CVE ID: CVE-2015-7941
Target Binary: /binaries/target/libxml2/libxml2-2.9.4-o0-libxml2
Vulnerable Function Name: xmlParseConditionalSections
Overall Score is: 0.825
--------------------------------------------
CVE ID: CVE-2015-7941
Target Binary: /binaries/target/libxml2/libxml2-2.9.5-rc1-o0-libxml2
Vulnerable Function Name: xmlParseConditionalSections
Overall Score is: 0.824
--------------------------------------------
CVE ID: CVE-2015-8241
Target Binary: /binaries/target/libxml2/libxml2-2.9.2-o0-libxml2
Vulnerable Function Name: xmlParseMarkupDecl__internal_alias
Overall Score is: 0.001
--------------------------------------------
CVE ID: CVE-2015-8241
Target Binary: /binaries/target/libxml2/libxml2-2.9.1-o0-libxml2
Vulnerable Function Name: xmlParseMarkupDecl__internal_alias
Overall Score is: 0.135
--------------------------------------------
CVE ID: CVE-2015-8241
Target Binary: /binaries/target/libxml2/libxml2-2.9.0-o0-libxml2
Vulnerable Function Name: xmlParseMarkupDecl__internal_alias
Overall Score is: 0.135
--------------------------------------------
CVE ID: CVE-2015-8241
Target Binary: /binaries/target/libxml2/libxml2-2.9.3-o0-libxml2
Vulnerable Function Name: xmlParseMarkupDecl__internal_alias
Overall Score is: 0.337
--------------------------------------------
CVE ID: CVE-2015-8241
Target Binary: /binaries/target/libxml2/libxml2-2.9.4-o0-libxml2
Vulnerable Function Name: xmlParseMarkupDecl__internal_alias
Overall Score is: 0.337
--------------------------------------------
CVE ID: CVE-2015-8241
Target Binary: /binaries/target/libxml2/libxml2-2.9.5-rc1-o0-libxml2
Vulnerable Function Name: xmlParseMarkupDecl__internal_alias
Overall Score is: 0.326
--------------------------------------------
CVE ID: CVE-2016-1762
Target Binary: /binaries/target/libxml2/libxml2-2.9.3-o0-libxml2
Vulnerable Function Name: xmlParseInternalSubset
Overall Score is: -0.824
--------------------------------------------
CVE ID: CVE-2016-1762
Target Binary: /binaries/target/libxml2/libxml2-2.9.2-o0-libxml2
Vulnerable Function Name: xmlParseInternalSubset
Overall Score is: -0.824
--------------------------------------------
CVE ID: CVE-2016-1762
Target Binary: /binaries/target/libxml2/libxml2-2.9.2-rc2-o0-libxml2
Vulnerable Function Name: xmlParseInternalSubset
Overall Score is: -0.824
--------------------------------------------
CVE ID: CVE-2016-1762
Target Binary: /binaries/target/libxml2/libxml2-2.9.4-o0-libxml2
Vulnerable Function Name: xmlParseInternalSubset
Overall Score is: 0.782
--------------------------------------------
CVE ID: CVE-2016-1762
Target Binary: /binaries/target/libxml2/libxml2-2.9.5-rc1-o0-libxml2
Vulnerable Function Name: xmlParseInternalSubset
Overall Score is: 0.782
--------------------------------------------
CVE ID: CVE-2016-1762
Target Binary: /binaries/target/libxml2/libxml2-2.9.5-rc2-o0-libxml2
Vulnerable Function Name: xmlParseInternalSubset
Overall Score is: 0.782
--------------------------------------------
CVE ID: CVE-2016-1836
Target Binary: /binaries/target/libxml2/libxml2-2.9.3-o0-libxml2
Vulnerable Function Name: xmlParseNCNameComplex
Overall Score is: -0.035
--------------------------------------------
CVE ID: CVE-2016-1836
Target Binary: /binaries/target/libxml2/libxml2-2.9.2-o0-libxml2
Vulnerable Function Name: xmlParseNCNameComplex
Overall Score is: 0.193
--------------------------------------------
CVE ID: CVE-2016-1836
Target Binary: /binaries/target/libxml2/libxml2-2.9.2-rc2-o0-libxml2
Vulnerable Function Name: xmlParseNCNameComplex
Overall Score is: 0.193
--------------------------------------------
CVE ID: CVE-2016-1836
Target Binary: /binaries/target/libxml2/libxml2-2.9.5-rc1-o0-libxml2
Vulnerable Function Name: xmlParseNCNameComplex
Overall Score is: 0.376
--------------------------------------------
CVE ID: CVE-2016-1836
Target Binary: /binaries/target/libxml2/libxml2-2.9.5-rc2-o0-libxml2
Vulnerable Function Name: xmlParseNCNameComplex
Overall Score is: 0.376
--------------------------------------------
CVE ID: CVE-2016-1836
Target Binary: /binaries/target/libxml2/libxml2-2.9.5-o0-libxml2
Vulnerable Function Name: xmlParseNCNameComplex
Overall Score is: 0.376
--------------------------------------------
CVE ID: CVE-2016-1837
Target Binary: /binaries/target/libxml2/libxml2-2.9.3-o0-libxml2
Vulnerable Function Name: htmlParseSystemLiteral
Overall Score is: -0.293
--------------------------------------------
CVE ID: CVE-2016-1837
Target Binary: /binaries/target/libxml2/libxml2-2.9.2-o0-libxml2
Vulnerable Function Name: htmlParseSystemLiteral
Overall Score is: -0.293
--------------------------------------------
CVE ID: CVE-2016-1837
Target Binary: /binaries/target/libxml2/libxml2-2.9.2-rc2-o0-libxml2
Vulnerable Function Name: htmlParseSystemLiteral
Overall Score is: -0.293
--------------------------------------------
CVE ID: CVE-2016-1837
Target Binary: /binaries/target/libxml2/libxml2-2.9.5-rc1-o0-libxml2
Vulnerable Function Name: htmlParseSystemLiteral
Overall Score is: 0.713
--------------------------------------------
CVE ID: CVE-2016-1837
Target Binary: /binaries/target/libxml2/libxml2-2.9.5-rc2-o0-libxml2
Vulnerable Function Name: htmlParseSystemLiteral
Overall Score is: 0.713
--------------------------------------------
CVE ID: CVE-2016-1837
Target Binary: /binaries/target/libxml2/libxml2-2.9.5-o0-libxml2
Vulnerable Function Name: htmlParseSystemLiteral
Overall Score is: 0.713
--------------------------------------------
CVE ID: CVE-2016-4658
Target Binary: /binaries/target/libxml2/libxml2-2.9.4-o0-libxml2
Vulnerable Function Name: xmlXPtrNewRangeNodeObject__internal_alias
Overall Score is: -0.164
--------------------------------------------
CVE ID: CVE-2016-4658
Target Binary: /binaries/target/libxml2/libxml2-2.9.3-o0-libxml2
Vulnerable Function Name: xmlXPtrNewRangeNodeObject__internal_alias
Overall Score is: -0.164
--------------------------------------------
CVE ID: CVE-2016-4658
Target Binary: /binaries/target/libxml2/libxml2-2.9.2-o0-libxml2
Vulnerable Function Name: xmlXPtrNewRangeNodeObject__internal_alias
Overall Score is: -0.164
--------------------------------------------
CVE ID: CVE-2016-4658
Target Binary: /binaries/target/libxml2/libxml2-2.9.5-rc1-o0-libxml2
Vulnerable Function Name: xmlXPtrNewRangeNodeObject__internal_alias
Overall Score is: 0.387
--------------------------------------------
CVE ID: CVE-2016-4658
Target Binary: /binaries/target/libxml2/libxml2-2.9.5-rc2-o0-libxml2
Vulnerable Function Name: xmlXPtrNewRangeNodeObject__internal_alias
Overall Score is: 0.387
--------------------------------------------
CVE ID: CVE-2016-4658
Target Binary: /binaries/target/libxml2/libxml2-2.9.5-o0-libxml2
Vulnerable Function Name: xmlXPtrNewRangeNodeObject__internal_alias
Overall Score is: 0.387
--------------------------------------------
CVE ID: CVE-2017-16931
Target Binary: /binaries/target/libxml2/libxml2-2.9.4-o0-libxml2
Vulnerable Function Name: xmlParseNameComplex
Overall Score is: -0.076
--------------------------------------------
CVE ID: CVE-2017-16931
Target Binary: /binaries/target/libxml2/libxml2-2.9.3-o0-libxml2
Vulnerable Function Name: xmlParseNameComplex
Overall Score is: -0.076
--------------------------------------------
CVE ID: CVE-2017-16931
Target Binary: /binaries/target/libxml2/libxml2-2.9.2-o0-libxml2
Vulnerable Function Name: xmlParseNameComplex
Overall Score is: -0.076
--------------------------------------------
CVE ID: CVE-2017-16931
Target Binary: /binaries/target/libxml2/libxml2-2.9.5-rc1-o0-libxml2
Vulnerable Function Name: xmlParseNameComplex
Overall Score is: 0.523
--------------------------------------------
CVE ID: CVE-2017-16931
Target Binary: /binaries/target/libxml2/libxml2-2.9.5-rc2-o0-libxml2
Vulnerable Function Name: xmlParseNameComplex
Overall Score is: 0.523
--------------------------------------------
CVE ID: CVE-2017-16931
Target Binary: /binaries/target/libxml2/libxml2-2.9.5-o0-libxml2
Vulnerable Function Name: xmlParseNameComplex
Overall Score is: 0.523
--------------------------------------------
CVE ID: CVE-2017-5130
Target Binary: /binaries/target/libxml2/libxml2-2.9.4-o0-libxml2
Vulnerable Function Name: xmlMallocLoc__internal_alias
Overall Score is: -0.907
--------------------------------------------
CVE ID: CVE-2017-5130
Target Binary: /binaries/target/libxml2/libxml2-2.9.3-o0-libxml2
Vulnerable Function Name: xmlMallocLoc__internal_alias
Overall Score is: -0.907
--------------------------------------------
CVE ID: CVE-2017-5130
Target Binary: /binaries/target/libxml2/libxml2-2.9.2-o0-libxml2
Vulnerable Function Name: xmlMallocLoc__internal_alias
Overall Score is: -0.907
--------------------------------------------
CVE ID: CVE-2017-5130
Target Binary: /binaries/target/libxml2/libxml2-2.9.5-rc1-o0-libxml2
Vulnerable Function Name: xmlMallocLoc__internal_alias
Overall Score is: 0.813
--------------------------------------------
CVE ID: CVE-2017-5130
Target Binary: /binaries/target/libxml2/libxml2-2.9.5-rc2-o0-libxml2
Vulnerable Function Name: xmlMallocLoc__internal_alias
Overall Score is: 0.813
--------------------------------------------
CVE ID: CVE-2017-5130
Target Binary: /binaries/target/libxml2/libxml2-2.9.5-o0-libxml2
Vulnerable Function Name: xmlMallocLoc__internal_alias
Overall Score is: 0.813
--------------------------------------------
CVE ID: CVE-2017-5130
Target Binary: /binaries/target/libxml2/libxml2-2.9.4-o0-libxml2
Vulnerable Function Name: xmlMemStrdupLoc__internal_alias
Overall Score is: 0.038
--------------------------------------------
CVE ID: CVE-2017-5130
Target Binary: /binaries/target/libxml2/libxml2-2.9.3-o0-libxml2
Vulnerable Function Name: xmlMemStrdupLoc__internal_alias
Overall Score is: 0.038
--------------------------------------------
CVE ID: CVE-2017-5130
Target Binary: /binaries/target/libxml2/libxml2-2.9.2-o0-libxml2
Vulnerable Function Name: xmlMemStrdupLoc__internal_alias
Overall Score is: 0.038
--------------------------------------------
CVE ID: CVE-2017-5130
Target Binary: /binaries/target/libxml2/libxml2-2.9.5-rc1-o0-libxml2
Vulnerable Function Name: xmlMemStrdupLoc__internal_alias
Overall Score is: 0.428
--------------------------------------------
CVE ID: CVE-2017-5130
Target Binary: /binaries/target/libxml2/libxml2-2.9.5-rc2-o0-libxml2
Vulnerable Function Name: xmlMemStrdupLoc__internal_alias
Overall Score is: 0.428
--------------------------------------------
CVE ID: CVE-2017-5130
Target Binary: /binaries/target/libxml2/libxml2-2.9.5-o0-libxml2
Vulnerable Function Name: xmlMemStrdupLoc__internal_alias
Overall Score is: 0.428
--------------------------------------------
CVE ID: CVE-2022-23308
Target Binary: /binaries/target/libxml2/libxml2-2.9.11-o0-libxml2
Vulnerable Function Name: xmlValidCtxtNormalizeAttributeValue__internal_alias
Overall Score is: -0.232
--------------------------------------------
CVE ID: CVE-2022-23308
Target Binary: /binaries/target/libxml2/libxml2-2.9.12-o0-libxml2
Vulnerable Function Name: xmlValidCtxtNormalizeAttributeValue__internal_alias
Overall Score is: -0.232
--------------------------------------------
CVE ID: CVE-2022-23308
Target Binary: /binaries/target/libxml2/libxml2-2.9.10-o0-libxml2
Vulnerable Function Name: xmlValidCtxtNormalizeAttributeValue__internal_alias
Overall Score is: -0.232
--------------------------------------------
CVE ID: CVE-2022-23308
Target Binary: /binaries/target/libxml2/libxml2-2.9.13-o0-libxml2
Vulnerable Function Name: xmlValidCtxtNormalizeAttributeValue__internal_alias
Overall Score is: 0.611
--------------------------------------------
CVE ID: CVE-2022-23308
Target Binary: /binaries/target/libxml2/libxml2-2.9.14-o0-libxml2
Vulnerable Function Name: xmlValidCtxtNormalizeAttributeValue__internal_alias
Overall Score is: 0.611
--------------------------------------------
CVE ID: CVE-2022-23308
Target Binary: /binaries/target/libxml2/libxml2-2.9.11-o0-libxml2
Vulnerable Function Name: xmlValidNormalizeAttributeValue__internal_alias
Overall Score is: -0.187
--------------------------------------------
CVE ID: CVE-2022-23308
Target Binary: /binaries/target/libxml2/libxml2-2.9.12-o0-libxml2
Vulnerable Function Name: xmlValidNormalizeAttributeValue__internal_alias
Overall Score is: -0.187
--------------------------------------------
CVE ID: CVE-2022-23308
Target Binary: /binaries/target/libxml2/libxml2-2.9.10-o0-libxml2
Vulnerable Function Name: xmlValidNormalizeAttributeValue__internal_alias
Overall Score is: -0.187
--------------------------------------------
CVE ID: CVE-2022-23308
Target Binary: /binaries/target/libxml2/libxml2-2.9.13-o0-libxml2
Vulnerable Function Name: xmlValidNormalizeAttributeValue__internal_alias
Overall Score is: 0.581
--------------------------------------------
CVE ID: CVE-2022-23308
Target Binary: /binaries/target/libxml2/libxml2-2.9.14-o0-libxml2
Vulnerable Function Name: xmlValidNormalizeAttributeValue__internal_alias
Overall Score is: 0.581
--------------------------------------------
CVE ID: CVE-2022-29824
Target Binary: /binaries/target/libxml2/libxml2-2.9.13-o0-libxml2
Vulnerable Function Name: xmlBufferCreateSize__internal_alias
Overall Score is: -0.859
--------------------------------------------
CVE ID: CVE-2022-29824
Target Binary: /binaries/target/libxml2/libxml2-2.9.11-o0-libxml2
Vulnerable Function Name: xmlBufferCreateSize__internal_alias
Overall Score is: -0.859
--------------------------------------------
CVE ID: CVE-2022-29824
Target Binary: /binaries/target/libxml2/libxml2-2.9.12-o0-libxml2
Vulnerable Function Name: xmlBufferCreateSize__internal_alias
Overall Score is: -0.859
--------------------------------------------
CVE ID: CVE-2022-29824
Target Binary: /binaries/target/libxml2/libxml2-2.9.13-o0-libxml2
Vulnerable Function Name: xmlBufCreateSize
Overall Score is: -0.872
--------------------------------------------
CVE ID: CVE-2022-29824
Target Binary: /binaries/target/libxml2/libxml2-2.9.11-o0-libxml2
Vulnerable Function Name: xmlBufCreateSize
Overall Score is: -0.872
--------------------------------------------
CVE ID: CVE-2022-29824
Target Binary: /binaries/target/libxml2/libxml2-2.9.12-o0-libxml2
Vulnerable Function Name: xmlBufCreateSize
Overall Score is: -0.872
--------------------------------------------
CVE ID: CVE-2022-29824
Target Binary: /binaries/target/libxml2/libxml2-2.10.0-o0-libxml2
Vulnerable Function Name: xmlBufCreateSize
Overall Score is: 0.411
--------------------------------------------
CVE ID: CVE-2022-29824
Target Binary: /binaries/target/libxml2/libxml2-2.10.1-o0-libxml2
Vulnerable Function Name: xmlBufCreateSize
Overall Score is: 0.411
--------------------------------------------
CVE ID: CVE-2022-29824
Target Binary: /binaries/target/libxml2/libxml2-2.10.2-o0-libxml2
Vulnerable Function Name: xmlBufCreateSize
Overall Score is: 0.411
--------------------------------------------
CVE ID: CVE-2022-40303
Target Binary: /binaries/target/libxml2/libxml2-2.10.2-o0-libxml2
Vulnerable Function Name: xmlParseCDSect
Overall Score is: -0.218
--------------------------------------------
CVE ID: CVE-2022-40303
Target Binary: /binaries/target/libxml2/libxml2-2.10.1-o0-libxml2
Vulnerable Function Name: xmlParseCDSect
Overall Score is: -0.218
--------------------------------------------
CVE ID: CVE-2022-40303
Target Binary: /binaries/target/libxml2/libxml2-2.10.0-o0-libxml2
Vulnerable Function Name: xmlParseCDSect
Overall Score is: -0.218
--------------------------------------------
CVE ID: CVE-2022-40303
Target Binary: /binaries/target/libxml2/libxml2-2.10.4-o0-libxml2
Vulnerable Function Name: xmlParseCDSect
Overall Score is: 0.715
--------------------------------------------
CVE ID: CVE-2022-40303
Target Binary: /binaries/target/libxml2/libxml2-2.11.0-o0-libxml2
Vulnerable Function Name: xmlParseCDSect
Overall Score is: 0.532
--------------------------------------------
CVE ID: CVE-2022-40303
Target Binary: /binaries/target/libxml2/libxml2-2.11.1-o0-libxml2
Vulnerable Function Name: xmlParseCDSect
Overall Score is: 0.532
--------------------------------------------
CVE ID: CVE-2022-40303
Target Binary: /binaries/target/libxml2/libxml2-2.10.2-o0-libxml2
Vulnerable Function Name: xmlParseStringName
Overall Score is: -0.069
--------------------------------------------
CVE ID: CVE-2022-40303
Target Binary: /binaries/target/libxml2/libxml2-2.10.1-o0-libxml2
Vulnerable Function Name: xmlParseStringName
Overall Score is: -0.069
--------------------------------------------
CVE ID: CVE-2022-40303
Target Binary: /binaries/target/libxml2/libxml2-2.10.0-o0-libxml2
Vulnerable Function Name: xmlParseStringName
Overall Score is: -0.069
--------------------------------------------
CVE ID: CVE-2022-40303
Target Binary: /binaries/target/libxml2/libxml2-2.10.4-o0-libxml2
Vulnerable Function Name: xmlParseStringName
Overall Score is: 0.542
--------------------------------------------
CVE ID: CVE-2022-40303
Target Binary: /binaries/target/libxml2/libxml2-2.11.0-o0-libxml2
Vulnerable Function Name: xmlParseStringName
Overall Score is: 0.543
--------------------------------------------
CVE ID: CVE-2022-40303
Target Binary: /binaries/target/libxml2/libxml2-2.11.1-o0-libxml2
Vulnerable Function Name: xmlParseStringName
Overall Score is: 0.543
--------------------------------------------
CVE ID: CVE-2022-40303
Target Binary: /binaries/target/libxml2/libxml2-2.10.2-o0-libxml2
Vulnerable Function Name: xmlParseEntityValue
Overall Score is: -0.449
--------------------------------------------
CVE ID: CVE-2022-40303
Target Binary: /binaries/target/libxml2/libxml2-2.10.1-o0-libxml2
Vulnerable Function Name: xmlParseEntityValue
Overall Score is: -0.449
--------------------------------------------
CVE ID: CVE-2022-40303
Target Binary: /binaries/target/libxml2/libxml2-2.10.0-o0-libxml2
Vulnerable Function Name: xmlParseEntityValue
Overall Score is: -0.449
--------------------------------------------
CVE ID: CVE-2022-40303
Target Binary: /binaries/target/libxml2/libxml2-2.10.4-o0-libxml2
Vulnerable Function Name: xmlParseEntityValue
Overall Score is: 0.789
--------------------------------------------
CVE ID: CVE-2022-40303
Target Binary: /binaries/target/libxml2/libxml2-2.11.0-o0-libxml2
Vulnerable Function Name: xmlParseEntityValue
Overall Score is: 0.789
--------------------------------------------
CVE ID: CVE-2022-40303
Target Binary: /binaries/target/libxml2/libxml2-2.11.1-o0-libxml2
Vulnerable Function Name: xmlParseEntityValue
Overall Score is: 0.789
--------------------------------------------
CVE ID: CVE-2022-40303
Target Binary: /binaries/target/libxml2/libxml2-2.10.2-o0-libxml2
Vulnerable Function Name: xmlParseNCNameComplex
Overall Score is: -0.650
--------------------------------------------
CVE ID: CVE-2022-40303
Target Binary: /binaries/target/libxml2/libxml2-2.10.1-o0-libxml2
Vulnerable Function Name: xmlParseNCNameComplex
Overall Score is: -0.650
--------------------------------------------
CVE ID: CVE-2022-40303
Target Binary: /binaries/target/libxml2/libxml2-2.10.0-o0-libxml2
Vulnerable Function Name: xmlParseNCNameComplex
Overall Score is: -0.650
--------------------------------------------
CVE ID: CVE-2022-40303
Target Binary: /binaries/target/libxml2/libxml2-2.10.4-o0-libxml2
Vulnerable Function Name: xmlParseNCNameComplex
Overall Score is: 0.850
--------------------------------------------
CVE ID: CVE-2022-40303
Target Binary: /binaries/target/libxml2/libxml2-2.11.0-o0-libxml2
Vulnerable Function Name: xmlParseNCNameComplex
Overall Score is: -0.535
--------------------------------------------
CVE ID: CVE-2022-40303
Target Binary: /binaries/target/libxml2/libxml2-2.11.1-o0-libxml2
Vulnerable Function Name: xmlParseNCNameComplex
Overall Score is: -0.535
--------------------------------------------
CVE ID: CVE-2022-40303
Target Binary: /binaries/target/libxml2/libxml2-2.10.2-o0-libxml2
Vulnerable Function Name: xmlParseNameComplex
Overall Score is: -0.176
--------------------------------------------
CVE ID: CVE-2022-40303
Target Binary: /binaries/target/libxml2/libxml2-2.10.1-o0-libxml2
Vulnerable Function Name: xmlParseNameComplex
Overall Score is: -0.176
--------------------------------------------
CVE ID: CVE-2022-40303
Target Binary: /binaries/target/libxml2/libxml2-2.10.0-o0-libxml2
Vulnerable Function Name: xmlParseNameComplex
Overall Score is: -0.176
--------------------------------------------
CVE ID: CVE-2022-40303
Target Binary: /binaries/target/libxml2/libxml2-2.10.4-o0-libxml2
Vulnerable Function Name: xmlParseNameComplex
Overall Score is: 0.649
--------------------------------------------
CVE ID: CVE-2022-40303
Target Binary: /binaries/target/libxml2/libxml2-2.11.0-o0-libxml2
Vulnerable Function Name: xmlParseNameComplex
Overall Score is: 0.406
--------------------------------------------
CVE ID: CVE-2022-40303
Target Binary: /binaries/target/libxml2/libxml2-2.11.1-o0-libxml2
Vulnerable Function Name: xmlParseNameComplex
Overall Score is: 0.406
--------------------------------------------
CVE ID: CVE-2022-40303
Target Binary: /binaries/target/libxml2/libxml2-2.10.2-o0-libxml2
Vulnerable Function Name: xmlParseSystemLiteral
Overall Score is: 0.013
--------------------------------------------
CVE ID: CVE-2022-40303
Target Binary: /binaries/target/libxml2/libxml2-2.10.1-o0-libxml2
Vulnerable Function Name: xmlParseSystemLiteral
Overall Score is: 0.013
--------------------------------------------
CVE ID: CVE-2022-40303
Target Binary: /binaries/target/libxml2/libxml2-2.10.0-o0-libxml2
Vulnerable Function Name: xmlParseSystemLiteral
Overall Score is: 0.013
--------------------------------------------
CVE ID: CVE-2022-40303
Target Binary: /binaries/target/libxml2/libxml2-2.10.4-o0-libxml2
Vulnerable Function Name: xmlParseSystemLiteral
Overall Score is: 0.435
--------------------------------------------
CVE ID: CVE-2022-40303
Target Binary: /binaries/target/libxml2/libxml2-2.11.0-o0-libxml2
Vulnerable Function Name: xmlParseSystemLiteral
Overall Score is: 0.260
--------------------------------------------
CVE ID: CVE-2022-40303
Target Binary: /binaries/target/libxml2/libxml2-2.11.1-o0-libxml2
Vulnerable Function Name: xmlParseSystemLiteral
Overall Score is: 0.260
--------------------------------------------
CVE ID: CVE-2022-40303
Target Binary: /binaries/target/libxml2/libxml2-2.10.2-o0-libxml2
Vulnerable Function Name: xmlParseAttValueInternal
Overall Score is: 0.012
--------------------------------------------
CVE ID: CVE-2022-40303
Target Binary: /binaries/target/libxml2/libxml2-2.10.1-o0-libxml2
Vulnerable Function Name: xmlParseAttValueInternal
Overall Score is: 0.012
--------------------------------------------
CVE ID: CVE-2022-40303
Target Binary: /binaries/target/libxml2/libxml2-2.10.0-o0-libxml2
Vulnerable Function Name: xmlParseAttValueInternal
Overall Score is: 0.012
--------------------------------------------
CVE ID: CVE-2022-40303
Target Binary: /binaries/target/libxml2/libxml2-2.10.4-o0-libxml2
Vulnerable Function Name: xmlParseAttValueInternal
Overall Score is: 0.436
--------------------------------------------
CVE ID: CVE-2022-40303
Target Binary: /binaries/target/libxml2/libxml2-2.11.0-o0-libxml2
Vulnerable Function Name: xmlParseAttValueInternal
Overall Score is: 0.307
--------------------------------------------
CVE ID: CVE-2022-40303
Target Binary: /binaries/target/libxml2/libxml2-2.11.1-o0-libxml2
Vulnerable Function Name: xmlParseAttValueInternal
Overall Score is: 0.307
--------------------------------------------
CVE ID: CVE-2022-40303
Target Binary: /binaries/target/libxml2/libxml2-2.10.2-o0-libxml2
Vulnerable Function Name: xmlParseAttValueComplex
Overall Score is: 0.011
--------------------------------------------
CVE ID: CVE-2022-40303
Target Binary: /binaries/target/libxml2/libxml2-2.10.1-o0-libxml2
Vulnerable Function Name: xmlParseAttValueComplex
Overall Score is: 0.011
--------------------------------------------
CVE ID: CVE-2022-40303
Target Binary: /binaries/target/libxml2/libxml2-2.10.0-o0-libxml2
Vulnerable Function Name: xmlParseAttValueComplex
Overall Score is: 0.011
--------------------------------------------
CVE ID: CVE-2022-40303
Target Binary: /binaries/target/libxml2/libxml2-2.10.4-o0-libxml2
Vulnerable Function Name: xmlParseAttValueComplex
Overall Score is: 0.437
--------------------------------------------
CVE ID: CVE-2022-40303
Target Binary: /binaries/target/libxml2/libxml2-2.11.0-o0-libxml2
Vulnerable Function Name: xmlParseAttValueComplex
Overall Score is: 0.244
--------------------------------------------
CVE ID: CVE-2022-40303
Target Binary: /binaries/target/libxml2/libxml2-2.11.1-o0-libxml2
Vulnerable Function Name: xmlParseAttValueComplex
Overall Score is: 0.244
--------------------------------------------
CVE ID: CVE-2022-40303
Target Binary: /binaries/target/libxml2/libxml2-2.10.2-o0-libxml2
Vulnerable Function Name: xmlParseNCName
Overall Score is: -0.680
--------------------------------------------
CVE ID: CVE-2022-40303
Target Binary: /binaries/target/libxml2/libxml2-2.10.1-o0-libxml2
Vulnerable Function Name: xmlParseNCName
Overall Score is: -0.680
--------------------------------------------
CVE ID: CVE-2022-40303
Target Binary: /binaries/target/libxml2/libxml2-2.10.0-o0-libxml2
Vulnerable Function Name: xmlParseNCName
Overall Score is: -0.680
--------------------------------------------
CVE ID: CVE-2022-40303
Target Binary: /binaries/target/libxml2/libxml2-2.10.4-o0-libxml2
Vulnerable Function Name: xmlParseNCName
Overall Score is: 0.865
--------------------------------------------
CVE ID: CVE-2022-40303
Target Binary: /binaries/target/libxml2/libxml2-2.11.0-o0-libxml2
Vulnerable Function Name: xmlParseNCName
Overall Score is: 0.673
--------------------------------------------
CVE ID: CVE-2022-40303
Target Binary: /binaries/target/libxml2/libxml2-2.11.1-o0-libxml2
Vulnerable Function Name: xmlParseNCName
Overall Score is: 0.673
--------------------------------------------
CVE ID: CVE-2022-40303
Target Binary: /binaries/target/libxml2/libxml2-2.10.2-o0-libxml2
Vulnerable Function Name: xmlParseName
Overall Score is: -0.214
--------------------------------------------
CVE ID: CVE-2022-40303
Target Binary: /binaries/target/libxml2/libxml2-2.10.1-o0-libxml2
Vulnerable Function Name: xmlParseName
Overall Score is: -0.214
--------------------------------------------
CVE ID: CVE-2022-40303
Target Binary: /binaries/target/libxml2/libxml2-2.10.0-o0-libxml2
Vulnerable Function Name: xmlParseName
Overall Score is: -0.214
--------------------------------------------
CVE ID: CVE-2022-40303
Target Binary: /binaries/target/libxml2/libxml2-2.10.4-o0-libxml2
Vulnerable Function Name: xmlParseName
Overall Score is: 0.624
--------------------------------------------
CVE ID: CVE-2022-40303
Target Binary: /binaries/target/libxml2/libxml2-2.11.0-o0-libxml2
Vulnerable Function Name: xmlParseName
Overall Score is: 0.017
--------------------------------------------
CVE ID: CVE-2022-40303
Target Binary: /binaries/target/libxml2/libxml2-2.11.1-o0-libxml2
Vulnerable Function Name: xmlParseName
Overall Score is: 0.017
--------------------------------------------
CVE ID: CVE-2022-40303
Target Binary: /binaries/target/libxml2/libxml2-2.10.2-o0-libxml2
Vulnerable Function Name: xmlParsePI
Overall Score is: -0.370
--------------------------------------------
CVE ID: CVE-2022-40303
Target Binary: /binaries/target/libxml2/libxml2-2.10.1-o0-libxml2
Vulnerable Function Name: xmlParsePI
Overall Score is: -0.370
--------------------------------------------
CVE ID: CVE-2022-40303
Target Binary: /binaries/target/libxml2/libxml2-2.10.0-o0-libxml2
Vulnerable Function Name: xmlParsePI
Overall Score is: -0.370
--------------------------------------------
CVE ID: CVE-2022-40303
Target Binary: /binaries/target/libxml2/libxml2-2.10.4-o0-libxml2
Vulnerable Function Name: xmlParsePI
Overall Score is: 0.779
--------------------------------------------
CVE ID: CVE-2022-40303
Target Binary: /binaries/target/libxml2/libxml2-2.11.0-o0-libxml2
Vulnerable Function Name: xmlParsePI
Overall Score is: 0.712
--------------------------------------------
CVE ID: CVE-2022-40303
Target Binary: /binaries/target/libxml2/libxml2-2.11.1-o0-libxml2
Vulnerable Function Name: xmlParsePI
Overall Score is: 0.712
--------------------------------------------
CVE ID: CVE-2022-40303
Target Binary: /binaries/target/libxml2/libxml2-2.10.2-o0-libxml2
Vulnerable Function Name: xmlParseNmtoken
Overall Score is: -0.049
--------------------------------------------
CVE ID: CVE-2022-40303
Target Binary: /binaries/target/libxml2/libxml2-2.10.1-o0-libxml2
Vulnerable Function Name: xmlParseNmtoken
Overall Score is: -0.049
--------------------------------------------
CVE ID: CVE-2022-40303
Target Binary: /binaries/target/libxml2/libxml2-2.10.0-o0-libxml2
Vulnerable Function Name: xmlParseNmtoken
Overall Score is: -0.049
--------------------------------------------
CVE ID: CVE-2022-40303
Target Binary: /binaries/target/libxml2/libxml2-2.10.4-o0-libxml2
Vulnerable Function Name: xmlParseNmtoken
Overall Score is: 0.505
--------------------------------------------
CVE ID: CVE-2022-40303
Target Binary: /binaries/target/libxml2/libxml2-2.11.0-o0-libxml2
Vulnerable Function Name: xmlParseNmtoken
Overall Score is: 0.155
--------------------------------------------
CVE ID: CVE-2022-40303
Target Binary: /binaries/target/libxml2/libxml2-2.11.1-o0-libxml2
Vulnerable Function Name: xmlParseNmtoken
Overall Score is: 0.155
--------------------------------------------
CVE ID: CVE-2022-40303
Target Binary: /binaries/target/libxml2/libxml2-2.10.2-o0-libxml2
Vulnerable Function Name: xmlParsePubidLiteral
Overall Score is: 0.014
--------------------------------------------
CVE ID: CVE-2022-40303
Target Binary: /binaries/target/libxml2/libxml2-2.10.1-o0-libxml2
Vulnerable Function Name: xmlParsePubidLiteral
Overall Score is: 0.014
--------------------------------------------
CVE ID: CVE-2022-40303
Target Binary: /binaries/target/libxml2/libxml2-2.10.0-o0-libxml2
Vulnerable Function Name: xmlParsePubidLiteral
Overall Score is: 0.014
--------------------------------------------
CVE ID: CVE-2022-40303
Target Binary: /binaries/target/libxml2/libxml2-2.10.4-o0-libxml2
Vulnerable Function Name: xmlParsePubidLiteral
Overall Score is: 0.434
--------------------------------------------
CVE ID: CVE-2022-40303
Target Binary: /binaries/target/libxml2/libxml2-2.11.0-o0-libxml2
Vulnerable Function Name: xmlParsePubidLiteral
Overall Score is: 0.245
--------------------------------------------
CVE ID: CVE-2022-40303
Target Binary: /binaries/target/libxml2/libxml2-2.11.1-o0-libxml2
Vulnerable Function Name: xmlParsePubidLiteral
Overall Score is: 0.245
--------------------------------------------
CVE ID: CVE-2022-40303
Target Binary: /binaries/target/libxml2/libxml2-2.10.2-o0-libxml2
Vulnerable Function Name: xmlParseComment
Overall Score is: -0.437
--------------------------------------------
CVE ID: CVE-2022-40303
Target Binary: /binaries/target/libxml2/libxml2-2.10.1-o0-libxml2
Vulnerable Function Name: xmlParseComment
Overall Score is: -0.437
--------------------------------------------
CVE ID: CVE-2022-40303
Target Binary: /binaries/target/libxml2/libxml2-2.10.0-o0-libxml2
Vulnerable Function Name: xmlParseComment
Overall Score is: -0.437
--------------------------------------------
CVE ID: CVE-2022-40303
Target Binary: /binaries/target/libxml2/libxml2-2.10.4-o0-libxml2
Vulnerable Function Name: xmlParseComment
Overall Score is: 0.817
--------------------------------------------
CVE ID: CVE-2022-40303
Target Binary: /binaries/target/libxml2/libxml2-2.11.0-o0-libxml2
Vulnerable Function Name: xmlParseComment
Overall Score is: 0.817
--------------------------------------------
CVE ID: CVE-2022-40303
Target Binary: /binaries/target/libxml2/libxml2-2.11.1-o0-libxml2
Vulnerable Function Name: xmlParseComment
Overall Score is: 0.817
--------------------------------------------
CVE ID: CVE-2022-40303
Target Binary: /binaries/target/libxml2/libxml2-2.10.2-o0-libxml2
Vulnerable Function Name: xmlParseCommentComplex
Overall Score is: -0.609
--------------------------------------------
CVE ID: CVE-2022-40303
Target Binary: /binaries/target/libxml2/libxml2-2.10.1-o0-libxml2
Vulnerable Function Name: xmlParseCommentComplex
Overall Score is: -0.609
--------------------------------------------
CVE ID: CVE-2022-40303
Target Binary: /binaries/target/libxml2/libxml2-2.10.0-o0-libxml2
Vulnerable Function Name: xmlParseCommentComplex
Overall Score is: -0.609
--------------------------------------------
CVE ID: CVE-2022-40303
Target Binary: /binaries/target/libxml2/libxml2-2.10.4-o0-libxml2
Vulnerable Function Name: xmlParseCommentComplex
Overall Score is: 0.869
--------------------------------------------
CVE ID: CVE-2022-40303
Target Binary: /binaries/target/libxml2/libxml2-2.11.0-o0-libxml2
Vulnerable Function Name: xmlParseCommentComplex
Overall Score is: 0.169
--------------------------------------------
CVE ID: CVE-2022-40303
Target Binary: /binaries/target/libxml2/libxml2-2.11.1-o0-libxml2
Vulnerable Function Name: xmlParseCommentComplex
Overall Score is: 0.169
--------------------------------------------
