CVE ID: CVE-2014-8275
Target Binary: /binaries/target/openssl/openssl-OpenSSL_0_9_8zc-o0-openssl
Vulnerable Function Name: ASN1_verify
Overall Score is: 0.310
--------------------------------------------
CVE ID: CVE-2014-8275
Target Binary: /binaries/target/openssl/openssl-OpenSSL_1_0_1j-o0-openssl
Vulnerable Function Name: ASN1_verify
Overall Score is: -0.188
--------------------------------------------
CVE ID: CVE-2014-8275
Target Binary: /binaries/target/openssl/openssl-OpenSSL_0_9_8zd-o0-openssl
Vulnerable Function Name: ASN1_verify
Overall Score is: 0.310
--------------------------------------------
CVE ID: CVE-2014-8275
Target Binary: /binaries/target/openssl/openssl-OpenSSL_1_0_1k-o0-openssl
Vulnerable Function Name: ASN1_verify
Overall Score is: 0.644
--------------------------------------------
CVE ID: CVE-2014-8275
Target Binary: /binaries/target/openssl/openssl-OpenSSL_1_0_0p-o0-openssl
Vulnerable Function Name: ASN1_verify
Overall Score is: 0.644
--------------------------------------------
CVE ID: CVE-2014-8275
Target Binary: /binaries/target/openssl/openssl-OpenSSL_0_9_8zc-o0-openssl
Vulnerable Function Name: ECDSA_verify
Overall Score is: -0.718
--------------------------------------------
CVE ID: CVE-2014-8275
Target Binary: /binaries/target/openssl/openssl-OpenSSL_1_0_1j-o0-openssl
Vulnerable Function Name: ECDSA_verify
Overall Score is: -0.875
--------------------------------------------
CVE ID: CVE-2014-8275
Target Binary: /binaries/target/openssl/openssl-OpenSSL_0_9_8zd-o0-openssl
Vulnerable Function Name: ECDSA_verify
Overall Score is: -0.739
--------------------------------------------
CVE ID: CVE-2014-8275
Target Binary: /binaries/target/openssl/openssl-OpenSSL_1_0_1k-o0-openssl
Vulnerable Function Name: ECDSA_verify
Overall Score is: 0.948
--------------------------------------------
CVE ID: CVE-2014-8275
Target Binary: /binaries/target/openssl/openssl-OpenSSL_1_0_0p-o0-openssl
Vulnerable Function Name: ECDSA_verify
Overall Score is: 0.948
--------------------------------------------
CVE ID: CVE-2014-8275
Target Binary: /binaries/target/openssl/openssl-OpenSSL_0_9_8zc-o0-openssl
Vulnerable Function Name: DSA_verify
Overall Score is: -0.718
--------------------------------------------
CVE ID: CVE-2014-8275
Target Binary: /binaries/target/openssl/openssl-OpenSSL_1_0_1j-o0-openssl
Vulnerable Function Name: DSA_verify
Overall Score is: -0.875
--------------------------------------------
CVE ID: CVE-2014-8275
Target Binary: /binaries/target/openssl/openssl-OpenSSL_0_9_8zd-o0-openssl
Vulnerable Function Name: DSA_verify
Overall Score is: -0.739
--------------------------------------------
CVE ID: CVE-2014-8275
Target Binary: /binaries/target/openssl/openssl-OpenSSL_1_0_1k-o0-openssl
Vulnerable Function Name: DSA_verify
Overall Score is: 0.948
--------------------------------------------
CVE ID: CVE-2014-8275
Target Binary: /binaries/target/openssl/openssl-OpenSSL_1_0_0p-o0-openssl
Vulnerable Function Name: DSA_verify
Overall Score is: 0.948
--------------------------------------------
CVE ID: CVE-2015-1792
Target Binary: /binaries/target/openssl/openssl-OpenSSL_1_0_1f-o0-openssl
Vulnerable Function Name: CMS_verify
Overall Score is: -0.410
--------------------------------------------
CVE ID: CVE-2015-1792
Target Binary: /binaries/target/openssl/openssl-OpenSSL_1_0_0l-o0-openssl
Vulnerable Function Name: CMS_verify
Overall Score is: -0.410
--------------------------------------------
CVE ID: CVE-2024-0727
Target Binary: /binaries/target/openssl/openssl-openssl-3.2.0-o0-openssl
Vulnerable Function Name: SMIME_write_PKCS7
Overall Score is: 0.422
--------------------------------------------
CVE ID: CVE-2024-0727
Target Binary: /binaries/target/openssl/openssl-openssl-3.0.12-o0-openssl
Vulnerable Function Name: SMIME_write_PKCS7
Overall Score is: 0.422
--------------------------------------------
CVE ID: CVE-2024-0727
Target Binary: /binaries/target/openssl/openssl-openssl-3.1.4-o0-openssl
Vulnerable Function Name: SMIME_write_PKCS7
Overall Score is: 0.422
--------------------------------------------
CVE ID: CVE-2024-0727
Target Binary: /binaries/target/openssl/openssl-openssl-3.0.13-o0-openssl
Vulnerable Function Name: SMIME_write_PKCS7
Overall Score is: 0.422
--------------------------------------------
CVE ID: CVE-2024-0727
Target Binary: /binaries/target/openssl/openssl-openssl-3.2.1-o0-openssl
Vulnerable Function Name: SMIME_write_PKCS7
Overall Score is: 0.422
--------------------------------------------
CVE ID: CVE-2024-0727
Target Binary: /binaries/target/openssl/openssl-openssl-3.1.5-o0-openssl
Vulnerable Function Name: SMIME_write_PKCS7
Overall Score is: 0.422
--------------------------------------------
CVE ID: CVE-2024-0727
Target Binary: /binaries/target/openssl/openssl-openssl-3.2.0-o0-openssl
Vulnerable Function Name: PKCS12_unpack_p7encdata
Overall Score is: 0.356
--------------------------------------------
CVE ID: CVE-2024-0727
Target Binary: /binaries/target/openssl/openssl-openssl-3.0.12-o0-openssl
Vulnerable Function Name: PKCS12_unpack_p7encdata
Overall Score is: 0.356
--------------------------------------------
CVE ID: CVE-2024-0727
Target Binary: /binaries/target/openssl/openssl-openssl-3.1.4-o0-openssl
Vulnerable Function Name: PKCS12_unpack_p7encdata
Overall Score is: 0.356
--------------------------------------------
CVE ID: CVE-2024-0727
Target Binary: /binaries/target/openssl/openssl-openssl-3.0.13-o0-openssl
Vulnerable Function Name: PKCS12_unpack_p7encdata
Overall Score is: 0.356
--------------------------------------------
CVE ID: CVE-2024-0727
Target Binary: /binaries/target/openssl/openssl-openssl-3.2.1-o0-openssl
Vulnerable Function Name: PKCS12_unpack_p7encdata
Overall Score is: 0.356
--------------------------------------------
CVE ID: CVE-2024-0727
Target Binary: /binaries/target/openssl/openssl-openssl-3.1.5-o0-openssl
Vulnerable Function Name: PKCS12_unpack_p7encdata
Overall Score is: 0.356
--------------------------------------------
CVE ID: CVE-2024-0727
Target Binary: /binaries/target/openssl/openssl-openssl-3.2.0-o0-openssl
Vulnerable Function Name: PKCS12_unpack_authsafes
Overall Score is: 0.825
--------------------------------------------
CVE ID: CVE-2024-0727
Target Binary: /binaries/target/openssl/openssl-openssl-3.0.12-o0-openssl
Vulnerable Function Name: PKCS12_unpack_authsafes
Overall Score is: 0.825
--------------------------------------------
CVE ID: CVE-2024-0727
Target Binary: /binaries/target/openssl/openssl-openssl-3.1.4-o0-openssl
Vulnerable Function Name: PKCS12_unpack_authsafes
Overall Score is: 0.825
--------------------------------------------
CVE ID: CVE-2024-0727
Target Binary: /binaries/target/openssl/openssl-openssl-3.0.13-o0-openssl
Vulnerable Function Name: PKCS12_unpack_authsafes
Overall Score is: 0.825
--------------------------------------------
CVE ID: CVE-2024-0727
Target Binary: /binaries/target/openssl/openssl-openssl-3.2.1-o0-openssl
Vulnerable Function Name: PKCS12_unpack_authsafes
Overall Score is: 0.825
--------------------------------------------
CVE ID: CVE-2024-0727
Target Binary: /binaries/target/openssl/openssl-openssl-3.1.5-o0-openssl
Vulnerable Function Name: PKCS12_unpack_authsafes
Overall Score is: 0.825
--------------------------------------------
CVE ID: CVE-2013-0338
Target Binary: /binaries/target/libxml2/libxml2-2.9.0-o0-libxml2
Vulnerable Function Name: xmlParserEntityCheck
Overall Score is: 0.066
--------------------------------------------
CVE ID: CVE-2013-0338
Target Binary: /binaries/target/libxml2/libxml2-2.8.0-o0-libxml2
Vulnerable Function Name: xmlParserEntityCheck
Overall Score is: 0.066
--------------------------------------------
CVE ID: CVE-2013-0338
Target Binary: /binaries/target/libxml2/libxml2-2.8.0-rc2-o0-libxml2
Vulnerable Function Name: xmlParserEntityCheck
Overall Score is: 0.066
--------------------------------------------
CVE ID: CVE-2013-0338
Target Binary: /binaries/target/libxml2/libxml2-2.9.1-o0-libxml2
Vulnerable Function Name: xmlParserEntityCheck
Overall Score is: 0.523
--------------------------------------------
CVE ID: CVE-2013-0338
Target Binary: /binaries/target/libxml2/libxml2-2.9.2-rc1-o0-libxml2
Vulnerable Function Name: xmlParserEntityCheck
Overall Score is: 0.523
--------------------------------------------
CVE ID: CVE-2013-0338
Target Binary: /binaries/target/libxml2/libxml2-2.9.2-rc2-o0-libxml2
Vulnerable Function Name: xmlParserEntityCheck
Overall Score is: 0.523
--------------------------------------------
CVE ID: CVE-2015-7500
Target Binary: /binaries/target/libxml2/libxml2-2.9.2-o0-libxml2
Vulnerable Function Name: xmlParseStartTag2
Overall Score is: 0.137
--------------------------------------------
CVE ID: CVE-2015-7500
Target Binary: /binaries/target/libxml2/libxml2-2.9.1-o0-libxml2
Vulnerable Function Name: xmlParseStartTag2
Overall Score is: 0.137
--------------------------------------------
CVE ID: CVE-2015-7500
Target Binary: /binaries/target/libxml2/libxml2-2.9.0-o0-libxml2
Vulnerable Function Name: xmlParseStartTag2
Overall Score is: 0.137
--------------------------------------------
CVE ID: CVE-2015-7500
Target Binary: /binaries/target/libxml2/libxml2-2.9.3-o0-libxml2
Vulnerable Function Name: xmlParseStartTag2
Overall Score is: 0.325
--------------------------------------------
CVE ID: CVE-2015-7500
Target Binary: /binaries/target/libxml2/libxml2-2.9.4-rc1-o0-libxml2
Vulnerable Function Name: xmlParseStartTag2
Overall Score is: 0.325
--------------------------------------------
CVE ID: CVE-2015-7500
Target Binary: /binaries/target/libxml2/libxml2-2.9.4-rc2-o0-libxml2
Vulnerable Function Name: xmlParseStartTag2
Overall Score is: 0.325
--------------------------------------------
CVE ID: CVE-2015-7941
Target Binary: /binaries/target/libxml2/libxml2-2.9.2-o0-libxml2
Vulnerable Function Name: xmlParseConditionalSections
Overall Score is: -0.921
--------------------------------------------
CVE ID: CVE-2015-7941
Target Binary: /binaries/target/libxml2/libxml2-2.9.3-o0-libxml2
Vulnerable Function Name: xmlParseConditionalSections
Overall Score is: 0.825
--------------------------------------------
CVE ID: CVE-2015-7941
Target Binary: /binaries/target/libxml2/libxml2-2.9.4-rc1-o0-libxml2
Vulnerable Function Name: xmlParseConditionalSections
Overall Score is: 0.825
--------------------------------------------
CVE ID: CVE-2015-7941
Target Binary: /binaries/target/libxml2/libxml2-2.9.4-rc2-o0-libxml2
Vulnerable Function Name: xmlParseConditionalSections
Overall Score is: 0.825
--------------------------------------------
CVE ID: CVE-2016-1762
Target Binary: /binaries/target/libxml2/libxml2-2.9.3-o0-libxml2
Vulnerable Function Name: xmlParseInternalSubset
Overall Score is: -0.824
--------------------------------------------
CVE ID: CVE-2016-1762
Target Binary: /binaries/target/libxml2/libxml2-2.9.2-o0-libxml2
Vulnerable Function Name: xmlParseInternalSubset
Overall Score is: -0.824
--------------------------------------------
CVE ID: CVE-2016-1762
Target Binary: /binaries/target/libxml2/libxml2-2.9.2-rc2-o0-libxml2
Vulnerable Function Name: xmlParseInternalSubset
Overall Score is: -0.824
--------------------------------------------
CVE ID: CVE-2016-1762
Target Binary: /binaries/target/libxml2/libxml2-2.9.4-rc1-o0-libxml2
Vulnerable Function Name: xmlParseInternalSubset
Overall Score is: 0.782
--------------------------------------------
CVE ID: CVE-2016-1762
Target Binary: /binaries/target/libxml2/libxml2-2.9.4-rc2-o0-libxml2
Vulnerable Function Name: xmlParseInternalSubset
Overall Score is: 0.782
--------------------------------------------
CVE ID: CVE-2016-1762
Target Binary: /binaries/target/libxml2/libxml2-2.9.4-o0-libxml2
Vulnerable Function Name: xmlParseInternalSubset
Overall Score is: 0.782
--------------------------------------------
CVE ID: CVE-2016-1836
Target Binary: /binaries/target/libxml2/libxml2-2.9.3-o0-libxml2
Vulnerable Function Name: xmlParseNCNameComplex
Overall Score is: -0.090
--------------------------------------------
CVE ID: CVE-2016-1836
Target Binary: /binaries/target/libxml2/libxml2-2.9.2-o0-libxml2
Vulnerable Function Name: xmlParseNCNameComplex
Overall Score is: -0.090
--------------------------------------------
CVE ID: CVE-2016-1836
Target Binary: /binaries/target/libxml2/libxml2-2.9.2-rc2-o0-libxml2
Vulnerable Function Name: xmlParseNCNameComplex
Overall Score is: -0.090
--------------------------------------------
CVE ID: CVE-2016-1836
Target Binary: /binaries/target/libxml2/libxml2-2.9.4-o0-libxml2
Vulnerable Function Name: xmlParseNCNameComplex
Overall Score is: 0.610
--------------------------------------------
CVE ID: CVE-2016-1836
Target Binary: /binaries/target/libxml2/libxml2-2.9.4-rc2-o0-libxml2
Vulnerable Function Name: xmlParseNCNameComplex
Overall Score is: -0.090
--------------------------------------------
CVE ID: CVE-2016-1836
Target Binary: /binaries/target/libxml2/libxml2-2.9.4-rc1-o0-libxml2
Vulnerable Function Name: xmlParseNCNameComplex
Overall Score is: -0.090
--------------------------------------------
CVE ID: CVE-2016-1837
Target Binary: /binaries/target/libxml2/libxml2-2.9.3-o0-libxml2
Vulnerable Function Name: htmlParseSystemLiteral
Overall Score is: -0.293
--------------------------------------------
CVE ID: CVE-2016-1837
Target Binary: /binaries/target/libxml2/libxml2-2.9.2-o0-libxml2
Vulnerable Function Name: htmlParseSystemLiteral
Overall Score is: -0.293
--------------------------------------------
CVE ID: CVE-2016-1837
Target Binary: /binaries/target/libxml2/libxml2-2.9.2-rc2-o0-libxml2
Vulnerable Function Name: htmlParseSystemLiteral
Overall Score is: -0.293
--------------------------------------------
CVE ID: CVE-2016-1837
Target Binary: /binaries/target/libxml2/libxml2-2.9.4-o0-libxml2
Vulnerable Function Name: htmlParseSystemLiteral
Overall Score is: 0.713
--------------------------------------------
CVE ID: CVE-2016-1837
Target Binary: /binaries/target/libxml2/libxml2-2.9.4-rc2-o0-libxml2
Vulnerable Function Name: htmlParseSystemLiteral
Overall Score is: -0.293
--------------------------------------------
CVE ID: CVE-2016-1837
Target Binary: /binaries/target/libxml2/libxml2-2.9.4-rc1-o0-libxml2
Vulnerable Function Name: htmlParseSystemLiteral
Overall Score is: -0.293
--------------------------------------------
CVE ID: CVE-2022-29824
Target Binary: /binaries/target/libxml2/libxml2-2.9.13-o0-libxml2
Vulnerable Function Name: xmlBufCreateSize
Overall Score is: -0.912
--------------------------------------------
CVE ID: CVE-2022-29824
Target Binary: /binaries/target/libxml2/libxml2-2.9.12-o0-libxml2
Vulnerable Function Name: xmlBufCreateSize
Overall Score is: -0.912
--------------------------------------------
CVE ID: CVE-2022-29824
Target Binary: /binaries/target/libxml2/libxml2-2.9.11-o0-libxml2
Vulnerable Function Name: xmlBufCreateSize
Overall Score is: -0.912
--------------------------------------------
CVE ID: CVE-2022-29824
Target Binary: /binaries/target/libxml2/libxml2-2.9.14-o0-libxml2
Vulnerable Function Name: xmlBufCreateSize
Overall Score is: 0.807
--------------------------------------------
CVE ID: CVE-2022-29824
Target Binary: /binaries/target/libxml2/libxml2-2.10.0-o0-libxml2
Vulnerable Function Name: xmlBufCreateSize
Overall Score is: 0.807
--------------------------------------------
CVE ID: CVE-2022-29824
Target Binary: /binaries/target/libxml2/libxml2-2.10.1-o0-libxml2
Vulnerable Function Name: xmlBufCreateSize
Overall Score is: 0.807
--------------------------------------------
CVE ID: CVE-2022-40303
Target Binary: /binaries/target/libxml2/libxml2-2.10.2-o0-libxml2
Vulnerable Function Name: xmlParseCDSect
Overall Score is: -0.218
--------------------------------------------
CVE ID: CVE-2022-40303
Target Binary: /binaries/target/libxml2/libxml2-2.10.1-o0-libxml2
Vulnerable Function Name: xmlParseCDSect
Overall Score is: -0.218
--------------------------------------------
CVE ID: CVE-2022-40303
Target Binary: /binaries/target/libxml2/libxml2-2.10.0-o0-libxml2
Vulnerable Function Name: xmlParseCDSect
Overall Score is: -0.218
--------------------------------------------
CVE ID: CVE-2022-40303
Target Binary: /binaries/target/libxml2/libxml2-2.10.3-o0-libxml2
Vulnerable Function Name: xmlParseCDSect
Overall Score is: 0.715
--------------------------------------------
CVE ID: CVE-2022-40303
Target Binary: /binaries/target/libxml2/libxml2-2.10.4-o0-libxml2
Vulnerable Function Name: xmlParseCDSect
Overall Score is: 0.715
--------------------------------------------
CVE ID: CVE-2022-40303
Target Binary: /binaries/target/libxml2/libxml2-2.11.0-o0-libxml2
Vulnerable Function Name: xmlParseCDSect
Overall Score is: 0.532
--------------------------------------------
CVE ID: CVE-2022-40303
Target Binary: /binaries/target/libxml2/libxml2-2.10.2-o0-libxml2
Vulnerable Function Name: xmlParseStringName
Overall Score is: -0.916
--------------------------------------------
CVE ID: CVE-2022-40303
Target Binary: /binaries/target/libxml2/libxml2-2.10.2-o0-libxml2
Vulnerable Function Name: xmlParseStringName
Overall Score is: -0.916
--------------------------------------------
CVE ID: CVE-2022-40303
Target Binary: /binaries/target/libxml2/libxml2-2.10.1-o0-libxml2
Vulnerable Function Name: xmlParseStringName
Overall Score is: -0.916
--------------------------------------------
CVE ID: CVE-2022-40303
Target Binary: /binaries/target/libxml2/libxml2-2.10.0-o0-libxml2
Vulnerable Function Name: xmlParseStringName
Overall Score is: -0.916
--------------------------------------------
CVE ID: CVE-2022-40303
Target Binary: /binaries/target/libxml2/libxml2-2.10.3-o0-libxml2
Vulnerable Function Name: xmlParseStringName
Overall Score is: 0.906
--------------------------------------------
CVE ID: CVE-2022-40303
Target Binary: /binaries/target/libxml2/libxml2-2.10.4-o0-libxml2
Vulnerable Function Name: xmlParseStringName
Overall Score is: 0.906
--------------------------------------------
CVE ID: CVE-2022-40303
Target Binary: /binaries/target/libxml2/libxml2-2.11.0-o0-libxml2
Vulnerable Function Name: xmlParseStringName
Overall Score is: 0.906
--------------------------------------------
CVE ID: CVE-2022-40303
Target Binary: /binaries/target/libxml2/libxml2-2.10.2-o0-libxml2
Vulnerable Function Name: xmlParseEntityValue
Overall Score is: -0.449
--------------------------------------------
CVE ID: CVE-2022-40303
Target Binary: /binaries/target/libxml2/libxml2-2.10.1-o0-libxml2
Vulnerable Function Name: xmlParseEntityValue
Overall Score is: -0.449
--------------------------------------------
CVE ID: CVE-2022-40303
Target Binary: /binaries/target/libxml2/libxml2-2.10.0-o0-libxml2
Vulnerable Function Name: xmlParseEntityValue
Overall Score is: -0.449
--------------------------------------------
CVE ID: CVE-2022-40303
Target Binary: /binaries/target/libxml2/libxml2-2.10.3-o0-libxml2
Vulnerable Function Name: xmlParseEntityValue
Overall Score is: 0.789
--------------------------------------------
CVE ID: CVE-2022-40303
Target Binary: /binaries/target/libxml2/libxml2-2.10.4-o0-libxml2
Vulnerable Function Name: xmlParseEntityValue
Overall Score is: 0.789
--------------------------------------------
CVE ID: CVE-2022-40303
Target Binary: /binaries/target/libxml2/libxml2-2.11.0-o0-libxml2
Vulnerable Function Name: xmlParseEntityValue
Overall Score is: 0.789
--------------------------------------------
CVE ID: CVE-2022-40303
Target Binary: /binaries/target/libxml2/libxml2-2.10.2-o0-libxml2
Vulnerable Function Name: xmlParseNCNameComplex
Overall Score is: -0.882
--------------------------------------------
CVE ID: CVE-2022-40303
Target Binary: /binaries/target/libxml2/libxml2-2.10.1-o0-libxml2
Vulnerable Function Name: xmlParseNCNameComplex
Overall Score is: -0.882
--------------------------------------------
CVE ID: CVE-2022-40303
Target Binary: /binaries/target/libxml2/libxml2-2.10.0-o0-libxml2
Vulnerable Function Name: xmlParseNCNameComplex
Overall Score is: -0.882
--------------------------------------------
CVE ID: CVE-2022-40303
Target Binary: /binaries/target/libxml2/libxml2-2.10.3-o0-libxml2
Vulnerable Function Name: xmlParseNCNameComplex
Overall Score is: 0.969
--------------------------------------------
CVE ID: CVE-2022-40303
Target Binary: /binaries/target/libxml2/libxml2-2.10.4-o0-libxml2
Vulnerable Function Name: xmlParseNCNameComplex
Overall Score is: 0.969
--------------------------------------------
CVE ID: CVE-2022-40303
Target Binary: /binaries/target/libxml2/libxml2-2.11.0-o0-libxml2
Vulnerable Function Name: xmlParseNCNameComplex
Overall Score is: -0.882
--------------------------------------------
CVE ID: CVE-2022-40303
Target Binary: /binaries/target/libxml2/libxml2-2.10.2-o0-libxml2
Vulnerable Function Name: xmlParseNameComplex
Overall Score is: -0.915
--------------------------------------------
CVE ID: CVE-2022-40303
Target Binary: /binaries/target/libxml2/libxml2-2.10.1-o0-libxml2
Vulnerable Function Name: xmlParseNameComplex
Overall Score is: -0.915
--------------------------------------------
CVE ID: CVE-2022-40303
Target Binary: /binaries/target/libxml2/libxml2-2.10.0-o0-libxml2
Vulnerable Function Name: xmlParseNameComplex
Overall Score is: -0.915
--------------------------------------------
CVE ID: CVE-2022-40303
Target Binary: /binaries/target/libxml2/libxml2-2.10.3-o0-libxml2
Vulnerable Function Name: xmlParseNameComplex
Overall Score is: 0.901
--------------------------------------------
CVE ID: CVE-2022-40303
Target Binary: /binaries/target/libxml2/libxml2-2.10.4-o0-libxml2
Vulnerable Function Name: xmlParseNameComplex
Overall Score is: 0.901
--------------------------------------------
CVE ID: CVE-2022-40303
Target Binary: /binaries/target/libxml2/libxml2-2.11.0-o0-libxml2
Vulnerable Function Name: xmlParseNameComplex
Overall Score is: -0.915
--------------------------------------------
CVE ID: CVE-2022-40303
Target Binary: /binaries/target/libxml2/libxml2-2.10.2-o0-libxml2
Vulnerable Function Name: xmlParseSystemLiteral
Overall Score is: -0.121
--------------------------------------------
CVE ID: CVE-2022-40303
Target Binary: /binaries/target/libxml2/libxml2-2.10.1-o0-libxml2
Vulnerable Function Name: xmlParseSystemLiteral
Overall Score is: -0.121
--------------------------------------------
CVE ID: CVE-2022-40303
Target Binary: /binaries/target/libxml2/libxml2-2.10.0-o0-libxml2
Vulnerable Function Name: xmlParseSystemLiteral
Overall Score is: -0.121
--------------------------------------------
CVE ID: CVE-2022-40303
Target Binary: /binaries/target/libxml2/libxml2-2.10.3-o0-libxml2
Vulnerable Function Name: xmlParseSystemLiteral
Overall Score is: 0.606
--------------------------------------------
CVE ID: CVE-2022-40303
Target Binary: /binaries/target/libxml2/libxml2-2.10.4-o0-libxml2
Vulnerable Function Name: xmlParseSystemLiteral
Overall Score is: 0.606
--------------------------------------------
CVE ID: CVE-2022-40303
Target Binary: /binaries/target/libxml2/libxml2-2.11.0-o0-libxml2
Vulnerable Function Name: xmlParseSystemLiteral
Overall Score is: 0.168
--------------------------------------------
CVE ID: CVE-2022-40303
Target Binary: /binaries/target/libxml2/libxml2-2.10.2-o0-libxml2
Vulnerable Function Name: xmlParseAttValueInternal
Overall Score is: 0.012
--------------------------------------------
CVE ID: CVE-2022-40303
Target Binary: /binaries/target/libxml2/libxml2-2.10.1-o0-libxml2
Vulnerable Function Name: xmlParseAttValueInternal
Overall Score is: 0.012
--------------------------------------------
CVE ID: CVE-2022-40303
Target Binary: /binaries/target/libxml2/libxml2-2.10.0-o0-libxml2
Vulnerable Function Name: xmlParseAttValueInternal
Overall Score is: 0.012
--------------------------------------------
CVE ID: CVE-2022-40303
Target Binary: /binaries/target/libxml2/libxml2-2.10.3-o0-libxml2
Vulnerable Function Name: xmlParseAttValueInternal
Overall Score is: 0.436
--------------------------------------------
CVE ID: CVE-2022-40303
Target Binary: /binaries/target/libxml2/libxml2-2.10.4-o0-libxml2
Vulnerable Function Name: xmlParseAttValueInternal
Overall Score is: 0.436
--------------------------------------------
CVE ID: CVE-2022-40303
Target Binary: /binaries/target/libxml2/libxml2-2.11.0-o0-libxml2
Vulnerable Function Name: xmlParseAttValueInternal
Overall Score is: 0.307
--------------------------------------------
CVE ID: CVE-2022-40303
Target Binary: /binaries/target/libxml2/libxml2-2.10.2-o0-libxml2
Vulnerable Function Name: xmlParseAttValueComplex
Overall Score is: -0.228
--------------------------------------------
CVE ID: CVE-2022-40303
Target Binary: /binaries/target/libxml2/libxml2-2.10.1-o0-libxml2
Vulnerable Function Name: xmlParseAttValueComplex
Overall Score is: -0.228
--------------------------------------------
CVE ID: CVE-2022-40303
Target Binary: /binaries/target/libxml2/libxml2-2.10.0-o0-libxml2
Vulnerable Function Name: xmlParseAttValueComplex
Overall Score is: -0.228
--------------------------------------------
CVE ID: CVE-2022-40303
Target Binary: /binaries/target/libxml2/libxml2-2.10.3-o0-libxml2
Vulnerable Function Name: xmlParseAttValueComplex
Overall Score is: 0.682
--------------------------------------------
CVE ID: CVE-2022-40303
Target Binary: /binaries/target/libxml2/libxml2-2.10.4-o0-libxml2
Vulnerable Function Name: xmlParseAttValueComplex
Overall Score is: 0.682
--------------------------------------------
CVE ID: CVE-2022-40303
Target Binary: /binaries/target/libxml2/libxml2-2.11.0-o0-libxml2
Vulnerable Function Name: xmlParseAttValueComplex
Overall Score is: 0.473
--------------------------------------------
CVE ID: CVE-2022-40303
Target Binary: /binaries/target/libxml2/libxml2-2.10.2-o0-libxml2
Vulnerable Function Name: xmlParseNCName
Overall Score is: -0.680
--------------------------------------------
CVE ID: CVE-2022-40303
Target Binary: /binaries/target/libxml2/libxml2-2.10.1-o0-libxml2
Vulnerable Function Name: xmlParseNCName
Overall Score is: -0.680
--------------------------------------------
CVE ID: CVE-2022-40303
Target Binary: /binaries/target/libxml2/libxml2-2.10.0-o0-libxml2
Vulnerable Function Name: xmlParseNCName
Overall Score is: -0.680
--------------------------------------------
CVE ID: CVE-2022-40303
Target Binary: /binaries/target/libxml2/libxml2-2.10.3-o0-libxml2
Vulnerable Function Name: xmlParseNCName
Overall Score is: 0.865
--------------------------------------------
CVE ID: CVE-2022-40303
Target Binary: /binaries/target/libxml2/libxml2-2.10.4-o0-libxml2
Vulnerable Function Name: xmlParseNCName
Overall Score is: 0.865
--------------------------------------------
CVE ID: CVE-2022-40303
Target Binary: /binaries/target/libxml2/libxml2-2.11.0-o0-libxml2
Vulnerable Function Name: xmlParseNCName
Overall Score is: 0.673
--------------------------------------------
CVE ID: CVE-2022-40303
Target Binary: /binaries/target/libxml2/libxml2-2.10.2-o0-libxml2
Vulnerable Function Name: xmlParseName
Overall Score is: -0.288
--------------------------------------------
CVE ID: CVE-2022-40303
Target Binary: /binaries/target/libxml2/libxml2-2.10.1-o0-libxml2
Vulnerable Function Name: xmlParseName
Overall Score is: -0.288
--------------------------------------------
CVE ID: CVE-2022-40303
Target Binary: /binaries/target/libxml2/libxml2-2.10.0-o0-libxml2
Vulnerable Function Name: xmlParseName
Overall Score is: -0.288
--------------------------------------------
CVE ID: CVE-2022-40303
Target Binary: /binaries/target/libxml2/libxml2-2.10.3-o0-libxml2
Vulnerable Function Name: xmlParseName
Overall Score is: 0.676
--------------------------------------------
CVE ID: CVE-2022-40303
Target Binary: /binaries/target/libxml2/libxml2-2.10.4-o0-libxml2
Vulnerable Function Name: xmlParseName
Overall Score is: 0.676
--------------------------------------------
CVE ID: CVE-2022-40303
Target Binary: /binaries/target/libxml2/libxml2-2.11.0-o0-libxml2
Vulnerable Function Name: xmlParseName
Overall Score is: -0.020
--------------------------------------------
CVE ID: CVE-2022-40303
Target Binary: /binaries/target/libxml2/libxml2-2.10.2-o0-libxml2
Vulnerable Function Name: xmlParsePI
Overall Score is: -0.834
--------------------------------------------
CVE ID: CVE-2022-40303
Target Binary: /binaries/target/libxml2/libxml2-2.10.1-o0-libxml2
Vulnerable Function Name: xmlParsePI
Overall Score is: -0.834
--------------------------------------------
CVE ID: CVE-2022-40303
Target Binary: /binaries/target/libxml2/libxml2-2.10.0-o0-libxml2
Vulnerable Function Name: xmlParsePI
Overall Score is: -0.834
--------------------------------------------
CVE ID: CVE-2022-40303
Target Binary: /binaries/target/libxml2/libxml2-2.10.3-o0-libxml2
Vulnerable Function Name: xmlParsePI
Overall Score is: 0.944
--------------------------------------------
CVE ID: CVE-2022-40303
Target Binary: /binaries/target/libxml2/libxml2-2.10.4-o0-libxml2
Vulnerable Function Name: xmlParsePI
Overall Score is: 0.944
--------------------------------------------
CVE ID: CVE-2022-40303
Target Binary: /binaries/target/libxml2/libxml2-2.11.0-o0-libxml2
Vulnerable Function Name: xmlParsePI
Overall Score is: 0.939
--------------------------------------------
CVE ID: CVE-2022-40303
Target Binary: /binaries/target/libxml2/libxml2-2.10.2-o0-libxml2
Vulnerable Function Name: xmlParseNmtoken
Overall Score is: -0.049
--------------------------------------------
CVE ID: CVE-2022-40303
Target Binary: /binaries/target/libxml2/libxml2-2.10.1-o0-libxml2
Vulnerable Function Name: xmlParseNmtoken
Overall Score is: -0.049
--------------------------------------------
CVE ID: CVE-2022-40303
Target Binary: /binaries/target/libxml2/libxml2-2.10.0-o0-libxml2
Vulnerable Function Name: xmlParseNmtoken
Overall Score is: -0.049
--------------------------------------------
CVE ID: CVE-2022-40303
Target Binary: /binaries/target/libxml2/libxml2-2.10.3-o0-libxml2
Vulnerable Function Name: xmlParseNmtoken
Overall Score is: 0.505
--------------------------------------------
CVE ID: CVE-2022-40303
Target Binary: /binaries/target/libxml2/libxml2-2.10.4-o0-libxml2
Vulnerable Function Name: xmlParseNmtoken
Overall Score is: 0.505
--------------------------------------------
CVE ID: CVE-2022-40303
Target Binary: /binaries/target/libxml2/libxml2-2.11.0-o0-libxml2
Vulnerable Function Name: xmlParseNmtoken
Overall Score is: 0.155
--------------------------------------------
CVE ID: CVE-2022-40303
Target Binary: /binaries/target/libxml2/libxml2-2.10.2-o0-libxml2
Vulnerable Function Name: xmlParsePubidLiteral
Overall Score is: -0.087
--------------------------------------------
CVE ID: CVE-2022-40303
Target Binary: /binaries/target/libxml2/libxml2-2.10.1-o0-libxml2
Vulnerable Function Name: xmlParsePubidLiteral
Overall Score is: -0.087
--------------------------------------------
CVE ID: CVE-2022-40303
Target Binary: /binaries/target/libxml2/libxml2-2.10.0-o0-libxml2
Vulnerable Function Name: xmlParsePubidLiteral
Overall Score is: -0.087
--------------------------------------------
CVE ID: CVE-2022-40303
Target Binary: /binaries/target/libxml2/libxml2-2.10.3-o0-libxml2
Vulnerable Function Name: xmlParsePubidLiteral
Overall Score is: 0.594
--------------------------------------------
CVE ID: CVE-2022-40303
Target Binary: /binaries/target/libxml2/libxml2-2.10.4-o0-libxml2
Vulnerable Function Name: xmlParsePubidLiteral
Overall Score is: 0.594
--------------------------------------------
CVE ID: CVE-2022-40303
Target Binary: /binaries/target/libxml2/libxml2-2.11.0-o0-libxml2
Vulnerable Function Name: xmlParsePubidLiteral
Overall Score is: 0.112
--------------------------------------------
CVE ID: CVE-2022-40303
Target Binary: /binaries/target/libxml2/libxml2-2.10.2-o0-libxml2
Vulnerable Function Name: xmlParseComment
Overall Score is: -0.437
--------------------------------------------
CVE ID: CVE-2022-40303
Target Binary: /binaries/target/libxml2/libxml2-2.10.1-o0-libxml2
Vulnerable Function Name: xmlParseComment
Overall Score is: -0.437
--------------------------------------------
CVE ID: CVE-2022-40303
Target Binary: /binaries/target/libxml2/libxml2-2.10.0-o0-libxml2
Vulnerable Function Name: xmlParseComment
Overall Score is: -0.437
--------------------------------------------
CVE ID: CVE-2022-40303
Target Binary: /binaries/target/libxml2/libxml2-2.10.3-o0-libxml2
Vulnerable Function Name: xmlParseComment
Overall Score is: 0.817
--------------------------------------------
CVE ID: CVE-2022-40303
Target Binary: /binaries/target/libxml2/libxml2-2.10.4-o0-libxml2
Vulnerable Function Name: xmlParseComment
Overall Score is: 0.817
--------------------------------------------
CVE ID: CVE-2022-40303
Target Binary: /binaries/target/libxml2/libxml2-2.11.0-o0-libxml2
Vulnerable Function Name: xmlParseComment
Overall Score is: 0.817
--------------------------------------------
CVE ID: CVE-2022-40303
Target Binary: /binaries/target/libxml2/libxml2-2.10.2-o0-libxml2
Vulnerable Function Name: xmlParseCommentComplex
Overall Score is: -0.722
--------------------------------------------
CVE ID: CVE-2022-40303
Target Binary: /binaries/target/libxml2/libxml2-2.10.1-o0-libxml2
Vulnerable Function Name: xmlParseCommentComplex
Overall Score is: -0.722
--------------------------------------------
CVE ID: CVE-2022-40303
Target Binary: /binaries/target/libxml2/libxml2-2.10.0-o0-libxml2
Vulnerable Function Name: xmlParseCommentComplex
Overall Score is: -0.722
--------------------------------------------
CVE ID: CVE-2022-40303
Target Binary: /binaries/target/libxml2/libxml2-2.10.3-o0-libxml2
Vulnerable Function Name: xmlParseCommentComplex
Overall Score is: 0.893
--------------------------------------------
CVE ID: CVE-2022-40303
Target Binary: /binaries/target/libxml2/libxml2-2.10.4-o0-libxml2
Vulnerable Function Name: xmlParseCommentComplex
Overall Score is: 0.893
--------------------------------------------
CVE ID: CVE-2022-40303
Target Binary: /binaries/target/libxml2/libxml2-2.11.0-o0-libxml2
Vulnerable Function Name: xmlParseCommentComplex
Overall Score is: -0.516
--------------------------------------------
CVE ID: CVE-2017-13710
Target Binary: /binaries/target/binutils/binutils-2.29-o0-objdump
Vulnerable Function Name: setup_group
Overall Score is: -0.674
--------------------------------------------
CVE ID: CVE-2017-13710
Target Binary: /binaries/target/binutils/binutils-2.28-o0-objdump
Vulnerable Function Name: setup_group
Overall Score is: -0.663
--------------------------------------------
CVE ID: CVE-2017-13710
Target Binary: /binaries/target/binutils/binutils-2.29.1-o0-objdump
Vulnerable Function Name: setup_group
Overall Score is: 0.852
--------------------------------------------
CVE ID: CVE-2017-13710
Target Binary: /binaries/target/binutils/binutils-2.30-o0-objdump
Vulnerable Function Name: setup_group
Overall Score is: 0.850
--------------------------------------------
CVE ID: CVE-2017-14129
Target Binary: /binaries/target/binutils/binutils-2.29-o0-objdump
Vulnerable Function Name: read_section
Overall Score is: 0.088
--------------------------------------------
CVE ID: CVE-2017-14129
Target Binary: /binaries/target/binutils/binutils-2.29.1-o0-objdump
Vulnerable Function Name: read_section
Overall Score is: 0.625
--------------------------------------------
CVE ID: CVE-2017-14129
Target Binary: /binaries/target/binutils/binutils-2.28-o0-objdump
Vulnerable Function Name: read_section
Overall Score is: 0.088
--------------------------------------------
CVE ID: CVE-2017-14129
Target Binary: /binaries/target/binutils/binutils-2.30-o0-objdump
Vulnerable Function Name: read_section
Overall Score is: 0.562
--------------------------------------------
CVE ID: CVE-2017-14933
Target Binary: /binaries/target/binutils/binutils-2.29-o0-objdump
Vulnerable Function Name: read_formatted_entries
Overall Score is: -0.699
--------------------------------------------
CVE ID: CVE-2017-14933
Target Binary: /binaries/target/binutils/binutils-2.29.1-o0-objdump
Vulnerable Function Name: read_formatted_entries
Overall Score is: -0.699
--------------------------------------------
CVE ID: CVE-2017-14933
Target Binary: /binaries/target/binutils/binutils-2.30-o0-objdump
Vulnerable Function Name: read_formatted_entries
Overall Score is: -0.766
--------------------------------------------
CVE ID: CVE-2017-14933
Target Binary: /binaries/target/binutils/binutils-2.29-o0-objdump
Vulnerable Function Name: read_formatted_entries
Overall Score is: -0.699
--------------------------------------------
CVE ID: CVE-2017-14933
Target Binary: /binaries/target/binutils/binutils-2.29.1-o0-objdump
Vulnerable Function Name: read_formatted_entries
Overall Score is: -0.699
--------------------------------------------
CVE ID: CVE-2017-14933
Target Binary: /binaries/target/binutils/binutils-2.30-o0-objdump
Vulnerable Function Name: read_formatted_entries
Overall Score is: -0.766
--------------------------------------------
CVE ID: CVE-2017-15020
Target Binary: /binaries/target/binutils/binutils-2.29-o0-objdump
Vulnerable Function Name: parse_line_table
Overall Score is: 0.170
--------------------------------------------
CVE ID: CVE-2017-15020
Target Binary: /binaries/target/binutils/binutils-2.29.1-o0-objdump
Vulnerable Function Name: parse_line_table
Overall Score is: 0.170
--------------------------------------------
CVE ID: CVE-2017-15020
Target Binary: /binaries/target/binutils/binutils-2.28-o0-objdump
Vulnerable Function Name: parse_line_table
Overall Score is: 0.170
--------------------------------------------
CVE ID: CVE-2017-15020
Target Binary: /binaries/target/binutils/binutils-2.30-o0-objdump
Vulnerable Function Name: parse_line_table
Overall Score is: 0.294
--------------------------------------------
CVE ID: CVE-2017-15020
Target Binary: /binaries/target/binutils/binutils-2.29-o0-objdump
Vulnerable Function Name: parse_die
Overall Score is: -0.673
--------------------------------------------
CVE ID: CVE-2017-15020
Target Binary: /binaries/target/binutils/binutils-2.29.1-o0-objdump
Vulnerable Function Name: parse_die
Overall Score is: -0.673
--------------------------------------------
CVE ID: CVE-2017-15020
Target Binary: /binaries/target/binutils/binutils-2.28-o0-objdump
Vulnerable Function Name: parse_die
Overall Score is: -0.673
--------------------------------------------
CVE ID: CVE-2017-15020
Target Binary: /binaries/target/binutils/binutils-2.30-o0-objdump
Vulnerable Function Name: parse_die
Overall Score is: 0.593
--------------------------------------------
CVE ID: CVE-2017-15024
Target Binary: /binaries/target/binutils/binutils-2.29-o0-objdump
Vulnerable Function Name: scan_unit_for_symbols
Overall Score is: 0.199
--------------------------------------------
CVE ID: CVE-2017-15024
Target Binary: /binaries/target/binutils/binutils-2.29.1-o0-objdump
Vulnerable Function Name: scan_unit_for_symbols
Overall Score is: 0.199
--------------------------------------------
CVE ID: CVE-2017-15024
Target Binary: /binaries/target/binutils/binutils-2.28-o0-objdump
Vulnerable Function Name: scan_unit_for_symbols
Overall Score is: 0.199
--------------------------------------------
CVE ID: CVE-2017-15024
Target Binary: /binaries/target/binutils/binutils-2.30-o0-objdump
Vulnerable Function Name: scan_unit_for_symbols
Overall Score is: 0.268
--------------------------------------------
CVE ID: CVE-2017-15024
Target Binary: /binaries/target/binutils/binutils-2.29-o0-objdump
Vulnerable Function Name: find_abstract_instance_name
Overall Score is: -0.950
--------------------------------------------
CVE ID: CVE-2017-15024
Target Binary: /binaries/target/binutils/binutils-2.29.1-o0-objdump
Vulnerable Function Name: find_abstract_instance_name
Overall Score is: -0.950
--------------------------------------------
CVE ID: CVE-2017-15024
Target Binary: /binaries/target/binutils/binutils-2.28-o0-objdump
Vulnerable Function Name: find_abstract_instance_name
Overall Score is: -0.948
--------------------------------------------
CVE ID: CVE-2017-15024
Target Binary: /binaries/target/binutils/binutils-2.30-o0-objdump
Vulnerable Function Name: find_abstract_instance_name
Overall Score is: 0.789
--------------------------------------------
CVE ID: CVE-2017-15938
Target Binary: /binaries/target/binutils/binutils-2.29-o0-objdump
Vulnerable Function Name: find_abstract_instance_name
Overall Score is: -0.512
--------------------------------------------
CVE ID: CVE-2017-15938
Target Binary: /binaries/target/binutils/binutils-2.29.1-o0-objdump
Vulnerable Function Name: find_abstract_instance_name
Overall Score is: -0.512
--------------------------------------------
CVE ID: CVE-2017-15938
Target Binary: /binaries/target/binutils/binutils-2.28-o0-objdump
Vulnerable Function Name: find_abstract_instance_name
Overall Score is: -0.512
--------------------------------------------
CVE ID: CVE-2017-15938
Target Binary: /binaries/target/binutils/binutils-2.30-o0-objdump
Vulnerable Function Name: find_abstract_instance_name
Overall Score is: 0.913
--------------------------------------------
CVE ID: CVE-2017-15939
Target Binary: /binaries/target/binutils/binutils-2.29-o0-objdump
Vulnerable Function Name: decode_line_info
Overall Score is: 0.591
--------------------------------------------
CVE ID: CVE-2017-15939
Target Binary: /binaries/target/binutils/binutils-2.29.1-o0-objdump
Vulnerable Function Name: decode_line_info
Overall Score is: 0.591
--------------------------------------------
CVE ID: CVE-2017-15939
Target Binary: /binaries/target/binutils/binutils-2.28-o0-objdump
Vulnerable Function Name: decode_line_info
Overall Score is: 0.188
--------------------------------------------
CVE ID: CVE-2017-15939
Target Binary: /binaries/target/binutils/binutils-2.30-o0-objdump
Vulnerable Function Name: decode_line_info
Overall Score is: 0.531
--------------------------------------------
CVE ID: CVE-2017-15996
Target Binary: /binaries/target/binutils/binutils-2.29-o0-objdump
Vulnerable Function Name: process_archive_index_and_symbols
Overall Score is: -0.368
--------------------------------------------
CVE ID: CVE-2017-15996
Target Binary: /binaries/target/binutils/binutils-2.29.1-o0-objdump
Vulnerable Function Name: process_archive_index_and_symbols
Overall Score is: -0.368
--------------------------------------------
CVE ID: CVE-2017-15996
Target Binary: /binaries/target/binutils/binutils-2.30-o0-objdump
Vulnerable Function Name: process_archive_index_and_symbols
Overall Score is: 0.785
--------------------------------------------
CVE ID: CVE-2017-15996
Target Binary: /binaries/target/binutils/binutils-2.28-o0-objdump
Vulnerable Function Name: process_archive_index_and_symbols
Overall Score is: -0.368
--------------------------------------------
CVE ID: CVE-2017-16831
Target Binary: /binaries/target/binutils/binutils-2.29.1-o0-objdump
Vulnerable Function Name: coff_get_normalized_symtab
Overall Score is: 0.341
--------------------------------------------
CVE ID: CVE-2017-16831
Target Binary: /binaries/target/binutils/binutils-2.30-o0-objdump
Vulnerable Function Name: coff_get_normalized_symtab
Overall Score is: 0.508
--------------------------------------------
CVE ID: CVE-2017-16831
Target Binary: /binaries/target/binutils/binutils-2.31-o0-objdump
Vulnerable Function Name: coff_get_normalized_symtab
Overall Score is: 0.508
--------------------------------------------
CVE ID: CVE-2017-16831
Target Binary: /binaries/target/binutils/binutils-2.31.1-o0-objdump
Vulnerable Function Name: coff_get_normalized_symtab
Overall Score is: 0.508
--------------------------------------------
CVE ID: CVE-2017-16831
Target Binary: /binaries/target/binutils/binutils-2.29.1-o0-objdump
Vulnerable Function Name: _bfd_coff_get_external_symbols
Overall Score is: -0.509
--------------------------------------------
CVE ID: CVE-2017-16831
Target Binary: /binaries/target/binutils/binutils-2.30-o0-objdump
Vulnerable Function Name: _bfd_coff_get_external_symbols
Overall Score is: 0.802
--------------------------------------------
CVE ID: CVE-2017-16831
Target Binary: /binaries/target/binutils/binutils-2.31-o0-objdump
Vulnerable Function Name: _bfd_coff_get_external_symbols
Overall Score is: 0.811
--------------------------------------------
CVE ID: CVE-2017-16831
Target Binary: /binaries/target/binutils/binutils-2.31.1-o0-objdump
Vulnerable Function Name: _bfd_coff_get_external_symbols
Overall Score is: 0.811
CVE ID: CVE-2021-45078
Target Binary: /binaries/target/binutils/binutils-2.37-o0-objdump
Vulnerable Function Name: stab_xcoff_builtin_type
Overall Score is: -0.815
--------------------------------------------
CVE ID: CVE-2021-45078
Target Binary: /binaries/target/binutils/binutils-2.36.1-o0-objdump
Vulnerable Function Name: stab_xcoff_builtin_type
Overall Score is: -0.815
--------------------------------------------
CVE ID: CVE-2021-45078
Target Binary: /binaries/target/binutils/binutils-2.35.2-o0-objdump
Vulnerable Function Name: stab_xcoff_builtin_type
Overall Score is: -0.815
--------------------------------------------
CVE ID: CVE-2021-45078
Target Binary: /binaries/target/binutils/binutils-2.38-o0-objdump
Vulnerable Function Name: stab_xcoff_builtin_type
Overall Score is: 0.931
--------------------------------------------
CVE ID: CVE-2021-45078
Target Binary: /binaries/target/binutils/binutils-2.39-o0-objdump
Vulnerable Function Name: stab_xcoff_builtin_type
Overall Score is: 0.931
--------------------------------------------
CVE ID: CVE-2021-45078
Target Binary: /binaries/target/binutils/binutils-2.40-o0-objdump
Vulnerable Function Name: stab_xcoff_builtin_type
Overall Score is: 0.931
--------------------------------------------
CVE ID: CVE-2022-48063
Target Binary: /binaries/target/binutils/binutils-2.39-o0-objdump
Vulnerable Function Name: load_specific_debug_section
Overall Score is: -0.744
--------------------------------------------
CVE ID: CVE-2022-48063
Target Binary: /binaries/target/binutils/binutils-2.38-o0-objdump
Vulnerable Function Name: load_specific_debug_section
Overall Score is: -0.744
--------------------------------------------
CVE ID: CVE-2022-48063
Target Binary: /binaries/target/binutils/binutils-2.37-o0-objdump
Vulnerable Function Name: load_specific_debug_section
Overall Score is: -0.721
--------------------------------------------
CVE ID: CVE-2022-48063
Target Binary: /binaries/target/binutils/binutils-2.40-o0-objdump
Vulnerable Function Name: load_specific_debug_section
Overall Score is: 0.785
--------------------------------------------
CVE ID: CVE-2022-48063
Target Binary: /binaries/target/binutils/binutils-2.41-o0-objdump
Vulnerable Function Name: load_specific_debug_section
Overall Score is: 0.785
--------------------------------------------
CVE ID: CVE-2022-48063
Target Binary: /binaries/target/binutils/binutils-2.42-o0-objdump
Vulnerable Function Name: load_specific_debug_section
Overall Score is: 0.785
--------------------------------------------
CVE ID: CVE-2022-48065
Target Binary: /binaries/target/binutils/binutils-2.39-o0-objdump
Vulnerable Function Name: find_abstract_instance
Overall Score is: 0.293
--------------------------------------------
CVE ID: CVE-2022-48065
Target Binary: /binaries/target/binutils/binutils-2.38-o0-objdump
Vulnerable Function Name: find_abstract_instance
Overall Score is: 0.296
--------------------------------------------
CVE ID: CVE-2022-48065
Target Binary: /binaries/target/binutils/binutils-2.37-o0-objdump
Vulnerable Function Name: find_abstract_instance
Overall Score is: 0.296
--------------------------------------------
CVE ID: CVE-2022-48065
Target Binary: /binaries/target/binutils/binutils-2.40-o0-objdump
Vulnerable Function Name: find_abstract_instance
Overall Score is: 0.288
--------------------------------------------
CVE ID: CVE-2022-48065
Target Binary: /binaries/target/binutils/binutils-2.41-o0-objdump
Vulnerable Function Name: find_abstract_instance
Overall Score is: 0.288
--------------------------------------------
CVE ID: CVE-2022-48065
Target Binary: /binaries/target/binutils/binutils-2.42-o0-objdump
Vulnerable Function Name: find_abstract_instance
Overall Score is: 0.288
--------------------------------------------
CVE ID: CVE-2023-25586
Target Binary: /binaries/target/binutils/binutils-2.40-o0-objdump
Vulnerable Function Name: bfd_init_section_decompress_status
Overall Score is: 0.404
--------------------------------------------
CVE ID: CVE-2023-25586
Target Binary: /binaries/target/binutils/binutils-2.41-o0-objdump
Vulnerable Function Name: bfd_init_section_decompress_status
Overall Score is: 0.404
--------------------------------------------
CVE ID: CVE-2023-25586
Target Binary: /binaries/target/binutils/binutils-2.42-o0-objdump
Vulnerable Function Name: bfd_init_section_decompress_status
Overall Score is: 0.404
--------------------------------------------
CVE ID: CVE-2023-25586
Target Binary: /binaries/target/binutils/binutils-2.43-o0-objdump
Vulnerable Function Name: bfd_init_section_decompress_status
Overall Score is: 0.404
--------------------------------------------
CVE ID: CVE-2013-1944
Target Binary: /binaries/target/curl/curl-7.29.0-o0-curl
Vulnerable Function Name: tailmatch
Overall Score is: -0.102
--------------------------------------------
CVE ID: CVE-2013-1944
Target Binary: /binaries/target/curl/curl-7.30.0-o0-curl
Vulnerable Function Name: tailmatch
Overall Score is: 0.588
--------------------------------------------
CVE ID: CVE-2013-1944
Target Binary: /binaries/target/curl/curl-7.31.0-o0-curl
Vulnerable Function Name: tailmatch
Overall Score is: 0.588
--------------------------------------------
CVE ID: CVE-2013-1944
Target Binary: /binaries/target/curl/curl-7.32.0-o0-curl
Vulnerable Function Name: tailmatch
Overall Score is: 0.588
--------------------------------------------
CVE ID: CVE-2014-0015
Target Binary: /binaries/target/curl/curl-7.34.0-o0-curl
Vulnerable Function Name: ConnectionExists
Overall Score is: 0.183
--------------------------------------------
CVE ID: CVE-2014-0015
Target Binary: /binaries/target/curl/curl-7.33.0-o0-curl
Vulnerable Function Name: ConnectionExists
Overall Score is: 0.183
--------------------------------------------
CVE ID: CVE-2014-0015
Target Binary: /binaries/target/curl/curl-7.32.0-o0-curl
Vulnerable Function Name: ConnectionExists
Overall Score is: 0.183
--------------------------------------------
CVE ID: CVE-2014-0015
Target Binary: /binaries/target/curl/curl-7.35.0-o0-curl
Vulnerable Function Name: ConnectionExists
Overall Score is: 0.282
--------------------------------------------
CVE ID: CVE-2014-0015
Target Binary: /binaries/target/curl/curl-7.36.0-o0-curl
Vulnerable Function Name: ConnectionExists
Overall Score is: 0.282
--------------------------------------------
CVE ID: CVE-2014-0015
Target Binary: /binaries/target/curl/curl-7.37.0-o0-curl
Vulnerable Function Name: ConnectionExists
Overall Score is: 0.282
--------------------------------------------
CVE ID: CVE-2016-6153
Target Binary: /binaries/target/sqlite/sqlite-3.12.2-o0-sqlite3
Vulnerable Function Name: unixGetTempname
Overall Score is: 0.017
--------------------------------------------
CVE ID: CVE-2016-6153
Target Binary: /binaries/target/sqlite/sqlite-3.12.1-o0-sqlite3
Vulnerable Function Name: unixGetTempname
Overall Score is: 0.017
--------------------------------------------
CVE ID: CVE-2016-6153
Target Binary: /binaries/target/sqlite/sqlite-3.13.0-o0-sqlite3
Vulnerable Function Name: unixGetTempname
Overall Score is: 0.440
--------------------------------------------
CVE ID: CVE-2016-6153
Target Binary: /binaries/target/sqlite/sqlite-3.14.1-o0-sqlite3
Vulnerable Function Name: unixGetTempname
Overall Score is: 0.440
--------------------------------------------
CVE ID: CVE-2018-20346
Target Binary: /binaries/target/sqlite/sqlite-3.25.2-o0-sqlite3
Vulnerable Function Name: fts3SegReaderNext
Overall Score is: 0.144
--------------------------------------------
CVE ID: CVE-2018-20346
Target Binary: /binaries/target/sqlite/sqlite-3.25.1-o0-sqlite3
Vulnerable Function Name: fts3SegReaderNext
Overall Score is: 0.144
--------------------------------------------
CVE ID: CVE-2018-20346
Target Binary: /binaries/target/sqlite/sqlite-3.25.0-o0-sqlite3
Vulnerable Function Name: fts3SegReaderNext
Overall Score is: 0.144
--------------------------------------------
CVE ID: CVE-2018-20346
Target Binary: /binaries/target/sqlite/sqlite-3.25.3-o0-sqlite3
Vulnerable Function Name: fts3SegReaderNext
Overall Score is: 0.318
--------------------------------------------
CVE ID: CVE-2018-20346
Target Binary: /binaries/target/sqlite/sqlite-3.26.0-o0-sqlite3
Vulnerable Function Name: fts3SegReaderNext
Overall Score is: 0.318
--------------------------------------------
CVE ID: CVE-2018-20346
Target Binary: /binaries/target/sqlite/sqlite-3.27.0-o0-sqlite3
Vulnerable Function Name: fts3SegReaderNext
Overall Score is: 0.318
--------------------------------------------
CVE ID: CVE-2018-20346
Target Binary: /binaries/target/sqlite/sqlite-3.25.2-o0-sqlite3
Vulnerable Function Name: fts3ScanInteriorNode
Overall Score is: -0.332
--------------------------------------------
CVE ID: CVE-2018-20346
Target Binary: /binaries/target/sqlite/sqlite-3.25.1-o0-sqlite3
Vulnerable Function Name: fts3ScanInteriorNode
Overall Score is: -0.332
--------------------------------------------
CVE ID: CVE-2018-20346
Target Binary: /binaries/target/sqlite/sqlite-3.25.0-o0-sqlite3
Vulnerable Function Name: fts3ScanInteriorNode
Overall Score is: -0.332
--------------------------------------------
CVE ID: CVE-2018-20346
Target Binary: /binaries/target/sqlite/sqlite-3.25.3-o0-sqlite3
Vulnerable Function Name: fts3ScanInteriorNode
Overall Score is: 0.675
--------------------------------------------
CVE ID: CVE-2018-20346
Target Binary: /binaries/target/sqlite/sqlite-3.26.0-o0-sqlite3
Vulnerable Function Name: fts3ScanInteriorNode
Overall Score is: 0.675
--------------------------------------------
CVE ID: CVE-2018-20346
Target Binary: /binaries/target/sqlite/sqlite-3.27.0-o0-sqlite3
Vulnerable Function Name: fts3ScanInteriorNode
Overall Score is: 0.675
--------------------------------------------
CVE ID: CVE-2019-19645
Target Binary: /binaries/target/sqlite/sqlite-3.30.1-o0-sqlite3
Vulnerable Function Name: renameTableFunc
Overall Score is: -0.913
--------------------------------------------
CVE ID: CVE-2019-19645
Target Binary: /binaries/target/sqlite/sqlite-3.30.0-o0-sqlite3
Vulnerable Function Name: renameTableFunc
Overall Score is: -0.913
--------------------------------------------
CVE ID: CVE-2019-19645
Target Binary: /binaries/target/sqlite/sqlite-3.29.0-o0-sqlite3
Vulnerable Function Name: renameTableFunc
Overall Score is: -0.913
--------------------------------------------
CVE ID: CVE-2019-19645
Target Binary: /binaries/target/sqlite/sqlite-3.31.0-o0-sqlite3
Vulnerable Function Name: renameTableFunc
Overall Score is: 0.845
--------------------------------------------
CVE ID: CVE-2019-19645
Target Binary: /binaries/target/sqlite/sqlite-3.31.1-o0-sqlite3
Vulnerable Function Name: renameTableFunc
Overall Score is: 0.845
--------------------------------------------
CVE ID: CVE-2019-19645
Target Binary: /binaries/target/sqlite/sqlite-3.32.0-o0-sqlite3
Vulnerable Function Name: renameTableFunc
Overall Score is: 0.845
--------------------------------------------
CVE ID: CVE-2019-19645
Target Binary: /binaries/target/sqlite/sqlite-3.30.1-o0-sqlite3
Vulnerable Function Name: renameUnmapSelectCb
Overall Score is: 0.034
--------------------------------------------
CVE ID: CVE-2019-19645
Target Binary: /binaries/target/sqlite/sqlite-3.30.0-o0-sqlite3
Vulnerable Function Name: renameUnmapSelectCb
Overall Score is: 0.034
--------------------------------------------
CVE ID: CVE-2019-19645
Target Binary: /binaries/target/sqlite/sqlite-3.29.0-o0-sqlite3
Vulnerable Function Name: renameUnmapSelectCb
Overall Score is: 0.034
--------------------------------------------
CVE ID: CVE-2019-19645
Target Binary: /binaries/target/sqlite/sqlite-3.31.0-o0-sqlite3
Vulnerable Function Name: renameUnmapSelectCb
Overall Score is: 0.567
--------------------------------------------
CVE ID: CVE-2019-19645
Target Binary: /binaries/target/sqlite/sqlite-3.31.1-o0-sqlite3
Vulnerable Function Name: renameUnmapSelectCb
Overall Score is: 0.567
--------------------------------------------
CVE ID: CVE-2019-19645
Target Binary: /binaries/target/sqlite/sqlite-3.32.0-o0-sqlite3
Vulnerable Function Name: renameUnmapSelectCb
Overall Score is: 0.567
--------------------------------------------
CVE ID: CVE-2019-19645
Target Binary: /binaries/target/sqlite/sqlite-3.30.1-o0-sqlite3
Vulnerable Function Name: renameTableSelectCb
Overall Score is: -0.099
--------------------------------------------
CVE ID: CVE-2019-19645
Target Binary: /binaries/target/sqlite/sqlite-3.30.0-o0-sqlite3
Vulnerable Function Name: renameTableSelectCb
Overall Score is: -0.099
--------------------------------------------
CVE ID: CVE-2019-19645
Target Binary: /binaries/target/sqlite/sqlite-3.29.0-o0-sqlite3
Vulnerable Function Name: renameTableSelectCb
Overall Score is: -0.099
--------------------------------------------
CVE ID: CVE-2019-19645
Target Binary: /binaries/target/sqlite/sqlite-3.31.0-o0-sqlite3
Vulnerable Function Name: renameTableSelectCb
Overall Score is: 0.573
--------------------------------------------
CVE ID: CVE-2019-19645
Target Binary: /binaries/target/sqlite/sqlite-3.31.1-o0-sqlite3
Vulnerable Function Name: renameTableSelectCb
Overall Score is: 0.573
--------------------------------------------
CVE ID: CVE-2019-19645
Target Binary: /binaries/target/sqlite/sqlite-3.32.0-o0-sqlite3
Vulnerable Function Name: renameTableSelectCb
Overall Score is: 0.573
--------------------------------------------
CVE ID: CVE-2019-19646
Target Binary: /binaries/target/sqlite/sqlite-3.30.1-o0-sqlite3
Vulnerable Function Name: sqlite3CreateColumnExpr
Overall Score is: -0.641
--------------------------------------------
CVE ID: CVE-2019-19646
Target Binary: /binaries/target/sqlite/sqlite-3.30.0-o0-sqlite3
Vulnerable Function Name: sqlite3CreateColumnExpr
Overall Score is: -0.641
--------------------------------------------
CVE ID: CVE-2019-19646
Target Binary: /binaries/target/sqlite/sqlite-3.29.0-o0-sqlite3
Vulnerable Function Name: sqlite3CreateColumnExpr
Overall Score is: -0.641
--------------------------------------------
CVE ID: CVE-2019-19646
Target Binary: /binaries/target/sqlite/sqlite-3.31.0-o0-sqlite3
Vulnerable Function Name: sqlite3CreateColumnExpr
Overall Score is: 0.690
--------------------------------------------
CVE ID: CVE-2019-19646
Target Binary: /binaries/target/sqlite/sqlite-3.31.1-o0-sqlite3
Vulnerable Function Name: sqlite3CreateColumnExpr
Overall Score is: 0.690
--------------------------------------------
CVE ID: CVE-2019-19646
Target Binary: /binaries/target/sqlite/sqlite-3.32.0-o0-sqlite3
Vulnerable Function Name: sqlite3CreateColumnExpr
Overall Score is: 0.690
--------------------------------------------
CVE ID: CVE-2019-19924
Target Binary: /binaries/target/sqlite/sqlite-3.30.1-o0-sqlite3
Vulnerable Function Name: codeCompare
Overall Score is: 0.066
--------------------------------------------
CVE ID: CVE-2019-19924
Target Binary: /binaries/target/sqlite/sqlite-3.31.0-o0-sqlite3
Vulnerable Function Name: codeCompare
Overall Score is: 0.626
--------------------------------------------
CVE ID: CVE-2019-19924
Target Binary: /binaries/target/sqlite/sqlite-3.31.1-o0-sqlite3
Vulnerable Function Name: codeCompare
Overall Score is: 0.626
--------------------------------------------
CVE ID: CVE-2019-19924
Target Binary: /binaries/target/sqlite/sqlite-3.32.0-o0-sqlite3
Vulnerable Function Name: codeCompare
Overall Score is: 0.626
--------------------------------------------
CVE ID: CVE-2019-19924
Target Binary: /binaries/target/sqlite/sqlite-3.30.1-o0-sqlite3
Vulnerable Function Name: sqlite3WindowRewrite
Overall Score is: -0.041
--------------------------------------------
CVE ID: CVE-2019-19924
Target Binary: /binaries/target/sqlite/sqlite-3.31.0-o0-sqlite3
Vulnerable Function Name: sqlite3WindowRewrite
Overall Score is: 0.551
--------------------------------------------
CVE ID: CVE-2019-19924
Target Binary: /binaries/target/sqlite/sqlite-3.31.1-o0-sqlite3
Vulnerable Function Name: sqlite3WindowRewrite
Overall Score is: 0.551
--------------------------------------------
CVE ID: CVE-2019-19924
Target Binary: /binaries/target/sqlite/sqlite-3.32.0-o0-sqlite3
Vulnerable Function Name: sqlite3WindowRewrite
Overall Score is: 0.474
--------------------------------------------
CVE ID: CVE-2020-13632
Target Binary: /binaries/target/sqlite/sqlite-3.31.1-o0-sqlite3
Vulnerable Function Name: fts3ExprLHits
Overall Score is: -0.762
--------------------------------------------
CVE ID: CVE-2020-13632
Target Binary: /binaries/target/sqlite/sqlite-3.31.0-o0-sqlite3
Vulnerable Function Name: fts3ExprLHits
Overall Score is: -0.762
--------------------------------------------
CVE ID: CVE-2020-13632
Target Binary: /binaries/target/sqlite/sqlite-3.30.1-o0-sqlite3
Vulnerable Function Name: fts3ExprLHits
Overall Score is: -0.769
--------------------------------------------
CVE ID: CVE-2020-13632
Target Binary: /binaries/target/sqlite/sqlite-3.32.0-o0-sqlite3
Vulnerable Function Name: fts3ExprLHits
Overall Score is: 0.689
--------------------------------------------
CVE ID: CVE-2020-13632
Target Binary: /binaries/target/sqlite/sqlite-3.32.1-o0-sqlite3
Vulnerable Function Name: fts3ExprLHits
Overall Score is: 0.689
--------------------------------------------
CVE ID: CVE-2020-13632
Target Binary: /binaries/target/sqlite/sqlite-3.32.2-o0-sqlite3
Vulnerable Function Name: fts3ExprLHits
Overall Score is: 0.689
--------------------------------------------
CVE ID: CVE-2021-36690
Target Binary: /binaries/target/sqlite/sqlite-3.36.0-o0-sqlite3
Vulnerable Function Name: idxGetTableInfo
Overall Score is: -0.539
--------------------------------------------
CVE ID: CVE-2021-36690
Target Binary: /binaries/target/sqlite/sqlite-3.37.0-o0-sqlite3
Vulnerable Function Name: idxGetTableInfo
Overall Score is: 0.792
--------------------------------------------
CVE ID: CVE-2021-36690
Target Binary: /binaries/target/sqlite/sqlite-3.37.1-o0-sqlite3
Vulnerable Function Name: idxGetTableInfo
Overall Score is: 0.792
--------------------------------------------
CVE ID: CVE-2021-36690
Target Binary: /binaries/target/sqlite/sqlite-3.37.2-o0-sqlite3
Vulnerable Function Name: idxGetTableInfo
Overall Score is: 0.792
--------------------------------------------
