开始分析CWE准确率...
加载了 41 个CWE分类
工作列表: ['PS3', 'BinXray', 'PatchDiscovery', 'React', 'Robin']
项目列表: ['imagemagick', 'tcpdump', 'freetype', 'openjpeg', 'curl', 'openssl', 'libxml2', 'sqlite', 'ffmpeg', 'binutils']

处理工作: PS3
  imagemagick: 加载了 111 个CVE结果
  tcpdump: 加载了 105 个CVE结果
  freetype: 加载了 46 个CVE结果
  openjpeg: 加载了 10 个CVE结果
  curl: 加载了 37 个CVE结果
  openssl: 加载了 55 个CVE结果
  libxml2: 加载了 37 个CVE结果
  sqlite: 加载了 11 个CVE结果
  ffmpeg: 加载了 35 个CVE结果
  binutils: 加载了 95 个CVE结果
  CWE-119: 286/293 CVEs, 准确率1: 2.755, 准确率2: 0.753
  CWE-190: 43/45 CVEs, 准确率1: 2.628, 准确率2: 0.758
  CWE-754: 39/42 CVEs, 准确率1: 3.333, 准确率2: 0.807
  CWE-401: 28/28 CVEs, 准确率1: 1.464, 准确率2: 0.586
  CWE-369: 20/20 CVEs, 准确率1: 2.400, 准确率2: 0.716
  CWE-20: 16/17 CVEs, 准确率1: 2.688, 准确率2: 0.827
  CWE-834: 14/14 CVEs, 准确率1: 1.643, 准确率2: 0.605
  CWE-200: 12/12 CVEs, 准确率1: 1.750, 准确率2: 0.875
  CWE-400: 7/7 CVEs, 准确率1: 2.143, 准确率2: 0.750
  CWE-772: 6/6 CVEs, 准确率1: 2.833, 准确率2: 0.773
  CWE-399: 6/6 CVEs, 准确率1: 1.000, 准确率2: 0.667
  CWE-665: 5/6 CVEs, 准确率1: 2.800, 准确率2: 0.636

处理工作: BinXray
  imagemagick: 加载了 111 个CVE结果
  tcpdump: 加载了 104 个CVE结果
  freetype: 加载了 46 个CVE结果
  openjpeg: 加载了 10 个CVE结果
  curl: 加载了 37 个CVE结果
  openssl: 加载了 55 个CVE结果
  libxml2: 加载了 37 个CVE结果
  sqlite: 加载了 27 个CVE结果
  ffmpeg: 加载了 36 个CVE结果
  binutils: 加载了 96 个CVE结果
  CWE-119: 292/293 CVEs, 准确率1: 0.670, 准确率2: 0.842
  CWE-190: 45/45 CVEs, 准确率1: 0.565, 准确率2: 0.777
  CWE-754: 42/42 CVEs, 准确率1: 0.667, 准确率2: 0.818
  CWE-401: 28/28 CVEs, 准确率1: 0.692, 准确率2: 0.947
  CWE-369: 20/20 CVEs, 准确率1: 0.523, 准确率2: 0.824
  CWE-20: 17/17 CVEs, 准确率1: 0.674, 准确率2: 0.899
  CWE-834: 14/14 CVEs, 准确率1: 0.568, 准确率2: 0.840
  CWE-200: 12/12 CVEs, 准确率1: 0.544, 准确率2: 0.902
  CWE-400: 7/7 CVEs, 准确率1: 0.636, 准确率2: 0.840
  CWE-772: 6/6 CVEs, 准确率1: 0.958, 准确率2: 0.958
  CWE-399: 6/6 CVEs, 准确率1: 0.500, 准确率2: 0.889
  CWE-665: 6/6 CVEs, 准确率1: 0.767, 准确率2: 0.852

处理工作: PatchDiscovery
  imagemagick: 加载了 111 个CVE结果
  tcpdump: 加载了 105 个CVE结果
  freetype: 加载了 46 个CVE结果
  openjpeg: 加载了 10 个CVE结果
  curl: 加载了 37 个CVE结果
  openssl: 加载了 55 个CVE结果
  libxml2: 加载了 37 个CVE结果
  sqlite: 加载了 27 个CVE结果
  ffmpeg: 加载了 36 个CVE结果
  binutils: 加载了 97 个CVE结果
  CWE-119: 293/293 CVEs, 准确率1: 0.724, 准确率2: 0.740
  CWE-190: 45/45 CVEs, 准确率1: 0.691, 准确率2: 0.712
  CWE-754: 42/42 CVEs, 准确率1: 0.809, 准确率2: 0.822
  CWE-401: 28/28 CVEs, 准确率1: 0.615, 准确率2: 0.615
  CWE-369: 20/20 CVEs, 准确率1: 0.644, 准确率2: 0.644
  CWE-20: 17/17 CVEs, 准确率1: 0.689, 准确率2: 0.713
  CWE-834: 14/14 CVEs, 准确率1: 0.761, 准确率2: 0.783
  CWE-200: 12/12 CVEs, 准确率1: 0.556, 准确率2: 0.614
  CWE-400: 7/7 CVEs, 准确率1: 0.697, 准确率2: 0.697
  CWE-772: 6/6 CVEs, 准确率1: 0.708, 准确率2: 0.708
  CWE-399: 6/6 CVEs, 准确率1: 0.710, 准确率2: 0.759
  CWE-665: 6/6 CVEs, 准确率1: 0.750, 准确率2: 0.750

处理工作: React
  imagemagick: 加载了 97 个CVE结果
  tcpdump: 加载了 105 个CVE结果
  freetype: 加载了 44 个CVE结果
  openjpeg: 加载了 10 个CVE结果
  curl: 加载了 37 个CVE结果
  openssl: 加载了 15 个CVE结果
  libxml2: 加载了 37 个CVE结果
  sqlite: 加载了 26 个CVE结果
  ffmpeg: 加载了 35 个CVE结果
  binutils: 加载了 77 个CVE结果
  CWE-119: 263/293 CVEs, 准确率1: 0.339, 准确率2: 0.605
  CWE-190: 40/45 CVEs, 准确率1: 0.314, 准确率2: 0.798
  CWE-754: 35/42 CVEs, 准确率1: 0.308, 准确率2: 0.602
  CWE-401: 23/28 CVEs, 准确率1: 0.426, 准确率2: 0.613
  CWE-369: 20/20 CVEs, 准确率1: 0.287, 准确率2: 0.775
  CWE-20: 14/17 CVEs, 准确率1: 0.443, 准确率2: 0.854
  CWE-834: 14/14 CVEs, 准确率1: 0.368, 准确率2: 0.757
  CWE-200: 6/12 CVEs, 准确率1: 0.219, 准确率2: 0.700
  CWE-400: 6/7 CVEs, 准确率1: 0.286, 准确率2: 1.000
  CWE-772: 5/6 CVEs, 准确率1: 0.250, 准确率2: 1.000
  CWE-399: 3/6 CVEs, 准确率1: 0.438, 准确率2: 0.438
  CWE-665: 6/6 CVEs, 准确率1: 0.233, 准确率2: 0.538

处理工作: Robin
  imagemagick: 加载了 111 个CVE结果
  tcpdump: 加载了 105 个CVE结果
  freetype: 加载了 46 个CVE结果
  openjpeg: 加载了 10 个CVE结果
  curl: 加载了 37 个CVE结果
  openssl: 加载了 54 个CVE结果
  libxml2: 加载了 37 个CVE结果
  sqlite: 加载了 27 个CVE结果
  ffmpeg: 加载了 36 个CVE结果
  binutils: 加载了 98 个CVE结果
  CWE-119: 293/293 CVEs, 准确率1: 0.816, 准确率2: 1.000
  CWE-190: 45/45 CVEs, 准确率1: 0.812, 准确率2: 1.000
  CWE-754: 42/42 CVEs, 准确率1: 0.944, 准确率2: 1.000
  CWE-401: 28/28 CVEs, 准确率1: 0.889, 准确率2: 1.000
  CWE-369: 20/20 CVEs, 准确率1: 0.000, 准确率2: 0.000
  CWE-20: 17/17 CVEs, 准确率1: 0.600, 准确率2: 1.000
  CWE-834: 14/14 CVEs, 准确率1: 0.800, 准确率2: 1.000
  CWE-200: 12/12 CVEs, 准确率1: 1.000, 准确率2: 1.000
  CWE-400: 7/7 CVEs, 准确率1: 1.000, 准确率2: 1.000
  CWE-772: 6/6 CVEs, 准确率1: 0.000, 准确率2: 0.000
  CWE-399: 6/6 CVEs, 准确率1: 1.000, 准确率2: 1.000
  CWE-665: 6/6 CVEs, 准确率1: 0.600, 准确率2: 1.000

结果已保存到: cwe_accuracy_analysis.csv

================================================================================
CWE准确率分析汇总
================================================================================

工作: PS3
------------------------------------------------------------
CWE ID          匹配CVE      总CVE     准确率1       准确率2      
------------------------------------------------------------
CWE-119         286        293      0.512      0.753     
CWE-190         43         45       0.481      0.758     
CWE-754         39         42       0.718      0.807     
CWE-401         28         28       0.315      0.586     
CWE-369         20         20       0.449      0.716     
CWE-20          16         17       0.500      0.827     
CWE-834         14         14       0.311      0.605     
CWE-200         12         12       0.313      0.875     
CWE-400         7          7        0.455      0.750     
CWE-772         6          6        0.708      0.773     
CWE-399         6          6        0.188      0.667     
CWE-665         5          6        0.583      0.636          

工作: BinXray
------------------------------------------------------------
CWE ID          匹配CVE      总CVE     准确率1       准确率2      
------------------------------------------------------------
CWE-119         292        293      0.706      0.750     
CWE-190         45         45       0.615      0.615     
CWE-754         42         42       0.681      0.710     
CWE-401         28         28       0.695      0.718     
CWE-369         20         20       0.567      0.608     
CWE-20          17         17       0.689      0.729     
CWE-834         14         14       0.676      0.706     
CWE-200         12         12       0.661      0.804     
CWE-400         7          7        0.667      0.667     
CWE-772         6          6        0.958      0.958     
CWE-399         6          6        0.533      0.533     
CWE-665         6          6        0.852      0.852  

工作: PatchDiscovery
------------------------------------------------------------
CWE ID          匹配CVE      总CVE     准确率1       准确率2      
------------------------------------------------------------
CWE-119         293        293      0.724      0.740     
CWE-190         45         45       0.691      0.712     
CWE-754         42         42       0.809      0.822     
CWE-401         28         28       0.615      0.615     
CWE-369         20         20       0.644      0.644     
CWE-20          17         17       0.689      0.713     
CWE-834         14         14       0.761      0.783     
CWE-200         12         12       0.556      0.614     
CWE-400         7          7        0.697      0.697     
CWE-772         6          6        0.708      0.708     
CWE-399         6          6        0.710      0.759     
CWE-665         6          6        0.750      0.750     

工作: React
------------------------------------------------------------
CWE ID          匹配CVE      总CVE     准确率1       准确率2      
------------------------------------------------------------
CWE-119         263        293      0.339      0.605     
CWE-190         40         45       0.314      0.798     
CWE-754         35         42       0.308      0.602     
CWE-401         23         28       0.426      0.613     
CWE-369         20         20       0.287      0.775     
CWE-20          14         17       0.443      0.854     
CWE-834         14         14       0.368      0.757     
CWE-200         6          12       0.219      0.700     
CWE-400         6          7        0.286      1.000     
CWE-665         6          6        0.233      0.538     
CWE-772         5          6        0.250      1.000     
CWE-399         3          6        0.438      0.438     

工作: Robin
------------------------------------------------------------
CWE ID          匹配CVE      总CVE     准确率1       准确率2      
------------------------------------------------------------
CWE-119         49         293      0.816      1.000     
CWE-190         6          45       0.812      1.000     
CWE-754         8          42       0.944      1.000     
CWE-401         3          28       0.889      1.000     
CWE-20          2          17       0.600      1.000     
CWE-834         2          14       0.800      1.000     
CWE-200         1          12       1.000      1.000     
CWE-400         1          7        1.000      1.000     
CWE-399         1          6        1.000      1.000     
CWE-665         2          6        0.600      1.000    
