2025-09-18 10:27:09,833 - INFO - detecting CVE-2010-2497 gray_render_cubic
2025-09-18 10:27:09,834 - INFO - cmd: python main.py --detect --cve_id CVE-2010-2497 --target_bin /binaries/target_clang/freetype/freetype-2.3.12-o3-freetype --vul_func_name gray_render_cubic --project freetype
2025-09-18 10:27:13,727 - ERROR - fail CVE-2010-2497 ,details1

2025-09-18 10:27:13,728 - INFO - detecting CVE-2010-2497 gray_render_cubic
2025-09-18 10:27:13,728 - INFO - cmd: python main.py --detect --cve_id CVE-2010-2497 --target_bin /binaries/target_clang/freetype/freetype-2.3.11-o3-freetype --vul_func_name gray_render_cubic --project freetype
2025-09-18 10:27:18,194 - ERROR - fail CVE-2010-2497 ,details1

2025-09-18 10:27:18,195 - INFO - detecting CVE-2010-2497 gray_render_cubic
2025-09-18 10:27:18,195 - INFO - cmd: python main.py --detect --cve_id CVE-2010-2497 --target_bin /binaries/target_clang/freetype/freetype-2.3.10-o3-freetype --vul_func_name gray_render_cubic --project freetype
2025-09-18 10:27:22,626 - ERROR - fail CVE-2010-2497 ,details1

2025-09-18 10:27:22,629 - INFO - detecting CVE-2010-2497 gray_render_cubic
2025-09-18 10:27:22,629 - INFO - cmd: python main.py --detect --cve_id CVE-2010-2497 --target_bin /binaries/target_clang/freetype/freetype-2.4.0-o3-freetype --vul_func_name gray_render_cubic --project freetype
2025-09-18 10:27:26,540 - ERROR - fail CVE-2010-2497 ,details1

2025-09-18 10:27:26,541 - INFO - detecting CVE-2010-2497 gray_render_cubic
2025-09-18 10:27:26,541 - INFO - cmd: python main.py --detect --cve_id CVE-2010-2497 --target_bin /binaries/target_clang/freetype/freetype-2.4.1-o3-freetype --vul_func_name gray_render_cubic --project freetype
2025-09-18 10:27:31,215 - ERROR - fail CVE-2010-2497 ,details1

2025-09-18 10:27:31,216 - INFO - detecting CVE-2010-2497 gray_render_cubic
2025-09-18 10:27:31,216 - INFO - cmd: python main.py --detect --cve_id CVE-2010-2497 --target_bin /binaries/target_clang/freetype/freetype-2.4.2-o3-freetype --vul_func_name gray_render_cubic --project freetype
2025-09-18 10:27:34,844 - ERROR - fail CVE-2010-2497 ,details1

2025-09-18 10:27:34,845 - INFO - detecting CVE-2010-3855 ft_var_readpackedpoints
2025-09-18 10:27:34,846 - INFO - cmd: python main.py --detect --cve_id CVE-2010-3855 --target_bin /binaries/target_clang/freetype/freetype-2.4.3-o3-freetype --vul_func_name ft_var_readpackedpoints --project freetype
2025-09-18 10:27:43,562 - INFO - success CVE-2010-3855,details in cve_test/CVE-2010-3855.log

2025-09-18 10:27:43,563 - INFO - detecting CVE-2010-3855 ft_var_readpackedpoints
2025-09-18 10:27:43,564 - INFO - cmd: python main.py --detect --cve_id CVE-2010-3855 --target_bin /binaries/target_clang/freetype/freetype-2.4.2-o3-freetype --vul_func_name ft_var_readpackedpoints --project freetype
2025-09-18 10:27:52,006 - INFO - success CVE-2010-3855,details in cve_test/CVE-2010-3855.log

2025-09-18 10:27:52,008 - INFO - detecting CVE-2010-3855 ft_var_readpackedpoints
2025-09-18 10:27:52,008 - INFO - cmd: python main.py --detect --cve_id CVE-2010-3855 --target_bin /binaries/target_clang/freetype/freetype-2.4.1-o3-freetype --vul_func_name ft_var_readpackedpoints --project freetype
2025-09-18 10:28:00,137 - INFO - success CVE-2010-3855,details in cve_test/CVE-2010-3855.log

2025-09-18 10:28:00,138 - INFO - detecting CVE-2010-3855 ft_var_readpackedpoints
2025-09-18 10:28:00,138 - INFO - cmd: python main.py --detect --cve_id CVE-2010-3855 --target_bin /binaries/target_clang/freetype/freetype-2.4.4-o3-freetype --vul_func_name ft_var_readpackedpoints --project freetype
2025-09-18 10:28:09,978 - INFO - success CVE-2010-3855,details in cve_test/CVE-2010-3855.log

2025-09-18 10:28:09,979 - INFO - detecting CVE-2010-3855 ft_var_readpackedpoints
2025-09-18 10:28:09,979 - INFO - cmd: python main.py --detect --cve_id CVE-2010-3855 --target_bin /binaries/target_clang/freetype/freetype-2.4.5-o3-freetype --vul_func_name ft_var_readpackedpoints --project freetype
2025-09-18 10:28:18,802 - INFO - success CVE-2010-3855,details in cve_test/CVE-2010-3855.log

2025-09-18 10:28:18,803 - INFO - detecting CVE-2010-3855 ft_var_readpackedpoints
2025-09-18 10:28:18,803 - INFO - cmd: python main.py --detect --cve_id CVE-2010-3855 --target_bin /binaries/target_clang/freetype/freetype-2.4.6-o3-freetype --vul_func_name ft_var_readpackedpoints --project freetype
2025-09-18 10:28:27,062 - INFO - success CVE-2010-3855,details in cve_test/CVE-2010-3855.log

2025-09-18 10:28:27,063 - INFO - detecting CVE-2014-9746 t1_parse_font_matrix
2025-09-18 10:28:27,064 - INFO - cmd: python main.py --detect --cve_id CVE-2014-9746 --target_bin /binaries/target_clang/freetype/freetype-2.5.3-o3-freetype --vul_func_name t1_parse_font_matrix --project freetype
2025-09-18 10:28:33,590 - INFO - success CVE-2014-9746,details in cve_test/CVE-2014-9746.log

2025-09-18 10:28:33,590 - INFO - detecting CVE-2014-9746 t1_parse_font_matrix
2025-09-18 10:28:33,591 - INFO - cmd: python main.py --detect --cve_id CVE-2014-9746 --target_bin /binaries/target_clang/freetype/freetype-2.5.2-o3-freetype --vul_func_name t1_parse_font_matrix --project freetype
2025-09-18 10:28:39,519 - INFO - success CVE-2014-9746,details in cve_test/CVE-2014-9746.log

2025-09-18 10:28:39,520 - INFO - detecting CVE-2014-9746 t1_parse_font_matrix
2025-09-18 10:28:39,521 - INFO - cmd: python main.py --detect --cve_id CVE-2014-9746 --target_bin /binaries/target_clang/freetype/freetype-2.5.1-o3-freetype --vul_func_name t1_parse_font_matrix --project freetype
2025-09-18 10:28:45,192 - INFO - success CVE-2014-9746,details in cve_test/CVE-2014-9746.log

2025-09-18 10:28:45,193 - INFO - detecting CVE-2014-9746 t1_parse_font_matrix
2025-09-18 10:28:45,193 - INFO - cmd: python main.py --detect --cve_id CVE-2014-9746 --target_bin /binaries/target_clang/freetype/freetype-2.5.4-o3-freetype --vul_func_name t1_parse_font_matrix --project freetype
2025-09-18 10:28:51,457 - INFO - success CVE-2014-9746,details in cve_test/CVE-2014-9746.log

2025-09-18 10:28:51,458 - INFO - detecting CVE-2014-9746 t1_parse_font_matrix
2025-09-18 10:28:51,458 - INFO - cmd: python main.py --detect --cve_id CVE-2014-9746 --target_bin /binaries/target_clang/freetype/freetype-2.5.5-o3-freetype --vul_func_name t1_parse_font_matrix --project freetype
2025-09-18 10:28:57,567 - INFO - success CVE-2014-9746,details in cve_test/CVE-2014-9746.log

2025-09-18 10:28:57,568 - INFO - detecting CVE-2014-9746 t1_parse_font_matrix
2025-09-18 10:28:57,569 - INFO - cmd: python main.py --detect --cve_id CVE-2014-9746 --target_bin /binaries/target_clang/freetype/freetype-2.6-o3-freetype --vul_func_name t1_parse_font_matrix --project freetype
2025-09-18 10:29:04,553 - INFO - success CVE-2014-9746,details in cve_test/CVE-2014-9746.log

2025-09-18 10:29:04,554 - INFO - detecting CVE-2014-9746 t42_parse_font_matrix
2025-09-18 10:29:04,554 - INFO - cmd: python main.py --detect --cve_id CVE-2014-9746 --target_bin /binaries/target_clang/freetype/freetype-2.5.3-o3-freetype --vul_func_name t42_parse_font_matrix --project freetype
2025-09-18 10:29:12,255 - INFO - success CVE-2014-9746,details in cve_test/CVE-2014-9746.log

2025-09-18 10:29:12,257 - INFO - detecting CVE-2014-9746 t42_parse_font_matrix
2025-09-18 10:29:12,258 - INFO - cmd: python main.py --detect --cve_id CVE-2014-9746 --target_bin /binaries/target_clang/freetype/freetype-2.5.2-o3-freetype --vul_func_name t42_parse_font_matrix --project freetype
2025-09-18 10:29:18,776 - INFO - success CVE-2014-9746,details in cve_test/CVE-2014-9746.log

2025-09-18 10:29:18,777 - INFO - detecting CVE-2014-9746 t42_parse_font_matrix
2025-09-18 10:29:18,778 - INFO - cmd: python main.py --detect --cve_id CVE-2014-9746 --target_bin /binaries/target_clang/freetype/freetype-2.5.1-o3-freetype --vul_func_name t42_parse_font_matrix --project freetype
2025-09-18 10:29:24,879 - INFO - success CVE-2014-9746,details in cve_test/CVE-2014-9746.log

2025-09-18 10:29:24,880 - INFO - detecting CVE-2014-9746 t42_parse_font_matrix
2025-09-18 10:29:24,880 - INFO - cmd: python main.py --detect --cve_id CVE-2014-9746 --target_bin /binaries/target_clang/freetype/freetype-2.5.4-o3-freetype --vul_func_name t42_parse_font_matrix --project freetype
2025-09-18 10:29:31,807 - INFO - success CVE-2014-9746,details in cve_test/CVE-2014-9746.log

2025-09-18 10:29:31,808 - INFO - detecting CVE-2014-9746 t42_parse_font_matrix
2025-09-18 10:29:31,808 - INFO - cmd: python main.py --detect --cve_id CVE-2014-9746 --target_bin /binaries/target_clang/freetype/freetype-2.5.5-o3-freetype --vul_func_name t42_parse_font_matrix --project freetype
2025-09-18 10:29:38,683 - INFO - success CVE-2014-9746,details in cve_test/CVE-2014-9746.log

2025-09-18 10:29:38,684 - INFO - detecting CVE-2014-9746 t42_parse_font_matrix
2025-09-18 10:29:38,685 - INFO - cmd: python main.py --detect --cve_id CVE-2014-9746 --target_bin /binaries/target_clang/freetype/freetype-2.6-o3-freetype --vul_func_name t42_parse_font_matrix --project freetype
2025-09-18 10:29:45,634 - INFO - success CVE-2014-9746,details in cve_test/CVE-2014-9746.log

2025-09-18 10:29:45,635 - INFO - detecting CVE-2014-9670 pcf_get_encodings
2025-09-18 10:29:45,636 - INFO - cmd: python main.py --detect --cve_id CVE-2014-9670 --target_bin /binaries/target_clang/freetype/freetype-2.5.3-o3-freetype --vul_func_name pcf_get_encodings --project freetype
2025-09-18 10:29:51,658 - INFO - success CVE-2014-9670,details in cve_test/CVE-2014-9670.log

2025-09-18 10:29:51,660 - INFO - detecting CVE-2014-9670 pcf_get_encodings
2025-09-18 10:29:51,660 - INFO - cmd: python main.py --detect --cve_id CVE-2014-9670 --target_bin /binaries/target_clang/freetype/freetype-2.5.2-o3-freetype --vul_func_name pcf_get_encodings --project freetype
2025-09-18 10:29:58,457 - INFO - success CVE-2014-9670,details in cve_test/CVE-2014-9670.log

2025-09-18 10:29:58,458 - INFO - detecting CVE-2014-9670 pcf_get_encodings
2025-09-18 10:29:58,458 - INFO - cmd: python main.py --detect --cve_id CVE-2014-9670 --target_bin /binaries/target_clang/freetype/freetype-2.5.1-o3-freetype --vul_func_name pcf_get_encodings --project freetype
2025-09-18 10:30:05,618 - INFO - success CVE-2014-9670,details in cve_test/CVE-2014-9670.log

2025-09-18 10:30:05,619 - INFO - detecting CVE-2014-9670 pcf_get_encodings
2025-09-18 10:30:05,620 - INFO - cmd: python main.py --detect --cve_id CVE-2014-9670 --target_bin /binaries/target_clang/freetype/freetype-2.5.4-o3-freetype --vul_func_name pcf_get_encodings --project freetype
2025-09-18 10:30:12,102 - INFO - success CVE-2014-9670,details in cve_test/CVE-2014-9670.log

2025-09-18 10:30:12,104 - INFO - detecting CVE-2014-9670 pcf_get_encodings
2025-09-18 10:30:12,104 - INFO - cmd: python main.py --detect --cve_id CVE-2014-9670 --target_bin /binaries/target_clang/freetype/freetype-2.5.5-o3-freetype --vul_func_name pcf_get_encodings --project freetype
2025-09-18 10:30:18,282 - INFO - success CVE-2014-9670,details in cve_test/CVE-2014-9670.log

2025-09-18 10:30:18,284 - INFO - detecting CVE-2014-9670 pcf_get_encodings
2025-09-18 10:30:18,284 - INFO - cmd: python main.py --detect --cve_id CVE-2014-9670 --target_bin /binaries/target_clang/freetype/freetype-2.6-o3-freetype --vul_func_name pcf_get_encodings --project freetype
2025-09-18 10:30:24,338 - INFO - success CVE-2014-9670,details in cve_test/CVE-2014-9670.log

2025-09-18 10:30:24,339 - INFO - detecting CVE-2014-9669 tt_cmap12_validate
2025-09-18 10:30:24,340 - INFO - cmd: python main.py --detect --cve_id CVE-2014-9669 --target_bin /binaries/target_clang/freetype/freetype-2.5.3-o3-freetype --vul_func_name tt_cmap12_validate --project freetype
2025-09-18 10:30:31,090 - INFO - success CVE-2014-9669,details in cve_test/CVE-2014-9669.log

2025-09-18 10:30:31,092 - INFO - detecting CVE-2014-9669 tt_cmap12_validate
2025-09-18 10:30:31,092 - INFO - cmd: python main.py --detect --cve_id CVE-2014-9669 --target_bin /binaries/target_clang/freetype/freetype-2.5.2-o3-freetype --vul_func_name tt_cmap12_validate --project freetype
2025-09-18 10:30:36,912 - INFO - success CVE-2014-9669,details in cve_test/CVE-2014-9669.log

2025-09-18 10:30:36,913 - INFO - detecting CVE-2014-9669 tt_cmap12_validate
2025-09-18 10:30:36,914 - INFO - cmd: python main.py --detect --cve_id CVE-2014-9669 --target_bin /binaries/target_clang/freetype/freetype-2.5.1-o3-freetype --vul_func_name tt_cmap12_validate --project freetype
2025-09-18 10:30:42,805 - INFO - success CVE-2014-9669,details in cve_test/CVE-2014-9669.log

2025-09-18 10:30:42,806 - INFO - detecting CVE-2014-9669 tt_cmap12_validate
2025-09-18 10:30:42,806 - INFO - cmd: python main.py --detect --cve_id CVE-2014-9669 --target_bin /binaries/target_clang/freetype/freetype-2.5.4-o3-freetype --vul_func_name tt_cmap12_validate --project freetype
2025-09-18 10:30:49,178 - INFO - success CVE-2014-9669,details in cve_test/CVE-2014-9669.log

2025-09-18 10:30:49,179 - INFO - detecting CVE-2014-9669 tt_cmap12_validate
2025-09-18 10:30:49,179 - INFO - cmd: python main.py --detect --cve_id CVE-2014-9669 --target_bin /binaries/target_clang/freetype/freetype-2.5.5-o3-freetype --vul_func_name tt_cmap12_validate --project freetype
2025-09-18 10:30:55,347 - INFO - success CVE-2014-9669,details in cve_test/CVE-2014-9669.log

2025-09-18 10:30:55,348 - INFO - detecting CVE-2014-9669 tt_cmap12_validate
2025-09-18 10:30:55,348 - INFO - cmd: python main.py --detect --cve_id CVE-2014-9669 --target_bin /binaries/target_clang/freetype/freetype-2.6-o3-freetype --vul_func_name tt_cmap12_validate --project freetype
2025-09-18 10:31:01,889 - INFO - success CVE-2014-9669,details in cve_test/CVE-2014-9669.log

2025-09-18 10:31:01,890 - INFO - detecting CVE-2014-9662 cf2_builder_cubeTo
2025-09-18 10:31:01,891 - INFO - cmd: python main.py --detect --cve_id CVE-2014-9662 --target_bin /binaries/target_clang/freetype/freetype-2.5.3-o3-freetype --vul_func_name cf2_builder_cubeTo --project freetype
2025-09-18 10:31:10,861 - INFO - success CVE-2014-9662,details in cve_test/CVE-2014-9662.log

2025-09-18 10:31:10,862 - INFO - detecting CVE-2014-9662 cf2_builder_cubeTo
2025-09-18 10:31:10,862 - INFO - cmd: python main.py --detect --cve_id CVE-2014-9662 --target_bin /binaries/target_clang/freetype/freetype-2.5.2-o3-freetype --vul_func_name cf2_builder_cubeTo --project freetype
2025-09-18 10:31:19,108 - INFO - success CVE-2014-9662,details in cve_test/CVE-2014-9662.log

2025-09-18 10:31:19,109 - INFO - detecting CVE-2014-9662 cf2_builder_cubeTo
2025-09-18 10:31:19,109 - INFO - cmd: python main.py --detect --cve_id CVE-2014-9662 --target_bin /binaries/target_clang/freetype/freetype-2.5.1-o3-freetype --vul_func_name cf2_builder_cubeTo --project freetype
2025-09-18 10:31:27,768 - INFO - success CVE-2014-9662,details in cve_test/CVE-2014-9662.log

2025-09-18 10:31:27,769 - INFO - detecting CVE-2014-9662 cf2_builder_cubeTo
2025-09-18 10:31:27,770 - INFO - cmd: python main.py --detect --cve_id CVE-2014-9662 --target_bin /binaries/target_clang/freetype/freetype-2.5.4-o3-freetype --vul_func_name cf2_builder_cubeTo --project freetype
2025-09-18 10:31:35,752 - INFO - success CVE-2014-9662,details in cve_test/CVE-2014-9662.log

2025-09-18 10:31:35,753 - INFO - detecting CVE-2014-9662 cf2_builder_cubeTo
2025-09-18 10:31:35,753 - INFO - cmd: python main.py --detect --cve_id CVE-2014-9662 --target_bin /binaries/target_clang/freetype/freetype-2.5.5-o3-freetype --vul_func_name cf2_builder_cubeTo --project freetype
2025-09-18 10:31:43,496 - INFO - success CVE-2014-9662,details in cve_test/CVE-2014-9662.log

2025-09-18 10:31:43,497 - INFO - detecting CVE-2014-9662 cf2_builder_cubeTo
2025-09-18 10:31:43,497 - INFO - cmd: python main.py --detect --cve_id CVE-2014-9662 --target_bin /binaries/target_clang/freetype/freetype-2.6-o3-freetype --vul_func_name cf2_builder_cubeTo --project freetype
2025-09-18 10:31:50,921 - INFO - success CVE-2014-9662,details in cve_test/CVE-2014-9662.log

2025-09-18 10:31:50,922 - INFO - detecting CVE-2014-9662 cf2_builder_lineTo
2025-09-18 10:31:50,922 - INFO - cmd: python main.py --detect --cve_id CVE-2014-9662 --target_bin /binaries/target_clang/freetype/freetype-2.5.3-o3-freetype --vul_func_name cf2_builder_lineTo --project freetype
2025-09-18 10:31:59,996 - INFO - success CVE-2014-9662,details in cve_test/CVE-2014-9662.log

2025-09-18 10:31:59,997 - INFO - detecting CVE-2014-9662 cf2_builder_lineTo
2025-09-18 10:31:59,998 - INFO - cmd: python main.py --detect --cve_id CVE-2014-9662 --target_bin /binaries/target_clang/freetype/freetype-2.5.2-o3-freetype --vul_func_name cf2_builder_lineTo --project freetype
2025-09-18 10:32:07,498 - INFO - success CVE-2014-9662,details in cve_test/CVE-2014-9662.log

2025-09-18 10:32:07,499 - INFO - detecting CVE-2014-9662 cf2_builder_lineTo
2025-09-18 10:32:07,500 - INFO - cmd: python main.py --detect --cve_id CVE-2014-9662 --target_bin /binaries/target_clang/freetype/freetype-2.5.1-o3-freetype --vul_func_name cf2_builder_lineTo --project freetype
2025-09-18 10:32:17,192 - INFO - success CVE-2014-9662,details in cve_test/CVE-2014-9662.log

2025-09-18 10:32:17,193 - INFO - detecting CVE-2014-9662 cf2_builder_lineTo
2025-09-18 10:32:17,194 - INFO - cmd: python main.py --detect --cve_id CVE-2014-9662 --target_bin /binaries/target_clang/freetype/freetype-2.5.4-o3-freetype --vul_func_name cf2_builder_lineTo --project freetype
2025-09-18 10:32:24,819 - INFO - success CVE-2014-9662,details in cve_test/CVE-2014-9662.log

2025-09-18 10:32:24,820 - INFO - detecting CVE-2014-9662 cf2_builder_lineTo
2025-09-18 10:32:24,821 - INFO - cmd: python main.py --detect --cve_id CVE-2014-9662 --target_bin /binaries/target_clang/freetype/freetype-2.5.5-o3-freetype --vul_func_name cf2_builder_lineTo --project freetype
2025-09-18 10:32:32,842 - INFO - success CVE-2014-9662,details in cve_test/CVE-2014-9662.log

2025-09-18 10:32:32,844 - INFO - detecting CVE-2014-9662 cf2_builder_lineTo
2025-09-18 10:32:32,844 - INFO - cmd: python main.py --detect --cve_id CVE-2014-9662 --target_bin /binaries/target_clang/freetype/freetype-2.6-o3-freetype --vul_func_name cf2_builder_lineTo --project freetype
2025-09-18 10:32:40,055 - INFO - success CVE-2014-9662,details in cve_test/CVE-2014-9662.log

2025-09-18 10:32:40,056 - INFO - detecting CVE-2014-9674 Mac_Read_POST_Resource
2025-09-18 10:32:40,057 - INFO - cmd: python main.py --detect --cve_id CVE-2014-9674 --target_bin /binaries/target_clang/freetype/freetype-2.5.3-o3-freetype --vul_func_name Mac_Read_POST_Resource --project freetype
2025-09-18 10:32:44,406 - ERROR - fail CVE-2014-9674 ,details1

2025-09-18 10:32:44,410 - INFO - detecting CVE-2014-9674 Mac_Read_POST_Resource
2025-09-18 10:32:44,411 - INFO - cmd: python main.py --detect --cve_id CVE-2014-9674 --target_bin /binaries/target_clang/freetype/freetype-2.5.2-o3-freetype --vul_func_name Mac_Read_POST_Resource --project freetype
2025-09-18 10:32:48,672 - ERROR - fail CVE-2014-9674 ,details1

2025-09-18 10:32:48,673 - INFO - detecting CVE-2014-9674 Mac_Read_POST_Resource
2025-09-18 10:32:48,673 - INFO - cmd: python main.py --detect --cve_id CVE-2014-9674 --target_bin /binaries/target_clang/freetype/freetype-2.5.1-o3-freetype --vul_func_name Mac_Read_POST_Resource --project freetype
2025-09-18 10:32:52,837 - ERROR - fail CVE-2014-9674 ,details1

2025-09-18 10:32:52,838 - INFO - detecting CVE-2014-9674 Mac_Read_POST_Resource
2025-09-18 10:32:52,838 - INFO - cmd: python main.py --detect --cve_id CVE-2014-9674 --target_bin /binaries/target_clang/freetype/freetype-2.5.4-o3-freetype --vul_func_name Mac_Read_POST_Resource --project freetype
2025-09-18 10:32:57,109 - ERROR - fail CVE-2014-9674 ,details1

2025-09-18 10:32:57,110 - INFO - detecting CVE-2014-9674 Mac_Read_POST_Resource
2025-09-18 10:32:57,110 - INFO - cmd: python main.py --detect --cve_id CVE-2014-9674 --target_bin /binaries/target_clang/freetype/freetype-2.5.5-o3-freetype --vul_func_name Mac_Read_POST_Resource --project freetype
2025-09-18 10:33:01,431 - ERROR - fail CVE-2014-9674 ,details1

2025-09-18 10:33:01,432 - INFO - detecting CVE-2014-9674 Mac_Read_POST_Resource
2025-09-18 10:33:01,433 - INFO - cmd: python main.py --detect --cve_id CVE-2014-9674 --target_bin /binaries/target_clang/freetype/freetype-2.6-o3-freetype --vul_func_name Mac_Read_POST_Resource --project freetype
2025-09-18 10:33:05,899 - ERROR - fail CVE-2014-9674 ,details1

2025-09-18 10:33:05,900 - INFO - detecting CVE-2015-9382 ps_parser_skip_PS_token
2025-09-18 10:33:05,901 - INFO - cmd: python main.py --detect --cve_id CVE-2015-9382 --target_bin /binaries/target_clang/freetype/freetype-2.5.5-o3-freetype --vul_func_name ps_parser_skip_PS_token --project freetype
2025-09-18 10:33:12,679 - INFO - success CVE-2015-9382,details in cve_test/CVE-2015-9382.log

2025-09-18 10:33:12,680 - INFO - detecting CVE-2015-9382 ps_parser_skip_PS_token
2025-09-18 10:33:12,680 - INFO - cmd: python main.py --detect --cve_id CVE-2015-9382 --target_bin /binaries/target_clang/freetype/freetype-2.5.4-o3-freetype --vul_func_name ps_parser_skip_PS_token --project freetype
2025-09-18 10:33:19,513 - INFO - success CVE-2015-9382,details in cve_test/CVE-2015-9382.log

2025-09-18 10:33:19,514 - INFO - detecting CVE-2015-9382 ps_parser_skip_PS_token
2025-09-18 10:33:19,515 - INFO - cmd: python main.py --detect --cve_id CVE-2015-9382 --target_bin /binaries/target_clang/freetype/freetype-2.5.3-o3-freetype --vul_func_name ps_parser_skip_PS_token --project freetype
2025-09-18 10:33:26,690 - INFO - success CVE-2015-9382,details in cve_test/CVE-2015-9382.log

2025-09-18 10:33:26,691 - INFO - detecting CVE-2015-9382 ps_parser_skip_PS_token
2025-09-18 10:33:26,692 - INFO - cmd: python main.py --detect --cve_id CVE-2015-9382 --target_bin /binaries/target_clang/freetype/freetype-2.6.1-o3-freetype --vul_func_name ps_parser_skip_PS_token --project freetype
2025-09-18 10:33:33,533 - INFO - success CVE-2015-9382,details in cve_test/CVE-2015-9382.log

2025-09-18 10:33:33,534 - INFO - detecting CVE-2015-9382 ps_parser_skip_PS_token
2025-09-18 10:33:33,535 - INFO - cmd: python main.py --detect --cve_id CVE-2015-9382 --target_bin /binaries/target_clang/freetype/freetype-2.6.2-o3-freetype --vul_func_name ps_parser_skip_PS_token --project freetype
2025-09-18 10:33:40,074 - INFO - success CVE-2015-9382,details in cve_test/CVE-2015-9382.log

2025-09-18 10:33:40,076 - INFO - detecting CVE-2015-9382 ps_parser_skip_PS_token
2025-09-18 10:33:40,076 - INFO - cmd: python main.py --detect --cve_id CVE-2015-9382 --target_bin /binaries/target_clang/freetype/freetype-2.6.3-o3-freetype --vul_func_name ps_parser_skip_PS_token --project freetype
2025-09-18 10:33:47,089 - INFO - success CVE-2015-9382,details in cve_test/CVE-2015-9382.log

2025-09-18 10:33:47,091 - INFO - detecting CVE-2015-9381 T1_Get_Private_Dict
2025-09-18 10:33:47,091 - INFO - cmd: python main.py --detect --cve_id CVE-2015-9381 --target_bin /binaries/target_clang/freetype/freetype-2.5.5-o3-freetype --vul_func_name T1_Get_Private_Dict --project freetype
2025-09-18 10:33:51,686 - ERROR - fail CVE-2015-9381 ,details1

2025-09-18 10:33:51,687 - INFO - detecting CVE-2015-9381 T1_Get_Private_Dict
2025-09-18 10:33:51,688 - INFO - cmd: python main.py --detect --cve_id CVE-2015-9381 --target_bin /binaries/target_clang/freetype/freetype-2.5.4-o3-freetype --vul_func_name T1_Get_Private_Dict --project freetype
2025-09-18 10:33:55,783 - ERROR - fail CVE-2015-9381 ,details1

2025-09-18 10:33:55,785 - INFO - detecting CVE-2015-9381 T1_Get_Private_Dict
2025-09-18 10:33:55,785 - INFO - cmd: python main.py --detect --cve_id CVE-2015-9381 --target_bin /binaries/target_clang/freetype/freetype-2.5.3-o3-freetype --vul_func_name T1_Get_Private_Dict --project freetype
2025-09-18 10:33:59,795 - ERROR - fail CVE-2015-9381 ,details1

2025-09-18 10:33:59,796 - INFO - detecting CVE-2015-9381 T1_Get_Private_Dict
2025-09-18 10:33:59,796 - INFO - cmd: python main.py --detect --cve_id CVE-2015-9381 --target_bin /binaries/target_clang/freetype/freetype-2.6.1-o3-freetype --vul_func_name T1_Get_Private_Dict --project freetype
2025-09-18 10:34:03,711 - ERROR - fail CVE-2015-9381 ,details1

2025-09-18 10:34:03,712 - INFO - detecting CVE-2015-9381 T1_Get_Private_Dict
2025-09-18 10:34:03,713 - INFO - cmd: python main.py --detect --cve_id CVE-2015-9381 --target_bin /binaries/target_clang/freetype/freetype-2.6.2-o3-freetype --vul_func_name T1_Get_Private_Dict --project freetype
2025-09-18 10:34:08,114 - ERROR - fail CVE-2015-9381 ,details1

2025-09-18 10:34:08,115 - INFO - detecting CVE-2015-9381 T1_Get_Private_Dict
2025-09-18 10:34:08,116 - INFO - cmd: python main.py --detect --cve_id CVE-2015-9381 --target_bin /binaries/target_clang/freetype/freetype-2.6.3-o3-freetype --vul_func_name T1_Get_Private_Dict --project freetype
2025-09-18 10:34:12,103 - ERROR - fail CVE-2015-9381 ,details1

2025-09-18 10:34:12,104 - INFO - detecting CVE-2017-7864 tt_size_reset
2025-09-18 10:34:12,104 - INFO - cmd: python main.py --detect --cve_id CVE-2017-7864 --target_bin /binaries/target_clang/freetype/freetype-2.7.1-o3-freetype --vul_func_name tt_size_reset --project freetype
2025-09-18 10:34:19,100 - INFO - success CVE-2017-7864,details in cve_test/CVE-2017-7864.log

2025-09-18 10:34:19,101 - INFO - detecting CVE-2017-7864 tt_size_reset
2025-09-18 10:34:19,101 - INFO - cmd: python main.py --detect --cve_id CVE-2017-7864 --target_bin /binaries/target_clang/freetype/freetype-2.7-o3-freetype --vul_func_name tt_size_reset --project freetype
2025-09-18 10:34:25,787 - INFO - success CVE-2017-7864,details in cve_test/CVE-2017-7864.log

2025-09-18 10:34:25,787 - INFO - detecting CVE-2017-7864 tt_size_reset
2025-09-18 10:34:25,788 - INFO - cmd: python main.py --detect --cve_id CVE-2017-7864 --target_bin /binaries/target_clang/freetype/freetype-2.6.5-o3-freetype --vul_func_name tt_size_reset --project freetype
2025-09-18 10:34:32,574 - INFO - success CVE-2017-7864,details in cve_test/CVE-2017-7864.log

2025-09-18 10:34:32,575 - INFO - detecting CVE-2017-7864 tt_size_reset
2025-09-18 10:34:32,575 - INFO - cmd: python main.py --detect --cve_id CVE-2017-7864 --target_bin /binaries/target_clang/freetype/freetype-2.8-o3-freetype --vul_func_name tt_size_reset --project freetype
2025-09-18 10:34:40,408 - INFO - success CVE-2017-7864,details in cve_test/CVE-2017-7864.log

2025-09-18 10:34:40,409 - INFO - detecting CVE-2017-7864 tt_size_reset
2025-09-18 10:34:40,409 - INFO - cmd: python main.py --detect --cve_id CVE-2017-7864 --target_bin /binaries/target_clang/freetype/freetype-2.8.1-o3-freetype --vul_func_name tt_size_reset --project freetype
2025-09-18 10:34:47,253 - INFO - success CVE-2017-7864,details in cve_test/CVE-2017-7864.log

2025-09-18 10:34:47,254 - INFO - detecting CVE-2017-7864 tt_size_reset
2025-09-18 10:34:47,255 - INFO - cmd: python main.py --detect --cve_id CVE-2017-7864 --target_bin /binaries/target_clang/freetype/freetype-2.9-o3-freetype --vul_func_name tt_size_reset --project freetype
2025-09-18 10:34:54,246 - INFO - success CVE-2017-7864,details in cve_test/CVE-2017-7864.log