2025-09-18 10:48:11,496 - INFO - detecting CVE-2016-10506 opj_pi_next_cprl
2025-09-18 10:48:11,497 - INFO - cmd: python main.py --detect --cve_id CVE-2016-10506 --target_bin /binaries/target_clang/openjpeg/openjpeg-2.1.2-o3-openjpeg --vul_func_name opj_pi_next_cprl --project openjpeg
2025-09-18 10:48:15,506 - ERROR - fail CVE-2016-10506 ,details1

2025-09-18 10:48:15,507 - INFO - detecting CVE-2016-10506 opj_pi_next_cprl
2025-09-18 10:48:15,507 - INFO - cmd: python main.py --detect --cve_id CVE-2016-10506 --target_bin /binaries/target_clang/openjpeg/openjpeg-2.1.1-o3-openjpeg --vul_func_name opj_pi_next_cprl --project openjpeg
2025-09-18 10:48:19,610 - ERROR - fail CVE-2016-10506 ,details1

2025-09-18 10:48:19,611 - INFO - detecting CVE-2016-10506 opj_pi_next_cprl
2025-09-18 10:48:19,612 - INFO - cmd: python main.py --detect --cve_id CVE-2016-10506 --target_bin /binaries/target_clang/openjpeg/openjpeg-2.0-o3-openjpeg --vul_func_name opj_pi_next_cprl --project openjpeg
2025-09-18 10:48:23,670 - ERROR - fail CVE-2016-10506 ,details1

2025-09-18 10:48:23,671 - INFO - detecting CVE-2016-10506 opj_pi_next_cprl
2025-09-18 10:48:23,671 - INFO - cmd: python main.py --detect --cve_id CVE-2016-10506 --target_bin /binaries/target_clang/openjpeg/openjpeg-2.2.0-o3-openjpeg --vul_func_name opj_pi_next_cprl --project openjpeg
2025-09-18 10:48:27,844 - ERROR - fail CVE-2016-10506 ,details1

2025-09-18 10:48:27,845 - INFO - detecting CVE-2016-10506 opj_pi_next_cprl
2025-09-18 10:48:27,846 - INFO - cmd: python main.py --detect --cve_id CVE-2016-10506 --target_bin /binaries/target_clang/openjpeg/openjpeg-2.3.0-o3-openjpeg --vul_func_name opj_pi_next_cprl --project openjpeg
2025-09-18 10:48:32,148 - ERROR - fail CVE-2016-10506 ,details1

2025-09-18 10:48:32,149 - INFO - detecting CVE-2016-10506 opj_pi_next_cprl
2025-09-18 10:48:32,150 - INFO - cmd: python main.py --detect --cve_id CVE-2016-10506 --target_bin /binaries/target_clang/openjpeg/openjpeg-2.3.1-o3-openjpeg --vul_func_name opj_pi_next_cprl --project openjpeg
2025-09-18 10:48:36,346 - ERROR - fail CVE-2016-10506 ,details1

2025-09-18 10:48:36,347 - INFO - detecting CVE-2016-10504 opj_tcd_code_block_enc_allocate_data
2025-09-18 10:48:36,348 - INFO - cmd: python main.py --detect --cve_id CVE-2016-10504 --target_bin /binaries/target_clang/openjpeg/openjpeg-2.1.2-o3-openjpeg --vul_func_name opj_tcd_code_block_enc_allocate_data --project openjpeg
2025-09-18 10:48:40,335 - ERROR - fail CVE-2016-10504 ,details1

2025-09-18 10:48:40,335 - INFO - detecting CVE-2016-10504 opj_tcd_code_block_enc_allocate_data
2025-09-18 10:48:40,336 - INFO - cmd: python main.py --detect --cve_id CVE-2016-10504 --target_bin /binaries/target_clang/openjpeg/openjpeg-2.1.1-o3-openjpeg --vul_func_name opj_tcd_code_block_enc_allocate_data --project openjpeg
2025-09-18 10:48:44,486 - ERROR - fail CVE-2016-10504 ,details1

2025-09-18 10:48:44,487 - INFO - detecting CVE-2016-10504 opj_tcd_code_block_enc_allocate_data
2025-09-18 10:48:44,487 - INFO - cmd: python main.py --detect --cve_id CVE-2016-10504 --target_bin /binaries/target_clang/openjpeg/openjpeg-2.0-o3-openjpeg --vul_func_name opj_tcd_code_block_enc_allocate_data --project openjpeg
2025-09-18 10:48:48,313 - ERROR - fail CVE-2016-10504 ,details1

2025-09-18 10:48:48,314 - INFO - detecting CVE-2016-10504 opj_tcd_code_block_enc_allocate_data
2025-09-18 10:48:48,315 - INFO - cmd: python main.py --detect --cve_id CVE-2016-10504 --target_bin /binaries/target_clang/openjpeg/openjpeg-2.2.0-o3-openjpeg --vul_func_name opj_tcd_code_block_enc_allocate_data --project openjpeg
2025-09-18 10:48:52,510 - ERROR - fail CVE-2016-10504 ,details1

2025-09-18 10:48:52,511 - INFO - detecting CVE-2016-10504 opj_tcd_code_block_enc_allocate_data
2025-09-18 10:48:52,512 - INFO - cmd: python main.py --detect --cve_id CVE-2016-10504 --target_bin /binaries/target_clang/openjpeg/openjpeg-2.3.0-o3-openjpeg --vul_func_name opj_tcd_code_block_enc_allocate_data --project openjpeg
2025-09-18 10:48:56,577 - ERROR - fail CVE-2016-10504 ,details1

2025-09-18 10:48:56,578 - INFO - detecting CVE-2016-10504 opj_tcd_code_block_enc_allocate_data
2025-09-18 10:48:56,578 - INFO - cmd: python main.py --detect --cve_id CVE-2016-10504 --target_bin /binaries/target_clang/openjpeg/openjpeg-2.3.1-o3-openjpeg --vul_func_name opj_tcd_code_block_enc_allocate_data --project openjpeg
2025-09-18 10:49:00,838 - ERROR - fail CVE-2016-10504 ,details1

2025-09-18 10:49:00,839 - INFO - detecting CVE-2017-14152 opj_j2k_set_cinema_parameters
2025-09-18 10:49:00,840 - INFO - cmd: python main.py --detect --cve_id CVE-2017-14152 --target_bin /binaries/target_clang/openjpeg/openjpeg-2.2.0-o3-openjpeg --vul_func_name opj_j2k_set_cinema_parameters --project openjpeg
2025-09-18 10:49:04,927 - ERROR - fail CVE-2017-14152 ,details1

2025-09-18 10:49:04,928 - INFO - detecting CVE-2017-14152 opj_j2k_set_cinema_parameters
2025-09-18 10:49:04,928 - INFO - cmd: python main.py --detect --cve_id CVE-2017-14152 --target_bin /binaries/target_clang/openjpeg/openjpeg-2.3.0-o3-openjpeg --vul_func_name opj_j2k_set_cinema_parameters --project openjpeg
2025-09-18 10:49:15,848 - INFO - success CVE-2017-14152,details in cve_test/CVE-2017-14152.log

2025-09-18 10:49:15,849 - INFO - detecting CVE-2017-14152 opj_j2k_set_cinema_parameters
2025-09-18 10:49:15,850 - INFO - cmd: python main.py --detect --cve_id CVE-2017-14152 --target_bin /binaries/target_clang/openjpeg/openjpeg-2.3.1-o3-openjpeg --vul_func_name opj_j2k_set_cinema_parameters --project openjpeg
2025-09-18 10:49:27,262 - INFO - success CVE-2017-14152,details in cve_test/CVE-2017-14152.log

2025-09-18 10:49:27,263 - INFO - detecting CVE-2017-14152 opj_j2k_set_cinema_parameters
2025-09-18 10:49:27,263 - INFO - cmd: python main.py --detect --cve_id CVE-2017-14152 --target_bin /binaries/target_clang/openjpeg/openjpeg-2.4.0-o3-openjpeg --vul_func_name opj_j2k_set_cinema_parameters --project openjpeg
2025-09-18 10:49:38,682 - INFO - success CVE-2017-14152,details in cve_test/CVE-2017-14152.log

2025-09-18 10:49:38,684 - INFO - detecting CVE-2017-14164 opj_j2k_write_all_tile_parts
2025-09-18 10:49:38,684 - INFO - cmd: python main.py --detect --cve_id CVE-2017-14164 --target_bin /binaries/target_clang/openjpeg/openjpeg-2.2.0-o3-openjpeg --vul_func_name opj_j2k_write_all_tile_parts --project openjpeg
2025-09-18 10:49:43,388 - ERROR - fail CVE-2017-14164 ,details1

2025-09-18 10:49:43,389 - INFO - detecting CVE-2017-14164 opj_j2k_write_all_tile_parts
2025-09-18 10:49:43,389 - INFO - cmd: python main.py --detect --cve_id CVE-2017-14164 --target_bin /binaries/target_clang/openjpeg/openjpeg-2.1.2-o3-openjpeg --vul_func_name opj_j2k_write_all_tile_parts --project openjpeg
2025-09-18 10:49:47,429 - ERROR - fail CVE-2017-14164 ,details1

2025-09-18 10:49:47,430 - INFO - detecting CVE-2017-14164 opj_j2k_write_all_tile_parts
2025-09-18 10:49:47,431 - INFO - cmd: python main.py --detect --cve_id CVE-2017-14164 --target_bin /binaries/target_clang/openjpeg/openjpeg-2.1.1-o3-openjpeg --vul_func_name opj_j2k_write_all_tile_parts --project openjpeg
2025-09-18 10:49:52,036 - ERROR - fail CVE-2017-14164 ,details1

2025-09-18 10:49:52,037 - INFO - detecting CVE-2017-14164 opj_j2k_write_all_tile_parts
2025-09-18 10:49:52,038 - INFO - cmd: python main.py --detect --cve_id CVE-2017-14164 --target_bin /binaries/target_clang/openjpeg/openjpeg-2.3.0-o3-openjpeg --vul_func_name opj_j2k_write_all_tile_parts --project openjpeg
2025-09-18 10:49:56,019 - ERROR - fail CVE-2017-14164 ,details1

2025-09-18 10:49:56,020 - INFO - detecting CVE-2017-14164 opj_j2k_write_all_tile_parts
2025-09-18 10:49:56,021 - INFO - cmd: python main.py --detect --cve_id CVE-2017-14164 --target_bin /binaries/target_clang/openjpeg/openjpeg-2.3.1-o3-openjpeg --vul_func_name opj_j2k_write_all_tile_parts --project openjpeg
2025-09-18 10:50:00,291 - ERROR - fail CVE-2017-14164 ,details1

2025-09-18 10:50:00,291 - INFO - detecting CVE-2017-14164 opj_j2k_write_all_tile_parts
2025-09-18 10:50:00,292 - INFO - cmd: python main.py --detect --cve_id CVE-2017-14164 --target_bin /binaries/target_clang/openjpeg/openjpeg-2.4.0-o3-openjpeg --vul_func_name opj_j2k_write_all_tile_parts --project openjpeg
2025-09-18 10:50:04,650 - ERROR - fail CVE-2017-14164 ,details1