2025-08-10 01:16:11,519 - INFO - processing CVE-2016-6491 ( 1)
2025-08-10 01:16:11,520 - INFO - running: python main.py --mfi --cve_id CVE-2016-6491 --path_to_vul_bin /binaries/reference/imagemagick/CVE-2016-6491-vuln-ae87d4df671d-magickcore --path_to_patch_bin /binaries/reference/imagemagick/CVE-2016-6491-patch-dd84447b63a7-magickcore --vul_func_name Get8BIMProperty
2025-08-10 01:20:55,283 - ERROR - fail CVE-2016-6491 ,details0

2025-08-10 01:20:55,284 - INFO - processing CVE-2016-5690 ( 2)
2025-08-10 01:20:55,284 - INFO - running: python main.py --mfi --cve_id CVE-2016-5690 --path_to_vul_bin /binaries/reference/imagemagick/CVE-2016-5690-vuln-88acca623245-magickcore --path_to_patch_bin /binaries/reference/imagemagick/CVE-2016-5690-patch-5511ef530576-magickcore --vul_func_name ReadDCMImage
2025-08-10 02:12:10,169 - ERROR - fail CVE-2016-5690 ,details0

2025-08-10 02:12:10,170 - INFO - processing CVE-2019-10649 ( 3)
2025-08-10 02:12:10,170 - INFO - running: python main.py --mfi --cve_id CVE-2019-10649 --path_to_vul_bin /binaries/reference/imagemagick/CVE-2019-10649-vuln-842ec075de3b-magickcore --path_to_patch_bin /binaries/reference/imagemagick/CVE-2019-10649-patch-d3ae9c19125c-magickcore --vul_func_name SVGEndElement
2025-08-10 02:18:54,759 - INFO - success CVE-2019-10649,details in imagemagick-cve_logs/CVE-2019-10649.log

2025-08-10 02:18:54,760 - INFO - processing CVE-2017-14174 ( 4)
2025-08-10 02:18:54,761 - INFO - running: python main.py --mfi --cve_id CVE-2017-14174 --path_to_vul_bin /binaries/reference/imagemagick/CVE-2017-14174-vuln-bdbbb13f1fe9-magickcore --path_to_patch_bin /binaries/reference/imagemagick/CVE-2017-14174-patch-04a567494786-magickcore --vul_func_name ReadPSDChannel
2025-08-10 02:19:11,851 - ERROR - fail CVE-2017-14174 ,details0

2025-08-10 02:19:11,852 - INFO - processing CVE-2017-14174 ( 5)
2025-08-10 02:19:11,852 - INFO - running: python main.py --mfi --cve_id CVE-2017-14174 --path_to_vul_bin /binaries/reference/imagemagick/CVE-2017-14174-vuln-bdbbb13f1fe9-magickcore --path_to_patch_bin /binaries/reference/imagemagick/CVE-2017-14174-patch-04a567494786-magickcore --vul_func_name ReadPSDLayersInternal
2025-08-10 02:19:51,594 - INFO - success CVE-2017-14174,details in imagemagick-cve_logs/CVE-2017-14174.log

2025-08-10 02:19:51,598 - INFO - processing CVE-2019-13137 ( 6)
2025-08-10 02:19:51,598 - INFO - running: python main.py --mfi --cve_id CVE-2019-13137 --path_to_vul_bin /binaries/reference/imagemagick/CVE-2019-13137-vuln-fe3066122ef7-magickcore --path_to_patch_bin /binaries/reference/imagemagick/CVE-2019-13137-patch-35ccb468ee2d-magickcore --vul_func_name ReadPSImage
2025-08-10 02:20:46,931 - ERROR - fail CVE-2019-13137 ,details0

2025-08-10 02:20:46,932 - INFO - processing CVE-2021-3574 ( 7)
2025-08-10 02:20:46,932 - INFO - running: python main.py --mfi --cve_id CVE-2021-3574 --path_to_vul_bin /binaries/reference/imagemagick/CVE-2021-3574-vuln-74fb410f055f-magickcore --path_to_patch_bin /binaries/reference/imagemagick/CVE-2021-3574-patch-c6ad94fbb7b2-magickcore --vul_func_name ReadTIFFImage
2025-08-10 02:27:38,769 - ERROR - fail CVE-2021-3574 ,details0

2025-08-10 02:27:38,770 - INFO - processing CVE-2019-13307 ( 8)
2025-08-10 02:27:38,771 - INFO - running: python main.py --mfi --cve_id CVE-2019-13307 --path_to_vul_bin /binaries/reference/imagemagick/CVE-2019-13307-vuln-d4fc44b58a14-magickcore --path_to_patch_bin /binaries/reference/imagemagick/CVE-2019-13307-patch-025e77fcb2f4-magickcore --vul_func_name AcquirePixelThreadSet
2025-08-10 02:27:53,741 - ERROR - fail CVE-2019-13307 ,details0

2025-08-10 02:27:53,742 - INFO - processing CVE-2020-27763 ( 9)
2025-08-10 02:27:53,742 - INFO - running: python main.py --mfi --cve_id CVE-2020-27763 --path_to_vul_bin /binaries/reference/imagemagick/CVE-2020-27763-vuln-c5fcdea6a6ae-magickcore --path_to_patch_bin /binaries/reference/imagemagick/CVE-2020-27763-patch-43539e67a47d-magickcore --vul_func_name AcquireResizeFilter
2025-08-10 02:29:16,598 - ERROR - fail CVE-2020-27763 ,details0

2025-08-10 02:29:16,599 - INFO - processing CVE-2019-13136 ( 10)
2025-08-10 02:29:16,599 - INFO - running: python main.py --mfi --cve_id CVE-2019-13136 --path_to_vul_bin /binaries/reference/imagemagick/CVE-2019-13136-vuln-35ccb468ee2d-magickcore --path_to_patch_bin /binaries/reference/imagemagick/CVE-2019-13136-patch-fe5f4b85e6b1-magickcore --vul_func_name TIFFSeekCustomStream
2025-08-10 02:32:38,864 - ERROR - fail CVE-2019-13136 ,details0

2025-08-10 02:32:38,865 - INFO - processing CVE-2020-25674 ( 11)
2025-08-10 02:32:38,865 - INFO - running: python main.py --mfi --cve_id CVE-2020-25674 --path_to_vul_bin /binaries/reference/imagemagick/CVE-2020-25674-vuln-cfd829bd3581-magickcore --path_to_patch_bin /binaries/reference/imagemagick/CVE-2020-25674-patch-67b871032183-magickcore --vul_func_name WriteOnePNGImage
2025-08-10 02:37:30,275 - ERROR - fail CVE-2020-25674 ,details0

2025-08-10 02:37:30,276 - INFO - processing CVE-2023-1906 ( 12)
2025-08-10 02:37:30,276 - INFO - running: python main.py --mfi --cve_id CVE-2023-1906 --path_to_vul_bin /binaries/reference/imagemagick/CVE-2023-1906-vuln-cc00cae94b58-magickcore --path_to_patch_bin /binaries/reference/imagemagick/CVE-2023-1906-patch-d7a8bdd7bb33-magickcore --vul_func_name ReadTIFFImage
2025-08-10 03:02:11,973 - ERROR - fail CVE-2023-1906 ,details0

2025-08-10 03:02:11,975 - INFO - processing CVE-2016-10065 ( 13)
2025-08-10 03:02:11,975 - INFO - running: python main.py --mfi --cve_id CVE-2016-10065 --path_to_vul_bin /binaries/reference/imagemagick/CVE-2016-10065-vuln-1bc1fd0ff8c5-magickcore --path_to_patch_bin /binaries/reference/imagemagick/CVE-2016-10065-patch-134463b926fa-magickcore --vul_func_name ImportGrayQuantum
2025-08-10 03:02:58,642 - INFO - success CVE-2016-10065,details in imagemagick-cve_logs/CVE-2016-10065.log

2025-08-10 03:02:58,642 - INFO - processing CVE-2016-10065 ( 14)
2025-08-10 03:02:58,643 - INFO - running: python main.py --mfi --cve_id CVE-2016-10065 --path_to_vul_bin /binaries/reference/imagemagick/CVE-2016-10065-vuln-1bc1fd0ff8c5-magickcore --path_to_patch_bin /binaries/reference/imagemagick/CVE-2016-10065-patch-134463b926fa-magickcore --vul_func_name IsVIFF
2025-08-10 03:03:17,290 - ERROR - fail CVE-2016-10065 ,details0

2025-08-10 03:03:17,291 - INFO - processing CVE-2016-10065 ( 15)
2025-08-10 03:03:17,291 - INFO - running: python main.py --mfi --cve_id CVE-2016-10065 --path_to_vul_bin /binaries/reference/imagemagick/CVE-2016-10065-vuln-1bc1fd0ff8c5-magickcore --path_to_patch_bin /binaries/reference/imagemagick/CVE-2016-10065-patch-134463b926fa-magickcore --vul_func_name ReadVIFFImage
2025-08-10 03:43:53,367 - ERROR - fail CVE-2016-10065 ,details0

2025-08-10 03:43:53,367 - INFO - processing CVE-2022-32545 ( 16)
2025-08-10 03:43:53,368 - INFO - running: python main.py --mfi --cve_id CVE-2022-32545 --path_to_vul_bin /binaries/reference/imagemagick/CVE-2022-32545-vuln-8ed4f9a8d722-magickcore --path_to_patch_bin /binaries/reference/imagemagick/CVE-2022-32545-patch-9c9a84cec4ab-magickcore --vul_func_name ReadPSDChannelPixels
2025-08-10 03:44:50,854 - ERROR - fail CVE-2022-32545 ,details0

2025-08-10 03:44:50,855 - INFO - processing CVE-2021-3596 ( 17)
2025-08-10 03:44:50,855 - INFO - running: python main.py --mfi --cve_id CVE-2021-3596 --path_to_vul_bin /binaries/reference/imagemagick/CVE-2021-3596-vuln-96ab51687b95-magickcore --path_to_patch_bin /binaries/reference/imagemagick/CVE-2021-3596-patch-43dfb1894761-magickcore --vul_func_name ReadSVGImage
2025-08-10 03:48:25,071 - ERROR - fail CVE-2021-3596 ,details0

2025-08-10 03:48:25,072 - INFO - processing CVE-2020-25666 ( 18)
2025-08-10 03:48:25,072 - INFO - running: python main.py --mfi --cve_id CVE-2020-25666 --path_to_vul_bin /binaries/reference/imagemagick/CVE-2020-25666-vuln-a1142af44f61-magickcore --path_to_patch_bin /binaries/reference/imagemagick/CVE-2020-25666-patch-94691f00839d-magickcore --vul_func_name HistogramCompare
2025-08-10 03:49:48,103 - ERROR - fail CVE-2020-25666 ,details0

2025-08-10 03:49:48,104 - INFO - processing CVE-2016-7515 ( 19)
2025-08-10 03:49:48,104 - INFO - running: python main.py --mfi --cve_id CVE-2016-7515 --path_to_vul_bin /binaries/reference/imagemagick/CVE-2016-7515-vuln-70aa59ba920f-magickcore --path_to_patch_bin /binaries/reference/imagemagick/CVE-2016-7515-patch-2ad6d3349375-magickcore --vul_func_name ReadRLEImage
2025-08-10 03:57:28,732 - ERROR - fail CVE-2016-7515 ,details0

2025-08-10 03:57:28,733 - INFO - processing CVE-2022-0284 ( 20)
2025-08-10 03:57:28,734 - INFO - running: python main.py --mfi --cve_id CVE-2022-0284 --path_to_vul_bin /binaries/reference/imagemagick/CVE-2022-0284-vuln-40fd5dbf305e-magickcore --path_to_patch_bin /binaries/reference/imagemagick/CVE-2022-0284-patch-e50f19fd73c7-magickcore --vul_func_name WritePICONImage
2025-08-10 03:57:59,625 - ERROR - fail CVE-2022-0284 ,details0

2025-08-10 03:57:59,626 - INFO - processing CVE-2017-15277 ( 21)
2025-08-10 03:57:59,627 - INFO - running: python main.py --mfi --cve_id CVE-2017-15277 --path_to_vul_bin /binaries/reference/imagemagick/CVE-2017-15277-vuln-387eb53ff6c9-magickcore --path_to_patch_bin /binaries/reference/imagemagick/CVE-2017-15277-patch-9fd10cf63083-magickcore --vul_func_name ReadGIFImage
2025-08-10 03:59:01,665 - ERROR - fail CVE-2017-15277 ,details0

2025-08-10 03:59:01,666 - INFO - processing CVE-2015-8895 ( 22)
2025-08-10 03:59:01,666 - INFO - running: python main.py --mfi --cve_id CVE-2015-8895 --path_to_vul_bin /binaries/reference/imagemagick/CVE-2015-8895-vuln-a1f115c91f45-magickcore --path_to_patch_bin /binaries/reference/imagemagick/CVE-2015-8895-patch-0f6fc2d5bf8f-magickcore --vul_func_name AcquireVirtualMemory
2025-08-10 04:08:45,301 - ERROR - fail CVE-2015-8895 ,details0

2025-08-10 04:08:45,302 - INFO - processing CVE-2015-8895 ( 23)
2025-08-10 04:08:45,302 - INFO - running: python main.py --mfi --cve_id CVE-2015-8895 --path_to_vul_bin /binaries/reference/imagemagick/CVE-2015-8895-vuln-a1f115c91f45-magickcore --path_to_patch_bin /binaries/reference/imagemagick/CVE-2015-8895-patch-0f6fc2d5bf8f-magickcore --vul_func_name AutoResizeImage
2025-08-10 04:08:58,675 - ERROR - fail CVE-2015-8895 ,details0

2025-08-10 04:08:58,676 - INFO - processing CVE-2015-8895 ( 24)
2025-08-10 04:08:58,678 - INFO - running: python main.py --mfi --cve_id CVE-2015-8895 --path_to_vul_bin /binaries/reference/imagemagick/CVE-2015-8895-vuln-a1f115c91f45-magickcore --path_to_patch_bin /binaries/reference/imagemagick/CVE-2015-8895-patch-0f6fc2d5bf8f-magickcore --vul_func_name GetMagickDelegates
2025-08-10 04:09:20,985 - ERROR - fail CVE-2015-8895 ,details0

2025-08-10 04:09:20,986 - INFO - processing CVE-2015-8895 ( 25)
2025-08-10 04:09:20,986 - INFO - running: python main.py --mfi --cve_id CVE-2015-8895 --path_to_vul_bin /binaries/reference/imagemagick/CVE-2015-8895-vuln-a1f115c91f45-magickcore --path_to_patch_bin /binaries/reference/imagemagick/CVE-2015-8895-patch-0f6fc2d5bf8f-magickcore --vul_func_name ReadICONImage
2025-08-10 04:29:33,397 - ERROR - fail CVE-2015-8895 ,details0

2025-08-10 04:29:33,398 - INFO - processing CVE-2015-8895 ( 26)
2025-08-10 04:29:33,398 - INFO - running: python main.py --mfi --cve_id CVE-2015-8895 --path_to_vul_bin /binaries/reference/imagemagick/CVE-2015-8895-vuln-a1f115c91f45-magickcore --path_to_patch_bin /binaries/reference/imagemagick/CVE-2015-8895-patch-0f6fc2d5bf8f-magickcore --vul_func_name RelinquishVirtualMemory
2025-08-10 04:30:10,162 - ERROR - fail CVE-2015-8895 ,details0

2025-08-10 04:30:10,163 - INFO - processing CVE-2015-8895 ( 27)
2025-08-10 04:30:10,164 - INFO - running: python main.py --mfi --cve_id CVE-2015-8895 --path_to_vul_bin /binaries/reference/imagemagick/CVE-2015-8895-vuln-a1f115c91f45-magickcore --path_to_patch_bin /binaries/reference/imagemagick/CVE-2015-8895-patch-0f6fc2d5bf8f-magickcore --vul_func_name WritePICTImage
2025-08-10 04:36:01,317 - ERROR - fail CVE-2015-8895 ,details0

2025-08-10 04:36:01,318 - INFO - processing CVE-2020-27765 ( 28)
2025-08-10 04:36:01,319 - INFO - running: python main.py --mfi --cve_id CVE-2020-27765 --path_to_vul_bin /binaries/reference/imagemagick/CVE-2020-27765-vuln-1798384373e1-magickcore --path_to_patch_bin /binaries/reference/imagemagick/CVE-2020-27765-patch-a4c89f2a6106-magickcore --vul_func_name Classify
2025-08-10 04:36:21,650 - ERROR - fail CVE-2020-27765 ,details0

2025-08-10 04:36:21,651 - INFO - processing CVE-2020-27765 ( 29)
2025-08-10 04:36:21,652 - INFO - running: python main.py --mfi --cve_id CVE-2020-27765 --path_to_vul_bin /binaries/reference/imagemagick/CVE-2020-27765-vuln-1798384373e1-magickcore --path_to_patch_bin /binaries/reference/imagemagick/CVE-2020-27765-patch-a4c89f2a6106-magickcore --vul_func_name OptimalTau
2025-08-10 04:39:01,738 - ERROR - fail CVE-2020-27765 ,details0

2025-08-10 04:39:01,739 - INFO - processing CVE-2021-20309 ( 30)
2025-08-10 04:39:01,740 - INFO - running: python main.py --mfi --cve_id CVE-2021-20309 --path_to_vul_bin /binaries/reference/imagemagick/CVE-2021-20309-vuln-75f6f5032690-magickcore --path_to_patch_bin /binaries/reference/imagemagick/CVE-2021-20309-patch-94174beff065-magickcore --vul_func_name WaveImage
2025-08-10 04:39:54,919 - ERROR - fail CVE-2021-20309 ,details0

2025-08-10 04:39:54,920 - INFO - processing CVE-2019-10131 ( 31)
2025-08-10 04:39:54,920 - INFO - running: python main.py --mfi --cve_id CVE-2019-10131 --path_to_vul_bin /binaries/reference/imagemagick/CVE-2019-10131-vuln-0daf227874f1-magickcore --path_to_patch_bin /binaries/reference/imagemagick/CVE-2019-10131-patch-cb1214c124e1-magickcore --vul_func_name format8BIM
2025-08-10 04:40:40,388 - ERROR - fail CVE-2019-10131 ,details0

2025-08-10 04:40:40,389 - INFO - processing CVE-2016-5691 ( 32)
2025-08-10 04:40:40,389 - INFO - running: python main.py --mfi --cve_id CVE-2016-5691 --path_to_vul_bin /binaries/reference/imagemagick/CVE-2016-5691-vuln-88acca623245-magickcore --path_to_patch_bin /binaries/reference/imagemagick/CVE-2016-5691-patch-5511ef530576-magickcore --vul_func_name ReadDCMImage
2025-08-10 05:26:23,147 - ERROR - fail CVE-2016-5691 ,details0

2025-08-10 05:26:23,149 - INFO - processing CVE-2020-27769 ( 33)
2025-08-10 05:26:23,149 - INFO - running: python main.py --mfi --cve_id CVE-2020-27769 --path_to_vul_bin /binaries/reference/imagemagick/CVE-2020-27769-vuln-3d71aa8265ff-magickcore --path_to_patch_bin /binaries/reference/imagemagick/CVE-2020-27769-patch-7b058696133c-magickcore --vul_func_name PosterizeImage
2025-08-10 05:26:36,805 - ERROR - fail CVE-2020-27769 ,details0

2025-08-10 05:26:36,806 - INFO - processing CVE-2020-25675 ( 34)
2025-08-10 05:26:36,806 - INFO - running: python main.py --mfi --cve_id CVE-2020-25675 --path_to_vul_bin /binaries/reference/imagemagick/CVE-2020-25675-vuln-406da3af9e09-magickcore --path_to_patch_bin /binaries/reference/imagemagick/CVE-2020-25675-patch-64dc80b2e190-magickcore --vul_func_name CropImage
2025-08-10 05:26:55,645 - ERROR - fail CVE-2020-25675 ,details0

2025-08-10 05:26:55,645 - INFO - processing CVE-2020-25675 ( 35)
2025-08-10 05:26:55,646 - INFO - running: python main.py --mfi --cve_id CVE-2020-25675 --path_to_vul_bin /binaries/reference/imagemagick/CVE-2020-25675-vuln-406da3af9e09-magickcore --path_to_patch_bin /binaries/reference/imagemagick/CVE-2020-25675-patch-64dc80b2e190-magickcore --vul_func_name CropImageToTiles
2025-08-10 07:41:24,068 - ERROR - fail CVE-2020-25675 ,details0

2025-08-10 07:41:24,069 - INFO - processing CVE-2019-12979 ( 36)
2025-08-10 07:41:24,070 - INFO - running: python main.py --mfi --cve_id CVE-2019-12979 --path_to_vul_bin /binaries/reference/imagemagick/CVE-2019-12979-vuln-f022bb01c07a-magickcore --path_to_patch_bin /binaries/reference/imagemagick/CVE-2019-12979-patch-56a19e7ae07f-magickcore --vul_func_name SetImageProperty
2025-08-10 07:55:43,813 - ERROR - fail CVE-2019-12979 ,details0

2025-08-10 07:55:43,814 - INFO - processing CVE-2015-8958 ( 37)
2025-08-10 07:55:43,814 - INFO - running: python main.py --mfi --cve_id CVE-2015-8958 --path_to_vul_bin /binaries/reference/imagemagick/CVE-2015-8958-vuln-110fbd73283f-magickcore --path_to_patch_bin /binaries/reference/imagemagick/CVE-2015-8958-patch-1aa0c6dab6dc-magickcore --vul_func_name ReadSUNImage
2025-08-10 07:59:21,325 - ERROR - fail CVE-2015-8958 ,details0

2025-08-10 07:59:21,326 - INFO - processing CVE-2020-27770 ( 38)
2025-08-10 07:59:21,326 - INFO - running: python main.py --mfi --cve_id CVE-2020-27770 --path_to_vul_bin /binaries/reference/imagemagick/CVE-2020-27770-vuln-1f450bb5ba53-magickcore --path_to_patch_bin /binaries/reference/imagemagick/CVE-2020-27770-patch-be90a5395695-magickcore --vul_func_name SubstituteString
2025-08-10 08:01:13,877 - ERROR - fail CVE-2020-27770 ,details0

2025-08-10 08:01:13,878 - INFO - processing CVE-2020-27829 ( 39)
2025-08-10 08:01:13,879 - INFO - running: python main.py --mfi --cve_id CVE-2020-27829 --path_to_vul_bin /binaries/reference/imagemagick/CVE-2020-27829-vuln-c5542e2e5ea3-magickcore --path_to_patch_bin /binaries/reference/imagemagick/CVE-2020-27829-patch-6ee5059cd3ac-magickcore --vul_func_name ReadTIFFImage
2025-08-10 08:01:27,893 - ERROR - fail CVE-2020-27829 ,details0

2025-08-10 08:01:27,894 - INFO - processing CVE-2019-7396 ( 40)
2025-08-10 08:01:27,894 - INFO - running: python main.py --mfi --cve_id CVE-2019-7396 --path_to_vul_bin /binaries/reference/imagemagick/CVE-2019-7396-vuln-f14f66d2a2cc-magickcore --path_to_patch_bin /binaries/reference/imagemagick/CVE-2019-7396-patch-748a03651e5b-magickcore --vul_func_name ReadSIXELImage
2025-08-10 08:02:58,632 - ERROR - fail CVE-2019-7396 ,details0

2025-08-10 08:02:58,633 - INFO - processing CVE-2016-7514 ( 41)
2025-08-10 08:02:58,633 - INFO - running: python main.py --mfi --cve_id CVE-2016-7514 --path_to_vul_bin /binaries/reference/imagemagick/CVE-2016-7514-vuln-6cad3f644f0d-magickcore --path_to_patch_bin /binaries/reference/imagemagick/CVE-2016-7514-patch-198fffab4daf-magickcore --vul_func_name ReadPSDImage
2025-08-10 08:07:12,007 - ERROR - fail CVE-2016-7514 ,details0

2025-08-10 08:07:12,008 - INFO - processing CVE-2020-27752 ( 42)
2025-08-10 08:07:12,009 - INFO - running: python main.py --mfi --cve_id CVE-2020-27752 --path_to_vul_bin /binaries/reference/imagemagick/CVE-2020-27752-vuln-eaa2635305f1-magickcore --path_to_patch_bin /binaries/reference/imagemagick/CVE-2020-27752-patch-a9d563d3d738-magickcore --vul_func_name WriteOnePNGImage
2025-08-10 08:52:45,461 - ERROR - fail CVE-2020-27752 ,details0

2025-08-10 08:52:45,462 - INFO - processing CVE-2019-17547 ( 43)
2025-08-10 08:52:45,463 - INFO - running: python main.py --mfi --cve_id CVE-2019-17547 --path_to_vul_bin /binaries/reference/imagemagick/CVE-2019-17547-vuln-492b1e98b1d9-magickcore --path_to_patch_bin /binaries/reference/imagemagick/CVE-2019-17547-patch-ecf7c6b288e1-magickcore --vul_func_name TraceBezier
2025-08-10 08:54:04,209 - ERROR - fail CVE-2019-17547 ,details0

2025-08-10 08:54:04,209 - INFO - processing CVE-2016-7101 ( 44)
2025-08-10 08:54:04,210 - INFO - running: python main.py --mfi --cve_id CVE-2016-7101 --path_to_vul_bin /binaries/reference/imagemagick/CVE-2016-7101-vuln-e7094d16cd8a-magickcore --path_to_patch_bin /binaries/reference/imagemagick/CVE-2016-7101-patch-7afcf9f71043-magickcore --vul_func_name ReadSGIImage
2025-08-10 08:57:35,278 - ERROR - fail CVE-2016-7101 ,details0

2025-08-10 08:57:35,279 - INFO - processing CVE-2023-3195 ( 45)
2025-08-10 08:57:35,279 - INFO - running: python main.py --mfi --cve_id CVE-2023-3195 --path_to_vul_bin /binaries/reference/imagemagick/CVE-2023-3195-vuln-18e15da2dc6c-magickcore --path_to_patch_bin /binaries/reference/imagemagick/CVE-2023-3195-patch-f62034093577-magickcore --vul_func_name ReadTIFFImage
2025-08-10 09:05:24,437 - ERROR - fail CVE-2023-3195 ,details0

2025-08-10 09:05:24,438 - INFO - processing CVE-2015-8896 ( 46)
2025-08-10 09:05:24,438 - INFO - running: python main.py --mfi --cve_id CVE-2015-8896 --path_to_vul_bin /binaries/reference/imagemagick/CVE-2015-8896-vuln-a1f115c91f45-magickcore --path_to_patch_bin /binaries/reference/imagemagick/CVE-2015-8896-patch-0f6fc2d5bf8f-magickcore --vul_func_name AcquireVirtualMemory
2025-08-10 09:17:45,890 - ERROR - fail CVE-2015-8896 ,details0

2025-08-10 09:17:45,891 - INFO - processing CVE-2015-8896 ( 47)
2025-08-10 09:17:45,891 - INFO - running: python main.py --mfi --cve_id CVE-2015-8896 --path_to_vul_bin /binaries/reference/imagemagick/CVE-2015-8896-vuln-a1f115c91f45-magickcore --path_to_patch_bin /binaries/reference/imagemagick/CVE-2015-8896-patch-0f6fc2d5bf8f-magickcore --vul_func_name AutoResizeImage
2025-08-10 09:18:01,755 - ERROR - fail CVE-2015-8896 ,details0

2025-08-10 09:18:01,756 - INFO - processing CVE-2015-8896 ( 48)
2025-08-10 09:18:01,756 - INFO - running: python main.py --mfi --cve_id CVE-2015-8896 --path_to_vul_bin /binaries/reference/imagemagick/CVE-2015-8896-vuln-a1f115c91f45-magickcore --path_to_patch_bin /binaries/reference/imagemagick/CVE-2015-8896-patch-0f6fc2d5bf8f-magickcore --vul_func_name GetMagickDelegates
2025-08-10 09:18:14,592 - ERROR - fail CVE-2015-8896 ,details0

2025-08-10 09:18:14,593 - INFO - processing CVE-2015-8896 ( 49)
2025-08-10 09:18:14,594 - INFO - running: python main.py --mfi --cve_id CVE-2015-8896 --path_to_vul_bin /binaries/reference/imagemagick/CVE-2015-8896-vuln-a1f115c91f45-magickcore --path_to_patch_bin /binaries/reference/imagemagick/CVE-2015-8896-patch-0f6fc2d5bf8f-magickcore --vul_func_name ReadICONImage
2025-08-10 09:35:16,679 - ERROR - fail CVE-2015-8896 ,details0

2025-08-10 09:35:16,679 - INFO - processing CVE-2015-8896 ( 50)
2025-08-10 09:35:16,679 - INFO - running: python main.py --mfi --cve_id CVE-2015-8896 --path_to_vul_bin /binaries/reference/imagemagick/CVE-2015-8896-vuln-a1f115c91f45-magickcore --path_to_patch_bin /binaries/reference/imagemagick/CVE-2015-8896-patch-0f6fc2d5bf8f-magickcore --vul_func_name RelinquishVirtualMemory
2025-08-10 09:36:03,610 - ERROR - fail CVE-2015-8896 ,details0

2025-08-10 09:36:03,611 - INFO - processing CVE-2015-8896 ( 51)
2025-08-10 09:36:03,611 - INFO - running: python main.py --mfi --cve_id CVE-2015-8896 --path_to_vul_bin /binaries/reference/imagemagick/CVE-2015-8896-vuln-a1f115c91f45-magickcore --path_to_patch_bin /binaries/reference/imagemagick/CVE-2015-8896-patch-0f6fc2d5bf8f-magickcore --vul_func_name WritePICTImage
2025-08-10 09:41:40,530 - ERROR - fail CVE-2015-8896 ,details0

2025-08-10 09:41:40,531 - INFO - processing CVE-2022-1115 ( 52)
2025-08-10 09:41:40,532 - INFO - running: python main.py --mfi --cve_id CVE-2022-1115 --path_to_vul_bin /binaries/reference/imagemagick/CVE-2022-1115-vuln-ffc2aaae543d-magickcore --path_to_patch_bin /binaries/reference/imagemagick/CVE-2022-1115-patch-c8718305f120-magickcore --vul_func_name ReadTIFFImage
2025-08-10 10:09:34,456 - ERROR - fail CVE-2022-1115 ,details0

2025-08-10 10:09:34,457 - INFO - processing CVE-2019-7395 ( 53)
2025-08-10 10:09:34,458 - INFO - running: python main.py --mfi --cve_id CVE-2019-7395 --path_to_vul_bin /binaries/reference/imagemagick/CVE-2019-7395-vuln-748a03651e5b-magickcore --path_to_patch_bin /binaries/reference/imagemagick/CVE-2019-7395-patch-8a43abefb38c-magickcore --vul_func_name WritePSDChannel
2025-08-10 10:10:25,219 - ERROR - fail CVE-2019-7395 ,details0

2025-08-10 10:10:25,219 - INFO - processing CVE-2022-48541 ( 54)
2025-08-10 10:10:25,220 - INFO - running: python main.py --mfi --cve_id CVE-2022-48541 --path_to_vul_bin /binaries/reference/imagemagick/CVE-2022-48541-vuln-7757754d838d-magickwand --path_to_patch_bin /binaries/reference/imagemagick/CVE-2022-48541-patch-155ebcd89ccb-magickwand --vul_func_name AnimateImageCommand
2025-08-10 11:34:41,077 - ERROR - fail CVE-2022-48541 ,details0

2025-08-10 11:34:41,078 - INFO - processing CVE-2022-48541 ( 55)
2025-08-10 11:34:41,078 - INFO - running: python main.py --mfi --cve_id CVE-2022-48541 --path_to_vul_bin /binaries/reference/imagemagick/CVE-2022-48541-vuln-7757754d838d-magickwand --path_to_patch_bin /binaries/reference/imagemagick/CVE-2022-48541-patch-155ebcd89ccb-magickwand --vul_func_name CompareImagesCommand
2025-08-10 11:34:50,151 - ERROR - fail CVE-2022-48541 ,details0

2025-08-10 11:34:50,152 - INFO - processing CVE-2022-48541 ( 56)
2025-08-10 11:34:50,152 - INFO - running: python main.py --mfi --cve_id CVE-2022-48541 --path_to_vul_bin /binaries/reference/imagemagick/CVE-2022-48541-vuln-7757754d838d-magickwand --path_to_patch_bin /binaries/reference/imagemagick/CVE-2022-48541-patch-155ebcd89ccb-magickwand --vul_func_name CompositeImageCommand
2025-08-10 11:34:59,502 - ERROR - fail CVE-2022-48541 ,details0

2025-08-10 11:34:59,503 - INFO - processing CVE-2022-48541 ( 57)
2025-08-10 11:34:59,504 - INFO - running: python main.py --mfi --cve_id CVE-2022-48541 --path_to_vul_bin /binaries/reference/imagemagick/CVE-2022-48541-vuln-7757754d838d-magickwand --path_to_patch_bin /binaries/reference/imagemagick/CVE-2022-48541-patch-155ebcd89ccb-magickwand --vul_func_name ConjureImageCommand
2025-08-10 11:36:39,468 - ERROR - fail CVE-2022-48541 ,details0

2025-08-10 11:36:39,469 - INFO - processing CVE-2022-48541 ( 58)
2025-08-10 11:36:39,469 - INFO - running: python main.py --mfi --cve_id CVE-2022-48541 --path_to_vul_bin /binaries/reference/imagemagick/CVE-2022-48541-vuln-7757754d838d-magickwand --path_to_patch_bin /binaries/reference/imagemagick/CVE-2022-48541-patch-155ebcd89ccb-magickwand --vul_func_name ConvertImageCommand
2025-08-10 11:36:53,361 - ERROR - fail CVE-2022-48541 ,details0

2025-08-10 11:36:53,363 - INFO - processing CVE-2022-48541 ( 59)
2025-08-10 11:36:53,363 - INFO - running: python main.py --mfi --cve_id CVE-2022-48541 --path_to_vul_bin /binaries/reference/imagemagick/CVE-2022-48541-vuln-7757754d838d-magickwand --path_to_patch_bin /binaries/reference/imagemagick/CVE-2022-48541-patch-155ebcd89ccb-magickwand --vul_func_name DisplayImageCommand
2025-08-10 14:45:43,847 - ERROR - fail CVE-2022-48541 ,details0

2025-08-10 14:45:43,848 - INFO - processing CVE-2022-48541 ( 60)
2025-08-10 14:45:43,848 - INFO - running: python main.py --mfi --cve_id CVE-2022-48541 --path_to_vul_bin /binaries/reference/imagemagick/CVE-2022-48541-vuln-7757754d838d-magickwand --path_to_patch_bin /binaries/reference/imagemagick/CVE-2022-48541-patch-155ebcd89ccb-magickwand --vul_func_name IdentifyImageCommand
2025-08-10 14:53:53,745 - ERROR - fail CVE-2022-48541 ,details0

2025-08-10 14:53:53,746 - INFO - processing CVE-2022-48541 ( 61)
2025-08-10 14:53:53,747 - INFO - running: python main.py --mfi --cve_id CVE-2022-48541 --path_to_vul_bin /binaries/reference/imagemagick/CVE-2022-48541-vuln-7757754d838d-magickwand --path_to_patch_bin /binaries/reference/imagemagick/CVE-2022-48541-patch-155ebcd89ccb-magickwand --vul_func_name ImportImageCommand
2025-08-10 16:04:09,947 - ERROR - fail CVE-2022-48541 ,details0

2025-08-10 16:04:09,948 - INFO - processing CVE-2022-48541 ( 62)
2025-08-10 16:04:09,948 - INFO - running: python main.py --mfi --cve_id CVE-2022-48541 --path_to_vul_bin /binaries/reference/imagemagick/CVE-2022-48541-vuln-7757754d838d-magickwand --path_to_patch_bin /binaries/reference/imagemagick/CVE-2022-48541-patch-155ebcd89ccb-magickwand --vul_func_name MogrifyImageCommand
2025-08-10 16:04:19,200 - ERROR - fail CVE-2022-48541 ,details0

2025-08-10 16:04:19,201 - INFO - processing CVE-2022-48541 ( 63)
2025-08-10 16:04:19,201 - INFO - running: python main.py --mfi --cve_id CVE-2022-48541 --path_to_vul_bin /binaries/reference/imagemagick/CVE-2022-48541-vuln-7757754d838d-magickwand --path_to_patch_bin /binaries/reference/imagemagick/CVE-2022-48541-patch-155ebcd89ccb-magickwand --vul_func_name MontageImageCommand
2025-08-10 16:04:29,605 - ERROR - fail CVE-2022-48541 ,details0

2025-08-10 16:04:29,606 - INFO - processing CVE-2022-48541 ( 64)
2025-08-10 16:04:29,606 - INFO - running: python main.py --mfi --cve_id CVE-2022-48541 --path_to_vul_bin /binaries/reference/imagemagick/CVE-2022-48541-vuln-7757754d838d-magickwand --path_to_patch_bin /binaries/reference/imagemagick/CVE-2022-48541-patch-155ebcd89ccb-magickwand --vul_func_name StreamImageCommand
2025-08-10 16:04:39,615 - ERROR - fail CVE-2022-48541 ,details0

2025-08-10 16:04:39,616 - INFO - processing CVE-2023-3428 ( 65)
2025-08-10 16:04:39,616 - INFO - running: python main.py --mfi --cve_id CVE-2023-3428 --path_to_vul_bin /binaries/reference/imagemagick/CVE-2023-3428-vuln-237b8ec91311-magickcore --path_to_patch_bin /binaries/reference/imagemagick/CVE-2023-3428-patch-a531d28e3130-magickcore --vul_func_name ReadTIFFImage
2025-08-10 16:28:02,938 - ERROR - fail CVE-2023-3428 ,details0

2025-08-10 16:28:02,939 - INFO - processing CVE-2018-20467 ( 66)
2025-08-10 16:28:02,939 - INFO - running: python main.py --mfi --cve_id CVE-2018-20467 --path_to_vul_bin /binaries/reference/imagemagick/CVE-2018-20467-vuln-6a7ac23af498-magickcore --path_to_patch_bin /binaries/reference/imagemagick/CVE-2018-20467-patch-db0add932fb8-magickcore --vul_func_name ReadBMPImage
2025-08-10 16:52:28,399 - ERROR - fail CVE-2018-20467 ,details0

2025-08-10 16:52:28,400 - INFO - processing CVE-2020-27751 ( 67)
2025-08-10 16:52:28,401 - INFO - running: python main.py --mfi --cve_id CVE-2020-27751 --path_to_vul_bin /binaries/reference/imagemagick/CVE-2020-27751-vuln-31232efe30a1-magickcore --path_to_patch_bin /binaries/reference/imagemagick/CVE-2020-27751-patch-f60d59cc3a7e-magickcore --vul_func_name SetQuantumDepth
2025-08-10 16:53:11,300 - ERROR - fail CVE-2020-27751 ,details0

2025-08-10 16:53:11,301 - INFO - processing CVE-2019-12974 ( 68)
2025-08-10 16:53:11,301 - INFO - running: python main.py --mfi --cve_id CVE-2019-12974 --path_to_vul_bin /binaries/reference/imagemagick/CVE-2019-12974-vuln-bbd8334ccd62-magickcore --path_to_patch_bin /binaries/reference/imagemagick/CVE-2019-12974-patch-93a9ccc85bd6-magickcore --vul_func_name ReadCAPTIONImage
2025-08-10 16:54:18,118 - ERROR - fail CVE-2019-12974 ,details0

2025-08-10 16:54:18,119 - INFO - processing CVE-2019-12974 ( 69)
2025-08-10 16:54:18,120 - INFO - running: python main.py --mfi --cve_id CVE-2019-12974 --path_to_vul_bin /binaries/reference/imagemagick/CVE-2019-12974-vuln-bbd8334ccd62-magickcore --path_to_patch_bin /binaries/reference/imagemagick/CVE-2019-12974-patch-93a9ccc85bd6-magickcore --vul_func_name ReadLABELImage
2025-08-10 16:55:57,025 - ERROR - fail CVE-2019-12974 ,details0

2025-08-10 16:55:57,026 - INFO - processing CVE-2019-13133 ( 70)
2025-08-10 16:55:57,026 - INFO - running: python main.py --mfi --cve_id CVE-2019-13133 --path_to_vul_bin /binaries/reference/imagemagick/CVE-2019-13133-vuln-cdb383749ef7-magickcore --path_to_patch_bin /binaries/reference/imagemagick/CVE-2019-13133-patch-fe3066122ef7-magickcore --vul_func_name ReadBMPImage
2025-08-10 16:59:51,898 - ERROR - fail CVE-2019-13133 ,details0

2025-08-10 16:59:51,899 - INFO - processing CVE-2019-13133 ( 71)
2025-08-10 16:59:51,899 - INFO - running: python main.py --mfi --cve_id CVE-2019-13133 --path_to_vul_bin /binaries/reference/imagemagick/CVE-2019-13133-vuln-cdb383749ef7-magickcore --path_to_patch_bin /binaries/reference/imagemagick/CVE-2019-13133-patch-fe3066122ef7-magickcore --vul_func_name ReadVIFFImage
2025-08-10 17:03:33,142 - ERROR - fail CVE-2019-13133 ,details0

2025-08-10 17:03:33,144 - INFO - processing CVE-2019-11472 ( 72)
2025-08-10 17:03:33,144 - INFO - running: python main.py --mfi --cve_id CVE-2019-11472 --path_to_vul_bin /binaries/reference/imagemagick/CVE-2019-11472-vuln-9177b7b3c278-magickcore --path_to_patch_bin /binaries/reference/imagemagick/CVE-2019-11472-patch-ab3e2be9b387-magickcore --vul_func_name ReadXWDImage
2025-08-10 17:08:21,958 - ERROR - fail CVE-2019-11472 ,details0

2025-08-10 17:08:21,959 - INFO - processing CVE-2019-12975 ( 73)
2025-08-10 17:08:21,960 - INFO - running: python main.py --mfi --cve_id CVE-2019-12975 --path_to_vul_bin /binaries/reference/imagemagick/CVE-2019-12975-vuln-ee60b346b8fc-magickcore --path_to_patch_bin /binaries/reference/imagemagick/CVE-2019-12975-patch-ca720b5f0fdd-magickcore --vul_func_name WriteDPXImage
2025-08-10 17:36:28,322 - ERROR - fail CVE-2019-12975 ,details0

2025-08-10 17:36:28,323 - INFO - processing CVE-2020-27758 ( 74)
2025-08-10 17:36:28,324 - INFO - running: python main.py --mfi --cve_id CVE-2020-27758 --path_to_vul_bin /binaries/reference/imagemagick/CVE-2020-27758-vuln-be90a5395695-magickcore --path_to_patch_bin /binaries/reference/imagemagick/CVE-2020-27758-patch-f0a8d407b280-magickcore --vul_func_name ReadTXTImage
2025-08-10 17:42:44,620 - ERROR - fail CVE-2020-27758 ,details0

2025-08-10 17:42:44,621 - INFO - processing CVE-2021-3962 ( 75)
2025-08-10 17:42:44,622 - INFO - running: python main.py --mfi --cve_id CVE-2021-3962 --path_to_vul_bin /binaries/reference/imagemagick/CVE-2021-3962-vuln-7fef3c3ac8ef-magickcore --path_to_patch_bin /binaries/reference/imagemagick/CVE-2021-3962-patch-82775af03bbb-magickcore --vul_func_name ReadDCMImage
2025-08-10 17:51:53,072 - ERROR - fail CVE-2021-3962 ,details0

2025-08-10 17:51:53,073 - INFO - processing CVE-2020-25676 ( 76)
2025-08-10 17:51:53,074 - INFO - running: python main.py --mfi --cve_id CVE-2020-25676 --path_to_vul_bin /binaries/reference/imagemagick/CVE-2020-25676-vuln-a4c89f2a6106-magickcore --path_to_patch_bin /binaries/reference/imagemagick/CVE-2020-25676-patch-406da3af9e09-magickcore --vul_func_name CatromWeights
2025-08-10 17:52:06,584 - ERROR - fail CVE-2020-25676 ,details0

2025-08-10 17:52:06,585 - INFO - processing CVE-2020-25676 ( 77)
2025-08-10 17:52:06,586 - INFO - running: python main.py --mfi --cve_id CVE-2020-25676 --path_to_vul_bin /binaries/reference/imagemagick/CVE-2020-25676-vuln-a4c89f2a6106-magickcore --path_to_patch_bin /binaries/reference/imagemagick/CVE-2020-25676-patch-406da3af9e09-magickcore --vul_func_name InterpolatePixelChannel
2025-08-10 17:59:47,136 - ERROR - fail CVE-2020-25676 ,details0

2025-08-10 17:59:47,137 - INFO - processing CVE-2020-25676 ( 78)
2025-08-10 17:59:47,138 - INFO - running: python main.py --mfi --cve_id CVE-2020-25676 --path_to_vul_bin /binaries/reference/imagemagick/CVE-2020-25676-vuln-a4c89f2a6106-magickcore --path_to_patch_bin /binaries/reference/imagemagick/CVE-2020-25676-patch-406da3af9e09-magickcore --vul_func_name InterpolatePixelChannels
2025-08-10 18:15:11,499 - ERROR - fail CVE-2020-25676 ,details0

2025-08-10 18:15:11,539 - INFO - processing CVE-2020-25676 ( 79)
2025-08-10 18:15:11,540 - INFO - running: python main.py --mfi --cve_id CVE-2020-25676 --path_to_vul_bin /binaries/reference/imagemagick/CVE-2020-25676-vuln-a4c89f2a6106-magickcore --path_to_patch_bin /binaries/reference/imagemagick/CVE-2020-25676-patch-406da3af9e09-magickcore --vul_func_name InterpolatePixelInfo
2025-08-10 18:24:28,905 - ERROR - fail CVE-2020-25676 ,details0

2025-08-10 18:24:28,906 - INFO - processing CVE-2020-25676 ( 80)
2025-08-10 18:24:28,906 - INFO - running: python main.py --mfi --cve_id CVE-2020-25676 --path_to_vul_bin /binaries/reference/imagemagick/CVE-2020-25676-vuln-a4c89f2a6106-magickcore --path_to_patch_bin /binaries/reference/imagemagick/CVE-2020-25676-patch-406da3af9e09-magickcore --vul_func_name MeshInterpolate
2025-08-10 18:24:41,292 - ERROR - fail CVE-2020-25676 ,details0

2025-08-10 18:24:41,293 - INFO - processing CVE-2019-15139 ( 81)
2025-08-10 18:24:41,293 - INFO - running: python main.py --mfi --cve_id CVE-2019-15139 --path_to_vul_bin /binaries/reference/imagemagick/CVE-2019-15139-vuln-112760b267f7-magickcore --path_to_patch_bin /binaries/reference/imagemagick/CVE-2019-15139-patch-c78993d138bf-magickcore --vul_func_name ReadXWDImage
2025-08-10 18:35:07,264 - ERROR - fail CVE-2019-15139 ,details0

2025-08-10 18:35:07,265 - INFO - processing CVE-2019-15139 ( 82)
2025-08-10 18:35:07,265 - INFO - running: python main.py --mfi --cve_id CVE-2019-15139 --path_to_vul_bin /binaries/reference/imagemagick/CVE-2019-15139-vuln-112760b267f7-magickcore --path_to_patch_bin /binaries/reference/imagemagick/CVE-2019-15139-patch-c78993d138bf-magickcore --vul_func_name RegisterXWDImage
2025-08-10 18:35:20,006 - ERROR - fail CVE-2019-15139 ,details0

2025-08-10 18:35:20,008 - INFO - processing CVE-2018-16643 ( 83)
2025-08-10 18:35:20,008 - INFO - running: python main.py --mfi --cve_id CVE-2018-16643 --path_to_vul_bin /binaries/reference/imagemagick/CVE-2018-16643-vuln-c7537dd705e6-magickcore --path_to_patch_bin /binaries/reference/imagemagick/CVE-2018-16643-patch-6b6bff054d56-magickcore --vul_func_name ReadCALSImage
2025-08-10 18:36:39,224 - ERROR - fail CVE-2018-16643 ,details0

2025-08-10 18:36:39,225 - INFO - processing CVE-2018-16643 ( 84)
2025-08-10 18:36:39,225 - INFO - running: python main.py --mfi --cve_id CVE-2018-16643 --path_to_vul_bin /binaries/reference/imagemagick/CVE-2018-16643-vuln-c7537dd705e6-magickcore --path_to_patch_bin /binaries/reference/imagemagick/CVE-2018-16643-patch-6b6bff054d56-magickcore --vul_func_name ReadDCMImage
2025-08-10 18:53:49,538 - ERROR - fail CVE-2018-16643 ,details0

2025-08-10 18:53:49,539 - INFO - processing CVE-2018-16643 ( 85)
2025-08-10 18:53:49,539 - INFO - running: python main.py --mfi --cve_id CVE-2018-16643 --path_to_vul_bin /binaries/reference/imagemagick/CVE-2018-16643-vuln-c7537dd705e6-magickcore --path_to_patch_bin /binaries/reference/imagemagick/CVE-2018-16643-patch-6b6bff054d56-magickcore --vul_func_name ReadPICTImage
2025-08-10 18:58:35,918 - ERROR - fail CVE-2018-16643 ,details0

2025-08-10 18:58:35,919 - INFO - processing CVE-2018-16643 ( 86)
2025-08-10 18:58:35,920 - INFO - running: python main.py --mfi --cve_id CVE-2018-16643 --path_to_vul_bin /binaries/reference/imagemagick/CVE-2018-16643-vuln-c7537dd705e6-magickcore --path_to_patch_bin /binaries/reference/imagemagick/CVE-2018-16643-patch-6b6bff054d56-magickcore --vul_func_name ReadPWPImage
2025-08-10 19:01:37,039 - ERROR - fail CVE-2018-16643 ,details0

2025-08-10 19:01:37,041 - INFO - processing CVE-2021-20310 ( 87)
2025-08-10 19:01:37,041 - INFO - running: python main.py --mfi --cve_id CVE-2021-20310 --path_to_vul_bin /binaries/reference/imagemagick/CVE-2021-20310-vuln-4a4f4177ae00-magickcore --path_to_patch_bin /binaries/reference/imagemagick/CVE-2021-20310-patch-75f6f5032690-magickcore --vul_func_name ConvertXYZToJzazbz
2025-08-10 19:01:51,487 - ERROR - fail CVE-2021-20310 ,details0

2025-08-10 19:01:51,488 - INFO - processing CVE-2019-19949 ( 88)
2025-08-10 19:01:51,488 - INFO - running: python main.py --mfi --cve_id CVE-2019-19949 --path_to_vul_bin /binaries/reference/imagemagick/CVE-2019-19949-vuln-243d8f1bb793-magickcore --path_to_patch_bin /binaries/reference/imagemagick/CVE-2019-19949-patch-d17c047f7bff-magickcore --vul_func_name Magick_png_write_raw_profile
2025-08-10 19:02:37,026 - INFO - success CVE-2019-19949,details in imagemagick-cve_logs/CVE-2019-19949.log

2025-08-10 19:02:37,027 - INFO - processing CVE-2020-25663 ( 89)
2025-08-10 19:02:37,027 - INFO - running: python main.py --mfi --cve_id CVE-2020-25663 --path_to_vul_bin /binaries/reference/imagemagick/CVE-2020-25663-vuln-f35eca82b0c2-magickcore --path_to_patch_bin /binaries/reference/imagemagick/CVE-2020-25663-patch-a47e7a994766-magickcore --vul_func_name SetImageAlphaChannel
2025-08-10 19:02:50,863 - ERROR - fail CVE-2020-25663 ,details0

2025-08-10 19:02:50,864 - INFO - processing CVE-2020-27775 ( 90)
2025-08-10 19:02:50,864 - INFO - running: python main.py --mfi --cve_id CVE-2020-27775 --path_to_vul_bin /binaries/reference/imagemagick/CVE-2020-27775-vuln-0c92913ec570-magickcore --path_to_patch_bin /binaries/reference/imagemagick/CVE-2020-27775-patch-a2166bfb1049-magickcore --vul_func_name ApplyEvaluateOperator
2025-08-10 19:07:17,056 - ERROR - fail CVE-2020-27775 ,details0

2025-08-10 19:07:17,057 - INFO - processing CVE-2022-28463 ( 91)
2025-08-10 19:07:17,058 - INFO - running: python main.py --mfi --cve_id CVE-2022-28463 --path_to_vul_bin /binaries/reference/imagemagick/CVE-2022-28463-vuln-004fc5d725fa-magickcore --path_to_patch_bin /binaries/reference/imagemagick/CVE-2022-28463-patch-ca3654ebf7a4-magickcore --vul_func_name ReadCINImage
2025-08-10 19:24:25,509 - ERROR - fail CVE-2022-28463 ,details0

2025-08-10 19:24:25,510 - INFO - processing CVE-2019-12978 ( 92)
2025-08-10 19:24:25,510 - INFO - running: python main.py --mfi --cve_id CVE-2019-12978 --path_to_vul_bin /binaries/reference/imagemagick/CVE-2019-12978-vuln-794ea100a77b-magickcore --path_to_patch_bin /binaries/reference/imagemagick/CVE-2019-12978-patch-18df5773b5ef-magickcore --vul_func_name ReadCAPTIONImage
2025-08-10 19:25:14,940 - ERROR - fail CVE-2019-12978 ,details0

2025-08-10 19:25:14,941 - INFO - processing CVE-2020-25667 ( 93)
2025-08-10 19:25:14,941 - INFO - running: python main.py --mfi --cve_id CVE-2020-25667 --path_to_vul_bin /binaries/reference/imagemagick/CVE-2020-25667-vuln-0bbdf0dbc54c-magickcore --path_to_patch_bin /binaries/reference/imagemagick/CVE-2020-25667-patch-986b5dff1734-magickcore --vul_func_name TIFFGetEXIFProperties
2025-08-10 19:25:27,549 - ERROR - fail CVE-2020-25667 ,details0

2025-08-10 19:25:27,550 - INFO - processing CVE-2020-25667 ( 94)
2025-08-10 19:25:27,550 - INFO - running: python main.py --mfi --cve_id CVE-2020-25667 --path_to_vul_bin /binaries/reference/imagemagick/CVE-2020-25667-vuln-0bbdf0dbc54c-magickcore --path_to_patch_bin /binaries/reference/imagemagick/CVE-2020-25667-patch-986b5dff1734-magickcore --vul_func_name TIFFGetProfiles
2025-08-10 19:26:00,356 - INFO - success CVE-2020-25667,details in imagemagick-cve_logs/CVE-2020-25667.log

2025-08-10 19:26:00,357 - INFO - processing CVE-2022-32546 ( 95)
2025-08-10 19:26:00,357 - INFO - running: python main.py --mfi --cve_id CVE-2022-32546 --path_to_vul_bin /binaries/reference/imagemagick/CVE-2022-32546-vuln-96162ebad2f0-magickcore --path_to_patch_bin /binaries/reference/imagemagick/CVE-2022-32546-patch-f221ea0fa317-magickcore --vul_func_name ReadPCLImage
2025-08-10 19:28:31,588 - ERROR - fail CVE-2022-32546 ,details0

2025-08-10 19:28:31,588 - INFO - processing CVE-2019-13134 ( 96)
2025-08-10 19:28:31,589 - INFO - running: python main.py --mfi --cve_id CVE-2019-13134 --path_to_vul_bin /binaries/reference/imagemagick/CVE-2019-13134-vuln-cdb383749ef7-magickcore --path_to_patch_bin /binaries/reference/imagemagick/CVE-2019-13134-patch-fe3066122ef7-magickcore --vul_func_name ReadBMPImage
2025-08-10 19:32:06,519 - ERROR - fail CVE-2019-13134 ,details0

2025-08-10 19:32:06,520 - INFO - processing CVE-2019-13134 ( 97)
2025-08-10 19:32:06,520 - INFO - running: python main.py --mfi --cve_id CVE-2019-13134 --path_to_vul_bin /binaries/reference/imagemagick/CVE-2019-13134-vuln-cdb383749ef7-magickcore --path_to_patch_bin /binaries/reference/imagemagick/CVE-2019-13134-patch-fe3066122ef7-magickcore --vul_func_name ReadVIFFImage
2025-08-10 19:35:33,399 - ERROR - fail CVE-2019-13134 ,details0

2025-08-10 19:35:33,400 - INFO - processing CVE-2020-27761 ( 98)
2025-08-10 19:35:33,400 - INFO - running: python main.py --mfi --cve_id CVE-2020-27761 --path_to_vul_bin /binaries/reference/imagemagick/CVE-2020-27761-vuln-f60d59cc3a7e-magickcore --path_to_patch_bin /binaries/reference/imagemagick/CVE-2020-27761-patch-db5e12e24f13-magickcore --vul_func_name WritePALMImage
2025-08-10 19:36:59,087 - ERROR - fail CVE-2020-27761 ,details0

2025-08-10 19:36:59,089 - INFO - processing CVE-2016-7534 ( 99)
2025-08-10 19:36:59,089 - INFO - running: python main.py --mfi --cve_id CVE-2016-7534 --path_to_vul_bin /binaries/reference/imagemagick/CVE-2016-7534-vuln-5572ef67a813-magickcore --path_to_patch_bin /binaries/reference/imagemagick/CVE-2016-7534-patch-430403b0029b-magickcore --vul_func_name GetQuantumExtent
2025-08-10 19:41:47,509 - ERROR - fail CVE-2016-7534 ,details0

2025-08-10 19:41:47,510 - INFO - processing CVE-2016-7534 ( 100)
2025-08-10 19:41:47,511 - INFO - running: python main.py --mfi --cve_id CVE-2016-7534 --path_to_vul_bin /binaries/reference/imagemagick/CVE-2016-7534-vuln-5572ef67a813-magickcore --path_to_patch_bin /binaries/reference/imagemagick/CVE-2016-7534-patch-430403b0029b-magickcore --vul_func_name ImportCbYCrYQuantum
2025-08-10 19:41:59,579 - ERROR - fail CVE-2016-7534 ,details0

2025-08-10 19:41:59,580 - INFO - processing CVE-2016-7534 ( 101)
2025-08-10 19:41:59,580 - INFO - running: python main.py --mfi --cve_id CVE-2016-7534 --path_to_vul_bin /binaries/reference/imagemagick/CVE-2016-7534-vuln-5572ef67a813-magickcore --path_to_patch_bin /binaries/reference/imagemagick/CVE-2016-7534-patch-430403b0029b-magickcore --vul_func_name SetQuantumPack
2025-08-10 19:42:11,694 - ERROR - fail CVE-2016-7534 ,details0

2025-08-10 19:42:11,694 - INFO - processing CVE-2020-19667 ( 102)
2025-08-10 19:42:11,695 - INFO - running: python main.py --mfi --cve_id CVE-2020-19667 --path_to_vul_bin /binaries/reference/imagemagick/CVE-2020-19667-vuln-f88232217ed6-magickcore --path_to_patch_bin /binaries/reference/imagemagick/CVE-2020-19667-patch-5462fd472501-magickcore --vul_func_name ReadXPMImage
2025-08-10 19:44:04,253 - ERROR - fail CVE-2020-19667 ,details0

2025-08-10 19:44:04,253 - INFO - processing CVE-2023-5341 ( 103)
2025-08-10 19:44:04,254 - INFO - running: python main.py --mfi --cve_id CVE-2023-5341 --path_to_vul_bin /binaries/reference/imagemagick/CVE-2023-5341-vuln-a0b5ea709626-magickcore --path_to_patch_bin /binaries/reference/imagemagick/CVE-2023-5341-patch-aa673b2e4def-magickcore --vul_func_name ReadBMPImage
2025-08-10 19:51:10,893 - INFO - success CVE-2023-5341,details in imagemagick-cve_logs/CVE-2023-5341.log

2025-08-10 19:51:10,893 - INFO - processing CVE-2020-27762 ( 104)
2025-08-10 19:51:10,894 - INFO - running: python main.py --mfi --cve_id CVE-2020-27762 --path_to_vul_bin /binaries/reference/imagemagick/CVE-2020-27762-vuln-a81ca9a1b46a-magickcore --path_to_patch_bin /binaries/reference/imagemagick/CVE-2020-27762-patch-7db3fa20893d-magickcore --vul_func_name WriteHDRImage
2025-08-10 20:04:56,284 - ERROR - fail CVE-2020-27762 ,details0

2025-08-10 20:04:56,285 - INFO - processing CVE-2017-11523 ( 105)
2025-08-10 20:04:56,285 - INFO - running: python main.py --mfi --cve_id CVE-2017-11523 --path_to_vul_bin /binaries/reference/imagemagick/CVE-2017-11523-vuln-cd494bc82b4d-magickcore --path_to_patch_bin /binaries/reference/imagemagick/CVE-2017-11523-patch-83e0f8ffd7ee-magickcore --vul_func_name ReadTXTImage
2025-08-10 20:06:38,124 - ERROR - fail CVE-2017-11523 ,details0

2025-08-10 20:06:38,125 - INFO - processing CVE-2017-9499 ( 106)
2025-08-10 20:06:38,126 - INFO - running: python main.py --mfi --cve_id CVE-2017-9499 --path_to_vul_bin /binaries/reference/imagemagick/CVE-2017-9499-vuln-4e6ac0e67ca1-magickcore --path_to_patch_bin /binaries/reference/imagemagick/CVE-2017-9499-patch-7fd419441bc7-magickcore --vul_func_name ReadMPCImage
2025-08-10 20:12:22,695 - ERROR - fail CVE-2017-9499 ,details0

2025-08-10 20:12:22,696 - INFO - processing CVE-2019-12976 ( 107)
2025-08-10 20:12:22,696 - INFO - running: python main.py --mfi --cve_id CVE-2019-12976 --path_to_vul_bin /binaries/reference/imagemagick/CVE-2019-12976-vuln-ee3dae8624e6-magickcore --path_to_patch_bin /binaries/reference/imagemagick/CVE-2019-12976-patch-c0fe488e7052-magickcore --vul_func_name ReadPCLImage
2025-08-10 20:12:53,753 - ERROR - fail CVE-2019-12976 ,details0

2025-08-10 20:12:53,754 - INFO - processing CVE-2020-27755 ( 108)
2025-08-10 20:12:53,754 - INFO - running: python main.py --mfi --cve_id CVE-2020-27755 --path_to_vul_bin /binaries/reference/imagemagick/CVE-2020-27755-vuln-3f64cfbde386-magickcore --path_to_patch_bin /binaries/reference/imagemagick/CVE-2020-27755-patch-f28e9e56e1b5-magickcore --vul_func_name SetImageExtent
2025-08-10 20:14:04,676 - ERROR - fail CVE-2020-27755 ,details0

2025-08-10 20:14:04,676 - INFO - processing CVE-2021-20244 ( 109)
2025-08-10 20:14:04,677 - INFO - running: python main.py --mfi --cve_id CVE-2021-20244 --path_to_vul_bin /binaries/reference/imagemagick/CVE-2021-20244-vuln-74f8868c779a-magickcore --path_to_patch_bin /binaries/reference/imagemagick/CVE-2021-20244-patch-329dd528ab79-magickcore --vul_func_name ImplodeImage
2025-08-10 20:16:58,867 - ERROR - fail CVE-2021-20244 ,details0

2025-08-10 20:16:58,868 - INFO - processing CVE-2019-7398 ( 110)
2025-08-10 20:16:58,868 - INFO - running: python main.py --mfi --cve_id CVE-2019-7398 --path_to_vul_bin /binaries/reference/imagemagick/CVE-2019-7398-vuln-306c1f0fa575-magickcore --path_to_patch_bin /binaries/reference/imagemagick/CVE-2019-7398-patch-9cf2f738f714-magickcore --vul_func_name WriteDIBImage
2025-08-10 20:22:28,573 - ERROR - fail CVE-2019-7398 ,details0

2025-08-10 20:22:28,574 - INFO - processing CVE-2021-20246 ( 111)
2025-08-10 20:22:28,575 - INFO - running: python main.py --mfi --cve_id CVE-2021-20246 --path_to_vul_bin /binaries/reference/imagemagick/CVE-2021-20246-vuln-dd33b451c3e0-magickcore --path_to_patch_bin /binaries/reference/imagemagick/CVE-2021-20246-patch-8d25d94a363b-magickcore --vul_func_name ScaleResampleFilter
2025-08-10 20:49:00,434 - ERROR - fail CVE-2021-20246 ,details0

2025-08-10 20:49:00,435 - INFO - processing CVE-2017-15032 ( 112)
2025-08-10 20:49:00,435 - INFO - running: python main.py --mfi --cve_id CVE-2017-15032 --path_to_vul_bin /binaries/reference/imagemagick/CVE-2017-15032-vuln-c76e4e14db2a-magickcore --path_to_patch_bin /binaries/reference/imagemagick/CVE-2017-15032-patch-241988ca2813-magickcore --vul_func_name ReadYCBCRImage
2025-08-10 20:51:03,974 - ERROR - fail CVE-2017-15032 ,details0

2025-08-10 20:51:03,975 - INFO - processing CVE-2023-1289 ( 113)
2025-08-10 20:51:03,975 - INFO - running: python main.py --mfi --cve_id CVE-2023-1289 --path_to_vul_bin /binaries/reference/imagemagick/CVE-2023-1289-vuln-9b2c57f87942-magickcore --path_to_patch_bin /binaries/reference/imagemagick/CVE-2023-1289-patch-c5b23cbf2119-magickcore --vul_func_name DrawPrimitive
2025-08-10 20:56:48,720 - ERROR - fail CVE-2023-1289 ,details0

2025-08-10 20:56:48,720 - INFO - processing CVE-2020-27750 ( 114)
2025-08-10 20:56:48,721 - INFO - running: python main.py --mfi --cve_id CVE-2020-27750 --path_to_vul_bin /binaries/reference/imagemagick/CVE-2020-27750-vuln-07fb0fdd5d4e-magickwand --path_to_patch_bin /binaries/reference/imagemagick/CVE-2020-27750-patch-a81ca9a1b46a-magickwand --vul_func_name PixelSyncIterator
2025-08-10 20:56:58,128 - ERROR - fail CVE-2020-27750 ,details0

2025-08-10 20:56:58,129 - INFO - processing CVE-2022-3213 ( 115)
2025-08-10 20:56:58,129 - INFO - running: python main.py --mfi --cve_id CVE-2022-3213 --path_to_vul_bin /binaries/reference/imagemagick/CVE-2022-3213-vuln-695b0f58f733-magickcore --path_to_patch_bin /binaries/reference/imagemagick/CVE-2022-3213-patch-30ccf9a0da1f-magickcore --vul_func_name ReadTIFFImage
2025-08-10 21:10:55,411 - ERROR - fail CVE-2022-3213 ,details0

2025-08-10 21:10:55,413 - INFO - processing CVE-2018-16644 ( 116)
2025-08-10 21:10:55,413 - INFO - running: python main.py --mfi --cve_id CVE-2018-16644 --path_to_vul_bin /binaries/reference/imagemagick/CVE-2018-16644-vuln-5a295f0c160a-magickcore --path_to_patch_bin /binaries/reference/imagemagick/CVE-2018-16644-patch-16916c8979c3-magickcore --vul_func_name ReadDCMImage
2025-08-10 22:21:57,233 - ERROR - fail CVE-2018-16644 ,details0

2025-08-10 22:21:57,234 - INFO - processing CVE-2019-17541 ( 117)
2025-08-10 22:21:57,234 - INFO - running: python main.py --mfi --cve_id CVE-2019-17541 --path_to_vul_bin /binaries/reference/imagemagick/CVE-2019-17541-vuln-8de7d660fcff-magickcore --path_to_patch_bin /binaries/reference/imagemagick/CVE-2019-17541-patch-39f226a9c137-magickcore --vul_func_name ReadICCProfile
2025-08-10 22:22:52,027 - ERROR - fail CVE-2019-17541 ,details0

2025-08-10 22:22:52,028 - INFO - processing CVE-2019-17541 ( 118)
2025-08-10 22:22:52,029 - INFO - running: python main.py --mfi --cve_id CVE-2019-17541 --path_to_vul_bin /binaries/reference/imagemagick/CVE-2019-17541-vuln-8de7d660fcff-magickcore --path_to_patch_bin /binaries/reference/imagemagick/CVE-2019-17541-patch-39f226a9c137-magickcore --vul_func_name ReadIPTCProfile
2025-08-10 22:23:04,076 - ERROR - fail CVE-2019-17541 ,details0

2025-08-10 22:23:04,078 - INFO - processing CVE-2021-20313 ( 119)
2025-08-10 22:23:04,078 - INFO - running: python main.py --mfi --cve_id CVE-2021-20313 --path_to_vul_bin /binaries/reference/imagemagick/CVE-2021-20313-vuln-b3f6221df63f-magickcore --path_to_patch_bin /binaries/reference/imagemagick/CVE-2021-20313-patch-70aa86f5d5d8-magickcore --vul_func_name EncipherAESBlock
2025-08-10 22:23:17,779 - ERROR - fail CVE-2021-20313 ,details0

2025-08-10 22:23:17,780 - INFO - processing CVE-2021-20313 ( 120)
2025-08-10 22:23:17,780 - INFO - running: python main.py --mfi --cve_id CVE-2021-20313 --path_to_vul_bin /binaries/reference/imagemagick/CVE-2021-20313-vuln-b3f6221df63f-magickcore --path_to_patch_bin /binaries/reference/imagemagick/CVE-2021-20313-patch-70aa86f5d5d8-magickcore --vul_func_name PasskeyDecipherImage
2025-08-10 22:23:29,943 - ERROR - fail CVE-2021-20313 ,details0

2025-08-10 22:23:29,944 - INFO - processing CVE-2021-20313 ( 121)
2025-08-10 22:23:29,951 - INFO - running: python main.py --mfi --cve_id CVE-2021-20313 --path_to_vul_bin /binaries/reference/imagemagick/CVE-2021-20313-vuln-b3f6221df63f-magickcore --path_to_patch_bin /binaries/reference/imagemagick/CVE-2021-20313-patch-70aa86f5d5d8-magickcore --vul_func_name PasskeyEncipherImage
2025-08-10 22:23:43,527 - ERROR - fail CVE-2021-20313 ,details0

2025-08-10 22:23:43,528 - INFO - processing CVE-2021-20313 ( 122)
2025-08-10 22:23:43,529 - INFO - running: python main.py --mfi --cve_id CVE-2021-20313 --path_to_vul_bin /binaries/reference/imagemagick/CVE-2021-20313-vuln-b3f6221df63f-magickcore --path_to_patch_bin /binaries/reference/imagemagick/CVE-2021-20313-patch-70aa86f5d5d8-magickcore --vul_func_name RelinquishVirtualMemory
2025-08-10 22:23:55,987 - ERROR - fail CVE-2021-20313 ,details0

2025-08-10 22:23:55,988 - INFO - processing CVE-2021-20313 ( 123)
2025-08-10 22:23:55,988 - INFO - running: python main.py --mfi --cve_id CVE-2021-20313 --path_to_vul_bin /binaries/reference/imagemagick/CVE-2021-20313-vuln-b3f6221df63f-magickcore --path_to_patch_bin /binaries/reference/imagemagick/CVE-2021-20313-patch-70aa86f5d5d8-magickcore --vul_func_name TransformsRGBImage
2025-08-10 22:33:47,886 - ERROR - fail CVE-2021-20313 ,details0

2025-08-10 22:33:47,887 - INFO - processing CVE-2021-20313 ( 124)
2025-08-10 22:33:47,912 - INFO - running: python main.py --mfi --cve_id CVE-2021-20313 --path_to_vul_bin /binaries/reference/imagemagick/CVE-2021-20313-vuln-b3f6221df63f-magickcore --path_to_patch_bin /binaries/reference/imagemagick/CVE-2021-20313-patch-70aa86f5d5d8-magickcore --vul_func_name WriteTHUMBNAILImage
2025-08-10 22:34:17,045 - INFO - success CVE-2021-20313,details in imagemagick-cve_logs/CVE-2021-20313.log

2025-08-10 22:34:17,046 - INFO - processing CVE-2021-20313 ( 125)
2025-08-10 22:34:17,047 - INFO - running: python main.py --mfi --cve_id CVE-2021-20313 --path_to_vul_bin /binaries/reference/imagemagick/CVE-2021-20313-vuln-b3f6221df63f-magickcore --path_to_patch_bin /binaries/reference/imagemagick/CVE-2021-20313-patch-70aa86f5d5d8-magickcore --vul_func_name sRGBTransformImage
2025-08-10 22:35:02,426 - ERROR - fail CVE-2021-20313 ,details0

2025-08-10 22:35:02,427 - INFO - processing CVE-2016-9556 ( 126)
2025-08-10 22:35:02,427 - INFO - running: python main.py --mfi --cve_id CVE-2016-9556 --path_to_vul_bin /binaries/reference/imagemagick/CVE-2016-9556-vuln-35a9ba32f0c2-magickcore --path_to_patch_bin /binaries/reference/imagemagick/CVE-2016-9556-patch-ce98a7acbcfc-magickcore --vul_func_name ReadSGIImage
2025-08-10 22:39:33,845 - ERROR - fail CVE-2016-9556 ,details0

2025-08-10 22:39:33,846 - INFO - processing CVE-2015-8900 ( 127)
2025-08-10 22:39:33,846 - INFO - running: python main.py --mfi --cve_id CVE-2015-8900 --path_to_vul_bin /binaries/reference/imagemagick/CVE-2015-8900-vuln-44c22978c1f9-magickcore --path_to_patch_bin /binaries/reference/imagemagick/CVE-2015-8900-patch-97aa7d7cfd20-magickcore --vul_func_name ReadHDRImage
2025-08-10 23:03:45,069 - ERROR - fail CVE-2015-8900 ,details0

2025-08-10 23:03:45,070 - INFO - processing CVE-2019-11470 ( 128)
2025-08-10 23:03:45,071 - INFO - running: python main.py --mfi --cve_id CVE-2019-11470 --path_to_vul_bin /binaries/reference/imagemagick/CVE-2019-11470-vuln-2b4fee3b265b-magickcore --path_to_patch_bin /binaries/reference/imagemagick/CVE-2019-11470-patch-e3cdce6fe121-magickcore --vul_func_name ReadCINImage
2025-08-10 23:16:05,325 - ERROR - fail CVE-2019-11470 ,details0

2025-08-10 23:16:05,326 - INFO - processing CVE-2020-27753 ( 129)
2025-08-10 23:16:05,326 - INFO - running: python main.py --mfi --cve_id CVE-2020-27753 --path_to_vul_bin /binaries/reference/imagemagick/CVE-2020-27753-vuln-f28e9e56e1b5-magickcore --path_to_patch_bin /binaries/reference/imagemagick/CVE-2020-27753-patch-bb3acad195de-magickcore --vul_func_name PopRunlengthPacket
2025-08-10 23:16:43,773 - INFO - success CVE-2020-27753,details in imagemagick-cve_logs/CVE-2020-27753.log

2025-08-10 23:16:43,774 - INFO - processing CVE-2020-27753 ( 130)
2025-08-10 23:16:43,775 - INFO - running: python main.py --mfi --cve_id CVE-2020-27753 --path_to_vul_bin /binaries/reference/imagemagick/CVE-2020-27753-vuln-f28e9e56e1b5-magickcore --path_to_patch_bin /binaries/reference/imagemagick/CVE-2020-27753-patch-bb3acad195de-magickcore --vul_func_name PushRunlengthPacket
2025-08-10 23:17:26,539 - INFO - success CVE-2020-27753,details in imagemagick-cve_logs/CVE-2020-27753.log

2025-08-10 23:17:26,540 - INFO - processing CVE-2020-27753 ( 131)
2025-08-10 23:17:26,541 - INFO - running: python main.py --mfi --cve_id CVE-2020-27753 --path_to_vul_bin /binaries/reference/imagemagick/CVE-2020-27753-vuln-f28e9e56e1b5-magickcore --path_to_patch_bin /binaries/reference/imagemagick/CVE-2020-27753-patch-bb3acad195de-magickcore --vul_func_name ReadMIFFImage
2025-08-10 23:29:07,511 - ERROR - fail CVE-2020-27753 ,details0

2025-08-10 23:29:07,512 - INFO - processing CVE-2020-27753 ( 132)
2025-08-10 23:29:07,513 - INFO - running: python main.py --mfi --cve_id CVE-2020-27753 --path_to_vul_bin /binaries/reference/imagemagick/CVE-2020-27753-vuln-f28e9e56e1b5-magickcore --path_to_patch_bin /binaries/reference/imagemagick/CVE-2020-27753-patch-bb3acad195de-magickcore --vul_func_name WriteMIFFImage
2025-08-10 23:30:59,970 - ERROR - fail CVE-2020-27753 ,details0

2025-08-10 23:30:59,971 - INFO - processing CVE-2021-20176 ( 133)
2025-08-10 23:30:59,972 - INFO - running: python main.py --mfi --cve_id CVE-2021-20176 --path_to_vul_bin /binaries/reference/imagemagick/CVE-2021-20176-vuln-81678d592fb3-magickcore --path_to_patch_bin /binaries/reference/imagemagick/CVE-2021-20176-patch-fbd9a963db1a-magickcore --vul_func_name GenerateDifferentialNoise
2025-08-10 23:31:23,464 - ERROR - fail CVE-2021-20176 ,details0

2025-08-10 23:31:23,465 - INFO - processing CVE-2021-3610 ( 134)
2025-08-10 23:31:23,466 - INFO - running: python main.py --mfi --cve_id CVE-2021-3610 --path_to_vul_bin /binaries/reference/imagemagick/CVE-2021-3610-vuln-28d484cbd0c9-magickcore --path_to_patch_bin /binaries/reference/imagemagick/CVE-2021-3610-patch-930ff0d1a9bc-magickcore --vul_func_name ReadTIFFImage
2025-08-10 23:43:09,061 - ERROR - fail CVE-2021-3610 ,details0

2025-08-10 23:43:09,062 - INFO - processing CVE-2020-27760 ( 135)
2025-08-10 23:43:09,063 - INFO - running: python main.py --mfi --cve_id CVE-2020-27760 --path_to_vul_bin /binaries/reference/imagemagick/CVE-2020-27760-vuln-9d3c055341bd-magickcore --path_to_patch_bin /binaries/reference/imagemagick/CVE-2020-27760-patch-c5fcdea6a6ae-magickcore --vul_func_name GammaImage
2025-08-10 23:43:40,412 - ERROR - fail CVE-2020-27760 ,details0

2025-08-10 23:43:40,413 - INFO - processing CVE-2020-27760 ( 136)
2025-08-10 23:43:40,413 - INFO - running: python main.py --mfi --cve_id CVE-2020-27760 --path_to_vul_bin /binaries/reference/imagemagick/CVE-2020-27760-vuln-9d3c055341bd-magickcore --path_to_patch_bin /binaries/reference/imagemagick/CVE-2020-27760-patch-c5fcdea6a6ae-magickcore --vul_func_name LevelPixel
2025-08-10 23:43:53,101 - ERROR - fail CVE-2020-27760 ,details0

2025-08-10 23:43:53,102 - INFO - processing CVE-2021-20311 ( 137)
2025-08-10 23:43:53,102 - INFO - running: python main.py --mfi --cve_id CVE-2021-20311 --path_to_vul_bin /binaries/reference/imagemagick/CVE-2021-20311-vuln-b3f6221df63f-magickcore --path_to_patch_bin /binaries/reference/imagemagick/CVE-2021-20311-patch-70aa86f5d5d8-magickcore --vul_func_name EncipherAESBlock
2025-08-10 23:44:07,007 - ERROR - fail CVE-2021-20311 ,details0

2025-08-10 23:44:07,009 - INFO - processing CVE-2021-20311 ( 138)
2025-08-10 23:44:07,011 - INFO - running: python main.py --mfi --cve_id CVE-2021-20311 --path_to_vul_bin /binaries/reference/imagemagick/CVE-2021-20311-vuln-b3f6221df63f-magickcore --path_to_patch_bin /binaries/reference/imagemagick/CVE-2021-20311-patch-70aa86f5d5d8-magickcore --vul_func_name PasskeyDecipherImage
2025-08-10 23:44:20,589 - ERROR - fail CVE-2021-20311 ,details0

2025-08-10 23:44:20,590 - INFO - processing CVE-2021-20311 ( 139)
2025-08-10 23:44:20,590 - INFO - running: python main.py --mfi --cve_id CVE-2021-20311 --path_to_vul_bin /binaries/reference/imagemagick/CVE-2021-20311-vuln-b3f6221df63f-magickcore --path_to_patch_bin /binaries/reference/imagemagick/CVE-2021-20311-patch-70aa86f5d5d8-magickcore --vul_func_name PasskeyEncipherImage
2025-08-10 23:44:34,277 - ERROR - fail CVE-2021-20311 ,details0

2025-08-10 23:44:34,278 - INFO - processing CVE-2021-20311 ( 140)
2025-08-10 23:44:34,279 - INFO - running: python main.py --mfi --cve_id CVE-2021-20311 --path_to_vul_bin /binaries/reference/imagemagick/CVE-2021-20311-vuln-b3f6221df63f-magickcore --path_to_patch_bin /binaries/reference/imagemagick/CVE-2021-20311-patch-70aa86f5d5d8-magickcore --vul_func_name RelinquishVirtualMemory
2025-08-10 23:44:46,507 - ERROR - fail CVE-2021-20311 ,details0

2025-08-10 23:44:46,508 - INFO - processing CVE-2021-20311 ( 141)
2025-08-10 23:44:46,508 - INFO - running: python main.py --mfi --cve_id CVE-2021-20311 --path_to_vul_bin /binaries/reference/imagemagick/CVE-2021-20311-vuln-b3f6221df63f-magickcore --path_to_patch_bin /binaries/reference/imagemagick/CVE-2021-20311-patch-70aa86f5d5d8-magickcore --vul_func_name TransformsRGBImage
2025-08-10 23:53:26,454 - ERROR - fail CVE-2021-20311 ,details0

2025-08-10 23:53:26,455 - INFO - processing CVE-2021-20311 ( 142)
2025-08-10 23:53:26,476 - INFO - running: python main.py --mfi --cve_id CVE-2021-20311 --path_to_vul_bin /binaries/reference/imagemagick/CVE-2021-20311-vuln-b3f6221df63f-magickcore --path_to_patch_bin /binaries/reference/imagemagick/CVE-2021-20311-patch-70aa86f5d5d8-magickcore --vul_func_name WriteTHUMBNAILImage
2025-08-10 23:53:54,560 - INFO - success CVE-2021-20311,details in imagemagick-cve_logs/CVE-2021-20311.log

2025-08-10 23:53:54,561 - INFO - processing CVE-2021-20311 ( 143)
2025-08-10 23:53:54,561 - INFO - running: python main.py --mfi --cve_id CVE-2021-20311 --path_to_vul_bin /binaries/reference/imagemagick/CVE-2021-20311-vuln-b3f6221df63f-magickcore --path_to_patch_bin /binaries/reference/imagemagick/CVE-2021-20311-patch-70aa86f5d5d8-magickcore --vul_func_name sRGBTransformImage
2025-08-10 23:54:42,934 - ERROR - fail CVE-2021-20311 ,details0

2025-08-10 23:54:42,935 - INFO - processing CVE-2017-9098 ( 144)
2025-08-10 23:54:42,936 - INFO - running: python main.py --mfi --cve_id CVE-2017-9098 --path_to_vul_bin /binaries/reference/imagemagick/CVE-2017-9098-vuln-0375c7318734-magickcore --path_to_patch_bin /binaries/reference/imagemagick/CVE-2017-9098-patch-1c358ffe0049-magickcore --vul_func_name ReadRLEImage
2025-08-10 23:55:39,067 - ERROR - fail CVE-2017-9098 ,details0

2025-08-10 23:55:39,068 - INFO - processing CVE-2020-25665 ( 145)
2025-08-10 23:55:39,068 - INFO - running: python main.py --mfi --cve_id CVE-2020-25665 --path_to_vul_bin /binaries/reference/imagemagick/CVE-2020-25665-vuln-43539e67a47d-magickcore --path_to_patch_bin /binaries/reference/imagemagick/CVE-2020-25665-patch-cfd829bd3581-magickcore --vul_func_name WritePALMImage
2025-08-10 23:57:53,882 - ERROR - fail CVE-2020-25665 ,details0

2025-08-10 23:57:53,883 - INFO - processing CVE-2019-10714 ( 146)
2025-08-10 23:57:53,883 - INFO - running: python main.py --mfi --cve_id CVE-2019-10714 --path_to_vul_bin /binaries/reference/imagemagick/CVE-2019-10714-vuln-27cf421df4e0-magickcore --path_to_patch_bin /binaries/reference/imagemagick/CVE-2019-10714-patch-07eebcd72f45-magickcore --vul_func_name LocaleLowercase
2025-08-10 23:58:44,095 - ERROR - fail CVE-2019-10714 ,details0

2025-08-10 23:58:44,096 - INFO - processing CVE-2019-10714 ( 147)
2025-08-10 23:58:44,096 - INFO - running: python main.py --mfi --cve_id CVE-2019-10714 --path_to_vul_bin /binaries/reference/imagemagick/CVE-2019-10714-vuln-27cf421df4e0-magickcore --path_to_patch_bin /binaries/reference/imagemagick/CVE-2019-10714-patch-07eebcd72f45-magickcore --vul_func_name LocaleUppercase
2025-08-10 23:59:33,712 - ERROR - fail CVE-2019-10714 ,details0

2025-08-10 23:59:33,713 - INFO - processing CVE-2023-34474 ( 148)
2025-08-10 23:59:33,714 - INFO - running: python main.py --mfi --cve_id CVE-2023-34474 --path_to_vul_bin /binaries/reference/imagemagick/CVE-2023-34474-vuln-e31343f0153b-magickcore --path_to_patch_bin /binaries/reference/imagemagick/CVE-2023-34474-patch-1061db7f80fd-magickcore --vul_func_name ReadTIM2ImageData
2025-08-11 00:02:06,436 - ERROR - fail CVE-2023-34474 ,details0

2025-08-11 00:02:06,437 - INFO - processing CVE-2023-34474 ( 149)
2025-08-11 00:02:06,437 - INFO - running: python main.py --mfi --cve_id CVE-2023-34474 --path_to_vul_bin /binaries/reference/imagemagick/CVE-2023-34474-vuln-e31343f0153b-magickcore --path_to_patch_bin /binaries/reference/imagemagick/CVE-2023-34474-patch-1061db7f80fd-magickcore --vul_func_name ReplaceXmpValue
2025-08-11 00:02:41,720 - ERROR - fail CVE-2023-34474 ,details0

2025-08-11 00:02:41,721 - INFO - processing CVE-2023-34475 ( 150)
2025-08-11 00:02:41,721 - INFO - running: python main.py --mfi --cve_id CVE-2023-34475 --path_to_vul_bin /binaries/reference/imagemagick/CVE-2023-34475-vuln-e31343f0153b-magickcore --path_to_patch_bin /binaries/reference/imagemagick/CVE-2023-34475-patch-1061db7f80fd-magickcore --vul_func_name ReadTIM2ImageData
2025-08-11 00:04:55,797 - ERROR - fail CVE-2023-34475 ,details0

2025-08-11 00:04:55,798 - INFO - processing CVE-2023-34475 ( 151)
2025-08-11 00:04:55,799 - INFO - running: python main.py --mfi --cve_id CVE-2023-34475 --path_to_vul_bin /binaries/reference/imagemagick/CVE-2023-34475-vuln-e31343f0153b-magickcore --path_to_patch_bin /binaries/reference/imagemagick/CVE-2023-34475-patch-1061db7f80fd-magickcore --vul_func_name ReplaceXmpValue
2025-08-11 00:05:31,187 - ERROR - fail CVE-2023-34475 ,details0

2025-08-11 00:05:31,188 - INFO - processing CVE-2020-27774 ( 152)
2025-08-11 00:05:31,189 - INFO - running: python main.py --mfi --cve_id CVE-2020-27774 --path_to_vul_bin /binaries/reference/imagemagick/CVE-2020-27774-vuln-9a1912c1dd6e-magickcore --path_to_patch_bin /binaries/reference/imagemagick/CVE-2020-27774-patch-29cee9152d1b-magickcore --vul_func_name ApplyEvaluateOperator
2025-08-11 00:06:06,267 - INFO - success CVE-2020-27774,details in imagemagick-cve_logs/CVE-2020-27774.log

2025-08-11 00:06:06,268 - INFO - processing CVE-2022-32547 ( 153)
2025-08-11 00:06:06,268 - INFO - running: python main.py --mfi --cve_id CVE-2022-32547 --path_to_vul_bin /binaries/reference/imagemagick/CVE-2022-32547-vuln-46df30643ab4-magickcore --path_to_patch_bin /binaries/reference/imagemagick/CVE-2022-32547-patch-eac8ce4d873f-magickcore --vul_func_name GetEXIFProperty
2025-08-11 00:21:06,836 - ERROR - fail CVE-2022-32547 ,details0

2025-08-11 00:21:06,837 - INFO - processing CVE-2020-27756 ( 154)
2025-08-11 00:21:06,838 - INFO - running: python main.py --mfi --cve_id CVE-2020-27756 --path_to_vul_bin /binaries/reference/imagemagick/CVE-2020-27756-vuln-91106c1a8063-magickcore --path_to_patch_bin /binaries/reference/imagemagick/CVE-2020-27756-patch-f35eca82b0c2-magickcore --vul_func_name ParseMetaGeometry
2025-08-11 00:40:53,964 - ERROR - fail CVE-2020-27756 ,details0

2025-08-11 00:40:53,965 - INFO - processing CVE-2019-10650 ( 155)
2025-08-11 00:40:53,969 - INFO - running: python main.py --mfi --cve_id CVE-2019-10650 --path_to_vul_bin /binaries/reference/imagemagick/CVE-2019-10650-vuln-d3ae9c19125c-magickcore --path_to_patch_bin /binaries/reference/imagemagick/CVE-2019-10650-patch-b0fe1aa7c2ed-magickcore --vul_func_name WriteTIFFImage
2025-08-11 00:42:01,897 - ERROR - fail CVE-2019-10650 ,details0

2025-08-11 00:42:01,898 - INFO - processing CVE-2020-25664 ( 156)
2025-08-11 00:42:01,898 - INFO - running: python main.py --mfi --cve_id CVE-2020-25664 --path_to_vul_bin /binaries/reference/imagemagick/CVE-2020-25664-vuln-67b871032183-magickcore --path_to_patch_bin /binaries/reference/imagemagick/CVE-2020-25664-patch-1f450bb5ba53-magickcore --vul_func_name WriteOnePNGImage
2025-08-11 01:00:15,725 - ERROR - fail CVE-2020-25664 ,details0

2025-08-11 01:00:15,726 - INFO - processing CVE-2016-10060 ( 157)
2025-08-11 01:00:15,727 - INFO - running: python main.py --mfi --cve_id CVE-2016-10060 --path_to_vul_bin /binaries/reference/imagemagick/CVE-2016-10060-vuln-8f012e53de44-magickwand --path_to_patch_bin /binaries/reference/imagemagick/CVE-2016-10060-patch-933e96f01a8c-magickwand --vul_func_name ConcatenateImages
2025-08-11 01:00:25,138 - ERROR - fail CVE-2016-10060 ,details0

2025-08-11 01:00:25,139 - INFO - processing CVE-2016-10060 ( 158)
2025-08-11 01:00:25,140 - INFO - running: python main.py --mfi --cve_id CVE-2016-10060 --path_to_vul_bin /binaries/reference/imagemagick/CVE-2016-10060-vuln-8f012e53de44-magickwand --path_to_patch_bin /binaries/reference/imagemagick/CVE-2016-10060-patch-933e96f01a8c-magickwand --vul_func_name MagickUsage
2025-08-11 01:00:34,435 - ERROR - fail CVE-2016-10060 ,details0

2025-08-11 01:00:34,436 - INFO - processing CVE-2020-27560 ( 159)
2025-08-11 01:00:34,436 - INFO - running: python main.py --mfi --cve_id CVE-2020-27560 --path_to_vul_bin /binaries/reference/imagemagick/CVE-2020-27560-vuln-05cac328e8dc-magickcore --path_to_patch_bin /binaries/reference/imagemagick/CVE-2020-27560-patch-ef59bd764f88-magickcore --vul_func_name OptimizeLayerFrames
2025-08-11 01:07:44,777 - ERROR - fail CVE-2020-27560 ,details0

2025-08-11 01:07:44,778 - INFO - processing CVE-2019-14981 ( 160)
2025-08-11 01:07:44,778 - INFO - running: python main.py --mfi --cve_id CVE-2019-14981 --path_to_vul_bin /binaries/reference/imagemagick/CVE-2019-14981-vuln-dabba008c570-magickcore --path_to_patch_bin /binaries/reference/imagemagick/CVE-2019-14981-patch-a77d8d97f5a7-magickcore --vul_func_name MeanShiftImage
2025-08-11 01:07:58,507 - ERROR - fail CVE-2019-14981 ,details0

2025-08-11 01:07:58,508 - INFO - processing CVE-2019-7175 ( 161)
2025-08-11 01:07:58,508 - INFO - running: python main.py --mfi --cve_id CVE-2019-7175 --path_to_vul_bin /binaries/reference/imagemagick/CVE-2019-7175-vuln-8a43abefb38c-magickcore --path_to_patch_bin /binaries/reference/imagemagick/CVE-2019-7175-patch-1e6a3ace073c-magickcore --vul_func_name DecodeImage
2025-08-11 01:08:12,520 - ERROR - fail CVE-2019-7175 ,details0

2025-08-11 01:08:12,521 - INFO - processing CVE-2016-5689 ( 162)
2025-08-11 01:08:12,521 - INFO - running: python main.py --mfi --cve_id CVE-2016-5689 --path_to_vul_bin /binaries/reference/imagemagick/CVE-2016-5689-vuln-88acca623245-magickcore --path_to_patch_bin /binaries/reference/imagemagick/CVE-2016-5689-patch-5511ef530576-magickcore --vul_func_name ReadDCMImage
2025-08-11 01:44:27,622 - ERROR - fail CVE-2016-5689 ,details0

2025-08-11 01:44:27,623 - INFO - processing CVE-2020-27772 ( 163)
2025-08-11 01:44:27,623 - INFO - running: python main.py --mfi --cve_id CVE-2020-27772 --path_to_vul_bin /binaries/reference/imagemagick/CVE-2020-27772-vuln-986b5dff1734-magickcore --path_to_patch_bin /binaries/reference/imagemagick/CVE-2020-27772-patch-a1142af44f61-magickcore --vul_func_name WriteBMPImage
2025-08-11 01:50:05,429 - ERROR - fail CVE-2020-27772 ,details0

2025-08-11 01:50:05,430 - INFO - processing CVE-2018-16645 ( 164)
2025-08-11 01:50:05,430 - INFO - running: python main.py --mfi --cve_id CVE-2018-16645 --path_to_vul_bin /binaries/reference/imagemagick/CVE-2018-16645-vuln-817f6ab6ed5f-magickcore --path_to_patch_bin /binaries/reference/imagemagick/CVE-2018-16645-patch-ecb31dbad39c-magickcore --vul_func_name ReadBMPImage
2025-08-11 01:58:14,400 - ERROR - fail CVE-2018-16645 ,details0

2025-08-11 01:58:14,401 - INFO - processing CVE-2023-34153 ( 165)
2025-08-11 01:58:14,401 - INFO - running: python main.py --mfi --cve_id CVE-2023-34153 --path_to_vul_bin /binaries/reference/imagemagick/CVE-2023-34153-vuln-7d5d87092008-magickcore --path_to_patch_bin /binaries/reference/imagemagick/CVE-2023-34153-patch-cc4638de0c98-magickcore --vul_func_name IsVIDEO
2025-08-11 01:58:27,117 - ERROR - fail CVE-2023-34153 ,details0

2025-08-11 01:58:27,117 - INFO - processing CVE-2023-34153 ( 166)
2025-08-11 01:58:27,118 - INFO - running: python main.py --mfi --cve_id CVE-2023-34153 --path_to_vul_bin /binaries/reference/imagemagick/CVE-2023-34153-vuln-7d5d87092008-magickcore --path_to_patch_bin /binaries/reference/imagemagick/CVE-2023-34153-patch-cc4638de0c98-magickcore --vul_func_name ReadVIDEOImage
2025-08-11 01:58:58,751 - INFO - success CVE-2023-34153,details in imagemagick-cve_logs/CVE-2023-34153.log

2025-08-11 01:58:58,751 - INFO - processing CVE-2019-16711 ( 167)
2025-08-11 01:58:58,752 - INFO - running: python main.py --mfi --cve_id CVE-2019-16711 --path_to_vul_bin /binaries/reference/imagemagick/CVE-2019-16711-vuln-d19acd3a8226-magickcore --path_to_patch_bin /binaries/reference/imagemagick/CVE-2019-16711-patch-ba0e05ee5a98-magickcore --vul_func_name Huffman2DEncodeImage
2025-08-11 01:59:13,417 - ERROR - fail CVE-2019-16711 ,details0

2025-08-11 01:59:13,417 - INFO - processing CVE-2019-16711 ( 168)
2025-08-11 01:59:13,418 - INFO - running: python main.py --mfi --cve_id CVE-2019-16711 --path_to_vul_bin /binaries/reference/imagemagick/CVE-2019-16711-vuln-d19acd3a8226-magickcore --path_to_patch_bin /binaries/reference/imagemagick/CVE-2019-16711-patch-ba0e05ee5a98-magickcore --vul_func_name WritePS2Image
2025-08-11 01:59:48,416 - ERROR - fail CVE-2019-16711 ,details0

2025-08-11 01:59:48,417 - INFO - processing CVE-2023-34152 ( 169)
2025-08-11 01:59:48,417 - INFO - running: python main.py --mfi --cve_id CVE-2023-34152 --path_to_vul_bin /binaries/reference/imagemagick/CVE-2023-34152-vuln-43e2cb6e3004-magickcore --path_to_patch_bin /binaries/reference/imagemagick/CVE-2023-34152-patch-17c4859bf4b1-magickcore --vul_func_name OpenBlob
2025-08-11 02:00:04,028 - ERROR - fail CVE-2023-34152 ,details0

2025-08-11 02:00:04,029 - INFO - processing CVE-2023-34151 ( 170)
2025-08-11 02:00:04,029 - INFO - running: python main.py --mfi --cve_id CVE-2023-34151 --path_to_vul_bin /binaries/reference/imagemagick/CVE-2023-34151-vuln-17c4859bf4b1-magickcore --path_to_patch_bin /binaries/reference/imagemagick/CVE-2023-34151-patch-3d6d98d8a2be-magickcore --vul_func_name AnnotateImage
2025-08-11 02:06:09,247 - ERROR - fail CVE-2023-34151 ,details0

2025-08-11 02:06:09,248 - INFO - processing CVE-2023-34151 ( 171)
2025-08-11 02:06:09,248 - INFO - running: python main.py --mfi --cve_id CVE-2023-34151 --path_to_vul_bin /binaries/reference/imagemagick/CVE-2023-34151-vuln-17c4859bf4b1-magickcore --path_to_patch_bin /binaries/reference/imagemagick/CVE-2023-34151-patch-3d6d98d8a2be-magickcore --vul_func_name FormatMagickCaption
2025-08-11 02:07:32,533 - ERROR - fail CVE-2023-34151 ,details0

2025-08-11 02:07:32,534 - INFO - processing CVE-2023-34151 ( 172)
2025-08-11 02:07:32,534 - INFO - running: python main.py --mfi --cve_id CVE-2023-34151 --path_to_vul_bin /binaries/reference/imagemagick/CVE-2023-34151-vuln-17c4859bf4b1-magickcore --path_to_patch_bin /binaries/reference/imagemagick/CVE-2023-34151-patch-3d6d98d8a2be-magickcore --vul_func_name ParseMetaGeometry
2025-08-11 02:09:12,896 - ERROR - fail CVE-2023-34151 ,details0

2025-08-11 02:09:12,897 - INFO - processing CVE-2023-34151 ( 173)
2025-08-11 02:09:12,897 - INFO - running: python main.py --mfi --cve_id CVE-2023-34151 --path_to_vul_bin /binaries/reference/imagemagick/CVE-2023-34151-vuln-17c4859bf4b1-magickcore --path_to_patch_bin /binaries/reference/imagemagick/CVE-2023-34151-patch-3d6d98d8a2be-magickcore --vul_func_name ReadCAPTIONImage
2025-08-11 02:11:54,705 - ERROR - fail CVE-2023-34151 ,details0

2025-08-11 02:11:54,706 - INFO - processing CVE-2023-34151 ( 174)
2025-08-11 02:11:54,706 - INFO - running: python main.py --mfi --cve_id CVE-2023-34151 --path_to_vul_bin /binaries/reference/imagemagick/CVE-2023-34151-vuln-17c4859bf4b1-magickcore --path_to_patch_bin /binaries/reference/imagemagick/CVE-2023-34151-patch-3d6d98d8a2be-magickcore --vul_func_name ReadLABELImage
2025-08-11 02:14:03,391 - ERROR - fail CVE-2023-34151 ,details0

2025-08-11 02:14:03,392 - INFO - processing CVE-2023-34151 ( 175)
2025-08-11 02:14:03,393 - INFO - running: python main.py --mfi --cve_id CVE-2023-34151 --path_to_vul_bin /binaries/reference/imagemagick/CVE-2023-34151-vuln-17c4859bf4b1-magickcore --path_to_patch_bin /binaries/reference/imagemagick/CVE-2023-34151-patch-3d6d98d8a2be-magickcore --vul_func_name ReadPCLImage
2025-08-11 02:15:24,189 - ERROR - fail CVE-2023-34151 ,details0

2025-08-11 02:15:24,193 - INFO - processing CVE-2023-34151 ( 176)
2025-08-11 02:15:24,193 - INFO - running: python main.py --mfi --cve_id CVE-2023-34151 --path_to_vul_bin /binaries/reference/imagemagick/CVE-2023-34151-vuln-17c4859bf4b1-magickcore --path_to_patch_bin /binaries/reference/imagemagick/CVE-2023-34151-patch-3d6d98d8a2be-magickcore --vul_func_name RenderMVGContent
2025-08-11 02:15:36,919 - ERROR - fail CVE-2023-34151 ,details0

2025-08-11 02:15:36,920 - INFO - processing CVE-2023-34151 ( 177)
2025-08-11 02:15:36,921 - INFO - running: python main.py --mfi --cve_id CVE-2023-34151 --path_to_vul_bin /binaries/reference/imagemagick/CVE-2023-34151-vuln-17c4859bf4b1-magickcore --path_to_patch_bin /binaries/reference/imagemagick/CVE-2023-34151-patch-3d6d98d8a2be-magickcore --vul_func_name SVGStartElement
2025-08-11 02:59:12,636 - ERROR - fail CVE-2023-34151 ,details0

2025-08-11 02:59:12,637 - INFO - processing CVE-2023-34151 ( 178)
2025-08-11 02:59:12,637 - INFO - running: python main.py --mfi --cve_id CVE-2023-34151 --path_to_vul_bin /binaries/reference/imagemagick/CVE-2023-34151-vuln-17c4859bf4b1-magickcore --path_to_patch_bin /binaries/reference/imagemagick/CVE-2023-34151-patch-3d6d98d8a2be-magickcore --vul_func_name ShadowImage
2025-08-11 02:59:59,725 - ERROR - fail CVE-2023-34151 ,details0

2025-08-11 02:59:59,726 - INFO - processing CVE-2023-34151 ( 179)
2025-08-11 02:59:59,726 - INFO - running: python main.py --mfi --cve_id CVE-2023-34151 --path_to_vul_bin /binaries/reference/imagemagick/CVE-2023-34151-vuln-17c4859bf4b1-magickcore --path_to_patch_bin /binaries/reference/imagemagick/CVE-2023-34151-patch-3d6d98d8a2be-magickcore --vul_func_name ShearRotateImage
2025-08-11 03:17:58,866 - ERROR - fail CVE-2023-34151 ,details0

2025-08-15 14:51:53,295 - INFO - processing CVE-2023-34151 ( 10)
2025-08-15 14:51:53,296 - INFO - running: python main.py --mfi --cve_id CVE-2023-34151 --path_to_vul_bin /binaries/reference/imagemagick/CVE-2023-34151-vuln-17c4859bf4b1-magickcore --path_to_patch_bin /binaries/reference/imagemagick/CVE-2023-34151-patch-3d6d98d8a2be-magickcore --vul_func_name WritePDFImage
2025-08-16 14:00:47,610 - ERROR - fail CVE-2023-34151 ,details-9

2025-08-16 14:00:47,751 - INFO - processing CVE-2023-34151 ( 11)
2025-08-16 14:00:47,752 - INFO - running: python main.py --mfi --cve_id CVE-2023-34151 --path_to_vul_bin /binaries/reference/imagemagick/CVE-2023-34151-vuln-17c4859bf4b1-magickcore --path_to_patch_bin /binaries/reference/imagemagick/CVE-2023-34151-patch-3d6d98d8a2be-magickcore --vul_func_name WritePS2Image
2025-08-16 14:01:45,528 - ERROR - fail CVE-2023-34151 ,details0

2025-08-16 14:01:45,529 - INFO - processing CVE-2023-34151 ( 12)
2025-08-16 14:01:45,530 - INFO - running: python main.py --mfi --cve_id CVE-2023-34151 --path_to_vul_bin /binaries/reference/imagemagick/CVE-2023-34151-vuln-17c4859bf4b1-magickcore --path_to_patch_bin /binaries/reference/imagemagick/CVE-2023-34151-patch-3d6d98d8a2be-magickcore --vul_func_name WritePS3Image
2025-08-16 14:02:14,957 - ERROR - fail CVE-2023-34151 ,details0

2025-08-16 14:02:14,958 - INFO - processing CVE-2023-34151 ( 13)
2025-08-16 14:02:14,959 - INFO - running: python main.py --mfi --cve_id CVE-2023-34151 --path_to_vul_bin /binaries/reference/imagemagick/CVE-2023-34151-vuln-17c4859bf4b1-magickcore --path_to_patch_bin /binaries/reference/imagemagick/CVE-2023-34151-patch-3d6d98d8a2be-magickcore --vul_func_name WritePSImage
2025-08-16 14:02:45,575 - ERROR - fail CVE-2023-34151 ,details0

2025-08-15 14:37:00,539 - INFO - processing CVE-2019-18853 ( 1)
2025-08-15 14:37:00,539 - INFO - running: python main.py --mfi --cve_id CVE-2019-18853 --path_to_vul_bin /binaries/reference/imagemagick/CVE-2019-18853-vuln-351fd50ab81f-magickcore --path_to_patch_bin /binaries/reference/imagemagick/CVE-2019-18853-patch-ec9c8944af2b-magickcore --vul_func_name ReadSVGImage
2025-08-15 14:38:53,048 - ERROR - fail CVE-2019-18853 ,details0

2025-08-15 14:38:53,049 - INFO - processing CVE-2021-20312 ( 2)
2025-08-15 14:38:53,049 - INFO - running: python main.py --mfi --cve_id CVE-2021-20312 --path_to_vul_bin /binaries/reference/imagemagick/CVE-2021-20312-vuln-b3f6221df63f-magickcore --path_to_patch_bin /binaries/reference/imagemagick/CVE-2021-20312-patch-70aa86f5d5d8-magickcore --vul_func_name EncipherAESBlock
2025-08-15 14:39:07,292 - ERROR - fail CVE-2021-20312 ,details0

2025-08-15 14:39:07,293 - INFO - processing CVE-2021-20312 ( 3)
2025-08-15 14:39:07,293 - INFO - running: python main.py --mfi --cve_id CVE-2021-20312 --path_to_vul_bin /binaries/reference/imagemagick/CVE-2021-20312-vuln-b3f6221df63f-magickcore --path_to_patch_bin /binaries/reference/imagemagick/CVE-2021-20312-patch-70aa86f5d5d8-magickcore --vul_func_name PasskeyDecipherImage
2025-08-15 14:39:19,313 - ERROR - fail CVE-2021-20312 ,details0

2025-08-15 14:39:19,314 - INFO - processing CVE-2021-20312 ( 4)
2025-08-15 14:39:19,315 - INFO - running: python main.py --mfi --cve_id CVE-2021-20312 --path_to_vul_bin /binaries/reference/imagemagick/CVE-2021-20312-vuln-b3f6221df63f-magickcore --path_to_patch_bin /binaries/reference/imagemagick/CVE-2021-20312-patch-70aa86f5d5d8-magickcore --vul_func_name PasskeyEncipherImage
2025-08-15 14:39:31,320 - ERROR - fail CVE-2021-20312 ,details0

2025-08-15 14:39:31,321 - INFO - processing CVE-2021-20312 ( 5)
2025-08-15 14:39:31,322 - INFO - running: python main.py --mfi --cve_id CVE-2021-20312 --path_to_vul_bin /binaries/reference/imagemagick/CVE-2021-20312-vuln-b3f6221df63f-magickcore --path_to_patch_bin /binaries/reference/imagemagick/CVE-2021-20312-patch-70aa86f5d5d8-magickcore --vul_func_name RelinquishVirtualMemory
2025-08-15 14:39:43,393 - ERROR - fail CVE-2021-20312 ,details0

2025-08-15 14:39:43,394 - INFO - processing CVE-2021-20312 ( 6)
2025-08-15 14:39:43,395 - INFO - running: python main.py --mfi --cve_id CVE-2021-20312 --path_to_vul_bin /binaries/reference/imagemagick/CVE-2021-20312-vuln-b3f6221df63f-magickcore --path_to_patch_bin /binaries/reference/imagemagick/CVE-2021-20312-patch-70aa86f5d5d8-magickcore --vul_func_name TransformsRGBImage
2025-08-15 14:47:58,954 - ERROR - fail CVE-2021-20312 ,details0

2025-08-15 14:47:58,955 - INFO - processing CVE-2021-20312 ( 7)
2025-08-15 14:47:58,955 - INFO - running: python main.py --mfi --cve_id CVE-2021-20312 --path_to_vul_bin /binaries/reference/imagemagick/CVE-2021-20312-vuln-b3f6221df63f-magickcore --path_to_patch_bin /binaries/reference/imagemagick/CVE-2021-20312-patch-70aa86f5d5d8-magickcore --vul_func_name WriteTHUMBNAILImage
2025-08-15 14:48:35,908 - ERROR - fail CVE-2021-20312 ,details0

2025-08-15 14:48:35,909 - INFO - processing CVE-2021-20312 ( 8)
2025-08-15 14:48:35,910 - INFO - running: python main.py --mfi --cve_id CVE-2021-20312 --path_to_vul_bin /binaries/reference/imagemagick/CVE-2021-20312-vuln-b3f6221df63f-magickcore --path_to_patch_bin /binaries/reference/imagemagick/CVE-2021-20312-patch-70aa86f5d5d8-magickcore --vul_func_name sRGBTransformImage
2025-08-15 14:48:56,982 - ERROR - fail CVE-2021-20312 ,details0

2025-08-15 14:48:56,983 - INFO - processing CVE-2017-15033 ( 9)
2025-08-15 14:48:56,984 - INFO - running: python main.py --mfi --cve_id CVE-2017-15033 --path_to_vul_bin /binaries/reference/imagemagick/CVE-2017-15033-vuln-c29d15c70d0e-magickcore --path_to_patch_bin /binaries/reference/imagemagick/CVE-2017-15033-patch-ef8f40689ac4-magickcore --vul_func_name ReadYUVImage
2025-08-15 14:51:53,294 - ERROR - fail CVE-2017-15033 ,details0

