2025-07-25 13:01:57,022 - INFO - processing CVE-2015-5312 ( 1)
2025-07-25 13:01:57,022 - INFO - running: python main.py --mfi --cve_id CVE-2015-5312 --path_to_vul_bin /binaries/reference/libxml2/CVE-2015-5312-vuln-6360a31-libxml2 --path_to_patch_bin /binaries/reference/libxml2/CVE-2015-5312-patch-6903071-libxml2 --vul_func_name xmlStringLenDecodeEntities__internal_alias
2025-07-25 13:03:43,861 - ERROR - fail CVE-2015-5312 ,details0

2025-07-25 13:03:43,861 - INFO - processing CVE-2015-8317 ( 2)
2025-07-25 13:03:43,861 - INFO - running: python main.py --mfi --cve_id CVE-2015-8317 --path_to_vul_bin /binaries/reference/libxml2/CVE-2015-8317-vuln-9aa3758-libxml2 --path_to_patch_bin /binaries/reference/libxml2/CVE-2015-8317-patch-709a952-libxml2 --vul_func_name xmlParseEncodingDecl__internal_alias
2025-07-25 13:05:24,921 - ERROR - fail CVE-2015-8317 ,details0

2025-07-25 13:05:24,922 - INFO - processing CVE-2017-16932 ( 3)
2025-07-25 13:05:24,922 - INFO - running: python main.py --mfi --cve_id CVE-2017-16932 --path_to_vul_bin /binaries/reference/libxml2/CVE-2017-16932-vuln-fb56f80-libxml2 --path_to_patch_bin /binaries/reference/libxml2/CVE-2017-16932-patch-899a5d9-libxml2 --vul_func_name xmlParsePEReference__internal_alias
2025-07-25 13:06:07,970 - ERROR - fail CVE-2017-16932 ,details0

2025-07-25 13:06:07,971 - INFO - processing CVE-2017-16932 ( 4)
2025-07-25 13:06:07,971 - INFO - running: python main.py --mfi --cve_id CVE-2017-16932 --path_to_vul_bin /binaries/reference/libxml2/CVE-2017-16932-vuln-fb56f80-libxml2 --path_to_patch_bin /binaries/reference/libxml2/CVE-2017-16932-patch-899a5d9-libxml2 --vul_func_name xmlPushInput__internal_alias
2025-07-25 13:06:44,443 - ERROR - fail CVE-2017-16932 ,details0

2025-07-25 13:06:44,443 - INFO - processing CVE-2015-7497 ( 5)
2025-07-25 13:06:44,443 - INFO - running: python main.py --mfi --cve_id CVE-2015-7497 --path_to_vul_bin /binaries/reference/libxml2/CVE-2015-7497-vuln-53ac9c9-libxml2 --path_to_patch_bin /binaries/reference/libxml2/CVE-2015-7497-patch-6360a31-libxml2 --vul_func_name xmlDictComputeFastQKey
2025-07-25 13:08:43,565 - ERROR - fail CVE-2015-7497 ,details0

2025-07-25 13:08:43,565 - INFO - processing CVE-2022-23308 ( 6)
2025-07-25 13:08:43,565 - INFO - running: python main.py --mfi --cve_id CVE-2022-23308 --path_to_vul_bin /binaries/reference/libxml2/CVE-2022-23308-vuln-d19bab6-libxml2 --path_to_patch_bin /binaries/reference/libxml2/CVE-2022-23308-patch-652dd12-libxml2 --vul_func_name xmlAddID__internal_alias
2025-07-25 13:09:04,686 - ERROR - fail CVE-2022-23308 ,details0

2025-07-25 13:09:04,686 - INFO - processing CVE-2022-23308 ( 7)
2025-07-25 13:09:04,686 - INFO - running: python main.py --mfi --cve_id CVE-2022-23308 --path_to_vul_bin /binaries/reference/libxml2/CVE-2022-23308-vuln-d19bab6-libxml2 --path_to_patch_bin /binaries/reference/libxml2/CVE-2022-23308-patch-652dd12-libxml2 --vul_func_name xmlAddRef__internal_alias
2025-07-25 13:09:16,110 - ERROR - fail CVE-2022-23308 ,details0

2025-07-25 13:09:16,110 - INFO - processing CVE-2022-23308 ( 8)
2025-07-25 13:09:16,110 - INFO - running: python main.py --mfi --cve_id CVE-2022-23308 --path_to_vul_bin /binaries/reference/libxml2/CVE-2022-23308-vuln-d19bab6-libxml2 --path_to_patch_bin /binaries/reference/libxml2/CVE-2022-23308-patch-652dd12-libxml2 --vul_func_name xmlIsStreaming
2025-07-25 13:09:19,494 - ERROR - fail CVE-2022-23308 ,details0

2025-07-25 13:09:19,494 - INFO - processing CVE-2022-23308 ( 9)
2025-07-25 13:09:19,494 - INFO - running: python main.py --mfi --cve_id CVE-2022-23308 --path_to_vul_bin /binaries/reference/libxml2/CVE-2022-23308-vuln-d19bab6-libxml2 --path_to_patch_bin /binaries/reference/libxml2/CVE-2022-23308-patch-652dd12-libxml2 --vul_func_name xmlRemoveID__internal_alias
2025-07-25 13:09:30,760 - ERROR - fail CVE-2022-23308 ,details0

2025-07-25 13:09:30,761 - INFO - processing CVE-2022-23308 ( 10)
2025-07-25 13:09:30,761 - INFO - running: python main.py --mfi --cve_id CVE-2022-23308 --path_to_vul_bin /binaries/reference/libxml2/CVE-2022-23308-vuln-d19bab6-libxml2 --path_to_patch_bin /binaries/reference/libxml2/CVE-2022-23308-patch-652dd12-libxml2 --vul_func_name xmlValidCtxtNormalizeAttributeValue__internal_alias
2025-07-25 13:09:52,094 - INFO - success CVE-2022-23308,details in libxml2-cve_logs/CVE-2022-23308.log

2025-07-25 13:09:52,095 - INFO - processing CVE-2022-23308 ( 11)
2025-07-25 13:09:52,095 - INFO - running: python main.py --mfi --cve_id CVE-2022-23308 --path_to_vul_bin /binaries/reference/libxml2/CVE-2022-23308-vuln-d19bab6-libxml2 --path_to_patch_bin /binaries/reference/libxml2/CVE-2022-23308-patch-652dd12-libxml2 --vul_func_name xmlValidNormalizeAttributeValue__internal_alias
2025-07-25 13:09:59,439 - INFO - success CVE-2022-23308,details in libxml2-cve_logs/CVE-2022-23308.log

2025-07-25 13:09:59,439 - INFO - processing CVE-2022-23308 ( 12)
2025-07-25 13:09:59,440 - INFO - running: python main.py --mfi --cve_id CVE-2022-23308 --path_to_vul_bin /binaries/reference/libxml2/CVE-2022-23308-vuln-d19bab6-libxml2 --path_to_patch_bin /binaries/reference/libxml2/CVE-2022-23308-patch-652dd12-libxml2 --vul_func_name xmlValidNormalizeString
2025-07-25 13:10:02,797 - ERROR - fail CVE-2022-23308 ,details0

2025-07-25 13:10:02,797 - INFO - processing CVE-2013-1969 ( 13)
2025-07-25 13:10:02,798 - INFO - running: python main.py --mfi --cve_id CVE-2013-1969 --path_to_vul_bin /binaries/reference/libxml2/CVE-2013-1969-vuln-60adeea-libxml2 --path_to_patch_bin /binaries/reference/libxml2/CVE-2013-1969-patch-de0cc20-libxml2 --vul_func_name htmlParseChunk__internal_alias
2025-07-25 13:10:10,830 - INFO - success CVE-2013-1969,details in libxml2-cve_logs/CVE-2013-1969.log

2025-07-25 13:10:10,830 - INFO - processing CVE-2023-28484 ( 14)
2025-07-25 13:10:10,830 - INFO - running: python main.py --mfi --cve_id CVE-2023-28484 --path_to_vul_bin /binaries/reference/libxml2/CVE-2023-28484-vuln-cb1b8b8-libxml2 --path_to_patch_bin /binaries/reference/libxml2/CVE-2023-28484-patch-e4f85f1-libxml2 --vul_func_name xmlSchemaFixupComplexType
2025-07-25 13:11:07,233 - ERROR - fail CVE-2023-28484 ,details0

2025-07-25 13:11:07,233 - INFO - processing CVE-2016-1837 ( 15)
2025-07-25 13:11:07,234 - INFO - running: python main.py --mfi --cve_id CVE-2016-1837 --path_to_vul_bin /binaries/reference/libxml2/CVE-2016-1837-vuln-4472c3a-libxml2 --path_to_patch_bin /binaries/reference/libxml2/CVE-2016-1837-patch-11ed4a7-libxml2 --vul_func_name htmlParseSystemLiteral
2025-07-25 13:11:16,486 - INFO - success CVE-2016-1837,details in libxml2-cve_logs/CVE-2016-1837.log

2025-07-25 13:11:16,486 - INFO - processing CVE-2013-0338 ( 16)
2025-07-25 13:11:16,486 - INFO - running: python main.py --mfi --cve_id CVE-2013-0338 --path_to_vul_bin /binaries/reference/libxml2/CVE-2013-0338-vuln-bf058dc-libxml2 --path_to_patch_bin /binaries/reference/libxml2/CVE-2013-0338-patch-23f05e0-libxml2 --vul_func_name xmlCtxtReset__internal_alias
2025-07-25 13:11:29,212 - ERROR - fail CVE-2013-0338 ,details0

2025-07-25 13:11:29,212 - INFO - processing CVE-2013-0338 ( 17)
2025-07-25 13:11:29,212 - INFO - running: python main.py --mfi --cve_id CVE-2013-0338 --path_to_vul_bin /binaries/reference/libxml2/CVE-2013-0338-vuln-bf058dc-libxml2 --path_to_patch_bin /binaries/reference/libxml2/CVE-2013-0338-patch-23f05e0-libxml2 --vul_func_name xmlInitParserCtxt__internal_alias
2025-07-25 13:11:38,498 - ERROR - fail CVE-2013-0338 ,details0

2025-07-25 13:11:38,498 - INFO - processing CVE-2013-0338 ( 18)
2025-07-25 13:11:38,498 - INFO - running: python main.py --mfi --cve_id CVE-2013-0338 --path_to_vul_bin /binaries/reference/libxml2/CVE-2013-0338-vuln-bf058dc-libxml2 --path_to_patch_bin /binaries/reference/libxml2/CVE-2013-0338-patch-23f05e0-libxml2 --vul_func_name xmlParseReference__internal_alias
2025-07-25 13:13:15,497 - ERROR - fail CVE-2013-0338 ,details0

2025-07-25 13:13:15,497 - INFO - processing CVE-2013-0338 ( 19)
2025-07-25 13:13:15,498 - INFO - running: python main.py --mfi --cve_id CVE-2013-0338 --path_to_vul_bin /binaries/reference/libxml2/CVE-2013-0338-vuln-bf058dc-libxml2 --path_to_patch_bin /binaries/reference/libxml2/CVE-2013-0338-patch-23f05e0-libxml2 --vul_func_name xmlParserEntityCheck
2025-07-25 13:13:22,932 - INFO - success CVE-2013-0338,details in libxml2-cve_logs/CVE-2013-0338.log

2025-07-25 13:13:22,932 - INFO - processing CVE-2013-0338 ( 20)
2025-07-25 13:13:22,932 - INFO - running: python main.py --mfi --cve_id CVE-2013-0338 --path_to_vul_bin /binaries/reference/libxml2/CVE-2013-0338-vuln-bf058dc-libxml2 --path_to_patch_bin /binaries/reference/libxml2/CVE-2013-0338-patch-23f05e0-libxml2 --vul_func_name xmlStringLenDecodeEntities__internal_alias
2025-07-25 13:14:33,875 - ERROR - fail CVE-2013-0338 ,details0

2025-07-25 13:14:33,875 - INFO - processing CVE-2019-19956 ( 21)
2025-07-25 13:14:33,875 - INFO - running: python main.py --mfi --cve_id CVE-2019-19956 --path_to_vul_bin /binaries/reference/libxml2/CVE-2019-19956-vuln-09b6f81-libxml2 --path_to_patch_bin /binaries/reference/libxml2/CVE-2019-19956-patch-5a02583-libxml2 --vul_func_name xmlParseBalancedChunkMemoryRecover__internal_alias
2025-07-25 13:14:56,754 - ERROR - fail CVE-2019-19956 ,details0

2025-07-25 13:14:56,755 - INFO - processing CVE-2016-1836 ( 22)
2025-07-25 13:14:56,755 - INFO - running: python main.py --mfi --cve_id CVE-2016-1836 --path_to_vul_bin /binaries/reference/libxml2/CVE-2016-1836-vuln-a820dbe-libxml2 --path_to_patch_bin /binaries/reference/libxml2/CVE-2016-1836-patch-45752d2-libxml2 --vul_func_name xmlParseNCNameComplex
2025-07-25 13:15:10,725 - INFO - success CVE-2016-1836,details in libxml2-cve_logs/CVE-2016-1836.log

2025-07-25 13:15:10,726 - INFO - processing CVE-2012-5134 ( 23)
2025-07-25 13:15:10,726 - INFO - running: python main.py --mfi --cve_id CVE-2012-5134 --path_to_vul_bin /binaries/reference/libxml2/CVE-2012-5134-vuln-4ea74a4-libxml2 --path_to_patch_bin /binaries/reference/libxml2/CVE-2012-5134-patch-6a36fbe-libxml2 --vul_func_name xmlParseAttValueComplex
2025-07-25 13:15:43,339 - ERROR - fail CVE-2012-5134 ,details0

2025-07-25 13:15:43,340 - INFO - processing CVE-2016-1840 ( 24)
2025-07-25 13:15:43,340 - INFO - running: python main.py --mfi --cve_id CVE-2016-1840 --path_to_vul_bin /binaries/reference/libxml2/CVE-2016-1840-vuln-40fd6d2-libxml2 --path_to_patch_bin /binaries/reference/libxml2/CVE-2016-1840-patch-cbb2716-libxml2 --vul_func_name xmlFAParseCharRange
2025-07-25 13:16:02,226 - ERROR - fail CVE-2016-1840 ,details0

2025-07-25 13:16:02,226 - INFO - processing CVE-2014-3660 ( 25)
2025-07-25 13:16:02,226 - INFO - running: python main.py --mfi --cve_id CVE-2014-3660 --path_to_vul_bin /binaries/reference/libxml2/CVE-2014-3660-vuln-f65128f-libxml2 --path_to_patch_bin /binaries/reference/libxml2/CVE-2014-3660-patch-72a46a5-libxml2 --vul_func_name xmlParseReference__internal_alias
2025-07-25 13:16:21,624 - ERROR - fail CVE-2014-3660 ,details0

2025-07-25 13:16:21,624 - INFO - processing CVE-2016-4449 ( 26)
2025-07-25 13:16:21,624 - INFO - running: python main.py --mfi --cve_id CVE-2016-4449 --path_to_vul_bin /binaries/reference/libxml2/CVE-2016-4449-vuln-45752d2-libxml2 --path_to_patch_bin /binaries/reference/libxml2/CVE-2016-4449-patch-b1d34de-libxml2 --vul_func_name xmlStringLenDecodeEntities__internal_alias
2025-07-25 13:18:16,238 - ERROR - fail CVE-2016-4449 ,details0

2025-07-25 13:18:16,238 - INFO - processing CVE-2016-1833 ( 27)
2025-07-25 13:18:16,238 - INFO - running: python main.py --mfi --cve_id CVE-2016-1833 --path_to_vul_bin /binaries/reference/libxml2/CVE-2016-1833-vuln-0090675-libxml2 --path_to_patch_bin /binaries/reference/libxml2/CVE-2016-1833-patch-0bcd05c-libxml2 --vul_func_name xmlNextChar__internal_alias
2025-07-25 13:18:32,772 - ERROR - fail CVE-2016-1833 ,details0

2025-07-25 13:18:32,772 - INFO - processing CVE-2015-8242 ( 28)
2025-07-25 13:18:32,772 - INFO - running: python main.py --mfi --cve_id CVE-2015-8242 --path_to_vul_bin /binaries/reference/libxml2/CVE-2015-8242-vuln-f1063fd-libxml2 --path_to_patch_bin /binaries/reference/libxml2/CVE-2015-8242-patch-8fb4a77-libxml2 --vul_func_name htmlParseTryOrFinish
2025-07-25 13:22:20,508 - ERROR - fail CVE-2015-8242 ,details0

2025-07-25 13:22:20,508 - INFO - processing CVE-2017-5130 ( 29)
2025-07-25 13:22:20,508 - INFO - running: python main.py --mfi --cve_id CVE-2017-5130 --path_to_vul_bin /binaries/reference/libxml2/CVE-2017-5130-vuln-932cc98-libxml2 --path_to_patch_bin /binaries/reference/libxml2/CVE-2017-5130-patch-897dffb-libxml2 --vul_func_name xmlMallocLoc__internal_alias
2025-07-25 13:22:28,852 - INFO - success CVE-2017-5130,details in libxml2-cve_logs/CVE-2017-5130.log

2025-07-25 13:22:28,852 - INFO - processing CVE-2017-5130 ( 30)
2025-07-25 13:22:28,852 - INFO - running: python main.py --mfi --cve_id CVE-2017-5130 --path_to_vul_bin /binaries/reference/libxml2/CVE-2017-5130-vuln-932cc98-libxml2 --path_to_patch_bin /binaries/reference/libxml2/CVE-2017-5130-patch-897dffb-libxml2 --vul_func_name xmlMemStrdupLoc__internal_alias
2025-07-25 13:22:39,875 - INFO - success CVE-2017-5130,details in libxml2-cve_logs/CVE-2017-5130.log

2025-07-25 13:22:39,875 - INFO - processing CVE-2017-5130 ( 31)
2025-07-25 13:22:39,875 - INFO - running: python main.py --mfi --cve_id CVE-2017-5130 --path_to_vul_bin /binaries/reference/libxml2/CVE-2017-5130-vuln-932cc98-libxml2 --path_to_patch_bin /binaries/reference/libxml2/CVE-2017-5130-patch-897dffb-libxml2 --vul_func_name xmlReallocLoc__internal_alias
2025-07-25 13:23:02,958 - ERROR - fail CVE-2017-5130 ,details0

2025-07-25 13:23:02,959 - INFO - processing CVE-2016-4483 ( 32)
2025-07-25 13:23:02,959 - INFO - running: python main.py --mfi --cve_id CVE-2016-4483 --path_to_vul_bin /binaries/reference/libxml2/CVE-2016-4483-vuln-886529b-libxml2 --path_to_patch_bin /binaries/reference/libxml2/CVE-2016-4483-patch-c97750d-libxml2 --vul_func_name xmlBufAttrSerializeTxtContent
2025-07-25 13:23:32,077 - ERROR - fail CVE-2016-4483 ,details0

2025-07-25 13:23:32,077 - INFO - processing CVE-2015-7499 ( 33)
2025-07-25 13:23:32,077 - INFO - running: python main.py --mfi --cve_id CVE-2015-7499 --path_to_vul_bin /binaries/reference/libxml2/CVE-2015-7499-vuln-6903071-libxml2 --path_to_patch_bin /binaries/reference/libxml2/CVE-2015-7499-patch-28cd9cb-libxml2 --vul_func_name xmlHaltParser
2025-07-25 13:23:35,453 - ERROR - fail CVE-2015-7499 ,details0

2025-07-25 13:23:35,453 - INFO - processing CVE-2015-7499 ( 34)
2025-07-25 13:23:35,453 - INFO - running: python main.py --mfi --cve_id CVE-2015-7499 --path_to_vul_bin /binaries/reference/libxml2/CVE-2015-7499-vuln-6903071-libxml2 --path_to_patch_bin /binaries/reference/libxml2/CVE-2015-7499-patch-28cd9cb-libxml2 --vul_func_name xmlStopParser__internal_alias
2025-07-25 13:23:48,718 - ERROR - fail CVE-2015-7499 ,details0

2025-07-25 13:23:48,718 - INFO - processing CVE-2020-7595 ( 35)
2025-07-25 13:23:48,718 - INFO - running: python main.py --mfi --cve_id CVE-2020-7595 --path_to_vul_bin /binaries/reference/libxml2/CVE-2020-7595-vuln-0815302-libxml2 --path_to_patch_bin /binaries/reference/libxml2/CVE-2020-7595-patch-0e1a49c-libxml2 --vul_func_name xmlStringLenDecodeEntities
2025-07-25 13:23:52,100 - ERROR - fail CVE-2020-7595 ,details0

2025-07-25 13:23:52,100 - INFO - processing CVE-2015-8241 ( 36)
2025-07-25 13:23:52,101 - INFO - running: python main.py --mfi --cve_id CVE-2015-8241 --path_to_vul_bin /binaries/reference/libxml2/CVE-2015-8241-vuln-18b8988-libxml2 --path_to_patch_bin /binaries/reference/libxml2/CVE-2015-8241-patch-ab2b9a9-libxml2 --vul_func_name xmlParseMarkupDecl__internal_alias
2025-07-25 13:24:02,005 - INFO - success CVE-2015-8241,details in libxml2-cve_logs/CVE-2015-8241.log

2025-07-25 13:24:02,005 - INFO - processing CVE-2015-7941 ( 37)
2025-07-25 13:24:02,006 - INFO - running: python main.py --mfi --cve_id CVE-2015-7941 --path_to_vul_bin /binaries/reference/libxml2/CVE-2015-7941-vuln-a7dfab7-libxml2 --path_to_patch_bin /binaries/reference/libxml2/CVE-2015-7941-patch-9b85123-libxml2 --vul_func_name xmlParseConditionalSections
2025-07-25 13:24:17,732 - INFO - success CVE-2015-7941,details in libxml2-cve_logs/CVE-2015-7941.log

2025-07-25 13:24:17,732 - INFO - processing CVE-2016-4658 ( 38)
2025-07-25 13:24:17,732 - INFO - running: python main.py --mfi --cve_id CVE-2016-4658 --path_to_vul_bin /binaries/reference/libxml2/CVE-2016-4658-vuln-3f8a910-libxml2 --path_to_patch_bin /binaries/reference/libxml2/CVE-2016-4658-patch-c1d1f71-libxml2 --vul_func_name xmlXPtrNewCollapsedRange__internal_alias
2025-07-25 13:24:24,544 - ERROR - fail CVE-2016-4658 ,details0

2025-07-25 13:24:24,544 - INFO - processing CVE-2016-4658 ( 39)
2025-07-25 13:24:24,544 - INFO - running: python main.py --mfi --cve_id CVE-2016-4658 --path_to_vul_bin /binaries/reference/libxml2/CVE-2016-4658-vuln-3f8a910-libxml2 --path_to_patch_bin /binaries/reference/libxml2/CVE-2016-4658-patch-c1d1f71-libxml2 --vul_func_name xmlXPtrNewRangeInternal
2025-07-25 13:24:27,973 - ERROR - fail CVE-2016-4658 ,details0

2025-07-25 13:24:27,973 - INFO - processing CVE-2016-4658 ( 40)
2025-07-25 13:24:27,973 - INFO - running: python main.py --mfi --cve_id CVE-2016-4658 --path_to_vul_bin /binaries/reference/libxml2/CVE-2016-4658-vuln-3f8a910-libxml2 --path_to_patch_bin /binaries/reference/libxml2/CVE-2016-4658-patch-c1d1f71-libxml2 --vul_func_name xmlXPtrNewRangeNodeObject__internal_alias
2025-07-25 13:24:39,017 - INFO - success CVE-2016-4658,details in libxml2-cve_logs/CVE-2016-4658.log

2025-07-25 13:24:39,017 - INFO - processing CVE-2016-4658 ( 41)
2025-07-25 13:24:39,017 - INFO - running: python main.py --mfi --cve_id CVE-2016-4658 --path_to_vul_bin /binaries/reference/libxml2/CVE-2016-4658-vuln-3f8a910-libxml2 --path_to_patch_bin /binaries/reference/libxml2/CVE-2016-4658-patch-c1d1f71-libxml2 --vul_func_name xmlXPtrNewRangeNodePoint__internal_alias
2025-07-25 13:24:46,047 - ERROR - fail CVE-2016-4658 ,details0

2025-07-25 13:24:46,047 - INFO - processing CVE-2016-4658 ( 42)
2025-07-25 13:24:46,047 - INFO - running: python main.py --mfi --cve_id CVE-2016-4658 --path_to_vul_bin /binaries/reference/libxml2/CVE-2016-4658-vuln-3f8a910-libxml2 --path_to_patch_bin /binaries/reference/libxml2/CVE-2016-4658-patch-c1d1f71-libxml2 --vul_func_name xmlXPtrNewRangeNodes__internal_alias
2025-07-25 13:24:52,876 - ERROR - fail CVE-2016-4658 ,details0

2025-07-25 13:24:52,877 - INFO - processing CVE-2016-4658 ( 43)
2025-07-25 13:24:52,877 - INFO - running: python main.py --mfi --cve_id CVE-2016-4658 --path_to_vul_bin /binaries/reference/libxml2/CVE-2016-4658-vuln-3f8a910-libxml2 --path_to_patch_bin /binaries/reference/libxml2/CVE-2016-4658-patch-c1d1f71-libxml2 --vul_func_name xmlXPtrNewRangePointNode__internal_alias
2025-07-25 13:24:59,819 - ERROR - fail CVE-2016-4658 ,details0

2025-07-25 13:24:59,819 - INFO - processing CVE-2016-4658 ( 44)
2025-07-25 13:24:59,819 - INFO - running: python main.py --mfi --cve_id CVE-2016-4658 --path_to_vul_bin /binaries/reference/libxml2/CVE-2016-4658-vuln-3f8a910-libxml2 --path_to_patch_bin /binaries/reference/libxml2/CVE-2016-4658-patch-c1d1f71-libxml2 --vul_func_name xmlXPtrNewRangePoints
2025-07-25 13:25:03,211 - ERROR - fail CVE-2016-4658 ,details0

2025-07-25 13:25:03,211 - INFO - processing CVE-2016-4658 ( 45)
2025-07-25 13:25:03,212 - INFO - running: python main.py --mfi --cve_id CVE-2016-4658 --path_to_vul_bin /binaries/reference/libxml2/CVE-2016-4658-vuln-3f8a910-libxml2 --path_to_patch_bin /binaries/reference/libxml2/CVE-2016-4658-patch-c1d1f71-libxml2 --vul_func_name xmlXPtrNewRange__internal_alias
2025-07-25 13:25:10,141 - ERROR - fail CVE-2016-4658 ,details0

2025-07-25 13:25:10,142 - INFO - processing CVE-2015-7500 ( 46)
2025-07-25 13:25:10,142 - INFO - running: python main.py --mfi --cve_id CVE-2015-7500 --path_to_vul_bin /binaries/reference/libxml2/CVE-2015-7500-vuln-fdfeecc-libxml2 --path_to_patch_bin /binaries/reference/libxml2/CVE-2015-7500-patch-f1063fd-libxml2 --vul_func_name xmlParseStartTag2
2025-07-25 13:29:18,083 - INFO - success CVE-2015-7500,details in libxml2-cve_logs/CVE-2015-7500.log

2025-07-25 13:29:18,083 - INFO - processing CVE-2016-1834 ( 47)
2025-07-25 13:29:18,083 - INFO - running: python main.py --mfi --cve_id CVE-2016-1834 --path_to_vul_bin /binaries/reference/libxml2/CVE-2016-1834-vuln-8f30bdf-libxml2 --path_to_patch_bin /binaries/reference/libxml2/CVE-2016-1834-patch-8fbbf55-libxml2 --vul_func_name xmlStrncatNew__internal_alias
2025-07-25 13:29:46,930 - ERROR - fail CVE-2016-1834 ,details0

2025-07-25 13:29:46,931 - INFO - processing CVE-2016-1834 ( 48)
2025-07-25 13:29:46,932 - INFO - running: python main.py --mfi --cve_id CVE-2016-1834 --path_to_vul_bin /binaries/reference/libxml2/CVE-2016-1834-vuln-8f30bdf-libxml2 --path_to_patch_bin /binaries/reference/libxml2/CVE-2016-1834-patch-8fbbf55-libxml2 --vul_func_name xmlStrncat__internal_alias
2025-07-25 13:30:06,206 - ERROR - fail CVE-2016-1834 ,details0

2025-07-25 13:30:06,207 - INFO - processing CVE-2013-0339 ( 49)
2025-07-25 13:30:06,207 - INFO - running: python main.py --mfi --cve_id CVE-2013-0339 --path_to_vul_bin /binaries/reference/libxml2/CVE-2013-0339-vuln-baaf03f-libxml2 --path_to_patch_bin /binaries/reference/libxml2/CVE-2013-0339-patch-4629ee0-libxml2 --vul_func_name xmlParseReference__internal_alias
2025-07-25 13:30:58,406 - ERROR - fail CVE-2013-0339 ,details0

2025-07-25 13:30:58,406 - INFO - processing CVE-2016-1838 ( 50)
2025-07-25 13:30:58,406 - INFO - running: python main.py --mfi --cve_id CVE-2016-1838 --path_to_vul_bin /binaries/reference/libxml2/CVE-2016-1838-vuln-cbb2716-libxml2 --path_to_patch_bin /binaries/reference/libxml2/CVE-2016-1838-patch-db07dd6-libxml2 --vul_func_name xmlParseEndTag2
2025-07-25 13:31:59,850 - ERROR - fail CVE-2016-1838 ,details0

2025-07-25 13:31:59,850 - INFO - processing CVE-2017-7375 ( 51)
2025-07-25 13:31:59,850 - INFO - running: python main.py --mfi --cve_id CVE-2017-7375 --path_to_vul_bin /binaries/reference/libxml2/CVE-2017-7375-vuln-5dca9ee-libxml2 --path_to_patch_bin /binaries/reference/libxml2/CVE-2017-7375-patch-90ccb58-libxml2 --vul_func_name xmlParsePEReference__internal_alias
2025-07-25 13:32:43,073 - ERROR - fail CVE-2017-7375 ,details0

2025-07-25 13:32:43,074 - INFO - processing CVE-2022-40304 ( 52)
2025-07-25 13:32:43,074 - INFO - running: python main.py --mfi --cve_id CVE-2022-40304 --path_to_vul_bin /binaries/reference/libxml2/CVE-2022-40304-vuln-c846986-libxml2 --path_to_patch_bin /binaries/reference/libxml2/CVE-2022-40304-patch-1b41ec4-libxml2 --vul_func_name xmlCreateEntity
2025-07-25 13:32:56,307 - ERROR - fail CVE-2022-40304 ,details0

2025-07-25 13:32:56,307 - INFO - processing CVE-2022-40304 ( 53)
2025-07-25 13:32:56,307 - INFO - running: python main.py --mfi --cve_id CVE-2022-40304 --path_to_vul_bin /binaries/reference/libxml2/CVE-2022-40304-vuln-c846986-libxml2 --path_to_patch_bin /binaries/reference/libxml2/CVE-2022-40304-patch-1b41ec4-libxml2 --vul_func_name xmlFreeEntity
2025-07-25 13:32:59,672 - ERROR - fail CVE-2022-40304 ,details0

2025-07-25 13:32:59,672 - INFO - processing CVE-2015-7498 ( 54)
2025-07-25 13:32:59,672 - INFO - running: python main.py --mfi --cve_id CVE-2015-7498 --path_to_vul_bin /binaries/reference/libxml2/CVE-2015-7498-vuln-ab2b9a9-libxml2 --path_to_patch_bin /binaries/reference/libxml2/CVE-2015-7498-patch-afd27c2-libxml2 --vul_func_name xmlParseDocument__internal_alias
2025-07-25 13:33:25,502 - ERROR - fail CVE-2015-7498 ,details0

2025-07-25 13:33:25,502 - INFO - processing CVE-2015-7498 ( 55)
2025-07-25 13:33:25,502 - INFO - running: python main.py --mfi --cve_id CVE-2015-7498 --path_to_vul_bin /binaries/reference/libxml2/CVE-2015-7498-vuln-ab2b9a9-libxml2 --path_to_patch_bin /binaries/reference/libxml2/CVE-2015-7498-patch-afd27c2-libxml2 --vul_func_name xmlParseXMLDecl__internal_alias
2025-07-25 13:33:54,890 - INFO - success CVE-2015-7498,details in libxml2-cve_logs/CVE-2015-7498.log

2025-07-25 13:33:54,890 - INFO - processing CVE-2015-7498 ( 56)
2025-07-25 13:33:54,890 - INFO - running: python main.py --mfi --cve_id CVE-2015-7498 --path_to_vul_bin /binaries/reference/libxml2/CVE-2015-7498-vuln-ab2b9a9-libxml2 --path_to_patch_bin /binaries/reference/libxml2/CVE-2015-7498-patch-afd27c2-libxml2 --vul_func_name xmlSwitchEncoding__internal_alias
2025-07-25 13:34:02,437 - INFO - success CVE-2015-7498,details in libxml2-cve_logs/CVE-2015-7498.log

2025-07-25 13:34:02,437 - INFO - processing CVE-2016-1762 ( 57)
2025-07-25 13:34:02,437 - INFO - running: python main.py --mfi --cve_id CVE-2016-1762 --path_to_vul_bin /binaries/reference/libxml2/CVE-2016-1762-vuln-6657afe-libxml2 --path_to_patch_bin /binaries/reference/libxml2/CVE-2016-1762-patch-a7a9461-libxml2 --vul_func_name xmlParseInternalSubset
2025-07-25 13:34:11,776 - INFO - success CVE-2016-1762,details in libxml2-cve_logs/CVE-2016-1762.log

2025-07-25 13:34:11,777 - INFO - processing CVE-2017-16931 ( 58)
2025-07-25 13:34:11,777 - INFO - running: python main.py --mfi --cve_id CVE-2017-16931 --path_to_vul_bin /binaries/reference/libxml2/CVE-2017-16931-vuln-7482f41-libxml2 --path_to_patch_bin /binaries/reference/libxml2/CVE-2017-16931-patch-e266305-libxml2 --vul_func_name xmlParseNameComplex
2025-07-25 13:34:33,391 - INFO - success CVE-2017-16931,details in libxml2-cve_logs/CVE-2017-16931.log

2025-07-25 13:34:33,392 - INFO - processing CVE-2018-14404 ( 59)
2025-07-25 13:34:33,392 - INFO - running: python main.py --mfi --cve_id CVE-2018-14404 --path_to_vul_bin /binaries/reference/libxml2/CVE-2018-14404-vuln-b7c50b8-libxml2 --path_to_patch_bin /binaries/reference/libxml2/CVE-2018-14404-patch-a436374-libxml2 --vul_func_name xmlXPathCompOpEval
2025-07-25 13:34:52,833 - ERROR - fail CVE-2018-14404 ,details0

2025-07-25 13:34:52,834 - INFO - processing CVE-2015-8710 ( 60)
2025-07-25 13:34:52,834 - INFO - running: python main.py --mfi --cve_id CVE-2015-8710 --path_to_vul_bin /binaries/reference/libxml2/CVE-2015-8710-vuln-41ac904-libxml2 --path_to_patch_bin /binaries/reference/libxml2/CVE-2015-8710-patch-e724879-libxml2 --vul_func_name htmlParseComment
2025-07-25 13:48:09,525 - ERROR - fail CVE-2015-8710 ,details0

2025-07-25 13:48:09,525 - INFO - processing CVE-2022-29824 ( 61)
2025-07-25 13:48:09,525 - INFO - running: python main.py --mfi --cve_id CVE-2022-29824 --path_to_vul_bin /binaries/reference/libxml2/CVE-2022-29824-vuln-f687f3e-libxml2 --path_to_patch_bin /binaries/reference/libxml2/CVE-2022-29824-patch-2554a24-libxml2 --vul_func_name xmlBufAdd
2025-07-25 13:48:17,072 - ERROR - fail CVE-2022-29824 ,details1

2025-07-25 13:48:17,072 - INFO - processing CVE-2022-29824 ( 62)
2025-07-25 13:48:17,072 - INFO - running: python main.py --mfi --cve_id CVE-2022-29824 --path_to_vul_bin /binaries/reference/libxml2/CVE-2022-29824-vuln-f687f3e-libxml2 --path_to_patch_bin /binaries/reference/libxml2/CVE-2022-29824-patch-2554a24-libxml2 --vul_func_name xmlBufCCat
2025-07-25 13:48:23,240 - ERROR - fail CVE-2022-29824 ,details0

2025-07-25 13:48:23,241 - INFO - processing CVE-2022-29824 ( 63)
2025-07-25 13:48:23,241 - INFO - running: python main.py --mfi --cve_id CVE-2022-29824 --path_to_vul_bin /binaries/reference/libxml2/CVE-2022-29824-vuln-f687f3e-libxml2 --path_to_patch_bin /binaries/reference/libxml2/CVE-2022-29824-patch-2554a24-libxml2 --vul_func_name xmlBufCreateSize
2025-07-25 13:48:31,110 - INFO - success CVE-2022-29824,details in libxml2-cve_logs/CVE-2022-29824.log

2025-07-25 13:48:31,110 - INFO - processing CVE-2022-29824 ( 64)
2025-07-25 13:48:31,110 - INFO - running: python main.py --mfi --cve_id CVE-2022-29824 --path_to_vul_bin /binaries/reference/libxml2/CVE-2022-29824-vuln-f687f3e-libxml2 --path_to_patch_bin /binaries/reference/libxml2/CVE-2022-29824-patch-2554a24-libxml2 --vul_func_name xmlBufGrowInternal
2025-07-25 13:48:34,547 - ERROR - fail CVE-2022-29824 ,details0

2025-07-25 13:48:34,547 - INFO - processing CVE-2022-29824 ( 65)
2025-07-25 13:48:34,547 - INFO - running: python main.py --mfi --cve_id CVE-2022-29824 --path_to_vul_bin /binaries/reference/libxml2/CVE-2022-29824-vuln-f687f3e-libxml2 --path_to_patch_bin /binaries/reference/libxml2/CVE-2022-29824-patch-2554a24-libxml2 --vul_func_name xmlBufResize
2025-07-25 13:48:42,164 - ERROR - fail CVE-2022-29824 ,details1

2025-07-25 13:48:42,164 - INFO - processing CVE-2022-29824 ( 66)
2025-07-25 13:48:42,164 - INFO - running: python main.py --mfi --cve_id CVE-2022-29824 --path_to_vul_bin /binaries/reference/libxml2/CVE-2022-29824-vuln-f687f3e-libxml2 --path_to_patch_bin /binaries/reference/libxml2/CVE-2022-29824-patch-2554a24-libxml2 --vul_func_name xmlBufferCCat__internal_alias
2025-07-25 13:48:49,663 - ERROR - fail CVE-2022-29824 ,details1

2025-07-25 13:48:49,663 - INFO - processing CVE-2022-29824 ( 67)
2025-07-25 13:48:49,663 - INFO - running: python main.py --mfi --cve_id CVE-2022-29824 --path_to_vul_bin /binaries/reference/libxml2/CVE-2022-29824-vuln-f687f3e-libxml2 --path_to_patch_bin /binaries/reference/libxml2/CVE-2022-29824-patch-2554a24-libxml2 --vul_func_name xmlBufferCreateSize__internal_alias
2025-07-25 13:48:57,680 - INFO - success CVE-2022-29824,details in libxml2-cve_logs/CVE-2022-29824.log

2025-07-25 13:48:57,680 - INFO - processing CVE-2022-29824 ( 68)
2025-07-25 13:48:57,680 - INFO - running: python main.py --mfi --cve_id CVE-2022-29824 --path_to_vul_bin /binaries/reference/libxml2/CVE-2022-29824-vuln-f687f3e-libxml2 --path_to_patch_bin /binaries/reference/libxml2/CVE-2022-29824-patch-2554a24-libxml2 --vul_func_name xmlBufferCreateStatic__internal_alias
2025-07-25 13:49:04,749 - ERROR - fail CVE-2022-29824 ,details1

2025-07-25 13:49:04,749 - INFO - processing CVE-2022-29824 ( 69)
2025-07-25 13:49:04,749 - INFO - running: python main.py --mfi --cve_id CVE-2022-29824 --path_to_vul_bin /binaries/reference/libxml2/CVE-2022-29824-vuln-f687f3e-libxml2 --path_to_patch_bin /binaries/reference/libxml2/CVE-2022-29824-patch-2554a24-libxml2 --vul_func_name xmlBufferGrow__internal_alias
2025-07-25 13:49:12,075 - ERROR - fail CVE-2022-29824 ,details1

2025-07-25 13:49:12,075 - INFO - processing CVE-2022-29824 ( 70)
2025-07-25 13:49:12,075 - INFO - running: python main.py --mfi --cve_id CVE-2022-29824 --path_to_vul_bin /binaries/reference/libxml2/CVE-2022-29824-vuln-f687f3e-libxml2 --path_to_patch_bin /binaries/reference/libxml2/CVE-2022-29824-patch-2554a24-libxml2 --vul_func_name xmlBufferResize__internal_alias
2025-07-25 13:49:15,167 - ERROR - fail CVE-2022-29824 ,details0

2025-07-25 13:49:15,167 - INFO - processing CVE-2022-40303 ( 71)
2025-07-25 13:49:15,167 - INFO - running: python main.py --mfi --cve_id CVE-2022-40303 --path_to_vul_bin /binaries/reference/libxml2/CVE-2022-40303-vuln-8d908c6-libxml2 --path_to_patch_bin /binaries/reference/libxml2/CVE-2022-40303-patch-c846986-libxml2 --vul_func_name xmlFatalErr
2025-07-25 13:49:18,537 - ERROR - fail CVE-2022-40303 ,details0

2025-07-25 13:49:18,537 - INFO - processing CVE-2022-40303 ( 72)
2025-07-25 13:49:18,537 - INFO - running: python main.py --mfi --cve_id CVE-2022-40303 --path_to_vul_bin /binaries/reference/libxml2/CVE-2022-40303-vuln-8d908c6-libxml2 --path_to_patch_bin /binaries/reference/libxml2/CVE-2022-40303-patch-c846986-libxml2 --vul_func_name xmlParseAttValueComplex
2025-07-25 13:49:40,859 - INFO - success CVE-2022-40303,details in libxml2-cve_logs/CVE-2022-40303.log

2025-07-25 13:49:40,859 - INFO - processing CVE-2022-40303 ( 73)
2025-07-25 13:49:40,859 - INFO - running: python main.py --mfi --cve_id CVE-2022-40303 --path_to_vul_bin /binaries/reference/libxml2/CVE-2022-40303-vuln-8d908c6-libxml2 --path_to_patch_bin /binaries/reference/libxml2/CVE-2022-40303-patch-c846986-libxml2 --vul_func_name xmlParseAttValueInternal
2025-07-25 13:50:05,845 - INFO - success CVE-2022-40303,details in libxml2-cve_logs/CVE-2022-40303.log

2025-07-25 13:50:05,845 - INFO - processing CVE-2022-40303 ( 74)
2025-07-25 13:50:05,845 - INFO - running: python main.py --mfi --cve_id CVE-2022-40303 --path_to_vul_bin /binaries/reference/libxml2/CVE-2022-40303-vuln-8d908c6-libxml2 --path_to_patch_bin /binaries/reference/libxml2/CVE-2022-40303-patch-c846986-libxml2 --vul_func_name xmlParseCDSect
2025-07-25 13:50:15,205 - INFO - success CVE-2022-40303,details in libxml2-cve_logs/CVE-2022-40303.log

2025-07-25 13:50:15,206 - INFO - processing CVE-2022-40303 ( 75)
2025-07-25 13:50:15,206 - INFO - running: python main.py --mfi --cve_id CVE-2022-40303 --path_to_vul_bin /binaries/reference/libxml2/CVE-2022-40303-vuln-8d908c6-libxml2 --path_to_patch_bin /binaries/reference/libxml2/CVE-2022-40303-patch-c846986-libxml2 --vul_func_name xmlParseComment
2025-07-25 13:50:24,589 - INFO - success CVE-2022-40303,details in libxml2-cve_logs/CVE-2022-40303.log

2025-07-25 13:50:24,589 - INFO - processing CVE-2022-40303 ( 76)
2025-07-25 13:50:24,589 - INFO - running: python main.py --mfi --cve_id CVE-2022-40303 --path_to_vul_bin /binaries/reference/libxml2/CVE-2022-40303-vuln-8d908c6-libxml2 --path_to_patch_bin /binaries/reference/libxml2/CVE-2022-40303-patch-c846986-libxml2 --vul_func_name xmlParseCommentComplex
2025-07-25 13:50:36,417 - INFO - success CVE-2022-40303,details in libxml2-cve_logs/CVE-2022-40303.log

2025-07-25 13:50:36,417 - INFO - processing CVE-2022-40303 ( 77)
2025-07-25 13:50:36,418 - INFO - running: python main.py --mfi --cve_id CVE-2022-40303 --path_to_vul_bin /binaries/reference/libxml2/CVE-2022-40303-vuln-8d908c6-libxml2 --path_to_patch_bin /binaries/reference/libxml2/CVE-2022-40303-patch-c846986-libxml2 --vul_func_name xmlParseEntityValue
2025-07-25 13:50:55,906 - INFO - success CVE-2022-40303,details in libxml2-cve_logs/CVE-2022-40303.log

2025-07-25 13:50:55,906 - INFO - processing CVE-2022-40303 ( 78)
2025-07-25 13:50:55,906 - INFO - running: python main.py --mfi --cve_id CVE-2022-40303 --path_to_vul_bin /binaries/reference/libxml2/CVE-2022-40303-vuln-8d908c6-libxml2 --path_to_patch_bin /binaries/reference/libxml2/CVE-2022-40303-patch-c846986-libxml2 --vul_func_name xmlParseNCName
2025-07-25 13:51:08,748 - INFO - success CVE-2022-40303,details in libxml2-cve_logs/CVE-2022-40303.log

2025-07-25 13:51:08,748 - INFO - processing CVE-2022-40303 ( 79)
2025-07-25 13:51:08,748 - INFO - running: python main.py --mfi --cve_id CVE-2022-40303 --path_to_vul_bin /binaries/reference/libxml2/CVE-2022-40303-vuln-8d908c6-libxml2 --path_to_patch_bin /binaries/reference/libxml2/CVE-2022-40303-patch-c846986-libxml2 --vul_func_name xmlParseNCNameComplex
2025-07-25 13:51:20,347 - INFO - success CVE-2022-40303,details in libxml2-cve_logs/CVE-2022-40303.log

2025-07-25 13:51:20,347 - INFO - processing CVE-2022-40303 ( 80)
2025-07-25 13:51:20,347 - INFO - running: python main.py --mfi --cve_id CVE-2022-40303 --path_to_vul_bin /binaries/reference/libxml2/CVE-2022-40303-vuln-8d908c6-libxml2 --path_to_patch_bin /binaries/reference/libxml2/CVE-2022-40303-patch-c846986-libxml2 --vul_func_name xmlParseName
2025-07-25 13:51:36,868 - INFO - success CVE-2022-40303,details in libxml2-cve_logs/CVE-2022-40303.log

2025-07-25 13:51:36,868 - INFO - processing CVE-2022-40303 ( 81)
2025-07-25 13:51:36,868 - INFO - running: python main.py --mfi --cve_id CVE-2022-40303 --path_to_vul_bin /binaries/reference/libxml2/CVE-2022-40303-vuln-8d908c6-libxml2 --path_to_patch_bin /binaries/reference/libxml2/CVE-2022-40303-patch-c846986-libxml2 --vul_func_name xmlParseNameComplex
2025-07-25 13:51:47,654 - INFO - success CVE-2022-40303,details in libxml2-cve_logs/CVE-2022-40303.log

2025-07-25 13:51:47,654 - INFO - processing CVE-2022-40303 ( 82)
2025-07-25 13:51:47,654 - INFO - running: python main.py --mfi --cve_id CVE-2022-40303 --path_to_vul_bin /binaries/reference/libxml2/CVE-2022-40303-vuln-8d908c6-libxml2 --path_to_patch_bin /binaries/reference/libxml2/CVE-2022-40303-patch-c846986-libxml2 --vul_func_name xmlParseNmtoken
2025-07-25 13:51:59,434 - INFO - success CVE-2022-40303,details in libxml2-cve_logs/CVE-2022-40303.log

2025-07-25 13:51:59,435 - INFO - processing CVE-2022-40303 ( 83)
2025-07-25 13:51:59,435 - INFO - running: python main.py --mfi --cve_id CVE-2022-40303 --path_to_vul_bin /binaries/reference/libxml2/CVE-2022-40303-vuln-8d908c6-libxml2 --path_to_patch_bin /binaries/reference/libxml2/CVE-2022-40303-patch-c846986-libxml2 --vul_func_name xmlParsePI
2025-07-25 13:52:08,768 - INFO - success CVE-2022-40303,details in libxml2-cve_logs/CVE-2022-40303.log

2025-07-25 13:52:08,768 - INFO - processing CVE-2022-40303 ( 84)
2025-07-25 13:52:08,769 - INFO - running: python main.py --mfi --cve_id CVE-2022-40303 --path_to_vul_bin /binaries/reference/libxml2/CVE-2022-40303-vuln-8d908c6-libxml2 --path_to_patch_bin /binaries/reference/libxml2/CVE-2022-40303-patch-c846986-libxml2 --vul_func_name xmlParsePubidLiteral
2025-07-25 13:52:28,138 - INFO - success CVE-2022-40303,details in libxml2-cve_logs/CVE-2022-40303.log

2025-07-25 13:52:28,138 - INFO - processing CVE-2022-40303 ( 85)
2025-07-25 13:52:28,138 - INFO - running: python main.py --mfi --cve_id CVE-2022-40303 --path_to_vul_bin /binaries/reference/libxml2/CVE-2022-40303-vuln-8d908c6-libxml2 --path_to_patch_bin /binaries/reference/libxml2/CVE-2022-40303-patch-c846986-libxml2 --vul_func_name xmlParseStringName
2025-07-25 13:52:41,029 - INFO - success CVE-2022-40303,details in libxml2-cve_logs/CVE-2022-40303.log

2025-07-25 13:52:41,030 - INFO - processing CVE-2022-40303 ( 86)
2025-07-25 13:52:41,030 - INFO - running: python main.py --mfi --cve_id CVE-2022-40303 --path_to_vul_bin /binaries/reference/libxml2/CVE-2022-40303-vuln-8d908c6-libxml2 --path_to_patch_bin /binaries/reference/libxml2/CVE-2022-40303-patch-c846986-libxml2 --vul_func_name xmlParseSystemLiteral
2025-07-25 13:53:00,216 - INFO - success CVE-2022-40303,details in libxml2-cve_logs/CVE-2022-40303.log