2025-08-17 14:17:25,126 - INFO - processing CVE-2016-7163 ( 1)
2025-08-17 14:17:25,126 - INFO - running: python main.py --mfi --cve_id CVE-2016-7163 --path_to_vul_bin /binaries/reference/openjpeg/CVE-2016-7163-vuln-ea320dab8bc4-openjpeg --path_to_patch_bin /binaries/reference/openjpeg/CVE-2016-7163-patch-c16bc057ba3f-openjpeg --vul_func_name opj_pi_create_decode
2025-08-17 14:18:06,824 - ERROR - fail CVE-2016-7163 ,details0

2025-08-17 14:18:06,825 - INFO - processing CVE-2017-14152 ( 2)
2025-08-17 14:18:06,825 - INFO - running: python main.py --mfi --cve_id CVE-2017-14152 --path_to_vul_bin /binaries/reference/openjpeg/CVE-2017-14152-vuln-52d5690a6fcb-openjpeg --path_to_patch_bin /binaries/reference/openjpeg/CVE-2017-14152-patch-4241ae6fbbf1-openjpeg --vul_func_name opj_j2k_set_cinema_parameters
2025-08-17 14:18:32,700 - INFO - success CVE-2017-14152,details in openjpeg-cve_logs/CVE-2017-14152.log

2025-08-17 14:18:32,700 - INFO - processing CVE-2017-14039 ( 3)
2025-08-17 14:18:32,701 - INFO - running: python main.py --mfi --cve_id CVE-2017-14039 --path_to_vul_bin /binaries/reference/openjpeg/CVE-2017-14039-vuln-dcac91b8c72f-openjpeg --path_to_patch_bin /binaries/reference/openjpeg/CVE-2017-14039-patch-c535531f0336-openjpeg --vul_func_name opj_j2k_write_sod
2025-08-17 14:18:54,322 - ERROR - fail CVE-2017-14039 ,details0

2025-08-17 14:18:54,323 - INFO - processing CVE-2017-14039 ( 4)
2025-08-17 14:18:54,323 - INFO - running: python main.py --mfi --cve_id CVE-2017-14039 --path_to_vul_bin /binaries/reference/openjpeg/CVE-2017-14039-vuln-dcac91b8c72f-openjpeg --path_to_patch_bin /binaries/reference/openjpeg/CVE-2017-14039-patch-c535531f0336-openjpeg --vul_func_name opj_j2k_write_sot
2025-08-17 14:19:01,451 - ERROR - fail CVE-2017-14039 ,details0

2025-08-17 14:19:01,452 - INFO - processing CVE-2017-14039 ( 5)
2025-08-17 14:19:01,452 - INFO - running: python main.py --mfi --cve_id CVE-2017-14039 --path_to_vul_bin /binaries/reference/openjpeg/CVE-2017-14039-vuln-dcac91b8c72f-openjpeg --path_to_patch_bin /binaries/reference/openjpeg/CVE-2017-14039-patch-c535531f0336-openjpeg --vul_func_name opj_t2_encode_packet
2025-08-17 14:19:28,391 - ERROR - fail CVE-2017-14039 ,details0

2025-08-17 14:19:28,392 - INFO - processing CVE-2016-4797 ( 6)
2025-08-17 14:19:28,393 - INFO - running: python main.py --mfi --cve_id CVE-2016-4797 --path_to_vul_bin /binaries/reference/openjpeg/CVE-2016-4797-vuln-44a499f2acf1-openjpeg --path_to_patch_bin /binaries/reference/openjpeg/CVE-2016-4797-patch-8f9cc62b3f9a-openjpeg --vul_func_name opj_tcd_init_tile
2025-08-17 14:20:21,657 - ERROR - fail CVE-2016-4797 ,details0

2025-08-17 14:20:21,658 - INFO - processing CVE-2017-14151 ( 7)
2025-08-17 14:20:21,658 - INFO - running: python main.py --mfi --cve_id CVE-2017-14151 --path_to_vul_bin /binaries/reference/openjpeg/CVE-2017-14151-vuln-0b4c3ce75d11-openjpeg --path_to_patch_bin /binaries/reference/openjpeg/CVE-2017-14151-patch-afb308b9ccbe-openjpeg --vul_func_name opj_tcd_code_block_enc_allocate_data
2025-08-17 14:20:29,299 - ERROR - fail CVE-2017-14151 ,details0

2025-08-17 14:20:29,300 - INFO - processing CVE-2018-20847 ( 8)
2025-08-17 14:20:29,300 - INFO - running: python main.py --mfi --cve_id CVE-2018-20847 --path_to_vul_bin /binaries/reference/openjpeg/CVE-2018-20847-vuln-42132ed6b561-openjpeg --path_to_patch_bin /binaries/reference/openjpeg/CVE-2018-20847-patch-5d00b719f4b9-openjpeg --vul_func_name opj_get_all_encoding_parameters
2025-08-17 14:20:45,955 - ERROR - fail CVE-2018-20847 ,details0

2025-08-17 14:20:45,956 - INFO - processing CVE-2018-20847 ( 9)
2025-08-17 14:20:45,957 - INFO - running: python main.py --mfi --cve_id CVE-2018-20847 --path_to_vul_bin /binaries/reference/openjpeg/CVE-2018-20847-vuln-42132ed6b561-openjpeg --path_to_patch_bin /binaries/reference/openjpeg/CVE-2018-20847-patch-5d00b719f4b9-openjpeg --vul_func_name opj_tcd_init_tile
2025-08-17 14:20:57,575 - ERROR - fail CVE-2018-20847 ,details0

2025-08-17 14:20:57,576 - INFO - processing CVE-2017-14164 ( 10)
2025-08-17 14:20:57,577 - INFO - running: python main.py --mfi --cve_id CVE-2017-14164 --path_to_vul_bin /binaries/reference/openjpeg/CVE-2017-14164-vuln-af760007711b-openjpeg --path_to_patch_bin /binaries/reference/openjpeg/CVE-2017-14164-patch-dcac91b8c72f-openjpeg --vul_func_name opj_j2k_write_all_tile_parts
2025-08-17 14:21:31,012 - INFO - success CVE-2017-14164,details in openjpeg-cve_logs/CVE-2017-14164.log

2025-08-17 14:21:31,013 - INFO - processing CVE-2017-14164 ( 11)
2025-08-17 14:21:31,013 - INFO - running: python main.py --mfi --cve_id CVE-2017-14164 --path_to_vul_bin /binaries/reference/openjpeg/CVE-2017-14164-vuln-af760007711b-openjpeg --path_to_patch_bin /binaries/reference/openjpeg/CVE-2017-14164-patch-dcac91b8c72f-openjpeg --vul_func_name opj_j2k_write_first_tile_part
2025-08-17 14:21:42,667 - ERROR - fail CVE-2017-14164 ,details0

2025-08-17 14:21:42,669 - INFO - processing CVE-2017-14164 ( 12)
2025-08-17 14:21:42,669 - INFO - running: python main.py --mfi --cve_id CVE-2017-14164 --path_to_vul_bin /binaries/reference/openjpeg/CVE-2017-14164-vuln-af760007711b-openjpeg --path_to_patch_bin /binaries/reference/openjpeg/CVE-2017-14164-patch-dcac91b8c72f-openjpeg --vul_func_name opj_j2k_write_sot
2025-08-17 14:22:00,861 - ERROR - fail CVE-2017-14164 ,details0

2025-08-17 14:22:00,862 - INFO - processing CVE-2017-14164 ( 13)
2025-08-17 14:22:00,862 - INFO - running: python main.py --mfi --cve_id CVE-2017-14164 --path_to_vul_bin /binaries/reference/openjpeg/CVE-2017-14164-vuln-af760007711b-openjpeg --path_to_patch_bin /binaries/reference/openjpeg/CVE-2017-14164-patch-dcac91b8c72f-openjpeg --vul_func_name opj_j2k_write_tlm
2025-08-17 14:22:07,854 - ERROR - fail CVE-2017-14164 ,details0

2025-08-17 14:22:07,855 - INFO - processing CVE-2016-10506 ( 14)
2025-08-17 14:22:07,856 - INFO - running: python main.py --mfi --cve_id CVE-2016-10506 --path_to_vul_bin /binaries/reference/openjpeg/CVE-2016-10506-vuln-39e962a0ca5e-openjpeg --path_to_patch_bin /binaries/reference/openjpeg/CVE-2016-10506-patch-d27ccf01c68a-openjpeg --vul_func_name opj_pi_next_cprl
2025-08-17 14:23:18,482 - INFO - success CVE-2016-10506,details in openjpeg-cve_logs/CVE-2016-10506.log

2025-08-17 14:23:18,483 - INFO - processing CVE-2016-10506 ( 15)
2025-08-17 14:23:18,484 - INFO - running: python main.py --mfi --cve_id CVE-2016-10506 --path_to_vul_bin /binaries/reference/openjpeg/CVE-2016-10506-vuln-39e962a0ca5e-openjpeg --path_to_patch_bin /binaries/reference/openjpeg/CVE-2016-10506-patch-d27ccf01c68a-openjpeg --vul_func_name opj_pi_next_pcrl
2025-08-17 14:23:43,333 - ERROR - fail CVE-2016-10506 ,details0

2025-08-17 14:23:43,334 - INFO - processing CVE-2016-10506 ( 16)
2025-08-17 14:23:43,335 - INFO - running: python main.py --mfi --cve_id CVE-2016-10506 --path_to_vul_bin /binaries/reference/openjpeg/CVE-2016-10506-vuln-39e962a0ca5e-openjpeg --path_to_patch_bin /binaries/reference/openjpeg/CVE-2016-10506-patch-d27ccf01c68a-openjpeg --vul_func_name opj_pi_next_rpcl
2025-08-17 14:24:11,429 - ERROR - fail CVE-2016-10506 ,details0

2025-08-17 14:24:11,430 - INFO - processing CVE-2015-8871 ( 17)
2025-08-17 14:24:11,431 - INFO - running: python main.py --mfi --cve_id CVE-2015-8871 --path_to_vul_bin /binaries/reference/openjpeg/CVE-2015-8871-vuln-c31fb68ccc0e-openjpeg --path_to_patch_bin /binaries/reference/openjpeg/CVE-2015-8871-patch-940100c28ae2-openjpeg --vul_func_name opj_j2k_write_mco
2025-08-17 14:24:44,823 - ERROR - fail CVE-2015-8871 ,details0

2025-08-17 14:24:44,824 - INFO - processing CVE-2016-10504 ( 18)
2025-08-17 14:24:44,825 - INFO - running: python main.py --mfi --cve_id CVE-2016-10504 --path_to_vul_bin /binaries/reference/openjpeg/CVE-2016-10504-vuln-11445eddad7e-openjpeg --path_to_patch_bin /binaries/reference/openjpeg/CVE-2016-10504-patch-397f62c0a838-openjpeg --vul_func_name opj_tcd_code_block_enc_allocate_data
2025-08-17 14:25:03,498 - INFO - success CVE-2016-10504,details in openjpeg-cve_logs/CVE-2016-10504.log

