2025-08-15 10:23:50,314 - INFO - processing CVE-2017-13687 ( 1)
2025-08-15 10:23:50,315 - INFO - running: python main.py --mfi --cve_id CVE-2017-13687 --path_to_vul_bin /binaries/reference/tcpdump/CVE-2017-13687-vuln-071190f7a96d-tcpdump --path_to_patch_bin /binaries/reference/tcpdump/CVE-2017-13687-patch-a1eefe986065-tcpdump --vul_func_name chdlc_print
2025-08-15 10:24:15,165 - INFO - success CVE-2017-13687,details in tcpdump-cve_logs/CVE-2017-13687.log

2025-08-15 10:24:15,165 - INFO - processing CVE-2017-12997 ( 2)
2025-08-15 10:24:15,165 - INFO - running: python main.py --mfi --cve_id CVE-2017-12997 --path_to_vul_bin /binaries/reference/tcpdump/CVE-2017-12997-vuln-979dcefd7b25-tcpdump --path_to_patch_bin /binaries/reference/tcpdump/CVE-2017-12997-patch-34cec721d39c-tcpdump --vul_func_name lldp_private_8021_print
2025-08-15 10:34:27,802 - ERROR - fail CVE-2017-12997 ,details0

2025-08-15 10:34:27,803 - INFO - processing CVE-2017-12894 ( 3)
2025-08-15 10:34:27,803 - INFO - running: python main.py --mfi --cve_id CVE-2017-12894 --path_to_vul_bin /binaries/reference/tcpdump/CVE-2017-12894-vuln-6f5ba2b651cd-tcpdump --path_to_patch_bin /binaries/reference/tcpdump/CVE-2017-12894-patch-730fc35968c5-tcpdump --vul_func_name le64addr_string
2025-08-15 10:34:36,071 - ERROR - fail CVE-2017-12894 ,details0

2025-08-15 10:34:36,072 - INFO - processing CVE-2017-12894 ( 4)
2025-08-15 10:34:36,073 - INFO - running: python main.py --mfi --cve_id CVE-2017-12894 --path_to_vul_bin /binaries/reference/tcpdump/CVE-2017-12894-vuln-6f5ba2b651cd-tcpdump --path_to_patch_bin /binaries/reference/tcpdump/CVE-2017-12894-patch-730fc35968c5-tcpdump --vul_func_name linkaddr_string
2025-08-15 10:34:43,221 - ERROR - fail CVE-2017-12894 ,details0

2025-08-15 10:34:43,222 - INFO - processing CVE-2017-12894 ( 5)
2025-08-15 10:34:43,223 - INFO - running: python main.py --mfi --cve_id CVE-2017-12894 --path_to_vul_bin /binaries/reference/tcpdump/CVE-2017-12894-vuln-6f5ba2b651cd-tcpdump --path_to_patch_bin /binaries/reference/tcpdump/CVE-2017-12894-patch-730fc35968c5-tcpdump --vul_func_name lookup_bytestring
2025-08-15 10:35:22,065 - ERROR - fail CVE-2017-12894 ,details0

2025-08-15 10:35:22,065 - INFO - processing CVE-2017-12894 ( 6)
2025-08-15 10:35:22,066 - INFO - running: python main.py --mfi --cve_id CVE-2017-12894 --path_to_vul_bin /binaries/reference/tcpdump/CVE-2017-12894-vuln-6f5ba2b651cd-tcpdump --path_to_patch_bin /binaries/reference/tcpdump/CVE-2017-12894-patch-730fc35968c5-tcpdump --vul_func_name lookup_emem
2025-08-15 10:35:33,105 - ERROR - fail CVE-2017-12894 ,details0

2025-08-15 10:35:33,105 - INFO - processing CVE-2017-13034 ( 7)
2025-08-15 10:35:33,106 - INFO - running: python main.py --mfi --cve_id CVE-2017-13034 --path_to_vul_bin /binaries/reference/tcpdump/CVE-2017-13034-vuln-fe5ad997c499-tcpdump --path_to_patch_bin /binaries/reference/tcpdump/CVE-2017-13034-patch-da6f1a677bfa-tcpdump --vul_func_name pgm_print
2025-08-15 10:42:25,754 - ERROR - fail CVE-2017-13034 ,details0

2025-08-15 10:42:25,756 - INFO - processing CVE-2017-13040 ( 8)
2025-08-15 10:42:25,756 - INFO - running: python main.py --mfi --cve_id CVE-2017-13040 --path_to_vul_bin /binaries/reference/tcpdump/CVE-2017-13040-vuln-e0a5a02b0fc1-tcpdump --path_to_patch_bin /binaries/reference/tcpdump/CVE-2017-13040-patch-4c3aee4bb029-tcpdump --vul_func_name mp_capable_print
2025-08-15 10:42:33,780 - ERROR - fail CVE-2017-13040 ,details0

2025-08-15 10:42:33,781 - INFO - processing CVE-2017-13040 ( 9)
2025-08-15 10:42:33,782 - INFO - running: python main.py --mfi --cve_id CVE-2017-13040 --path_to_vul_bin /binaries/reference/tcpdump/CVE-2017-13040-vuln-e0a5a02b0fc1-tcpdump --path_to_patch_bin /binaries/reference/tcpdump/CVE-2017-13040-patch-4c3aee4bb029-tcpdump --vul_func_name mp_join_print
2025-08-15 10:42:41,907 - ERROR - fail CVE-2017-13040 ,details0

2025-08-15 10:42:41,907 - INFO - processing CVE-2017-13015 ( 10)
2025-08-15 10:42:41,908 - INFO - running: python main.py --mfi --cve_id CVE-2017-13015 --path_to_vul_bin /binaries/reference/tcpdump/CVE-2017-13015-vuln-cc356512f512-tcpdump --path_to_patch_bin /binaries/reference/tcpdump/CVE-2017-13015-patch-985122081165-tcpdump --vul_func_name eap_print
2025-08-15 11:14:25,698 - ERROR - fail CVE-2017-13015 ,details0

2025-08-15 11:14:25,700 - INFO - processing CVE-2017-13031 ( 11)
2025-08-15 11:14:25,701 - INFO - running: python main.py --mfi --cve_id CVE-2017-13031 --path_to_vul_bin /binaries/reference/tcpdump/CVE-2017-13031-vuln-eb8c0d463636-tcpdump --path_to_patch_bin /binaries/reference/tcpdump/CVE-2017-13031-patch-2d669862df7c-tcpdump --vul_func_name frag6_print
2025-08-15 11:14:48,594 - INFO - success CVE-2017-13031,details in tcpdump-cve_logs/CVE-2017-13031.log

2025-08-15 11:14:48,595 - INFO - processing CVE-2018-16227 ( 12)
2025-08-15 11:14:48,595 - INFO - running: python main.py --mfi --cve_id CVE-2018-16227 --path_to_vul_bin /binaries/reference/tcpdump/CVE-2018-16227-vuln-83a412a5275c-tcpdump --path_to_patch_bin /binaries/reference/tcpdump/CVE-2018-16227-patch-4846b3c5d0a8-tcpdump --vul_func_name ieee802_11_print
2025-08-15 11:15:09,987 - ERROR - fail CVE-2018-16227 ,details1

2025-08-15 11:15:09,988 - INFO - processing CVE-2017-12895 ( 13)
2025-08-15 11:15:09,988 - INFO - running: python main.py --mfi --cve_id CVE-2017-12895 --path_to_vul_bin /binaries/reference/tcpdump/CVE-2017-12895-vuln-730fc35968c5-tcpdump --path_to_patch_bin /binaries/reference/tcpdump/CVE-2017-12895-patch-2b62d1dda415-tcpdump --vul_func_name icmp_print
2025-08-15 11:44:18,599 - ERROR - fail CVE-2017-12895 ,details0

2025-08-15 11:44:18,600 - INFO - processing CVE-2018-16230 ( 14)
2025-08-15 11:44:18,600 - INFO - running: python main.py --mfi --cve_id CVE-2018-16230 --path_to_vul_bin /binaries/reference/tcpdump/CVE-2018-16230-vuln-9a6eb2765046-tcpdump --path_to_patch_bin /binaries/reference/tcpdump/CVE-2018-16230-patch-13d52e9c0e7c-tcpdump --vul_func_name bgp_attr_print
2025-08-15 11:52:15,965 - ERROR - fail CVE-2018-16230 ,details0

2025-08-15 11:52:15,980 - INFO - processing CVE-2018-16300 ( 15)
2025-08-15 11:52:15,980 - INFO - running: python main.py --mfi --cve_id CVE-2018-16300 --path_to_vul_bin /binaries/reference/tcpdump/CVE-2018-16300-vuln-4bfd71eee41a-tcpdump --path_to_patch_bin /binaries/reference/tcpdump/CVE-2018-16300-patch-af2cf04a9394-tcpdump --vul_func_name bgp_attr_get_as_size
2025-08-15 11:52:24,532 - ERROR - fail CVE-2018-16300 ,details0

2025-08-15 11:52:24,534 - INFO - processing CVE-2018-16300 ( 16)
2025-08-15 11:52:24,534 - INFO - running: python main.py --mfi --cve_id CVE-2018-16300 --path_to_vul_bin /binaries/reference/tcpdump/CVE-2018-16300-vuln-4bfd71eee41a-tcpdump --path_to_patch_bin /binaries/reference/tcpdump/CVE-2018-16300-patch-af2cf04a9394-tcpdump --vul_func_name bgp_attr_print
2025-08-15 11:57:17,469 - INFO - success CVE-2018-16300,details in tcpdump-cve_logs/CVE-2018-16300.log

2025-08-15 11:57:17,508 - INFO - processing CVE-2018-16300 ( 17)
2025-08-15 11:57:17,509 - INFO - running: python main.py --mfi --cve_id CVE-2018-16300 --path_to_vul_bin /binaries/reference/tcpdump/CVE-2018-16300-vuln-4bfd71eee41a-tcpdump --path_to_patch_bin /binaries/reference/tcpdump/CVE-2018-16300-patch-af2cf04a9394-tcpdump --vul_func_name bgp_update_print
2025-08-15 11:57:40,105 - ERROR - fail CVE-2018-16300 ,details0

2025-08-15 11:57:40,106 - INFO - processing CVE-2017-13020 ( 18)
2025-08-15 11:57:40,107 - INFO - running: python main.py --mfi --cve_id CVE-2017-13020 --path_to_vul_bin /binaries/reference/tcpdump/CVE-2017-13020-vuln-4601c685e7fd-tcpdump --path_to_patch_bin /binaries/reference/tcpdump/CVE-2017-13020-patch-c5dd7bef5e54-tcpdump --vul_func_name vtp_print
2025-08-15 11:58:52,994 - ERROR - fail CVE-2017-13020 ,details0

2025-08-15 11:58:52,996 - INFO - processing CVE-2017-13046 ( 19)
2025-08-15 11:58:52,997 - INFO - running: python main.py --mfi --cve_id CVE-2017-13046 --path_to_vul_bin /binaries/reference/tcpdump/CVE-2017-13046-vuln-3b36ec4e713d-tcpdump --path_to_patch_bin /binaries/reference/tcpdump/CVE-2017-13046-patch-d10a0f980fe8-tcpdump --vul_func_name bgp_attr_print
2025-08-15 12:03:39,054 - ERROR - fail CVE-2017-13046 ,details0

2025-08-15 12:03:39,055 - INFO - processing CVE-2017-13025 ( 20)
2025-08-15 12:03:39,056 - INFO - running: python main.py --mfi --cve_id CVE-2017-13025 --path_to_vul_bin /binaries/reference/tcpdump/CVE-2017-13025-vuln-7d3aba9f0689-tcpdump --path_to_patch_bin /binaries/reference/tcpdump/CVE-2017-13025-patch-5338aac7b8b8-tcpdump --vul_func_name mobility_opt_print
2025-08-15 12:07:29,796 - ERROR - fail CVE-2017-13025 ,details0

2025-08-15 12:07:29,798 - INFO - processing CVE-2017-13008 ( 21)
2025-08-15 12:07:29,798 - INFO - running: python main.py --mfi --cve_id CVE-2017-13008 --path_to_vul_bin /binaries/reference/tcpdump/CVE-2017-13008-vuln-ca336198e8be-tcpdump --path_to_patch_bin /binaries/reference/tcpdump/CVE-2017-13008-patch-5edf405d7ed9-tcpdump --vul_func_name parse_elements
2025-08-15 12:09:49,587 - ERROR - fail CVE-2017-13008 ,details0

2025-08-15 12:09:49,589 - INFO - processing CVE-2017-13044 ( 22)
2025-08-15 12:09:49,590 - INFO - running: python main.py --mfi --cve_id CVE-2017-13044 --path_to_vul_bin /binaries/reference/tcpdump/CVE-2017-13044-vuln-39582c04cc5e-tcpdump --path_to_patch_bin /binaries/reference/tcpdump/CVE-2017-13044-patch-c2f6833dddec-tcpdump --vul_func_name dhcpv4_print
2025-08-15 12:11:01,025 - ERROR - fail CVE-2017-13044 ,details0

2025-08-15 12:11:01,026 - INFO - processing CVE-2017-12897 ( 23)
2025-08-15 12:11:01,026 - INFO - running: python main.py --mfi --cve_id CVE-2017-12897 --path_to_vul_bin /binaries/reference/tcpdump/CVE-2017-12897-vuln-f76e7feb41a4-tcpdump --path_to_patch_bin /binaries/reference/tcpdump/CVE-2017-12897-patch-1dcd10aceabb-tcpdump --vul_func_name atm_if_print
2025-08-15 12:11:25,467 - ERROR - fail CVE-2017-12897 ,details0

2025-08-15 12:11:25,468 - INFO - processing CVE-2017-12897 ( 24)
2025-08-15 12:11:25,469 - INFO - running: python main.py --mfi --cve_id CVE-2017-12897 --path_to_vul_bin /binaries/reference/tcpdump/CVE-2017-12897-vuln-f76e7feb41a4-tcpdump --path_to_patch_bin /binaries/reference/tcpdump/CVE-2017-12897-patch-1dcd10aceabb-tcpdump --vul_func_name chdlc_print
2025-08-15 12:11:38,682 - ERROR - fail CVE-2017-12897 ,details0

2025-08-15 12:11:38,699 - INFO - processing CVE-2017-12897 ( 25)
2025-08-15 12:11:38,700 - INFO - running: python main.py --mfi --cve_id CVE-2017-12897 --path_to_vul_bin /binaries/reference/tcpdump/CVE-2017-12897-vuln-f76e7feb41a4-tcpdump --path_to_patch_bin /binaries/reference/tcpdump/CVE-2017-12897-patch-1dcd10aceabb-tcpdump --vul_func_name ethertype_print
2025-08-15 12:11:49,100 - ERROR - fail CVE-2017-12897 ,details0

2025-08-15 12:11:49,102 - INFO - processing CVE-2017-12897 ( 26)
2025-08-15 12:11:49,102 - INFO - running: python main.py --mfi --cve_id CVE-2017-12897 --path_to_vul_bin /binaries/reference/tcpdump/CVE-2017-12897-vuln-f76e7feb41a4-tcpdump --path_to_patch_bin /binaries/reference/tcpdump/CVE-2017-12897-patch-1dcd10aceabb-tcpdump --vul_func_name fr_print
2025-08-15 12:11:59,096 - ERROR - fail CVE-2017-12897 ,details0

2025-08-15 12:11:59,097 - INFO - processing CVE-2017-12897 ( 27)
2025-08-15 12:11:59,097 - INFO - running: python main.py --mfi --cve_id CVE-2017-12897 --path_to_vul_bin /binaries/reference/tcpdump/CVE-2017-12897-vuln-f76e7feb41a4-tcpdump --path_to_patch_bin /binaries/reference/tcpdump/CVE-2017-12897-patch-1dcd10aceabb-tcpdump --vul_func_name gre_print_0
2025-08-15 12:12:09,313 - ERROR - fail CVE-2017-12897 ,details0

2025-08-15 12:12:09,314 - INFO - processing CVE-2017-12897 ( 28)
2025-08-15 12:12:09,314 - INFO - running: python main.py --mfi --cve_id CVE-2017-12897 --path_to_vul_bin /binaries/reference/tcpdump/CVE-2017-12897-vuln-f76e7feb41a4-tcpdump --path_to_patch_bin /binaries/reference/tcpdump/CVE-2017-12897-patch-1dcd10aceabb-tcpdump --vul_func_name handle_ppp
2025-08-15 12:12:18,702 - ERROR - fail CVE-2017-12897 ,details0

2025-08-15 12:12:18,703 - INFO - processing CVE-2017-12897 ( 29)
2025-08-15 12:12:18,704 - INFO - running: python main.py --mfi --cve_id CVE-2017-12897 --path_to_vul_bin /binaries/reference/tcpdump/CVE-2017-12897-vuln-f76e7feb41a4-tcpdump --path_to_patch_bin /binaries/reference/tcpdump/CVE-2017-12897-patch-1dcd10aceabb-tcpdump --vul_func_name isoclns_print
2025-08-15 12:12:34,733 - ERROR - fail CVE-2017-12897 ,details0

2025-08-15 12:12:34,734 - INFO - processing CVE-2017-12897 ( 30)
2025-08-15 12:12:34,735 - INFO - running: python main.py --mfi --cve_id CVE-2017-12897 --path_to_vul_bin /binaries/reference/tcpdump/CVE-2017-12897-vuln-f76e7feb41a4-tcpdump --path_to_patch_bin /binaries/reference/tcpdump/CVE-2017-12897-patch-1dcd10aceabb-tcpdump --vul_func_name juniper_atm1_print
2025-08-15 12:12:47,233 - ERROR - fail CVE-2017-12897 ,details0

2025-08-15 12:12:47,234 - INFO - processing CVE-2017-12897 ( 31)
2025-08-15 12:12:47,234 - INFO - running: python main.py --mfi --cve_id CVE-2017-12897 --path_to_vul_bin /binaries/reference/tcpdump/CVE-2017-12897-vuln-f76e7feb41a4-tcpdump --path_to_patch_bin /binaries/reference/tcpdump/CVE-2017-12897-patch-1dcd10aceabb-tcpdump --vul_func_name juniper_atm2_print
2025-08-15 12:12:57,188 - ERROR - fail CVE-2017-12897 ,details0

2025-08-15 12:12:57,189 - INFO - processing CVE-2017-12897 ( 32)
2025-08-15 12:12:57,190 - INFO - running: python main.py --mfi --cve_id CVE-2017-12897 --path_to_vul_bin /binaries/reference/tcpdump/CVE-2017-12897-vuln-f76e7feb41a4-tcpdump --path_to_patch_bin /binaries/reference/tcpdump/CVE-2017-12897-patch-1dcd10aceabb-tcpdump --vul_func_name juniper_mfr_print
2025-08-15 12:13:11,361 - ERROR - fail CVE-2017-12897 ,details0

2025-08-15 12:13:11,362 - INFO - processing CVE-2017-12897 ( 33)
2025-08-15 12:13:11,362 - INFO - running: python main.py --mfi --cve_id CVE-2017-12897 --path_to_vul_bin /binaries/reference/tcpdump/CVE-2017-12897-vuln-f76e7feb41a4-tcpdump --path_to_patch_bin /binaries/reference/tcpdump/CVE-2017-12897-patch-1dcd10aceabb-tcpdump --vul_func_name juniper_mlfr_print
2025-08-15 12:13:22,986 - ERROR - fail CVE-2017-12897 ,details0

2025-08-15 12:13:22,988 - INFO - processing CVE-2017-12897 ( 34)
2025-08-15 12:13:22,988 - INFO - running: python main.py --mfi --cve_id CVE-2017-12897 --path_to_vul_bin /binaries/reference/tcpdump/CVE-2017-12897-vuln-f76e7feb41a4-tcpdump --path_to_patch_bin /binaries/reference/tcpdump/CVE-2017-12897-patch-1dcd10aceabb-tcpdump --vul_func_name juniper_mlppp_print
2025-08-15 12:13:32,518 - ERROR - fail CVE-2017-12897 ,details0

2025-08-15 12:13:32,518 - INFO - processing CVE-2017-12897 ( 35)
2025-08-15 12:13:32,519 - INFO - running: python main.py --mfi --cve_id CVE-2017-12897 --path_to_vul_bin /binaries/reference/tcpdump/CVE-2017-12897-vuln-f76e7feb41a4-tcpdump --path_to_patch_bin /binaries/reference/tcpdump/CVE-2017-12897-patch-1dcd10aceabb-tcpdump --vul_func_name llc_print
2025-08-15 12:13:43,128 - ERROR - fail CVE-2017-12897 ,details0

2025-08-15 12:13:43,129 - INFO - processing CVE-2017-12897 ( 36)
2025-08-15 12:13:43,129 - INFO - running: python main.py --mfi --cve_id CVE-2017-12897 --path_to_vul_bin /binaries/reference/tcpdump/CVE-2017-12897-vuln-f76e7feb41a4-tcpdump --path_to_patch_bin /binaries/reference/tcpdump/CVE-2017-12897-patch-1dcd10aceabb-tcpdump --vul_func_name mpls_print
2025-08-15 12:13:53,516 - ERROR - fail CVE-2017-12897 ,details0

2025-08-15 12:13:53,517 - INFO - processing CVE-2017-12897 ( 37)
2025-08-15 12:13:53,517 - INFO - running: python main.py --mfi --cve_id CVE-2017-12897 --path_to_vul_bin /binaries/reference/tcpdump/CVE-2017-12897-vuln-f76e7feb41a4-tcpdump --path_to_patch_bin /binaries/reference/tcpdump/CVE-2017-12897-patch-1dcd10aceabb-tcpdump --vul_func_name null_if_print
2025-08-15 12:14:03,446 - ERROR - fail CVE-2017-12897 ,details0

2025-08-15 12:14:03,447 - INFO - processing CVE-2017-13054 ( 38)
2025-08-15 12:14:03,448 - INFO - running: python main.py --mfi --cve_id CVE-2017-13054 --path_to_vul_bin /binaries/reference/tcpdump/CVE-2017-13054-vuln-83c64fce3a52-tcpdump --path_to_patch_bin /binaries/reference/tcpdump/CVE-2017-13054-patch-e6511cc1a950-tcpdump --vul_func_name lldp_private_8023_print
2025-08-15 12:14:34,806 - ERROR - fail CVE-2017-13054 ,details0

2025-08-15 12:14:34,808 - INFO - processing CVE-2017-13045 ( 39)
2025-08-15 12:14:34,808 - INFO - running: python main.py --mfi --cve_id CVE-2017-13045 --path_to_vul_bin /binaries/reference/tcpdump/CVE-2017-13045-vuln-c2f6833dddec-tcpdump --path_to_patch_bin /binaries/reference/tcpdump/CVE-2017-13045-patch-3b36ec4e713d-tcpdump --vul_func_name vqp_print
2025-08-15 12:17:25,637 - ERROR - fail CVE-2017-13045 ,details0

2025-08-15 12:17:25,639 - INFO - processing CVE-2017-13041 ( 40)
2025-08-15 12:17:25,639 - INFO - running: python main.py --mfi --cve_id CVE-2017-13041 --path_to_vul_bin /binaries/reference/tcpdump/CVE-2017-13041-vuln-4c3aee4bb029-tcpdump --path_to_patch_bin /binaries/reference/tcpdump/CVE-2017-13041-patch-f4b9e24c7384-tcpdump --vul_func_name icmp6_nodeinfo_print
2025-08-15 12:17:46,696 - ERROR - fail CVE-2017-13041 ,details1

2025-08-15 12:17:46,697 - INFO - processing CVE-2018-14468 ( 41)
2025-08-15 12:17:46,698 - INFO - running: python main.py --mfi --cve_id CVE-2018-14468 --path_to_vul_bin /binaries/reference/tcpdump/CVE-2018-14468-vuln-05a303c84c1c-tcpdump --path_to_patch_bin /binaries/reference/tcpdump/CVE-2018-14468-patch-aa3e54f59438-tcpdump --vul_func_name mfr_print
2025-08-15 12:18:31,899 - ERROR - fail CVE-2018-14468 ,details0

2025-08-15 12:18:31,900 - INFO - processing CVE-2017-13050 ( 42)
2025-08-15 12:18:31,900 - INFO - running: python main.py --mfi --cve_id CVE-2017-13050 --path_to_vul_bin /binaries/reference/tcpdump/CVE-2017-13050-vuln-289c67202028-tcpdump --path_to_patch_bin /binaries/reference/tcpdump/CVE-2017-13050-patch-83c64fce3a52-tcpdump --vul_func_name indent_string
2025-08-15 12:18:39,738 - ERROR - fail CVE-2017-13050 ,details0

2025-08-15 12:18:39,739 - INFO - processing CVE-2017-13050 ( 43)
2025-08-15 12:18:39,739 - INFO - running: python main.py --mfi --cve_id CVE-2017-13050 --path_to_vul_bin /binaries/reference/tcpdump/CVE-2017-13050-vuln-289c67202028-tcpdump --path_to_patch_bin /binaries/reference/tcpdump/CVE-2017-13050-patch-83c64fce3a52-tcpdump --vul_func_name rpki_rtr_pdu_print
2025-08-15 12:20:36,113 - INFO - success CVE-2017-13050,details in tcpdump-cve_logs/CVE-2017-13050.log

2025-08-15 12:20:36,114 - INFO - processing CVE-2017-12987 ( 44)
2025-08-15 12:20:36,114 - INFO - running: python main.py --mfi --cve_id CVE-2017-12987 --path_to_vul_bin /binaries/reference/tcpdump/CVE-2017-12987-vuln-d17507ffa3e9-tcpdump --path_to_patch_bin /binaries/reference/tcpdump/CVE-2017-12987-patch-99798bd9a41b-tcpdump --vul_func_name parse_elements
2025-08-15 12:23:15,376 - ERROR - fail CVE-2017-12987 ,details0

2025-08-15 12:23:15,378 - INFO - processing CVE-2017-13036 ( 45)
2025-08-15 12:23:15,378 - INFO - running: python main.py --mfi --cve_id CVE-2017-13036 --path_to_vul_bin /binaries/reference/tcpdump/CVE-2017-13036-vuln-571a6f33f47e-tcpdump --path_to_patch_bin /binaries/reference/tcpdump/CVE-2017-13036-patch-88b2dac837e8-tcpdump --vul_func_name ospf6_decode_v3
2025-08-15 12:30:10,656 - ERROR - fail CVE-2017-13036 ,details0

2025-08-15 12:30:10,657 - INFO - processing CVE-2017-13688 ( 46)
2025-08-15 12:30:10,657 - INFO - running: python main.py --mfi --cve_id CVE-2017-13688 --path_to_vul_bin /binaries/reference/tcpdump/CVE-2017-13688-vuln-26b956739a77-tcpdump --path_to_patch_bin /binaries/reference/tcpdump/CVE-2017-13688-patch-0cb1b8a434b5-tcpdump --vul_func_name olsr_print
2025-08-15 12:32:49,522 - ERROR - fail CVE-2017-13688 ,details0

2025-08-15 12:32:49,523 - INFO - processing CVE-2017-13023 ( 47)
2025-08-15 12:32:49,524 - INFO - running: python main.py --mfi --cve_id CVE-2017-13023 --path_to_vul_bin /binaries/reference/tcpdump/CVE-2017-13023-vuln-eee0b04bcfda-tcpdump --path_to_patch_bin /binaries/reference/tcpdump/CVE-2017-13023-patch-b8e559afaeb8-tcpdump --vul_func_name mobility_opt_print
2025-08-15 12:38:13,746 - ERROR - fail CVE-2017-13023 ,details0

2025-08-15 12:38:13,747 - INFO - processing CVE-2018-14462 ( 48)
2025-08-15 12:38:13,747 - INFO - running: python main.py --mfi --cve_id CVE-2018-14462 --path_to_vul_bin /binaries/reference/tcpdump/CVE-2018-14462-vuln-e5ec0d6b59b0-tcpdump --path_to_patch_bin /binaries/reference/tcpdump/CVE-2018-14462-patch-1a1bce0526a7-tcpdump --vul_func_name icmp_print
2025-08-15 12:44:20,591 - ERROR - fail CVE-2018-14462 ,details0

2025-08-15 12:44:20,592 - INFO - processing CVE-2017-13019 ( 49)
2025-08-15 12:44:20,593 - INFO - running: python main.py --mfi --cve_id CVE-2017-13019 --path_to_vul_bin /binaries/reference/tcpdump/CVE-2017-13019-vuln-26a6799b9ca8-tcpdump --path_to_patch_bin /binaries/reference/tcpdump/CVE-2017-13019-patch-4601c685e7fd-tcpdump --vul_func_name pgm_print
2025-08-15 13:44:24,010 - ERROR - fail CVE-2017-13019 ,details0

2025-08-15 13:44:24,010 - INFO - processing CVE-2017-12992 ( 50)
2025-08-15 13:44:24,011 - INFO - running: python main.py --mfi --cve_id CVE-2017-12992 --path_to_vul_bin /binaries/reference/tcpdump/CVE-2017-12992-vuln-db24063b01cb-tcpdump --path_to_patch_bin /binaries/reference/tcpdump/CVE-2017-12992-patch-e942fb84fbe3-tcpdump --vul_func_name ripng_print
2025-08-15 13:44:49,451 - INFO - success CVE-2017-12992,details in tcpdump-cve_logs/CVE-2017-12992.log

2025-08-15 13:44:49,452 - INFO - processing CVE-2019-15166 ( 51)
2025-08-15 13:44:49,452 - INFO - running: python main.py --mfi --cve_id CVE-2019-15166 --path_to_vul_bin /binaries/reference/tcpdump/CVE-2019-15166-vuln-d97e94223720-tcpdump --path_to_patch_bin /binaries/reference/tcpdump/CVE-2019-15166-patch-0b661e0aa618-tcpdump --vul_func_name lmp_print
2025-08-15 13:47:35,201 - ERROR - fail CVE-2019-15166 ,details0

2025-08-15 13:47:35,202 - INFO - processing CVE-2019-15166 ( 52)
2025-08-15 13:47:35,202 - INFO - running: python main.py --mfi --cve_id CVE-2019-15166 --path_to_vul_bin /binaries/reference/tcpdump/CVE-2019-15166-vuln-d97e94223720-tcpdump --path_to_patch_bin /binaries/reference/tcpdump/CVE-2019-15166-patch-0b661e0aa618-tcpdump --vul_func_name lmp_print_data_link_subobjs
2025-08-15 13:48:34,611 - ERROR - fail CVE-2019-15166 ,details0

2025-08-15 13:48:34,612 - INFO - processing CVE-2017-13029 ( 53)
2025-08-15 13:48:34,612 - INFO - running: python main.py --mfi --cve_id CVE-2017-13029 --path_to_vul_bin /binaries/reference/tcpdump/CVE-2017-13029-vuln-29e5470e6ab8-tcpdump --path_to_patch_bin /binaries/reference/tcpdump/CVE-2017-13029-patch-7029d15f148e-tcpdump --vul_func_name print_bacp_config_options
2025-08-15 13:48:44,166 - ERROR - fail CVE-2017-13029 ,details0

2025-08-15 13:48:44,167 - INFO - processing CVE-2017-13029 ( 54)
2025-08-15 13:48:44,168 - INFO - running: python main.py --mfi --cve_id CVE-2017-13029 --path_to_vul_bin /binaries/reference/tcpdump/CVE-2017-13029-vuln-29e5470e6ab8-tcpdump --path_to_patch_bin /binaries/reference/tcpdump/CVE-2017-13029-patch-7029d15f148e-tcpdump --vul_func_name print_ccp_config_options
2025-08-15 13:48:52,789 - ERROR - fail CVE-2017-13029 ,details0

2025-08-15 13:48:52,789 - INFO - processing CVE-2017-13029 ( 55)
2025-08-15 13:48:52,789 - INFO - running: python main.py --mfi --cve_id CVE-2017-13029 --path_to_vul_bin /binaries/reference/tcpdump/CVE-2017-13029-vuln-29e5470e6ab8-tcpdump --path_to_patch_bin /binaries/reference/tcpdump/CVE-2017-13029-patch-7029d15f148e-tcpdump --vul_func_name print_ipcp_config_options
2025-08-15 13:49:02,719 - ERROR - fail CVE-2017-13029 ,details0

2025-08-15 13:49:02,720 - INFO - processing CVE-2017-13029 ( 56)
2025-08-15 13:49:02,720 - INFO - running: python main.py --mfi --cve_id CVE-2017-13029 --path_to_vul_bin /binaries/reference/tcpdump/CVE-2017-13029-vuln-29e5470e6ab8-tcpdump --path_to_patch_bin /binaries/reference/tcpdump/CVE-2017-13029-patch-7029d15f148e-tcpdump --vul_func_name print_lcp_config_options
2025-08-15 13:49:11,962 - ERROR - fail CVE-2017-13029 ,details0

2025-08-15 13:49:11,964 - INFO - processing CVE-2018-14882 ( 57)
2025-08-15 13:49:11,964 - INFO - running: python main.py --mfi --cve_id CVE-2018-14882 --path_to_vul_bin /binaries/reference/tcpdump/CVE-2018-14882-vuln-e01c9bf76740-tcpdump --path_to_patch_bin /binaries/reference/tcpdump/CVE-2018-14882-patch-d7505276842e-tcpdump --vul_func_name icmp6_nodeinfo_print
2025-08-15 13:49:36,257 - ERROR - fail CVE-2018-14882 ,details1

2025-08-15 13:49:36,258 - INFO - processing CVE-2018-14882 ( 58)
2025-08-15 13:49:36,258 - INFO - running: python main.py --mfi --cve_id CVE-2018-14882 --path_to_vul_bin /binaries/reference/tcpdump/CVE-2018-14882-vuln-e01c9bf76740-tcpdump --path_to_patch_bin /binaries/reference/tcpdump/CVE-2018-14882-patch-d7505276842e-tcpdump --vul_func_name icmp6_opt_print
2025-08-15 13:49:50,734 - ERROR - fail CVE-2018-14882 ,details0

2025-08-15 13:49:50,734 - INFO - processing CVE-2018-14882 ( 59)
2025-08-15 13:49:50,735 - INFO - running: python main.py --mfi --cve_id CVE-2018-14882 --path_to_vul_bin /binaries/reference/tcpdump/CVE-2018-14882-vuln-e01c9bf76740-tcpdump --path_to_patch_bin /binaries/reference/tcpdump/CVE-2018-14882-patch-d7505276842e-tcpdump --vul_func_name icmp6_print
2025-08-15 13:50:02,418 - ERROR - fail CVE-2018-14882 ,details0

2025-08-15 13:50:02,418 - INFO - processing CVE-2018-14882 ( 60)
2025-08-15 13:50:02,419 - INFO - running: python main.py --mfi --cve_id CVE-2018-14882 --path_to_vul_bin /binaries/reference/tcpdump/CVE-2018-14882-vuln-e01c9bf76740-tcpdump --path_to_patch_bin /binaries/reference/tcpdump/CVE-2018-14882-patch-d7505276842e-tcpdump --vul_func_name icmp6_rrenum_print
2025-08-15 13:50:13,918 - ERROR - fail CVE-2018-14882 ,details0

2025-08-15 13:50:13,919 - INFO - processing CVE-2018-14882 ( 61)
2025-08-15 13:50:13,920 - INFO - running: python main.py --mfi --cve_id CVE-2018-14882 --path_to_vul_bin /binaries/reference/tcpdump/CVE-2018-14882-vuln-e01c9bf76740-tcpdump --path_to_patch_bin /binaries/reference/tcpdump/CVE-2018-14882-patch-d7505276842e-tcpdump --vul_func_name mldv2_query_print
2025-08-15 13:50:26,743 - ERROR - fail CVE-2018-14882 ,details0

2025-08-15 13:50:26,744 - INFO - processing CVE-2018-14882 ( 62)
2025-08-15 13:50:26,744 - INFO - running: python main.py --mfi --cve_id CVE-2018-14882 --path_to_vul_bin /binaries/reference/tcpdump/CVE-2018-14882-vuln-e01c9bf76740-tcpdump --path_to_patch_bin /binaries/reference/tcpdump/CVE-2018-14882-patch-d7505276842e-tcpdump --vul_func_name mldv2_report_print
2025-08-15 13:50:38,023 - ERROR - fail CVE-2018-14882 ,details0

2025-08-15 13:50:38,024 - INFO - processing CVE-2018-14882 ( 63)
2025-08-15 13:50:38,024 - INFO - running: python main.py --mfi --cve_id CVE-2018-14882 --path_to_vul_bin /binaries/reference/tcpdump/CVE-2018-14882-vuln-e01c9bf76740-tcpdump --path_to_patch_bin /binaries/reference/tcpdump/CVE-2018-14882-patch-d7505276842e-tcpdump --vul_func_name rpl_dao_print
2025-08-15 13:50:52,564 - ERROR - fail CVE-2018-14882 ,details0

2025-08-15 13:50:52,565 - INFO - processing CVE-2018-14882 ( 64)
2025-08-15 13:50:52,566 - INFO - running: python main.py --mfi --cve_id CVE-2018-14882 --path_to_vul_bin /binaries/reference/tcpdump/CVE-2018-14882-vuln-e01c9bf76740-tcpdump --path_to_patch_bin /binaries/reference/tcpdump/CVE-2018-14882-patch-d7505276842e-tcpdump --vul_func_name rpl_daoack_print
2025-08-15 13:51:05,339 - ERROR - fail CVE-2018-14882 ,details0

2025-08-15 13:51:05,340 - INFO - processing CVE-2018-14882 ( 65)
2025-08-15 13:51:05,340 - INFO - running: python main.py --mfi --cve_id CVE-2018-14882 --path_to_vul_bin /binaries/reference/tcpdump/CVE-2018-14882-vuln-e01c9bf76740-tcpdump --path_to_patch_bin /binaries/reference/tcpdump/CVE-2018-14882-patch-d7505276842e-tcpdump --vul_func_name rpl_dio_print
2025-08-15 13:51:17,304 - ERROR - fail CVE-2018-14882 ,details0

2025-08-15 13:51:17,305 - INFO - processing CVE-2018-14882 ( 66)
2025-08-15 13:51:17,306 - INFO - running: python main.py --mfi --cve_id CVE-2018-14882 --path_to_vul_bin /binaries/reference/tcpdump/CVE-2018-14882-vuln-e01c9bf76740-tcpdump --path_to_patch_bin /binaries/reference/tcpdump/CVE-2018-14882-patch-d7505276842e-tcpdump --vul_func_name rpl_dio_printopt
2025-08-15 13:51:42,532 - ERROR - fail CVE-2018-14882 ,details0

2025-08-15 13:51:42,533 - INFO - processing CVE-2018-14882 ( 67)
2025-08-15 13:51:42,533 - INFO - running: python main.py --mfi --cve_id CVE-2018-14882 --path_to_vul_bin /binaries/reference/tcpdump/CVE-2018-14882-vuln-e01c9bf76740-tcpdump --path_to_patch_bin /binaries/reference/tcpdump/CVE-2018-14882-patch-d7505276842e-tcpdump --vul_func_name rpl_print
2025-08-15 13:51:52,304 - ERROR - fail CVE-2018-14882 ,details0

2025-08-15 13:51:52,304 - INFO - processing CVE-2017-12896 ( 68)
2025-08-15 13:51:52,304 - INFO - running: python main.py --mfi --cve_id CVE-2017-12896 --path_to_vul_bin /binaries/reference/tcpdump/CVE-2017-12896-vuln-a1eefe986065-tcpdump --path_to_patch_bin /binaries/reference/tcpdump/CVE-2017-12896-patch-f76e7feb41a4-tcpdump --vul_func_name isakmp_rfc3948_print
2025-08-15 13:52:17,983 - INFO - success CVE-2017-12896,details in tcpdump-cve_logs/CVE-2017-12896.log

2025-08-15 13:52:17,984 - INFO - processing CVE-2018-14464 ( 69)
2025-08-15 13:52:17,984 - INFO - running: python main.py --mfi --cve_id CVE-2018-14464 --path_to_vul_bin /binaries/reference/tcpdump/CVE-2018-14464-vuln-a152aebfd111-tcpdump --path_to_patch_bin /binaries/reference/tcpdump/CVE-2018-14464-patch-d97e94223720-tcpdump --vul_func_name lmp_print
2025-08-15 14:27:42,383 - ERROR - fail CVE-2018-14464 ,details0

2025-08-15 14:27:42,384 - INFO - processing CVE-2018-14464 ( 70)
2025-08-15 14:27:42,385 - INFO - running: python main.py --mfi --cve_id CVE-2018-14464 --path_to_vul_bin /binaries/reference/tcpdump/CVE-2018-14464-vuln-a152aebfd111-tcpdump --path_to_patch_bin /binaries/reference/tcpdump/CVE-2018-14464-patch-d97e94223720-tcpdump --vul_func_name lmp_print_data_link_subobjs
2025-08-15 14:28:06,086 - ERROR - fail CVE-2018-14464 ,details0

2025-08-15 14:28:06,087 - INFO - processing CVE-2017-13032 ( 71)
2025-08-15 14:28:06,087 - INFO - running: python main.py --mfi --cve_id CVE-2017-13032 --path_to_vul_bin /binaries/reference/tcpdump/CVE-2017-13032-vuln-0f1735981d7e-tcpdump --path_to_patch_bin /binaries/reference/tcpdump/CVE-2017-13032-patch-1bc78d795cd5-tcpdump --vul_func_name print_attr_string
2025-08-15 14:38:21,932 - ERROR - fail CVE-2017-13032 ,details0

2025-08-15 14:38:21,933 - INFO - processing CVE-2017-12995 ( 72)
2025-08-15 14:38:21,933 - INFO - running: python main.py --mfi --cve_id CVE-2017-12995 --path_to_vul_bin /binaries/reference/tcpdump/CVE-2017-12995-vuln-866c60236c41-tcpdump --path_to_patch_bin /binaries/reference/tcpdump/CVE-2017-12995-patch-3a76fd7c95fc-tcpdump --vul_func_name ns_nprint
2025-08-15 14:38:56,756 - INFO - success CVE-2017-12995,details in tcpdump-cve_logs/CVE-2017-12995.log

2025-08-15 14:38:56,756 - INFO - processing CVE-2017-13043 ( 73)
2025-08-15 14:38:56,757 - INFO - running: python main.py --mfi --cve_id CVE-2017-13043 --path_to_vul_bin /binaries/reference/tcpdump/CVE-2017-13043-vuln-d10a0f980fe8-tcpdump --path_to_patch_bin /binaries/reference/tcpdump/CVE-2017-13043-patch-d515b4b4a300-tcpdump --vul_func_name decode_multicast_vpn
2025-08-15 14:41:37,321 - ERROR - fail CVE-2017-13043 ,details0

2025-08-15 14:41:37,321 - INFO - processing CVE-2017-13689 ( 74)
2025-08-15 14:41:37,322 - INFO - running: python main.py --mfi --cve_id CVE-2017-13689 --path_to_vul_bin /binaries/reference/tcpdump/CVE-2017-13689-vuln-0cb1b8a434b5-tcpdump --path_to_patch_bin /binaries/reference/tcpdump/CVE-2017-13689-patch-061e7371a944-tcpdump --vul_func_name ikev1_id_print
2025-08-15 14:44:23,711 - ERROR - fail CVE-2017-13689 ,details0

2025-08-15 14:44:23,712 - INFO - processing CVE-2017-13001 ( 75)
2025-08-15 14:44:23,713 - INFO - running: python main.py --mfi --cve_id CVE-2017-13001 --path_to_vul_bin /binaries/reference/tcpdump/CVE-2017-13001-vuln-851273488322-tcpdump --path_to_patch_bin /binaries/reference/tcpdump/CVE-2017-13001-patch-7a923447fd49-tcpdump --vul_func_name nfs_printfh
2025-08-15 14:44:54,422 - INFO - success CVE-2017-13001,details in tcpdump-cve_logs/CVE-2017-13001.log

2025-08-15 14:44:54,423 - INFO - processing CVE-2017-13049 ( 76)
2025-08-15 14:44:54,423 - INFO - running: python main.py --mfi --cve_id CVE-2017-13049 --path_to_vul_bin /binaries/reference/tcpdump/CVE-2017-13049-vuln-d515b4b4a300-tcpdump --path_to_patch_bin /binaries/reference/tcpdump/CVE-2017-13049-patch-aa0858100096-tcpdump --vul_func_name ubik_print
2025-08-15 14:47:08,042 - ERROR - fail CVE-2017-13049 ,details0

2025-08-15 14:47:08,043 - INFO - processing CVE-2017-13038 ( 77)
2025-08-15 14:47:08,044 - INFO - running: python main.py --mfi --cve_id CVE-2017-13038 --path_to_vul_bin /binaries/reference/tcpdump/CVE-2017-13038-vuln-3cb7c9ac7907-tcpdump --path_to_patch_bin /binaries/reference/tcpdump/CVE-2017-13038-patch-7335163a6ef8-tcpdump --vul_func_name handle_mlppp
2025-08-15 14:48:18,432 - ERROR - fail CVE-2017-13038 ,details0

2025-08-15 14:48:18,432 - INFO - processing CVE-2017-12899 ( 78)
2025-08-15 14:48:18,432 - INFO - running: python main.py --mfi --cve_id CVE-2017-12899 --path_to_vul_bin /binaries/reference/tcpdump/CVE-2017-12899-vuln-19d25dd87816-tcpdump --path_to_patch_bin /binaries/reference/tcpdump/CVE-2017-12899-patch-c6e0531b5def-tcpdump --vul_func_name decnet_print
2025-08-15 14:48:58,284 - ERROR - fail CVE-2017-12899 ,details0

2025-08-15 14:48:58,285 - INFO - processing CVE-2017-12899 ( 79)
2025-08-15 14:48:58,286 - INFO - running: python main.py --mfi --cve_id CVE-2017-12899 --path_to_vul_bin /binaries/reference/tcpdump/CVE-2017-12899-vuln-19d25dd87816-tcpdump --path_to_patch_bin /binaries/reference/tcpdump/CVE-2017-12899-patch-c6e0531b5def-tcpdump --vul_func_name print_decnet_ctlmsg
2025-08-15 14:49:05,235 - ERROR - fail CVE-2017-12899 ,details0

2025-08-15 14:49:05,236 - INFO - processing CVE-2018-16452 ( 80)
2025-08-15 14:49:05,236 - INFO - running: python main.py --mfi --cve_id CVE-2018-16452 --path_to_vul_bin /binaries/reference/tcpdump/CVE-2018-16452-vuln-af2cf04a9394-tcpdump --path_to_patch_bin /binaries/reference/tcpdump/CVE-2018-16452-patch-24182d959f66-tcpdump --vul_func_name smb_fdata
2025-08-15 14:49:48,345 - ERROR - fail CVE-2018-16452 ,details0

2025-08-15 14:49:48,346 - INFO - processing CVE-2017-12999 ( 81)
2025-08-15 14:49:48,346 - INFO - running: python main.py --mfi --cve_id CVE-2017-12999 --path_to_vul_bin /binaries/reference/tcpdump/CVE-2017-12999-vuln-777edc563aac-tcpdump --path_to_patch_bin /binaries/reference/tcpdump/CVE-2017-12999-patch-3b32029db354-tcpdump --vul_func_name isis_print
2025-08-15 15:04:52,806 - ERROR - fail CVE-2017-12999 ,details0

2025-08-15 15:04:52,806 - INFO - processing CVE-2017-13030 ( 82)
2025-08-15 15:04:52,807 - INFO - running: python main.py --mfi --cve_id CVE-2017-13030 --path_to_vul_bin /binaries/reference/tcpdump/CVE-2017-13030-vuln-7029d15f148e-tcpdump --path_to_patch_bin /binaries/reference/tcpdump/CVE-2017-13030-patch-5dc1860d8267-tcpdump --vul_func_name cisco_autorp_print
2025-08-15 15:05:14,485 - INFO - success CVE-2017-13030,details in tcpdump-cve_logs/CVE-2017-13030.log

2025-08-15 15:05:14,486 - INFO - processing CVE-2017-13030 ( 83)
2025-08-15 15:05:14,486 - INFO - running: python main.py --mfi --cve_id CVE-2017-13030 --path_to_vul_bin /binaries/reference/tcpdump/CVE-2017-13030-vuln-7029d15f148e-tcpdump --path_to_patch_bin /binaries/reference/tcpdump/CVE-2017-13030-patch-5dc1860d8267-tcpdump --vul_func_name pim_print
2025-08-15 15:05:31,792 - ERROR - fail CVE-2017-13030 ,details0

2025-08-15 15:05:31,793 - INFO - processing CVE-2017-13030 ( 84)
2025-08-15 15:05:31,793 - INFO - running: python main.py --mfi --cve_id CVE-2017-13030 --path_to_vul_bin /binaries/reference/tcpdump/CVE-2017-13030-vuln-7029d15f148e-tcpdump --path_to_patch_bin /binaries/reference/tcpdump/CVE-2017-13030-patch-5dc1860d8267-tcpdump --vul_func_name pimv1_join_prune_print
2025-08-15 15:06:43,250 - ERROR - fail CVE-2017-13030 ,details0

2025-08-15 15:06:43,251 - INFO - processing CVE-2017-13030 ( 85)
2025-08-15 15:06:43,251 - INFO - running: python main.py --mfi --cve_id CVE-2017-13030 --path_to_vul_bin /binaries/reference/tcpdump/CVE-2017-13030-vuln-7029d15f148e-tcpdump --path_to_patch_bin /binaries/reference/tcpdump/CVE-2017-13030-patch-5dc1860d8267-tcpdump --vul_func_name pimv1_print
2025-08-15 15:07:00,337 - ERROR - fail CVE-2017-13030 ,details0

2025-08-15 15:07:00,338 - INFO - processing CVE-2017-13030 ( 86)
2025-08-15 15:07:00,339 - INFO - running: python main.py --mfi --cve_id CVE-2017-13030 --path_to_vul_bin /binaries/reference/tcpdump/CVE-2017-13030-vuln-7029d15f148e-tcpdump --path_to_patch_bin /binaries/reference/tcpdump/CVE-2017-13030-patch-5dc1860d8267-tcpdump --vul_func_name pimv2_addr_print
2025-08-15 15:07:57,799 - ERROR - fail CVE-2017-13030 ,details0

2025-08-15 15:07:57,800 - INFO - processing CVE-2017-13030 ( 87)
2025-08-15 15:07:57,801 - INFO - running: python main.py --mfi --cve_id CVE-2017-13030 --path_to_vul_bin /binaries/reference/tcpdump/CVE-2017-13030-vuln-7029d15f148e-tcpdump --path_to_patch_bin /binaries/reference/tcpdump/CVE-2017-13030-patch-5dc1860d8267-tcpdump --vul_func_name pimv2_print
2025-08-15 15:12:21,404 - ERROR - fail CVE-2017-13030 ,details0

2025-08-15 15:12:21,405 - INFO - processing CVE-2017-13013 ( 88)
2025-08-15 15:12:21,405 - INFO - running: python main.py --mfi --cve_id CVE-2017-13013 --path_to_vul_bin /binaries/reference/tcpdump/CVE-2017-13013-vuln-8509ef02eceb-tcpdump --path_to_patch_bin /binaries/reference/tcpdump/CVE-2017-13013-patch-13ab8d18617d-tcpdump --vul_func_name arp_print
2025-08-15 15:25:25,968 - ERROR - fail CVE-2017-13013 ,details0

2025-08-15 15:25:25,970 - INFO - processing CVE-2017-13013 ( 89)
2025-08-15 15:25:25,970 - INFO - running: python main.py --mfi --cve_id CVE-2017-13013 --path_to_vul_bin /binaries/reference/tcpdump/CVE-2017-13013-vuln-8509ef02eceb-tcpdump --path_to_patch_bin /binaries/reference/tcpdump/CVE-2017-13013-patch-13ab8d18617d-tcpdump --vul_func_name atmarp_addr_print
2025-08-15 15:25:33,052 - ERROR - fail CVE-2017-13013 ,details0

2025-08-15 15:25:33,053 - INFO - processing CVE-2017-13013 ( 90)
2025-08-15 15:25:33,053 - INFO - running: python main.py --mfi --cve_id CVE-2017-13013 --path_to_vul_bin /binaries/reference/tcpdump/CVE-2017-13013-vuln-8509ef02eceb-tcpdump --path_to_patch_bin /binaries/reference/tcpdump/CVE-2017-13013-patch-13ab8d18617d-tcpdump --vul_func_name atmarp_print
2025-08-15 15:25:51,965 - ERROR - fail CVE-2017-13013 ,details0

2025-08-15 15:25:51,966 - INFO - processing CVE-2017-13013 ( 91)
2025-08-15 15:25:51,967 - INFO - running: python main.py --mfi --cve_id CVE-2017-13013 --path_to_vul_bin /binaries/reference/tcpdump/CVE-2017-13013-vuln-8509ef02eceb-tcpdump --path_to_patch_bin /binaries/reference/tcpdump/CVE-2017-13013-patch-13ab8d18617d-tcpdump --vul_func_name isnonzero
2025-08-15 15:25:58,716 - ERROR - fail CVE-2017-13013 ,details0

2025-08-15 15:25:58,717 - INFO - processing CVE-2017-12901 ( 92)
2025-08-15 15:25:58,717 - INFO - running: python main.py --mfi --cve_id CVE-2017-12901 --path_to_vul_bin /binaries/reference/tcpdump/CVE-2017-12901-vuln-7ac73d6cd41e-tcpdump --path_to_patch_bin /binaries/reference/tcpdump/CVE-2017-12901-patch-de981e6070d1-tcpdump --vul_func_name eigrp_print
2025-08-15 15:30:55,580 - ERROR - fail CVE-2017-12901 ,details0

2025-08-15 15:30:55,586 - INFO - processing CVE-2017-12893 ( 93)
2025-08-15 15:30:55,587 - INFO - running: python main.py --mfi --cve_id CVE-2017-12893 --path_to_vul_bin /binaries/reference/tcpdump/CVE-2017-12893-vuln-c6e0531b5def-tcpdump --path_to_patch_bin /binaries/reference/tcpdump/CVE-2017-12893-patch-6f5ba2b651cd-tcpdump --vul_func_name name_len
2025-08-15 15:31:13,306 - ERROR - fail CVE-2017-12893 ,details1

2025-08-15 15:31:13,308 - INFO - processing CVE-2017-12990 ( 94)
2025-08-15 15:31:13,308 - INFO - running: python main.py --mfi --cve_id CVE-2017-12990 --path_to_vul_bin /binaries/reference/tcpdump/CVE-2017-12990-vuln-50a44b6b8e4f-tcpdump --path_to_patch_bin /binaries/reference/tcpdump/CVE-2017-12990-patch-c2ef693866be-tcpdump --vul_func_name ikev1_n_print
2025-08-15 15:33:28,938 - ERROR - fail CVE-2017-12990 ,details0

2025-08-15 15:33:28,939 - INFO - processing CVE-2017-12990 ( 95)
2025-08-15 15:33:28,940 - INFO - running: python main.py --mfi --cve_id CVE-2017-12990 --path_to_vul_bin /binaries/reference/tcpdump/CVE-2017-12990-vuln-50a44b6b8e4f-tcpdump --path_to_patch_bin /binaries/reference/tcpdump/CVE-2017-12990-patch-c2ef693866be-tcpdump --vul_func_name ikev1_nonce_print
2025-08-15 15:33:44,836 - ERROR - fail CVE-2017-12990 ,details0

2025-08-15 15:33:44,838 - INFO - processing CVE-2017-12990 ( 96)
2025-08-15 15:33:44,838 - INFO - running: python main.py --mfi --cve_id CVE-2017-12990 --path_to_vul_bin /binaries/reference/tcpdump/CVE-2017-12990-vuln-50a44b6b8e4f-tcpdump --path_to_patch_bin /binaries/reference/tcpdump/CVE-2017-12990-patch-c2ef693866be-tcpdump --vul_func_name ikev2_auth_print
2025-08-15 15:34:00,494 - ERROR - fail CVE-2017-12990 ,details0

2025-08-15 15:34:00,495 - INFO - processing CVE-2017-12990 ( 97)
2025-08-15 15:34:00,496 - INFO - running: python main.py --mfi --cve_id CVE-2017-12990 --path_to_vul_bin /binaries/reference/tcpdump/CVE-2017-12990-vuln-50a44b6b8e4f-tcpdump --path_to_patch_bin /binaries/reference/tcpdump/CVE-2017-12990-patch-c2ef693866be-tcpdump --vul_func_name ikev2_n_print
2025-08-15 15:34:21,319 - ERROR - fail CVE-2017-12990 ,details0

2025-08-15 15:34:21,320 - INFO - processing CVE-2017-12990 ( 98)
2025-08-15 15:34:21,320 - INFO - running: python main.py --mfi --cve_id CVE-2017-12990 --path_to_vul_bin /binaries/reference/tcpdump/CVE-2017-12990-vuln-50a44b6b8e4f-tcpdump --path_to_patch_bin /binaries/reference/tcpdump/CVE-2017-12990-patch-c2ef693866be-tcpdump --vul_func_name isakmp_rfc3948_print
2025-08-15 15:34:28,029 - ERROR - fail CVE-2017-12990 ,details0

2025-08-15 15:34:28,030 - INFO - processing CVE-2017-13052 ( 99)
2025-08-15 15:34:28,031 - INFO - running: python main.py --mfi --cve_id CVE-2017-13052 --path_to_vul_bin /binaries/reference/tcpdump/CVE-2017-13052-vuln-bd4e697ebd6c-tcpdump --path_to_patch_bin /binaries/reference/tcpdump/CVE-2017-13052-patch-5d340a5ca6e4-tcpdump --vul_func_name cfm_network_addr_print
2025-08-15 15:34:48,066 - INFO - success CVE-2017-13052,details in tcpdump-cve_logs/CVE-2017-13052.log

2025-08-15 15:34:48,067 - INFO - processing CVE-2017-13052 ( 100)
2025-08-15 15:34:48,068 - INFO - running: python main.py --mfi --cve_id CVE-2017-13052 --path_to_vul_bin /binaries/reference/tcpdump/CVE-2017-13052-vuln-bd4e697ebd6c-tcpdump --path_to_patch_bin /binaries/reference/tcpdump/CVE-2017-13052-patch-5d340a5ca6e4-tcpdump --vul_func_name cfm_print
2025-08-15 15:35:20,296 - ERROR - fail CVE-2017-13052 ,details0

2025-08-15 15:35:20,298 - INFO - processing CVE-2017-13018 ( 101)
2025-08-15 15:35:20,298 - INFO - running: python main.py --mfi --cve_id CVE-2017-13018 --path_to_vul_bin /binaries/reference/tcpdump/CVE-2017-13018-vuln-11b426ee05eb-tcpdump --path_to_patch_bin /binaries/reference/tcpdump/CVE-2017-13018-patch-26a6799b9ca8-tcpdump --vul_func_name pgm_print
2025-08-15 15:41:32,880 - ERROR - fail CVE-2017-13018 ,details0

2025-08-15 15:41:32,881 - INFO - processing CVE-2017-13035 ( 102)
2025-08-15 15:41:32,882 - INFO - running: python main.py --mfi --cve_id CVE-2017-13035 --path_to_vul_bin /binaries/reference/tcpdump/CVE-2017-13035-vuln-da6f1a677bfa-tcpdump --path_to_patch_bin /binaries/reference/tcpdump/CVE-2017-13035-patch-571a6f33f47e-tcpdump --vul_func_name isis_print_id
2025-08-15 15:41:55,238 - INFO - success CVE-2017-13035,details in tcpdump-cve_logs/CVE-2017-13035.log

2025-08-15 15:41:55,239 - INFO - processing CVE-2017-13055 ( 103)
2025-08-15 15:41:55,239 - INFO - running: python main.py --mfi --cve_id CVE-2017-13055 --path_to_vul_bin /binaries/reference/tcpdump/CVE-2017-13055-vuln-5d340a5ca6e4-tcpdump --path_to_patch_bin /binaries/reference/tcpdump/CVE-2017-13055-patch-5d0d76e88ee2-tcpdump --vul_func_name isis_print_is_reach_subtlv
2025-08-15 15:45:16,325 - ERROR - fail CVE-2017-13055 ,details0

2025-08-15 15:45:16,326 - INFO - processing CVE-2017-12985 ( 104)
2025-08-15 15:45:16,326 - INFO - running: python main.py --mfi --cve_id CVE-2017-12985 --path_to_vul_bin /binaries/reference/tcpdump/CVE-2017-12985-vuln-0318fa8b61bd-tcpdump --path_to_patch_bin /binaries/reference/tcpdump/CVE-2017-12985-patch-66df248b4909-tcpdump --vul_func_name ip6_print
2025-08-15 16:48:09,813 - ERROR - fail CVE-2017-12985 ,details0

2025-08-15 16:48:09,814 - INFO - processing CVE-2017-12985 ( 105)
2025-08-15 16:48:09,814 - INFO - running: python main.py --mfi --cve_id CVE-2017-12985 --path_to_vul_bin /binaries/reference/tcpdump/CVE-2017-12985-vuln-0318fa8b61bd-tcpdump --path_to_patch_bin /binaries/reference/tcpdump/CVE-2017-12985-patch-66df248b4909-tcpdump --vul_func_name mobility_print
2025-08-15 16:48:20,509 - ERROR - fail CVE-2017-12985 ,details0

2025-08-15 16:48:20,510 - INFO - processing CVE-2017-12998 ( 106)
2025-08-15 16:48:20,511 - INFO - running: python main.py --mfi --cve_id CVE-2017-12998 --path_to_vul_bin /binaries/reference/tcpdump/CVE-2017-12998-vuln-3b32029db354-tcpdump --path_to_patch_bin /binaries/reference/tcpdump/CVE-2017-12998-patch-979dcefd7b25-tcpdump --vul_func_name isis_print_extd_ip_reach
2025-08-15 16:48:49,784 - ERROR - fail CVE-2017-12998 ,details0

2025-08-15 16:48:49,785 - INFO - processing CVE-2017-13039 ( 107)
2025-08-15 16:48:49,786 - INFO - running: python main.py --mfi --cve_id CVE-2017-13039 --path_to_vul_bin /binaries/reference/tcpdump/CVE-2017-13039-vuln-7335163a6ef8-tcpdump --path_to_patch_bin /binaries/reference/tcpdump/CVE-2017-13039-patch-e0a5a02b0fc1-tcpdump --vul_func_name ikev1_attrmap_print
2025-08-15 16:49:13,878 - INFO - success CVE-2017-13039,details in tcpdump-cve_logs/CVE-2017-13039.log

2025-08-15 16:49:13,879 - INFO - processing CVE-2017-13039 ( 108)
2025-08-15 16:49:13,879 - INFO - running: python main.py --mfi --cve_id CVE-2017-13039 --path_to_vul_bin /binaries/reference/tcpdump/CVE-2017-13039-vuln-7335163a6ef8-tcpdump --path_to_patch_bin /binaries/reference/tcpdump/CVE-2017-13039-patch-e0a5a02b0fc1-tcpdump --vul_func_name ikev1_n_print
2025-08-15 16:49:28,884 - ERROR - fail CVE-2017-13039 ,details0

2025-08-15 16:49:28,886 - INFO - processing CVE-2017-13039 ( 109)
2025-08-15 16:49:28,886 - INFO - running: python main.py --mfi --cve_id CVE-2017-13039 --path_to_vul_bin /binaries/reference/tcpdump/CVE-2017-13039-vuln-7335163a6ef8-tcpdump --path_to_patch_bin /binaries/reference/tcpdump/CVE-2017-13039-patch-e0a5a02b0fc1-tcpdump --vul_func_name ikev1_t_print
2025-08-15 16:49:48,367 - ERROR - fail CVE-2017-13039 ,details0

2025-08-15 16:49:48,369 - INFO - processing CVE-2017-13039 ( 110)
2025-08-15 16:49:48,369 - INFO - running: python main.py --mfi --cve_id CVE-2017-13039 --path_to_vul_bin /binaries/reference/tcpdump/CVE-2017-13039-vuln-7335163a6ef8-tcpdump --path_to_patch_bin /binaries/reference/tcpdump/CVE-2017-13039-patch-e0a5a02b0fc1-tcpdump --vul_func_name ikev2_t_print
2025-08-15 16:50:06,183 - ERROR - fail CVE-2017-13039 ,details0

2025-08-17 10:49:02,707 - INFO - processing CVE-2018-14469 ( 1)
2025-08-17 10:49:02,708 - INFO - running: python main.py --mfi --cve_id CVE-2018-14469 --path_to_vul_bin /binaries/reference/tcpdump/CVE-2018-14469-vuln-c24922e692a5-tcpdump --path_to_patch_bin /binaries/reference/tcpdump/CVE-2018-14469-patch-396e94ff55a8-tcpdump --vul_func_name ikev1_n_print
2025-08-17 10:50:06,684 - ERROR - fail CVE-2018-14469 ,details0

2025-08-17 10:50:06,684 - INFO - processing CVE-2018-14467 ( 2)
2025-08-17 10:50:06,684 - INFO - running: python main.py --mfi --cve_id CVE-2018-14467 --path_to_vul_bin /binaries/reference/tcpdump/CVE-2018-14467-vuln-86326e880d31-tcpdump --path_to_patch_bin /binaries/reference/tcpdump/CVE-2018-14467-patch-e3f3b445e2d2-tcpdump --vul_func_name bgp_capabilities_print
2025-08-17 10:50:47,101 - ERROR - fail CVE-2018-14467 ,details0

2025-08-17 10:50:47,102 - INFO - processing CVE-2017-13012 ( 3)
2025-08-17 10:50:47,102 - INFO - running: python main.py --mfi --cve_id CVE-2017-13012 --path_to_vul_bin /binaries/reference/tcpdump/CVE-2017-13012-vuln-9f0730bee3eb-tcpdump --path_to_patch_bin /binaries/reference/tcpdump/CVE-2017-13012-patch-8509ef02eceb-tcpdump --vul_func_name icmp_print
2025-08-17 10:58:21,366 - ERROR - fail CVE-2017-13012 ,details0

2025-08-17 10:58:21,367 - INFO - processing CVE-2018-14470 ( 4)
2025-08-17 10:58:21,368 - INFO - running: python main.py --mfi --cve_id CVE-2018-14470 --path_to_vul_bin /binaries/reference/tcpdump/CVE-2018-14470-vuln-aa3e54f59438-tcpdump --path_to_patch_bin /binaries/reference/tcpdump/CVE-2018-14470-patch-12f66f69f7bf-tcpdump --vul_func_name babel_print_v2
2025-08-17 11:01:32,731 - ERROR - fail CVE-2018-14470 ,details0

2025-08-17 11:01:32,733 - INFO - processing CVE-2018-16229 ( 5)
2025-08-17 11:01:32,733 - INFO - running: python main.py --mfi --cve_id CVE-2018-16229 --path_to_vul_bin /binaries/reference/tcpdump/CVE-2018-16229-vuln-4846b3c5d0a8-tcpdump --path_to_patch_bin /binaries/reference/tcpdump/CVE-2018-16229-patch-211124b972e7-tcpdump --vul_func_name dccp_print_option
2025-08-17 11:16:14,766 - ERROR - fail CVE-2018-16229 ,details0

2025-08-17 11:16:14,767 - INFO - processing CVE-2017-12996 ( 6)
2025-08-17 11:16:14,767 - INFO - running: python main.py --mfi --cve_id CVE-2017-12996 --path_to_vul_bin /binaries/reference/tcpdump/CVE-2017-12996-vuln-34cec721d39c-tcpdump --path_to_patch_bin /binaries/reference/tcpdump/CVE-2017-12996-patch-6fca58f5f9c9-tcpdump --vul_func_name pimv2_print
2025-08-17 11:28:28,307 - ERROR - fail CVE-2017-12996 ,details0

2025-08-17 11:28:28,308 - INFO - processing CVE-2017-13006 ( 7)
2025-08-17 11:28:28,309 - INFO - running: python main.py --mfi --cve_id CVE-2017-13006 --path_to_vul_bin /binaries/reference/tcpdump/CVE-2017-13006-vuln-4e430c6b0d8b-tcpdump --path_to_patch_bin /binaries/reference/tcpdump/CVE-2017-13006-patch-cc4a7391c616-tcpdump --vul_func_name l2tp_avp_print
2025-08-17 11:49:35,285 - ERROR - fail CVE-2017-13006 ,details0

2025-08-17 11:49:35,286 - INFO - processing CVE-2017-13006 ( 8)
2025-08-17 11:49:35,286 - INFO - running: python main.py --mfi --cve_id CVE-2017-13006 --path_to_vul_bin /binaries/reference/tcpdump/CVE-2017-13006-vuln-4e430c6b0d8b-tcpdump --path_to_patch_bin /binaries/reference/tcpdump/CVE-2017-13006-patch-cc4a7391c616-tcpdump --vul_func_name l2tp_bearer_cap_print
2025-08-17 11:49:53,636 - ERROR - fail CVE-2017-13006 ,details0

2025-08-17 11:49:53,637 - INFO - processing CVE-2017-13006 ( 9)
2025-08-17 11:49:53,637 - INFO - running: python main.py --mfi --cve_id CVE-2017-13006 --path_to_vul_bin /binaries/reference/tcpdump/CVE-2017-13006-vuln-4e430c6b0d8b-tcpdump --path_to_patch_bin /binaries/reference/tcpdump/CVE-2017-13006-patch-cc4a7391c616-tcpdump --vul_func_name l2tp_bearer_type_print
2025-08-17 11:50:12,567 - ERROR - fail CVE-2017-13006 ,details0

2025-08-17 11:50:12,568 - INFO - processing CVE-2017-13006 ( 10)
2025-08-17 11:50:12,568 - INFO - running: python main.py --mfi --cve_id CVE-2017-13006 --path_to_vul_bin /binaries/reference/tcpdump/CVE-2017-13006-vuln-4e430c6b0d8b-tcpdump --path_to_patch_bin /binaries/reference/tcpdump/CVE-2017-13006-patch-cc4a7391c616-tcpdump --vul_func_name l2tp_framing_cap_print
2025-08-17 11:50:31,156 - ERROR - fail CVE-2017-13006 ,details0

2025-08-17 11:50:31,157 - INFO - processing CVE-2017-13006 ( 11)
2025-08-17 11:50:31,157 - INFO - running: python main.py --mfi --cve_id CVE-2017-13006 --path_to_vul_bin /binaries/reference/tcpdump/CVE-2017-13006-vuln-4e430c6b0d8b-tcpdump --path_to_patch_bin /binaries/reference/tcpdump/CVE-2017-13006-patch-cc4a7391c616-tcpdump --vul_func_name l2tp_packet_proc_delay_print
2025-08-17 11:50:38,394 - ERROR - fail CVE-2017-13006 ,details0

2025-08-17 11:50:38,395 - INFO - processing CVE-2017-13006 ( 12)
2025-08-17 11:50:38,396 - INFO - running: python main.py --mfi --cve_id CVE-2017-13006 --path_to_vul_bin /binaries/reference/tcpdump/CVE-2017-13006-vuln-4e430c6b0d8b-tcpdump --path_to_patch_bin /binaries/reference/tcpdump/CVE-2017-13006-patch-cc4a7391c616-tcpdump --vul_func_name l2tp_ppp_discon_cc_print
2025-08-17 11:50:58,812 - ERROR - fail CVE-2017-13006 ,details0

2025-08-17 11:50:58,813 - INFO - processing CVE-2017-13006 ( 13)
2025-08-17 11:50:58,813 - INFO - running: python main.py --mfi --cve_id CVE-2017-13006 --path_to_vul_bin /binaries/reference/tcpdump/CVE-2017-13006-vuln-4e430c6b0d8b-tcpdump --path_to_patch_bin /binaries/reference/tcpdump/CVE-2017-13006-patch-cc4a7391c616-tcpdump --vul_func_name l2tp_result_code_print
2025-08-17 11:51:31,554 - ERROR - fail CVE-2017-13006 ,details0

2025-08-17 11:51:31,555 - INFO - processing CVE-2017-13006 ( 14)
2025-08-17 11:51:31,555 - INFO - running: python main.py --mfi --cve_id CVE-2017-13006 --path_to_vul_bin /binaries/reference/tcpdump/CVE-2017-13006-vuln-4e430c6b0d8b-tcpdump --path_to_patch_bin /binaries/reference/tcpdump/CVE-2017-13006-patch-cc4a7391c616-tcpdump --vul_func_name print_32bits_val
2025-08-17 11:51:38,833 - ERROR - fail CVE-2017-13006 ,details0

2025-08-17 11:51:38,834 - INFO - processing CVE-2017-13011 ( 15)
2025-08-17 11:51:38,835 - INFO - running: python main.py --mfi --cve_id CVE-2017-13011 --path_to_vul_bin /binaries/reference/tcpdump/CVE-2017-13011-vuln-93493458ca50-tcpdump --path_to_patch_bin /binaries/reference/tcpdump/CVE-2017-13011-patch-9f0730bee3eb-tcpdump --vul_func_name bittok2str_internal
2025-08-17 11:52:02,868 - ERROR - fail CVE-2017-13011 ,details1

2025-08-17 11:52:02,869 - INFO - processing CVE-2017-13033 ( 16)
2025-08-17 11:52:02,869 - INFO - running: python main.py --mfi --cve_id CVE-2017-13033 --path_to_vul_bin /binaries/reference/tcpdump/CVE-2017-13033-vuln-e0d8ee571438-tcpdump --path_to_patch_bin /binaries/reference/tcpdump/CVE-2017-13033-patch-ae83295915d0-tcpdump --vul_func_name vtp_print
2025-08-17 12:00:17,926 - ERROR - fail CVE-2017-13033 ,details0

2025-08-17 12:00:17,927 - INFO - processing CVE-2017-12898 ( 17)
2025-08-17 12:00:17,928 - INFO - running: python main.py --mfi --cve_id CVE-2017-12898 --path_to_vul_bin /binaries/reference/tcpdump/CVE-2017-12898-vuln-1dcd10aceabb-tcpdump --path_to_patch_bin /binaries/reference/tcpdump/CVE-2017-12898-patch-19d25dd87816-tcpdump --vul_func_name interp_reply
2025-08-17 12:03:50,605 - ERROR - fail CVE-2017-12898 ,details0

2025-08-17 12:03:50,606 - INFO - processing CVE-2017-12898 ( 18)
2025-08-17 12:03:50,606 - INFO - running: python main.py --mfi --cve_id CVE-2017-12898 --path_to_vul_bin /binaries/reference/tcpdump/CVE-2017-12898-vuln-1dcd10aceabb-tcpdump --path_to_patch_bin /binaries/reference/tcpdump/CVE-2017-12898-patch-19d25dd87816-tcpdump --vul_func_name nfsreq_print_noaddr
2025-08-17 12:04:04,239 - ERROR - fail CVE-2017-12898 ,details0

2025-08-17 12:04:04,239 - INFO - processing CVE-2017-12898 ( 19)
2025-08-17 12:04:04,239 - INFO - running: python main.py --mfi --cve_id CVE-2017-12898 --path_to_vul_bin /binaries/reference/tcpdump/CVE-2017-12898-vuln-1dcd10aceabb-tcpdump --path_to_patch_bin /binaries/reference/tcpdump/CVE-2017-12898-patch-19d25dd87816-tcpdump --vul_func_name parserep
2025-08-17 12:04:21,225 - ERROR - fail CVE-2017-12898 ,details0

2025-08-17 12:04:21,226 - INFO - processing CVE-2017-13007 ( 20)
2025-08-17 12:04:21,226 - INFO - running: python main.py --mfi --cve_id CVE-2017-13007 --path_to_vul_bin /binaries/reference/tcpdump/CVE-2017-13007-vuln-cc4a7391c616-tcpdump --path_to_patch_bin /binaries/reference/tcpdump/CVE-2017-13007-patch-ca336198e8be-tcpdump --vul_func_name pktap_if_print
2025-08-17 12:04:49,958 - INFO - success CVE-2017-13007,details in tcpdump-cve_logs/CVE-2017-13007.log

2025-08-17 12:04:49,959 - INFO - processing CVE-2017-12989 ( 21)
2025-08-17 12:04:49,959 - INFO - running: python main.py --mfi --cve_id CVE-2017-12989 --path_to_vul_bin /binaries/reference/tcpdump/CVE-2017-12989-vuln-2ecb9d2c67d9-tcpdump --path_to_patch_bin /binaries/reference/tcpdump/CVE-2017-12989-patch-db24063b01cb-tcpdump --vul_func_name resp_get_length
2025-08-17 12:05:36,935 - ERROR - fail CVE-2017-12989 ,details0

2025-08-17 12:05:36,936 - INFO - processing CVE-2017-13000 ( 22)
2025-08-17 12:05:36,937 - INFO - running: python main.py --mfi --cve_id CVE-2017-13000 --path_to_vul_bin /binaries/reference/tcpdump/CVE-2017-13000-vuln-a7e5f58f402e-tcpdump --path_to_patch_bin /binaries/reference/tcpdump/CVE-2017-13000-patch-851273488322-tcpdump --vul_func_name ieee802_15_4_if_print
2025-08-17 12:05:57,234 - ERROR - fail CVE-2017-13000 ,details0

2025-08-17 12:05:57,235 - INFO - processing CVE-2017-13017 ( 23)
2025-08-17 12:05:57,236 - INFO - running: python main.py --mfi --cve_id CVE-2017-13017 --path_to_vul_bin /binaries/reference/tcpdump/CVE-2017-13017-vuln-c177cb3800a9-tcpdump --path_to_patch_bin /binaries/reference/tcpdump/CVE-2017-13017-patch-11b426ee05eb-tcpdump --vul_func_name dhcp6opt_print
2025-08-17 12:06:20,631 - ERROR - fail CVE-2017-13017 ,details1

2025-08-17 12:06:20,632 - INFO - processing CVE-2017-13004 ( 24)
2025-08-17 12:06:20,633 - INFO - running: python main.py --mfi --cve_id CVE-2017-13004 --path_to_vul_bin /binaries/reference/tcpdump/CVE-2017-13004-vuln-a25211918f2e-tcpdump --path_to_patch_bin /binaries/reference/tcpdump/CVE-2017-13004-patch-42073d54c53a-tcpdump --vul_func_name juniper_parse_header
2025-08-17 12:12:25,295 - ERROR - fail CVE-2017-13004 ,details0

2025-08-17 12:12:25,296 - INFO - processing CVE-2017-13027 ( 25)
2025-08-17 12:12:25,297 - INFO - running: python main.py --mfi --cve_id CVE-2017-13027 --path_to_vul_bin /binaries/reference/tcpdump/CVE-2017-13027-vuln-b20e1639dbac-tcpdump --path_to_patch_bin /binaries/reference/tcpdump/CVE-2017-13027-patch-a77ff09c4656-tcpdump --vul_func_name lldp_mgmt_addr_tlv_print
2025-08-17 12:12:52,843 - ERROR - fail CVE-2017-13027 ,details0

2025-08-17 12:12:52,844 - INFO - processing CVE-2017-13051 ( 26)
2025-08-17 12:12:52,845 - INFO - running: python main.py --mfi --cve_id CVE-2017-13051 --path_to_vul_bin /binaries/reference/tcpdump/CVE-2017-13051-vuln-331530a4076c-tcpdump --path_to_patch_bin /binaries/reference/tcpdump/CVE-2017-13051-patch-289c67202028-tcpdump --vul_func_name rsvp_obj_print
2025-08-17 12:21:37,469 - ERROR - fail CVE-2017-13051 ,details0

2025-08-17 12:21:37,470 - INFO - processing CVE-2017-12902 ( 27)
2025-08-17 12:21:37,471 - INFO - running: python main.py --mfi --cve_id CVE-2017-12902 --path_to_vul_bin /binaries/reference/tcpdump/CVE-2017-12902-vuln-de981e6070d1-tcpdump --path_to_patch_bin /binaries/reference/tcpdump/CVE-2017-12902-patch-d17507ffa3e9-tcpdump --vul_func_name zephyr_print
2025-08-17 13:05:12,481 - ERROR - fail CVE-2017-12902 ,details0

2025-08-17 13:05:12,483 - INFO - processing CVE-2017-13016 ( 28)
2025-08-17 13:05:12,483 - INFO - running: python main.py --mfi --cve_id CVE-2017-13016 --path_to_vul_bin /binaries/reference/tcpdump/CVE-2017-13016-vuln-985122081165-tcpdump --path_to_patch_bin /binaries/reference/tcpdump/CVE-2017-13016-patch-c177cb3800a9-tcpdump --vul_func_name esis_print
2025-08-17 13:08:02,359 - ERROR - fail CVE-2017-13016 ,details0

2025-08-17 13:08:02,360 - INFO - processing CVE-2017-12988 ( 29)
2025-08-17 13:08:02,361 - INFO - running: python main.py --mfi --cve_id CVE-2017-12988 --path_to_vul_bin /binaries/reference/tcpdump/CVE-2017-12988-vuln-c2ef693866be-tcpdump --path_to_patch_bin /binaries/reference/tcpdump/CVE-2017-12988-patch-8934a7d63072-tcpdump --vul_func_name telnet_parse
2025-08-17 13:09:24,722 - ERROR - fail CVE-2017-12988 ,details0

2025-08-17 13:09:24,723 - INFO - processing CVE-2017-13042 ( 30)
2025-08-17 13:09:24,731 - INFO - running: python main.py --mfi --cve_id CVE-2017-13042 --path_to_vul_bin /binaries/reference/tcpdump/CVE-2017-13042-vuln-f4b9e24c7384-tcpdump --path_to_patch_bin /binaries/reference/tcpdump/CVE-2017-13042-patch-39582c04cc5e-tcpdump --vul_func_name dhcpv6_print
2025-08-17 13:10:22,702 - ERROR - fail CVE-2017-13042 ,details0

2025-08-17 13:10:22,703 - INFO - processing CVE-2018-14463 ( 31)
2025-08-17 13:10:22,703 - INFO - running: python main.py --mfi --cve_id CVE-2018-14463 --path_to_vul_bin /binaries/reference/tcpdump/CVE-2018-14463-vuln-bea2686c296b-tcpdump --path_to_patch_bin /binaries/reference/tcpdump/CVE-2018-14463-patch-3de07c772166-tcpdump --vul_func_name vrrp_print
2025-08-17 13:11:27,103 - ERROR - fail CVE-2018-14463 ,details0

2025-08-17 13:11:27,104 - INFO - processing CVE-2018-14461 ( 32)
2025-08-17 13:11:27,105 - INFO - running: python main.py --mfi --cve_id CVE-2018-14461 --path_to_vul_bin /binaries/reference/tcpdump/CVE-2018-14461-vuln-396e94ff55a8-tcpdump --path_to_patch_bin /binaries/reference/tcpdump/CVE-2018-14461-patch-aa5c6b710dfd-tcpdump --vul_func_name ldp_pdu_print
2025-08-17 13:11:44,893 - ERROR - fail CVE-2018-14461 ,details0

2025-08-17 13:11:44,893 - INFO - processing CVE-2018-14461 ( 33)
2025-08-17 13:11:44,894 - INFO - running: python main.py --mfi --cve_id CVE-2018-14461 --path_to_vul_bin /binaries/reference/tcpdump/CVE-2018-14461-vuln-396e94ff55a8-tcpdump --path_to_patch_bin /binaries/reference/tcpdump/CVE-2018-14461-patch-aa5c6b710dfd-tcpdump --vul_func_name ldp_tlv_print
2025-08-17 13:12:03,000 - ERROR - fail CVE-2018-14461 ,details0

2025-08-17 13:12:03,001 - INFO - processing CVE-2017-13022 ( 34)
2025-08-17 13:12:03,001 - INFO - running: python main.py --mfi --cve_id CVE-2017-13022 --path_to_vul_bin /binaries/reference/tcpdump/CVE-2017-13022-vuln-67c7126062d5-tcpdump --path_to_patch_bin /binaries/reference/tcpdump/CVE-2017-13022-patch-eee0b04bcfda-tcpdump --vul_func_name ip_optprint
2025-08-17 13:13:21,229 - ERROR - fail CVE-2017-13022 ,details0

2025-08-17 13:13:21,230 - INFO - processing CVE-2017-13022 ( 35)
2025-08-17 13:13:21,230 - INFO - running: python main.py --mfi --cve_id CVE-2017-13022 --path_to_vul_bin /binaries/reference/tcpdump/CVE-2017-13022-vuln-67c7126062d5-tcpdump --path_to_patch_bin /binaries/reference/tcpdump/CVE-2017-13022-patch-eee0b04bcfda-tcpdump --vul_func_name ip_printroute
2025-08-17 13:13:52,097 - ERROR - fail CVE-2017-13022 ,details0

2025-08-17 13:13:52,098 - INFO - processing CVE-2017-12993 ( 36)
2025-08-17 13:13:52,098 - INFO - running: python main.py --mfi --cve_id CVE-2017-12993 --path_to_vul_bin /binaries/reference/tcpdump/CVE-2017-12993-vuln-d3aae7193067-tcpdump --path_to_patch_bin /binaries/reference/tcpdump/CVE-2017-12993-patch-b534e3045685-tcpdump --vul_func_name juniper_atm1_print
2025-08-17 13:14:31,505 - INFO - success CVE-2017-12993,details in tcpdump-cve_logs/CVE-2017-12993.log

2025-08-17 13:14:31,505 - INFO - processing CVE-2017-12993 ( 37)
2025-08-17 13:14:31,506 - INFO - running: python main.py --mfi --cve_id CVE-2017-12993 --path_to_vul_bin /binaries/reference/tcpdump/CVE-2017-12993-vuln-d3aae7193067-tcpdump --path_to_patch_bin /binaries/reference/tcpdump/CVE-2017-12993-patch-b534e3045685-tcpdump --vul_func_name juniper_atm2_print
2025-08-17 13:14:51,336 - ERROR - fail CVE-2017-12993 ,details0

2025-08-17 13:14:51,337 - INFO - processing CVE-2017-12993 ( 38)
2025-08-17 13:14:51,338 - INFO - running: python main.py --mfi --cve_id CVE-2017-12993 --path_to_vul_bin /binaries/reference/tcpdump/CVE-2017-12993-vuln-d3aae7193067-tcpdump --path_to_patch_bin /binaries/reference/tcpdump/CVE-2017-12993-patch-b534e3045685-tcpdump --vul_func_name juniper_es_print
2025-08-17 13:15:15,797 - ERROR - fail CVE-2017-12993 ,details0

2025-08-17 13:15:15,798 - INFO - processing CVE-2017-12993 ( 39)
2025-08-17 13:15:15,798 - INFO - running: python main.py --mfi --cve_id CVE-2017-12993 --path_to_vul_bin /binaries/reference/tcpdump/CVE-2017-12993-vuln-d3aae7193067-tcpdump --path_to_patch_bin /binaries/reference/tcpdump/CVE-2017-12993-patch-b534e3045685-tcpdump --vul_func_name juniper_ggsn_print
2025-08-17 13:15:39,417 - ERROR - fail CVE-2017-12993 ,details0

2025-08-17 13:15:39,418 - INFO - processing CVE-2017-12993 ( 40)
2025-08-17 13:15:39,418 - INFO - running: python main.py --mfi --cve_id CVE-2017-12993 --path_to_vul_bin /binaries/reference/tcpdump/CVE-2017-12993-vuln-d3aae7193067-tcpdump --path_to_patch_bin /binaries/reference/tcpdump/CVE-2017-12993-patch-b534e3045685-tcpdump --vul_func_name juniper_monitor_print
2025-08-17 13:16:03,749 - ERROR - fail CVE-2017-12993 ,details0

2025-08-17 13:16:03,750 - INFO - processing CVE-2017-12993 ( 41)
2025-08-17 13:16:03,751 - INFO - running: python main.py --mfi --cve_id CVE-2017-12993 --path_to_vul_bin /binaries/reference/tcpdump/CVE-2017-12993-vuln-d3aae7193067-tcpdump --path_to_patch_bin /binaries/reference/tcpdump/CVE-2017-12993-patch-b534e3045685-tcpdump --vul_func_name juniper_parse_header
2025-08-17 13:16:35,408 - ERROR - fail CVE-2017-12993 ,details0

2025-08-17 13:16:35,409 - INFO - processing CVE-2017-12993 ( 42)
2025-08-17 13:16:35,410 - INFO - running: python main.py --mfi --cve_id CVE-2017-12993 --path_to_vul_bin /binaries/reference/tcpdump/CVE-2017-12993-vuln-d3aae7193067-tcpdump --path_to_patch_bin /binaries/reference/tcpdump/CVE-2017-12993-patch-b534e3045685-tcpdump --vul_func_name juniper_pppoe_atm_print
2025-08-17 13:16:57,683 - ERROR - fail CVE-2017-12993 ,details0

2025-08-17 13:16:57,684 - INFO - processing CVE-2017-12993 ( 43)
2025-08-17 13:16:57,685 - INFO - running: python main.py --mfi --cve_id CVE-2017-12993 --path_to_vul_bin /binaries/reference/tcpdump/CVE-2017-12993-vuln-d3aae7193067-tcpdump --path_to_patch_bin /binaries/reference/tcpdump/CVE-2017-12993-patch-b534e3045685-tcpdump --vul_func_name juniper_services_print
2025-08-17 13:17:21,633 - ERROR - fail CVE-2017-12993 ,details0

2025-08-17 13:17:21,634 - INFO - processing CVE-2018-16451 ( 44)
2025-08-17 13:17:21,635 - INFO - running: python main.py --mfi --cve_id CVE-2018-16451 --path_to_vul_bin /binaries/reference/tcpdump/CVE-2018-16451-vuln-689c6e6d0912-tcpdump --path_to_patch_bin /binaries/reference/tcpdump/CVE-2018-16451-patch-96480ab95308-tcpdump --vul_func_name print_trans
2025-08-17 13:18:18,887 - ERROR - fail CVE-2018-16451 ,details0

2025-08-17 13:18:18,888 - INFO - processing CVE-2018-14466 ( 45)
2025-08-17 13:18:18,888 - INFO - running: python main.py --mfi --cve_id CVE-2018-14466 --path_to_vul_bin /binaries/reference/tcpdump/CVE-2018-14466-vuln-e5ae1fd2c5d8-tcpdump --path_to_patch_bin /binaries/reference/tcpdump/CVE-2018-14466-patch-c24922e692a5-tcpdump --vul_func_name rx_cache_find
2025-08-17 13:18:38,112 - ERROR - fail CVE-2018-14466 ,details0

2025-08-17 13:18:38,112 - INFO - processing CVE-2018-14466 ( 46)
2025-08-17 13:18:38,113 - INFO - running: python main.py --mfi --cve_id CVE-2018-14466 --path_to_vul_bin /binaries/reference/tcpdump/CVE-2018-14466-vuln-e5ae1fd2c5d8-tcpdump --path_to_patch_bin /binaries/reference/tcpdump/CVE-2018-14466-patch-c24922e692a5-tcpdump --vul_func_name rx_cache_insert
2025-08-17 13:18:47,896 - ERROR - fail CVE-2018-14466 ,details0

2025-08-17 13:18:47,897 - INFO - processing CVE-2017-13002 ( 47)
2025-08-17 13:18:47,898 - INFO - running: python main.py --mfi --cve_id CVE-2017-13002 --path_to_vul_bin /binaries/reference/tcpdump/CVE-2017-13002-vuln-7a923447fd49-tcpdump --path_to_patch_bin /binaries/reference/tcpdump/CVE-2017-13002-patch-cbddb98484ea-tcpdump --vul_func_name aodv_extension
2025-08-17 13:19:08,782 - INFO - success CVE-2017-13002,details in tcpdump-cve_logs/CVE-2017-13002.log

2025-08-17 13:19:08,783 - INFO - processing CVE-2018-14881 ( 48)
2025-08-17 13:19:08,783 - INFO - running: python main.py --mfi --cve_id CVE-2018-14881 --path_to_vul_bin /binaries/reference/tcpdump/CVE-2018-14881-vuln-3de07c772166-tcpdump --path_to_patch_bin /binaries/reference/tcpdump/CVE-2018-14881-patch-86326e880d31-tcpdump --vul_func_name bgp_capabilities_print
2025-08-17 13:19:48,913 - ERROR - fail CVE-2018-14881 ,details0

2025-08-17 13:19:48,914 - INFO - processing CVE-2018-14465 ( 49)
2025-08-17 13:19:48,915 - INFO - running: python main.py --mfi --cve_id CVE-2018-14465 --path_to_vul_bin /binaries/reference/tcpdump/CVE-2018-14465-vuln-1a1bce0526a7-tcpdump --path_to_patch_bin /binaries/reference/tcpdump/CVE-2018-14465-patch-bea2686c296b-tcpdump --vul_func_name rsvp_obj_print
2025-08-17 13:23:59,261 - ERROR - fail CVE-2018-14465 ,details0

2025-08-17 13:23:59,262 - INFO - processing CVE-2017-13690 ( 50)
2025-08-17 13:23:59,262 - INFO - running: python main.py --mfi --cve_id CVE-2017-13690 --path_to_vul_bin /binaries/reference/tcpdump/CVE-2017-13690-vuln-061e7371a944-tcpdump --path_to_patch_bin /binaries/reference/tcpdump/CVE-2017-13690-patch-8dca25d26c7c-tcpdump --vul_func_name ikev1_cert_print
2025-08-17 13:24:07,669 - ERROR - fail CVE-2017-13690 ,details0

2025-08-17 13:24:07,670 - INFO - processing CVE-2017-13690 ( 51)
2025-08-17 13:24:07,670 - INFO - running: python main.py --mfi --cve_id CVE-2017-13690 --path_to_vul_bin /binaries/reference/tcpdump/CVE-2017-13690-vuln-061e7371a944-tcpdump --path_to_patch_bin /binaries/reference/tcpdump/CVE-2017-13690-patch-8dca25d26c7c-tcpdump --vul_func_name ikev1_cr_print
2025-08-17 13:24:15,132 - ERROR - fail CVE-2017-13690 ,details0

2025-08-17 13:24:15,133 - INFO - processing CVE-2017-13690 ( 52)
2025-08-17 13:24:15,133 - INFO - running: python main.py --mfi --cve_id CVE-2017-13690 --path_to_vul_bin /binaries/reference/tcpdump/CVE-2017-13690-vuln-061e7371a944-tcpdump --path_to_patch_bin /binaries/reference/tcpdump/CVE-2017-13690-patch-8dca25d26c7c-tcpdump --vul_func_name ikev1_hash_print
2025-08-17 13:24:22,669 - ERROR - fail CVE-2017-13690 ,details0

2025-08-17 13:24:22,670 - INFO - processing CVE-2017-13690 ( 53)
2025-08-17 13:24:22,671 - INFO - running: python main.py --mfi --cve_id CVE-2017-13690 --path_to_vul_bin /binaries/reference/tcpdump/CVE-2017-13690-vuln-061e7371a944-tcpdump --path_to_patch_bin /binaries/reference/tcpdump/CVE-2017-13690-patch-8dca25d26c7c-tcpdump --vul_func_name ikev1_ke_print
2025-08-17 13:24:29,885 - ERROR - fail CVE-2017-13690 ,details0

2025-08-17 13:24:29,886 - INFO - processing CVE-2017-13690 ( 54)
2025-08-17 13:24:29,886 - INFO - running: python main.py --mfi --cve_id CVE-2017-13690 --path_to_vul_bin /binaries/reference/tcpdump/CVE-2017-13690-vuln-061e7371a944-tcpdump --path_to_patch_bin /binaries/reference/tcpdump/CVE-2017-13690-patch-8dca25d26c7c-tcpdump --vul_func_name ikev1_sig_print
2025-08-17 13:24:37,235 - ERROR - fail CVE-2017-13690 ,details0

2025-08-17 13:24:37,236 - INFO - processing CVE-2017-13690 ( 55)
2025-08-17 13:24:37,237 - INFO - running: python main.py --mfi --cve_id CVE-2017-13690 --path_to_vul_bin /binaries/reference/tcpdump/CVE-2017-13690-vuln-061e7371a944-tcpdump --path_to_patch_bin /binaries/reference/tcpdump/CVE-2017-13690-patch-8dca25d26c7c-tcpdump --vul_func_name ikev1_sub_print
2025-08-17 13:24:44,612 - ERROR - fail CVE-2017-13690 ,details0

2025-08-17 13:24:44,613 - INFO - processing CVE-2017-13690 ( 56)
2025-08-17 13:24:44,613 - INFO - running: python main.py --mfi --cve_id CVE-2017-13690 --path_to_vul_bin /binaries/reference/tcpdump/CVE-2017-13690-vuln-061e7371a944-tcpdump --path_to_patch_bin /binaries/reference/tcpdump/CVE-2017-13690-patch-8dca25d26c7c-tcpdump --vul_func_name ikev1_vid_print
2025-08-17 13:24:51,846 - ERROR - fail CVE-2017-13690 ,details0

2025-08-17 13:24:51,847 - INFO - processing CVE-2017-13690 ( 57)
2025-08-17 13:24:51,848 - INFO - running: python main.py --mfi --cve_id CVE-2017-13690 --path_to_vul_bin /binaries/reference/tcpdump/CVE-2017-13690-vuln-061e7371a944-tcpdump --path_to_patch_bin /binaries/reference/tcpdump/CVE-2017-13690-patch-8dca25d26c7c-tcpdump --vul_func_name ikev2_ID_print
2025-08-17 13:25:13,530 - INFO - success CVE-2017-13690,details in tcpdump-cve_logs/CVE-2017-13690.log

2025-08-17 13:25:13,530 - INFO - processing CVE-2017-13690 ( 58)
2025-08-17 13:25:13,531 - INFO - running: python main.py --mfi --cve_id CVE-2017-13690 --path_to_vul_bin /binaries/reference/tcpdump/CVE-2017-13690-vuln-061e7371a944-tcpdump --path_to_patch_bin /binaries/reference/tcpdump/CVE-2017-13690-patch-8dca25d26c7c-tcpdump --vul_func_name ikev2_auth_print
2025-08-17 13:25:25,673 - ERROR - fail CVE-2017-13690 ,details0

2025-08-17 13:25:25,674 - INFO - processing CVE-2017-13690 ( 59)
2025-08-17 13:25:25,675 - INFO - running: python main.py --mfi --cve_id CVE-2017-13690 --path_to_vul_bin /binaries/reference/tcpdump/CVE-2017-13690-vuln-061e7371a944-tcpdump --path_to_patch_bin /binaries/reference/tcpdump/CVE-2017-13690-patch-8dca25d26c7c-tcpdump --vul_func_name ikev2_gen_print
2025-08-17 13:25:32,778 - ERROR - fail CVE-2017-13690 ,details0

2025-08-17 13:25:32,779 - INFO - processing CVE-2017-13690 ( 60)
2025-08-17 13:25:32,779 - INFO - running: python main.py --mfi --cve_id CVE-2017-13690 --path_to_vul_bin /binaries/reference/tcpdump/CVE-2017-13690-vuln-061e7371a944-tcpdump --path_to_patch_bin /binaries/reference/tcpdump/CVE-2017-13690-patch-8dca25d26c7c-tcpdump --vul_func_name ikev2_ke_print
2025-08-17 13:25:44,060 - ERROR - fail CVE-2017-13690 ,details0

2025-08-17 13:25:44,061 - INFO - processing CVE-2017-13690 ( 61)
2025-08-17 13:25:44,061 - INFO - running: python main.py --mfi --cve_id CVE-2017-13690 --path_to_vul_bin /binaries/reference/tcpdump/CVE-2017-13690-vuln-061e7371a944-tcpdump --path_to_patch_bin /binaries/reference/tcpdump/CVE-2017-13690-patch-8dca25d26c7c-tcpdump --vul_func_name ikev2_p_print
2025-08-17 13:25:51,264 - ERROR - fail CVE-2017-13690 ,details0

2025-08-17 13:25:51,265 - INFO - processing CVE-2017-13690 ( 62)
2025-08-17 13:25:51,266 - INFO - running: python main.py --mfi --cve_id CVE-2017-13690 --path_to_vul_bin /binaries/reference/tcpdump/CVE-2017-13690-vuln-061e7371a944-tcpdump --path_to_patch_bin /binaries/reference/tcpdump/CVE-2017-13690-patch-8dca25d26c7c-tcpdump --vul_func_name ikev2_sa_print
2025-08-17 13:25:58,336 - ERROR - fail CVE-2017-13690 ,details0

2025-08-17 13:25:58,337 - INFO - processing CVE-2017-13690 ( 63)
2025-08-17 13:25:58,337 - INFO - running: python main.py --mfi --cve_id CVE-2017-13690 --path_to_vul_bin /binaries/reference/tcpdump/CVE-2017-13690-vuln-061e7371a944-tcpdump --path_to_patch_bin /binaries/reference/tcpdump/CVE-2017-13690-patch-8dca25d26c7c-tcpdump --vul_func_name ikev2_sub_print
2025-08-17 13:26:05,330 - ERROR - fail CVE-2017-13690 ,details0

2025-08-17 13:26:05,331 - INFO - processing CVE-2017-13690 ( 64)
2025-08-17 13:26:05,332 - INFO - running: python main.py --mfi --cve_id CVE-2017-13690 --path_to_vul_bin /binaries/reference/tcpdump/CVE-2017-13690-vuln-061e7371a944-tcpdump --path_to_patch_bin /binaries/reference/tcpdump/CVE-2017-13690-patch-8dca25d26c7c-tcpdump --vul_func_name ikev2_vid_print
2025-08-17 13:26:12,611 - ERROR - fail CVE-2017-13690 ,details0

2025-08-17 13:26:12,612 - INFO - processing CVE-2019-15167 ( 65)
2025-08-17 13:26:12,612 - INFO - running: python main.py --mfi --cve_id CVE-2019-15167 --path_to_vul_bin /binaries/reference/tcpdump/CVE-2019-15167-vuln-09192e07808e-tcpdump --path_to_patch_bin /binaries/reference/tcpdump/CVE-2019-15167-patch-a152aebfd111-tcpdump --vul_func_name vrrp_print
2025-08-17 13:27:02,371 - ERROR - fail CVE-2019-15167 ,details0

2025-08-17 13:27:02,372 - INFO - processing CVE-2017-13021 ( 66)
2025-08-17 13:27:02,372 - INFO - running: python main.py --mfi --cve_id CVE-2017-13021 --path_to_vul_bin /binaries/reference/tcpdump/CVE-2017-13021-vuln-c5dd7bef5e54-tcpdump --path_to_patch_bin /binaries/reference/tcpdump/CVE-2017-13021-patch-67c7126062d5-tcpdump --vul_func_name icmp6_print
2025-08-17 13:36:01,675 - ERROR - fail CVE-2017-13021 ,details0

2025-08-17 13:36:01,676 - INFO - processing CVE-2018-16228 ( 67)
2025-08-17 13:36:01,677 - INFO - running: python main.py --mfi --cve_id CVE-2018-16228 --path_to_vul_bin /binaries/reference/tcpdump/CVE-2018-16228-vuln-13d52e9c0e7c-tcpdump --path_to_patch_bin /binaries/reference/tcpdump/CVE-2018-16228-patch-83a412a5275c-tcpdump --vul_func_name print_prefix
2025-08-17 13:36:23,143 - INFO - success CVE-2018-16228,details in tcpdump-cve_logs/CVE-2018-16228.log

2025-08-17 13:36:23,144 - INFO - processing CVE-2017-13026 ( 68)
2025-08-17 13:36:23,144 - INFO - running: python main.py --mfi --cve_id CVE-2017-13026 --path_to_vul_bin /binaries/reference/tcpdump/CVE-2017-13026-vuln-2e1f6d9320af-tcpdump --path_to_patch_bin /binaries/reference/tcpdump/CVE-2017-13026-patch-b20e1639dbac-tcpdump --vul_func_name isis_print_mt_capability_subtlv
2025-08-17 13:38:54,853 - ERROR - fail CVE-2017-13026 ,details0

2025-08-17 13:38:54,854 - INFO - processing CVE-2017-13026 ( 69)
2025-08-17 13:38:54,854 - INFO - running: python main.py --mfi --cve_id CVE-2017-13026 --path_to_vul_bin /binaries/reference/tcpdump/CVE-2017-13026-vuln-2e1f6d9320af-tcpdump --path_to_patch_bin /binaries/reference/tcpdump/CVE-2017-13026-patch-b20e1639dbac-tcpdump --vul_func_name isis_print_mt_port_cap_subtlv
2025-08-17 13:39:32,858 - ERROR - fail CVE-2017-13026 ,details0

2025-08-17 13:39:32,859 - INFO - processing CVE-2018-14880 ( 70)
2025-08-17 13:39:32,859 - INFO - running: python main.py --mfi --cve_id CVE-2018-14880 --path_to_vul_bin /binaries/reference/tcpdump/CVE-2018-14880-vuln-5e0aca029f88-tcpdump --path_to_patch_bin /binaries/reference/tcpdump/CVE-2018-14880-patch-e01c9bf76740-tcpdump --vul_func_name ospf6_print_lshdr
2025-08-17 13:39:50,407 - ERROR - fail CVE-2018-14880 ,details1

2025-08-17 13:39:50,408 - INFO - processing CVE-2017-13047 ( 71)
2025-08-17 13:39:50,409 - INFO - running: python main.py --mfi --cve_id CVE-2017-13047 --path_to_vul_bin /binaries/reference/tcpdump/CVE-2017-13047-vuln-3c8a2b0e91d8-tcpdump --path_to_patch_bin /binaries/reference/tcpdump/CVE-2017-13047-patch-331530a4076c-tcpdump --vul_func_name esis_print
2025-08-17 13:40:15,475 - ERROR - fail CVE-2017-13047 ,details0

2025-08-17 13:40:15,476 - INFO - processing CVE-2017-13024 ( 72)
2025-08-17 13:40:15,477 - INFO - running: python main.py --mfi --cve_id CVE-2017-13024 --path_to_vul_bin /binaries/reference/tcpdump/CVE-2017-13024-vuln-b8e559afaeb8-tcpdump --path_to_patch_bin /binaries/reference/tcpdump/CVE-2017-13024-patch-7d3aba9f0689-tcpdump --vul_func_name mobility_opt_print
2025-08-17 13:47:23,173 - ERROR - fail CVE-2017-13024 ,details0

2025-08-17 13:47:23,174 - INFO - processing CVE-2017-13005 ( 73)
2025-08-17 13:47:23,175 - INFO - running: python main.py --mfi --cve_id CVE-2017-13005 --path_to_vul_bin /binaries/reference/tcpdump/CVE-2017-13005-vuln-35d146b7a664-tcpdump --path_to_patch_bin /binaries/reference/tcpdump/CVE-2017-13005-patch-b45a9a167ca6-tcpdump --vul_func_name xid_map_enter
2025-08-17 13:48:38,842 - ERROR - fail CVE-2017-13005 ,details0

2025-08-17 13:48:38,843 - INFO - processing CVE-2017-13003 ( 74)
2025-08-17 13:48:38,843 - INFO - running: python main.py --mfi --cve_id CVE-2017-13003 --path_to_vul_bin /binaries/reference/tcpdump/CVE-2017-13003-vuln-cbddb98484ea-tcpdump --path_to_patch_bin /binaries/reference/tcpdump/CVE-2017-13003-patch-a25211918f2e-tcpdump --vul_func_name lmp_print
2025-08-17 14:01:58,269 - INFO - success CVE-2017-13003,details in tcpdump-cve_logs/CVE-2017-13003.log

2025-08-17 14:01:58,270 - INFO - processing CVE-2017-13028 ( 75)
2025-08-17 14:01:58,270 - INFO - running: python main.py --mfi --cve_id CVE-2017-13028 --path_to_vul_bin /binaries/reference/tcpdump/CVE-2017-13028-vuln-a77ff09c4656-tcpdump --path_to_patch_bin /binaries/reference/tcpdump/CVE-2017-13028-patch-29e5470e6ab8-tcpdump --vul_func_name bootp_print
2025-08-17 14:02:54,294 - ERROR - fail CVE-2017-13028 ,details0

2025-08-17 14:02:54,295 - INFO - processing CVE-2017-13014 ( 76)
2025-08-17 14:02:54,295 - INFO - running: python main.py --mfi --cve_id CVE-2017-13014 --path_to_vul_bin /binaries/reference/tcpdump/CVE-2017-13014-vuln-13ab8d18617d-tcpdump --path_to_patch_bin /binaries/reference/tcpdump/CVE-2017-13014-patch-cc356512f512-tcpdump --vul_func_name wb_prep
2025-08-17 14:03:46,983 - ERROR - fail CVE-2017-13014 ,details0

2025-08-17 14:03:46,984 - INFO - processing CVE-2017-13014 ( 77)
2025-08-17 14:03:46,984 - INFO - running: python main.py --mfi --cve_id CVE-2017-13014 --path_to_vul_bin /binaries/reference/tcpdump/CVE-2017-13014-vuln-13ab8d18617d-tcpdump --path_to_patch_bin /binaries/reference/tcpdump/CVE-2017-13014-patch-cc356512f512-tcpdump --vul_func_name wb_print
2025-08-17 14:04:35,624 - ERROR - fail CVE-2017-13014 ,details0

2025-08-17 14:04:35,625 - INFO - processing CVE-2017-12991 ( 78)
2025-08-17 14:04:35,626 - INFO - running: python main.py --mfi --cve_id CVE-2017-12991 --path_to_vul_bin /binaries/reference/tcpdump/CVE-2017-12991-vuln-99798bd9a41b-tcpdump --path_to_patch_bin /binaries/reference/tcpdump/CVE-2017-12991-patch-50a44b6b8e4f-tcpdump --vul_func_name bgp_attr_print
2025-08-17 14:10:13,941 - ERROR - fail CVE-2017-12991 ,details0

2025-08-17 14:10:13,942 - INFO - processing CVE-2017-13037 ( 79)
2025-08-17 14:10:13,942 - INFO - running: python main.py --mfi --cve_id CVE-2017-13037 --path_to_vul_bin /binaries/reference/tcpdump/CVE-2017-13037-vuln-c2f3b23b022a-tcpdump --path_to_patch_bin /binaries/reference/tcpdump/CVE-2017-13037-patch-2c2cfbd2b771-tcpdump --vul_func_name ip_optprint
2025-08-17 14:11:13,782 - ERROR - fail CVE-2017-13037 ,details0

2025-08-17 14:11:13,783 - INFO - processing CVE-2017-13037 ( 80)
2025-08-17 14:11:13,783 - INFO - running: python main.py --mfi --cve_id CVE-2017-13037 --path_to_vul_bin /binaries/reference/tcpdump/CVE-2017-13037-vuln-c2f3b23b022a-tcpdump --path_to_patch_bin /binaries/reference/tcpdump/CVE-2017-13037-patch-2c2cfbd2b771-tcpdump --vul_func_name ip_printts
2025-08-17 14:11:55,414 - ERROR - fail CVE-2017-13037 ,details0

2025-08-17 14:11:55,415 - INFO - processing CVE-2017-13037 ( 81)
2025-08-17 14:11:55,416 - INFO - running: python main.py --mfi --cve_id CVE-2017-13037 --path_to_vul_bin /binaries/reference/tcpdump/CVE-2017-13037-vuln-c2f3b23b022a-tcpdump --path_to_patch_bin /binaries/reference/tcpdump/CVE-2017-13037-patch-2c2cfbd2b771-tcpdump --vul_func_name nextproto4_cksum
2025-08-17 14:12:03,226 - ERROR - fail CVE-2017-13037 ,details0

2025-08-17 14:12:03,227 - INFO - processing CVE-2017-13053 ( 82)
2025-08-17 14:12:03,228 - INFO - running: python main.py --mfi --cve_id CVE-2017-13053 --path_to_vul_bin /binaries/reference/tcpdump/CVE-2017-13053-vuln-e6511cc1a950-tcpdump --path_to_patch_bin /binaries/reference/tcpdump/CVE-2017-13053-patch-bd4e697ebd6c-tcpdump --vul_func_name decode_rt_routing_info
2025-08-17 14:12:24,431 - INFO - success CVE-2017-13053,details in tcpdump-cve_logs/CVE-2017-13053.log

2025-08-17 14:12:24,432 - INFO - processing CVE-2017-13009 ( 83)
2025-08-17 14:12:24,432 - INFO - running: python main.py --mfi --cve_id CVE-2017-13009 --path_to_vul_bin /binaries/reference/tcpdump/CVE-2017-13009-vuln-5edf405d7ed9-tcpdump --path_to_patch_bin /binaries/reference/tcpdump/CVE-2017-13009-patch-db8c799f6dfc-tcpdump --vul_func_name mobility_print
2025-08-17 14:51:13,108 - ERROR - fail CVE-2017-13009 ,details0

2025-08-17 14:51:13,109 - INFO - processing CVE-2017-12994 ( 84)
2025-08-17 14:51:13,110 - INFO - running: python main.py --mfi --cve_id CVE-2017-12994 --path_to_vul_bin /binaries/reference/tcpdump/CVE-2017-12994-vuln-6ec0c6fa6341-tcpdump --path_to_patch_bin /binaries/reference/tcpdump/CVE-2017-12994-patch-ffde45acf334-tcpdump --vul_func_name bgp_attr_print
2025-08-17 15:06:10,934 - ERROR - fail CVE-2017-12994 ,details0

2025-08-17 15:06:10,935 - INFO - processing CVE-2017-13725 ( 85)
2025-08-17 15:06:10,936 - INFO - running: python main.py --mfi --cve_id CVE-2017-13725 --path_to_vul_bin /binaries/reference/tcpdump/CVE-2017-13725-vuln-66df248b4909-tcpdump --path_to_patch_bin /binaries/reference/tcpdump/CVE-2017-13725-patch-3c4d7c0ee30a-tcpdump --vul_func_name rt6_print
2025-08-17 15:06:34,694 - INFO - success CVE-2017-13725,details in tcpdump-cve_logs/CVE-2017-13725.log

2025-08-17 15:06:34,695 - INFO - processing CVE-2017-13048 ( 86)
2025-08-17 15:06:34,695 - INFO - running: python main.py --mfi --cve_id CVE-2017-13048 --path_to_vul_bin /binaries/reference/tcpdump/CVE-2017-13048-vuln-6283c99a5196-tcpdump --path_to_patch_bin /binaries/reference/tcpdump/CVE-2017-13048-patch-3c8a2b0e91d8-tcpdump --vul_func_name rsvp_obj_print
2025-08-17 15:12:40,457 - ERROR - fail CVE-2017-13048 ,details0