=========2025-06-15 13:15:18.607605============
[*] extract signatures for CVE-2022-38533-_bfd_elf_symbol_from_bfd_symbol
[*] /ms: vul-sig-gen,patch-sig-gen,map,diff,map+diff:0.014552,8.092793,0.000114,6.3e-05,0.000177
[*] extract signatures for CVE-2022-38533-rewrite_elf_program_header
[*] /ms: vul-sig-gen,patch-sig-gen,map,diff,map+diff:0.067708,0.583539,0.000516,0.013658,0.014174
[*] extract signatures for CVE-2022-48065-find_abstract_instance
[*] /ms: vul-sig-gen,patch-sig-gen,map,diff,map+diff:8.165205,8.179495,0.000242,0.000319,0.000561
[*] extract signatures for CVE-2022-48065-scan_unit_for_symbols
[*] /ms: vul-sig-gen,patch-sig-gen,map,diff,map+diff:0.54441,0.548382,0.000684,0.000237,0.000921
[*] extract signatures for CVE-2017-17122-dump_relocs_in_section
[*] /ms: vul-sig-gen,patch-sig-gen,map,diff,map+diff:6.710384,6.715414,0.00017,7.6e-05,0.000246
[*] extract signatures for CVE-2023-1579-read_indexed_address
[*] /ms: vul-sig-gen,patch-sig-gen,map,diff,map+diff:8.158701,0.001705,0.000623,0.000112,0.000735
[*] extract signatures for CVE-2018-19932-rewrite_elf_program_header
[*] /ms: vul-sig-gen,patch-sig-gen,map,diff,map+diff:6.424788,6.539094,0.001122,0.013892,0.015014
[*] extract signatures for CVE-2017-14933-read_formatted_entries
[*] /ms: vul-sig-gen,patch-sig-gen,map,diff,map+diff:6.648593,6.677374,0.000164,7.4e-05,0.000238
[*] extract signatures for CVE-2020-35448-_bfd_elf_slurp_secondary_reloc_section
[*] /ms: vul-sig-gen,patch-sig-gen,map,diff,map+diff:0.002568,7.122195,0.000504,0.000126,0.00063
[*] extract signatures for CVE-2017-15939-concat_filename
[*] /ms: vul-sig-gen,patch-sig-gen,map,diff,map+diff:6.673084,6.526072,0.000145,0.000314,0.000459
[*] extract signatures for CVE-2017-15939-decode_line_info
[*] /ms: vul-sig-gen,patch-sig-gen,map,diff,map+diff:0.523817,0.533712,0.000519,0.000862,0.001381
[*] extract signatures for CVE-2017-15939-read_formatted_entries
[*] /ms: vul-sig-gen,patch-sig-gen,map,diff,map+diff:0.465895,0.459124,0.000161,9.2e-05,0.000253
[*] extract signatures for CVE-2017-17124-_bfd_coff_read_string_table
[*] /ms: vul-sig-gen,patch-sig-gen,map,diff,map+diff:6.715907,7.049005,0.000134,7.2e-05,0.000206
[*] extract signatures for CVE-2017-15021-bfd_get_debug_link_info_1
[*] /ms: vul-sig-gen,patch-sig-gen,map,diff,map+diff:6.824652,6.626074,0.000132,6.9e-05,0.000201
[*] extract signatures for CVE-2018-18605-_bfd_add_merge_section
[*] /ms: vul-sig-gen,patch-sig-gen,map,diff,map+diff:6.500131,7.797523,0.000193,0.00055,0.000743
[*] extract signatures for CVE-2017-16831-_bfd_coff_get_external_symbols
[*] /ms: vul-sig-gen,patch-sig-gen,map,diff,map+diff:6.609271,6.733714,0.000343,9.3e-05,0.000436
[*] extract signatures for CVE-2017-16831-coff_get_normalized_symtab
[*] /ms: vul-sig-gen,patch-sig-gen,map,diff,map+diff:1.861974,0.591181,0.001393,0.000545,0.001938
[*] extract signatures for CVE-2017-14129-read_section
[*] /ms: vul-sig-gen,patch-sig-gen,map,diff,map+diff:6.656174,6.619877,0.000163,0.000217,0.00038
[*] extract signatures for CVE-2017-14932-decode_line_info
[*] /ms: vul-sig-gen,patch-sig-gen,map,diff,map+diff:6.807397,6.72047,0.00136,0.001806,0.003166
[*] extract signatures for CVE-2017-15938-find_abstract_instance_name
[*] /ms: vul-sig-gen,patch-sig-gen,map,diff,map+diff:6.735521,6.786952,0.000292,0.001065,0.001357
[*] extract signatures for CVE-2017-15938-parse_comp_unit
[*] /ms: vul-sig-gen,patch-sig-gen,map,diff,map+diff:0.620978,0.645713,0.000302,8.3e-05,0.000385
[*] extract signatures for CVE-2017-15025-decode_line_info
[*] /ms: vul-sig-gen,patch-sig-gen,map,diff,map+diff:6.690193,6.661304,0.00109,0.001855,0.002945
[*] extract signatures for CVE-2018-18606-_bfd_add_merge_section
[*] /ms: vul-sig-gen,patch-sig-gen,map,diff,map+diff:6.473647,6.451811,0.000203,0.000688,0.000891
[*] extract signatures for CVE-2018-7570-assign_file_positions_for_non_load_sections
[*] /ms: vul-sig-gen,patch-sig-gen,map,diff,map+diff:6.747721,6.765513,0.000401,0.001435,0.001836
[*] extract signatures for CVE-2021-20294-print_dynamic_symbol
[*] /ms: vul-sig-gen,patch-sig-gen,map,diff,map+diff:3.015479,3.029275,0.000209,8.4e-05,0.000293
[*] extract signatures for CVE-2017-13710-setup_group
[*] /ms: vul-sig-gen,patch-sig-gen,map,diff,map+diff:6.687165,6.679699,0.000298,8.4e-05,0.000382
[*] extract signatures for CVE-2017-15024-find_abstract_instance_name
[*] /ms: vul-sig-gen,patch-sig-gen,map,diff,map+diff:6.613349,6.586624,0.000279,0.000371,0.00065
[*] extract signatures for CVE-2017-15024-lookup_symbol_in_variable_table
[*] /ms: vul-sig-gen,patch-sig-gen,map,diff,map+diff:0.447374,0.452467,0.000152,6.9e-05,0.000221
[*] extract signatures for CVE-2017-15024-scan_unit_for_symbols
[*] /ms: vul-sig-gen,patch-sig-gen,map,diff,map+diff:0.480248,0.50161,0.000921,0.00502,0.005941
[*] extract signatures for CVE-2017-16828-display_debug_frames
[*] /ms: vul-sig-gen,patch-sig-gen,map,diff,map+diff:7.291087,6.890912,0.001446,0.00026,0.001706
[*] extract signatures for CVE-2017-16828-frame_display_row
[*] /ms: vul-sig-gen,patch-sig-gen,map,diff,map+diff:0.447527,0.470037,0.000132,6.8e-05,0.0002
[*] extract signatures for CVE-2017-16828-read_cie
[*] /ms: vul-sig-gen,patch-sig-gen,map,diff,map+diff:0.517825,0.495,0.00017,7.8e-05,0.000248
[*] extract signatures for CVE-2020-16590-get_num_dynamic_syms
[*] /ms: vul-sig-gen,patch-sig-gen,map,diff,map+diff:2.985919,2.98768,0.000172,9.7e-05,0.000269
[*] extract signatures for CVE-2018-20671-load_specific_debug_section
[*] /ms: vul-sig-gen,patch-sig-gen,map,diff,map+diff:6.488114,6.430878,0.000136,8.8e-05,0.000224
[*] extract signatures for CVE-2018-18607-elf_link_input_bfd
[*] /ms: vul-sig-gen,patch-sig-gen,map,diff,map+diff:6.592571,6.548845,0.000304,0.000121,0.000425
[*] extract signatures for CVE-2017-14729-_bfd_x86_elf_get_synthetic_symtab
[*] /ms: vul-sig-gen,patch-sig-gen,map,diff,map+diff:6.59838,6.619827,0.000145,7.1e-05,0.000216
[*] extract signatures for CVE-2017-14974-elf_i386_get_synthetic_symtab
[*] /ms: vul-sig-gen,patch-sig-gen,map,diff,map+diff:6.855382,9.840976,0.000177,7.3e-05,0.00025
[*] extract signatures for CVE-2017-14974-elf_x86_64_get_synthetic_symtab
[*] /ms: vul-sig-gen,patch-sig-gen,map,diff,map+diff:1.096314,0.663015,0.000162,7.2e-05,0.000234
[*] extract signatures for CVE-2022-48064-find_debug_info
[*] /ms: vul-sig-gen,patch-sig-gen,map,diff,map+diff:8.539079,8.132114,0.000137,7.7e-05,0.000214
[*] extract signatures for CVE-2017-14934-process_debug_info
[*] /ms: vul-sig-gen,patch-sig-gen,map,diff,map+diff:6.772205,6.649871,0.000275,0.000111,0.000386
[*] extract signatures for CVE-2023-25586-bfd_init_section_decompress_status
[*] /ms: vul-sig-gen,patch-sig-gen,map,diff,map+diff:8.117099,8.250972,0.000147,7.8e-05,0.000225
[*] extract signatures for CVE-2019-17451-_bfd_dwarf2_slurp_debug_info
[*] /ms: vul-sig-gen,patch-sig-gen,map,diff,map+diff:6.826852,6.856165,0.00014,7.4e-05,0.000214
[*] extract signatures for CVE-2020-16593-scan_unit_for_symbols
[*] /ms: vul-sig-gen,patch-sig-gen,map,diff,map+diff:7.138331,7.225759,0.000174,0.000262,0.000436
[*] extract signatures for CVE-2020-16599-_bfd_elf_get_symbol_version_string
[*] /ms: vul-sig-gen,patch-sig-gen,map,diff,map+diff:6.993565,7.063229,0.000155,0.000378,0.000533
[*] extract signatures for CVE-2022-48063-load_specific_debug_section
[*] /ms: vul-sig-gen,patch-sig-gen,map,diff,map+diff:8.119017,8.121439,0.000152,8.2e-05,0.000234
[*] extract signatures for CVE-2017-15020-parse_die
[*] /ms: vul-sig-gen,patch-sig-gen,map,diff,map+diff:6.574057,6.601653,0.000162,0.000702,0.000864
[*] extract signatures for CVE-2017-15020-parse_line_table
[*] /ms: vul-sig-gen,patch-sig-gen,map,diff,map+diff:0.475966,0.467783,0.000143,7.8e-05,0.000221
[*] extract signatures for CVE-2017-14128-decode_line_info
[*] /ms: vul-sig-gen,patch-sig-gen,map,diff,map+diff:6.749573,6.737757,0.000207,0.001668,0.001875
[*] extract signatures for CVE-2017-15225-_bfd_dwarf2_cleanup_debug_info
[*] /ms: vul-sig-gen,patch-sig-gen,map,diff,map+diff:6.728744,6.608815,0.000126,0.011207,0.011333
[*] extract signatures for CVE-2020-16591-get_num_dynamic_syms
[*] /ms: vul-sig-gen,patch-sig-gen,map,diff,map+diff:2.977177,2.971003,0.000179,0.000331,0.00051
[*] extract signatures for CVE-2020-19724-display_rel_file
[*] /ms: vul-sig-gen,patch-sig-gen,map,diff,map+diff:4.416815,4.461087,0.000139,0.000209,0.000348
[*] extract signatures for CVE-2017-13757-elf_i386_get_synthetic_symtab
[*] /ms: vul-sig-gen,patch-sig-gen,map,diff,map+diff:6.69639,6.70352,0.000192,0.000452,0.000644
[*] extract signatures for CVE-2017-13757-elf_x86_64_get_synthetic_symtab
[*] /ms: vul-sig-gen,patch-sig-gen,map,diff,map+diff:0.531343,0.559868,0.000213,0.00042,0.000633
[*] extract signatures for CVE-2017-14529-pe_print_idata
[*] /ms: vul-sig-gen,patch-sig-gen,map,diff,map+diff:6.689047,6.5898,0.000179,8e-05,0.000259
[*] extract signatures for CVE-2017-15023-read_formatted_entries
[!] No such function: read_formatted_entries in version: 
[*] extract signatures for CVE-2017-16829-_bfd_elf_parse_gnu_properties
[*] /ms: vul-sig-gen,patch-sig-gen,map,diff,map+diff:6.600606,6.534897,0.000133,0.001058,0.001191
[*] extract signatures for CVE-2017-14940-scan_unit_for_symbols
[*] /ms: vul-sig-gen,patch-sig-gen,map,diff,map+diff:6.729057,6.658497,0.000182,9.9e-05,0.000281
[*] extract signatures for CVE-2021-45078-stab_find_type
[*] /ms: vul-sig-gen,patch-sig-gen,map,diff,map+diff:7.945924,7.933638,0.000117,7.1e-05,0.000188
[*] extract signatures for CVE-2021-45078-stab_record_type
[*] /ms: vul-sig-gen,patch-sig-gen,map,diff,map+diff:0.479322,0.880322,0.000122,6.4e-05,0.000186
[*] extract signatures for CVE-2021-45078-stab_xcoff_builtin_type
[*] /ms: vul-sig-gen,patch-sig-gen,map,diff,map+diff:0.633573,0.492324,0.000175,9.8e-05,0.000273
[*] extract signatures for CVE-2017-14939-decode_line_info
[*] /ms: vul-sig-gen,patch-sig-gen,map,diff,map+diff:9.461768,6.842282,0.000181,7.2e-05,0.000253
[*] extract signatures for CVE-2017-15022-parse_comp_unit
[*] /ms: vul-sig-gen,patch-sig-gen,map,diff,map+diff:6.597575,6.702867,0.000176,0.000388,0.000564
[*] extract signatures for CVE-2017-15022-scan_unit_for_symbols
[*] /ms: vul-sig-gen,patch-sig-gen,map,diff,map+diff:0.631779,0.589689,0.000191,0.003808,0.003999
[*] extract signatures for CVE-2017-14130-_bfd_elf_parse_attributes
[*] /ms: vul-sig-gen,patch-sig-gen,map,diff,map+diff:6.724124,6.763451,0.000171,8.4e-05,0.000255
[*] extract signatures for CVE-2018-1000876-_bfd_elf_canonicalize_dynamic_symtab
[*] /ms: vul-sig-gen,patch-sig-gen,map,diff,map+diff:6.580978,6.345468,0.000107,6.3e-05,0.00017
[*] extract signatures for CVE-2018-1000876-_bfd_elf_get_dynamic_reloc_upper_bound
[*] /ms: vul-sig-gen,patch-sig-gen,map,diff,map+diff:0.622087,0.514899,0.000137,8.7e-05,0.000224
[*] extract signatures for CVE-2018-1000876-_bfd_elf_get_dynamic_symtab_upper_bound
[*] /ms: vul-sig-gen,patch-sig-gen,map,diff,map+diff:0.553773,0.562159,0.000144,7.5e-05,0.000219
[*] extract signatures for CVE-2018-1000876-_bfd_elf_get_symtab_upper_bound
[*] /ms: vul-sig-gen,patch-sig-gen,map,diff,map+diff:0.629673,0.602538,0.000114,7.7e-05,0.000191
[*] extract signatures for CVE-2018-1000876-swap_out_syms
[*] /ms: vul-sig-gen,patch-sig-gen,map,diff,map+diff:0.767969,2.03965,0.000166,6.9e-05,0.000235
[*] extract signatures for CVE-2017-9043-print_gnu_build_attribute_name
[*] /ms: vul-sig-gen,patch-sig-gen,map,diff,map+diff:2.112487,2.097548,0.000151,7.8e-05,0.000229
[*] extract signatures for CVE-2018-20002-_bfd_generic_read_minisymbols
[*] /ms: vul-sig-gen,patch-sig-gen,map,diff,map+diff:4.430786,4.441466,0.000136,0.00025,0.000386
[*] extract signatures for CVE-2018-20002-display_rel_file
[*] /ms: vul-sig-gen,patch-sig-gen,map,diff,map+diff:0.45082,0.514448,0.000161,8.3e-05,0.000244
[*] extract signatures for CVE-2018-20651-elf_link_add_object_symbols
[*] /ms: vul-sig-gen,patch-sig-gen,map,diff,map+diff:6.619993,6.616669,0.000418,8.8e-05,0.000506
[*] extract signatures for CVE-2017-16830-print_gnu_property_note
[*] /ms: vul-sig-gen,patch-sig-gen,map,diff,map+diff:2.243824,2.189591,0.00016,0.000249,0.000409
[*] extract signatures for CVE-2017-14938-_bfd_elf_slurp_version_tables
[*] /ms: vul-sig-gen,patch-sig-gen,map,diff,map+diff:6.755293,6.712799,0.000162,6.5e-05,0.000227
[*] extract signatures for CVE-2018-6872-elf_parse_notes
[*] /ms: vul-sig-gen,patch-sig-gen,map,diff,map+diff:6.708417,6.738182,0.00013,0.000743,0.000873
[*] extract signatures for CVE-2017-17126-load_debug_section
[*] /ms: vul-sig-gen,patch-sig-gen,map,diff,map+diff:6.693613,6.841139,9.5e-05,4.9e-05,0.000144
[*] extract signatures for CVE-2017-15996-get_archive_member_name
[*] /ms: vul-sig-gen,patch-sig-gen,map,diff,map+diff:6.618245,6.613746,0.000119,0.000343,0.000462
[*] extract signatures for CVE-2017-15996-process_archive_index_and_symbols
[*] /ms: vul-sig-gen,patch-sig-gen,map,diff,map+diff:0.463565,0.466846,0.000131,6.6e-05,0.000197
[*] extract signatures for CVE-2017-15996-setup_archive
[*] /ms: vul-sig-gen,patch-sig-gen,map,diff,map+diff:0.485163,0.464164,0.000108,6e-05,0.000168=========2025-06-15 14:16:51.142760=====================2025-06-15 14:23:01.881788============
Detect o0 Binaries.
------------------------------------------
[*] Detecting CVE: CVE-2017-13710
[*] Detection for /binaries/target/binutils/binutils-2.29-o0-objdump,setup_group,-1
[*] /s; sim-cal:6.72598
[*] Detection Result:V,-1
[*] Detection for /binaries/target/binutils/binutils-2.28.1-o0-objdump,setup_group,1
target function: setup_group not found
[*] Detection for /binaries/target/binutils/binutils-2.29.1-o0-objdump,setup_group,1
[*] /s; sim-cal:6.709139
[*] Detection Result:P,1
[*] Detection for /binaries/target/binutils/binutils-2.30-o0-objdump,setup_group,1
[*] /s; sim-cal:6.783936
[*] Detection Result:P 0.25584795321637427/0.8443149326443471 14/9,1
------------------------------------------
[*] Detecting CVE: CVE-2017-13757
[*] Detection for /binaries/target/binutils/binutils-2.29-o0-objdump,elf_i386_get_synthetic_symtab,-1
[*] /s; sim-cal:0.935843
[*] Detection Result:V 1.0/0.3879317431193959 10/10,-1
[*] Detection for /binaries/target/binutils/binutils-2.29.1-o0-objdump,elf_i386_get_synthetic_symtab,1
[*] /s; sim-cal:0.60976
[*] Detection Result:V 0.6027525368200125/0.5496073286070147 16/10,1
[*] Detection for /binaries/target/binutils/binutils-2.28.1-o0-objdump,elf_i386_get_synthetic_symtab,1
target function: elf_i386_get_synthetic_symtab not found
[*] Detection for /binaries/target/binutils/binutils-2.30-o0-objdump,elf_i386_get_synthetic_symtab,1
[*] /s; sim-cal:0.725115
[*] Detection Result:P 0.3463689573367779/0.37582699169687955 19/16,1
[*] Detection for /binaries/target/binutils/binutils-2.29-o0-objdump,elf_x86_64_get_synthetic_symtab,-1
[*] /s; sim-cal:2.282836
[*] Detection Result:V 1.0/0.3277773939725196 10/10,-1
[*] Detection for /binaries/target/binutils/binutils-2.29.1-o0-objdump,elf_x86_64_get_synthetic_symtab,1
[*] /s; sim-cal:1.448411
[*] Detection Result:V 0.5111940951313241/0.4207879797178849 17/10,1
[*] Detection for /binaries/target/binutils/binutils-2.28.1-o0-objdump,elf_x86_64_get_synthetic_symtab,1
target function: elf_x86_64_get_synthetic_symtab not found
[*] Detection for /binaries/target/binutils/binutils-2.30-o0-objdump,elf_x86_64_get_synthetic_symtab,1
[*] /s; sim-cal:0.724726
[*] Detection Result:P 0.2910876644963089/0.3875901970275714 25/21,1
------------------------------------------
[*] Detecting CVE: CVE-2017-14128
[*] Detection for /binaries/target/binutils/binutils-2.29-o0-objdump,decode_line_info,-1
[*] /s; sim-cal:0.66595
[*] Detection Result:V 0.725796225867064/0.2937681943584554 8/9,-1
[*] Detection for /binaries/target/binutils/binutils-2.29.1-o0-objdump,decode_line_info,1
[*] /s; sim-cal:0.625459
[*] Detection Result:V 0.5277426952543554/0.3800724195780414 9/9,1
[*] Detection for /binaries/target/binutils/binutils-2.28.1-o0-objdump,decode_line_info,1
target function: decode_line_info not found
[*] Detection for /binaries/target/binutils/binutils-2.30-o0-objdump,decode_line_info,1
[*] /s; sim-cal:0.650562
[*] Detection Result:V 0.63338330085698/0.33142364611478053 17/18,1
------------------------------------------
[*] Detecting CVE: CVE-2017-14129
[*] Detection for /binaries/target/binutils/binutils-2.29-o0-objdump,read_section,-1
[*] /s; sim-cal:0.758032
[*] Detection Result:V 0.801904761904762/0.34936864531161965 2/4,-1
[*] Detection for /binaries/target/binutils/binutils-2.29.1-o0-objdump,read_section,1
[*] /s; sim-cal:0.62243
[*] Detection Result:P 0.2219198790627362/0.8722067933887274 9/3,1
[*] Detection for /binaries/target/binutils/binutils-2.28.1-o0-objdump,read_section,1
target function: read_section not found
[*] Detection for /binaries/target/binutils/binutils-2.30-o0-objdump,read_section,1
[*] /s; sim-cal:0.635965
[*] Detection Result:P 0.2782361833622337/0.4613894911493137 11/10,1
------------------------------------------
[*] Detecting CVE: CVE-2017-14130
[*] Detection for /binaries/target/binutils/binutils-2.29-o0-objdump,_bfd_elf_parse_attributes,-1
[*] /s; sim-cal:0.593741
[*] Detection Result:V 0.9/0.5041381023348237 2/4,-1
[*] Detection for /binaries/target/binutils/binutils-2.29.1-o0-objdump,_bfd_elf_parse_attributes,1
[*] /s; sim-cal:0.614134
[*] Detection Result:P 0.2978018278018278/0.95 4/1,1
[*] Detection for /binaries/target/binutils/binutils-2.28.1-o0-objdump,_bfd_elf_parse_attributes,1
target function: _bfd_elf_parse_attributes not found
[*] Detection for /binaries/target/binutils/binutils-2.30-o0-objdump,_bfd_elf_parse_attributes,1
[*] /s; sim-cal:0.64033
[*] Detection Result:P,1
------------------------------------------
[*] Detecting CVE: CVE-2017-14529
[*] Detection for /binaries/target/binutils/binutils-2.29-o0-objdump,pe_print_idata,-1
[*] /s; sim-cal:0.669745
[*] Detection Result:V 1.0/0.8485714285714285 7/7,-1
[*] Detection for /binaries/target/binutils/binutils-2.29.1-o0-objdump,pe_print_idata,1
[*] /s; sim-cal:0.635927
[*] Detection Result:P 0.5952380952380952/0.9613095238095238 8/7,1
[*] Detection for /binaries/target/binutils/binutils-2.28.1-o0-objdump,pe_print_idata,1
target function: pe_print_idata not found
[*] Detection for /binaries/target/binutils/binutils-2.30-o0-objdump,pe_print_idata,1
[*] /s; sim-cal:0.649616
[*] Detection Result:P,1
[*] Detection for /binaries/target/binutils/binutils-2.29-o0-objdump,pe_print_idata,-1
[*] /s; sim-cal:0.00643
[*] Detection Result:V 1.0/0.8485714285714285 7/7,-1
[*] Detection for /binaries/target/binutils/binutils-2.29.1-o0-objdump,pe_print_idata,1
[*] /s; sim-cal:0.006899
[*] Detection Result:P 0.5952380952380952/0.9613095238095238 8/7,1
[*] Detection for /binaries/target/binutils/binutils-2.28.1-o0-objdump,pe_print_idata,1
target function: pe_print_idata not found
[*] Detection for /binaries/target/binutils/binutils-2.30-o0-objdump,pe_print_idata,1
[*] /s; sim-cal:0.006019
[*] Detection Result:P,1
------------------------------------------
[*] Detecting CVE: CVE-2017-14729
[*] Detection for /binaries/target/binutils/binutils-2.29-o0-objdump,_bfd_x86_elf_get_synthetic_symtab,-1
target function: _bfd_x86_elf_get_synthetic_symtab not found
[*] Detection for /binaries/target/binutils/binutils-2.29.1-o0-objdump,_bfd_x86_elf_get_synthetic_symtab,1
target function: _bfd_x86_elf_get_synthetic_symtab not found
[*] Detection for /binaries/target/binutils/binutils-2.28.1-o0-objdump,_bfd_x86_elf_get_synthetic_symtab,1
target function: _bfd_x86_elf_get_synthetic_symtab not found
[*] Detection for /binaries/target/binutils/binutils-2.30-o0-objdump,_bfd_x86_elf_get_synthetic_symtab,1
[*] /s; sim-cal:1.278221
[*] Detection Result:P,1
------------------------------------------
[*] Detecting CVE: CVE-2017-14932
[*] Detection for /binaries/target/binutils/binutils-2.29-o0-objdump,decode_line_info,-1
[*] /s; sim-cal:0.026571
[*] Detection Result:V 0.7650925372142477/0.4154302201491107 12/13,-1
[*] Detection for /binaries/target/binutils/binutils-2.29.1-o0-objdump,decode_line_info,1
[*] /s; sim-cal:0.021931
[*] Detection Result:V 0.7650925372142477/0.4154302201491107 12/13,1
[*] Detection for /binaries/target/binutils/binutils-2.28.1-o0-objdump,decode_line_info,1
target function: decode_line_info not found
[*] Detection for /binaries/target/binutils/binutils-2.30-o0-objdump,decode_line_info,1
[*] /s; sim-cal:0.027609
[*] Detection Result:P 0.5104653204982154/0.7680770773143009 13/11,1
------------------------------------------
[*] Detecting CVE: CVE-2017-14933
[*] Detection for /binaries/target/binutils/binutils-2.29-o0-objdump,read_formatted_entries,-1
[*] /s; sim-cal:0.569145
[*] Detection Result:V 1.0/0.23520286020286021 3/3,-1
[*] Detection for /binaries/target/binutils/binutils-2.29.1-o0-objdump,read_formatted_entries,1
[*] /s; sim-cal:0.674453
[*] Detection Result:V 1.0/0.23520286020286021 3/3,1
[*] Detection for /binaries/target/binutils/binutils-2.28.1-o0-objdump,read_formatted_entries,1
target function: read_formatted_entries not found
[*] Detection for /binaries/target/binutils/binutils-2.30-o0-objdump,read_formatted_entries,1
[*] /s; sim-cal:0.475256
[*] Detection Result:P 0.6314968814968815/0.9868329868329868 12/11,1
[*] Detection for /binaries/target/binutils/binutils-2.29-o0-objdump,read_formatted_entries,-1
[*] /s; sim-cal:0.003011
[*] Detection Result:V 1.0/0.23520286020286021 3/3,-1
[*] Detection for /binaries/target/binutils/binutils-2.29.1-o0-objdump,read_formatted_entries,1
[*] /s; sim-cal:0.003627
[*] Detection Result:V 1.0/0.23520286020286021 3/3,1
[*] Detection for /binaries/target/binutils/binutils-2.28.1-o0-objdump,read_formatted_entries,1
target function: read_formatted_entries not found
[*] Detection for /binaries/target/binutils/binutils-2.30-o0-objdump,read_formatted_entries,1
[*] /s; sim-cal:0.007567
[*] Detection Result:P 0.6314968814968815/0.9868329868329868 12/11,1
------------------------------------------
[*] Detecting CVE: CVE-2017-14934
[*] Detection for /binaries/target/binutils/binutils-2.29-o0-objdump,process_debug_info,-1
[*] /s; sim-cal:0.728168
[*] Detection Result:V 0.8088715570738544/0.40743266904871545 9/14,-1
[*] Detection for /binaries/target/binutils/binutils-2.29.1-o0-objdump,process_debug_info,1
[*] /s; sim-cal:0.707295
[*] Detection Result:V 0.8088715570738544/0.40743266904871545 9/14,1
[*] Detection for /binaries/target/binutils/binutils-2.28.1-o0-objdump,process_debug_info,1
target function: process_debug_info not found
[*] Detection for /binaries/target/binutils/binutils-2.30-o0-objdump,process_debug_info,1
[*] /s; sim-cal:0.590957
[*] Detection Result:V 0.6155790209503346/0.6008075205900072 32/32,1
------------------------------------------
[*] Detecting CVE: CVE-2017-14938
[*] Detection for /binaries/target/binutils/binutils-2.29-o0-objdump,_bfd_elf_slurp_version_tables,-1
[*] /s; sim-cal:0.695051
[*] Detection Result:V 0.6532812266157404/0.4626088581725397 2/4,-1
[*] Detection for /binaries/target/binutils/binutils-2.29.1-o0-objdump,_bfd_elf_slurp_version_tables,1
[*] /s; sim-cal:0.736894
[*] Detection Result:V 0.6532812266157404/0.4626088581725397 2/4,1
[*] Detection for /binaries/target/binutils/binutils-2.28.1-o0-objdump,_bfd_elf_slurp_version_tables,1
target function: _bfd_elf_slurp_version_tables not found
[*] Detection for /binaries/target/binutils/binutils-2.30-o0-objdump,_bfd_elf_slurp_version_tables,1
[*] /s; sim-cal:0.570576
[*] Detection Result:P 0.5026509924938503/0.6391117449405378 4/2,1
------------------------------------------
[*] Detecting CVE: CVE-2017-14939
[*] Detection for /binaries/target/binutils/binutils-2.29-o0-objdump,decode_line_info,-1
[*] /s; sim-cal:0.01523
[*] Detection Result:V 0.6657447705802969/0.6209431161745829 9/9,-1
[*] Detection for /binaries/target/binutils/binutils-2.29.1-o0-objdump,decode_line_info,1
[*] /s; sim-cal:0.023443
[*] Detection Result:V 0.8003700603641641/0.4730058136614672 9/10,1
[*] Detection for /binaries/target/binutils/binutils-2.28.1-o0-objdump,decode_line_info,1
target function: decode_line_info not found
[*] Detection for /binaries/target/binutils/binutils-2.30-o0-objdump,decode_line_info,1
[*] /s; sim-cal:0.023595
[*] Detection Result:P 0.42243903866133375/0.7976168476322922 18/17,1
------------------------------------------
[*] Detecting CVE: CVE-2017-14940
[*] Detection for /binaries/target/binutils/binutils-2.29-o0-objdump,scan_unit_for_symbols,-1
[*] /s; sim-cal:0.614536
[*] Detection Result:V 0.9/0.7777777777777777 3/3,-1
[*] Detection for /binaries/target/binutils/binutils-2.29.1-o0-objdump,scan_unit_for_symbols,1
[*] /s; sim-cal:0.584763
[*] Detection Result:V 0.9/0.7777777777777777 3/3,1
[*] Detection for /binaries/target/binutils/binutils-2.28.1-o0-objdump,scan_unit_for_symbols,1
target function: scan_unit_for_symbols not found
[*] Detection for /binaries/target/binutils/binutils-2.30-o0-objdump,scan_unit_for_symbols,1
[*] /s; sim-cal:0.637897
[*] Detection Result:V 0.9/0.8407407407407407 13/12,1
------------------------------------------
[*] Detecting CVE: CVE-2017-14974
[*] Detection for /binaries/target/binutils/binutils-2.29-o0-objdump,elf_i386_get_synthetic_symtab,-1
[*] /s; sim-cal:0.009169
[*] Detection Result:C can't tell,-1
[*] Detection for /binaries/target/binutils/binutils-2.29.1-o0-objdump,elf_i386_get_synthetic_symtab,1
[*] /s; sim-cal:0.009078
[*] Detection Result:C can't tell,1
[*] Detection for /binaries/target/binutils/binutils-2.28.1-o0-objdump,elf_i386_get_synthetic_symtab,1
target function: elf_i386_get_synthetic_symtab not found
[*] Detection for /binaries/target/binutils/binutils-2.30-o0-objdump,elf_i386_get_synthetic_symtab,1
[*] /s; sim-cal:0.016293
[*] Detection Result:C can't tell,1
[*] Detection for /binaries/target/binutils/binutils-2.29-o0-objdump,elf_x86_64_get_synthetic_symtab,-1
[*] /s; sim-cal:0.008349
[*] Detection Result:C can't tell,-1
[*] Detection for /binaries/target/binutils/binutils-2.29.1-o0-objdump,elf_x86_64_get_synthetic_symtab,1
[*] /s; sim-cal:0.012451
[*] Detection Result:C can't tell,1
[*] Detection for /binaries/target/binutils/binutils-2.28.1-o0-objdump,elf_x86_64_get_synthetic_symtab,1
target function: elf_x86_64_get_synthetic_symtab not found
[*] Detection for /binaries/target/binutils/binutils-2.30-o0-objdump,elf_x86_64_get_synthetic_symtab,1
[*] /s; sim-cal:0.014479
[*] Detection Result:C can't tell,1
------------------------------------------
[*] Detecting CVE: CVE-2017-15020
[*] Detection for /binaries/target/binutils/binutils-2.29-o0-objdump,parse_line_table,-1
[*] /s; sim-cal:0.589343
[*] Detection Result:V,-1
[*] Detection for /binaries/target/binutils/binutils-2.29.1-o0-objdump,parse_line_table,1
[*] /s; sim-cal:0.60985
[*] Detection Result:V,1
[*] Detection for /binaries/target/binutils/binutils-2.28.1-o0-objdump,parse_line_table,1
target function: parse_line_table not found
[*] Detection for /binaries/target/binutils/binutils-2.30-o0-objdump,parse_line_table,1
[*] /s; sim-cal:0.642138
[*] Detection Result:P,1
[*] Detection for /binaries/target/binutils/binutils-2.29-o0-objdump,parse_die,-1
[*] /s; sim-cal:0.610689
[*] Detection Result:V,-1
[*] Detection for /binaries/target/binutils/binutils-2.29.1-o0-objdump,parse_die,1
[*] /s; sim-cal:0.629096
[*] Detection Result:V,1
[*] Detection for /binaries/target/binutils/binutils-2.28.1-o0-objdump,parse_die,1
target function: parse_die not found
[*] Detection for /binaries/target/binutils/binutils-2.30-o0-objdump,parse_die,1
[*] /s; sim-cal:1.335732
[*] Detection Result:P,1
------------------------------------------
[*] Detecting CVE: CVE-2017-15021
[*] Detection for /binaries/target/binutils/binutils-2.29-o0-objdump,bfd_get_debug_link_info_1,-1
[*] /s; sim-cal:1.619654
[*] Detection Result:V 1.0/0.26653225806451614 2/3,-1
[*] Detection for /binaries/target/binutils/binutils-2.29.1-o0-objdump,bfd_get_debug_link_info_1,1
[*] /s; sim-cal:0.556493
[*] Detection Result:V 1.0/0.26653225806451614 2/3,1
[*] Detection for /binaries/target/binutils/binutils-2.28.1-o0-objdump,bfd_get_debug_link_info_1,1
target function: bfd_get_debug_link_info_1 not found
[*] Detection for /binaries/target/binutils/binutils-2.30-o0-objdump,bfd_get_debug_link_info_1,1
[*] /s; sim-cal:0.509889
[*] Detection Result:P 0.21370235934664247/0.8141025641025641 2/1,1
------------------------------------------
[*] Detecting CVE: CVE-2017-15022
[*] Detection for /binaries/target/binutils/binutils-2.29-o0-objdump,parse_comp_unit,-1
[*] /s; sim-cal:0.573445
[*] Detection Result:V 0.5625/0.3333333333333333 5/5,-1
[*] Detection for /binaries/target/binutils/binutils-2.29.1-o0-objdump,parse_comp_unit,1
[*] /s; sim-cal:0.537437
[*] Detection Result:V 0.5625/0.3333333333333333 5/5,1
[*] Detection for /binaries/target/binutils/binutils-2.28.1-o0-objdump,parse_comp_unit,1
target function: parse_comp_unit not found
[*] Detection for /binaries/target/binutils/binutils-2.30-o0-objdump,parse_comp_unit,1
[*] /s; sim-cal:0.564639
[*] Detection Result:P 0.47916666666666663/0.7395833333333334 9/7,1
[*] Detection for /binaries/target/binutils/binutils-2.29-o0-objdump,scan_unit_for_symbols,-1
[*] /s; sim-cal:0.016561
[*] Detection Result:V 0.9/0.4380952380952381 9/9,-1
[*] Detection for /binaries/target/binutils/binutils-2.29.1-o0-objdump,scan_unit_for_symbols,1
[*] /s; sim-cal:0.016003
[*] Detection Result:V 0.9/0.4380952380952381 9/9,1
[*] Detection for /binaries/target/binutils/binutils-2.28.1-o0-objdump,scan_unit_for_symbols,1
target function: scan_unit_for_symbols not found
[*] Detection for /binaries/target/binutils/binutils-2.30-o0-objdump,scan_unit_for_symbols,1
[*] /s; sim-cal:0.012322
[*] Detection Result:P 0.9/0.9666666666666667 5/3,1
------------------------------------------
[*] Detecting CVE: CVE-2017-15023
[*] Detection for /binaries/target/binutils/binutils-2.29-o0-objdump,read_formatted_entries,-1
[*] Detection Result:None,-1
[*] Detection for /binaries/target/binutils/binutils-2.29.1-o0-objdump,read_formatted_entries,1
[*] Detection Result:None,1
[*] Detection for /binaries/target/binutils/binutils-2.28.1-o0-objdump,read_formatted_entries,1
[*] Detection Result:None,1
[*] Detection for /binaries/target/binutils/binutils-2.30-o0-objdump,read_formatted_entries,1
[*] Detection Result:None,1
------------------------------------------
[*] Detecting CVE: CVE-2017-15024
[*] Detection for /binaries/target/binutils/binutils-2.29-o0-objdump,scan_unit_for_symbols,-1
[*] /s; sim-cal:0.012892
[*] Detection Result:V 0.9899811439346323/0.5464955354911478 3/9,-1
[*] Detection for /binaries/target/binutils/binutils-2.29.1-o0-objdump,scan_unit_for_symbols,1
[*] /s; sim-cal:0.012555
[*] Detection Result:V 0.9899811439346323/0.5464955354911478 3/9,1
[*] Detection for /binaries/target/binutils/binutils-2.28.1-o0-objdump,scan_unit_for_symbols,1
target function: scan_unit_for_symbols not found
[*] Detection for /binaries/target/binutils/binutils-2.30-o0-objdump,scan_unit_for_symbols,1
[*] /s; sim-cal:0.02115
[*] Detection Result:P 0.577323121509168/0.9906719219219219 12/5,1
[*] Detection for /binaries/target/binutils/binutils-2.29-o0-objdump,lookup_symbol_in_variable_table,-1
[*] /s; sim-cal:0.556471
[*] Detection Result:N VP no diff,-1
[*] Detection for /binaries/target/binutils/binutils-2.29.1-o0-objdump,lookup_symbol_in_variable_table,1
[*] /s; sim-cal:0.682822
[*] Detection Result:N VP no diff,1
[*] Detection for /binaries/target/binutils/binutils-2.28.1-o0-objdump,lookup_symbol_in_variable_table,1
target function: lookup_symbol_in_variable_table not found
[*] Detection for /binaries/target/binutils/binutils-2.30-o0-objdump,lookup_symbol_in_variable_table,1
[*] /s; sim-cal:0.629684
[*] Detection Result:N VP no diff,1
[*] Detection for /binaries/target/binutils/binutils-2.29-o0-objdump,find_abstract_instance_name,-1
[*] /s; sim-cal:0.565134
[*] Detection Result:V 0.7845273773845202/0.5179554945548013 6/8,-1
[*] Detection for /binaries/target/binutils/binutils-2.29.1-o0-objdump,find_abstract_instance_name,1
[*] /s; sim-cal:0.587713
[*] Detection Result:V 0.7845273773845202/0.5179554945548013 6/8,1
[*] Detection for /binaries/target/binutils/binutils-2.28.1-o0-objdump,find_abstract_instance_name,1
target function: find_abstract_instance_name not found
[*] Detection for /binaries/target/binutils/binutils-2.30-o0-objdump,find_abstract_instance_name,1
[*] /s; sim-cal:0.527652
[*] Detection Result:P 0.3826540283987093/0.8781556539691711 20/15,1
------------------------------------------
[*] Detecting CVE: CVE-2017-15025
[*] Detection for /binaries/target/binutils/binutils-2.29-o0-objdump,decode_line_info,-1
[*] /s; sim-cal:0.013265
[*] Detection Result:P 0.10294977640178879/0.38888888888888884 9/9,-1
[*] Detection for /binaries/target/binutils/binutils-2.29.1-o0-objdump,decode_line_info,1
[*] /s; sim-cal:0.013227
[*] Detection Result:P 0.10294977640178879/0.38888888888888884 10/9,1
[*] Detection for /binaries/target/binutils/binutils-2.28.1-o0-objdump,decode_line_info,1
target function: decode_line_info not found
[*] Detection for /binaries/target/binutils/binutils-2.30-o0-objdump,decode_line_info,1
[*] /s; sim-cal:0.016113
[*] Detection Result:P 0.16136910904712765/0.3833333333333333 17/16,1
------------------------------------------
[*] Detecting CVE: CVE-2017-15225
[*] Detection for /binaries/target/binutils/binutils-2.29-o0-objdump,_bfd_dwarf2_cleanup_debug_info,-1
[*] /s; sim-cal:0.623357
[*] Detection Result:V,-1
[*] Detection for /binaries/target/binutils/binutils-2.29.1-o0-objdump,_bfd_dwarf2_cleanup_debug_info,1
[*] /s; sim-cal:0.598674
[*] Detection Result:V,1
[*] Detection for /binaries/target/binutils/binutils-2.28.1-o0-objdump,_bfd_dwarf2_cleanup_debug_info,1
target function: _bfd_dwarf2_cleanup_debug_info not found
[*] Detection for /binaries/target/binutils/binutils-2.30-o0-objdump,_bfd_dwarf2_cleanup_debug_info,1
[*] /s; sim-cal:0.699418
[*] Detection Result:P,1
------------------------------------------
[*] Detecting CVE: CVE-2017-15938
[*] Detection for /binaries/target/binutils/binutils-2.29-o0-objdump,parse_comp_unit,-1
[*] /s; sim-cal:0.006634
[*] Detection Result:V 0.6354166666666667/0.44153911564625853 5/7,-1
[*] Detection for /binaries/target/binutils/binutils-2.29.1-o0-objdump,parse_comp_unit,1
[*] /s; sim-cal:0.005631
[*] Detection Result:V 0.6354166666666667/0.44153911564625853 5/7,1
[*] Detection for /binaries/target/binutils/binutils-2.28.1-o0-objdump,parse_comp_unit,1
target function: parse_comp_unit not found
[*] Detection for /binaries/target/binutils/binutils-2.30-o0-objdump,parse_comp_unit,1
[*] /s; sim-cal:0.005798
[*] Detection Result:P 0.4001657779600765/0.5982789855072463 7/5,1
[*] Detection for /binaries/target/binutils/binutils-2.29-o0-objdump,find_abstract_instance_name,-1
[*] /s; sim-cal:0.005856
[*] Detection Result:V 0.6089711312033027/0.43494127408263045 8/13,-1
[*] Detection for /binaries/target/binutils/binutils-2.29.1-o0-objdump,find_abstract_instance_name,1
[*] /s; sim-cal:0.00584
[*] Detection Result:V 0.6089711312033027/0.43494127408263045 8/13,1
[*] Detection for /binaries/target/binutils/binutils-2.28.1-o0-objdump,find_abstract_instance_name,1
target function: find_abstract_instance_name not found
[*] Detection for /binaries/target/binutils/binutils-2.30-o0-objdump,find_abstract_instance_name,1
[*] /s; sim-cal:0.007665
[*] Detection Result:P 0.4839569712324289/0.9467423927635761 15/5,1
------------------------------------------
[*] Detecting CVE: CVE-2017-15939
[*] Detection for /binaries/target/binutils/binutils-2.29-o0-objdump,concat_filename,-1
[*] /s; sim-cal:0.539447
[*] Detection Result:V 1.0/0.353263749683187 2/3,-1
[*] Detection for /binaries/target/binutils/binutils-2.29.1-o0-objdump,concat_filename,1
[*] /s; sim-cal:0.578081
[*] Detection Result:V 1.0/0.353263749683187 1/2,1
[*] Detection for /binaries/target/binutils/binutils-2.28.1-o0-objdump,concat_filename,1
target function: concat_filename not found
[*] Detection for /binaries/target/binutils/binutils-2.30-o0-objdump,concat_filename,1
[*] /s; sim-cal:0.50251
[*] Detection Result:P,1
[*] Detection for /binaries/target/binutils/binutils-2.29-o0-objdump,read_formatted_entries,-1
[*] /s; sim-cal:0.002825
[*] Detection Result:V 0.4166666666666667/0.23529411764705882 2/3,-1
[*] Detection for /binaries/target/binutils/binutils-2.29.1-o0-objdump,read_formatted_entries,1
[*] /s; sim-cal:0.002692
[*] Detection Result:V 0.4166666666666667/0.23529411764705882 2/3,1
[*] Detection for /binaries/target/binutils/binutils-2.28.1-o0-objdump,read_formatted_entries,1
target function: read_formatted_entries not found
[*] Detection for /binaries/target/binutils/binutils-2.30-o0-objdump,read_formatted_entries,1
[*] /s; sim-cal:0.028192
[*] Detection Result:P 0.3/1.0 13/12,1
[*] Detection for /binaries/target/binutils/binutils-2.29-o0-objdump,decode_line_info,-1
[*] /s; sim-cal:0.02336
[*] Detection Result:V 0.767866286299466/0.03666450356911097 13/17,-1
[*] Detection for /binaries/target/binutils/binutils-2.29.1-o0-objdump,decode_line_info,1
[*] /s; sim-cal:0.014911
[*] Detection Result:V 0.7750615015807215/0.03666450356911097 13/17,1
[*] Detection for /binaries/target/binutils/binutils-2.28.1-o0-objdump,decode_line_info,1
target function: decode_line_info not found
[*] Detection for /binaries/target/binutils/binutils-2.30-o0-objdump,decode_line_info,1
[*] /s; sim-cal:0.017675
[*] Detection Result:P 0.02339551535707556/0.9780445598096474 11/9,1
------------------------------------------
[*] Detecting CVE: CVE-2017-15996
[*] Detection for /binaries/target/binutils/binutils-2.29-o0-objdump,get_archive_member_name,-1
[*] /s; sim-cal:0.50243
[*] Detection Result:V,-1
[*] Detection for /binaries/target/binutils/binutils-2.29.1-o0-objdump,get_archive_member_name,1
[*] /s; sim-cal:0.798088
[*] Detection Result:V,1
[*] Detection for /binaries/target/binutils/binutils-2.30-o0-objdump,get_archive_member_name,1
[*] /s; sim-cal:0.993653
[*] Detection Result:P,1
[*] Detection for /binaries/target/binutils/binutils-2.28.1-o0-objdump,get_archive_member_name,1
target function: get_archive_member_name not found
[*] Detection for /binaries/target/binutils/binutils-2.29-o0-objdump,setup_archive,-1
[*] /s; sim-cal:0.906286
[*] Detection Result:V,-1
[*] Detection for /binaries/target/binutils/binutils-2.29.1-o0-objdump,setup_archive,1
[*] /s; sim-cal:1.000138
[*] Detection Result:V,1
[*] Detection for /binaries/target/binutils/binutils-2.30-o0-objdump,setup_archive,1
[*] /s; sim-cal:0.997949
[*] Detection Result:P,1
[*] Detection for /binaries/target/binutils/binutils-2.28.1-o0-objdump,setup_archive,1
target function: setup_archive not found
[*] Detection for /binaries/target/binutils/binutils-2.29-o0-objdump,process_archive_index_and_symbols,-1
[*] /s; sim-cal:0.895058
[*] Detection Result:V,-1
[*] Detection for /binaries/target/binutils/binutils-2.29.1-o0-objdump,process_archive_index_and_symbols,1
[*] /s; sim-cal:1.000915
[*] Detection Result:V,1
[*] Detection for /binaries/target/binutils/binutils-2.30-o0-objdump,process_archive_index_and_symbols,1
[*] /s; sim-cal:0.574562
[*] Detection Result:P,1
[*] Detection for /binaries/target/binutils/binutils-2.28.1-o0-objdump,process_archive_index_and_symbols,1
target function: process_archive_index_and_symbols not found
------------------------------------------
[*] Detecting CVE: CVE-2017-16828
[*] Detection for /binaries/target/binutils/binutils-2.29.1-o0-objdump,frame_display_row,-1
[*] /s; sim-cal:0.645075
[*] Detection Result:N VP no diff,-1
[*] Detection for /binaries/target/binutils/binutils-2.30-o0-objdump,frame_display_row,1
[*] /s; sim-cal:0.551164
[*] Detection Result:N VP no diff,1
[*] Detection for /binaries/target/binutils/binutils-2.31-o0-objdump,frame_display_row,1
[*] /s; sim-cal:6.839782
[*] Detection Result:N VP no diff,1
[*] Detection for /binaries/target/binutils/binutils-2.31.1-o0-objdump,frame_display_row,1
[*] /s; sim-cal:6.822402
[*] Detection Result:N VP no diff,1
[*] Detection for /binaries/target/binutils/binutils-2.29.1-o0-objdump,read_cie,-1
[*] /s; sim-cal:0.751009
[*] Detection Result:V 0.8740740740740741/0.3419246031746032 9/11,-1
[*] Detection for /binaries/target/binutils/binutils-2.30-o0-objdump,read_cie,1
[*] /s; sim-cal:0.704421
[*] Detection Result:P 0.3035030103995621/0.8974358974358975 10/7,1
[*] Detection for /binaries/target/binutils/binutils-2.31-o0-objdump,read_cie,1
[*] /s; sim-cal:0.573565
[*] Detection Result:P 0.3035030103995621/0.8974358974358975 10/7,1
[*] Detection for /binaries/target/binutils/binutils-2.31.1-o0-objdump,read_cie,1
[*] /s; sim-cal:0.605768
[*] Detection Result:P 0.3035030103995621/0.8974358974358975 10/7,1
[*] Detection for /binaries/target/binutils/binutils-2.29.1-o0-objdump,display_debug_frames,-1
[*] /s; sim-cal:0.884972
[*] Detection Result:V 0.7615223233054323/0.6952063375367561 45/56,-1
[*] Detection for /binaries/target/binutils/binutils-2.30-o0-objdump,display_debug_frames,1
[*] /s; sim-cal:0.964468
[*] Detection Result:P 0.8077052080381159/0.8568515468248435 58/53,1
[*] Detection for /binaries/target/binutils/binutils-2.31-o0-objdump,display_debug_frames,1
[*] /s; sim-cal:0.884414
[*] Detection Result:P 0.8065373007156909/0.8557124767202563 56/52,1
[*] Detection for /binaries/target/binutils/binutils-2.31.1-o0-objdump,display_debug_frames,1
[*] /s; sim-cal:0.857556
[*] Detection Result:P 0.8065373007156909/0.8557124767202563 56/52,1
------------------------------------------
[*] Detecting CVE: CVE-2017-16829
[*] Detection for /binaries/target/binutils/binutils-2.29.1-o0-objdump,_bfd_elf_parse_gnu_properties,-1
[*] /s; sim-cal:0.54365
[*] Detection Result:V 0.8996250497630872/0.2653994782990027 6/11,-1
[*] Detection for /binaries/target/binutils/binutils-2.30-o0-objdump,_bfd_elf_parse_gnu_properties,1
[*] /s; sim-cal:0.580891
[*] Detection Result:P,1
[*] Detection for /binaries/target/binutils/binutils-2.31-o0-objdump,_bfd_elf_parse_gnu_properties,1
[*] /s; sim-cal:0.524007
[*] Detection Result:P 0.2977377495202736/0.9154003408024537 10/5,1
[*] Detection for /binaries/target/binutils/binutils-2.31.1-o0-objdump,_bfd_elf_parse_gnu_properties,1
[*] /s; sim-cal:0.580412
[*] Detection Result:P 0.2977377495202736/0.9154003408024537 10/5,1
------------------------------------------
[*] Detecting CVE: CVE-2017-16830
[*] Detection for /binaries/target/binutils/binutils-2.29.1-o0-readelf,print_gnu_property_note,-1
[*] /s; sim-cal:2.149997
[*] Detection Result:V,-1
[*] Detection for /binaries/target/binutils/binutils-2.30-o0-readelf,print_gnu_property_note,1
[*] /s; sim-cal:2.373836
[*] Detection Result:P 0.31541622070206465/1.0 8/4,1
[*] Detection for /binaries/target/binutils/binutils-2.31-o0-readelf,print_gnu_property_note,1
[*] /s; sim-cal:2.306538
[*] Detection Result:P 0.31541622070206465/1.0 8/4,1
[*] Detection for /binaries/target/binutils/binutils-2.31.1-o0-readelf,print_gnu_property_note,1
[*] /s; sim-cal:2.324903
[*] Detection Result:P 0.31541622070206465/1.0 8/4,1
------------------------------------------
[*] Detecting CVE: CVE-2017-16831
[*] Detection for /binaries/target/binutils/binutils-2.29.1-o0-objdump,coff_get_normalized_symtab,-1
[*] /s; sim-cal:0.985193
[*] Detection Result:V 0.7942857142857143/0.6834032363983297 7/7,-1
[*] Detection for /binaries/target/binutils/binutils-2.30-o0-objdump,coff_get_normalized_symtab,1
[*] /s; sim-cal:0.59174
[*] Detection Result:P,1
[*] Detection for /binaries/target/binutils/binutils-2.31-o0-objdump,coff_get_normalized_symtab,1
[*] /s; sim-cal:0.542181
[*] Detection Result:P 0.706838397451605/0.8055785123966944 10/7,1
[*] Detection for /binaries/target/binutils/binutils-2.31.1-o0-objdump,coff_get_normalized_symtab,1
[*] /s; sim-cal:0.584802
[*] Detection Result:P 0.706838397451605/0.8055785123966944 10/7,1
[*] Detection for /binaries/target/binutils/binutils-2.29.1-o0-objdump,_bfd_coff_get_external_symbols,-1
[*] /s; sim-cal:0.559616
[*] Detection Result:V 0.9130434782608695/0.4365324491215199 1/4,-1
[*] Detection for /binaries/target/binutils/binutils-2.30-o0-objdump,_bfd_coff_get_external_symbols,1
[*] /s; sim-cal:0.53606
[*] Detection Result:P,1
[*] Detection for /binaries/target/binutils/binutils-2.31-o0-objdump,_bfd_coff_get_external_symbols,1
[*] /s; sim-cal:0.577234
[*] Detection Result:P 0.44887278582930756/0.9330990210239126 8/2,1
[*] Detection for /binaries/target/binutils/binutils-2.31.1-o0-objdump,_bfd_coff_get_external_symbols,1
[*] /s; sim-cal:0.487648
[*] Detection Result:P 0.44887278582930756/0.9330990210239126 8/2,1
------------------------------------------
[*] Detecting CVE: CVE-2017-17122
[*] Detection for /binaries/target/binutils/binutils-2.29.1-o0-objdump,dump_relocs_in_section,-1
[*] /s; sim-cal:0.65491
[*] Detection Result:V 0.9876543209876543/0.5740950226244343 1/2,-1
[*] Detection for /binaries/target/binutils/binutils-2.30-o0-objdump,dump_relocs_in_section,1
[*] /s; sim-cal:0.541318
[*] Detection Result:P,1
[*] Detection for /binaries/target/binutils/binutils-2.31-o0-objdump,dump_relocs_in_section,1
[*] /s; sim-cal:0.529518
[*] Detection Result:P,1
[*] Detection for /binaries/target/binutils/binutils-2.31.1-o0-objdump,dump_relocs_in_section,1
[*] /s; sim-cal:0.625553
[*] Detection Result:P,1
------------------------------------------
[*] Detecting CVE: CVE-2017-17124
[*] Detection for /binaries/target/binutils/binutils-2.29.1-o0-objdump,_bfd_coff_read_string_table,-1
[*] /s; sim-cal:0.579878
[*] Detection Result:V 0.9569597069597069/0.24402777777777776 2/3,-1
[*] Detection for /binaries/target/binutils/binutils-2.30-o0-objdump,_bfd_coff_read_string_table,1
[*] /s; sim-cal:1.810386
[*] Detection Result:P,1
[*] Detection for /binaries/target/binutils/binutils-2.31-o0-objdump,_bfd_coff_read_string_table,1
[*] /s; sim-cal:0.641539
[*] Detection Result:P 0.3634659090909091/0.9455555555555556 3/1,1
[*] Detection for /binaries/target/binutils/binutils-2.31.1-o0-objdump,_bfd_coff_read_string_table,1
[*] /s; sim-cal:1.388654
[*] Detection Result:P 0.3634659090909091/0.9455555555555556 3/1,1
------------------------------------------
[*] Detecting CVE: CVE-2017-17126
[*] Detection for /binaries/target/binutils/binutils-2.29.1-o0-objdump,load_debug_section,-1
[*] /s; sim-cal:1.393942
[*] Detection Result:N VP no diff,-1
[*] Detection for /binaries/target/binutils/binutils-2.30-o0-objdump,load_debug_section,1
[*] /s; sim-cal:1.386616
[*] Detection Result:N VP no diff,1
[*] Detection for /binaries/target/binutils/binutils-2.31-o0-objdump,load_debug_section,1
[*] /s; sim-cal:1.405851
[*] Detection Result:N VP no diff,1
[*] Detection for /binaries/target/binutils/binutils-2.31.1-o0-objdump,load_debug_section,1
[*] /s; sim-cal:1.438437
[*] Detection Result:N VP no diff,1
------------------------------------------
[*] Detecting CVE: CVE-2017-9043
[*] Detection for /binaries/target/binutils/binutils-2.28-o0-readelf,print_gnu_build_attribute_name,-1
target function: print_gnu_build_attribute_name not found
[*] Detection for /binaries/target/binutils/binutils-2.29-o0-readelf,print_gnu_build_attribute_name,1
[*] /s; sim-cal:2.203868
[*] Detection Result:P 0.5622222222222222/0.6981112637362636 23/21,1
[*] Detection for /binaries/target/binutils/binutils-2.28.1-o0-readelf,print_gnu_build_attribute_name,1
target function: print_gnu_build_attribute_name not found
[*] Detection for /binaries/target/binutils/binutils-2.29.1-o0-readelf,print_gnu_build_attribute_name,1
[*] /s; sim-cal:0.316571
[*] Detection Result:P 0.5622222222222222/0.6981112637362636 23/21,1
------------------------------------------
[*] Detecting CVE: CVE-2018-1000876
[*] Detection for /binaries/target/binutils/binutils-2.31.1-o0-objdump,_bfd_elf_get_dynamic_reloc_upper_bound,-1
[*] /s; sim-cal:1.29349
[*] Detection Result:V,-1
[*] Detection for /binaries/target/binutils/binutils-2.31-o0-objdump,_bfd_elf_get_dynamic_reloc_upper_bound,-1
[*] /s; sim-cal:1.106851
[*] Detection Result:V,-1
[*] Detection for /binaries/target/binutils/binutils-2.30-o0-objdump,_bfd_elf_get_dynamic_reloc_upper_bound,-1
[*] /s; sim-cal:0.804485
[*] Detection Result:V,-1
[*] Detection for /binaries/target/binutils/binutils-2.32-o0-objdump,_bfd_elf_get_dynamic_reloc_upper_bound,1
[*] /s; sim-cal:6.293692
[*] Detection Result:P,1
[*] Detection for /binaries/target/binutils/binutils-2.33.1-o0-objdump,_bfd_elf_get_dynamic_reloc_upper_bound,1
[*] /s; sim-cal:6.690193
[*] Detection Result:P,1
[*] Detection for /binaries/target/binutils/binutils-2.34-o0-objdump,_bfd_elf_get_dynamic_reloc_upper_bound,1
[*] /s; sim-cal:0.663645
[*] Detection Result:P,1
[*] Detection for /binaries/target/binutils/binutils-2.31.1-o0-objdump,_bfd_elf_canonicalize_dynamic_symtab,-1
[*] /s; sim-cal:0.578572
[*] Detection Result:N VP no diff,-1
[*] Detection for /binaries/target/binutils/binutils-2.31-o0-objdump,_bfd_elf_canonicalize_dynamic_symtab,-1
[*] /s; sim-cal:0.506407
[*] Detection Result:N VP no diff,-1
[*] Detection for /binaries/target/binutils/binutils-2.30-o0-objdump,_bfd_elf_canonicalize_dynamic_symtab,-1
[*] /s; sim-cal:0.58689
[*] Detection Result:N VP no diff,-1
[*] Detection for /binaries/target/binutils/binutils-2.32-o0-objdump,_bfd_elf_canonicalize_dynamic_symtab,1
[*] /s; sim-cal:0.50973
[*] Detection Result:N VP no diff,1
[*] Detection for /binaries/target/binutils/binutils-2.33.1-o0-objdump,_bfd_elf_canonicalize_dynamic_symtab,1
[*] /s; sim-cal:0.601459
[*] Detection Result:N VP no diff,1
[*] Detection for /binaries/target/binutils/binutils-2.34-o0-objdump,_bfd_elf_canonicalize_dynamic_symtab,1
[*] /s; sim-cal:0.515103
[*] Detection Result:N VP no diff,1
[*] Detection for /binaries/target/binutils/binutils-2.31.1-o0-objdump,swap_out_syms,-1
[*] /s; sim-cal:0.591053
[*] Detection Result:N VP no diff,-1
[*] Detection for /binaries/target/binutils/binutils-2.31-o0-objdump,swap_out_syms,-1
[*] /s; sim-cal:0.605727
[*] Detection Result:N VP no diff,-1
[*] Detection for /binaries/target/binutils/binutils-2.30-o0-objdump,swap_out_syms,-1
[*] /s; sim-cal:2.303275
[*] Detection Result:N VP no diff,-1
[*] Detection for /binaries/target/binutils/binutils-2.32-o0-objdump,swap_out_syms,1
[*] /s; sim-cal:2.088726
[*] Detection Result:N VP no diff,1
[*] Detection for /binaries/target/binutils/binutils-2.33.1-o0-objdump,swap_out_syms,1
[*] /s; sim-cal:0.706994
[*] Detection Result:N VP no diff,1
[*] Detection for /binaries/target/binutils/binutils-2.34-o0-objdump,swap_out_syms,1
[*] /s; sim-cal:0.643215
[*] Detection Result:N VP no diff,1
[*] Detection for /binaries/target/binutils/binutils-2.31.1-o0-objdump,_bfd_elf_get_dynamic_symtab_upper_bound,-1
[*] /s; sim-cal:0.597194
[*] Detection Result:V,-1
[*] Detection for /binaries/target/binutils/binutils-2.31-o0-objdump,_bfd_elf_get_dynamic_symtab_upper_bound,-1
[*] /s; sim-cal:0.563355
[*] Detection Result:V,-1
[*] Detection for /binaries/target/binutils/binutils-2.30-o0-objdump,_bfd_elf_get_dynamic_symtab_upper_bound,-1
[*] /s; sim-cal:0.523307
[*] Detection Result:V,-1
[*] Detection for /binaries/target/binutils/binutils-2.32-o0-objdump,_bfd_elf_get_dynamic_symtab_upper_bound,1
[*] /s; sim-cal:0.659242
[*] Detection Result:P,1
[*] Detection for /binaries/target/binutils/binutils-2.33.1-o0-objdump,_bfd_elf_get_dynamic_symtab_upper_bound,1
[*] /s; sim-cal:0.58847
[*] Detection Result:P,1
[*] Detection for /binaries/target/binutils/binutils-2.34-o0-objdump,_bfd_elf_get_dynamic_symtab_upper_bound,1
[*] /s; sim-cal:0.559808
[*] Detection Result:P,1
[*] Detection for /binaries/target/binutils/binutils-2.31.1-o0-objdump,_bfd_elf_get_symtab_upper_bound,-1
[*] /s; sim-cal:0.632191
[*] Detection Result:V,-1
[*] Detection for /binaries/target/binutils/binutils-2.31-o0-objdump,_bfd_elf_get_symtab_upper_bound,-1
[*] /s; sim-cal:1.227174
[*] Detection Result:V,-1
[*] Detection for /binaries/target/binutils/binutils-2.30-o0-objdump,_bfd_elf_get_symtab_upper_bound,-1
[*] /s; sim-cal:0.707264
[*] Detection Result:V,-1
[*] Detection for /binaries/target/binutils/binutils-2.32-o0-objdump,_bfd_elf_get_symtab_upper_bound,1
[*] /s; sim-cal:0.582927
[*] Detection Result:P,1
[*] Detection for /binaries/target/binutils/binutils-2.33.1-o0-objdump,_bfd_elf_get_symtab_upper_bound,1
[*] /s; sim-cal:0.6551
[*] Detection Result:P,1
[*] Detection for /binaries/target/binutils/binutils-2.34-o0-objdump,_bfd_elf_get_symtab_upper_bound,1
[*] /s; sim-cal:0.657845
[*] Detection Result:P,1
------------------------------------------
[*] Detecting CVE: CVE-2018-18605
[*] Detection for /binaries/target/binutils/binutils-2.31-o0-objdump,_bfd_add_merge_section,-1
[*] /s; sim-cal:0.648861
[*] Detection Result:V 1.0/0.39473684210526316 1/1,-1
[*] Detection for /binaries/target/binutils/binutils-2.31.1-o0-objdump,_bfd_add_merge_section,1
[*] /s; sim-cal:0.59431
[*] Detection Result:V,1
[*] Detection for /binaries/target/binutils/binutils-2.32-o0-objdump,_bfd_add_merge_section,1
[*] /s; sim-cal:0.646443
[*] Detection Result:P 0.24415204678362573/0.868421052631579 8/6,1
[*] Detection for /binaries/target/binutils/binutils-2.33.1-o0-objdump,_bfd_add_merge_section,1
[*] /s; sim-cal:0.759698
[*] Detection Result:P 0.24415204678362573/0.868421052631579 8/6,1
------------------------------------------
[*] Detecting CVE: CVE-2018-18606
[*] Detection for /binaries/target/binutils/binutils-2.31-o0-objdump,_bfd_add_merge_section,-1
[*] /s; sim-cal:0.005609
[*] Detection Result:V 0.9161704929206556/0.3832365465163796 1/4,-1
[*] Detection for /binaries/target/binutils/binutils-2.31.1-o0-objdump,_bfd_add_merge_section,1
[*] /s; sim-cal:0.004934
[*] Detection Result:V 0.9237854354493912/0.35554584641188636 0/4,1
[*] Detection for /binaries/target/binutils/binutils-2.32-o0-objdump,_bfd_add_merge_section,1
[*] /s; sim-cal:0.002636
[*] Detection Result:P,1
[*] Detection for /binaries/target/binutils/binutils-2.33.1-o0-objdump,_bfd_add_merge_section,1
[*] /s; sim-cal:0.005516
[*] Detection Result:P 0.4087678500611306/0.9274622393239479 6/1,1
------------------------------------------
[*] Detecting CVE: CVE-2018-18607
[*] Detection for /binaries/target/binutils/binutils-2.31-o0-objdump,elf_link_input_bfd,-1
[*] /s; sim-cal:1.389466
[*] Detection Result:V 0.7594626240875629/0.5576652814311881 12/17,-1
[*] Detection for /binaries/target/binutils/binutils-2.31.1-o0-objdump,elf_link_input_bfd,1
[*] /s; sim-cal:1.089136
[*] Detection Result:V 0.7594626240875629/0.5576652814311881 12/17,1
[*] Detection for /binaries/target/binutils/binutils-2.32-o0-objdump,elf_link_input_bfd,1
[*] /s; sim-cal:0.693616
[*] Detection Result:P 0.5693054267792391/0.762942232887885 16/9,1
[*] Detection for /binaries/target/binutils/binutils-2.33.1-o0-objdump,elf_link_input_bfd,1
[*] /s; sim-cal:0.634258
[*] Detection Result:P 0.5538002944148533/0.7472586893782546 20/13,1
------------------------------------------
[*] Detecting CVE: CVE-2018-19932
[*] Detection for /binaries/target/binutils/binutils-2.31-o0-objdump,rewrite_elf_program_header,-1
[*] /s; sim-cal:0.663763
[*] Detection Result:V 0.7936216018974639/0.6341009631404635 8/8,-1
[*] Detection for /binaries/target/binutils/binutils-2.30-o0-objdump,rewrite_elf_program_header,-1
[*] /s; sim-cal:0.687947
[*] Detection Result:V 0.6841931216931216/0.6078530856463921 37/37,-1
[*] Detection for /binaries/target/binutils/binutils-2.29.1-o0-objdump,rewrite_elf_program_header,-1
[*] /s; sim-cal:1.015578
[*] Detection Result:V 0.6841931216931216/0.6084409751231705 38/38,-1
[*] Detection for /binaries/target/binutils/binutils-2.32-o0-objdump,rewrite_elf_program_header,1
[*] /s; sim-cal:1.361456
[*] Detection Result:V 0.9351851851851851/0.6598272804195866 25/4,1
[*] Detection for /binaries/target/binutils/binutils-2.31.1-o0-objdump,rewrite_elf_program_header,1
[*] /s; sim-cal:1.081143
[*] Detection Result:V 0.7936216018974639/0.6341009631404635 8/8,1
[*] Detection for /binaries/target/binutils/binutils-2.33.1-o0-objdump,rewrite_elf_program_header,1
[*] /s; sim-cal:0.705362
[*] Detection Result:V 0.9007936507936508/0.6562287779906749 25/4,1
------------------------------------------
[*] Detecting CVE: CVE-2018-20002
[*] Detection for /binaries/target/binutils/binutils-2.31-o0-nm,display_rel_file,-1
[*] /s; sim-cal:4.453719
[*] Detection Result:V,-1
[*] Detection for /binaries/target/binutils/binutils-2.32-o0-nm,display_rel_file,1
[*] /s; sim-cal:4.36915
[*] Detection Result:P,1
[*] Detection for /binaries/target/binutils/binutils-2.31.1-o0-nm,display_rel_file,1
[*] /s; sim-cal:4.516948
[*] Detection Result:V,1
[*] Detection for /binaries/target/binutils/binutils-2.33.1-o0-nm,display_rel_file,1
[*] /s; sim-cal:4.330627
[*] Detection Result:P 0.625123406005759/0.941683569979716 5/2,1
[*] Detection for /binaries/target/binutils/binutils-2.31-o0-nm,_bfd_generic_read_minisymbols,-1
[*] /s; sim-cal:0.448524
[*] Detection Result:V,-1
[*] Detection for /binaries/target/binutils/binutils-2.32-o0-nm,_bfd_generic_read_minisymbols,1
[*] /s; sim-cal:0.463109
[*] Detection Result:P,1
[*] Detection for /binaries/target/binutils/binutils-2.31.1-o0-nm,_bfd_generic_read_minisymbols,1
[*] /s; sim-cal:0.417578
[*] Detection Result:V,1
[*] Detection for /binaries/target/binutils/binutils-2.33.1-o0-nm,_bfd_generic_read_minisymbols,1
[*] /s; sim-cal:0.414125
[*] Detection Result:P,1
------------------------------------------
[*] Detecting CVE: CVE-2018-20651
[*] Detection for /binaries/target/binutils/binutils-2.31.1-o0-objdump,elf_link_add_object_symbols,-1
[*] /s; sim-cal:0.746701
[*] Detection Result:V 1.0/0.4583333333333333 14/15,-1
[*] Detection for /binaries/target/binutils/binutils-2.32-o0-objdump,elf_link_add_object_symbols,1
[*] /s; sim-cal:0.813629
[*] Detection Result:P 0.5/1.0 12/11,1
[*] Detection for /binaries/target/binutils/binutils-2.33.1-o0-objdump,elf_link_add_object_symbols,1
[*] /s; sim-cal:0.777841
[*] Detection Result:P 0.5/1.0 38/37,1
[*] Detection for /binaries/target/binutils/binutils-2.34-o0-objdump,elf_link_add_object_symbols,1
[*] /s; sim-cal:0.775946
[*] Detection Result:P 0.5/1.0 65/64,1
------------------------------------------
[*] Detecting CVE: CVE-2018-20671
[*] Detection for /binaries/target/binutils/binutils-2.31.1-o0-objdump,load_specific_debug_section,-1
[*] /s; sim-cal:0.581373
[*] Detection Result:V,-1
[*] Detection for /binaries/target/binutils/binutils-2.31-o0-objdump,load_specific_debug_section,-1
[*] /s; sim-cal:0.610442
[*] Detection Result:V,-1
[*] Detection for /binaries/target/binutils/binutils-2.30-o0-objdump,load_specific_debug_section,-1
[*] /s; sim-cal:0.585374
[*] Detection Result:V 0.72783610627951/0.6196478095633451 2/3,-1
[*] Detection for /binaries/target/binutils/binutils-2.32-o0-objdump,load_specific_debug_section,1
[*] /s; sim-cal:0.540251
[*] Detection Result:P 0.2100665419660449/0.9412547516512023 8/3,1
[*] Detection for /binaries/target/binutils/binutils-2.33.1-o0-objdump,load_specific_debug_section,1
[*] /s; sim-cal:0.541945
[*] Detection Result:P 0.42799258759213393/0.8823157840365774 9/6,1
[*] Detection for /binaries/target/binutils/binutils-2.34-o0-objdump,load_specific_debug_section,1
[*] /s; sim-cal:0.611968
[*] Detection Result:P 0.3379991701992205/0.75312426107697 10/7,1
------------------------------------------
[*] Detecting CVE: CVE-2018-6872
[*] Detection for /binaries/target/binutils/binutils-2.30-o0-objdump,elf_parse_notes,-1
[*] /s; sim-cal:0.625704
[*] Detection Result:V,-1
[*] Detection for /binaries/target/binutils/binutils-2.31-o0-objdump,elf_parse_notes,1
[*] /s; sim-cal:0.591215
[*] Detection Result:P,1
[*] Detection for /binaries/target/binutils/binutils-2.31.1-o0-objdump,elf_parse_notes,1
[*] /s; sim-cal:0.911652
[*] Detection Result:P,1
[*] Detection for /binaries/target/binutils/binutils-2.32-o0-objdump,elf_parse_notes,1
[*] /s; sim-cal:1.793865
[*] Detection Result:P 0.6781704343203199/1.0 4/1,1
------------------------------------------
[*] Detecting CVE: CVE-2018-7570
[*] Detection for /binaries/target/binutils/binutils-2.30-o0-objdump,assign_file_positions_for_non_load_sections,-1
[*] /s; sim-cal:0.631522
[*] Detection Result:V 0.3495804697499612/0.2258784298846959 21/23,-1
[*] Detection for /binaries/target/binutils/binutils-2.31-o0-objdump,assign_file_positions_for_non_load_sections,1
[*] /s; sim-cal:0.615284
[*] Detection Result:P 0.5861241373006079/0.7837393156324949 12/4,1
[*] Detection for /binaries/target/binutils/binutils-2.31.1-o0-objdump,assign_file_positions_for_non_load_sections,1
[*] /s; sim-cal:0.569637
[*] Detection Result:P 0.5861241373006079/0.7837393156324949 12/4,1
[*] Detection for /binaries/target/binutils/binutils-2.32-o0-objdump,assign_file_positions_for_non_load_sections,1
[*] /s; sim-cal:0.585431
[*] Detection Result:P 0.592184743361214/0.7852055912923188 14/6,1
------------------------------------------
[*] Detecting CVE: CVE-2019-17451
[*] Detection for /binaries/target/binutils/binutils-2.32-o0-objdump,_bfd_dwarf2_slurp_debug_info,-1
[*] /s; sim-cal:0.647523
[*] Detection Result:C can't tell,-1
[*] Detection for /binaries/target/binutils/binutils-2.33.1-o0-objdump,_bfd_dwarf2_slurp_debug_info,1
[*] /s; sim-cal:0.535695
[*] Detection Result:C can't tell,1
[*] Detection for /binaries/target/binutils/binutils-2.34-o0-objdump,_bfd_dwarf2_slurp_debug_info,1
[*] /s; sim-cal:0.557184
[*] Detection Result:C can't tell,1
[*] Detection for /binaries/target/binutils/binutils-2.35-o0-objdump,_bfd_dwarf2_slurp_debug_info,1
[*] /s; sim-cal:0.644144
[*] Detection Result:C can't tell,1
------------------------------------------
[*] Detecting CVE: CVE-2020-16590
[*] Detection for /binaries/target/binutils/binutils-2.35-o0-readelf,get_num_dynamic_syms,-1
[*] /s; sim-cal:3.092553
[*] Detection Result:C can't tell,-1
[*] Detection for /binaries/target/binutils/binutils-2.35.1-o0-readelf,get_num_dynamic_syms,1
[*] /s; sim-cal:3.154866
[*] Detection Result:C can't tell,1
[*] Detection for /binaries/target/binutils/binutils-2.35.2-o0-readelf,get_num_dynamic_syms,1
[*] /s; sim-cal:3.036149
[*] Detection Result:C can't tell,1
[*] Detection for /binaries/target/binutils/binutils-2.36.1-o0-readelf,get_num_dynamic_syms,1
[*] /s; sim-cal:3.757236
[*] Detection Result:C can't tell,1
------------------------------------------
[*] Detecting CVE: CVE-2020-16591
[*] Detection for /binaries/target/binutils/binutils-2.35-o0-readelf,get_num_dynamic_syms,-1
[*] /s; sim-cal:0.010356
[*] Detection Result:P 0.5/0.5520833333333334 54/53,-1
[*] Detection for /binaries/target/binutils/binutils-2.35.1-o0-readelf,get_num_dynamic_syms,1
[*] /s; sim-cal:0.012016
[*] Detection Result:P 0.5/0.5520833333333334 54/53,1
[*] Detection for /binaries/target/binutils/binutils-2.35.2-o0-readelf,get_num_dynamic_syms,1
[*] /s; sim-cal:0.016326
[*] Detection Result:P 0.5/0.5520833333333334 54/53,1
[*] Detection for /binaries/target/binutils/binutils-2.36.1-o0-readelf,get_num_dynamic_syms,1
[*] /s; sim-cal:0.010348
[*] Detection Result:P 0.5/0.5520833333333334 54/53,1
------------------------------------------
[*] Detecting CVE: CVE-2020-16593
[*] Detection for /binaries/target/binutils/binutils-2.35-o0-objdump,scan_unit_for_symbols,-1
[*] /s; sim-cal:0.540733
[*] Detection Result:V 0.8/0.6155701754385965 3/2,-1
[*] Detection for /binaries/target/binutils/binutils-2.35.1-o0-objdump,scan_unit_for_symbols,1
[*] /s; sim-cal:0.774727
[*] Detection Result:V 0.8/0.6155701754385965 3/2,1
[*] Detection for /binaries/target/binutils/binutils-2.35.2-o0-objdump,scan_unit_for_symbols,1
[*] /s; sim-cal:0.783742
[*] Detection Result:V 0.8/0.6155701754385965 5/4,1
[*] Detection for /binaries/target/binutils/binutils-2.36.1-o0-objdump,scan_unit_for_symbols,1
[*] /s; sim-cal:0.698519
[*] Detection Result:V 0.7/0.5905701754385966 5/4,1
------------------------------------------
[*] Detecting CVE: CVE-2020-16599
[*] Detection for /binaries/target/binutils/binutils-2.35-o0-objdump,_bfd_elf_get_symbol_version_string,-1
[*] /s; sim-cal:0.497242
[*] Detection Result:P,-1
[*] Detection for /binaries/target/binutils/binutils-2.35.1-o0-objdump,_bfd_elf_get_symbol_version_string,1
[*] /s; sim-cal:0.533508
[*] Detection Result:P,1
[*] Detection for /binaries/target/binutils/binutils-2.35.2-o0-objdump,_bfd_elf_get_symbol_version_string,1
[*] /s; sim-cal:0.689967
[*] Detection Result:P,1
[*] Detection for /binaries/target/binutils/binutils-2.36.1-o0-objdump,_bfd_elf_get_symbol_version_string,1
[*] /s; sim-cal:0.65039
[*] Detection Result:P,1
------------------------------------------
[*] Detecting CVE: CVE-2020-19724
[*] Detection for /binaries/target/binutils/binutils-2.33.1-o0-nm,display_rel_file,-1
[*] /s; sim-cal:0.006309
[*] Detection Result:V 0.6138104501944084/0.43406904357668363 9/9,-1
[*] Detection for /binaries/target/binutils/binutils-2.32-o0-nm,display_rel_file,-1
[*] /s; sim-cal:0.003096
[*] Detection Result:V 0.6138104501944084/0.4480195261128324 7/7,-1
[*] Detection for /binaries/target/binutils/binutils-2.31.1-o0-nm,display_rel_file,-1
[*] /s; sim-cal:0.004518
[*] Detection Result:V 0.6138104501944084/0.2894736842105263 10/10,-1
[*] Detection for /binaries/target/binutils/binutils-2.34-o0-nm,display_rel_file,1
[*] /s; sim-cal:4.588192
[*] Detection Result:P,1
[*] Detection for /binaries/target/binutils/binutils-2.35-o0-nm,display_rel_file,1
[*] /s; sim-cal:4.474018
[*] Detection Result:P 0.48361709847511064/0.9453006003462394 4/1,1
[*] Detection for /binaries/target/binutils/binutils-2.35.1-o0-nm,display_rel_file,1
[*] /s; sim-cal:4.449068
[*] Detection Result:P 0.48361709847511064/0.9453006003462394 4/1,1
------------------------------------------
[*] Detecting CVE: CVE-2020-35448
[*] Detection for /binaries/target/binutils/binutils-2.35.1-o0-objdump,_bfd_elf_slurp_secondary_reloc_section,-1
[*] /s; sim-cal:0.002173
[*] Detection Result:V,-1
[*] Detection for /binaries/target/binutils/binutils-2.35.2-o0-objdump,_bfd_elf_slurp_secondary_reloc_section,1
[*] /s; sim-cal:0.002973
[*] Detection Result:V,1
[*] Detection for /binaries/target/binutils/binutils-2.36.1-o0-objdump,_bfd_elf_slurp_secondary_reloc_section,1
[*] /s; sim-cal:0.003661
[*] Detection Result:P 0.5479082321187585/0.9045584045584045 11/9,1
[*] Detection for /binaries/target/binutils/binutils-2.37-o0-objdump,_bfd_elf_slurp_secondary_reloc_section,1
[*] /s; sim-cal:0.003202
[*] Detection Result:P 0.5479082321187585/0.9045584045584045 15/13,1
------------------------------------------
[*] Detecting CVE: CVE-2021-20294
[*] Detection for /binaries/target/binutils/binutils-2.35.1-o0-objdump,print_dynamic_symbol,-1
target function: print_dynamic_symbol not found
[*] Detection for /binaries/target/binutils/binutils-2.35-o0-objdump,print_dynamic_symbol,-1
target function: print_dynamic_symbol not found
[*] Detection for /binaries/target/binutils/binutils-2.35.2-o0-objdump,print_dynamic_symbol,1
target function: print_dynamic_symbol not found
[*] Detection for /binaries/target/binutils/binutils-2.36.1-o0-objdump,print_dynamic_symbol,1
target function: print_dynamic_symbol not found
[*] Detection for /binaries/target/binutils/binutils-2.37-o0-objdump,print_dynamic_symbol,1
target function: print_dynamic_symbol not found
------------------------------------------
[*] Detecting CVE: CVE-2021-45078
[*] Detection for /binaries/target/binutils/binutils-2.37-o0-objdump,stab_xcoff_builtin_type,-1
[*] /s; sim-cal:0.640056
[*] Detection Result:V,-1
[*] Detection for /binaries/target/binutils/binutils-2.36.1-o0-objdump,stab_xcoff_builtin_type,-1
[*] /s; sim-cal:0.767362
[*] Detection Result:V,-1
[*] Detection for /binaries/target/binutils/binutils-2.35.2-o0-objdump,stab_xcoff_builtin_type,-1
[*] /s; sim-cal:0.755357
[*] Detection Result:V,-1
[*] Detection for /binaries/target/binutils/binutils-2.38-o0-objdump,stab_xcoff_builtin_type,1
[*] /s; sim-cal:1.026894
[*] Detection Result:P,1
[*] Detection for /binaries/target/binutils/binutils-2.39-o0-objdump,stab_xcoff_builtin_type,1
[*] /s; sim-cal:0.965488
[*] Detection Result:P,1
[*] Detection for /binaries/target/binutils/binutils-2.40-o0-objdump,stab_xcoff_builtin_type,1
target function: stab_xcoff_builtin_type not found
[*] Detection for /binaries/target/binutils/binutils-2.37-o0-objdump,stab_find_type,-1
[*] /s; sim-cal:0.812516
[*] Detection Result:V,-1
[*] Detection for /binaries/target/binutils/binutils-2.36.1-o0-objdump,stab_find_type,-1
[*] /s; sim-cal:0.670077
[*] Detection Result:V,-1
[*] Detection for /binaries/target/binutils/binutils-2.35.2-o0-objdump,stab_find_type,-1
[*] /s; sim-cal:0.520409
[*] Detection Result:V,-1
[*] Detection for /binaries/target/binutils/binutils-2.38-o0-objdump,stab_find_type,1
[*] /s; sim-cal:0.581252
[*] Detection Result:P,1
[*] Detection for /binaries/target/binutils/binutils-2.39-o0-objdump,stab_find_type,1
[*] /s; sim-cal:0.599539
[*] Detection Result:P,1
[*] Detection for /binaries/target/binutils/binutils-2.40-o0-objdump,stab_find_type,1
target function: stab_find_type not found
[*] Detection for /binaries/target/binutils/binutils-2.37-o0-objdump,stab_record_type,-1
[*] /s; sim-cal:0.578064
[*] Detection Result:N VP no diff,-1
[*] Detection for /binaries/target/binutils/binutils-2.36.1-o0-objdump,stab_record_type,-1
[*] /s; sim-cal:0.516495
[*] Detection Result:N VP no diff,-1
[*] Detection for /binaries/target/binutils/binutils-2.35.2-o0-objdump,stab_record_type,-1
[*] /s; sim-cal:0.547147
[*] Detection Result:N VP no diff,-1
[*] Detection for /binaries/target/binutils/binutils-2.38-o0-objdump,stab_record_type,1
[*] /s; sim-cal:0.54078
[*] Detection Result:N VP no diff,1
[*] Detection for /binaries/target/binutils/binutils-2.39-o0-objdump,stab_record_type,1
[*] /s; sim-cal:0.516832
[*] Detection Result:N VP no diff,1
[*] Detection for /binaries/target/binutils/binutils-2.40-o0-objdump,stab_record_type,1
target function: stab_record_type not found
------------------------------------------
[*] Detecting CVE: CVE-2022-38533
[*] Detection for /binaries/target/binutils/binutils-2.39-o0-objdump,_bfd_elf_symbol_from_bfd_symbol,-1
[*] /s; sim-cal:0.001323
[*] Detection Result:N VP no diff,-1
[*] Detection for /binaries/target/binutils/binutils-2.38-o0-objdump,_bfd_elf_symbol_from_bfd_symbol,-1
[*] /s; sim-cal:0.001216
[*] Detection Result:N VP no diff,-1
[*] Detection for /binaries/target/binutils/binutils-2.37-o0-objdump,_bfd_elf_symbol_from_bfd_symbol,-1
[*] /s; sim-cal:0.00091
[*] Detection Result:N VP no diff,-1
[*] Detection for /binaries/target/binutils/binutils-2.40-o0-objdump,_bfd_elf_symbol_from_bfd_symbol,1
target function: _bfd_elf_symbol_from_bfd_symbol not found
[*] Detection for /binaries/target/binutils/binutils-2.41-o0-objdump,_bfd_elf_symbol_from_bfd_symbol,1
[*] /s; sim-cal:0.00131
[*] Detection Result:N VP no diff,1
[*] Detection for /binaries/target/binutils/binutils-2.42-o0-objdump,_bfd_elf_symbol_from_bfd_symbol,1
[*] /s; sim-cal:0.001278
[*] Detection Result:N VP no diff,1
[*] Detection for /binaries/target/binutils/binutils-2.39-o0-objdump,rewrite_elf_program_header,-1
[*] /s; sim-cal:85.946988
[*] Detection Result:V 0.8812263648046943/0.405138987926649 2/115,-1
[*] Detection for /binaries/target/binutils/binutils-2.38-o0-objdump,rewrite_elf_program_header,-1
[*] /s; sim-cal:85.530022
[*] Detection Result:V 0.8812263648046943/0.405138987926649 2/115,-1
[*] Detection for /binaries/target/binutils/binutils-2.37-o0-objdump,rewrite_elf_program_header,-1
[*] /s; sim-cal:85.387077
[*] Detection Result:V 0.8812263648046943/0.405138987926649 3/116,-1
[*] Detection for /binaries/target/binutils/binutils-2.40-o0-objdump,rewrite_elf_program_header,1
target function: rewrite_elf_program_header not found
[*] Detection for /binaries/target/binutils/binutils-2.41-o0-objdump,rewrite_elf_program_header,1
[*] /s; sim-cal:1.288047
[*] Detection Result:P 0.24982822508231156/0.6097790685808874 19/7,1
[*] Detection for /binaries/target/binutils/binutils-2.42-o0-objdump,rewrite_elf_program_header,1
[*] /s; sim-cal:1.240401
[*] Detection Result:P 0.24965013598835975/0.6054851642869832 19/7,1
------------------------------------------
[*] Detecting CVE: CVE-2022-48063
[*] Detection for /binaries/target/binutils/binutils-2.39-o0-objdump,load_specific_debug_section,-1
[*] /s; sim-cal:0.64
[*] Detection Result:V 1.0/0.7771503896443556 2/3,-1
[*] Detection for /binaries/target/binutils/binutils-2.38-o0-objdump,load_specific_debug_section,-1
[*] /s; sim-cal:0.567798
[*] Detection Result:V 1.0/0.7771503896443556 2/3,-1
[*] Detection for /binaries/target/binutils/binutils-2.37-o0-objdump,load_specific_debug_section,-1
[*] /s; sim-cal:0.581112
[*] Detection Result:V 0.6121600621600621/0.47948717948717945 4/5,-1
[*] Detection for /binaries/target/binutils/binutils-2.40-o0-objdump,load_specific_debug_section,1
target function: load_specific_debug_section not found
[*] Detection for /binaries/target/binutils/binutils-2.41-o0-objdump,load_specific_debug_section,1
[*] /s; sim-cal:0.64319
[*] Detection Result:P,1
[*] Detection for /binaries/target/binutils/binutils-2.42-o0-objdump,load_specific_debug_section,1
[*] /s; sim-cal:0.785706
[*] Detection Result:P,1
------------------------------------------
[*] Detecting CVE: CVE-2022-48064
[*] Detection for /binaries/target/binutils/binutils-2.39-o0-objdump,find_debug_info,-1
[*] /s; sim-cal:0.524436
[*] Detection Result:V,-1
[*] Detection for /binaries/target/binutils/binutils-2.38-o0-objdump,find_debug_info,-1
[*] /s; sim-cal:0.485401
[*] Detection Result:V,-1
[*] Detection for /binaries/target/binutils/binutils-2.37-o0-objdump,find_debug_info,-1
[*] /s; sim-cal:0.481805
[*] Detection Result:V,-1
[*] Detection for /binaries/target/binutils/binutils-2.40-o0-objdump,find_debug_info,1
target function: find_debug_info not found
[*] Detection for /binaries/target/binutils/binutils-2.41-o0-objdump,find_debug_info,1
[*] /s; sim-cal:0.493416
[*] Detection Result:P,1
[*] Detection for /binaries/target/binutils/binutils-2.42-o0-objdump,find_debug_info,1
[*] /s; sim-cal:0.493689
[*] Detection Result:P,1
------------------------------------------
[*] Detecting CVE: CVE-2022-48065
[*] Detection for /binaries/target/binutils/binutils-2.39-o0-objdump,find_abstract_instance,-1
[*] /s; sim-cal:0.50979
[*] Detection Result:V 0.6638242429367087/0.4344821916589158 21/27,-1
[*] Detection for /binaries/target/binutils/binutils-2.38-o0-objdump,find_abstract_instance,-1
[*] /s; sim-cal:0.520393
[*] Detection Result:V 0.6638242429367087/0.4344821916589158 21/27,-1
[*] Detection for /binaries/target/binutils/binutils-2.37-o0-objdump,find_abstract_instance,-1
[*] /s; sim-cal:0.519005
[*] Detection Result:V 0.5766069918337535/0.34513903481575886 23/29,-1
[*] Detection for /binaries/target/binutils/binutils-2.40-o0-objdump,find_abstract_instance,1
target function: find_abstract_instance not found
[*] Detection for /binaries/target/binutils/binutils-2.41-o0-objdump,find_abstract_instance,1
[*] /s; sim-cal:0.516485
[*] Detection Result:P,1
[*] Detection for /binaries/target/binutils/binutils-2.42-o0-objdump,find_abstract_instance,1
[*] /s; sim-cal:0.515317
[*] Detection Result:P,1
[*] Detection for /binaries/target/binutils/binutils-2.39-o0-objdump,scan_unit_for_symbols,-1
[*] /s; sim-cal:0.583522
[*] Detection Result:V 0.6468966533982013/0.6344472291840713 19/21,-1
[*] Detection for /binaries/target/binutils/binutils-2.38-o0-objdump,scan_unit_for_symbols,-1
[*] /s; sim-cal:0.571927
[*] Detection Result:V 0.5681711038922526/0.566303690260133 26/28,-1
[*] Detection for /binaries/target/binutils/binutils-2.37-o0-objdump,scan_unit_for_symbols,-1
[*] /s; sim-cal:0.580676
[*] Detection Result:V 0.47293300865415727/0.47106559502203776 29/31,-1
[*] Detection for /binaries/target/binutils/binutils-2.40-o0-objdump,scan_unit_for_symbols,1
target function: scan_unit_for_symbols not found
[*] Detection for /binaries/target/binutils/binutils-2.41-o0-objdump,scan_unit_for_symbols,1
[*] /s; sim-cal:0.552639
[*] Detection Result:V 0.7294520000982849/0.717002575884155 6/4,1
[*] Detection for /binaries/target/binutils/binutils-2.42-o0-objdump,scan_unit_for_symbols,1
[*] /s; sim-cal:0.603077
[*] Detection Result:V 0.7090207135485773/0.6965712893344472 6/4,1
------------------------------------------
[*] Detecting CVE: CVE-2023-1579
[*] Detection for /binaries/target/binutils/binutils-2.39-o0-objdump,read_indexed_address,-1
[*] /s; sim-cal:0.001112
[*] Detection Result:N VP no diff,-1
[*] Detection for /binaries/target/binutils/binutils-2.40-o0-objdump,read_indexed_address,1
target function: read_indexed_address not found
[*] Detection for /binaries/target/binutils/binutils-2.41-o0-objdump,read_indexed_address,1
[*] /s; sim-cal:0.001478
[*] Detection Result:N VP no diff,1
[*] Detection for /binaries/target/binutils/binutils-2.42-o0-objdump,read_indexed_address,1
[*] /s; sim-cal:0.001168
[*] Detection Result:N VP no diff,1
------------------------------------------
[*] Detecting CVE: CVE-2023-25586
[*] Detection for /binaries/target/binutils/binutils-2.40-o0-objdump,bfd_init_section_decompress_status,-1
target function: bfd_init_section_decompress_status not found
[*] Detection for /binaries/target/binutils/binutils-2.41-o0-objdump,bfd_init_section_decompress_status,1
[*] /s; sim-cal:0.508884
[*] Detection Result:P 0.44/0.9615384615384616 4/3,1
[*] Detection for /binaries/target/binutils/binutils-2.42-o0-objdump,bfd_init_section_decompress_status,1
[*] /s; sim-cal:0.489019
[*] Detection Result:P 0.44/0.9615384615384616 4/3,1
[*] Detection for /binaries/target/binutils/binutils-2.43-o0-objdump,bfd_init_section_decompress_status,1
[*] /s; sim-cal:0.554419
[*] Detection Result:P 0.44/0.9615384615384616 4/3,1
