=========2025-06-18 15:59:21.918952============
[*] extract signatures for CVE-2025-29088-
=========2025-06-18 16:32:50.740554============
[*] extract signatures for CVE-2020-13434-printfTempBuf
[*] /ms: vul-sig-gen,patch-sig-gen,map,diff,map+diff:8.267595,8.283766,0.000112,6.3e-05,0.000175
[*] extract signatures for CVE-2020-13434-sqlite3_str_vappendf
[*] /ms: vul-sig-gen,patch-sig-gen,map,diff,map+diff:0.645657,0.594409,0.00108,0.000186,0.001266
[*] extract signatures for CVE-2020-35525-multiSelect
[*] /ms: vul-sig-gen,patch-sig-gen,map,diff,map+diff:8.221978,8.256117,0.000736,0.00243,0.003166
[*] extract signatures for CVE-2020-35527-selectExpander
[*] /ms: vul-sig-gen,patch-sig-gen,map,diff,map+diff:8.25238,8.340379,0.001115,0.000151,0.001266
[*] extract signatures for CVE-2016-6153-unixGetTempname
[*] /ms: vul-sig-gen,patch-sig-gen,map,diff,map+diff:5.56554,5.557037,0.000154,6.9e-05,0.000223
[*] extract signatures for CVE-2016-6153-unixTempFileDir
[*] /ms: vul-sig-gen,patch-sig-gen,map,diff,map+diff:0.365617,0.356628,0.000203,0.000278,0.000481
[*] extract signatures for CVE-2019-19646-sqlite3CreateColumnExpr
[*] /ms: vul-sig-gen,patch-sig-gen,map,diff,map+diff:6.986428,6.924489,0.000132,7.3e-05,0.000205
[*] extract signatures for CVE-2019-19646-sqlite3Pragma
[*] /ms: vul-sig-gen,patch-sig-gen,map,diff,map+diff:0.820977,0.783708,0.003312,0.00064,0.003952
[*] extract signatures for CVE-2019-19959-zipfileStep
[*] /ms: vul-sig-gen,patch-sig-gen,map,diff,map+diff:7.124363,6.994318,0.000218,0.000553,0.000771
[*] extract signatures for CVE-2019-19959-zipfileUpdate
[*] /ms: vul-sig-gen,patch-sig-gen,map,diff,map+diff:0.419493,0.419574,0.000241,0.00691,0.007151
[*] extract signatures for CVE-2019-8457-rtreeInit
[*] /ms: vul-sig-gen,patch-sig-gen,map,diff,map+diff:6.676025,6.606068,0.000154,0.000103,0.000257
[*] extract signatures for CVE-2020-13632-fts3ExprLHits
[*] /ms: vul-sig-gen,patch-sig-gen,map,diff,map+diff:8.244348,8.318678,0.000135,7.2e-05,0.000207
[*] extract signatures for CVE-2019-19242-sqlite3ExprCodeTarget
[*] /ms: vul-sig-gen,patch-sig-gen,map,diff,map+diff:7.024113,7.099361,0.000518,0.000193,0.000711
[*] extract signatures for CVE-2019-19242-whereIndexExprTransColumn
[*] /ms: vul-sig-gen,patch-sig-gen,map,diff,map+diff:0.3749,0.370004,0.000134,7.8e-05,0.000212
[*] extract signatures for CVE-2019-19926-multiSelect
[*] /ms: vul-sig-gen,patch-sig-gen,map,diff,map+diff:7.043822,6.955988,0.000303,0.001275,0.001578
[*] extract signatures for CVE-2020-13630-fts3EvalNextRow
[*] /ms: vul-sig-gen,patch-sig-gen,map,diff,map+diff:8.420487,8.41289,0.000425,0.000479,0.000904
[*] extract signatures for CVE-2019-19880-exprListAppendList
[*] /ms: vul-sig-gen,patch-sig-gen,map,diff,map+diff:7.040077,7.019168,0.000157,0.000369,0.000526
[*] extract signatures for CVE-2019-19645-renameColumnFunc
[*] /ms: vul-sig-gen,patch-sig-gen,map,diff,map+diff:6.97695,7.004143,0.000281,0.000106,0.000387
[*] extract signatures for CVE-2019-19645-renameTableFunc
[*] /ms: vul-sig-gen,patch-sig-gen,map,diff,map+diff:0.415353,0.419654,0.000258,9.6e-05,0.000354
[*] extract signatures for CVE-2019-19645-renameTableSelectCb
[*] /ms: vul-sig-gen,patch-sig-gen,map,diff,map+diff:0.378837,0.376127,0.000136,7.3e-05,0.000209
[*] extract signatures for CVE-2019-19645-renameTokenFind
[*] /ms: vul-sig-gen,patch-sig-gen,map,diff,map+diff:0.364582,0.362973,0.00015,7.9e-05,0.000229
[*] extract signatures for CVE-2019-19645-renameUnmapSelectCb
[*] /ms: vul-sig-gen,patch-sig-gen,map,diff,map+diff:0.421415,0.37834,0.000155,0.001447,0.001602
[*] extract signatures for CVE-2019-19645-sqlite3CreateView
[*] /ms: vul-sig-gen,patch-sig-gen,map,diff,map+diff:0.398575,0.385091,0.000143,9.4e-05,0.000237
[*] extract signatures for CVE-2022-46908-safeModeAuth
[*] /ms: vul-sig-gen,patch-sig-gen,map,diff,map+diff:9.578847,9.531423,0.000132,8.2e-05,0.000214
[*] extract signatures for CVE-2023-7104-sessionReadRecord
[*] /ms: vul-sig-gen,patch-sig-gen,map,diff,map+diff:9.892436,9.854373,0.000167,0.000109,0.000276
[*] extract signatures for CVE-2018-20346-fts3ScanInteriorNode
[*] /ms: vul-sig-gen,patch-sig-gen,map,diff,map+diff:6.528388,6.567309,0.000227,0.000121,0.000348
[*] extract signatures for CVE-2018-20346-fts3SegReaderNext
[*] /ms: vul-sig-gen,patch-sig-gen,map,diff,map+diff:0.391931,0.393963,0.000203,0.000127,0.00033
[*] extract signatures for CVE-2018-20346-nodeReaderNext
[*] /ms: vul-sig-gen,patch-sig-gen,map,diff,map+diff:0.397796,0.383447,0.000207,0.000115,0.000322
[*] extract signatures for CVE-2020-15358-flattenSubquery
[*] /ms: vul-sig-gen,patch-sig-gen,map,diff,map+diff:8.320876,8.336533,0.000444,0.000587,0.001031
[*] extract signatures for CVE-2020-15358-multiSelect
[*] /ms: vul-sig-gen,patch-sig-gen,map,diff,map+diff:0.516594,0.528633,0.000344,0.000353,0.000697
[*] extract signatures for CVE-2020-15358-sqlite3Select
[*] /ms: vul-sig-gen,patch-sig-gen,map,diff,map+diff:0.641943,0.64671,0.001436,0.000276,0.001712
[*] extract signatures for CVE-2019-19924-codeCompare
[*] /ms: vul-sig-gen,patch-sig-gen,map,diff,map+diff:6.943634,6.937191,0.00016,8.6e-05,0.000246
[*] extract signatures for CVE-2019-19924-sqlite3VdbeSetP4KeyInfo
[*] /ms: vul-sig-gen,patch-sig-gen,map,diff,map+diff:0.418754,0.518442,0.000131,8e-05,0.000211
[*] extract signatures for CVE-2019-19924-sqlite3WindowRewrite
[*] /ms: vul-sig-gen,patch-sig-gen,map,diff,map+diff:0.488834,0.490122,0.000174,0.000581,0.000755
[*] extract signatures for CVE-2019-19923-flattenSubquery
[*] /ms: vul-sig-gen,patch-sig-gen,map,diff,map+diff:7.21533,6.991127,0.000271,0.000348,0.000619
[*] extract signatures for CVE-2019-19923-substSelect
[*] /ms: vul-sig-gen,patch-sig-gen,map,diff,map+diff:0.461235,0.469085,0.000118,7e-05,0.000188
[*] extract signatures for CVE-2021-36690-idxGetTableInfo
[*] /ms: vul-sig-gen,patch-sig-gen,map,diff,map+diff:8.743409,8.678254,0.000167,8.7e-05,0.000254
[*] extract signatures for CVE-2019-19244-sqlite3Select
[*] /ms: vul-sig-gen,patch-sig-gen,map,diff,map+diff:7.125674,7.148125,0.001009,0.002173,0.003182
[*] extract signatures for CVE-2019-19317-lookupName
[*] /ms: vul-sig-gen,patch-sig-gen,map,diff,map+diff:6.992635,7.061192,0.000228,0.000525,0.000753
[*] extract signatures for CVE-2019-20218-selectExpander
[*] /ms: vul-sig-gen,patch-sig-gen,map,diff,map+diff:6.983451,6.986763,0.00019,0.000309,0.000499
[*] extract signatures for CVE-2021-31239-apndOpen
[*] /ms: vul-sig-gen,patch-sig-gen,map,diff,map+diff:8.615423,8.648379,0.000159,9.4e-05,0.000253
[*] extract signatures for CVE-2019-19925-zipfileUpdate
[*] /ms: vul-sig-gen,patch-sig-gen,map,diff,map+diff:6.985,7.027193,0.000195,0.000245,0.00044
[*] extract signatures for CVE-2020-11655-resetAccumulator
[*] /ms: vul-sig-gen,patch-sig-gen,map,diff,map+diff:8.283852,8.312418,0.000168,8.7e-05,0.000255
[*] extract signatures for CVE-2020-11656-renameColumnIdlistNames
[*] /ms: vul-sig-gen,patch-sig-gen,map,diff,map+diff:8.221989,8.347974,0.00016,7.2e-05,0.000232
[*] extract signatures for CVE-2020-11656-renameUnmapSelectCb
[*] /ms: vul-sig-gen,patch-sig-gen,map,diff,map+diff:0.456731,0.42651,0.000146,0.000739,0.000885
[*] extract signatures for CVE-2020-11656-renameWalkWith
[*] /ms: vul-sig-gen,patch-sig-gen,map,diff,map+diff:0.437695,0.447731,0.000119,6.8e-05,0.000187
=========2025-06-18 16:41:57.464684============
Detect o0 Binaries.
------------------------------------------
[*] Detecting CVE: CVE-2015-3416
[*] Detection for /binaries/target/sqlite/sqlite-3.8.8.3-o0-sqlite3,sqlite3VXPrintf,-1
[*] Detection Result:None,-1
[*] Detection for /binaries/target/sqlite/sqlite-3.8.8.2-o0-sqlite3,sqlite3VXPrintf,-1
[*] Detection Result:None,-1
[*] Detection for /binaries/target/sqlite/sqlite-3.8.8.1-o0-sqlite3,sqlite3VXPrintf,-1
[*] Detection Result:None,-1
[*] Detection for /binaries/target/sqlite/sqlite-3.8.9-o0-sqlite3,sqlite3VXPrintf,1
[*] Detection Result:None,1
[*] Detection for /binaries/target/sqlite/sqlite-3.8.10-o0-sqlite3,sqlite3VXPrintf,1
[*] Detection Result:None,1
[*] Detection for /binaries/target/sqlite/sqlite-3.8.10.1-o0-sqlite3,sqlite3VXPrintf,1
[*] Detection Result:None,1
------------------------------------------
[*] Detecting CVE: CVE-2016-6153
[*] Detection for /binaries/target/sqlite/sqlite-3.12.2-o0-sqlite3,unixGetTempname,-1
[*] /s; sim-cal:5.280544
[*] Detection Result:V 0.9230769230769231/0.27142857142857146 1/2,-1
[*] Detection for /binaries/target/sqlite/sqlite-3.12.1-o0-sqlite3,unixGetTempname,-1
[*] /s; sim-cal:5.296872
[*] Detection Result:V 0.9230769230769231/0.27142857142857146 1/2,-1
[*] Detection for /binaries/target/sqlite/sqlite-3.9.3-o0-sqlite3,unixGetTempname,-1
target function: unixGetTempname not found
[*] Detection for /binaries/target/sqlite/sqlite-3.13.0-o0-sqlite3,unixGetTempname,1
[*] /s; sim-cal:5.276752
[*] Detection Result:P 0.46153846153846156/0.9666666666666667 3/1,1
[*] Detection for /binaries/target/sqlite/sqlite-3.14-o0-sqlite3,unixGetTempname,1
target function: unixGetTempname not found
[*] Detection for /binaries/target/sqlite/sqlite-3.14.1-o0-sqlite3,unixGetTempname,1
[*] /s; sim-cal:5.360453
[*] Detection Result:P 0.46153846153846156/0.9666666666666667 3/1,1
[*] Detection for /binaries/target/sqlite/sqlite-3.12.2-o0-sqlite3,unixTempFileDir,-1
[*] /s; sim-cal:0.3689
[*] Detection Result:V 0.9824507389162562/0.3249900970489206 3/8,-1
[*] Detection for /binaries/target/sqlite/sqlite-3.12.1-o0-sqlite3,unixTempFileDir,-1
[*] /s; sim-cal:0.360394
[*] Detection Result:V 0.9824507389162562/0.3249900970489206 3/8,-1
[*] Detection for /binaries/target/sqlite/sqlite-3.9.3-o0-sqlite3,unixTempFileDir,-1
target function: unixTempFileDir not found
[*] Detection for /binaries/target/sqlite/sqlite-3.13.0-o0-sqlite3,unixTempFileDir,1
[*] /s; sim-cal:0.368995
[*] Detection Result:P 0.3535649892140764/0.7100970017636684 8/5,1
[*] Detection for /binaries/target/sqlite/sqlite-3.14-o0-sqlite3,unixTempFileDir,1
target function: unixTempFileDir not found
[*] Detection for /binaries/target/sqlite/sqlite-3.14.1-o0-sqlite3,unixTempFileDir,1
[*] /s; sim-cal:0.357751
[*] Detection Result:P 0.3535649892140764/0.7100970017636684 8/5,1
------------------------------------------
[*] Detecting CVE: CVE-2017-10989
[*] Detection for /binaries/target/sqlite/sqlite-3.18.2-o0-sqlite3,getNodeSize,-1
[*] Detection Result:None,-1
[*] Detection for /binaries/target/sqlite/sqlite-3.18.1-o0-sqlite3,getNodeSize,-1
[*] Detection Result:None,-1
[*] Detection for /binaries/target/sqlite/sqlite-3.19.3-o0-sqlite3,getNodeSize,-1
[*] Detection Result:None,-1
[*] Detection for /binaries/target/sqlite/sqlite-3.20.0-o0-sqlite3,getNodeSize,1
[*] Detection Result:None,1
[*] Detection for /binaries/target/sqlite/sqlite-3.19.4-o0-sqlite3,getNodeSize,1
[*] Detection Result:None,1
[*] Detection for /binaries/target/sqlite/sqlite-3.20.1-o0-sqlite3,getNodeSize,1
[*] Detection Result:None,1
------------------------------------------
[*] Detecting CVE: CVE-2018-20346
[*] Detection for /binaries/target/sqlite/sqlite-3.25.2-o0-sqlite3,nodeReaderNext,-1
[*] /s; sim-cal:6.723859
[*] Detection Result:V 0.9919457875344251/0.3664858877929667 2/5,-1
[*] Detection for /binaries/target/sqlite/sqlite-3.25.1-o0-sqlite3,nodeReaderNext,-1
[*] /s; sim-cal:6.628875
[*] Detection Result:V 0.9981851179673321/0.36038386556026797 1/5,-1
[*] Detection for /binaries/target/sqlite/sqlite-3.25.0-o0-sqlite3,nodeReaderNext,-1
[*] /s; sim-cal:6.619993
[*] Detection Result:V 0.9919457875344251/0.3664858877929667 2/5,-1
[*] Detection for /binaries/target/sqlite/sqlite-3.25.3-o0-sqlite3,nodeReaderNext,1
[*] /s; sim-cal:6.602528
[*] Detection Result:P 0.42247451000307296/0.9957905470926475 11/2,1
[*] Detection for /binaries/target/sqlite/sqlite-3.26.0-o0-sqlite3,nodeReaderNext,1
[*] /s; sim-cal:6.634416
[*] Detection Result:P 0.41458880350652333/0.991581094185295 11/2,1
[*] Detection for /binaries/target/sqlite/sqlite-3.27.0-o0-sqlite3,nodeReaderNext,1
[*] /s; sim-cal:6.738604
[*] Detection Result:P 0.41458880350652333/0.979267982009788 11/4,1
[*] Detection for /binaries/target/sqlite/sqlite-3.25.2-o0-sqlite3,fts3SegReaderNext,-1
[*] /s; sim-cal:0.416593
[*] Detection Result:V 0.7686706601989167/0.2745656844744008 6/13,-1
[*] Detection for /binaries/target/sqlite/sqlite-3.25.1-o0-sqlite3,fts3SegReaderNext,-1
[*] /s; sim-cal:0.401598
[*] Detection Result:V 0.784547676327949/0.2158958736817452 3/10,-1
[*] Detection for /binaries/target/sqlite/sqlite-3.25.0-o0-sqlite3,fts3SegReaderNext,-1
[*] /s; sim-cal:0.416219
[*] Detection Result:V 0.784547676327949/0.2158958736817452 4/11,-1
[*] Detection for /binaries/target/sqlite/sqlite-3.25.3-o0-sqlite3,fts3SegReaderNext,1
[*] /s; sim-cal:0.422006
[*] Detection Result:P 0.24098919614768968/0.8115867265835168 10/3,1
[*] Detection for /binaries/target/sqlite/sqlite-3.26.0-o0-sqlite3,fts3SegReaderNext,1
[*] /s; sim-cal:0.42087
[*] Detection Result:P 0.24098919614768968/0.8115867265835168 11/4,1
[*] Detection for /binaries/target/sqlite/sqlite-3.27.0-o0-sqlite3,fts3SegReaderNext,1
[*] /s; sim-cal:0.418559
[*] Detection Result:P 0.42730264134948454/0.7159446428942825 11/5,1
[*] Detection for /binaries/target/sqlite/sqlite-3.25.2-o0-sqlite3,fts3ScanInteriorNode,-1
[*] /s; sim-cal:0.400841
[*] Detection Result:V 0.8744959677419355/0.14835834896810504 2/5,-1
[*] Detection for /binaries/target/sqlite/sqlite-3.25.1-o0-sqlite3,fts3ScanInteriorNode,-1
[*] /s; sim-cal:0.383156
[*] Detection Result:V 0.8744959677419355/0.14835834896810504 2/5,-1
[*] Detection for /binaries/target/sqlite/sqlite-3.25.0-o0-sqlite3,fts3ScanInteriorNode,-1
[*] /s; sim-cal:0.419293
[*] Detection Result:V 0.8744959677419355/0.14835834896810504 2/5,-1
[*] Detection for /binaries/target/sqlite/sqlite-3.25.3-o0-sqlite3,fts3ScanInteriorNode,1
[*] /s; sim-cal:0.415405
[*] Detection Result:P 0.17611582313681867/0.9152439024390244 6/2,1
[*] Detection for /binaries/target/sqlite/sqlite-3.26.0-o0-sqlite3,fts3ScanInteriorNode,1
[*] /s; sim-cal:0.409025
[*] Detection Result:P 0.17611582313681867/0.9152439024390244 6/2,1
[*] Detection for /binaries/target/sqlite/sqlite-3.27.0-o0-sqlite3,fts3ScanInteriorNode,1
[*] /s; sim-cal:0.394145
[*] Detection Result:P 0.17611582313681867/0.9152439024390244 6/2,1
------------------------------------------
[*] Detecting CVE: CVE-2019-19242
[*] Detection for /binaries/target/sqlite/sqlite-3.30.1-o0-sqlite3,sqlite3ExprCodeTarget,-1
[*] /s; sim-cal:7.122763
[*] Detection Result:V 0.7364940939050875/0.6790036121089101 86/87,-1
[*] Detection for /binaries/target/sqlite/sqlite-3.31.0-o0-sqlite3,sqlite3ExprCodeTarget,1
[*] /s; sim-cal:8.49324
[*] Detection Result:P 0.729439692688829/0.761114040537127 83/79,1
[*] Detection for /binaries/target/sqlite/sqlite-3.31.1-o0-sqlite3,sqlite3ExprCodeTarget,1
[*] /s; sim-cal:8.411594
[*] Detection Result:P 0.7188480208533808/0.7556460920024142 83/79,1
[*] Detection for /binaries/target/sqlite/sqlite-3.32.0-o0-sqlite3,sqlite3ExprCodeTarget,1
[*] /s; sim-cal:8.366774
[*] Detection Result:P 0.7236443105887034/0.755642025799637 97/93,1
[*] Detection for /binaries/target/sqlite/sqlite-3.30.1-o0-sqlite3,whereIndexExprTransColumn,-1
target function: whereIndexExprTransColumn not found
[*] Detection for /binaries/target/sqlite/sqlite-3.31.0-o0-sqlite3,whereIndexExprTransColumn,1
[*] /s; sim-cal:0.418284
[*] Detection Result:P 0.43833943833943834/0.9656556645851918 5/2,1
[*] Detection for /binaries/target/sqlite/sqlite-3.31.1-o0-sqlite3,whereIndexExprTransColumn,1
[*] /s; sim-cal:0.437139
[*] Detection Result:P 0.43833943833943834/0.9656556645851918 5/2,1
[*] Detection for /binaries/target/sqlite/sqlite-3.32.0-o0-sqlite3,whereIndexExprTransColumn,1
[*] /s; sim-cal:0.444513
[*] Detection Result:P 0.43833943833943834/0.9656556645851918 5/2,1
------------------------------------------
[*] Detecting CVE: CVE-2019-19244
[*] Detection for /binaries/target/sqlite/sqlite-3.30.1-o0-sqlite3,sqlite3Select,-1
[*] /s; sim-cal:0.638589
[*] Detection Result:V 0.7599498466973382/0.6919372937851199 43/43,-1
[*] Detection for /binaries/target/sqlite/sqlite-3.31.0-o0-sqlite3,sqlite3Select,1
[*] /s; sim-cal:0.637963
[*] Detection Result:V 0.7433606666466198/0.7153090267220702 49/48,1
[*] Detection for /binaries/target/sqlite/sqlite-3.31.1-o0-sqlite3,sqlite3Select,1
[*] /s; sim-cal:0.643115
[*] Detection Result:V 0.7337452820312352/0.704197915610959 49/48,1
[*] Detection for /binaries/target/sqlite/sqlite-3.32.0-o0-sqlite3,sqlite3Select,1
[*] /s; sim-cal:0.699815
[*] Detection Result:V 0.7337452820312352/0.7119679233809667 50/49,1
------------------------------------------
[*] Detecting CVE: CVE-2019-19317
[*] Detection for /binaries/target/sqlite/sqlite-3.30.1-o0-sqlite3,lookupName,-1
[*] /s; sim-cal:0.481327
[*] Detection Result:V 0.7857142857142856/0.6321757687601152 30/30,-1
[*] Detection for /binaries/target/sqlite/sqlite-3.31.0-o0-sqlite3,lookupName,1
[*] /s; sim-cal:0.552233
[*] Detection Result:P 0.6739130434782608/0.6950447888592547 34/34,1
[*] Detection for /binaries/target/sqlite/sqlite-3.31.1-o0-sqlite3,lookupName,1
[*] /s; sim-cal:0.531772
[*] Detection Result:P 0.6739130434782608/0.7022911656708488 34/34,1
[*] Detection for /binaries/target/sqlite/sqlite-3.32.0-o0-sqlite3,lookupName,1
[*] /s; sim-cal:0.548428
[*] Detection Result:V 0.6190476190476191/0.241017866458346 33/33,1
------------------------------------------
[*] Detecting CVE: CVE-2019-19603
[*] Detection for /binaries/target/sqlite/sqlite-3.30.1-o0-sqlite3,sqlite3EndTable,-1
[*] Detection Result:None,-1
[*] Detection for /binaries/target/sqlite/sqlite-3.31.0-o0-sqlite3,sqlite3EndTable,1
[*] Detection Result:None,1
[*] Detection for /binaries/target/sqlite/sqlite-3.31.1-o0-sqlite3,sqlite3EndTable,1
[*] Detection Result:None,1
[*] Detection for /binaries/target/sqlite/sqlite-3.32.0-o0-sqlite3,sqlite3EndTable,1
[*] Detection Result:None,1
[*] Detection for /binaries/target/sqlite/sqlite-3.30.1-o0-sqlite3,sqlite3ShadowTableName,-1
[*] Detection Result:None,-1
[*] Detection for /binaries/target/sqlite/sqlite-3.31.0-o0-sqlite3,sqlite3ShadowTableName,1
[*] Detection Result:None,1
[*] Detection for /binaries/target/sqlite/sqlite-3.31.1-o0-sqlite3,sqlite3ShadowTableName,1
[*] Detection Result:None,1
[*] Detection for /binaries/target/sqlite/sqlite-3.32.0-o0-sqlite3,sqlite3ShadowTableName,1
[*] Detection Result:None,1
[*] Detection for /binaries/target/sqlite/sqlite-3.30.1-o0-sqlite3,convertToWithoutRowidTable,-1
[*] Detection Result:None,-1
[*] Detection for /binaries/target/sqlite/sqlite-3.31.0-o0-sqlite3,convertToWithoutRowidTable,1
[*] Detection Result:None,1
[*] Detection for /binaries/target/sqlite/sqlite-3.31.1-o0-sqlite3,convertToWithoutRowidTable,1
[*] Detection Result:None,1
[*] Detection for /binaries/target/sqlite/sqlite-3.32.0-o0-sqlite3,convertToWithoutRowidTable,1
[*] Detection Result:None,1
[*] Detection for /binaries/target/sqlite/sqlite-3.30.1-o0-sqlite3,isShadowTableName,-1
[*] Detection Result:None,-1
[*] Detection for /binaries/target/sqlite/sqlite-3.31.0-o0-sqlite3,isShadowTableName,1
[*] Detection Result:None,1
[*] Detection for /binaries/target/sqlite/sqlite-3.31.1-o0-sqlite3,isShadowTableName,1
[*] Detection Result:None,1
[*] Detection for /binaries/target/sqlite/sqlite-3.32.0-o0-sqlite3,isShadowTableName,1
[*] Detection Result:None,1
[*] Detection for /binaries/target/sqlite/sqlite-3.30.1-o0-sqlite3,sqlite3CheckObjectName,-1
[*] Detection Result:None,-1
[*] Detection for /binaries/target/sqlite/sqlite-3.31.0-o0-sqlite3,sqlite3CheckObjectName,1
[*] Detection Result:None,1
[*] Detection for /binaries/target/sqlite/sqlite-3.31.1-o0-sqlite3,sqlite3CheckObjectName,1
[*] Detection Result:None,1
[*] Detection for /binaries/target/sqlite/sqlite-3.32.0-o0-sqlite3,sqlite3CheckObjectName,1
[*] Detection Result:None,1
------------------------------------------
[*] Detecting CVE: CVE-2019-19645
[*] Detection for /binaries/target/sqlite/sqlite-3.30.1-o0-sqlite3,sqlite3CreateView,-1
[*] /s; sim-cal:0.382714
[*] Detection Result:V 0.9251336898395722/0.7400983005574691 2/3,-1
[*] Detection for /binaries/target/sqlite/sqlite-3.30.0-o0-sqlite3,sqlite3CreateView,-1
[*] /s; sim-cal:6.794079
[*] Detection Result:V 0.9251336898395722/0.7628255732847418 2/3,-1
[*] Detection for /binaries/target/sqlite/sqlite-3.29.0-o0-sqlite3,sqlite3CreateView,-1
[*] /s; sim-cal:6.834072
[*] Detection Result:V 0.9251336898395722/0.7400983005574691 2/3,-1
[*] Detection for /binaries/target/sqlite/sqlite-3.31.0-o0-sqlite3,sqlite3CreateView,1
[*] /s; sim-cal:0.461239
[*] Detection Result:P 0.7893228790287614/0.9251336898395722 3/2,1
[*] Detection for /binaries/target/sqlite/sqlite-3.31.1-o0-sqlite3,sqlite3CreateView,1
[*] /s; sim-cal:0.438932
[*] Detection Result:P 0.7893228790287614/0.9251336898395722 3/2,1
[*] Detection for /binaries/target/sqlite/sqlite-3.32.0-o0-sqlite3,sqlite3CreateView,1
[*] /s; sim-cal:0.455477
[*] Detection Result:P 0.7893228790287614/0.9251336898395722 3/2,1
[*] Detection for /binaries/target/sqlite/sqlite-3.30.1-o0-sqlite3,renameTableFunc,-1
[*] /s; sim-cal:0.40129
[*] Detection Result:V,-1
[*] Detection for /binaries/target/sqlite/sqlite-3.30.0-o0-sqlite3,renameTableFunc,-1
[*] /s; sim-cal:0.39402
[*] Detection Result:V,-1
[*] Detection for /binaries/target/sqlite/sqlite-3.29.0-o0-sqlite3,renameTableFunc,-1
[*] /s; sim-cal:0.435438
[*] Detection Result:V,-1
[*] Detection for /binaries/target/sqlite/sqlite-3.31.0-o0-sqlite3,renameTableFunc,1
[*] /s; sim-cal:0.456069
[*] Detection Result:P 0.17697078831532614/0.7991744066047471 6/3,1
[*] Detection for /binaries/target/sqlite/sqlite-3.31.1-o0-sqlite3,renameTableFunc,1
[*] /s; sim-cal:0.453261
[*] Detection Result:P 0.17697078831532614/0.7991744066047471 6/3,1
[*] Detection for /binaries/target/sqlite/sqlite-3.32.0-o0-sqlite3,renameTableFunc,1
[*] /s; sim-cal:0.457855
[*] Detection Result:P 0.17697078831532614/0.7991744066047471 6/3,1
[*] Detection for /binaries/target/sqlite/sqlite-3.30.1-o0-sqlite3,renameColumnFunc,-1
[*] /s; sim-cal:0.404664
[*] Detection Result:V 0.8020833333333333/0.4270833333333333 2/3,-1
[*] Detection for /binaries/target/sqlite/sqlite-3.30.0-o0-sqlite3,renameColumnFunc,-1
[*] /s; sim-cal:0.425419
[*] Detection Result:V 0.8020833333333333/0.4270833333333333 2/3,-1
[*] Detection for /binaries/target/sqlite/sqlite-3.29.0-o0-sqlite3,renameColumnFunc,-1
[*] /s; sim-cal:0.420619
[*] Detection Result:V 0.8020833333333333/0.4270833333333333 2/3,-1
[*] Detection for /binaries/target/sqlite/sqlite-3.31.0-o0-sqlite3,renameColumnFunc,1
[*] /s; sim-cal:0.461772
[*] Detection Result:P 0.4270833333333333/0.8020833333333333 4/3,1
[*] Detection for /binaries/target/sqlite/sqlite-3.31.1-o0-sqlite3,renameColumnFunc,1
[*] /s; sim-cal:0.489865
[*] Detection Result:P 0.43749999999999994/0.8229166666666667 4/3,1
[*] Detection for /binaries/target/sqlite/sqlite-3.32.0-o0-sqlite3,renameColumnFunc,1
[*] /s; sim-cal:0.475664
[*] Detection Result:P 0.4270833333333333/0.8020833333333333 4/3,1
[*] Detection for /binaries/target/sqlite/sqlite-3.30.1-o0-sqlite3,renameUnmapSelectCb,-1
[*] /s; sim-cal:0.391327
[*] Detection Result:V 0.8333333333333334/0.41919191919191917 4/4,-1
[*] Detection for /binaries/target/sqlite/sqlite-3.30.0-o0-sqlite3,renameUnmapSelectCb,-1
[*] /s; sim-cal:0.38416
[*] Detection Result:V 0.8333333333333334/0.41919191919191917 4/4,-1
[*] Detection for /binaries/target/sqlite/sqlite-3.29.0-o0-sqlite3,renameUnmapSelectCb,-1
[*] /s; sim-cal:0.415197
[*] Detection Result:V 0.75/0.3803030303030303 4/4,-1
[*] Detection for /binaries/target/sqlite/sqlite-3.31.0-o0-sqlite3,renameUnmapSelectCb,1
[*] /s; sim-cal:0.42931
[*] Detection Result:P 0.8333333333333334/0.8377777777777778 12/10,1
[*] Detection for /binaries/target/sqlite/sqlite-3.31.1-o0-sqlite3,renameUnmapSelectCb,1
[*] /s; sim-cal:0.455733
[*] Detection Result:P 0.8333333333333334/0.8377777777777778 12/10,1
[*] Detection for /binaries/target/sqlite/sqlite-3.32.0-o0-sqlite3,renameUnmapSelectCb,1
[*] /s; sim-cal:0.437644
[*] Detection Result:P 0.8333333333333334/0.8377777777777778 12/10,1
[*] Detection for /binaries/target/sqlite/sqlite-3.30.1-o0-sqlite3,renameTokenFind,-1
[*] /s; sim-cal:0.406948
[*] Detection Result:C can't tell,-1
[*] Detection for /binaries/target/sqlite/sqlite-3.30.0-o0-sqlite3,renameTokenFind,-1
[*] /s; sim-cal:0.387996
[*] Detection Result:V 0.9411764705882353/0.8823529411764706 1/1,-1
[*] Detection for /binaries/target/sqlite/sqlite-3.29.0-o0-sqlite3,renameTokenFind,-1
[*] /s; sim-cal:0.406528
[*] Detection Result:V 0.9411764705882353/0.8823529411764706 1/1,-1
[*] Detection for /binaries/target/sqlite/sqlite-3.31.0-o0-sqlite3,renameTokenFind,1
[*] /s; sim-cal:0.435875
[*] Detection Result:C can't tell,1
[*] Detection for /binaries/target/sqlite/sqlite-3.31.1-o0-sqlite3,renameTokenFind,1
[*] /s; sim-cal:0.440203
[*] Detection Result:C can't tell,1
[*] Detection for /binaries/target/sqlite/sqlite-3.32.0-o0-sqlite3,renameTokenFind,1
[*] /s; sim-cal:0.46137
[*] Detection Result:C can't tell,1
[*] Detection for /binaries/target/sqlite/sqlite-3.30.1-o0-sqlite3,renameTableSelectCb,-1
[*] /s; sim-cal:0.372147
[*] Detection Result:V 0.9642857142857143/0.21645021645021645 1/2,-1
[*] Detection for /binaries/target/sqlite/sqlite-3.30.0-o0-sqlite3,renameTableSelectCb,-1
[*] /s; sim-cal:0.385009
[*] Detection Result:V 0.9642857142857143/0.21645021645021645 1/2,-1
[*] Detection for /binaries/target/sqlite/sqlite-3.29.0-o0-sqlite3,renameTableSelectCb,-1
[*] /s; sim-cal:0.371933
[*] Detection Result:V 0.9642857142857143/0.21645021645021645 1/2,-1
[*] Detection for /binaries/target/sqlite/sqlite-3.31.0-o0-sqlite3,renameTableSelectCb,1
[*] /s; sim-cal:0.511186
[*] Detection Result:P 0.2767857142857143/0.9797979797979798 4/1,1
[*] Detection for /binaries/target/sqlite/sqlite-3.31.1-o0-sqlite3,renameTableSelectCb,1
[*] /s; sim-cal:0.581345
[*] Detection Result:P 0.2767857142857143/0.9797979797979798 4/1,1
[*] Detection for /binaries/target/sqlite/sqlite-3.32.0-o0-sqlite3,renameTableSelectCb,1
[*] /s; sim-cal:0.55222
[*] Detection Result:P 0.2767857142857143/0.9797979797979798 4/1,1
------------------------------------------
[*] Detecting CVE: CVE-2019-19646
[*] Detection for /binaries/target/sqlite/sqlite-3.30.1-o0-sqlite3,sqlite3CreateColumnExpr,-1
[*] /s; sim-cal:0.47435
[*] Detection Result:V 0.9708647906657516/0.37152337365152005 1/3,-1
[*] Detection for /binaries/target/sqlite/sqlite-3.30.0-o0-sqlite3,sqlite3CreateColumnExpr,-1
[*] /s; sim-cal:0.474292
[*] Detection Result:V 0.9708647906657516/0.37152337365152005 1/3,-1
[*] Detection for /binaries/target/sqlite/sqlite-3.29.0-o0-sqlite3,sqlite3CreateColumnExpr,-1
[*] /s; sim-cal:0.435157
[*] Detection Result:V 0.9708647906657516/0.37152337365152005 1/3,-1
[*] Detection for /binaries/target/sqlite/sqlite-3.31.0-o0-sqlite3,sqlite3CreateColumnExpr,1
[*] /s; sim-cal:0.523723
[*] Detection Result:P 0.2182338137725921/0.9588763575605682 9/5,1
[*] Detection for /binaries/target/sqlite/sqlite-3.31.1-o0-sqlite3,sqlite3CreateColumnExpr,1
[*] /s; sim-cal:0.558252
[*] Detection Result:P 0.2182338137725921/0.9588763575605682 9/5,1
[*] Detection for /binaries/target/sqlite/sqlite-3.32.0-o0-sqlite3,sqlite3CreateColumnExpr,1
[*] /s; sim-cal:0.568919
[*] Detection Result:P 0.2182338137725921/0.9588763575605682 9/5,1
[*] Detection for /binaries/target/sqlite/sqlite-3.30.1-o0-sqlite3,sqlite3Pragma,-1
[*] /s; sim-cal:0.777323
[*] Detection Result:V 0.7655888884431996/0.7621689213135551 84/84,-1
[*] Detection for /binaries/target/sqlite/sqlite-3.30.0-o0-sqlite3,sqlite3Pragma,-1
[*] /s; sim-cal:0.881032
[*] Detection Result:V 0.765248503022169/0.7598647738481173 84/84,-1
[*] Detection for /binaries/target/sqlite/sqlite-3.29.0-o0-sqlite3,sqlite3Pragma,-1
[*] /s; sim-cal:0.76283
[*] Detection Result:V 0.7643076428071153/0.7621689213135551 84/84,-1
[*] Detection for /binaries/target/sqlite/sqlite-3.31.0-o0-sqlite3,sqlite3Pragma,1
[*] /s; sim-cal:0.766147
[*] Detection Result:V 0.7596490423942454/0.7576329133619873 93/93,1
[*] Detection for /binaries/target/sqlite/sqlite-3.31.1-o0-sqlite3,sqlite3Pragma,1
[*] /s; sim-cal:0.725267
[*] Detection Result:V 0.764482918195863/0.7576329133619873 93/93,1
[*] Detection for /binaries/target/sqlite/sqlite-3.32.0-o0-sqlite3,sqlite3Pragma,1
[*] /s; sim-cal:0.752286
[*] Detection Result:C can't tell,1
------------------------------------------
[*] Detecting CVE: CVE-2019-19880
[*] Detection for /binaries/target/sqlite/sqlite-3.30.1-o0-sqlite3,exprListAppendList,-1
[*] /s; sim-cal:0.419826
[*] Detection Result:V 0.913919413919414/0.8278321456291464 2/2,-1
[*] Detection for /binaries/target/sqlite/sqlite-3.31.0-o0-sqlite3,exprListAppendList,1
[*] /s; sim-cal:0.568509
[*] Detection Result:V 0.19736842105263158/0.1688870755700621 11/8,1
[*] Detection for /binaries/target/sqlite/sqlite-3.31.1-o0-sqlite3,exprListAppendList,1
[*] /s; sim-cal:0.619749
[*] Detection Result:V 0.19736842105263158/0.1688870755700621 11/8,1
[*] Detection for /binaries/target/sqlite/sqlite-3.32.0-o0-sqlite3,exprListAppendList,1
[*] /s; sim-cal:0.501655
[*] Detection Result:V 0.2391304347826087/0.21101858771336726 16/13,1
------------------------------------------
[*] Detecting CVE: CVE-2019-19923
[*] Detection for /binaries/target/sqlite/sqlite-3.30.1-o0-sqlite3,flattenSubquery,-1
[*] /s; sim-cal:0.530901
[*] Detection Result:V 0.7630396605073648/0.7403517841225739 18/19,-1
[*] Detection for /binaries/target/sqlite/sqlite-3.31.0-o0-sqlite3,flattenSubquery,1
[*] /s; sim-cal:0.597769
[*] Detection Result:V 0.7472501868231544/0.7403517841225739 21/19,1
[*] Detection for /binaries/target/sqlite/sqlite-3.31.1-o0-sqlite3,flattenSubquery,1
[*] /s; sim-cal:0.734969
[*] Detection Result:V 0.7472501868231544/0.7403517841225739 21/19,1
[*] Detection for /binaries/target/sqlite/sqlite-3.32.0-o0-sqlite3,flattenSubquery,1
[*] /s; sim-cal:0.688511
[*] Detection Result:P 0.7302223230460646/0.7353106480280862 24/22,1
[*] Detection for /binaries/target/sqlite/sqlite-3.30.1-o0-sqlite3,substSelect,-1
[*] /s; sim-cal:0.568367
[*] Detection Result:N VP no diff,-1
[*] Detection for /binaries/target/sqlite/sqlite-3.31.0-o0-sqlite3,substSelect,1
[*] /s; sim-cal:0.574863
[*] Detection Result:N VP no diff,1
[*] Detection for /binaries/target/sqlite/sqlite-3.31.1-o0-sqlite3,substSelect,1
[*] /s; sim-cal:0.570923
[*] Detection Result:N VP no diff,1
[*] Detection for /binaries/target/sqlite/sqlite-3.32.0-o0-sqlite3,substSelect,1
[*] /s; sim-cal:0.555141
[*] Detection Result:N VP no diff,1
------------------------------------------
[*] Detecting CVE: CVE-2019-19924
[*] Detection for /binaries/target/sqlite/sqlite-3.30.1-o0-sqlite3,codeCompare,-1
[*] /s; sim-cal:0.444873
[*] Detection Result:C can't tell,-1
[*] Detection for /binaries/target/sqlite/sqlite-3.31.0-o0-sqlite3,codeCompare,1
[*] /s; sim-cal:0.541388
[*] Detection Result:P,1
[*] Detection for /binaries/target/sqlite/sqlite-3.31.1-o0-sqlite3,codeCompare,1
[*] /s; sim-cal:0.51277
[*] Detection Result:P,1
[*] Detection for /binaries/target/sqlite/sqlite-3.32.0-o0-sqlite3,codeCompare,1
[*] /s; sim-cal:0.497718
[*] Detection Result:P,1
[*] Detection for /binaries/target/sqlite/sqlite-3.30.1-o0-sqlite3,sqlite3VdbeSetP4KeyInfo,-1
[*] /s; sim-cal:0.440387
[*] Detection Result:C can't tell,-1
[*] Detection for /binaries/target/sqlite/sqlite-3.31.0-o0-sqlite3,sqlite3VdbeSetP4KeyInfo,1
[*] /s; sim-cal:0.690072
[*] Detection Result:C can't tell,1
[*] Detection for /binaries/target/sqlite/sqlite-3.31.1-o0-sqlite3,sqlite3VdbeSetP4KeyInfo,1
[*] /s; sim-cal:0.620183
[*] Detection Result:C can't tell,1
[*] Detection for /binaries/target/sqlite/sqlite-3.32.0-o0-sqlite3,sqlite3VdbeSetP4KeyInfo,1
[*] /s; sim-cal:0.616548
[*] Detection Result:C can't tell,1
[*] Detection for /binaries/target/sqlite/sqlite-3.30.1-o0-sqlite3,sqlite3WindowRewrite,-1
[*] /s; sim-cal:0.530746
[*] Detection Result:V 1.0/0.6255532861434062 4/5,-1
[*] Detection for /binaries/target/sqlite/sqlite-3.31.0-o0-sqlite3,sqlite3WindowRewrite,1
[*] /s; sim-cal:0.570711
[*] Detection Result:P 0.4714285714285714/0.9091335609461464 10/6,1
[*] Detection for /binaries/target/sqlite/sqlite-3.31.1-o0-sqlite3,sqlite3WindowRewrite,1
[*] /s; sim-cal:0.616805
[*] Detection Result:P 0.4714285714285714/0.9091335609461464 10/6,1
[*] Detection for /binaries/target/sqlite/sqlite-3.32.0-o0-sqlite3,sqlite3WindowRewrite,1
[*] /s; sim-cal:0.606607
[*] Detection Result:P 0.08108108108108109/0.9064597641547026 12/8,1
------------------------------------------
[*] Detecting CVE: CVE-2019-19925
[*] Detection for /binaries/target/sqlite/sqlite-3.30.1-o0-sqlite3,zipfileUpdate,-1
[*] /s; sim-cal:0.593771
[*] Detection Result:V 0.27244483007414044/0.1113900530585749 18/19,-1
[*] Detection for /binaries/target/sqlite/sqlite-3.31.0-o0-sqlite3,zipfileUpdate,1
[*] /s; sim-cal:0.683774
[*] Detection Result:V 0.11753688361446982/0.09601526740899126 21/18,1
[*] Detection for /binaries/target/sqlite/sqlite-3.31.1-o0-sqlite3,zipfileUpdate,1
[*] /s; sim-cal:0.59002
[*] Detection Result:P 0.19263689854207094/0.22395045898996474 27/23,1
[*] Detection for /binaries/target/sqlite/sqlite-3.32.0-o0-sqlite3,zipfileUpdate,1
[*] /s; sim-cal:0.617047
[*] Detection Result:V 0.21017427974324526/0.19308822149353094 21/18,1
------------------------------------------
[*] Detecting CVE: CVE-2019-19926
[*] Detection for /binaries/target/sqlite/sqlite-3.30.1-o0-sqlite3,multiSelect,-1
[*] /s; sim-cal:0.781959
[*] Detection Result:V 0.8787878787878789/0.7184657040681883 42/42,-1
[*] Detection for /binaries/target/sqlite/sqlite-3.31.0-o0-sqlite3,multiSelect,1
[*] /s; sim-cal:0.776697
[*] Detection Result:V 0.8787878787878789/0.8308231292517008 36/34,1
[*] Detection for /binaries/target/sqlite/sqlite-3.31.1-o0-sqlite3,multiSelect,1
[*] /s; sim-cal:0.778974
[*] Detection Result:V 0.8787878787878789/0.8308231292517008 36/34,1
[*] Detection for /binaries/target/sqlite/sqlite-3.32.0-o0-sqlite3,multiSelect,1
[*] /s; sim-cal:0.73163
[*] Detection Result:V 0.888888888888889/0.7606940953099331 38/37,1
------------------------------------------
[*] Detecting CVE: CVE-2019-19959
[*] Detection for /binaries/target/sqlite/sqlite-3.30.1-o0-sqlite3,zipfileStep,-1
[*] /s; sim-cal:0.914963
[*] Detection Result:V 0.870288815694015/0.5024694468644241 27/28,-1
[*] Detection for /binaries/target/sqlite/sqlite-3.31.0-o0-sqlite3,zipfileStep,1
[*] /s; sim-cal:0.711862
[*] Detection Result:V 0.697294812336396/0.46667106249878765 24/22,1
[*] Detection for /binaries/target/sqlite/sqlite-3.31.1-o0-sqlite3,zipfileStep,1
[*] /s; sim-cal:0.670537
[*] Detection Result:V 0.8506160207342659/0.5077253416597113 18/19,1
[*] Detection for /binaries/target/sqlite/sqlite-3.32.0-o0-sqlite3,zipfileStep,1
[*] /s; sim-cal:0.782814
[*] Detection Result:V 0.7102040146665742/0.46041554878780605 30/33,1
[*] Detection for /binaries/target/sqlite/sqlite-3.30.1-o0-sqlite3,zipfileUpdate,-1
[*] /s; sim-cal:0.009749
[*] Detection Result:V 0.6752742093587164/0.4506405097250167 16/19,-1
[*] Detection for /binaries/target/sqlite/sqlite-3.31.0-o0-sqlite3,zipfileUpdate,1
[*] /s; sim-cal:0.009738
[*] Detection Result:V 0.5252742093587164/0.4123071763916834 16/17,1
[*] Detection for /binaries/target/sqlite/sqlite-3.31.1-o0-sqlite3,zipfileUpdate,1
[*] /s; sim-cal:0.011455
[*] Detection Result:P 0.4049136926824103/0.4240364996999541 20/22,1
[*] Detection for /binaries/target/sqlite/sqlite-3.32.0-o0-sqlite3,zipfileUpdate,1
[*] /s; sim-cal:0.011321
[*] Detection Result:P 0.3870706017481407/0.41451269017614456 15/16,1
------------------------------------------
[*] Detecting CVE: CVE-2019-20218
[*] Detection for /binaries/target/sqlite/sqlite-3.30.1-o0-sqlite3,selectExpander,-1
[*] /s; sim-cal:0.573699
[*] Detection Result:V 1.0/0.25223214285714285 30/30,-1
[*] Detection for /binaries/target/sqlite/sqlite-3.31.0-o0-sqlite3,selectExpander,1
[*] /s; sim-cal:0.564847
[*] Detection Result:P 0.41428571428571426/0.5142857142857142 31/30,1
[*] Detection for /binaries/target/sqlite/sqlite-3.31.1-o0-sqlite3,selectExpander,1
[*] /s; sim-cal:0.57801
[*] Detection Result:P 0.41428571428571426/0.5142857142857142 31/30,1
[*] Detection for /binaries/target/sqlite/sqlite-3.32.0-o0-sqlite3,selectExpander,1
[*] /s; sim-cal:0.614675
[*] Detection Result:P 0.41428571428571426/0.5142857142857142 32/31,1
------------------------------------------
[*] Detecting CVE: CVE-2019-8457
[*] Detection for /binaries/target/sqlite/sqlite-3.27.2-o0-sqlite3,rtreeInit,-1
[*] /s; sim-cal:6.698032
[*] Detection Result:N VP no diff,-1
[*] Detection for /binaries/target/sqlite/sqlite-3.27.1-o0-sqlite3,rtreeInit,-1
[*] /s; sim-cal:6.692886
[*] Detection Result:N VP no diff,-1
[*] Detection for /binaries/target/sqlite/sqlite-3.27.0-o0-sqlite3,rtreeInit,-1
[*] /s; sim-cal:0.418956
[*] Detection Result:N VP no diff,-1
[*] Detection for /binaries/target/sqlite/sqlite-3.28.0-o0-sqlite3,rtreeInit,1
[*] /s; sim-cal:6.718855
[*] Detection Result:N VP no diff,1
[*] Detection for /binaries/target/sqlite/sqlite-3.29.0-o0-sqlite3,rtreeInit,1
[*] /s; sim-cal:0.435694
[*] Detection Result:N VP no diff,1
[*] Detection for /binaries/target/sqlite/sqlite-3.30.0-o0-sqlite3,rtreeInit,1
[*] /s; sim-cal:0.445061
[*] Detection Result:N VP no diff,1
------------------------------------------
[*] Detecting CVE: CVE-2019-9936
[*] Detection for /binaries/target/sqlite/sqlite-3.27.2-o0-sqlite3,fts5HashEntrySort,-1
[*] Detection Result:None,-1
[*] Detection for /binaries/target/sqlite/sqlite-3.28.0-o0-sqlite3,fts5HashEntrySort,1
[*] Detection Result:None,1
[*] Detection for /binaries/target/sqlite/sqlite-3.29.0-o0-sqlite3,fts5HashEntrySort,1
[*] Detection Result:None,1
[*] Detection for /binaries/target/sqlite/sqlite-3.30.0-o0-sqlite3,fts5HashEntrySort,1
[*] Detection Result:None,1
------------------------------------------
[*] Detecting CVE: CVE-2019-9937
[*] Detection for /binaries/target/sqlite/sqlite-3.27.2-o0-sqlite3,fts5SegIterHashInit,-1
[*] Detection Result:None,-1
[*] Detection for /binaries/target/sqlite/sqlite-3.28.0-o0-sqlite3,fts5SegIterHashInit,1
[*] Detection Result:None,1
[*] Detection for /binaries/target/sqlite/sqlite-3.29.0-o0-sqlite3,fts5SegIterHashInit,1
[*] Detection Result:None,1
[*] Detection for /binaries/target/sqlite/sqlite-3.30.0-o0-sqlite3,fts5SegIterHashInit,1
[*] Detection Result:None,1
[*] Detection for /binaries/target/sqlite/sqlite-3.27.2-o0-sqlite3,fts5HashResize,-1
[*] Detection Result:None,-1
[*] Detection for /binaries/target/sqlite/sqlite-3.28.0-o0-sqlite3,fts5HashResize,1
[*] Detection Result:None,1
[*] Detection for /binaries/target/sqlite/sqlite-3.29.0-o0-sqlite3,fts5HashResize,1
[*] Detection Result:None,1
[*] Detection for /binaries/target/sqlite/sqlite-3.30.0-o0-sqlite3,fts5HashResize,1
[*] Detection Result:None,1
[*] Detection for /binaries/target/sqlite/sqlite-3.27.2-o0-sqlite3,fts5HashEntrySort,-1
[*] Detection Result:None,-1
[*] Detection for /binaries/target/sqlite/sqlite-3.28.0-o0-sqlite3,fts5HashEntrySort,1
[*] Detection Result:None,1
[*] Detection for /binaries/target/sqlite/sqlite-3.29.0-o0-sqlite3,fts5HashEntrySort,1
[*] Detection Result:None,1
[*] Detection for /binaries/target/sqlite/sqlite-3.30.0-o0-sqlite3,fts5HashEntrySort,1
[*] Detection Result:None,1
[*] Detection for /binaries/target/sqlite/sqlite-3.27.2-o0-sqlite3,sqlite3Fts5HashQuery,-1
[*] Detection Result:None,-1
[*] Detection for /binaries/target/sqlite/sqlite-3.28.0-o0-sqlite3,sqlite3Fts5HashQuery,1
[*] Detection Result:None,1
[*] Detection for /binaries/target/sqlite/sqlite-3.29.0-o0-sqlite3,sqlite3Fts5HashQuery,1
[*] Detection Result:None,1
[*] Detection for /binaries/target/sqlite/sqlite-3.30.0-o0-sqlite3,sqlite3Fts5HashQuery,1
[*] Detection Result:None,1
[*] Detection for /binaries/target/sqlite/sqlite-3.27.2-o0-sqlite3,sqlite3Fts5HashScanEntry,-1
[*] Detection Result:None,-1
[*] Detection for /binaries/target/sqlite/sqlite-3.28.0-o0-sqlite3,sqlite3Fts5HashScanEntry,1
[*] Detection Result:None,1
[*] Detection for /binaries/target/sqlite/sqlite-3.29.0-o0-sqlite3,sqlite3Fts5HashScanEntry,1
[*] Detection Result:None,1
[*] Detection for /binaries/target/sqlite/sqlite-3.30.0-o0-sqlite3,sqlite3Fts5HashScanEntry,1
[*] Detection Result:None,1
[*] Detection for /binaries/target/sqlite/sqlite-3.27.2-o0-sqlite3,fts5HashAddPoslistSize,-1
[*] Detection Result:None,-1
[*] Detection for /binaries/target/sqlite/sqlite-3.28.0-o0-sqlite3,fts5HashAddPoslistSize,1
[*] Detection Result:None,1
[*] Detection for /binaries/target/sqlite/sqlite-3.29.0-o0-sqlite3,fts5HashAddPoslistSize,1
[*] Detection Result:None,1
[*] Detection for /binaries/target/sqlite/sqlite-3.30.0-o0-sqlite3,fts5HashAddPoslistSize,1
[*] Detection Result:None,1
[*] Detection for /binaries/target/sqlite/sqlite-3.27.2-o0-sqlite3,sqlite3Fts5HashWrite,-1
[*] Detection Result:None,-1
[*] Detection for /binaries/target/sqlite/sqlite-3.28.0-o0-sqlite3,sqlite3Fts5HashWrite,1
[*] Detection Result:None,1
[*] Detection for /binaries/target/sqlite/sqlite-3.29.0-o0-sqlite3,sqlite3Fts5HashWrite,1
[*] Detection Result:None,1
[*] Detection for /binaries/target/sqlite/sqlite-3.30.0-o0-sqlite3,sqlite3Fts5HashWrite,1
[*] Detection Result:None,1
------------------------------------------
[*] Detecting CVE: CVE-2020-11655
[*] Detection for /binaries/target/sqlite/sqlite-3.31.1-o0-sqlite3,resetAccumulator,-1
[*] /s; sim-cal:0.454745
[*] Detection Result:V 0.9208205637385204/0.8902406347307663 4/4,-1
[*] Detection for /binaries/target/sqlite/sqlite-3.31.0-o0-sqlite3,resetAccumulator,-1
[*] /s; sim-cal:0.471841
[*] Detection Result:V 0.9180857204657514/0.8902406347307663 4/4,-1
[*] Detection for /binaries/target/sqlite/sqlite-3.30.1-o0-sqlite3,resetAccumulator,-1
[*] /s; sim-cal:0.388705
[*] Detection Result:V 0.9058803332603643/0.8902406347307663 6/6,-1
[*] Detection for /binaries/target/sqlite/sqlite-3.32.0-o0-sqlite3,resetAccumulator,1
[*] /s; sim-cal:0.416251
[*] Detection Result:P 0.9064930783584035/0.9379967437533228 6/4,1
[*] Detection for /binaries/target/sqlite/sqlite-3.32.1-o0-sqlite3,resetAccumulator,1
[*] /s; sim-cal:8.303253
[*] Detection Result:P 0.9064930783584035/0.9379967437533228 6/4,1
[*] Detection for /binaries/target/sqlite/sqlite-3.32.2-o0-sqlite3,resetAccumulator,1
[*] /s; sim-cal:8.281771
[*] Detection Result:P 0.9169097450250702/0.9379967437533228 6/4,1
------------------------------------------
[*] Detecting CVE: CVE-2020-11656
[*] Detection for /binaries/target/sqlite/sqlite-3.31.1-o0-sqlite3,renameColumnIdlistNames,-1
[*] /s; sim-cal:0.452337
[*] Detection Result:N VP no diff,-1
[*] Detection for /binaries/target/sqlite/sqlite-3.31.0-o0-sqlite3,renameColumnIdlistNames,-1
[*] /s; sim-cal:0.437641
[*] Detection Result:N VP no diff,-1
[*] Detection for /binaries/target/sqlite/sqlite-3.30.1-o0-sqlite3,renameColumnIdlistNames,-1
[*] /s; sim-cal:0.390887
[*] Detection Result:N VP no diff,-1
[*] Detection for /binaries/target/sqlite/sqlite-3.32.0-o0-sqlite3,renameColumnIdlistNames,1
[*] /s; sim-cal:0.422758
[*] Detection Result:N VP no diff,1
[*] Detection for /binaries/target/sqlite/sqlite-3.32.1-o0-sqlite3,renameColumnIdlistNames,1
[*] /s; sim-cal:0.434973
[*] Detection Result:N VP no diff,1
[*] Detection for /binaries/target/sqlite/sqlite-3.32.2-o0-sqlite3,renameColumnIdlistNames,1
[*] /s; sim-cal:0.434506
[*] Detection Result:N VP no diff,1
[*] Detection for /binaries/target/sqlite/sqlite-3.31.1-o0-sqlite3,renameUnmapSelectCb,-1
[*] /s; sim-cal:0.003229
[*] Detection Result:V 0.8461538461538461/0.8333333333333334 3/4,-1
[*] Detection for /binaries/target/sqlite/sqlite-3.31.0-o0-sqlite3,renameUnmapSelectCb,-1
[*] /s; sim-cal:0.002448
[*] Detection Result:P 0.8461538461538461/0.9166666666666666 3/4,-1
[*] Detection for /binaries/target/sqlite/sqlite-3.30.1-o0-sqlite3,renameUnmapSelectCb,-1
[*] /s; sim-cal:0.001864
[*] Detection Result:P 0.0/0.8333333333333334 7/7,-1
[*] Detection for /binaries/target/sqlite/sqlite-3.32.0-o0-sqlite3,renameUnmapSelectCb,1
[*] /s; sim-cal:0.002882
[*] Detection Result:V 0.8461538461538461/0.8333333333333334 4/3,1
[*] Detection for /binaries/target/sqlite/sqlite-3.32.1-o0-sqlite3,renameUnmapSelectCb,1
[*] /s; sim-cal:0.445564
[*] Detection Result:V 0.8461538461538461/0.8333333333333334 4/3,1
[*] Detection for /binaries/target/sqlite/sqlite-3.32.2-o0-sqlite3,renameUnmapSelectCb,1
[*] /s; sim-cal:0.447711
[*] Detection Result:V 0.8461538461538461/0.8333333333333334 4/3,1
[*] Detection for /binaries/target/sqlite/sqlite-3.31.1-o0-sqlite3,renameWalkWith,-1
[*] /s; sim-cal:0.4433
[*] Detection Result:N VP no diff,-1
[*] Detection for /binaries/target/sqlite/sqlite-3.31.0-o0-sqlite3,renameWalkWith,-1
[*] /s; sim-cal:0.431747
[*] Detection Result:N VP no diff,-1
[*] Detection for /binaries/target/sqlite/sqlite-3.30.1-o0-sqlite3,renameWalkWith,-1
[*] /s; sim-cal:0.413635
[*] Detection Result:N VP no diff,-1
[*] Detection for /binaries/target/sqlite/sqlite-3.32.0-o0-sqlite3,renameWalkWith,1
[*] /s; sim-cal:0.427453
[*] Detection Result:N VP no diff,1
[*] Detection for /binaries/target/sqlite/sqlite-3.32.1-o0-sqlite3,renameWalkWith,1
[*] /s; sim-cal:0.438965
[*] Detection Result:N VP no diff,1
[*] Detection for /binaries/target/sqlite/sqlite-3.32.2-o0-sqlite3,renameWalkWith,1
[*] /s; sim-cal:0.445593
[*] Detection Result:N VP no diff,1
------------------------------------------
[*] Detecting CVE: CVE-2020-13434
[*] Detection for /binaries/target/sqlite/sqlite-3.32.0-o0-sqlite3,printfTempBuf,-1
[*] /s; sim-cal:0.446109
[*] Detection Result:N VP no diff,-1
[*] Detection for /binaries/target/sqlite/sqlite-3.31.1-o0-sqlite3,printfTempBuf,-1
[*] /s; sim-cal:0.458392
[*] Detection Result:N VP no diff,-1
[*] Detection for /binaries/target/sqlite/sqlite-3.31.0-o0-sqlite3,printfTempBuf,-1
[*] /s; sim-cal:0.418722
[*] Detection Result:N VP no diff,-1
[*] Detection for /binaries/target/sqlite/sqlite-3.32.1-o0-sqlite3,printfTempBuf,1
[*] /s; sim-cal:0.445879
[*] Detection Result:N VP no diff,1
[*] Detection for /binaries/target/sqlite/sqlite-3.32.2-o0-sqlite3,printfTempBuf,1
[*] /s; sim-cal:0.443174
[*] Detection Result:N VP no diff,1
[*] Detection for /binaries/target/sqlite/sqlite-3.32.3-o0-sqlite3,printfTempBuf,1
[*] /s; sim-cal:8.245711
[*] Detection Result:N VP no diff,1
[*] Detection for /binaries/target/sqlite/sqlite-3.32.0-o0-sqlite3,sqlite3_str_vappendf,-1
[*] /s; sim-cal:0.59954
[*] Detection Result:V,-1
[*] Detection for /binaries/target/sqlite/sqlite-3.31.1-o0-sqlite3,sqlite3_str_vappendf,-1
[*] /s; sim-cal:0.646366
[*] Detection Result:V 0.8498556998556999/0.7576701076701078 9/9,-1
[*] Detection for /binaries/target/sqlite/sqlite-3.31.0-o0-sqlite3,sqlite3_str_vappendf,-1
[*] /s; sim-cal:0.621013
[*] Detection Result:V 0.8498556998556999/0.7576701076701078 9/9,-1
[*] Detection for /binaries/target/sqlite/sqlite-3.32.1-o0-sqlite3,sqlite3_str_vappendf,1
[*] /s; sim-cal:0.634635
[*] Detection Result:V 0.920959595959596/0.8834304584304585 14/12,1
[*] Detection for /binaries/target/sqlite/sqlite-3.32.2-o0-sqlite3,sqlite3_str_vappendf,1
[*] /s; sim-cal:0.675367
[*] Detection Result:V 0.920959595959596/0.8834304584304585 14/12,1
[*] Detection for /binaries/target/sqlite/sqlite-3.32.3-o0-sqlite3,sqlite3_str_vappendf,1
[*] /s; sim-cal:0.759245
[*] Detection Result:V 0.8498556998556999/0.8342046842046842 15/13,1
------------------------------------------
[*] Detecting CVE: CVE-2020-13630
[*] Detection for /binaries/target/sqlite/sqlite-3.31.1-o0-sqlite3,fts3EvalNextRow,-1
[*] /s; sim-cal:0.545231
[*] Detection Result:V 0.7023809523809523/0.6074179671868748 6/7,-1
[*] Detection for /binaries/target/sqlite/sqlite-3.31.0-o0-sqlite3,fts3EvalNextRow,-1
[*] /s; sim-cal:0.588233
[*] Detection Result:V 0.7023809523809523/0.6074179671868748 6/7,-1
[*] Detection for /binaries/target/sqlite/sqlite-3.30.1-o0-sqlite3,fts3EvalNextRow,-1
[*] /s; sim-cal:0.54001
[*] Detection Result:V 0.7023809523809523/0.6074179671868748 14/15,-1
[*] Detection for /binaries/target/sqlite/sqlite-3.32.0-o0-sqlite3,fts3EvalNextRow,1
[*] /s; sim-cal:0.557507
[*] Detection Result:V 0.7559523809523809/0.649234693877551 6/6,1
[*] Detection for /binaries/target/sqlite/sqlite-3.32.1-o0-sqlite3,fts3EvalNextRow,1
[*] /s; sim-cal:0.570167
[*] Detection Result:V 0.7559523809523809/0.649234693877551 4/3,1
[*] Detection for /binaries/target/sqlite/sqlite-3.32.2-o0-sqlite3,fts3EvalNextRow,1
[*] /s; sim-cal:0.682794
[*] Detection Result:P 0.7559523809523809/0.8176020408163265 6/5,1
------------------------------------------
[*] Detecting CVE: CVE-2020-13631
[*] Detection for /binaries/target/sqlite/sqlite-3.31.1-o0-sqlite3,sqlite3AlterRenameTable,-1
[*] Detection Result:None,-1
[*] Detection for /binaries/target/sqlite/sqlite-3.31.0-o0-sqlite3,sqlite3AlterRenameTable,-1
[*] Detection Result:None,-1
[*] Detection for /binaries/target/sqlite/sqlite-3.30.1-o0-sqlite3,sqlite3AlterRenameTable,-1
[*] Detection Result:None,-1
[*] Detection for /binaries/target/sqlite/sqlite-3.32.0-o0-sqlite3,sqlite3AlterRenameTable,1
[*] Detection Result:None,1
[*] Detection for /binaries/target/sqlite/sqlite-3.32.1-o0-sqlite3,sqlite3AlterRenameTable,1
[*] Detection Result:None,1
[*] Detection for /binaries/target/sqlite/sqlite-3.32.2-o0-sqlite3,sqlite3AlterRenameTable,1
[*] Detection Result:None,1
[*] Detection for /binaries/target/sqlite/sqlite-3.31.1-o0-sqlite3,sqlite3ShadowTableName,-1
[*] Detection Result:None,-1
[*] Detection for /binaries/target/sqlite/sqlite-3.31.0-o0-sqlite3,sqlite3ShadowTableName,-1
[*] Detection Result:None,-1
[*] Detection for /binaries/target/sqlite/sqlite-3.30.1-o0-sqlite3,sqlite3ShadowTableName,-1
[*] Detection Result:None,-1
[*] Detection for /binaries/target/sqlite/sqlite-3.32.0-o0-sqlite3,sqlite3ShadowTableName,1
[*] Detection Result:None,1
[*] Detection for /binaries/target/sqlite/sqlite-3.32.1-o0-sqlite3,sqlite3ShadowTableName,1
[*] Detection Result:None,1
[*] Detection for /binaries/target/sqlite/sqlite-3.32.2-o0-sqlite3,sqlite3ShadowTableName,1
[*] Detection Result:None,1
[*] Detection for /binaries/target/sqlite/sqlite-3.31.1-o0-sqlite3,convertToWithoutRowidTable,-1
[*] Detection Result:None,-1
[*] Detection for /binaries/target/sqlite/sqlite-3.31.0-o0-sqlite3,convertToWithoutRowidTable,-1
[*] Detection Result:None,-1
[*] Detection for /binaries/target/sqlite/sqlite-3.30.1-o0-sqlite3,convertToWithoutRowidTable,-1
[*] Detection Result:None,-1
[*] Detection for /binaries/target/sqlite/sqlite-3.32.0-o0-sqlite3,convertToWithoutRowidTable,1
[*] Detection Result:None,1
[*] Detection for /binaries/target/sqlite/sqlite-3.32.1-o0-sqlite3,convertToWithoutRowidTable,1
[*] Detection Result:None,1
[*] Detection for /binaries/target/sqlite/sqlite-3.32.2-o0-sqlite3,convertToWithoutRowidTable,1
[*] Detection Result:None,1
[*] Detection for /binaries/target/sqlite/sqlite-3.31.1-o0-sqlite3,sqlite3IsShadowTableOf,-1
[*] Detection Result:None,-1
[*] Detection for /binaries/target/sqlite/sqlite-3.31.0-o0-sqlite3,sqlite3IsShadowTableOf,-1
[*] Detection Result:None,-1
[*] Detection for /binaries/target/sqlite/sqlite-3.30.1-o0-sqlite3,sqlite3IsShadowTableOf,-1
[*] Detection Result:None,-1
[*] Detection for /binaries/target/sqlite/sqlite-3.32.0-o0-sqlite3,sqlite3IsShadowTableOf,1
[*] Detection Result:None,1
[*] Detection for /binaries/target/sqlite/sqlite-3.32.1-o0-sqlite3,sqlite3IsShadowTableOf,1
[*] Detection Result:None,1
[*] Detection for /binaries/target/sqlite/sqlite-3.32.2-o0-sqlite3,sqlite3IsShadowTableOf,1
[*] Detection Result:None,1
------------------------------------------
[*] Detecting CVE: CVE-2020-13632
[*] Detection for /binaries/target/sqlite/sqlite-3.31.1-o0-sqlite3,fts3ExprLHits,-1
[*] /s; sim-cal:0.635889
[*] Detection Result:V 1.0/0.6210037348272642 2/3,-1
[*] Detection for /binaries/target/sqlite/sqlite-3.31.0-o0-sqlite3,fts3ExprLHits,-1
[*] /s; sim-cal:0.717441
[*] Detection Result:V 1.0/0.6210037348272642 2/3,-1
[*] Detection for /binaries/target/sqlite/sqlite-3.30.1-o0-sqlite3,fts3ExprLHits,-1
[*] /s; sim-cal:0.485814
[*] Detection Result:V 1.0/0.6210037348272642 2/3,-1
[*] Detection for /binaries/target/sqlite/sqlite-3.32.0-o0-sqlite3,fts3ExprLHits,1
[*] /s; sim-cal:0.623024
[*] Detection Result:P 0.4444444444444444/1.0 5/2,1
[*] Detection for /binaries/target/sqlite/sqlite-3.32.1-o0-sqlite3,fts3ExprLHits,1
[*] /s; sim-cal:0.572448
[*] Detection Result:P 0.4444444444444444/1.0 5/2,1
[*] Detection for /binaries/target/sqlite/sqlite-3.32.2-o0-sqlite3,fts3ExprLHits,1
[*] /s; sim-cal:0.555455
[*] Detection Result:P 0.4444444444444444/1.0 5/2,1
------------------------------------------
[*] Detecting CVE: CVE-2020-15358
[*] Detection for /binaries/target/sqlite/sqlite-3.32.2-o0-sqlite3,multiSelect,-1
[*] /s; sim-cal:0.623385
[*] Detection Result:V 0.8348771424921478/0.7238403357270883 22/23,-1
[*] Detection for /binaries/target/sqlite/sqlite-3.32.1-o0-sqlite3,multiSelect,-1
[*] /s; sim-cal:0.644976
[*] Detection Result:V 0.8161696594989507/0.7229506539955601 24/23,-1
[*] Detection for /binaries/target/sqlite/sqlite-3.32.0-o0-sqlite3,multiSelect,-1
[*] /s; sim-cal:0.020613
[*] Detection Result:V 0.8207006989678783/0.7112769262433891 22/23,-1
[*] Detection for /binaries/target/sqlite/sqlite-3.32.3-o0-sqlite3,multiSelect,1
[*] /s; sim-cal:0.569616
[*] Detection Result:P 0.7353891305041359/0.8290602872901514 26/22,1
[*] Detection for /binaries/target/sqlite/sqlite-3.33.0-o0-sqlite3,multiSelect,1
[*] /s; sim-cal:8.514414
[*] Detection Result:P 0.6588394315316018/0.7645582272069901 30/28,1
[*] Detection for /binaries/target/sqlite/sqlite-3.34.0-o0-sqlite3,multiSelect,1
[*] /s; sim-cal:8.588941
[*] Detection Result:P 0.6647918124839827/0.7657076524943464 33/31,1
[*] Detection for /binaries/target/sqlite/sqlite-3.32.2-o0-sqlite3,flattenSubquery,-1
[*] /s; sim-cal:0.547903
[*] Detection Result:V 0.8139900842103811/0.7523720749362622 17/16,-1
[*] Detection for /binaries/target/sqlite/sqlite-3.32.1-o0-sqlite3,flattenSubquery,-1
[*] /s; sim-cal:0.554543
[*] Detection Result:P 0.7749720180387909/0.7901361529634983 18/16,-1
[*] Detection for /binaries/target/sqlite/sqlite-3.32.0-o0-sqlite3,flattenSubquery,-1
[*] /s; sim-cal:0.027125
[*] Detection Result:P 0.7827026925514725/0.7923156401429854 18/15,-1
[*] Detection for /binaries/target/sqlite/sqlite-3.32.3-o0-sqlite3,flattenSubquery,1
[*] /s; sim-cal:0.558844
[*] Detection Result:V 0.8770482486526285/0.8435134879706773 14/13,1
[*] Detection for /binaries/target/sqlite/sqlite-3.33.0-o0-sqlite3,flattenSubquery,1
[*] /s; sim-cal:0.546882
[*] Detection Result:P 0.8233156447068852/0.8460536144085828 20/19,1
[*] Detection for /binaries/target/sqlite/sqlite-3.34.0-o0-sqlite3,flattenSubquery,1
[*] /s; sim-cal:0.538326
[*] Detection Result:P 0.820514524258706/0.8443869477419161 20/19,1
[*] Detection for /binaries/target/sqlite/sqlite-3.32.2-o0-sqlite3,sqlite3Select,-1
[*] /s; sim-cal:0.679812
[*] Detection Result:V 0.9724358974358973/0.6235399036307689 61/62,-1
[*] Detection for /binaries/target/sqlite/sqlite-3.32.1-o0-sqlite3,sqlite3Select,-1
[*] /s; sim-cal:0.709383
[*] Detection Result:V 0.9724358974358973/0.6235399036307689 61/62,-1
[*] Detection for /binaries/target/sqlite/sqlite-3.32.0-o0-sqlite3,sqlite3Select,-1
[*] /s; sim-cal:0.053526
[*] Detection Result:V 0.9724358974358973/0.6235399036307689 61/62,-1
[*] Detection for /binaries/target/sqlite/sqlite-3.32.3-o0-sqlite3,sqlite3Select,1
[*] /s; sim-cal:0.682538
[*] Detection Result:P 0.6538650452111988/0.9724358974358973 29/28,1
[*] Detection for /binaries/target/sqlite/sqlite-3.33.0-o0-sqlite3,sqlite3Select,1
[*] /s; sim-cal:0.682248
[*] Detection Result:P 0.6263009426470963/0.9448717948717948 70/69,1
[*] Detection for /binaries/target/sqlite/sqlite-3.34.0-o0-sqlite3,sqlite3Select,1
[*] /s; sim-cal:0.681452
[*] Detection Result:P 0.541607324299632/0.8164020170977176 73/72,1
------------------------------------------
[*] Detecting CVE: CVE-2020-35525
[*] Detection for /binaries/target/sqlite/sqlite-3.31.1-o0-sqlite3,multiSelect,-1
[*] /s; sim-cal:0.015081
[*] Detection Result:V 0.9395155569068612/0.7248396018431875 25/26,-1
[*] Detection for /binaries/target/sqlite/sqlite-3.32.0-o0-sqlite3,multiSelect,1
[*] /s; sim-cal:0.015305
[*] Detection Result:P 0.760077432838871/0.9455080261595065 28/25,1
[*] Detection for /binaries/target/sqlite/sqlite-3.32.1-o0-sqlite3,multiSelect,1
[*] /s; sim-cal:0.024152
[*] Detection Result:P 0.7481726709341089/0.9379322685837487 28/25,1
[*] Detection for /binaries/target/sqlite/sqlite-3.32.2-o0-sqlite3,multiSelect,1
[*] /s; sim-cal:0.017218
[*] Detection Result:P 0.7481726709341089/0.9455080261595065 28/25,1
------------------------------------------
[*] Detecting CVE: CVE-2020-35527
[*] Detection for /binaries/target/sqlite/sqlite-3.31.1-o0-sqlite3,selectExpander,-1
[*] /s; sim-cal:0.012171
[*] Detection Result:V 1.0/0.8651340996168582 14/14,-1
[*] Detection for /binaries/target/sqlite/sqlite-3.32.0-o0-sqlite3,selectExpander,1
[*] /s; sim-cal:0.013011
[*] Detection Result:P 0.8076628352490421/1.0 15/14,1
[*] Detection for /binaries/target/sqlite/sqlite-3.32.1-o0-sqlite3,selectExpander,1
[*] /s; sim-cal:0.530659
[*] Detection Result:P 0.8076628352490421/1.0 15/14,1
[*] Detection for /binaries/target/sqlite/sqlite-3.32.2-o0-sqlite3,selectExpander,1
[*] /s; sim-cal:0.519753
[*] Detection Result:P 0.8076628352490421/1.0 15/14,1
------------------------------------------
[*] Detecting CVE: CVE-2020-9327
[*] Detection for /binaries/target/sqlite/sqlite-3.31.1-o0-sqlite3,sqlite3ExprIsVtabRef,-1
[*] Detection Result:None,-1
[*] Detection for /binaries/target/sqlite/sqlite-3.32.0-o0-sqlite3,sqlite3ExprIsVtabRef,1
[*] Detection Result:None,1
[*] Detection for /binaries/target/sqlite/sqlite-3.32.1-o0-sqlite3,sqlite3ExprIsVtabRef,1
[*] Detection Result:None,1
[*] Detection for /binaries/target/sqlite/sqlite-3.32.2-o0-sqlite3,sqlite3ExprIsVtabRef,1
[*] Detection Result:None,1
[*] Detection for /binaries/target/sqlite/sqlite-3.31.1-o0-sqlite3,impliesNotNullRow,-1
[*] Detection Result:None,-1
[*] Detection for /binaries/target/sqlite/sqlite-3.32.0-o0-sqlite3,impliesNotNullRow,1
[*] Detection Result:None,1
[*] Detection for /binaries/target/sqlite/sqlite-3.32.1-o0-sqlite3,impliesNotNullRow,1
[*] Detection Result:None,1
[*] Detection for /binaries/target/sqlite/sqlite-3.32.2-o0-sqlite3,impliesNotNullRow,1
[*] Detection Result:None,1
[*] Detection for /binaries/target/sqlite/sqlite-3.31.1-o0-sqlite3,sqlite3ExprIsInteger,-1
[*] Detection Result:None,-1
[*] Detection for /binaries/target/sqlite/sqlite-3.32.0-o0-sqlite3,sqlite3ExprIsInteger,1
[*] Detection Result:None,1
[*] Detection for /binaries/target/sqlite/sqlite-3.32.1-o0-sqlite3,sqlite3ExprIsInteger,1
[*] Detection Result:None,1
[*] Detection for /binaries/target/sqlite/sqlite-3.32.2-o0-sqlite3,sqlite3ExprIsInteger,1
[*] Detection Result:None,1
[*] Detection for /binaries/target/sqlite/sqlite-3.31.1-o0-sqlite3,isAuxiliaryVtabOperator,-1
[*] Detection Result:None,-1
[*] Detection for /binaries/target/sqlite/sqlite-3.32.0-o0-sqlite3,isAuxiliaryVtabOperator,1
[*] Detection Result:None,1
[*] Detection for /binaries/target/sqlite/sqlite-3.32.1-o0-sqlite3,isAuxiliaryVtabOperator,1
[*] Detection Result:None,1
[*] Detection for /binaries/target/sqlite/sqlite-3.32.2-o0-sqlite3,isAuxiliaryVtabOperator,1
[*] Detection Result:None,1
------------------------------------------
[*] Detecting CVE: CVE-2021-31239
[*] Detection for /binaries/target/sqlite/sqlite-3.35.4-o0-sqlite3,apndOpen,-1
[*] /s; sim-cal:8.67985
[*] Detection Result:V 0.676640657419702/0.5851208285385501 12/14,-1
[*] Detection for /binaries/target/sqlite/sqlite-3.35.5-o0-sqlite3,apndOpen,1
[*] /s; sim-cal:8.708052
[*] Detection Result:V 0.6510990020126856/0.6341845555092538 11/10,1
[*] Detection for /binaries/target/sqlite/sqlite-3.36.0-o0-sqlite3,apndOpen,1
[*] /s; sim-cal:8.642245
[*] Detection Result:P 0.5754832376925401/0.6252664354413515 12/12,1
[*] Detection for /binaries/target/sqlite/sqlite-3.37.0-o0-sqlite3,apndOpen,1
[*] /s; sim-cal:9.181794
[*] Detection Result:P 0.5754832376925401/0.6245114482559069 13/12,1
------------------------------------------
[*] Detecting CVE: CVE-2021-36690
[*] Detection for /binaries/target/sqlite/sqlite-3.36.0-o0-sqlite3,idxGetTableInfo,-1
[*] /s; sim-cal:0.445722
[*] Detection Result:V,-1
[*] Detection for /binaries/target/sqlite/sqlite-3.37.0-o0-sqlite3,idxGetTableInfo,1
[*] /s; sim-cal:0.471412
[*] Detection Result:V 0.42784965153069815/0.0 26/19,1
[*] Detection for /binaries/target/sqlite/sqlite-3.37.1-o0-sqlite3,idxGetTableInfo,1
[*] /s; sim-cal:9.122586
[*] Detection Result:V 0.33353834942236643/0.0 25/19,1
[*] Detection for /binaries/target/sqlite/sqlite-3.37.2-o0-sqlite3,idxGetTableInfo,1
[*] /s; sim-cal:9.142182
[*] Detection Result:V 0.42784965153069815/0.0 26/19,1
------------------------------------------
[*] Detecting CVE: CVE-2022-46908
[*] Detection for /binaries/target/sqlite/sqlite-3.40.0-o0-sqlite3,safeModeAuth,-1
[*] /s; sim-cal:9.495759
[*] Detection Result:N VP no diff,-1
[*] Detection for /binaries/target/sqlite/sqlite-3.39.4-o0-sqlite3,safeModeAuth,-1
[*] /s; sim-cal:9.252684
[*] Detection Result:N VP no diff,-1
[*] Detection for /binaries/target/sqlite/sqlite-3.39.3-o0-sqlite3,safeModeAuth,-1
[*] /s; sim-cal:9.250652
[*] Detection Result:N VP no diff,-1
[*] Detection for /binaries/target/sqlite/sqlite-3.40.1-o0-sqlite3,safeModeAuth,1
[*] /s; sim-cal:9.545459
[*] Detection Result:N VP no diff,1
[*] Detection for /binaries/target/sqlite/sqlite-3.41.0-o0-sqlite3,safeModeAuth,1
[*] /s; sim-cal:9.68479
[*] Detection Result:N VP no diff,1
[*] Detection for /binaries/target/sqlite/sqlite-3.41.1-o0-sqlite3,safeModeAuth,1
[*] /s; sim-cal:9.664416
[*] Detection Result:N VP no diff,1
------------------------------------------
[*] Detecting CVE: CVE-2023-7104
[*] Detection for /binaries/target/sqlite/sqlite-3.43.0-o0-sqlite3,sessionReadRecord,-1
[*] /s; sim-cal:9.942172
[*] Detection Result:V 0.7545469734943419/0.27787581699346403 4/4,-1
[*] Detection for /binaries/target/sqlite/sqlite-3.42.0-o0-sqlite3,sessionReadRecord,-1
[*] /s; sim-cal:9.936748
[*] Detection Result:V 0.7545469734943419/0.27787581699346403 4/4,-1
[*] Detection for /binaries/target/sqlite/sqlite-3.41.2-o0-sqlite3,sessionReadRecord,-1
[*] /s; sim-cal:9.669204
[*] Detection Result:V 0.7545469734943419/0.27787581699346403 4/4,-1
[*] Detection for /binaries/target/sqlite/sqlite-3.43.1-o0-sqlite3,sessionReadRecord,1
[*] /s; sim-cal:9.878062
[*] Detection Result:P 0.37826797385620914/0.7344968481810588 6/5,1
[*] Detection for /binaries/target/sqlite/sqlite-3.43.2-o0-sqlite3,sessionReadRecord,1
[*] /s; sim-cal:9.898917
[*] Detection Result:P 0.37826797385620914/0.7344968481810588 6/5,1
[*] Detection for /binaries/target/sqlite/sqlite-3.44.0-o0-sqlite3,sessionReadRecord,1
[*] /s; sim-cal:10.033182
[*] Detection Result:P 0.37826797385620914/0.7344968481810588 6/5,1
