===== 只有该工作没有检出负例的 CVE =====

--- BinXray ---
数量: 48
列表:
CVE-2014-9673
CVE-2015-7941
CVE-2015-8958
CVE-2016-4483
CVE-2016-7163
CVE-2017-12985
CVE-2017-12987
CVE-2017-12989
CVE-2017-12991
CVE-2017-12996
CVE-2017-13008
CVE-2017-13022
CVE-2017-13033
CVE-2017-13037
CVE-2017-13043
CVE-2017-13046
CVE-2017-13049
CVE-2017-13050
CVE-2017-14129
CVE-2017-14745
CVE-2017-15025
CVE-2017-15032
CVE-2017-15033
CVE-2017-2629
CVE-2017-7857
CVE-2017-7858
CVE-2017-8818
CVE-2017-9499
CVE-2018-14466
CVE-2018-14880
CVE-2019-10714
CVE-2019-12979
CVE-2019-13137
CVE-2019-19645
CVE-2019-7395
CVE-2019-7396
CVE-2019-7398
CVE-2020-19667
CVE-2020-25664
CVE-2020-25665
CVE-2020-27752
CVE-2020-27755
CVE-2020-27756
CVE-2021-20246
CVE-2021-20310
CVE-2021-3962
CVE-2022-40304
CVE-2022-48541

--- PatchDiscovery ---
数量: 47
列表:
CVE-2010-3855
CVE-2012-5134
CVE-2012-5668
CVE-2012-5669
CVE-2012-5670
CVE-2014-0015
CVE-2014-9671
CVE-2016-10506
CVE-2017-12896
CVE-2017-12988
CVE-2017-12997
CVE-2017-12998
CVE-2017-13000
CVE-2017-13012
CVE-2017-13016
CVE-2017-13017
CVE-2017-13021
CVE-2017-13023
CVE-2017-13025
CVE-2017-13028
CVE-2017-13051
CVE-2017-13053
CVE-2017-13757
CVE-2017-14930
CVE-2017-14934
CVE-2017-14940
CVE-2017-15021
CVE-2017-7375
CVE-2017-8817
CVE-2018-14462
CVE-2018-14467
CVE-2018-14468
CVE-2018-14881
CVE-2018-16643
CVE-2018-16644
CVE-2018-19932
CVE-2019-19244
CVE-2019-19923
CVE-2019-19924
CVE-2020-16593
CVE-2020-22017
CVE-2020-22037
CVE-2020-24020
CVE-2020-27763
CVE-2020-27774
CVE-2020-7595
CVE-2022-32545

--- PS3 ---
数量: 11
列表:
CVE-2014-9674
CVE-2016-1836
CVE-2017-13039
CVE-2017-14729
CVE-2018-6543
CVE-2019-19646
CVE-2020-22039
CVE-2020-27765
CVE-2020-27772
CVE-2021-45078
CVE-2023-1579

--- React ---
数量: 18
列表:
CVE-2015-7500
CVE-2016-1837
CVE-2016-8625
CVE-2017-12990
CVE-2017-14164
CVE-2017-15024
CVE-2017-16828
CVE-2017-8397
CVE-2017-9955
CVE-2018-1000007
CVE-2018-1000876
CVE-2018-7569
CVE-2020-22038
CVE-2022-40303
CVE-2022-4203
CVE-2022-42916
CVE-2022-48065
CVE-2023-5678