=== Project: binutils ===
交集数量: 0  并集数量: 60  交/并: 0.0000

=== Project: curl ===
交集数量: 0  并集数量: 25  交/并: 0.0000

=== Project: ffmpeg ===
交集数量: 1  并集数量: 30  交/并: 0.0333
CVE-2020-22042

=== Project: freetype ===
交集数量: 0  并集数量: 28  交/并: 0.0000

=== Project: imagemagick ===
交集数量: 1  并集数量: 86  交/并: 0.0116
CVE-2019-16711

=== Project: libxml2 ===
交集数量: 0  并集数量: 32  交/并: 0.0000

=== Project: openjpeg ===
交集数量: 0  并集数量: 8  交/并: 0.0000

=== Project: openssl ===
交集数量: 1  并集数量: 36  交/并: 0.0278
CVE-2022-3786

=== Project: sqlite ===
交集数量: 0  并集数量: 18  交/并: 0.0000

=== Project: tcpdump ===
交集数量: 13  并集数量: 86  交/并: 0.1512
CVE-2017-12993
CVE-2017-12999
CVE-2017-13004
CVE-2017-13005
CVE-2017-13018
CVE-2017-13020
CVE-2017-13024
CVE-2017-13041
CVE-2018-14464
CVE-2018-14465
CVE-2018-14469
CVE-2018-16227
CVE-2019-15167

===== 汇总 (逐项目) =====
Project	Inter	Union	Inter/Union
binutils	0	60	0.0000
curl	0	25	0.0000
ffmpeg	1	30	0.0333
freetype	0	28	0.0000
imagemagick	1	86	0.0116
libxml2	0	32	0.0000
openjpeg	0	8	0.0000
openssl	1	36	0.0278
sqlite	0	18	0.0000
tcpdump	13	86	0.1512

===== 全部项目聚合 (按来源) =====
全局交集(来源) 数量: 16
全局并集(来源) 数量: 409
全局交/并 比例: 0.0391

全局交集(来源)数量 / 每个来源全部CVE数量：
BinXray: 16/190 = 0.0842
PatchDiscovery: 16/260 = 0.0615
PS3: 16/147 = 0.1088
React: 16/157 = 0.1019

===== 跨项目交集集合统计 =====
所有项目交集集合的并集大小: 16

===== 各来源全部CVE及独有CVE =====

BinXray 全部CVE数量: 190
BinXray 全部CVE列表:
CVE-2010-2497
CVE-2010-3855
CVE-2012-5134
CVE-2012-5668
CVE-2012-5669
CVE-2012-5670
CVE-2014-0015
CVE-2014-2241
CVE-2014-8485
CVE-2014-9660
CVE-2014-9661
CVE-2014-9668
CVE-2014-9671
CVE-2014-9674
CVE-2015-0206
CVE-2015-1788
CVE-2015-3194
CVE-2015-3195
CVE-2015-7500
CVE-2015-8895
CVE-2015-8896
CVE-2016-0798
CVE-2016-0799
CVE-2016-10060
CVE-2016-10065
CVE-2016-10506
CVE-2016-1836
CVE-2016-1837
CVE-2016-2106
CVE-2016-2108
CVE-2016-2109
CVE-2016-2842
CVE-2016-6306
CVE-2016-7101
CVE-2016-7534
CVE-2016-8625
CVE-2017-12894
CVE-2017-12896
CVE-2017-12898
CVE-2017-12988
CVE-2017-12990
CVE-2017-12993
CVE-2017-12997
CVE-2017-12999
CVE-2017-13004
CVE-2017-13005
CVE-2017-13012
CVE-2017-13013
CVE-2017-13014
CVE-2017-13015
CVE-2017-13016
CVE-2017-13017
CVE-2017-13018
CVE-2017-13020
CVE-2017-13021
CVE-2017-13023
CVE-2017-13024
CVE-2017-13025
CVE-2017-13028
CVE-2017-13029
CVE-2017-13030
CVE-2017-13035
CVE-2017-13040
CVE-2017-13041
CVE-2017-13047
CVE-2017-13051
CVE-2017-13053
CVE-2017-13757
CVE-2017-14039
CVE-2017-14128
CVE-2017-14174
CVE-2017-14729
CVE-2017-14930
CVE-2017-14934
CVE-2017-14940
CVE-2017-15024
CVE-2017-16828
CVE-2017-17080
CVE-2017-17126
CVE-2017-6965
CVE-2017-6966
CVE-2017-6969
CVE-2017-7299
CVE-2017-7375
CVE-2017-8394
CVE-2017-8396
CVE-2017-8397
CVE-2017-9040
CVE-2017-9954
CVE-2017-9955
CVE-2018-0500
CVE-2018-0737
CVE-2018-1000007
CVE-2018-1000876
CVE-2018-14461
CVE-2018-14462
CVE-2018-14463
CVE-2018-14464
CVE-2018-14465
CVE-2018-14467
CVE-2018-14468
CVE-2018-14469
CVE-2018-14881
CVE-2018-14882
CVE-2018-16227
CVE-2018-16230
CVE-2018-16300
CVE-2018-16643
CVE-2018-16644
CVE-2018-16645
CVE-2018-19932
CVE-2018-6543
CVE-2018-7569
CVE-2018-7643
CVE-2019-11472
CVE-2019-12978
CVE-2019-13307
CVE-2019-14981
CVE-2019-15139
CVE-2019-15166
CVE-2019-15167
CVE-2019-1563
CVE-2019-16711
CVE-2019-19244
CVE-2019-19317
CVE-2019-19646
CVE-2019-19880
CVE-2019-19923
CVE-2019-19925
CVE-2019-19926
CVE-2019-19959
CVE-2019-7175
CVE-2020-11656
CVE-2020-13434
CVE-2020-13630
CVE-2020-15358
CVE-2020-16593
CVE-2020-20448
CVE-2020-22020
CVE-2020-22022
CVE-2020-22023
CVE-2020-22026
CVE-2020-22027
CVE-2020-22030
CVE-2020-22031
CVE-2020-22034
CVE-2020-22035
CVE-2020-22036
CVE-2020-22041
CVE-2020-22042
CVE-2020-22044
CVE-2020-22048
CVE-2020-23906
CVE-2020-25663
CVE-2020-25676
CVE-2020-27750
CVE-2020-27765
CVE-2020-27769
CVE-2020-27770
CVE-2020-27772
CVE-2020-27774
CVE-2020-35965
CVE-2020-8177
CVE-2021-20311
CVE-2021-20312
CVE-2021-20313
CVE-2021-36690
CVE-2021-45078
CVE-2022-0284
CVE-2022-3358
CVE-2022-3786
CVE-2022-38533
CVE-2022-40303
CVE-2022-4203
CVE-2022-42916
CVE-2022-46908
CVE-2022-48065
CVE-2023-0216
CVE-2023-1289
CVE-2023-1579
CVE-2023-1906
CVE-2023-2650
CVE-2023-3195
CVE-2023-34151
CVE-2023-34152
CVE-2023-34153
CVE-2023-3428
CVE-2023-34474
CVE-2023-34475
CVE-2023-46219
BinXray 独有CVE数量: 22
BinXray 独有CVE列表:
CVE-2010-2497
CVE-2010-3855
CVE-2012-5134
CVE-2012-5669
CVE-2014-0015
CVE-2014-8485
CVE-2014-9668
CVE-2017-13030
CVE-2017-13035
CVE-2017-13051
CVE-2017-13053
CVE-2017-13757
CVE-2018-16643
CVE-2018-16644
CVE-2018-19932
CVE-2019-19925
CVE-2019-19959
CVE-2020-13630
CVE-2020-15358
CVE-2020-16593
CVE-2021-36690
CVE-2022-3358

PatchDiscovery 全部CVE数量: 260
PatchDiscovery 全部CVE列表:
CVE-2010-2805
CVE-2013-0338
CVE-2014-2241
CVE-2014-3572
CVE-2014-8738
CVE-2014-9661
CVE-2014-9673
CVE-2014-9674
CVE-2015-0205
CVE-2015-0206
CVE-2015-1788
CVE-2015-1791
CVE-2015-3194
CVE-2015-3195
CVE-2015-3196
CVE-2015-7500
CVE-2015-7941
CVE-2015-8895
CVE-2015-8896
CVE-2015-8958
CVE-2016-0702
CVE-2016-0798
CVE-2016-0799
CVE-2016-10060
CVE-2016-10065
CVE-2016-10328
CVE-2016-10504
CVE-2016-1836
CVE-2016-1837
CVE-2016-2106
CVE-2016-2107
CVE-2016-2108
CVE-2016-2109
CVE-2016-2842
CVE-2016-4483
CVE-2016-7101
CVE-2016-7163
CVE-2016-7534
CVE-2016-8617
CVE-2016-8623
CVE-2016-8625
CVE-2017-12894
CVE-2017-12897
CVE-2017-12898
CVE-2017-12899
CVE-2017-12902
CVE-2017-12985
CVE-2017-12987
CVE-2017-12989
CVE-2017-12990
CVE-2017-12991
CVE-2017-12993
CVE-2017-12996
CVE-2017-12999
CVE-2017-13004
CVE-2017-13005
CVE-2017-13006
CVE-2017-13008
CVE-2017-13013
CVE-2017-13014
CVE-2017-13015
CVE-2017-13018
CVE-2017-13020
CVE-2017-13022
CVE-2017-13024
CVE-2017-13026
CVE-2017-13029
CVE-2017-13031
CVE-2017-13033
CVE-2017-13037
CVE-2017-13039
CVE-2017-13040
CVE-2017-13041
CVE-2017-13043
CVE-2017-13046
CVE-2017-13047
CVE-2017-13049
CVE-2017-13050
CVE-2017-13690
CVE-2017-13725
CVE-2017-14039
CVE-2017-14128
CVE-2017-14129
CVE-2017-14151
CVE-2017-14164
CVE-2017-14174
CVE-2017-14729
CVE-2017-14745
CVE-2017-14930
CVE-2017-14974
CVE-2017-15024
CVE-2017-15025
CVE-2017-15032
CVE-2017-15033
CVE-2017-15277
CVE-2017-15938
CVE-2017-16828
CVE-2017-17080
CVE-2017-17126
CVE-2017-2629
CVE-2017-6965
CVE-2017-6966
CVE-2017-6969
CVE-2017-7209
CVE-2017-7299
CVE-2017-7407
CVE-2017-7857
CVE-2017-7858
CVE-2017-8105
CVE-2017-8394
CVE-2017-8396
CVE-2017-8397
CVE-2017-8398
CVE-2017-8818
CVE-2017-9039
CVE-2017-9040
CVE-2017-9043
CVE-2017-9499
CVE-2017-9954
CVE-2017-9955
CVE-2018-0500
CVE-2018-0737
CVE-2018-1000007
CVE-2018-1000120
CVE-2018-1000876
CVE-2018-14461
CVE-2018-14463
CVE-2018-14464
CVE-2018-14465
CVE-2018-14466
CVE-2018-14469
CVE-2018-14470
CVE-2018-14880
CVE-2018-14882
CVE-2018-16227
CVE-2018-16230
CVE-2018-16300
CVE-2018-16645
CVE-2018-20847
CVE-2018-6543
CVE-2018-7569
CVE-2018-7643
CVE-2019-10131
CVE-2019-10714
CVE-2019-12978
CVE-2019-12979
CVE-2019-13137
CVE-2019-13307
CVE-2019-14981
CVE-2019-15139
CVE-2019-15166
CVE-2019-15167
CVE-2019-1543
CVE-2019-1563
CVE-2019-16711
CVE-2019-17451
CVE-2019-17541
CVE-2019-19317
CVE-2019-19645
CVE-2019-19646
CVE-2019-7175
CVE-2019-7395
CVE-2019-7396
CVE-2019-7398
CVE-2020-11656
CVE-2020-13434
CVE-2020-16590
CVE-2020-19667
CVE-2020-20448
CVE-2020-20453
CVE-2020-20896
CVE-2020-20898
CVE-2020-21697
CVE-2020-22020
CVE-2020-22022
CVE-2020-22023
CVE-2020-22026
CVE-2020-22027
CVE-2020-22029
CVE-2020-22030
CVE-2020-22031
CVE-2020-22034
CVE-2020-22035
CVE-2020-22036
CVE-2020-22038
CVE-2020-22039
CVE-2020-22041
CVE-2020-22042
CVE-2020-22043
CVE-2020-22044
CVE-2020-22046
CVE-2020-22048
CVE-2020-23906
CVE-2020-25663
CVE-2020-25664
CVE-2020-25665
CVE-2020-25667
CVE-2020-25674
CVE-2020-25675
CVE-2020-25676
CVE-2020-27750
CVE-2020-27751
CVE-2020-27752
CVE-2020-27755
CVE-2020-27756
CVE-2020-27760
CVE-2020-27761
CVE-2020-27765
CVE-2020-27769
CVE-2020-27770
CVE-2020-27772
CVE-2020-27829
CVE-2020-35965
CVE-2020-8169
CVE-2020-8177
CVE-2020-8284
CVE-2021-20244
CVE-2021-20246
CVE-2021-20309
CVE-2021-20310
CVE-2021-20311
CVE-2021-20312
CVE-2021-20313
CVE-2021-3610
CVE-2021-38291
CVE-2021-3962
CVE-2021-45078
CVE-2022-0284
CVE-2022-1343
CVE-2022-2274
CVE-2022-23308
CVE-2022-29824
CVE-2022-3213
CVE-2022-32547
CVE-2022-3786
CVE-2022-38533
CVE-2022-40303
CVE-2022-40304
CVE-2022-4203
CVE-2022-42915
CVE-2022-42916
CVE-2022-46908
CVE-2022-48065
CVE-2022-48541
CVE-2023-0215
CVE-2023-0216
CVE-2023-1289
CVE-2023-1579
CVE-2023-1906
CVE-2023-2650
CVE-2023-3195
CVE-2023-34151
CVE-2023-34152
CVE-2023-34153
CVE-2023-3428
CVE-2023-34474
CVE-2023-34475
CVE-2023-46219
CVE-2023-5341
CVE-2023-5678
PatchDiscovery 独有CVE数量: 72
PatchDiscovery 独有CVE列表:
CVE-2010-2805
CVE-2013-0338
CVE-2014-3572
CVE-2015-0205
CVE-2015-3196
CVE-2016-0702
CVE-2016-10504
CVE-2016-2107
CVE-2016-4483
CVE-2016-7163
CVE-2016-8617
CVE-2017-12902
CVE-2017-12989
CVE-2017-13008
CVE-2017-13031
CVE-2017-13037
CVE-2017-13039
CVE-2017-13043
CVE-2017-13690
CVE-2017-14151
CVE-2017-14164
CVE-2017-14974
CVE-2017-15032
CVE-2017-15033
CVE-2017-15277
CVE-2017-2629
CVE-2017-7209
CVE-2017-8398
CVE-2017-9039
CVE-2017-9499
CVE-2018-1000120
CVE-2018-14466
CVE-2018-14470
CVE-2018-14880
CVE-2019-10131
CVE-2019-12979
CVE-2019-13137
CVE-2019-1543
CVE-2019-17451
CVE-2019-17541
CVE-2019-7396
CVE-2019-7398
CVE-2020-19667
CVE-2020-20453
CVE-2020-20898
CVE-2020-22038
CVE-2020-25665
CVE-2020-25667
CVE-2020-25674
CVE-2020-25675
CVE-2020-27751
CVE-2020-27752
CVE-2020-27756
CVE-2020-27760
CVE-2020-27761
CVE-2020-27829
CVE-2020-8169
CVE-2020-8284
CVE-2021-20244
CVE-2021-20246
CVE-2021-20309
CVE-2021-20310
CVE-2021-3610
CVE-2021-3962
CVE-2022-1343
CVE-2022-2274
CVE-2022-3213
CVE-2022-32547
CVE-2022-42915
CVE-2022-48541
CVE-2023-5341
CVE-2023-5678

PS3 全部CVE数量: 147
PS3 全部CVE列表:
CVE-2014-8738
CVE-2014-9659
CVE-2014-9661
CVE-2014-9663
CVE-2014-9665
CVE-2014-9671
CVE-2014-9673
CVE-2015-1791
CVE-2015-3194
CVE-2015-7941
CVE-2015-8896
CVE-2016-0705
CVE-2016-10506
CVE-2016-6304
CVE-2016-6306
CVE-2016-7052
CVE-2016-8623
CVE-2016-9586
CVE-2017-12894
CVE-2017-12895
CVE-2017-12896
CVE-2017-12897
CVE-2017-12898
CVE-2017-12899
CVE-2017-12901
CVE-2017-12985
CVE-2017-12987
CVE-2017-12988
CVE-2017-12990
CVE-2017-12991
CVE-2017-12993
CVE-2017-12996
CVE-2017-12997
CVE-2017-12999
CVE-2017-13002
CVE-2017-13004
CVE-2017-13005
CVE-2017-13012
CVE-2017-13013
CVE-2017-13014
CVE-2017-13015
CVE-2017-13017
CVE-2017-13018
CVE-2017-13019
CVE-2017-13020
CVE-2017-13021
CVE-2017-13022
CVE-2017-13023
CVE-2017-13024
CVE-2017-13025
CVE-2017-13026
CVE-2017-13028
CVE-2017-13033
CVE-2017-13036
CVE-2017-13038
CVE-2017-13041
CVE-2017-13042
CVE-2017-13044
CVE-2017-13045
CVE-2017-13049
CVE-2017-13050
CVE-2017-13687
CVE-2017-14128
CVE-2017-14129
CVE-2017-14174
CVE-2017-14529
CVE-2017-14745
CVE-2017-14932
CVE-2017-14933
CVE-2017-14938
CVE-2017-14939
CVE-2017-14940
CVE-2017-15020
CVE-2017-15021
CVE-2017-15024
CVE-2017-15938
CVE-2017-16828
CVE-2017-16830
CVE-2017-16931
CVE-2017-6965
CVE-2017-6966
CVE-2017-7858
CVE-2017-7864
CVE-2017-8397
CVE-2017-8421
CVE-2017-8817
CVE-2017-8818
CVE-2017-9040
CVE-2017-9043
CVE-2017-9098
CVE-2017-9955
CVE-2018-0737
CVE-2018-1000007
CVE-2018-1000122
CVE-2018-1000300
CVE-2018-1000876
CVE-2018-14404
CVE-2018-14462
CVE-2018-14463
CVE-2018-14464
CVE-2018-14465
CVE-2018-14467
CVE-2018-14468
CVE-2018-14469
CVE-2018-14881
CVE-2018-16227
CVE-2018-16840
CVE-2018-17360
CVE-2018-20847
CVE-2018-7208
CVE-2019-11470
CVE-2019-11472
CVE-2019-12975
CVE-2019-12978
CVE-2019-13136
CVE-2019-15166
CVE-2019-15167
CVE-2019-16711
CVE-2019-19244
CVE-2019-19317
CVE-2019-19645
CVE-2019-19923
CVE-2020-1967
CVE-2020-19724
CVE-2020-22017
CVE-2020-22037
CVE-2020-22042
CVE-2020-22043
CVE-2020-25664
CVE-2020-27755
CVE-2020-27774
CVE-2020-35448
CVE-2020-8177
CVE-2021-3574
CVE-2021-4044
CVE-2022-1475
CVE-2022-29824
CVE-2022-3786
CVE-2022-40303
CVE-2022-40304
CVE-2023-0215
CVE-2023-0401
CVE-2023-1906
CVE-2023-34151
CVE-2023-34474
CVE-2023-34475
CVE-2023-5363
PS3 独有CVE数量: 38
PS3 独有CVE列表:
CVE-2014-9659
CVE-2016-0705
CVE-2016-6304
CVE-2016-7052
CVE-2017-12895
CVE-2017-13019
CVE-2017-13042
CVE-2017-13044
CVE-2017-13045
CVE-2017-14529
CVE-2017-14933
CVE-2017-14938
CVE-2017-14939
CVE-2017-15020
CVE-2017-15021
CVE-2017-16830
CVE-2017-16931
CVE-2017-7864
CVE-2017-8421
CVE-2017-9098
CVE-2018-1000122
CVE-2018-1000300
CVE-2018-14404
CVE-2018-16840
CVE-2018-17360
CVE-2018-7208
CVE-2019-11470
CVE-2019-12975
CVE-2019-13136
CVE-2020-1967
CVE-2020-19724
CVE-2020-22017
CVE-2020-22037
CVE-2020-35448
CVE-2021-3574
CVE-2021-4044
CVE-2023-0401
CVE-2023-5363

React 全部CVE数量: 157
React 全部CVE列表:
CVE-2010-2519
CVE-2010-3814
CVE-2012-5668
CVE-2012-5670
CVE-2013-0339
CVE-2013-1944
CVE-2013-1969
CVE-2014-2241
CVE-2014-3660
CVE-2014-9656
CVE-2014-9660
CVE-2014-9663
CVE-2014-9664
CVE-2014-9665
CVE-2014-9670
CVE-2014-9745
CVE-2015-5312
CVE-2015-7498
CVE-2015-7499
CVE-2015-8241
CVE-2015-8317
CVE-2015-8871
CVE-2015-8958
CVE-2015-9382
CVE-2016-10060
CVE-2016-10328
CVE-2016-10506
CVE-2016-1762
CVE-2016-1834
CVE-2016-1840
CVE-2016-4449
CVE-2016-4658
CVE-2016-6491
CVE-2016-8618
CVE-2016-9586
CVE-2017-1000101
CVE-2017-12893
CVE-2017-12899
CVE-2017-12901
CVE-2017-12967
CVE-2017-12988
CVE-2017-12991
CVE-2017-12993
CVE-2017-12996
CVE-2017-12999
CVE-2017-13002
CVE-2017-13004
CVE-2017-13005
CVE-2017-13006
CVE-2017-13016
CVE-2017-13017
CVE-2017-13018
CVE-2017-13020
CVE-2017-13021
CVE-2017-13023
CVE-2017-13024
CVE-2017-13025
CVE-2017-13026
CVE-2017-13028
CVE-2017-13032
CVE-2017-13033
CVE-2017-13036
CVE-2017-13038
CVE-2017-13040
CVE-2017-13041
CVE-2017-13046
CVE-2017-13047
CVE-2017-13048
CVE-2017-13049
CVE-2017-13050
CVE-2017-13052
CVE-2017-13687
CVE-2017-13725
CVE-2017-14129
CVE-2017-14729
CVE-2017-14745
CVE-2017-14932
CVE-2017-14934
CVE-2017-15025
CVE-2017-16932
CVE-2017-17126
CVE-2017-5130
CVE-2017-7375
CVE-2017-7407
CVE-2017-7857
CVE-2017-8105
CVE-2017-8394
CVE-2017-8817
CVE-2018-0500
CVE-2018-14462
CVE-2018-14464
CVE-2018-14465
CVE-2018-14467
CVE-2018-14468
CVE-2018-14469
CVE-2018-14881
CVE-2018-16227
CVE-2018-16228
CVE-2018-16300
CVE-2018-16842
CVE-2018-18605
CVE-2018-6872
CVE-2019-10714
CVE-2019-12974
CVE-2019-13133
CVE-2019-13134
CVE-2019-13307
CVE-2019-15167
CVE-2019-16711
CVE-2019-17547
CVE-2019-19244
CVE-2019-19646
CVE-2019-19880
CVE-2019-19923
CVE-2019-19926
CVE-2019-19956
CVE-2019-7175
CVE-2019-7395
CVE-2019-8457
CVE-2020-11655
CVE-2020-13434
CVE-2020-16590
CVE-2020-20896
CVE-2020-21697
CVE-2020-22020
CVE-2020-22022
CVE-2020-22023
CVE-2020-22026
CVE-2020-22027
CVE-2020-22029
CVE-2020-22030
CVE-2020-22031
CVE-2020-22034
CVE-2020-22035
CVE-2020-22036
CVE-2020-22039
CVE-2020-22041
CVE-2020-22042
CVE-2020-22043
CVE-2020-22046
CVE-2020-22048
CVE-2020-23906
CVE-2020-25663
CVE-2020-25666
CVE-2020-27750
CVE-2020-35525
CVE-2020-35965
CVE-2020-7595
CVE-2021-38291
CVE-2021-45078
CVE-2022-1475
CVE-2022-23308
CVE-2022-32545
CVE-2022-3786
CVE-2022-46908
CVE-2023-25586
CVE-2023-28484
React 独有CVE数量: 49
React 独有CVE列表:
CVE-2010-2519
CVE-2010-3814
CVE-2013-0339
CVE-2013-1944
CVE-2013-1969
CVE-2014-3660
CVE-2014-9656
CVE-2014-9664
CVE-2014-9670
CVE-2014-9745
CVE-2015-5312
CVE-2015-7498
CVE-2015-7499
CVE-2015-8241
CVE-2015-8317
CVE-2015-8871
CVE-2015-9382
CVE-2016-1762
CVE-2016-1834
CVE-2016-1840
CVE-2016-4449
CVE-2016-4658
CVE-2016-6491
CVE-2016-8618
CVE-2017-1000101
CVE-2017-12893
CVE-2017-12967
CVE-2017-13032
CVE-2017-13048
CVE-2017-13052
CVE-2017-16932
CVE-2017-5130
CVE-2018-16228
CVE-2018-16842
CVE-2018-18605
CVE-2018-6872
CVE-2019-12974
CVE-2019-13133
CVE-2019-13134
CVE-2019-17547
CVE-2019-19956
CVE-2019-8457
CVE-2020-11655
CVE-2020-25666
CVE-2020-35525
CVE-2020-7595
CVE-2022-32545
CVE-2023-25586
CVE-2023-28484
