=========2025-06-18 15:41:42.042849============
[*] extract signatures for CVE-2018-16840-Curl_close
[*] /ms: vul-sig-gen,patch-sig-gen,map,diff,map+diff:0.019389,0.023,0.000138,7.2e-05,0.00021
[*] extract signatures for CVE-2018-1000300-Curl_pp_readresp
[*] /ms: vul-sig-gen,patch-sig-gen,map,diff,map+diff:0.013393,0.01198,0.000179,7.5e-05,0.000254
[*] extract signatures for CVE-2019-5435-Curl_setstropt
[*] /ms: vul-sig-gen,patch-sig-gen,map,diff,map+diff:0.000903,0.002388,8.8e-05,6e-05,0.000148
[*] extract signatures for CVE-2019-5435-curl_url_set
[*] /ms: vul-sig-gen,patch-sig-gen,map,diff,map+diff:0.009177,0.008508,0.000258,0.002743,0.003001
[*] extract signatures for CVE-2019-5435-seturl
[*] /ms: vul-sig-gen,patch-sig-gen,map,diff,map+diff:0.007296,0.007515,0.000279,0.001929,0.002208
[*] extract signatures for CVE-2017-2629-allocate_conn
[*] /ms: vul-sig-gen,patch-sig-gen,map,diff,map+diff:0.002879,0.002686,0.00013,6.7e-05,0.000197
[*] extract signatures for CVE-2013-1944-tailmatch
[*] /ms: vul-sig-gen,patch-sig-gen,map,diff,map+diff:0.000631,0.00073,6.6e-05,0.000132,0.000198
[*] extract signatures for CVE-2020-8169-override_login
[*] /ms: vul-sig-gen,patch-sig-gen,map,diff,map+diff:0.003847,0.003414,0.000142,6.7e-05,0.000209
[*] extract signatures for CVE-2016-8617-base64_encode
[*] /ms: vul-sig-gen,patch-sig-gen,map,diff,map+diff:0.002,0.002698,0.000113,6.5e-05,0.000178
[*] extract signatures for CVE-2021-22901-Curl_attach_connnection
[*] /ms: vul-sig-gen,patch-sig-gen,map,diff,map+diff:0.000783,0.000737,6.7e-05,5.6e-05,0.000123
[*] extract signatures for CVE-2021-22901-Curl_multiplex_wanted
[*] /ms: vul-sig-gen,patch-sig-gen,map,diff,map+diff:0.000528,0.000455,6.1e-05,5.2e-05,0.000113
[*] extract signatures for CVE-2021-22901-Curl_ssl_addsessionid
[*] /ms: vul-sig-gen,patch-sig-gen,map,diff,map+diff:0.002817,0.00296,0.000384,9.3e-05,0.000477
[*] extract signatures for CVE-2021-22901-get_alg_id_by_name
[!] No such function: get_alg_id_by_name in version: /binaries/reference/curl/CVE-2021-22901-vuln-39ce47f-curl
[!] No such function: get_alg_id_by_name in version: /binaries/reference/curl/CVE-2021-22901-patch-7f4a9a9-curl
[*] extract signatures for CVE-2021-22901-ossl_connect_step1
[*] /ms: vul-sig-gen,patch-sig-gen,map,diff,map+diff:0.021073,0.015709,0.00192,0.021495,0.023415
[*] extract signatures for CVE-2021-22901-ossl_get_internals
[*] /ms: vul-sig-gen,patch-sig-gen,map,diff,map+diff:0.000632,0.000452,6.8e-05,5.5e-05,0.000123
[*] extract signatures for CVE-2016-8618-alloc_addbyter
[*] /ms: vul-sig-gen,patch-sig-gen,map,diff,map+diff:0.000928,0.000975,8.4e-05,6.1e-05,0.000145
[*] extract signatures for CVE-2018-1000120-ftp_done
[*] /ms: vul-sig-gen,patch-sig-gen,map,diff,map+diff:0.004928,0.005212,0.000518,0.000108,0.000626
[*] extract signatures for CVE-2018-1000120-ftp_parse_url_path
[*] /ms: vul-sig-gen,patch-sig-gen,map,diff,map+diff:0.003793,0.004007,0.000164,7.7e-05,0.000241
[*] extract signatures for CVE-2018-1000120-ftp_state_list
[*] /ms: vul-sig-gen,patch-sig-gen,map,diff,map+diff:0.001489,0.001699,0.00011,6.3e-05,0.000173
[*] extract signatures for CVE-2017-7407-ourWriteOut
[*] /ms: vul-sig-gen,patch-sig-gen,map,diff,map+diff:0.00679,0.008438,0.000334,0.000212,0.000546
[*] extract signatures for CVE-2019-5482-tftp_connect
[*] /ms: vul-sig-gen,patch-sig-gen,map,diff,map+diff:0.001914,0.001481,8.7e-05,6.7e-05,0.000154
[*] extract signatures for CVE-2018-1000301-Curl_http_readwrite_headers
[*] /ms: vul-sig-gen,patch-sig-gen,map,diff,map+diff:0.014149,0.016458,0.002666,0.000173,0.002839
[*] extract signatures for CVE-2017-1000101-glob_range
[*] /ms: vul-sig-gen,patch-sig-gen,map,diff,map+diff:0.003348,0.003679,0.000545,0.00081,0.001355
[*] extract signatures for CVE-2016-9586-dprintf_formatf
[*] /ms: vul-sig-gen,patch-sig-gen,map,diff,map+diff:0.030616,0.012978,0.000703,0.000119,0.000822
[*] extract signatures for CVE-2016-8625-Curl_strerror
[*] /ms: vul-sig-gen,patch-sig-gen,map,diff,map+diff:0.011849,0.007227,0.000146,6.6e-05,0.000212
[*] extract signatures for CVE-2016-8625-create_conn
[*] /ms: vul-sig-gen,patch-sig-gen,map,diff,map+diff:0.041033,0.020202,0.000478,0.000117,0.000595
[*] extract signatures for CVE-2016-8625-curl_version
[*] /ms: vul-sig-gen,patch-sig-gen,map,diff,map+diff:0.001956,0.001126,9.5e-05,5.8e-05,0.000153
[*] extract signatures for CVE-2016-8625-curl_version_info
[*] /ms: vul-sig-gen,patch-sig-gen,map,diff,map+diff:0.000608,0.000577,7.9e-05,5.3e-05,0.000132
[*] extract signatures for CVE-2016-8625-fix_hostname
[*] /ms: vul-sig-gen,patch-sig-gen,map,diff,map+diff:0.000674,0.000929,8.9e-05,5.8e-05,0.000147
[*] extract signatures for CVE-2016-8625-global_init
[*] /ms: vul-sig-gen,patch-sig-gen,map,diff,map+diff:0.000997,0.000924,9.3e-05,5.3e-05,0.000146
[*] extract signatures for CVE-2016-8625-is_ASCII_name
[*] /ms: vul-sig-gen,patch-sig-gen,map,diff,map+diff:0.000576,0.000512,7.7e-05,5e-05,0.000127
[*] extract signatures for CVE-2016-8625-win32_init
[*] /ms: vul-sig-gen,patch-sig-gen,map,diff,map+diff:0.000351,0.000316,5.2e-05,4.7e-05,9.9e-05
[*] extract signatures for CVE-2017-9502-parseurlandfillconn
[*] /ms: vul-sig-gen,patch-sig-gen,map,diff,map+diff:0.008472,0.008815,0.001371,0.000308,0.001679
[*] extract signatures for CVE-2014-0015-ConnectionExists
[*] /ms: vul-sig-gen,patch-sig-gen,map,diff,map+diff:0.005769,0.005957,0.000312,8.7e-05,0.000399
[*] extract signatures for CVE-2016-8621-parsedate
[*] /ms: vul-sig-gen,patch-sig-gen,map,diff,map+diff:0.00488,0.004786,0.00026,0.000354,0.000614
[*] extract signatures for CVE-2018-1000007-Curl_add_custom_headers
[*] /ms: vul-sig-gen,patch-sig-gen,map,diff,map+diff:0.002984,0.003166,0.000183,0.001135,0.001318
[*] extract signatures for CVE-2018-1000007-Curl_http_output_auth
[*] /ms: vul-sig-gen,patch-sig-gen,map,diff,map+diff:0.001968,0.001377,0.000448,9.6e-05,0.000544
[*] extract signatures for CVE-2018-1000007-Curl_vsetopt
[*] /ms: vul-sig-gen,patch-sig-gen,map,diff,map+diff:0.073899,0.098422,0.002003,0.000792,0.002795
[*] extract signatures for CVE-2016-8624-parseurlandfillconn
[*] /ms: vul-sig-gen,patch-sig-gen,map,diff,map+diff:0.005213,0.005337,0.00013,0.000257,0.000387
[*] extract signatures for CVE-2023-46219-Curl_fopen
[*] /ms: vul-sig-gen,patch-sig-gen,map,diff,map+diff:0.001534,0.004298,0.000129,0.000364,0.000493
[*] extract signatures for CVE-2017-8817-setcharset
[*] /ms: vul-sig-gen,patch-sig-gen,map,diff,map+diff:0.000605,0.004424,0.000202,0.000137,0.000339
[*] extract signatures for CVE-2018-16839-Curl_auth_create_plain_message
[*] /ms: vul-sig-gen,patch-sig-gen,map,diff,map+diff:0.001012,0.000858,7.5e-05,5.9e-05,0.000134
[*] extract signatures for CVE-2018-1000122-readwrite_data
[*] /ms: vul-sig-gen,patch-sig-gen,map,diff,map+diff:0.006655,0.006825,0.000154,7.6e-05,0.00023
[*] extract signatures for CVE-2018-16842-voutf
[*] /ms: vul-sig-gen,patch-sig-gen,map,diff,map+diff:0.001114,0.000991,8.7e-05,6.1e-05,0.000148
[*] extract signatures for CVE-2021-22898-suboption
[*] /ms: vul-sig-gen,patch-sig-gen,map,diff,map+diff:0.002037,0.002293,8.1e-05,6e-05,0.000141
[*] extract signatures for CVE-2018-0500-Curl_smtp_escape_eob
[*] /ms: vul-sig-gen,patch-sig-gen,map,diff,map+diff:0.001689,0.001622,9.2e-05,6.9e-05,0.000161
[*] extract signatures for CVE-2017-8818-allocate_conn
[*] /ms: vul-sig-gen,patch-sig-gen,map,diff,map+diff:0.002574,0.002224,9.5e-05,0.000422,0.000517
[*] extract signatures for CVE-2017-8818-llist_dtor
[*] /ms: vul-sig-gen,patch-sig-gen,map,diff,map+diff:0.000428,0.000328,5.6e-05,5.2e-05,0.000108
[*] extract signatures for CVE-2023-46218-Curl_cookie_add
[*] /ms: vul-sig-gen,patch-sig-gen,map,diff,map+diff:0.012958,0.013076,0.000255,0.005653,0.005908
[*] extract signatures for CVE-2022-42916-create_conn
[*] /ms: vul-sig-gen,patch-sig-gen,map,diff,map+diff:0.006726,0.008048,0.000174,0.002053,0.002227
[*] extract signatures for CVE-2022-42916-parseurlandfillconn
[*] /ms: vul-sig-gen,patch-sig-gen,map,diff,map+diff:0.004651,0.005215,0.000155,0.000468,0.000623
[*] extract signatures for CVE-2022-42915-Curl_connect_done
[*] /ms: vul-sig-gen,patch-sig-gen,map,diff,map+diff:0.000775,0.000591,7.3e-05,6.5e-05,0.000138
[*] extract signatures for CVE-2022-42915-conn_shutdown
[*] /ms: vul-sig-gen,patch-sig-gen,map,diff,map+diff:0.001085,0.000891,7.5e-05,6.4e-05,0.000139
[*] extract signatures for CVE-2016-9594-randit
[*] /ms: vul-sig-gen,patch-sig-gen,map,diff,map+diff:0.001145,0.00108,8.3e-05,6.6e-05,0.000149
[*] extract signatures for CVE-2013-0249-Curl_sasl_create_digest_md5_message
[*] /ms: vul-sig-gen,patch-sig-gen,map,diff,map+diff:0.00382,0.003591,0.000107,6.8e-05,0.000175
[*] extract signatures for CVE-2017-8816-Curl_hmac_md5
[*] /ms: vul-sig-gen,patch-sig-gen,map,diff,map+diff:0.000743,0.000949,7.8e-05,6.5e-05,0.000143
[*] extract signatures for CVE-2017-8816-Curl_ntlm_core_mk_ntlmv2_hash
[*] /ms: vul-sig-gen,patch-sig-gen,map,diff,map+diff:0.000727,0.001217,9.9e-05,0.000191,0.00029
[*] extract signatures for CVE-2020-8177-getparameter
[*] /ms: vul-sig-gen,patch-sig-gen,map,diff,map+diff:0.0492,0.068878,0.000603,0.00048,0.001083
[*] extract signatures for CVE-2020-8177-tool_header_cb
[*] /ms: vul-sig-gen,patch-sig-gen,map,diff,map+diff:0.003278,0.003143,0.000134,0.001241,0.001375
[*] extract signatures for CVE-2020-8284-Curl_init_userdefined
[*] /ms: vul-sig-gen,patch-sig-gen,map,diff,map+diff:0.002192,0.001782,7.7e-05,6.2e-05,0.000139
[*] extract signatures for CVE-2020-8284-config_init
[*] /ms: vul-sig-gen,patch-sig-gen,map,diff,map+diff:0.000579,0.000522,6.7e-05,5.9e-05,0.000126
[*] extract signatures for CVE-2016-8623-Curl_cookie_cleanup
[*] /ms: vul-sig-gen,patch-sig-gen,map,diff,map+diff:0.000498,0.00109,8.7e-05,5.8e-05,0.000145
[*] extract signatures for CVE-2016-8623-Curl_cookie_clearall
[*] /ms: vul-sig-gen,patch-sig-gen,map,diff,map+diff:0.000542,0.000391,6.3e-05,5.8e-05,0.000121
[*] extract signatures for CVE-2016-8623-Curl_cookie_getlist
[*] /ms: vul-sig-gen,patch-sig-gen,map,diff,map+diff:0.001701,0.001546,9.3e-05,0.000407,0.0005
[*] extract signatures for CVE-2016-8623-Curl_http
[*] /ms: vul-sig-gen,patch-sig-gen,map,diff,map+diff:0.018887,0.018742,0.000276,7.9e-05,0.000355
[*] extract signatures for CVE-2016-8623-cookie_sort
[*] /ms: vul-sig-gen,patch-sig-gen,map,diff,map+diff:0.001168,0.001291,8.8e-05,5.7e-05,0.000145
=========2025-06-18 15:43:10.357980============
Detect o0 Binaries.
------------------------------------------
[*] Detecting CVE: CVE-2017-2629
[*] Detection for /binaries/target/curl/curl-7.52.1-o0-curl,allocate_conn,-1
[*] /s; sim-cal:0.052136
[*] Detection Result:V 0.9600182383481235/0.5198516874177118 4/5,-1
[*] Detection for /binaries/target/curl/curl-7.52.0-o0-curl,allocate_conn,-1
[*] /s; sim-cal:0.031461
[*] Detection Result:V 0.9600182383481235/0.5198516874177118 4/5,-1
[*] Detection for /binaries/target/curl/curl-7.51.0-o0-curl,allocate_conn,-1
[*] /s; sim-cal:0.020163
[*] Detection Result:V 0.8279176937188899/0.7898202792344161 7/7,-1
[*] Detection for /binaries/target/curl/curl-7.53.0-o0-curl,allocate_conn,1
[*] /s; sim-cal:0.019909
[*] Detection Result:P,1
[*] Detection for /binaries/target/curl/curl-7.53.1-o0-curl,allocate_conn,1
[*] /s; sim-cal:0.017974
[*] Detection Result:P 0.5404612886082577/0.9619798781946024 5/4,1
[*] Detection for /binaries/target/curl/curl-7.54.0-o0-curl,allocate_conn,1
[*] /s; sim-cal:0.027749
[*] Detection Result:P 0.42909794921967154/0.7510790461449727 6/5,1
------------------------------------------
[*] Detecting CVE: CVE-2013-1944
[*] Detection for /binaries/target/curl/curl-7.29.0-o0-curl,tailmatch,-1
[*] /s; sim-cal:0.000851
[*] Detection Result:V,-1
[*] Detection for /binaries/target/curl/curl-7.30.0-o0-curl,tailmatch,1
[*] /s; sim-cal:0.001084
[*] Detection Result:P,1
[*] Detection for /binaries/target/curl/curl-7.31.0-o0-curl,tailmatch,1
[*] /s; sim-cal:0.001123
[*] Detection Result:P,1
[*] Detection for /binaries/target/curl/curl-7.32.0-o0-curl,tailmatch,1
[*] /s; sim-cal:0.001394
[*] Detection Result:P,1
------------------------------------------
[*] Detecting CVE: CVE-2018-16840
[*] Detection for /binaries/target/curl/curl-7.61.1-o0-curl,Curl_close,-1
[*] /s; sim-cal:0.027515
[*] Detection Result:V 0.7829542049092062/0.7639961661618611 9/10,-1
[*] Detection for /binaries/target/curl/curl-7.61.0-o0-curl,Curl_close,-1
[*] /s; sim-cal:0.024004
[*] Detection Result:V 0.7920077279448802/0.7546191263460825 8/9,-1
[*] Detection for /binaries/target/curl/curl-7.60.0-o0-curl,Curl_close,-1
[*] /s; sim-cal:0.022907
[*] Detection Result:V 0.7920077279448802/0.7546191263460825 8/9,-1
[*] Detection for /binaries/target/curl/curl-7.62.0-o0-curl,Curl_close,1
[*] /s; sim-cal:0.003632
[*] Detection Result:P,1
[*] Detection for /binaries/target/curl/curl-7.63.0-o0-curl,Curl_close,1
[*] /s; sim-cal:0.010276
[*] Detection Result:P 0.15937084521236458/0.9864291855897845 7/2,1
[*] Detection for /binaries/target/curl/curl-7.64.0-o0-curl,Curl_close,1
[*] /s; sim-cal:0.01501
[*] Detection Result:P 0.8366329398242459/0.9187597386110473 7/6,1
------------------------------------------
[*] Detecting CVE: CVE-2018-1000301
[*] Detection for /binaries/target/curl/curl-7.59.0-o0-curl,Curl_http_readwrite_headers,-1
[*] /s; sim-cal:0.041631
[*] Detection Result:V 0.822480931766646/0.7392794564962889 9/11,-1
[*] Detection for /binaries/target/curl/curl-7.58.0-o0-curl,Curl_http_readwrite_headers,-1
[*] /s; sim-cal:0.044309
[*] Detection Result:V 0.822480931766646/0.7392794564962889 16/18,-1
[*] Detection for /binaries/target/curl/curl-7.57.0-o0-curl,Curl_http_readwrite_headers,-1
[*] /s; sim-cal:0.037784
[*] Detection Result:V 0.822480931766646/0.7392794564962889 20/22,-1
[*] Detection for /binaries/target/curl/curl-7.60.0-o0-curl,Curl_http_readwrite_headers,1
[*] /s; sim-cal:0.025288
[*] Detection Result:P,1
[*] Detection for /binaries/target/curl/curl-7.61.0-o0-curl,Curl_http_readwrite_headers,1
[*] /s; sim-cal:0.030774
[*] Detection Result:P 0.8154504398066428/0.8614649428609227 13/12,1
[*] Detection for /binaries/target/curl/curl-7.61.1-o0-curl,Curl_http_readwrite_headers,1
[*] /s; sim-cal:0.032497
[*] Detection Result:P 0.8074834068396097/0.8269321823883126 18/17,1
------------------------------------------
[*] Detecting CVE: CVE-2016-9586
[*] Detection for /binaries/target/curl/curl-7.51.0-o0-curl,dprintf_formatf,-1
[*] /s; sim-cal:0.011147
[*] Detection Result:V,-1
[*] Detection for /binaries/target/curl/curl-7.50.3-o0-curl,dprintf_formatf,-1
[*] /s; sim-cal:0.024308
[*] Detection Result:V 0.7780182232922707/0.47350382808782154 1/8,-1
[*] Detection for /binaries/target/curl/curl-7.50.2-o0-curl,dprintf_formatf,-1
[*] /s; sim-cal:0.022599
[*] Detection Result:V 0.7780182232922707/0.47350382808782154 1/8,-1
[*] Detection for /binaries/target/curl/curl-7.52.0-o0-curl,dprintf_formatf,1
[*] /s; sim-cal:0.02812
[*] Detection Result:P,1
[*] Detection for /binaries/target/curl/curl-7.52.1-o0-curl,dprintf_formatf,1
[*] /s; sim-cal:0.012759
[*] Detection Result:P,1
[*] Detection for /binaries/target/curl/curl-7.53.0-o0-curl,dprintf_formatf,1
[*] /s; sim-cal:0.011242
[*] Detection Result:P,1
------------------------------------------
[*] Detecting CVE: CVE-2017-9502
[*] Detection for /binaries/target/curl/curl-7.54.0-o0-curl,parseurlandfillconn,-1
[*] /s; sim-cal:0.019227
[*] Detection Result:V 0.7597466190199097/0.3883136398027975 5/8,-1
[*] Detection for /binaries/target/curl/curl-7.53.1-o0-curl,parseurlandfillconn,-1
[*] /s; sim-cal:0.020264
[*] Detection Result:V 0.7597466190199097/0.3883136398027975 5/8,-1
[*] Detection for /binaries/target/curl/curl-7.53.0-o0-curl,parseurlandfillconn,-1
[*] /s; sim-cal:0.020596
[*] Detection Result:V 0.7597466190199097/0.3883136398027975 5/8,-1
[*] Detection for /binaries/target/curl/curl-7.54.1-o0-curl,parseurlandfillconn,1
[*] /s; sim-cal:0.008626
[*] Detection Result:P,1
[*] Detection for /binaries/target/curl/curl-7.55.0-o0-curl,parseurlandfillconn,1
[*] /s; sim-cal:0.025104
[*] Detection Result:P 0.5248067682016025/0.7767451656050103 22/9,1
[*] Detection for /binaries/target/curl/curl-7.55.1-o0-curl,parseurlandfillconn,1
[*] /s; sim-cal:0.028516
[*] Detection Result:P 0.5248067682016025/0.7767451656050103 22/9,1
------------------------------------------
[*] Detecting CVE: CVE-2017-7407
[*] Detection for /binaries/target/curl/curl-7.53.1-o0-curl,ourWriteOut,-1
[*] /s; sim-cal:0.00945
[*] Detection Result:P 0.7428698752228163/0.7908496732026143 0/0,-1
[*] Detection for /binaries/target/curl/curl-7.54.0-o0-curl,ourWriteOut,1
[*] /s; sim-cal:0.009943
[*] Detection Result:P,1
[*] Detection for /binaries/target/curl/curl-7.54.1-o0-curl,ourWriteOut,1
[*] /s; sim-cal:0.010323
[*] Detection Result:P 0.7019607843137255/1.0 8/7,1
[*] Detection for /binaries/target/curl/curl-7.55.0-o0-curl,ourWriteOut,1
[*] /s; sim-cal:0.009928
[*] Detection Result:P 0.7019607843137255/1.0 9/8,1
------------------------------------------
[*] Detecting CVE: CVE-2018-16839
[*] Detection for /binaries/target/curl/curl-7.61.1-o0-curl,Curl_auth_create_plain_message,-1
[*] /s; sim-cal:0.003781
[*] Detection Result:V 0.6395348837209303/0.21883289124668437 2/3,-1
[*] Detection for /binaries/target/curl/curl-7.61.0-o0-curl,Curl_auth_create_plain_message,-1
[*] /s; sim-cal:0.002194
[*] Detection Result:V 0.6395348837209303/0.21883289124668437 2/3,-1
[*] Detection for /binaries/target/curl/curl-7.60.0-o0-curl,Curl_auth_create_plain_message,-1
[*] /s; sim-cal:0.002339
[*] Detection Result:V 0.6395348837209303/0.21883289124668437 2/3,-1
[*] Detection for /binaries/target/curl/curl-7.62.0-o0-curl,Curl_auth_create_plain_message,1
[*] /s; sim-cal:0.001521
[*] Detection Result:P,1
[*] Detection for /binaries/target/curl/curl-7.63.0-o0-curl,Curl_auth_create_plain_message,1
[*] /s; sim-cal:0.001251
[*] Detection Result:P,1
[*] Detection for /binaries/target/curl/curl-7.64.0-o0-curl,Curl_auth_create_plain_message,1
[*] /s; sim-cal:0.001888
[*] Detection Result:P 0.21883289124668437/0.6395348837209303 3/2,1
------------------------------------------
[*] Detecting CVE: CVE-2018-1000300
[*] Detection for /binaries/target/curl/curl-7.59.0-o0-curl,Curl_pp_readresp,-1
[*] /s; sim-cal:0.007268
[*] Detection Result:V 0.9023494890771779/0.7971089666741842 4/4,-1
[*] Detection for /binaries/target/curl/curl-7.58.0-o0-curl,Curl_pp_readresp,-1
[*] /s; sim-cal:0.007607
[*] Detection Result:V 0.9449105856428511/0.4760930891365673 2/4,-1
[*] Detection for /binaries/target/curl/curl-7.57.0-o0-curl,Curl_pp_readresp,-1
[*] /s; sim-cal:0.00802
[*] Detection Result:V 0.9449105856428511/0.4760930891365673 2/4,-1
[*] Detection for /binaries/target/curl/curl-7.60.0-o0-curl,Curl_pp_readresp,1
[*] /s; sim-cal:0.004049
[*] Detection Result:P,1
[*] Detection for /binaries/target/curl/curl-7.61.0-o0-curl,Curl_pp_readresp,1
[*] /s; sim-cal:0.007824
[*] Detection Result:P 0.8538369032648209/0.9277083407518191 5/4,1
[*] Detection for /binaries/target/curl/curl-7.61.1-o0-curl,Curl_pp_readresp,1
[*] /s; sim-cal:0.007367
[*] Detection Result:P 0.8538369032648209/0.9277083407518191 5/4,1
------------------------------------------
[*] Detecting CVE: CVE-2023-46219
[*] Detection for /binaries/target/curl/curl-8.4.0-o0-curl,Curl_fopen,-1
[*] /s; sim-cal:0.009698
[*] Detection Result:V 0.8309210105894496/0.5986884995197285 4/6,-1
[*] Detection for /binaries/target/curl/curl-8.2.1-o0-curl,Curl_fopen,-1
[*] /s; sim-cal:0.008856
[*] Detection Result:V 0.8062469103944198/0.5794817230200123 4/6,-1
[*] Detection for /binaries/target/curl/curl-8.2.0-o0-curl,Curl_fopen,-1
[*] /s; sim-cal:0.01018
[*] Detection Result:V 0.8062469103944198/0.5794817230200123 4/6,-1
[*] Detection for /binaries/target/curl/curl-8.5.0-o0-curl,Curl_fopen,1
[*] /s; sim-cal:0.008268
[*] Detection Result:V 0.44586510383974576/0.32085437385963567 8/10,1
[*] Detection for /binaries/target/curl/curl-8.6.0-o0-curl,Curl_fopen,1
[*] /s; sim-cal:0.009898
[*] Detection Result:V 0.44586510383974576/0.32085437385963567 8/10,1
[*] Detection for /binaries/target/curl/curl-8.7.0-o0-curl,Curl_fopen,1
[*] /s; sim-cal:0.010354
[*] Detection Result:V 0.44586510383974576/0.32085437385963567 8/10,1
------------------------------------------
[*] Detecting CVE: CVE-2016-8621
[*] Detection for /binaries/target/curl/curl-7.50.3-o0-curl,parsedate,-1
[*] /s; sim-cal:0.005845
[*] Detection Result:V,-1
[*] Detection for /binaries/target/curl/curl-7.50.2-o0-curl,parsedate,-1
[*] /s; sim-cal:0.004437
[*] Detection Result:V,-1
[*] Detection for /binaries/target/curl/curl-7.50.1-o0-curl,parsedate,-1
[*] /s; sim-cal:0.00564
[*] Detection Result:V,-1
[*] Detection for /binaries/target/curl/curl-7.51.0-o0-curl,parsedate,1
[*] /s; sim-cal:0.005532
[*] Detection Result:P,1
[*] Detection for /binaries/target/curl/curl-7.52.0-o0-curl,parsedate,1
[*] /s; sim-cal:0.004465
[*] Detection Result:P,1
[*] Detection for /binaries/target/curl/curl-7.52.1-o0-curl,parsedate,1
[*] /s; sim-cal:0.00458
[*] Detection Result:P,1
------------------------------------------
[*] Detecting CVE: CVE-2018-0500
[*] Detection for /binaries/target/curl/curl-7.60.0-o0-curl,Curl_smtp_escape_eob,-1
[*] /s; sim-cal:0.00275
[*] Detection Result:V,-1
[*] Detection for /binaries/target/curl/curl-7.59.0-o0-curl,Curl_smtp_escape_eob,-1
[*] /s; sim-cal:0.005154
[*] Detection Result:V 0.9635874905883843/0.7952355445463466 3/3,-1
[*] Detection for /binaries/target/curl/curl-7.58.0-o0-curl,Curl_smtp_escape_eob,-1
[*] /s; sim-cal:0.005786
[*] Detection Result:V 0.9635874905883843/0.8116098135521946 3/3,-1
[*] Detection for /binaries/target/curl/curl-7.61.0-o0-curl,Curl_smtp_escape_eob,1
[*] /s; sim-cal:0.00302
[*] Detection Result:P,1
[*] Detection for /binaries/target/curl/curl-7.61.1-o0-curl,Curl_smtp_escape_eob,1
[*] /s; sim-cal:0.004137
[*] Detection Result:P 0.6973083165026065/0.9620607957720285 5/3,1
[*] Detection for /binaries/target/curl/curl-7.62.0-o0-curl,Curl_smtp_escape_eob,1
[*] /s; sim-cal:0.004868
[*] Detection Result:V 0.8615614824736004/0.8193303882900855 5/5,1
------------------------------------------
[*] Detecting CVE: CVE-2013-0249
[*] Detection for /binaries/target/curl/curl-7.29.0-o0-curl,Curl_sasl_create_digest_md5_message,1
[*] /s; sim-cal:0.004981
[*] Detection Result:P,1
[*] Detection for /binaries/target/curl/curl-7.30.0-o0-curl,Curl_sasl_create_digest_md5_message,1
[*] /s; sim-cal:0.008234
[*] Detection Result:P 0.34892966360856265/0.7525606469002696 7/6,1
[*] Detection for /binaries/target/curl/curl-7.31.0-o0-curl,Curl_sasl_create_digest_md5_message,1
[*] /s; sim-cal:0.023153
[*] Detection Result:P 0.34892966360856265/0.7525606469002696 7/6,1
------------------------------------------
[*] Detecting CVE: CVE-2014-0015
[*] Detection for /binaries/target/curl/curl-7.34.0-o0-curl,ConnectionExists,-1
[*] /s; sim-cal:0.009332
[*] Detection Result:V,-1
[*] Detection for /binaries/target/curl/curl-7.33.0-o0-curl,ConnectionExists,-1
[*] /s; sim-cal:0.006678
[*] Detection Result:V 0.9733333333333333/0.06781490114823448 1/3,-1
[*] Detection for /binaries/target/curl/curl-7.32.0-o0-curl,ConnectionExists,-1
[*] /s; sim-cal:0.006991
[*] Detection Result:V 0.9733333333333333/0.06781490114823448 1/3,-1
[*] Detection for /binaries/target/curl/curl-7.35.0-o0-curl,ConnectionExists,1
[*] /s; sim-cal:0.006492
[*] Detection Result:P,1
[*] Detection for /binaries/target/curl/curl-7.36.0-o0-curl,ConnectionExists,1
[*] /s; sim-cal:0.013326
[*] Detection Result:V 0.0723015873015873/0.06781490114823448 7/5,1
[*] Detection for /binaries/target/curl/curl-7.37.0-o0-curl,ConnectionExists,1
[*] /s; sim-cal:0.017393
[*] Detection Result:P 0.1446031746031746/0.8333333333333334 8/6,1
------------------------------------------
[*] Detecting CVE: CVE-2020-8169
[*] Detection for /binaries/target/curl/curl-7.70.0-o0-curl,override_login,-1
[*] /s; sim-cal:0.004019
[*] Detection Result:V 0.7224331955004223/0.23789498255442526 5/7,-1
[*] Detection for /binaries/target/curl/curl-7.69.1-o0-curl,override_login,-1
[*] /s; sim-cal:0.00573
[*] Detection Result:V 0.7224331955004223/0.23789498255442526 5/7,-1
[*] Detection for /binaries/target/curl/curl-7.69.0-o0-curl,override_login,-1
[*] /s; sim-cal:0.004005
[*] Detection Result:V 0.7224331955004223/0.23789498255442526 5/7,-1
[*] Detection for /binaries/target/curl/curl-7.71.0-o0-curl,override_login,1
[*] /s; sim-cal:0.008445
[*] Detection Result:P 0.23789498255442526/0.7224331955004223 13/11,1
[*] Detection for /binaries/target/curl/curl-7.71.1-o0-curl,override_login,1
[*] /s; sim-cal:0.005111
[*] Detection Result:P 0.23789498255442526/0.7224331955004223 13/11,1
[*] Detection for /binaries/target/curl/curl-7.72.0-o0-curl,override_login,1
[*] /s; sim-cal:0.005312
[*] Detection Result:P 0.23789498255442526/0.7224331955004223 12/10,1
------------------------------------------
[*] Detecting CVE: CVE-2017-8817
[*] Detection for /binaries/target/curl/curl-7.56.1-o0-curl,setcharset,-1
[*] /s; sim-cal:0.000588
[*] Detection Result:V,-1
[*] Detection for /binaries/target/curl/curl-7.56.0-o0-curl,setcharset,-1
[*] /s; sim-cal:0.002243
[*] Detection Result:V,-1
[*] Detection for /binaries/target/curl/curl-7.55.1-o0-curl,setcharset,-1
[*] /s; sim-cal:0.000616
[*] Detection Result:V,-1
[*] Detection for /binaries/target/curl/curl-7.57.0-o0-curl,setcharset,1
[*] /s; sim-cal:0.0047
[*] Detection Result:P,1
[*] Detection for /binaries/target/curl/curl-7.58.0-o0-curl,setcharset,1
[*] /s; sim-cal:0.004226
[*] Detection Result:P,1
[*] Detection for /binaries/target/curl/curl-7.59.0-o0-curl,setcharset,1
[*] /s; sim-cal:0.008192
[*] Detection Result:C can't tell,1
------------------------------------------
[*] Detecting CVE: CVE-2021-22898
[*] Detection for /binaries/target/curl/curl-7.76.1-o0-curl,suboption,-1
[*] /s; sim-cal:0.004692
[*] Detection Result:V 1.0/0.6983204134366926 3/4,-1
[*] Detection for /binaries/target/curl/curl-7.76.0-o0-curl,suboption,-1
[*] /s; sim-cal:0.003417
[*] Detection Result:V 1.0/0.6983204134366926 3/4,-1
[*] Detection for /binaries/target/curl/curl-7.75.0-o0-curl,suboption,-1
[*] /s; sim-cal:0.003351
[*] Detection Result:V 1.0/0.6983204134366926 3/4,-1
[*] Detection for /binaries/target/curl/curl-7.77.0-o0-curl,suboption,1
[*] /s; sim-cal:0.002168
[*] Detection Result:P,1
[*] Detection for /binaries/target/curl/curl-7.78.0-o0-curl,suboption,1
[*] /s; sim-cal:0.00543
[*] Detection Result:P 0.8191397849462366/0.8365591397849462 7/7,1
[*] Detection for /binaries/target/curl/curl-7.79.0-o0-curl,suboption,1
[*] /s; sim-cal:0.005812
[*] Detection Result:P 0.8191397849462366/0.8365591397849462 7/7,1
------------------------------------------
[*] Detecting CVE: CVE-2019-5482
[*] Detection for /binaries/target/curl/curl-7.65.3-o0-curl,tftp_connect,-1
[*] /s; sim-cal:0.011933
[*] Detection Result:P 0.6469198813580727/0.6543868547147871 5/5,-1
[*] Detection for /binaries/target/curl/curl-7.65.2-o0-curl,tftp_connect,-1
[*] /s; sim-cal:0.010205
[*] Detection Result:P 0.6469198813580727/0.6543868547147871 5/5,-1
[*] Detection for /binaries/target/curl/curl-7.65.1-o0-curl,tftp_connect,-1
[*] /s; sim-cal:0.008967
[*] Detection Result:P 0.6469198813580727/0.6543868547147871 5/5,-1
[*] Detection for /binaries/target/curl/curl-7.66.0-o0-curl,tftp_connect,1
[*] /s; sim-cal:0.002953
[*] Detection Result:P,1
[*] Detection for /binaries/target/curl/curl-7.67.0-o0-curl,tftp_connect,1
[*] /s; sim-cal:0.001445
[*] Detection Result:P,1
[*] Detection for /binaries/target/curl/curl-7.68.0-o0-curl,tftp_connect,1
[*] /s; sim-cal:0.001497
[*] Detection Result:P,1
------------------------------------------
[*] Detecting CVE: CVE-2016-8624
[*] Detection for /binaries/target/curl/curl-7.50.3-o0-curl,parseurlandfillconn,-1
[*] /s; sim-cal:0.009278
[*] Detection Result:V 1.0/0.5710220137005851 5/6,-1
[*] Detection for /binaries/target/curl/curl-7.50.2-o0-curl,parseurlandfillconn,-1
[*] /s; sim-cal:0.008171
[*] Detection Result:V 1.0/0.5710220137005851 5/6,-1
[*] Detection for /binaries/target/curl/curl-7.50.1-o0-curl,parseurlandfillconn,-1
[*] /s; sim-cal:0.010485
[*] Detection Result:V 1.0/0.5710220137005851 5/6,-1
[*] Detection for /binaries/target/curl/curl-7.51.0-o0-curl,parseurlandfillconn,1
[*] /s; sim-cal:0.010125
[*] Detection Result:P 0.5710220137005851/1.0 13/12,1
[*] Detection for /binaries/target/curl/curl-7.52.0-o0-curl,parseurlandfillconn,1
[*] /s; sim-cal:0.008794
[*] Detection Result:P 0.5710220137005851/1.0 17/16,1
[*] Detection for /binaries/target/curl/curl-7.52.1-o0-curl,parseurlandfillconn,1
[*] /s; sim-cal:0.010185
[*] Detection Result:P 0.5710220137005851/1.0 17/16,1
------------------------------------------
[*] Detecting CVE: CVE-2016-8618
[*] Detection for /binaries/target/curl/curl-7.50.3-o0-curl,alloc_addbyter,-1
[*] /s; sim-cal:0.003633
[*] Detection Result:V 0.9779810298102981/0.6620001137182063 2/3,-1
[*] Detection for /binaries/target/curl/curl-7.50.2-o0-curl,alloc_addbyter,-1
[*] /s; sim-cal:0.001779
[*] Detection Result:V 0.9779810298102981/0.6620001137182063 2/3,-1
[*] Detection for /binaries/target/curl/curl-7.50.1-o0-curl,alloc_addbyter,-1
[*] /s; sim-cal:0.001562
[*] Detection Result:V 0.9779810298102981/0.6620001137182063 2/3,-1
[*] Detection for /binaries/target/curl/curl-7.51.0-o0-curl,alloc_addbyter,1
[*] /s; sim-cal:0.001566
[*] Detection Result:P,1
[*] Detection for /binaries/target/curl/curl-7.52.0-o0-curl,alloc_addbyter,1
[*] /s; sim-cal:0.002061
[*] Detection Result:P 0.6487127371273712/0.9892005610098178 5/2,1
[*] Detection for /binaries/target/curl/curl-7.52.1-o0-curl,alloc_addbyter,1
[*] /s; sim-cal:0.003259
[*] Detection Result:P 0.6487127371273712/0.9892005610098178 5/2,1
------------------------------------------
[*] Detecting CVE: CVE-2023-46218
[*] Detection for /binaries/target/curl/curl-8.4.0-o0-curl,Curl_cookie_add,-1
[*] /s; sim-cal:0.07227
[*] Detection Result:V 0.7475167067628976/0.4111674537627273 21/25,-1
[*] Detection for /binaries/target/curl/curl-8.2.1-o0-curl,Curl_cookie_add,-1
[*] /s; sim-cal:0.090492
[*] Detection Result:V 0.7134896948552815/0.4893598841471541 37/40,-1
[*] Detection for /binaries/target/curl/curl-8.2.0-o0-curl,Curl_cookie_add,-1
[*] /s; sim-cal:0.066454
[*] Detection Result:V 0.7134896948552815/0.4893598841471541 37/40,-1
[*] Detection for /binaries/target/curl/curl-8.5.0-o0-curl,Curl_cookie_add,1
[*] /s; sim-cal:0.036266
[*] Detection Result:P 0.3257724201708402/0.8327731553919622 21/15,1
[*] Detection for /binaries/target/curl/curl-8.6.0-o0-curl,Curl_cookie_add,1
[*] /s; sim-cal:0.027172
[*] Detection Result:P 0.3257724201708402/0.8266193092381161 22/16,1
[*] Detection for /binaries/target/curl/curl-8.7.0-o0-curl,Curl_cookie_add,1
[*] /s; sim-cal:0.06489
[*] Detection Result:P 0.34904081843923845/0.7922511773699843 40/35,1
------------------------------------------
[*] Detecting CVE: CVE-2016-8617
[*] Detection for /binaries/target/curl/curl-7.50.3-o0-curl,base64_encode,-1
[*] /s; sim-cal:0.005778
[*] Detection Result:V 1.0/0.4480734664429399 2/5,-1
[*] Detection for /binaries/target/curl/curl-7.50.2-o0-curl,base64_encode,-1
[*] /s; sim-cal:0.004491
[*] Detection Result:V 1.0/0.4480734664429399 2/5,-1
[*] Detection for /binaries/target/curl/curl-7.50.1-o0-curl,base64_encode,-1
[*] /s; sim-cal:0.003536
[*] Detection Result:V 1.0/0.4480734664429399 2/5,-1
[*] Detection for /binaries/target/curl/curl-7.51.0-o0-curl,base64_encode,1
[*] /s; sim-cal:0.003208
[*] Detection Result:P,1
[*] Detection for /binaries/target/curl/curl-7.52.0-o0-curl,base64_encode,1
[*] /s; sim-cal:0.003633
[*] Detection Result:P 0.9329076880178547/0.9664538440089274 3/3,1
[*] Detection for /binaries/target/curl/curl-7.52.1-o0-curl,base64_encode,1
[*] /s; sim-cal:0.004519
[*] Detection Result:P 0.9329076880178547/0.9664538440089274 3/3,1
------------------------------------------
[*] Detecting CVE: CVE-2017-1000101
[*] Detection for /binaries/target/curl/curl-7.55.0-o0-curl,glob_range,-1
[*] /s; sim-cal:0.004581
[*] Detection Result:P,-1
[*] Detection for /binaries/target/curl/curl-7.54.1-o0-curl,glob_range,-1
[*] /s; sim-cal:0.005672
[*] Detection Result:V,-1
[*] Detection for /binaries/target/curl/curl-7.54.0-o0-curl,glob_range,-1
[*] /s; sim-cal:0.008237
[*] Detection Result:V,-1
[*] Detection for /binaries/target/curl/curl-7.55.1-o0-curl,glob_range,1
[*] /s; sim-cal:0.00602
[*] Detection Result:P,1
[*] Detection for /binaries/target/curl/curl-7.56.0-o0-curl,glob_range,1
[*] /s; sim-cal:0.00559
[*] Detection Result:P,1
[*] Detection for /binaries/target/curl/curl-7.56.1-o0-curl,glob_range,1
[*] /s; sim-cal:0.008253
[*] Detection Result:P,1
------------------------------------------
[*] Detecting CVE: CVE-2016-9594
[*] Detection for /binaries/target/curl/curl-7.52.0-o0-curl,randit,-1
[*] /s; sim-cal:0.00221
[*] Detection Result:V,-1
[*] Detection for /binaries/target/curl/curl-7.51.0-o0-curl,randit,-1
target function: randit not found
[*] Detection for /binaries/target/curl/curl-7.50.3-o0-curl,randit,-1
target function: randit not found
[*] Detection for /binaries/target/curl/curl-7.52.1-o0-curl,randit,1
[*] /s; sim-cal:0.00271
[*] Detection Result:P,1
[*] Detection for /binaries/target/curl/curl-7.53.0-o0-curl,randit,1
[*] /s; sim-cal:0.001392
[*] Detection Result:P,1
[*] Detection for /binaries/target/curl/curl-7.53.1-o0-curl,randit,1
[*] /s; sim-cal:0.001276
[*] Detection Result:P,1
------------------------------------------
[*] Detecting CVE: CVE-2018-1000122
[*] Detection for /binaries/target/curl/curl-7.58.0-o0-curl,readwrite_data,-1
[*] /s; sim-cal:0.012844
[*] Detection Result:V,-1
[*] Detection for /binaries/target/curl/curl-7.57.0-o0-curl,readwrite_data,-1
[*] /s; sim-cal:0.009844
[*] Detection Result:V,-1
[*] Detection for /binaries/target/curl/curl-7.56.1-o0-curl,readwrite_data,-1
[*] /s; sim-cal:0.014599
[*] Detection Result:V 1.0/0.11649788964168663 17/18,-1
[*] Detection for /binaries/target/curl/curl-7.59.0-o0-curl,readwrite_data,1
[*] /s; sim-cal:0.00965
[*] Detection Result:P,1
[*] Detection for /binaries/target/curl/curl-7.60.0-o0-curl,readwrite_data,1
[*] /s; sim-cal:0.011253
[*] Detection Result:P 0.18187830687830686/1.0 4/1,1
[*] Detection for /binaries/target/curl/curl-7.61.0-o0-curl,readwrite_data,1
[*] /s; sim-cal:0.012756
[*] Detection Result:P 0.18187830687830686/1.0 9/6,1
------------------------------------------
[*] Detecting CVE: CVE-2018-16842
[*] Detection for /binaries/target/curl/curl-7.61.1-o0-curl,voutf,-1
[*] /s; sim-cal:0.001419
[*] Detection Result:V,-1
[*] Detection for /binaries/target/curl/curl-7.61.0-o0-curl,voutf,-1
[*] /s; sim-cal:0.002322
[*] Detection Result:V,-1
[*] Detection for /binaries/target/curl/curl-7.60.0-o0-curl,voutf,-1
[*] /s; sim-cal:0.001007
[*] Detection Result:V,-1
[*] Detection for /binaries/target/curl/curl-7.62.0-o0-curl,voutf,1
[*] /s; sim-cal:0.001181
[*] Detection Result:P,1
[*] Detection for /binaries/target/curl/curl-7.63.0-o0-curl,voutf,1
[*] /s; sim-cal:0.00116
[*] Detection Result:P,1
[*] Detection for /binaries/target/curl/curl-7.64.0-o0-curl,voutf,1
[*] /s; sim-cal:0.001326
[*] Detection Result:P,1
------------------------------------------
[*] Detecting CVE: CVE-2022-42916
[*] Detection for /binaries/target/curl/curl-7.85.0-o0-curl,parseurlandfillconn,-1
[*] /s; sim-cal:4.017968
[*] Detection Result:V 0.9440407014945557/0.3718457657910708 12/14,-1
[*] Detection for /binaries/target/curl/curl-7.84.0-o0-curl,parseurlandfillconn,-1
[*] /s; sim-cal:3.973743
[*] Detection Result:V 0.8593360957500328/0.3458082682263953 15/17,-1
[*] Detection for /binaries/target/curl/curl-7.83.1-o0-curl,parseurlandfillconn,-1
[*] /s; sim-cal:3.925289
[*] Detection Result:V 0.8349269615591242/0.3370376907874422 22/24,-1
[*] Detection for /binaries/target/curl/curl-7.86.0-o0-curl,parseurlandfillconn,1
[*] /s; sim-cal:3.980237
[*] Detection Result:P 0.43409635534923036/0.7015294792370846 20/7,1
[*] Detection for /binaries/target/curl/curl-7.87.0-o0-curl,parseurlandfillconn,1
[*] /s; sim-cal:4.094671
[*] Detection Result:P 0.41611188709397884/0.48280648125304343 21/16,1
[*] Detection for /binaries/target/curl/curl-7.88.0-o0-curl,parseurlandfillconn,1
[*] /s; sim-cal:4.222112
[*] Detection Result:P 0.41922434891101484/0.4961039280542463 28/22,1
[*] Detection for /binaries/target/curl/curl-7.85.0-o0-curl,create_conn,-1
[*] /s; sim-cal:0.443744
[*] Detection Result:V 0.6054344311285421/0.4745972610116413 16/26,-1
[*] Detection for /binaries/target/curl/curl-7.84.0-o0-curl,create_conn,-1
[*] /s; sim-cal:0.43237
[*] Detection Result:V 0.5819422444784609/0.37976160444940515 18/28,-1
[*] Detection for /binaries/target/curl/curl-7.83.1-o0-curl,create_conn,-1
[*] /s; sim-cal:0.45018
[*] Detection Result:V 0.6513447222664825/0.3328663620741481 18/29,-1
[*] Detection for /binaries/target/curl/curl-7.86.0-o0-curl,create_conn,1
[*] /s; sim-cal:0.430885
[*] Detection Result:P 0.3316655453902723/0.5484828150743059 8/8,1
[*] Detection for /binaries/target/curl/curl-7.87.0-o0-curl,create_conn,1
[*] /s; sim-cal:0.435505
[*] Detection Result:V 0.39739777310698005/0.33366618013224764 27/28,1
[*] Detection for /binaries/target/curl/curl-7.88.0-o0-curl,create_conn,1
[*] /s; sim-cal:0.464211
[*] Detection Result:V 0.40923993850951706/0.35665391297246646 27/29,1
------------------------------------------
[*] Detecting CVE: CVE-2022-42915
[*] Detection for /binaries/target/curl/curl-7.85.0-o0-curl,Curl_connect_done,-1
[*] /s; sim-cal:0.34469
[*] Detection Result:V,-1
[*] Detection for /binaries/target/curl/curl-7.84.0-o0-curl,Curl_connect_done,-1
[*] /s; sim-cal:0.325085
[*] Detection Result:V,-1
[*] Detection for /binaries/target/curl/curl-7.83.1-o0-curl,Curl_connect_done,-1
[*] /s; sim-cal:0.334824
[*] Detection Result:V,-1
[*] Detection for /binaries/target/curl/curl-7.86.0-o0-curl,Curl_connect_done,1
[*] /s; sim-cal:0.32458
[*] Detection Result:P,1
[*] Detection for /binaries/target/curl/curl-7.87.0-o0-curl,Curl_connect_done,1
target function: Curl_connect_done not found
[*] Detection for /binaries/target/curl/curl-7.88.0-o0-curl,Curl_connect_done,1
target function: Curl_connect_done not found
[*] Detection for /binaries/target/curl/curl-7.85.0-o0-curl,conn_shutdown,-1
[*] /s; sim-cal:0.327367
[*] Detection Result:V 0.8388083494445712/0.22840909090909092 3/6,-1
[*] Detection for /binaries/target/curl/curl-7.84.0-o0-curl,conn_shutdown,-1
[*] /s; sim-cal:0.356079
[*] Detection Result:V 0.8388083494445712/0.22840909090909092 3/6,-1
[*] Detection for /binaries/target/curl/curl-7.83.1-o0-curl,conn_shutdown,-1
[*] /s; sim-cal:0.3278
[*] Detection Result:V 0.8329896892543261/0.22840909090909092 3/6,-1
[*] Detection for /binaries/target/curl/curl-7.86.0-o0-curl,conn_shutdown,1
[*] /s; sim-cal:0.334423
[*] Detection Result:P,1
[*] Detection for /binaries/target/curl/curl-7.87.0-o0-curl,conn_shutdown,1
[*] /s; sim-cal:0.326859
[*] Detection Result:C can't tell,1
[*] Detection for /binaries/target/curl/curl-7.88.0-o0-curl,conn_shutdown,1
[*] /s; sim-cal:0.330882
[*] Detection Result:C can't tell,1
------------------------------------------
[*] Detecting CVE: CVE-2020-8284
[*] Detection for /binaries/target/curl/curl-7.73.0-o0-curl,config_init,-1
[*] /s; sim-cal:3.622456
[*] Detection Result:C can't tell,-1
[*] Detection for /binaries/target/curl/curl-7.72.0-o0-curl,config_init,-1
[*] /s; sim-cal:0.359783
[*] Detection Result:C can't tell,-1
[*] Detection for /binaries/target/curl/curl-7.71.1-o0-curl,config_init,-1
[*] /s; sim-cal:0.344757
[*] Detection Result:C can't tell,-1
[*] Detection for /binaries/target/curl/curl-7.74.0-o0-curl,config_init,1
[*] /s; sim-cal:3.655392
[*] Detection Result:P,1
[*] Detection for /binaries/target/curl/curl-7.75.0-o0-curl,config_init,1
[*] /s; sim-cal:0.354525
[*] Detection Result:C can't tell,1
[*] Detection for /binaries/target/curl/curl-7.76.0-o0-curl,config_init,1
[*] /s; sim-cal:0.348579
[*] Detection Result:C can't tell,1
[*] Detection for /binaries/target/curl/curl-7.73.0-o0-curl,Curl_init_userdefined,-1
[*] /s; sim-cal:0.3615
[*] Detection Result:V,-1
[*] Detection for /binaries/target/curl/curl-7.72.0-o0-curl,Curl_init_userdefined,-1
[*] /s; sim-cal:0.356615
[*] Detection Result:V 0.8568464730290456/0.8403855676792514 3/3,-1
[*] Detection for /binaries/target/curl/curl-7.71.1-o0-curl,Curl_init_userdefined,-1
[*] /s; sim-cal:0.330999
[*] Detection Result:C can't tell,-1
[*] Detection for /binaries/target/curl/curl-7.74.0-o0-curl,Curl_init_userdefined,1
[*] /s; sim-cal:0.350693
[*] Detection Result:P,1
[*] Detection for /binaries/target/curl/curl-7.75.0-o0-curl,Curl_init_userdefined,1
[*] /s; sim-cal:0.357861
[*] Detection Result:C can't tell,1
[*] Detection for /binaries/target/curl/curl-7.76.0-o0-curl,Curl_init_userdefined,1
[*] /s; sim-cal:0.351358
[*] Detection Result:C can't tell,1
------------------------------------------
[*] Detecting CVE: CVE-2020-8177
[*] Detection for /binaries/target/curl/curl-7.70.0-o0-curl,tool_header_cb,-1
[*] /s; sim-cal:0.379157
[*] Detection Result:V 1.0/0.2857142857142857 1/9,-1
[*] Detection for /binaries/target/curl/curl-7.69.1-o0-curl,tool_header_cb,-1
[*] /s; sim-cal:0.380546
[*] Detection Result:V,-1
[*] Detection for /binaries/target/curl/curl-7.69.0-o0-curl,tool_header_cb,-1
[*] /s; sim-cal:0.372865
[*] Detection Result:V 1.0/0.2857142857142857 1/9,-1
[*] Detection for /binaries/target/curl/curl-7.71.0-o0-curl,tool_header_cb,1
[*] /s; sim-cal:0.370488
[*] Detection Result:P,1
[*] Detection for /binaries/target/curl/curl-7.71.1-o0-curl,tool_header_cb,1
[*] /s; sim-cal:0.35557
[*] Detection Result:P 0.3904010240546626/1.0 4/3,1
[*] Detection for /binaries/target/curl/curl-7.72.0-o0-curl,tool_header_cb,1
[*] /s; sim-cal:0.359941
[*] Detection Result:P 0.3904010240546626/1.0 3/2,1
[*] Detection for /binaries/target/curl/curl-7.70.0-o0-curl,getparameter,-1
[*] /s; sim-cal:1.067664
[*] Detection Result:V 0.7484379546096344/0.7162213915446586 169/170,-1
[*] Detection for /binaries/target/curl/curl-7.69.1-o0-curl,getparameter,-1
[*] /s; sim-cal:1.126773
[*] Detection Result:V 0.7484379546096344/0.7216876499959917 190/190,-1
[*] Detection for /binaries/target/curl/curl-7.69.0-o0-curl,getparameter,-1
[*] /s; sim-cal:1.183072
[*] Detection Result:V 0.7484379546096344/0.7162213915446586 189/190,-1
[*] Detection for /binaries/target/curl/curl-7.71.0-o0-curl,getparameter,1
[*] /s; sim-cal:0.746724
[*] Detection Result:P,1
[*] Detection for /binaries/target/curl/curl-7.71.1-o0-curl,getparameter,1
[*] /s; sim-cal:0.873978
[*] Detection Result:P 0.3635314588482137/0.7379353488442626 25/1,1
[*] Detection for /binaries/target/curl/curl-7.72.0-o0-curl,getparameter,1
[*] /s; sim-cal:1.63578
[*] Detection Result:V 0.7484379546096344/0.7257958966415518 154/155,1
------------------------------------------
[*] Detecting CVE: CVE-2019-5435
[*] Detection for /binaries/target/curl/curl-7.64.1-o0-curl,seturl,-1
[*] /s; sim-cal:3.457518
[*] Detection Result:V 0.76748869273933/0.7315520888443108 9/9,-1
[*] Detection for /binaries/target/curl/curl-7.64.0-o0-curl,seturl,-1
[*] /s; sim-cal:0.422932
[*] Detection Result:V 0.7082658041600788/0.6988514169252718 9/9,-1
[*] Detection for /binaries/target/curl/curl-7.63.0-o0-curl,seturl,-1
[*] /s; sim-cal:0.443725
[*] Detection Result:V 0.6933340294206202/0.6843588120310913 16/16,-1
[*] Detection for /binaries/target/curl/curl-7.65.0-o0-curl,seturl,1
[*] /s; sim-cal:3.418668
[*] Detection Result:P 0.7389158186540006/0.7582588635929812 14/12,1
[*] Detection for /binaries/target/curl/curl-7.65.1-o0-curl,seturl,1
[*] /s; sim-cal:0.443669
[*] Detection Result:P 0.7389158186540006/0.7582588635929812 14/12,1
[*] Detection for /binaries/target/curl/curl-7.65.2-o0-curl,seturl,1
[*] /s; sim-cal:0.42047
[*] Detection Result:P 0.7389158186540006/0.7582588635929812 14/12,1
[*] Detection for /binaries/target/curl/curl-7.64.1-o0-curl,Curl_setstropt,-1
[*] /s; sim-cal:0.459303
[*] Detection Result:V 0.9245014245014245/0.756125636815292 2/2,-1
[*] Detection for /binaries/target/curl/curl-7.64.0-o0-curl,Curl_setstropt,-1
[*] /s; sim-cal:0.388827
[*] Detection Result:V 0.7735042735042735/0.636280577659888 2/2,-1
[*] Detection for /binaries/target/curl/curl-7.63.0-o0-curl,Curl_setstropt,-1
[*] /s; sim-cal:0.388
[*] Detection Result:V 0.7735042735042735/0.636280577659888 2/2,-1
[*] Detection for /binaries/target/curl/curl-7.65.0-o0-curl,Curl_setstropt,1
[*] /s; sim-cal:0.400564
[*] Detection Result:P,1
[*] Detection for /binaries/target/curl/curl-7.65.1-o0-curl,Curl_setstropt,1
[*] /s; sim-cal:0.421259
[*] Detection Result:P,1
[*] Detection for /binaries/target/curl/curl-7.65.2-o0-curl,Curl_setstropt,1
[*] /s; sim-cal:0.471569
[*] Detection Result:P,1
[*] Detection for /binaries/target/curl/curl-7.64.1-o0-curl,curl_url_set,-1
[*] /s; sim-cal:0.450601
[*] Detection Result:V 0.6905562600633353/0.6271280596962467 20/21,-1
[*] Detection for /binaries/target/curl/curl-7.64.0-o0-curl,curl_url_set,-1
[*] /s; sim-cal:0.421374
[*] Detection Result:V 0.6434362571861189/0.5867716202063591 20/21,-1
[*] Detection for /binaries/target/curl/curl-7.63.0-o0-curl,curl_url_set,-1
[*] /s; sim-cal:0.394818
[*] Detection Result:V 0.6434362571861189/0.5849197683545071 20/21,-1
[*] Detection for /binaries/target/curl/curl-7.65.0-o0-curl,curl_url_set,1
[*] /s; sim-cal:0.394315
[*] Detection Result:P 0.6569521352483186/0.7151553087793197 31/28,1
[*] Detection for /binaries/target/curl/curl-7.65.1-o0-curl,curl_url_set,1
[*] /s; sim-cal:0.389297
[*] Detection Result:P 0.6569521352483186/0.7151553087793197 31/28,1
[*] Detection for /binaries/target/curl/curl-7.65.2-o0-curl,curl_url_set,1
[*] /s; sim-cal:0.396727
[*] Detection Result:P 0.6569521352483186/0.7151553087793197 31/28,1
------------------------------------------
[*] Detecting CVE: CVE-2018-1000007
[*] Detection for /binaries/target/curl/curl-7.57.0-o0-curl,Curl_vsetopt,-1
target function: Curl_vsetopt not found
[*] Detection for /binaries/target/curl/curl-7.56.1-o0-curl,Curl_vsetopt,-1
target function: Curl_vsetopt not found
[*] Detection for /binaries/target/curl/curl-7.56.0-o0-curl,Curl_vsetopt,-1
target function: Curl_vsetopt not found
[*] Detection for /binaries/target/curl/curl-7.58.0-o0-curl,Curl_vsetopt,1
[*] /s; sim-cal:0.901475
[*] Detection Result:P,1
[*] Detection for /binaries/target/curl/curl-7.59.0-o0-curl,Curl_vsetopt,1
[*] /s; sim-cal:2.43715
[*] Detection Result:V 0.6515151515151515/0.4898989898989899 57/58,1
[*] Detection for /binaries/target/curl/curl-7.60.0-o0-curl,Curl_vsetopt,1
[*] /s; sim-cal:2.503349
[*] Detection Result:P 0.4898989898989899/0.5757575757575758 81/80,1
[*] Detection for /binaries/target/curl/curl-7.57.0-o0-curl,Curl_add_custom_headers,-1
[*] /s; sim-cal:0.342854
[*] Detection Result:V 1.0/0.6202034860610646 2/2,-1
[*] Detection for /binaries/target/curl/curl-7.56.1-o0-curl,Curl_add_custom_headers,-1
[*] /s; sim-cal:0.315195
[*] Detection Result:V 1.0/0.6202034860610646 2/2,-1
[*] Detection for /binaries/target/curl/curl-7.56.0-o0-curl,Curl_add_custom_headers,-1
[*] /s; sim-cal:0.342695
[*] Detection Result:V 1.0/0.6202034860610646 2/2,-1
[*] Detection for /binaries/target/curl/curl-7.58.0-o0-curl,Curl_add_custom_headers,1
[*] /s; sim-cal:0.356257
[*] Detection Result:P,1
[*] Detection for /binaries/target/curl/curl-7.59.0-o0-curl,Curl_add_custom_headers,1
[*] /s; sim-cal:0.356874
[*] Detection Result:V 0.7752725446010961/0.7499916737058107 19/16,1
[*] Detection for /binaries/target/curl/curl-7.60.0-o0-curl,Curl_add_custom_headers,1
[*] /s; sim-cal:0.350143
[*] Detection Result:V 0.7752725446010961/0.7499916737058107 19/16,1
[*] Detection for /binaries/target/curl/curl-7.57.0-o0-curl,Curl_http_output_auth,-1
[*] /s; sim-cal:0.339757
[*] Detection Result:N VP no diff,-1
[*] Detection for /binaries/target/curl/curl-7.56.1-o0-curl,Curl_http_output_auth,-1
[*] /s; sim-cal:0.335543
[*] Detection Result:N VP no diff,-1
[*] Detection for /binaries/target/curl/curl-7.56.0-o0-curl,Curl_http_output_auth,-1
[*] /s; sim-cal:0.311144
[*] Detection Result:N VP no diff,-1
[*] Detection for /binaries/target/curl/curl-7.58.0-o0-curl,Curl_http_output_auth,1
[*] /s; sim-cal:0.309657
[*] Detection Result:N VP no diff,1
[*] Detection for /binaries/target/curl/curl-7.59.0-o0-curl,Curl_http_output_auth,1
[*] /s; sim-cal:0.308118
[*] Detection Result:N VP no diff,1
[*] Detection for /binaries/target/curl/curl-7.60.0-o0-curl,Curl_http_output_auth,1
[*] /s; sim-cal:0.315472
[*] Detection Result:N VP no diff,1
------------------------------------------
[*] Detecting CVE: CVE-2018-1000120
[*] Detection for /binaries/target/curl/curl-7.58.0-o0-curl,ftp_done,-1
[*] /s; sim-cal:0.383438
[*] Detection Result:C can't tell,-1
[*] Detection for /binaries/target/curl/curl-7.57.0-o0-curl,ftp_done,-1
[*] /s; sim-cal:0.369791
[*] Detection Result:C can't tell,-1
[*] Detection for /binaries/target/curl/curl-7.56.1-o0-curl,ftp_done,-1
[*] /s; sim-cal:0.384126
[*] Detection Result:C can't tell,-1
[*] Detection for /binaries/target/curl/curl-7.59.0-o0-curl,ftp_done,1
[*] /s; sim-cal:0.363984
[*] Detection Result:P,1
[*] Detection for /binaries/target/curl/curl-7.60.0-o0-curl,ftp_done,1
[*] /s; sim-cal:0.360091
[*] Detection Result:C can't tell,1
[*] Detection for /binaries/target/curl/curl-7.61.0-o0-curl,ftp_done,1
[*] /s; sim-cal:0.419437
[*] Detection Result:C can't tell,1
[*] Detection for /binaries/target/curl/curl-7.58.0-o0-curl,ftp_parse_url_path,-1
[*] /s; sim-cal:0.354727
[*] Detection Result:V 0.9138888888888889/0.2766254578754579 6/8,-1
[*] Detection for /binaries/target/curl/curl-7.57.0-o0-curl,ftp_parse_url_path,-1
[*] /s; sim-cal:0.355797
[*] Detection Result:V 0.9138888888888889/0.2766254578754579 7/9,-1
[*] Detection for /binaries/target/curl/curl-7.56.1-o0-curl,ftp_parse_url_path,-1
[*] /s; sim-cal:0.357393
[*] Detection Result:V 0.9138888888888889/0.2766254578754579 7/9,-1
[*] Detection for /binaries/target/curl/curl-7.59.0-o0-curl,ftp_parse_url_path,1
[*] /s; sim-cal:0.347241
[*] Detection Result:P,1
[*] Detection for /binaries/target/curl/curl-7.60.0-o0-curl,ftp_parse_url_path,1
[*] /s; sim-cal:0.36471
[*] Detection Result:P 0.2766254578754579/0.9138888888888889 8/6,1
[*] Detection for /binaries/target/curl/curl-7.61.0-o0-curl,ftp_parse_url_path,1
[*] /s; sim-cal:0.359513
[*] Detection Result:P 0.2766254578754579/0.9138888888888889 9/7,1
[*] Detection for /binaries/target/curl/curl-7.58.0-o0-curl,ftp_state_list,-1
[*] /s; sim-cal:0.339758
[*] Detection Result:V 0.9108143939393939/0.5677935606060606 4/5,-1
[*] Detection for /binaries/target/curl/curl-7.57.0-o0-curl,ftp_state_list,-1
[*] /s; sim-cal:0.330441
[*] Detection Result:V 0.9108143939393939/0.5677935606060606 4/5,-1
[*] Detection for /binaries/target/curl/curl-7.56.1-o0-curl,ftp_state_list,-1
[*] /s; sim-cal:0.336232
[*] Detection Result:V 0.9108143939393939/0.5677935606060606 4/5,-1
[*] Detection for /binaries/target/curl/curl-7.59.0-o0-curl,ftp_state_list,1
[*] /s; sim-cal:0.3441
[*] Detection Result:P,1
[*] Detection for /binaries/target/curl/curl-7.60.0-o0-curl,ftp_state_list,1
[*] /s; sim-cal:0.319564
[*] Detection Result:P 0.5677935606060606/0.9108143939393939 3/2,1
[*] Detection for /binaries/target/curl/curl-7.61.0-o0-curl,ftp_state_list,1
[*] /s; sim-cal:0.339948
[*] Detection Result:P 0.5677935606060606/0.9108143939393939 5/4,1
------------------------------------------
[*] Detecting CVE: CVE-2017-8818
[*] Detection for /binaries/target/curl/curl-7.56.1-o0-curl,llist_dtor,-1
[*] /s; sim-cal:0.293166
[*] Detection Result:N VP no diff,-1
[*] Detection for /binaries/target/curl/curl-7.56.0-o0-curl,llist_dtor,-1
[*] /s; sim-cal:0.294092
[*] Detection Result:N VP no diff,-1
[*] Detection for /binaries/target/curl/curl-7.57.0-o0-curl,llist_dtor,1
[*] /s; sim-cal:0.299587
[*] Detection Result:N VP no diff,1
[*] Detection for /binaries/target/curl/curl-7.58.0-o0-curl,llist_dtor,1
[*] /s; sim-cal:0.304309
[*] Detection Result:N VP no diff,1
[*] Detection for /binaries/target/curl/curl-7.59.0-o0-curl,llist_dtor,1
[*] /s; sim-cal:0.301523
[*] Detection Result:N VP no diff,1
[*] Detection for /binaries/target/curl/curl-7.56.1-o0-curl,allocate_conn,-1
[*] /s; sim-cal:0.379852
[*] Detection Result:V 0.9273643155272648/0.3885222776416357 5/6,-1
[*] Detection for /binaries/target/curl/curl-7.56.0-o0-curl,allocate_conn,-1
[*] /s; sim-cal:0.365154
[*] Detection Result:V 0.9273643155272648/0.3885222776416357 5/6,-1
[*] Detection for /binaries/target/curl/curl-7.57.0-o0-curl,allocate_conn,1
[*] /s; sim-cal:0.328491
[*] Detection Result:P,1
[*] Detection for /binaries/target/curl/curl-7.58.0-o0-curl,allocate_conn,1
[*] /s; sim-cal:0.373442
[*] Detection Result:P 0.3159341344884309/0.8392257620887354 9/8,1
[*] Detection for /binaries/target/curl/curl-7.59.0-o0-curl,allocate_conn,1
[*] /s; sim-cal:0.360253
[*] Detection Result:P 0.30479313363954713/0.8251688913697987 9/8,1
------------------------------------------
[*] Detecting CVE: CVE-2017-8816
[*] Detection for /binaries/target/curl/curl-7.56.1-o0-curl,Curl_hmac_md5,-1
[*] /s; sim-cal:0.315501
[*] Detection Result:N VP no diff,-1
[*] Detection for /binaries/target/curl/curl-7.56.0-o0-curl,Curl_hmac_md5,-1
[*] /s; sim-cal:0.304675
[*] Detection Result:N VP no diff,-1
[*] Detection for /binaries/target/curl/curl-7.55.1-o0-curl,Curl_hmac_md5,-1
[*] /s; sim-cal:0.316457
[*] Detection Result:N VP no diff,-1
[*] Detection for /binaries/target/curl/curl-7.57.0-o0-curl,Curl_hmac_md5,1
[*] /s; sim-cal:0.30006
[*] Detection Result:N VP no diff,1
[*] Detection for /binaries/target/curl/curl-7.58.0-o0-curl,Curl_hmac_md5,1
[*] /s; sim-cal:0.299095
[*] Detection Result:N VP no diff,1
[*] Detection for /binaries/target/curl/curl-7.59.0-o0-curl,Curl_hmac_md5,1
[*] /s; sim-cal:0.344591
[*] Detection Result:N VP no diff,1
[*] Detection for /binaries/target/curl/curl-7.56.1-o0-curl,Curl_ntlm_core_mk_ntlmv2_hash,-1
[*] /s; sim-cal:0.301992
[*] Detection Result:V 0.9651937046004843/0.6102197802197803 2/2,-1
[*] Detection for /binaries/target/curl/curl-7.56.0-o0-curl,Curl_ntlm_core_mk_ntlmv2_hash,-1
[*] /s; sim-cal:0.300924
[*] Detection Result:V 0.9651937046004843/0.6102197802197803 2/2,-1
[*] Detection for /binaries/target/curl/curl-7.55.1-o0-curl,Curl_ntlm_core_mk_ntlmv2_hash,-1
[*] /s; sim-cal:0.342853
[*] Detection Result:V 0.9303874092009685/0.6102197802197803 2/2,-1
[*] Detection for /binaries/target/curl/curl-7.57.0-o0-curl,Curl_ntlm_core_mk_ntlmv2_hash,1
[*] /s; sim-cal:0.335068
[*] Detection Result:P 0.6755447941888619/0.9891575091575092 6/2,1
[*] Detection for /binaries/target/curl/curl-7.58.0-o0-curl,Curl_ntlm_core_mk_ntlmv2_hash,1
[*] /s; sim-cal:0.309962
[*] Detection Result:P 0.6755447941888619/0.9891575091575092 6/2,1
[*] Detection for /binaries/target/curl/curl-7.59.0-o0-curl,Curl_ntlm_core_mk_ntlmv2_hash,1
[*] /s; sim-cal:0.343665
[*] Detection Result:P 0.6755447941888619/0.9891575091575092 6/2,1
------------------------------------------
[*] Detecting CVE: CVE-2016-8625
[*] Detection for /binaries/target/curl/curl-7.50.3-o0-curl,curl_version,-1
[*] /s; sim-cal:0.27091
[*] Detection Result:V,-1
[*] Detection for /binaries/target/curl/curl-7.50.2-o0-curl,curl_version,-1
[*] /s; sim-cal:0.323704
[*] Detection Result:V 0.9857746170016485/0.35552117107053277 1/2,-1
[*] Detection for /binaries/target/curl/curl-7.50.1-o0-curl,curl_version,-1
[*] /s; sim-cal:0.315471
[*] Detection Result:V 0.9857746170016485/0.35552117107053277 1/2,-1
[*] Detection for /binaries/target/curl/curl-7.51.0-o0-curl,curl_version,1
[*] /s; sim-cal:0.276301
[*] Detection Result:P,1
[*] Detection for /binaries/target/curl/curl-7.52.0-o0-curl,curl_version,1
[*] /s; sim-cal:0.304542
[*] Detection Result:P 0.41716762699817006/0.9878969951717949 4/1,1
[*] Detection for /binaries/target/curl/curl-7.52.1-o0-curl,curl_version,1
[*] /s; sim-cal:0.33182
[*] Detection Result:P 0.41716762699817006/0.9878969951717949 4/1,1
[*] Detection for /binaries/target/curl/curl-7.50.3-o0-curl,is_ASCII_name,-1
[*] /s; sim-cal:0.290055
[*] Detection Result:N VP no diff,-1
[*] Detection for /binaries/target/curl/curl-7.50.2-o0-curl,is_ASCII_name,-1
[*] /s; sim-cal:0.263056
[*] Detection Result:N VP no diff,-1
[*] Detection for /binaries/target/curl/curl-7.50.1-o0-curl,is_ASCII_name,-1
[*] /s; sim-cal:0.265698
[*] Detection Result:N VP no diff,-1
[*] Detection for /binaries/target/curl/curl-7.51.0-o0-curl,is_ASCII_name,1
[*] /s; sim-cal:0.269121
[*] Detection Result:N VP no diff,1
[*] Detection for /binaries/target/curl/curl-7.52.0-o0-curl,is_ASCII_name,1
[*] /s; sim-cal:0.272685
[*] Detection Result:N VP no diff,1
[*] Detection for /binaries/target/curl/curl-7.52.1-o0-curl,is_ASCII_name,1
[*] /s; sim-cal:0.277453
[*] Detection Result:N VP no diff,1
[*] Detection for /binaries/target/curl/curl-7.50.3-o0-curl,create_conn,-1
[*] /s; sim-cal:0.556885
[*] Detection Result:V 0.5050143947117521/0.4884394918659685 15/18,-1
[*] Detection for /binaries/target/curl/curl-7.50.2-o0-curl,create_conn,-1
[*] /s; sim-cal:0.557807
[*] Detection Result:V 0.5050143947117521/0.4884394918659685 15/18,-1
[*] Detection for /binaries/target/curl/curl-7.50.1-o0-curl,create_conn,-1
[*] /s; sim-cal:0.523671
[*] Detection Result:V 0.5047928957940883/0.4884394918659685 15/18,-1
[*] Detection for /binaries/target/curl/curl-7.51.0-o0-curl,create_conn,1
[*] /s; sim-cal:0.530621
[*] Detection Result:P 0.48802443623598746/0.504482967608139 19/16,1
[*] Detection for /binaries/target/curl/curl-7.52.0-o0-curl,create_conn,1
[*] /s; sim-cal:0.631043
[*] Detection Result:P 0.4250914783423879/0.4365072705472499 58/55,1
[*] Detection for /binaries/target/curl/curl-7.52.1-o0-curl,create_conn,1
[*] /s; sim-cal:0.620859
[*] Detection Result:P 0.4250914783423879/0.4365072705472499 58/55,1
[*] Detection for /binaries/target/curl/curl-7.50.3-o0-curl,curl_version_info,-1
[*] /s; sim-cal:0.267511
[*] Detection Result:V,-1
[*] Detection for /binaries/target/curl/curl-7.50.2-o0-curl,curl_version_info,-1
[*] /s; sim-cal:0.311669
[*] Detection Result:V,-1
[*] Detection for /binaries/target/curl/curl-7.50.1-o0-curl,curl_version_info,-1
[*] /s; sim-cal:0.313503
[*] Detection Result:V,-1
[*] Detection for /binaries/target/curl/curl-7.51.0-o0-curl,curl_version_info,1
[*] /s; sim-cal:0.372978
[*] Detection Result:P,1
[*] Detection for /binaries/target/curl/curl-7.52.0-o0-curl,curl_version_info,1
[*] /s; sim-cal:0.308556
[*] Detection Result:P,1
[*] Detection for /binaries/target/curl/curl-7.52.1-o0-curl,curl_version_info,1
[*] /s; sim-cal:0.407628
[*] Detection Result:P,1
[*] Detection for /binaries/target/curl/curl-7.50.3-o0-curl,fix_hostname,-1
[*] /s; sim-cal:0.314177
[*] Detection Result:V,-1
[*] Detection for /binaries/target/curl/curl-7.50.2-o0-curl,fix_hostname,-1
[*] /s; sim-cal:0.291806
[*] Detection Result:V,-1
[*] Detection for /binaries/target/curl/curl-7.50.1-o0-curl,fix_hostname,-1
[*] /s; sim-cal:0.304334
[*] Detection Result:V,-1
[*] Detection for /binaries/target/curl/curl-7.51.0-o0-curl,fix_hostname,1
[*] /s; sim-cal:0.340496
[*] Detection Result:P,1
[*] Detection for /binaries/target/curl/curl-7.52.0-o0-curl,fix_hostname,1
[*] /s; sim-cal:0.344937
[*] Detection Result:P,1
[*] Detection for /binaries/target/curl/curl-7.52.1-o0-curl,fix_hostname,1
[*] /s; sim-cal:0.31872
[*] Detection Result:P,1
[*] Detection for /binaries/target/curl/curl-7.50.3-o0-curl,Curl_strerror,-1
[*] /s; sim-cal:0.351418
[*] Detection Result:N VP no diff,-1
[*] Detection for /binaries/target/curl/curl-7.50.2-o0-curl,Curl_strerror,-1
[*] /s; sim-cal:0.351303
[*] Detection Result:N VP no diff,-1
[*] Detection for /binaries/target/curl/curl-7.50.1-o0-curl,Curl_strerror,-1
[*] /s; sim-cal:0.282128
[*] Detection Result:N VP no diff,-1
[*] Detection for /binaries/target/curl/curl-7.51.0-o0-curl,Curl_strerror,1
[*] /s; sim-cal:0.278102
[*] Detection Result:N VP no diff,1
[*] Detection for /binaries/target/curl/curl-7.52.0-o0-curl,Curl_strerror,1
[*] /s; sim-cal:0.284366
[*] Detection Result:N VP no diff,1
[*] Detection for /binaries/target/curl/curl-7.52.1-o0-curl,Curl_strerror,1
[*] /s; sim-cal:0.27185
[*] Detection Result:N VP no diff,1
[*] Detection for /binaries/target/curl/curl-7.50.3-o0-curl,global_init,-1
[*] /s; sim-cal:0.268775
[*] Detection Result:N VP no diff,-1
[*] Detection for /binaries/target/curl/curl-7.50.2-o0-curl,global_init,-1
[*] /s; sim-cal:0.269329
[*] Detection Result:N VP no diff,-1
[*] Detection for /binaries/target/curl/curl-7.50.1-o0-curl,global_init,-1
[*] /s; sim-cal:0.275677
[*] Detection Result:N VP no diff,-1
[*] Detection for /binaries/target/curl/curl-7.51.0-o0-curl,global_init,1
[*] /s; sim-cal:0.273305
[*] Detection Result:N VP no diff,1
[*] Detection for /binaries/target/curl/curl-7.52.0-o0-curl,global_init,1
[*] /s; sim-cal:0.274616
[*] Detection Result:N VP no diff,1
[*] Detection for /binaries/target/curl/curl-7.52.1-o0-curl,global_init,1
[*] /s; sim-cal:0.280221
[*] Detection Result:N VP no diff,1
[*] Detection for /binaries/target/curl/curl-7.50.3-o0-curl,win32_init,-1
[*] /s; sim-cal:0.261495
[*] Detection Result:N VP no diff,-1
[*] Detection for /binaries/target/curl/curl-7.50.2-o0-curl,win32_init,-1
[*] /s; sim-cal:0.263731
[*] Detection Result:N VP no diff,-1
[*] Detection for /binaries/target/curl/curl-7.50.1-o0-curl,win32_init,-1
[*] /s; sim-cal:0.26481
[*] Detection Result:N VP no diff,-1
[*] Detection for /binaries/target/curl/curl-7.51.0-o0-curl,win32_init,1
[*] /s; sim-cal:0.272243
[*] Detection Result:N VP no diff,1
[*] Detection for /binaries/target/curl/curl-7.52.0-o0-curl,win32_init,1
[*] /s; sim-cal:0.271816
[*] Detection Result:N VP no diff,1
[*] Detection for /binaries/target/curl/curl-7.52.1-o0-curl,win32_init,1
[*] /s; sim-cal:0.269888
[*] Detection Result:N VP no diff,1
------------------------------------------
[*] Detecting CVE: CVE-2016-8623
[*] Detection for /binaries/target/curl/curl-7.50.3-o0-curl,Curl_cookie_clearall,-1
[*] /s; sim-cal:0.273423
[*] Detection Result:V,-1
[*] Detection for /binaries/target/curl/curl-7.50.2-o0-curl,Curl_cookie_clearall,-1
[*] /s; sim-cal:0.270895
[*] Detection Result:V,-1
[*] Detection for /binaries/target/curl/curl-7.50.1-o0-curl,Curl_cookie_clearall,-1
[*] /s; sim-cal:0.266152
[*] Detection Result:V,-1
[*] Detection for /binaries/target/curl/curl-7.51.0-o0-curl,Curl_cookie_clearall,1
[*] /s; sim-cal:0.268267
[*] Detection Result:P,1
[*] Detection for /binaries/target/curl/curl-7.52.0-o0-curl,Curl_cookie_clearall,1
[*] /s; sim-cal:0.266274
[*] Detection Result:P,1
[*] Detection for /binaries/target/curl/curl-7.52.1-o0-curl,Curl_cookie_clearall,1
[*] /s; sim-cal:0.269141
[*] Detection Result:P,1
[*] Detection for /binaries/target/curl/curl-7.50.3-o0-curl,Curl_cookie_getlist,-1
[*] /s; sim-cal:0.297345
[*] Detection Result:V 0.9643182029146943/0.7091447755190445 4/8,-1
[*] Detection for /binaries/target/curl/curl-7.50.2-o0-curl,Curl_cookie_getlist,-1
[*] /s; sim-cal:0.293577
[*] Detection Result:V 0.9643182029146943/0.7091447755190445 4/8,-1
[*] Detection for /binaries/target/curl/curl-7.50.1-o0-curl,Curl_cookie_getlist,-1
[*] /s; sim-cal:0.288051
[*] Detection Result:V 0.9643182029146943/0.7091447755190445 4/8,-1
[*] Detection for /binaries/target/curl/curl-7.51.0-o0-curl,Curl_cookie_getlist,1
[*] /s; sim-cal:0.288462
[*] Detection Result:P 0.585176104512489/0.8274933172975381 7/3,1
[*] Detection for /binaries/target/curl/curl-7.52.0-o0-curl,Curl_cookie_getlist,1
[*] /s; sim-cal:0.290842
[*] Detection Result:P 0.566072790672333/0.8083900034573821 7/3,1
[*] Detection for /binaries/target/curl/curl-7.52.1-o0-curl,Curl_cookie_getlist,1
[*] /s; sim-cal:0.291946
[*] Detection Result:P 0.566072790672333/0.8083900034573821 7/3,1
[*] Detection for /binaries/target/curl/curl-7.50.3-o0-curl,Curl_cookie_cleanup,-1
[*] /s; sim-cal:0.267384
[*] Detection Result:V 0.9615384615384616/0.9423076923076923 1/1,-1
[*] Detection for /binaries/target/curl/curl-7.50.2-o0-curl,Curl_cookie_cleanup,-1
[*] /s; sim-cal:0.274123
[*] Detection Result:V 0.9615384615384616/0.9423076923076923 1/1,-1
[*] Detection for /binaries/target/curl/curl-7.50.1-o0-curl,Curl_cookie_cleanup,-1
[*] /s; sim-cal:0.269579
[*] Detection Result:V 0.9615384615384616/0.9423076923076923 1/1,-1
[*] Detection for /binaries/target/curl/curl-7.51.0-o0-curl,Curl_cookie_cleanup,1
[*] /s; sim-cal:0.267126
[*] Detection Result:P 0.9423076923076923/0.96 1/1,1
[*] Detection for /binaries/target/curl/curl-7.52.0-o0-curl,Curl_cookie_cleanup,1
[*] /s; sim-cal:0.269566
[*] Detection Result:P 0.9038461538461539/0.9199999999999999 1/1,1
[*] Detection for /binaries/target/curl/curl-7.52.1-o0-curl,Curl_cookie_cleanup,1
[*] /s; sim-cal:0.267587
[*] Detection Result:P 0.9038461538461539/0.9199999999999999 1/1,1
[*] Detection for /binaries/target/curl/curl-7.50.3-o0-curl,Curl_http,-1
[*] /s; sim-cal:0.485112
[*] Detection Result:V 0.636904761904762/0.4682539682539682 18/19,-1
[*] Detection for /binaries/target/curl/curl-7.50.2-o0-curl,Curl_http,-1
[*] /s; sim-cal:0.487669
[*] Detection Result:V 0.636904761904762/0.4682539682539682 18/19,-1
[*] Detection for /binaries/target/curl/curl-7.50.1-o0-curl,Curl_http,-1
[*] /s; sim-cal:0.484756
[*] Detection Result:V 0.636904761904762/0.4682539682539682 27/28,-1
[*] Detection for /binaries/target/curl/curl-7.51.0-o0-curl,Curl_http,1
[*] /s; sim-cal:0.487065
[*] Detection Result:P 0.4047619047619047/0.5793650793650794 21/20,1
[*] Detection for /binaries/target/curl/curl-7.52.0-o0-curl,Curl_http,1
[*] /s; sim-cal:0.466339
[*] Detection Result:P 0.4047619047619047/0.5793650793650794 21/20,1
[*] Detection for /binaries/target/curl/curl-7.52.1-o0-curl,Curl_http,1
[*] /s; sim-cal:0.456863
[*] Detection Result:P 0.4047619047619047/0.5793650793650794 21/20,1
[*] Detection for /binaries/target/curl/curl-7.50.3-o0-curl,cookie_sort,-1
[*] /s; sim-cal:0.287773
[*] Detection Result:N VP no diff,-1
[*] Detection for /binaries/target/curl/curl-7.50.2-o0-curl,cookie_sort,-1
[*] /s; sim-cal:0.271499
[*] Detection Result:N VP no diff,-1
[*] Detection for /binaries/target/curl/curl-7.50.1-o0-curl,cookie_sort,-1
[*] /s; sim-cal:0.275205
[*] Detection Result:N VP no diff,-1
[*] Detection for /binaries/target/curl/curl-7.51.0-o0-curl,cookie_sort,1
[*] /s; sim-cal:0.271514
[*] Detection Result:N VP no diff,1
[*] Detection for /binaries/target/curl/curl-7.52.0-o0-curl,cookie_sort,1
[*] /s; sim-cal:0.274024
[*] Detection Result:N VP no diff,1
[*] Detection for /binaries/target/curl/curl-7.52.1-o0-curl,cookie_sort,1
[*] /s; sim-cal:0.272725
[*] Detection Result:N VP no diff,1
