=========2025-06-12 22:18:10.431977============
[*] extract signatures for CVE-2016-2105-EVP_EncodeUpdate
[*] /ms: vul-sig-gen,patch-sig-gen,map,diff,map+diff:0.019468,0.010382,0.000148,6.8e-05,0.000216
[*] extract signatures for CVE-2019-1547-EC_GROUP_set_generator
[!] No such function: EC_GROUP_set_generator in version: 
[*] extract signatures for CVE-2019-1547-EC_METHOD_get_field_type
[!] No such function: EC_METHOD_get_field_type in version: 
[*] extract signatures for CVE-2019-1547-ec_guess_cofactor
[!] No such function: ec_guess_cofactor in version: 
[*] extract signatures for CVE-2016-2109-ASN1_item_d2i_fp
[*] /ms: vul-sig-gen,patch-sig-gen,map,diff,map+diff:0.005107,0.001384,9.2e-05,6.8e-05,0.00016
[*] extract signatures for CVE-2016-2109-asn1_d2i_read_bio
[*] /ms: vul-sig-gen,patch-sig-gen,map,diff,map+diff:0.010702,0.020078,0.000195,0.000384,0.000579
[*] extract signatures for CVE-2023-5363-evp_cipher_init_internal
[*] /ms: vul-sig-gen,patch-sig-gen,map,diff,map+diff:0.012147,0.008392,0.000312,0.000349,0.000661
[*] extract signatures for CVE-2023-5678-DH_check_pub_key_ex
[*] /ms: vul-sig-gen,patch-sig-gen,map,diff,map+diff:0.001499,0.000939,8.6e-05,6e-05,0.000146
[*] extract signatures for CVE-2023-5678-generate_key
[*] /ms: vul-sig-gen,patch-sig-gen,map,diff,map+diff:0.003299,0.002314,0.000126,6.9e-05,0.000195
[*] extract signatures for CVE-2023-5678-ossl_dh_compute_key
[*] /ms: vul-sig-gen,patch-sig-gen,map,diff,map+diff:0.001948,0.002216,0.000101,6.7e-05,0.000168
[*] extract signatures for CVE-2016-7052-get_crl_sk
[*] /ms: vul-sig-gen,patch-sig-gen,map,diff,map+diff:0.00155,0.001522,8.9e-05,0.000182,0.000271
[*] extract signatures for CVE-2023-2975-siv_cipher
[*] /ms: vul-sig-gen,patch-sig-gen,map,diff,map+diff:0.000876,0.000872,7.1e-05,6.2e-05,0.000133
[*] extract signatures for CVE-2019-1559-dtls1_read_bytes
[*] /ms: vul-sig-gen,patch-sig-gen,map,diff,map+diff:0.013648,0.011874,0.000643,0.000136,0.000779
[*] extract signatures for CVE-2019-1559-ssl3_read_bytes
[*] /ms: vul-sig-gen,patch-sig-gen,map,diff,map+diff:0.011708,0.009408,0.001702,0.00015,0.001852
[*] extract signatures for CVE-2019-1559-ssl3_send_alert
[*] /ms: vul-sig-gen,patch-sig-gen,map,diff,map+diff:0.000986,0.001947,0.000134,6.3e-05,0.000197
[*] extract signatures for CVE-2016-0705-dsa_priv_decode
[*] /ms: vul-sig-gen,patch-sig-gen,map,diff,map+diff:0.002613,0.002096,0.000515,0.000173,0.000688
[*] extract signatures for CVE-2016-6306-ssl3_get_certificate_request
[*] /ms: vul-sig-gen,patch-sig-gen,map,diff,map+diff:0.0036,0.003792,0.000443,0.000125,0.000568
[*] extract signatures for CVE-2016-6306-ssl3_get_client_certificate
[*] /ms: vul-sig-gen,patch-sig-gen,map,diff,map+diff:0.004215,0.003793,0.000193,8.2e-05,0.000275
[*] extract signatures for CVE-2016-6306-ssl3_get_server_certificate
[*] /ms: vul-sig-gen,patch-sig-gen,map,diff,map+diff:0.0042,0.004352,0.000374,0.000111,0.000485
[*] extract signatures for CVE-2018-0732-generate_key
[*] /ms: vul-sig-gen,patch-sig-gen,map,diff,map+diff:0.003031,0.002663,0.000128,6.9e-05,0.000197
[*] extract signatures for CVE-2024-0727-PKCS12_unpack_authsafes
[*] /ms: vul-sig-gen,patch-sig-gen,map,diff,map+diff:0.000965,0.001009,7.3e-05,5.7e-05,0.00013
[*] extract signatures for CVE-2024-0727-PKCS12_unpack_p7encdata
[*] /ms: vul-sig-gen,patch-sig-gen,map,diff,map+diff:0.000736,0.000744,6.4e-05,5.7e-05,0.000121
[*] extract signatures for CVE-2024-0727-SMIME_write_PKCS7
[*] /ms: vul-sig-gen,patch-sig-gen,map,diff,map+diff:0.000684,0.001084,7.2e-05,5.5e-05,0.000127
[*] extract signatures for CVE-2024-0727-newpass_p12
[*] /ms: vul-sig-gen,patch-sig-gen,map,diff,map+diff:0.002268,0.00301,0.000132,6.6e-05,0.000198
[*] extract signatures for CVE-2024-0727-pkcs12_gen_mac
[*] /ms: vul-sig-gen,patch-sig-gen,map,diff,map+diff:0.002744,0.002784,0.000116,7.2e-05,0.000188
[*] extract signatures for CVE-2022-3358-evp_cipher_init_internal
[*] /ms: vul-sig-gen,patch-sig-gen,map,diff,map+diff:0.005588,0.005868,0.003051,0.000418,0.003469
[*] extract signatures for CVE-2022-3358-evp_md_init_internal
[*] /ms: vul-sig-gen,patch-sig-gen,map,diff,map+diff:0.003893,0.004236,0.000243,0.000781,0.001024
[*] extract signatures for CVE-2016-0798-SRP_VBASE_init
[*] /ms: vul-sig-gen,patch-sig-gen,map,diff,map+diff:0.002633,0.002076,0.000135,8.3e-05,0.000218
[*] extract signatures for CVE-2016-0798-SRP_user_pwd_set_sv_BN
[*] /ms: vul-sig-gen,patch-sig-gen,map,diff,map+diff:0.000534,0.00048,6.2e-05,5.3e-05,0.000115
[*] extract signatures for CVE-2016-0798-init_ssl_connection
[*] /ms: vul-sig-gen,patch-sig-gen,map,diff,map+diff:0.002874,0.003316,0.000106,6.7e-05,0.000173
[*] extract signatures for CVE-2016-0798-rev_body
[*] /ms: vul-sig-gen,patch-sig-gen,map,diff,map+diff:0.003475,0.003641,0.000171,7.2e-05,0.000243
[*] extract signatures for CVE-2016-0798-ssl_srp_server_param_cb
[*] /ms: vul-sig-gen,patch-sig-gen,map,diff,map+diff:0.00094,0.000875,9.5e-05,6.9e-05,0.000164
[*] extract signatures for CVE-2016-0798-sv_body
[*] /ms: vul-sig-gen,patch-sig-gen,map,diff,map+diff:0.008353,0.008452,0.000269,0.000195,0.000464
[*] extract signatures for CVE-2016-0798-t_tob64
[*] /ms: vul-sig-gen,patch-sig-gen,map,diff,map+diff:0.0015,0.001266,0.00011,5.9e-05,0.000169
[*] extract signatures for CVE-2016-0798-www_body
[*] /ms: vul-sig-gen,patch-sig-gen,map,diff,map+diff:0.02746,0.010239,0.000332,9.3e-05,0.000425
[*] extract signatures for CVE-2022-2274-ossl_rsaz_mod_exp_avx512_x2
[*] /ms: vul-sig-gen,patch-sig-gen,map,diff,map+diff:0.003858,0.005693,0.000151,0.000103,0.000254
[*] extract signatures for CVE-2022-0778-BN_mod_sqrt
[*] /ms: vul-sig-gen,patch-sig-gen,map,diff,map+diff:0.00562,0.005884,0.000454,0.023907,0.024361
[*] extract signatures for CVE-2023-0401-PKCS7_dataDecode
[*] /ms: vul-sig-gen,patch-sig-gen,map,diff,map+diff:0.005012,0.005304,0.000194,0.000143,0.000337
[*] extract signatures for CVE-2023-0401-pkcs7_bio_add_digest
[*] /ms: vul-sig-gen,patch-sig-gen,map,diff,map+diff:0.001079,0.001044,8.9e-05,7.1e-05,0.00016
[*] extract signatures for CVE-2016-2842-BIO_vprintf
[*] /ms: vul-sig-gen,patch-sig-gen,map,diff,map+diff:0.000736,0.000731,7.7e-05,6.3e-05,0.00014
[*] extract signatures for CVE-2016-2842-BIO_vsnprintf
[*] /ms: vul-sig-gen,patch-sig-gen,map,diff,map+diff:0.000596,0.000597,7.2e-05,0.000154,0.000226
[*] extract signatures for CVE-2016-2842-_dopr
[*] /ms: vul-sig-gen,patch-sig-gen,map,diff,map+diff:0.007788,0.008788,0.000532,0.000105,0.000637
[*] extract signatures for CVE-2016-2842-doapr_outch
[*] /ms: vul-sig-gen,patch-sig-gen,map,diff,map+diff:0.00115,0.001036,0.000103,0.000153,0.000256
[*] extract signatures for CVE-2016-2842-fmtfp
[*] /ms: vul-sig-gen,patch-sig-gen,map,diff,map+diff:0.00226,0.002877,0.000188,0.000271,0.000459
[*] extract signatures for CVE-2016-2842-fmtint
[*] /ms: vul-sig-gen,patch-sig-gen,map,diff,map+diff:0.002226,0.00208,0.000558,0.000245,0.000803
[*] extract signatures for CVE-2016-2842-roundv
[*] /ms: vul-sig-gen,patch-sig-gen,map,diff,map+diff:0.000789,0.001203,6.9e-05,5.5e-05,0.000124
[*] extract signatures for CVE-2022-3786-ossl_a2ulabel
[*] /ms: vul-sig-gen,patch-sig-gen,map,diff,map+diff:0.001662,0.002302,0.000182,0.000168,0.00035
[*] extract signatures for CVE-2022-3786-ossl_punycode_decode
[*] /ms: vul-sig-gen,patch-sig-gen,map,diff,map+diff:0.001706,0.001624,7.6e-05,5.4e-05,0.00013
[*] extract signatures for CVE-2023-2650-OBJ_obj2txt
[*] /ms: vul-sig-gen,patch-sig-gen,map,diff,map+diff:0.000349,0.000288,5.2e-05,4.7e-05,9.9e-05
[*] extract signatures for CVE-2016-2107-aesni_cbc_hmac_sha1_cipher
[*] /ms: vul-sig-gen,patch-sig-gen,map,diff,map+diff:0.00591,0.00576,0.000123,6.2e-05,0.000185
[*] extract signatures for CVE-2016-2107-aesni_cbc_hmac_sha256_cipher
[*] /ms: vul-sig-gen,patch-sig-gen,map,diff,map+diff:0.006185,0.006733,0.00013,6.5e-05,0.000195
[*] extract signatures for CVE-2019-1563-CMS_decrypt
[*] /ms: vul-sig-gen,patch-sig-gen,map,diff,map+diff:0.001109,0.001744,0.000104,0.000694,0.000798
[*] extract signatures for CVE-2019-1563-PKCS7_dataDecode
[*] /ms: vul-sig-gen,patch-sig-gen,map,diff,map+diff:0.004255,0.00437,0.000222,0.00011,0.000332
[*] extract signatures for CVE-2019-1563-cms_RecipientInfo_ktri_decrypt
[*] /ms: vul-sig-gen,patch-sig-gen,map,diff,map+diff:0.001879,0.00164,0.000114,9.1e-05,0.000205
[*] extract signatures for CVE-2019-1563-pkcs7_decrypt_rinfo
[*] /ms: vul-sig-gen,patch-sig-gen,map,diff,map+diff:0.001254,0.001695,0.000112,8.6e-05,0.000198
[*] extract signatures for CVE-2019-1563-pkcs7_encode_rinfo
[*] /ms: vul-sig-gen,patch-sig-gen,map,diff,map+diff:0.001156,0.001321,9.3e-05,5.5e-05,0.000148
[*] extract signatures for CVE-2016-0799-BIO_vprintf
[*] /ms: vul-sig-gen,patch-sig-gen,map,diff,map+diff:0.000723,0.000773,7.4e-05,6.1e-05,0.000135
[*] extract signatures for CVE-2016-0799-BIO_vsnprintf
[*] /ms: vul-sig-gen,patch-sig-gen,map,diff,map+diff:0.001539,0.00062,6.9e-05,0.00015,0.000219
[*] extract signatures for CVE-2016-0799-_dopr
[*] /ms: vul-sig-gen,patch-sig-gen,map,diff,map+diff:0.008321,0.008809,0.001023,0.000137,0.00116
[*] extract signatures for CVE-2016-0799-doapr_outch
[*] /ms: vul-sig-gen,patch-sig-gen,map,diff,map+diff:0.001196,0.001031,0.000101,0.00015,0.000251
[*] extract signatures for CVE-2016-0799-fmtfp
[*] /ms: vul-sig-gen,patch-sig-gen,map,diff,map+diff:0.002612,0.003021,0.000153,0.000752,0.000905
[*] extract signatures for CVE-2016-0799-fmtint
[*] /ms: vul-sig-gen,patch-sig-gen,map,diff,map+diff:0.002394,0.01538,0.000179,0.002394,0.002573
[*] extract signatures for CVE-2016-0799-roundv
[*] /ms: vul-sig-gen,patch-sig-gen,map,diff,map+diff:0.000579,0.000414,6e-05,5.2e-05,0.000112
[*] extract signatures for CVE-2021-23840-EVP_DecryptUpdate
[*] /ms: vul-sig-gen,patch-sig-gen,map,diff,map+diff:9.193475,9.235297,0.00016,8.1e-05,0.000241
[*] extract signatures for CVE-2021-23840-evp_EncryptDecryptUpdate
[*] /ms: vul-sig-gen,patch-sig-gen,map,diff,map+diff:0.498563,0.537094,0.000158,7.4e-05,0.000232
[*] extract signatures for CVE-2016-2106-EVP_EncryptUpdate
[*] /ms: vul-sig-gen,patch-sig-gen,map,diff,map+diff:0.00057,0.000387,5.6e-05,5.2e-05,0.000108
[*] extract signatures for CVE-2023-0215-BIO_new_NDEF
[*] /ms: vul-sig-gen,patch-sig-gen,map,diff,map+diff:0.005237,0.006636,0.000114,8e-05,0.000194
[*] extract signatures for CVE-2023-0215-ndef_suffix
[*] /ms: vul-sig-gen,patch-sig-gen,map,diff,map+diff:0.002585,0.003875,9.2e-05,6.1e-05,0.000153
[*] extract signatures for CVE-2022-1473-OPENSSL_LH_flush
[*] /ms: vul-sig-gen,patch-sig-gen,map,diff,map+diff:0.002328,0.001503,6.9e-05,5.6e-05,0.000125
[*] extract signatures for CVE-2022-3602-ossl_punycode_decode
[*] /ms: vul-sig-gen,patch-sig-gen,map,diff,map+diff:0.007831,0.005919,0.000108,6.3e-05,0.000171
[*] extract signatures for CVE-2016-0797-BN_dec2bn
[*] /ms: vul-sig-gen,patch-sig-gen,map,diff,map+diff:0.005294,0.006784,0.00014,0.000211,0.000351
[*] extract signatures for CVE-2016-0797-BN_hex2bn
[*] /ms: vul-sig-gen,patch-sig-gen,map,diff,map+diff:0.004402,0.003599,0.000142,0.000227,0.000369
[*] extract signatures for CVE-2016-2176-X509_NAME_oneline
[*] /ms: vul-sig-gen,patch-sig-gen,map,diff,map+diff:0.004303,0.004218,0.000144,6.6e-05,0.00021
[*] extract signatures for CVE-2018-0737-rsa_builtin_keygen
[*] /ms: vul-sig-gen,patch-sig-gen,map,diff,map+diff:0.005261,0.005904,0.00023,7e-05,0.0003
[*] extract signatures for CVE-2022-1343-ocsp_verify_signer
[*] /ms: vul-sig-gen,patch-sig-gen,map,diff,map+diff:12.914216,12.873724,0.000138,7.9e-05,0.000217
[*] extract signatures for CVE-2016-6304-ssl_parse_clienthello_tlsext
[*] /ms: vul-sig-gen,patch-sig-gen,map,diff,map+diff:0.010412,0.010211,0.000382,0.001237,0.001619
[*] extract signatures for CVE-2019-1543-chacha20_poly1305_ctrl
[*] /ms: vul-sig-gen,patch-sig-gen,map,diff,map+diff:0.002955,0.003187,0.000154,0.000186,0.00034
[*] extract signatures for CVE-2021-4044-ssl_cert_set_cert_cb
[*] /ms: vul-sig-gen,patch-sig-gen,map,diff,map+diff:0.000495,0.000321,5.1e-05,5.2e-05,0.000103
[*] extract signatures for CVE-2021-4044-ssl_verify_cert_chain
[*] /ms: vul-sig-gen,patch-sig-gen,map,diff,map+diff:0.001496,0.001509,8.6e-05,6.6e-05,0.000152
[*] extract signatures for CVE-2021-4044-tls_post_process_server_certificate
[*] /ms: vul-sig-gen,patch-sig-gen,map,diff,map+diff:0.002425,0.001505,0.0001,6.3e-05,0.000163
[*] extract signatures for CVE-2022-3996-ossl_policy_cache_set_mapping
[*] /ms: vul-sig-gen,patch-sig-gen,map,diff,map+diff:0.001347,0.001078,0.000102,8.1e-05,0.000183
[*] extract signatures for CVE-2016-2177-ssl3_get_client_hello
[*] /ms: vul-sig-gen,patch-sig-gen,map,diff,map+diff:0.014013,0.011675,0.001293,0.00014,0.001433
[*] extract signatures for CVE-2016-2177-ssl_check_for_safari
[*] /ms: vul-sig-gen,patch-sig-gen,map,diff,map+diff:0.00143,0.002127,0.000113,7.2e-05,0.000185
[*] extract signatures for CVE-2016-2177-ssl_get_prev_session
[*] /ms: vul-sig-gen,patch-sig-gen,map,diff,map+diff:0.002782,0.003168,9.1e-05,6e-05,0.000151
[*] extract signatures for CVE-2016-2177-ssl_scan_clienthello_custom_tlsext
[*] /ms: vul-sig-gen,patch-sig-gen,map,diff,map+diff:0.001375,0.000952,8e-05,6.5e-05,0.000145
[*] extract signatures for CVE-2016-2177-ssl_scan_clienthello_tlsext
[*] /ms: vul-sig-gen,patch-sig-gen,map,diff,map+diff:0.008326,0.009057,0.000171,7.5e-05,0.000246
[*] extract signatures for CVE-2016-2177-ssl_scan_serverhello_tlsext
[*] /ms: vul-sig-gen,patch-sig-gen,map,diff,map+diff:0.004459,0.005633,0.000736,8.9e-05,0.000825
[*] extract signatures for CVE-2016-2177-tls1_process_ticket
[*] /ms: vul-sig-gen,patch-sig-gen,map,diff,map+diff:0.002103,0.002111,0.000103,0.000186,0.000289
[*] extract signatures for CVE-2020-1967-tls1_check_sig_alg
[*] /ms: vul-sig-gen,patch-sig-gen,map,diff,map+diff:0.001257,0.000981,7.6e-05,5.8e-05,0.000134
[*] extract signatures for CVE-2016-2108-ASN1_TYPE_cmp
[*] /ms: vul-sig-gen,patch-sig-gen,map,diff,map+diff:0.000952,0.000733,6.5e-05,4.9e-05,0.000114
[*] extract signatures for CVE-2016-2108-asn1_ex_c2i
[*] /ms: vul-sig-gen,patch-sig-gen,map,diff,map+diff:0.002742,0.002776,0.000114,0.000213,0.000327
[*] extract signatures for CVE-2016-2108-asn1_ex_i2c
[*] /ms: vul-sig-gen,patch-sig-gen,map,diff,map+diff:0.002222,0.001805,8e-05,6.7e-05,0.000147
