------------------------------------------
Detecing CVE:CVE-2009-0946
Detection for: /data/zhangxb//binaries/target/freetype/freetype-2.3.9-o0-freetype
Result for cff_charset_load:vuln , truth is vuln
------------------------------------------
Detecing CVE:CVE-2009-0946
Detection for: /data/zhangxb//binaries/target/freetype/freetype-2.3.8-o0-freetype
Result for cff_charset_load:vuln , truth is vuln
------------------------------------------
Detecing CVE:CVE-2009-0946
Detection for: /data/zhangxb//binaries/target/freetype/freetype-2.3.7-o0-freetype
Result for cff_charset_load:vuln , truth is vuln
------------------------------------------
Detecing CVE:CVE-2009-0946
Detection for: /data/zhangxb//binaries/target/freetype/freetype-2.3.10-o0-freetype
Result for cff_charset_load:patch , truth is patch
------------------------------------------
Detecing CVE:CVE-2009-0946
Detection for: /data/zhangxb//binaries/target/freetype/freetype-2.3.11-o0-freetype
Result for cff_charset_load:patch , truth is patch
------------------------------------------
Detecing CVE:CVE-2009-0946
Detection for: /data/zhangxb//binaries/target/freetype/freetype-2.3.12-o0-freetype
Result for cff_charset_load:patch , truth is patch
------------------------------------------
Detecing CVE:CVE-2010-2497
Detection for: /data/zhangxb//binaries/target/freetype/freetype-2.3.12-o0-freetype
Result for cff_decoder_parse_charstrings:vuln , truth is vuln
Result for gray_render_cubic:vuln , truth is vuln
------------------------------------------
Detecing CVE:CVE-2010-2497
Detection for: /data/zhangxb//binaries/target/freetype/freetype-2.3.11-o0-freetype
Result for cff_decoder_parse_charstrings:vuln , truth is vuln
Result for gray_render_cubic:vuln , truth is vuln
------------------------------------------
Detecing CVE:CVE-2010-2497
Detection for: /data/zhangxb//binaries/target/freetype/freetype-2.3.10-o0-freetype
Result for cff_decoder_parse_charstrings:vuln , truth is vuln
Result for gray_render_cubic:vuln , truth is vuln
------------------------------------------
Detecing CVE:CVE-2010-2497
Detection for: /data/zhangxb//binaries/target/freetype/freetype-2.4.0-o0-freetype
Result for cff_decoder_parse_charstrings:patch , truth is patch
Result for gray_render_cubic:patch , truth is patch
------------------------------------------
Detecing CVE:CVE-2010-2497
Detection for: /data/zhangxb//binaries/target/freetype/freetype-2.4.1-o0-freetype
Result for cff_decoder_parse_charstrings:patch , truth is patch
Result for gray_render_cubic:patch , truth is patch
------------------------------------------
Detecing CVE:CVE-2010-2497
Detection for: /data/zhangxb//binaries/target/freetype/freetype-2.4.2-o0-freetype
Result for cff_decoder_parse_charstrings:patch , truth is patch
Result for gray_render_cubic:patch , truth is patch
------------------------------------------
Detecing CVE:CVE-2010-2498
Detection for: /data/zhangxb//binaries/target/freetype/freetype-2.3.12-o0-freetype
Result for psh_glyph_find_strong_points:vuln , truth is vuln
------------------------------------------
Detecing CVE:CVE-2010-2498
Detection for: /data/zhangxb//binaries/target/freetype/freetype-2.3.11-o0-freetype
Result for psh_glyph_find_strong_points:vuln , truth is vuln
------------------------------------------
Detecing CVE:CVE-2010-2498
Detection for: /data/zhangxb//binaries/target/freetype/freetype-2.3.10-o0-freetype
Result for psh_glyph_find_strong_points:vuln , truth is vuln
------------------------------------------
Detecing CVE:CVE-2010-2498
Detection for: /data/zhangxb//binaries/target/freetype/freetype-2.4.0-o0-freetype
Result for psh_glyph_find_strong_points:patch , truth is patch
------------------------------------------
Detecing CVE:CVE-2010-2498
Detection for: /data/zhangxb//binaries/target/freetype/freetype-2.4.1-o0-freetype
Result for psh_glyph_find_strong_points:patch , truth is patch
------------------------------------------
Detecing CVE:CVE-2010-2498
Detection for: /data/zhangxb//binaries/target/freetype/freetype-2.4.2-o0-freetype
Result for psh_glyph_find_strong_points:patch , truth is patch
------------------------------------------
Detecing CVE:CVE-2010-2500
Detection for: /data/zhangxb//binaries/target/freetype/freetype-2.3.12-o0-freetype
fail to determine
Result for gray_render_span:None , truth is vuln
Result for ft_smooth_render_generic:vuln , truth is vuln
------------------------------------------
Detecing CVE:CVE-2010-2500
Detection for: /data/zhangxb//binaries/target/freetype/freetype-2.3.11-o0-freetype
fail to determine
Result for gray_render_span:None , truth is vuln
Result for ft_smooth_render_generic:vuln , truth is vuln
------------------------------------------
Detecing CVE:CVE-2010-2500
Detection for: /data/zhangxb//binaries/target/freetype/freetype-2.3.10-o0-freetype
fail to determine
Result for gray_render_span:None , truth is vuln
Result for ft_smooth_render_generic:vuln , truth is vuln
------------------------------------------
Detecing CVE:CVE-2010-2500
Detection for: /data/zhangxb//binaries/target/freetype/freetype-2.4.0-o0-freetype
fail to determine
Result for gray_render_span:None , truth is patch
Result for ft_smooth_render_generic:patch , truth is patch
------------------------------------------
Detecing CVE:CVE-2010-2500
Detection for: /data/zhangxb//binaries/target/freetype/freetype-2.4.1-o0-freetype
fail to determine
Result for gray_render_span:None , truth is patch
Result for ft_smooth_render_generic:patch , truth is patch
------------------------------------------
Detecing CVE:CVE-2010-2500
Detection for: /data/zhangxb//binaries/target/freetype/freetype-2.4.2-o0-freetype
fail to determine
Result for gray_render_span:None , truth is patch
Result for ft_smooth_render_generic:patch , truth is patch
------------------------------------------
Detecing CVE:CVE-2010-2499
Detection for: /data/zhangxb//binaries/target/freetype/freetype-2.3.12-o0-freetype
Result for Mac_Read_POST_Resource:vuln , truth is vuln
------------------------------------------
Detecing CVE:CVE-2010-2499
Detection for: /data/zhangxb//binaries/target/freetype/freetype-2.3.11-o0-freetype
Result for Mac_Read_POST_Resource:vuln , truth is vuln
------------------------------------------
Detecing CVE:CVE-2010-2499
Detection for: /data/zhangxb//binaries/target/freetype/freetype-2.3.10-o0-freetype
Result for Mac_Read_POST_Resource:vuln , truth is vuln
------------------------------------------
Detecing CVE:CVE-2010-2499
Detection for: /data/zhangxb//binaries/target/freetype/freetype-2.4.0-o0-freetype
Result for Mac_Read_POST_Resource:patch , truth is patch
------------------------------------------
Detecing CVE:CVE-2010-2499
Detection for: /data/zhangxb//binaries/target/freetype/freetype-2.4.1-o0-freetype
Result for Mac_Read_POST_Resource:patch , truth is patch
------------------------------------------
Detecing CVE:CVE-2010-2499
Detection for: /data/zhangxb//binaries/target/freetype/freetype-2.4.2-o0-freetype
Result for Mac_Read_POST_Resource:patch , truth is patch
------------------------------------------
Detecing CVE:CVE-2010-2519
CVE-2010-2519 has no sigs, skip
------------------------------------------
Detecing CVE:CVE-2010-2519
CVE-2010-2519 has no sigs, skip
------------------------------------------
Detecing CVE:CVE-2010-2519
CVE-2010-2519 has no sigs, skip
------------------------------------------
Detecing CVE:CVE-2010-2519
CVE-2010-2519 has no sigs, skip
------------------------------------------
Detecing CVE:CVE-2010-2519
CVE-2010-2519 has no sigs, skip
------------------------------------------
Detecing CVE:CVE-2010-2519
CVE-2010-2519 has no sigs, skip
------------------------------------------
Detecing CVE:CVE-2010-2520
Detection for: /data/zhangxb//binaries/target/freetype/freetype-2.3.12-o0-freetype
Result for Ins_IUP:vuln , truth is vuln
------------------------------------------
Detecing CVE:CVE-2010-2520
Detection for: /data/zhangxb//binaries/target/freetype/freetype-2.3.11-o0-freetype
Result for Ins_IUP:vuln , truth is vuln
------------------------------------------
Detecing CVE:CVE-2010-2520
Detection for: /data/zhangxb//binaries/target/freetype/freetype-2.3.10-o0-freetype
Result for Ins_IUP:vuln , truth is vuln
------------------------------------------
Detecing CVE:CVE-2010-2520
Detection for: /data/zhangxb//binaries/target/freetype/freetype-2.4.0-o0-freetype
Result for Ins_IUP:patch , truth is patch
------------------------------------------
Detecing CVE:CVE-2010-2520
Detection for: /data/zhangxb//binaries/target/freetype/freetype-2.4.1-o0-freetype
Result for Ins_IUP:patch , truth is patch
------------------------------------------
Detecing CVE:CVE-2010-2520
Detection for: /data/zhangxb//binaries/target/freetype/freetype-2.4.2-o0-freetype
Result for Ins_IUP:patch , truth is patch
------------------------------------------
Detecing CVE:CVE-2010-2805
Detection for: /data/zhangxb//binaries/target/freetype/freetype-2.4.1-o0-freetype
Result for FT_Stream_EnterFrame:vuln , truth is vuln
------------------------------------------
Detecing CVE:CVE-2010-2805
Detection for: /data/zhangxb//binaries/target/freetype/freetype-2.4.0-o0-freetype
Result for FT_Stream_EnterFrame:vuln , truth is vuln
------------------------------------------
Detecing CVE:CVE-2010-2805
Detection for: /data/zhangxb//binaries/target/freetype/freetype-2.3.12-o0-freetype
Result for FT_Stream_EnterFrame:vuln , truth is vuln
------------------------------------------
Detecing CVE:CVE-2010-2805
Detection for: /data/zhangxb//binaries/target/freetype/freetype-2.4.2-o0-freetype
Result for FT_Stream_EnterFrame:patch , truth is patch
------------------------------------------
Detecing CVE:CVE-2010-2805
Detection for: /data/zhangxb//binaries/target/freetype/freetype-2.4.3-o0-freetype
Result for FT_Stream_EnterFrame:patch , truth is patch
------------------------------------------
Detecing CVE:CVE-2010-2805
Detection for: /data/zhangxb//binaries/target/freetype/freetype-2.4.4-o0-freetype
Result for FT_Stream_EnterFrame:patch , truth is patch
------------------------------------------
Detecing CVE:CVE-2010-2806
Detection for: /data/zhangxb//binaries/target/freetype/freetype-2.4.1-o0-freetype
Result for t42_parse_sfnts:vuln , truth is vuln
------------------------------------------
Detecing CVE:CVE-2010-2806
Detection for: /data/zhangxb//binaries/target/freetype/freetype-2.4.0-o0-freetype
Result for t42_parse_sfnts:vuln , truth is vuln
------------------------------------------
Detecing CVE:CVE-2010-2806
Detection for: /data/zhangxb//binaries/target/freetype/freetype-2.3.12-o0-freetype
Result for t42_parse_sfnts:vuln , truth is vuln
------------------------------------------
Detecing CVE:CVE-2010-2806
Detection for: /data/zhangxb//binaries/target/freetype/freetype-2.4.2-o0-freetype
Result for t42_parse_sfnts:patch , truth is patch
------------------------------------------
Detecing CVE:CVE-2010-2806
Detection for: /data/zhangxb//binaries/target/freetype/freetype-2.4.3-o0-freetype
Result for t42_parse_sfnts:patch , truth is patch
------------------------------------------
Detecing CVE:CVE-2010-2806
Detection for: /data/zhangxb//binaries/target/freetype/freetype-2.4.4-o0-freetype
Result for t42_parse_sfnts:patch , truth is patch
------------------------------------------
Detecing CVE:CVE-2010-2808
Detection for: /data/zhangxb//binaries/target/freetype/freetype-2.4.1-o0-freetype
Result for Mac_Read_POST_Resource:patch , truth is vuln
------------------------------------------
Detecing CVE:CVE-2010-2808
Detection for: /data/zhangxb//binaries/target/freetype/freetype-2.4.0-o0-freetype
Result for Mac_Read_POST_Resource:patch , truth is vuln
------------------------------------------
Detecing CVE:CVE-2010-2808
Detection for: /data/zhangxb//binaries/target/freetype/freetype-2.3.12-o0-freetype
Result for Mac_Read_POST_Resource:patch , truth is vuln
------------------------------------------
Detecing CVE:CVE-2010-2808
Detection for: /data/zhangxb//binaries/target/freetype/freetype-2.4.3-o0-freetype
Result for Mac_Read_POST_Resource:patch , truth is patch
------------------------------------------
Detecing CVE:CVE-2010-2808
Detection for: /data/zhangxb//binaries/target/freetype/freetype-2.4.4-o0-freetype
Result for Mac_Read_POST_Resource:patch , truth is patch
------------------------------------------
Detecing CVE:CVE-2010-2808
Detection for: /data/zhangxb//binaries/target/freetype/freetype-2.4.5-o0-freetype
Result for Mac_Read_POST_Resource:patch , truth is patch
------------------------------------------
Detecing CVE:CVE-2010-3814
Detection for: /data/zhangxb//binaries/target/freetype/freetype-2.4.3-o0-freetype
Result for Ins_SHZ:patch , truth is vuln
------------------------------------------
Detecing CVE:CVE-2010-3814
Detection for: /data/zhangxb//binaries/target/freetype/freetype-2.4.2-o0-freetype
Result for Ins_SHZ:patch , truth is vuln
------------------------------------------
Detecing CVE:CVE-2010-3814
Detection for: /data/zhangxb//binaries/target/freetype/freetype-2.4.1-o0-freetype
Result for Ins_SHZ:patch , truth is vuln
------------------------------------------
Detecing CVE:CVE-2010-3814
Detection for: /data/zhangxb//binaries/target/freetype/freetype-2.4.4-o0-freetype
Result for Ins_SHZ:patch , truth is patch
------------------------------------------
Detecing CVE:CVE-2010-3814
Detection for: /data/zhangxb//binaries/target/freetype/freetype-2.4.5-o0-freetype
Result for Ins_SHZ:patch , truth is patch
------------------------------------------
Detecing CVE:CVE-2010-3814
Detection for: /data/zhangxb//binaries/target/freetype/freetype-2.4.6-o0-freetype
Result for Ins_SHZ:patch , truth is patch
------------------------------------------
Detecing CVE:CVE-2010-3855
Detection for: /data/zhangxb//binaries/target/freetype/freetype-2.4.3-o0-freetype
fail to determine
Result for ft_var_readpackedpoints:None , truth is vuln
------------------------------------------
Detecing CVE:CVE-2010-3855
Detection for: /data/zhangxb//binaries/target/freetype/freetype-2.4.2-o0-freetype
fail to determine
Result for ft_var_readpackedpoints:None , truth is vuln
------------------------------------------
Detecing CVE:CVE-2010-3855
Detection for: /data/zhangxb//binaries/target/freetype/freetype-2.4.1-o0-freetype
fail to determine
Result for ft_var_readpackedpoints:None , truth is vuln
------------------------------------------
Detecing CVE:CVE-2010-3855
Detection for: /data/zhangxb//binaries/target/freetype/freetype-2.4.4-o0-freetype
fail to determine
Result for ft_var_readpackedpoints:None , truth is patch
------------------------------------------
Detecing CVE:CVE-2010-3855
Detection for: /data/zhangxb//binaries/target/freetype/freetype-2.4.5-o0-freetype
fail to determine
Result for ft_var_readpackedpoints:None , truth is patch
------------------------------------------
Detecing CVE:CVE-2010-3855
Detection for: /data/zhangxb//binaries/target/freetype/freetype-2.4.6-o0-freetype
fail to determine
Result for ft_var_readpackedpoints:None , truth is patch
------------------------------------------
Detecing CVE:CVE-2012-5668
Detection for: /data/zhangxb//binaries/target/freetype/freetype-2.4.10-o0-freetype
Result for _bdf_parse_start:patch , truth is vuln
------------------------------------------
Detecing CVE:CVE-2012-5668
Detection for: /data/zhangxb//binaries/target/freetype/freetype-2.4.9-o0-freetype
Result for _bdf_parse_start:patch , truth is vuln
------------------------------------------
Detecing CVE:CVE-2012-5668
Detection for: /data/zhangxb//binaries/target/freetype/freetype-2.4.8-o0-freetype
Result for _bdf_parse_start:patch , truth is vuln
------------------------------------------
Detecing CVE:CVE-2012-5668
Detection for: /data/zhangxb//binaries/target/freetype/freetype-2.4.11-o0-freetype
Result for _bdf_parse_start:patch , truth is patch
------------------------------------------
Detecing CVE:CVE-2012-5668
Detection for: /data/zhangxb//binaries/target/freetype/freetype-2.4.12-o0-freetype
Result for _bdf_parse_start:patch , truth is patch
------------------------------------------
Detecing CVE:CVE-2012-5668
Detection for: /data/zhangxb//binaries/target/freetype/freetype-2.5.0-1-o0-freetype
Result for _bdf_parse_start:patch , truth is patch
------------------------------------------
Detecing CVE:CVE-2012-5669
Detection for: /data/zhangxb//binaries/target/freetype/freetype-2.4.10-o0-freetype
fail to determine
Result for _bdf_parse_glyphs:None , truth is vuln
------------------------------------------
Detecing CVE:CVE-2012-5669
Detection for: /data/zhangxb//binaries/target/freetype/freetype-2.4.9-o0-freetype
fail to determine
Result for _bdf_parse_glyphs:None , truth is vuln
------------------------------------------
Detecing CVE:CVE-2012-5669
Detection for: /data/zhangxb//binaries/target/freetype/freetype-2.4.8-o0-freetype
fail to determine
Result for _bdf_parse_glyphs:None , truth is vuln
------------------------------------------
Detecing CVE:CVE-2012-5669
Detection for: /data/zhangxb//binaries/target/freetype/freetype-2.4.11-o0-freetype
fail to determine
Result for _bdf_parse_glyphs:None , truth is patch
------------------------------------------
Detecing CVE:CVE-2012-5669
Detection for: /data/zhangxb//binaries/target/freetype/freetype-2.4.12-o0-freetype
fail to determine
Result for _bdf_parse_glyphs:None , truth is patch
------------------------------------------
Detecing CVE:CVE-2012-5669
Detection for: /data/zhangxb//binaries/target/freetype/freetype-2.5.0-1-o0-freetype
fail to determine
Result for _bdf_parse_glyphs:None , truth is patch
------------------------------------------
Detecing CVE:CVE-2012-5670
CVE-2012-5670 has no sigs, skip
------------------------------------------
Detecing CVE:CVE-2012-5670
CVE-2012-5670 has no sigs, skip
------------------------------------------
Detecing CVE:CVE-2012-5670
CVE-2012-5670 has no sigs, skip
------------------------------------------
Detecing CVE:CVE-2012-5670
CVE-2012-5670 has no sigs, skip
------------------------------------------
Detecing CVE:CVE-2012-5670
CVE-2012-5670 has no sigs, skip
------------------------------------------
Detecing CVE:CVE-2012-5670
CVE-2012-5670 has no sigs, skip
------------------------------------------
Detecing CVE:CVE-2014-9746
Detection for: /data/zhangxb//binaries/target/freetype/freetype-2.5.3-o0-freetype
fail to determine
Result for cid_parse_font_matrix:None , truth is vuln
fail to determine
Result for ps_parser_load_field:None , truth is vuln
Result for t1_parse_font_matrix:patch , truth is vuln
Result for t42_parse_font_matrix:patch , truth is vuln
------------------------------------------
Detecing CVE:CVE-2014-9746
Detection for: /data/zhangxb//binaries/target/freetype/freetype-2.5.2-o0-freetype
fail to determine
Result for cid_parse_font_matrix:None , truth is vuln
Result for ps_parser_load_field:vuln , truth is vuln
Result for t1_parse_font_matrix:vuln , truth is vuln
fail to determine
Result for t42_parse_font_matrix:None , truth is vuln
------------------------------------------
Detecing CVE:CVE-2014-9746
Detection for: /data/zhangxb//binaries/target/freetype/freetype-2.5.1-o0-freetype
fail to determine
Result for cid_parse_font_matrix:None , truth is vuln
Result for ps_parser_load_field:vuln , truth is vuln
Result for t1_parse_font_matrix:vuln , truth is vuln
fail to determine
Result for t42_parse_font_matrix:None , truth is vuln
------------------------------------------
Detecing CVE:CVE-2014-9746
Detection for: /data/zhangxb//binaries/target/freetype/freetype-2.5.4-o0-freetype
fail to determine
Result for cid_parse_font_matrix:None , truth is patch
fail to determine
Result for ps_parser_load_field:None , truth is patch
Result for t1_parse_font_matrix:patch , truth is patch
Result for t42_parse_font_matrix:patch , truth is patch
------------------------------------------
Detecing CVE:CVE-2014-9746
Detection for: /data/zhangxb//binaries/target/freetype/freetype-2.5.5-o0-freetype
fail to determine
Result for cid_parse_font_matrix:None , truth is patch
fail to determine
Result for ps_parser_load_field:None , truth is patch
Result for t1_parse_font_matrix:patch , truth is patch
Result for t42_parse_font_matrix:patch , truth is patch
------------------------------------------
Detecing CVE:CVE-2014-9746
Detection for: /data/zhangxb//binaries/target/freetype/freetype-2.6-o0-freetype
fail to determine
Result for cid_parse_font_matrix:None , truth is patch
fail to determine
Result for ps_parser_load_field:None , truth is patch
Result for t1_parse_font_matrix:patch , truth is patch
Result for t42_parse_font_matrix:patch , truth is patch
------------------------------------------
Detecing CVE:CVE-2014-9745
Detection for: /data/zhangxb//binaries/target/freetype/freetype-2.5.2-o0-freetype
Result for parse_encoding:patch , truth is vuln
------------------------------------------
Detecing CVE:CVE-2014-9745
Detection for: /data/zhangxb//binaries/target/freetype/freetype-2.5.1-o0-freetype
Result for parse_encoding:patch , truth is vuln
------------------------------------------
Detecing CVE:CVE-2014-9745
Detection for: /data/zhangxb//binaries/target/freetype/freetype-2.5.0-o0-freetype
Result for parse_encoding:patch , truth is vuln
------------------------------------------
Detecing CVE:CVE-2014-9745
Detection for: /data/zhangxb//binaries/target/freetype/freetype-2.5.3-o0-freetype
Result for parse_encoding:patch , truth is patch
------------------------------------------
Detecing CVE:CVE-2014-9745
Detection for: /data/zhangxb//binaries/target/freetype/freetype-2.5.4-o0-freetype
Result for parse_encoding:patch , truth is patch
------------------------------------------
Detecing CVE:CVE-2014-9745
Detection for: /data/zhangxb//binaries/target/freetype/freetype-2.5.5-o0-freetype
Result for parse_encoding:patch , truth is patch
------------------------------------------
Detecing CVE:CVE-2014-2241
CVE-2014-2241 has no sigs, skip
------------------------------------------
Detecing CVE:CVE-2014-2241
CVE-2014-2241 has no sigs, skip
------------------------------------------
Detecing CVE:CVE-2014-2241
CVE-2014-2241 has no sigs, skip
------------------------------------------
Detecing CVE:CVE-2014-2241
CVE-2014-2241 has no sigs, skip
------------------------------------------
Detecing CVE:CVE-2014-2241
CVE-2014-2241 has no sigs, skip
------------------------------------------
Detecing CVE:CVE-2014-2241
CVE-2014-2241 has no sigs, skip
------------------------------------------
Detecing CVE:CVE-2014-9670
Detection for: /data/zhangxb//binaries/target/freetype/freetype-2.5.3-o0-freetype
Result for pcf_get_encodings:vuln , truth is vuln
------------------------------------------
Detecing CVE:CVE-2014-9670
Detection for: /data/zhangxb//binaries/target/freetype/freetype-2.5.2-o0-freetype
Result for pcf_get_encodings:vuln , truth is vuln
------------------------------------------
Detecing CVE:CVE-2014-9670
Detection for: /data/zhangxb//binaries/target/freetype/freetype-2.5.1-o0-freetype
Result for pcf_get_encodings:vuln , truth is vuln
------------------------------------------
Detecing CVE:CVE-2014-9670
Detection for: /data/zhangxb//binaries/target/freetype/freetype-2.5.4-o0-freetype
Result for pcf_get_encodings:patch , truth is patch
------------------------------------------
Detecing CVE:CVE-2014-9670
Detection for: /data/zhangxb//binaries/target/freetype/freetype-2.5.5-o0-freetype
Result for pcf_get_encodings:patch , truth is patch
------------------------------------------
Detecing CVE:CVE-2014-9670
Detection for: /data/zhangxb//binaries/target/freetype/freetype-2.6-o0-freetype
Result for pcf_get_encodings:patch , truth is patch
------------------------------------------
Detecing CVE:CVE-2014-9671
Detection for: /data/zhangxb//binaries/target/freetype/freetype-2.5.3-o0-freetype
Result for pcf_read_TOC:vuln , truth is vuln
------------------------------------------
Detecing CVE:CVE-2014-9671
Detection for: /data/zhangxb//binaries/target/freetype/freetype-2.5.2-o0-freetype
Result for pcf_read_TOC:vuln , truth is vuln
------------------------------------------
Detecing CVE:CVE-2014-9671
Detection for: /data/zhangxb//binaries/target/freetype/freetype-2.5.1-o0-freetype
Result for pcf_read_TOC:vuln , truth is vuln
------------------------------------------
Detecing CVE:CVE-2014-9671
Detection for: /data/zhangxb//binaries/target/freetype/freetype-2.5.4-o0-freetype
Result for pcf_read_TOC:patch , truth is patch
------------------------------------------
Detecing CVE:CVE-2014-9671
Detection for: /data/zhangxb//binaries/target/freetype/freetype-2.5.5-o0-freetype
Result for pcf_read_TOC:vuln , truth is patch
------------------------------------------
Detecing CVE:CVE-2014-9671
Detection for: /data/zhangxb//binaries/target/freetype/freetype-2.6-o0-freetype
Result for pcf_read_TOC:vuln , truth is patch
------------------------------------------
Detecing CVE:CVE-2014-9666
Detection for: /data/zhangxb//binaries/target/freetype/freetype-2.5.3-o0-freetype
Result for tt_sbit_decoder_init:vuln , truth is vuln
------------------------------------------
Detecing CVE:CVE-2014-9666
Detection for: /data/zhangxb//binaries/target/freetype/freetype-2.5.2-o0-freetype
Result for tt_sbit_decoder_init:vuln , truth is vuln
------------------------------------------
Detecing CVE:CVE-2014-9666
Detection for: /data/zhangxb//binaries/target/freetype/freetype-2.5.1-o0-freetype
Result for tt_sbit_decoder_init:vuln , truth is vuln
------------------------------------------
Detecing CVE:CVE-2014-9666
Detection for: /data/zhangxb//binaries/target/freetype/freetype-2.5.4-o0-freetype
Result for tt_sbit_decoder_init:patch , truth is patch
------------------------------------------
Detecing CVE:CVE-2014-9666
Detection for: /data/zhangxb//binaries/target/freetype/freetype-2.5.5-o0-freetype
Result for tt_sbit_decoder_init:patch , truth is patch
------------------------------------------
Detecing CVE:CVE-2014-9666
Detection for: /data/zhangxb//binaries/target/freetype/freetype-2.6-o0-freetype
Result for tt_sbit_decoder_init:patch , truth is patch
------------------------------------------
Detecing CVE:CVE-2014-9667
Detection for: /data/zhangxb//binaries/target/freetype/freetype-2.5.3-o0-freetype
Result for check_table_dir:vuln , truth is vuln
Result for tt_face_load_font_dir:vuln , truth is vuln
------------------------------------------
Detecing CVE:CVE-2014-9667
Detection for: /data/zhangxb//binaries/target/freetype/freetype-2.5.2-o0-freetype
Result for check_table_dir:vuln , truth is vuln
Result for tt_face_load_font_dir:vuln , truth is vuln
------------------------------------------
Detecing CVE:CVE-2014-9667
Detection for: /data/zhangxb//binaries/target/freetype/freetype-2.5.1-o0-freetype
Result for check_table_dir:vuln , truth is vuln
Result for tt_face_load_font_dir:vuln , truth is vuln
------------------------------------------
Detecing CVE:CVE-2014-9667
Detection for: /data/zhangxb//binaries/target/freetype/freetype-2.5.4-o0-freetype
Result for check_table_dir:patch , truth is patch
Result for tt_face_load_font_dir:patch , truth is patch
------------------------------------------
Detecing CVE:CVE-2014-9667
Detection for: /data/zhangxb//binaries/target/freetype/freetype-2.5.5-o0-freetype
Result for check_table_dir:patch , truth is patch
Result for tt_face_load_font_dir:patch , truth is patch
------------------------------------------
Detecing CVE:CVE-2014-9667
Detection for: /data/zhangxb//binaries/target/freetype/freetype-2.6-o0-freetype
fail to determine
Result for check_table_dir:None , truth is patch
Result for tt_face_load_font_dir:patch , truth is patch
------------------------------------------
Detecing CVE:CVE-2014-9668
Detection for: /data/zhangxb//binaries/target/freetype/freetype-2.5.3-o0-freetype
Result for woff_open_font:vuln , truth is vuln
------------------------------------------
Detecing CVE:CVE-2014-9668
Detection for: /data/zhangxb//binaries/target/freetype/freetype-2.5.2-o0-freetype
Result for woff_open_font:vuln , truth is vuln
------------------------------------------
Detecing CVE:CVE-2014-9668
Detection for: /data/zhangxb//binaries/target/freetype/freetype-2.5.1-o0-freetype
Result for woff_open_font:vuln , truth is vuln
------------------------------------------
Detecing CVE:CVE-2014-9668
Detection for: /data/zhangxb//binaries/target/freetype/freetype-2.5.4-o0-freetype
Result for woff_open_font:patch , truth is patch
------------------------------------------
Detecing CVE:CVE-2014-9668
Detection for: /data/zhangxb//binaries/target/freetype/freetype-2.5.5-o0-freetype
Result for woff_open_font:patch , truth is patch
------------------------------------------
Detecing CVE:CVE-2014-9668
Detection for: /data/zhangxb//binaries/target/freetype/freetype-2.6-o0-freetype
Result for woff_open_font:patch , truth is patch
------------------------------------------
Detecing CVE:CVE-2014-9669
CVE-2014-9669 has no sigs, skip
------------------------------------------
Detecing CVE:CVE-2014-9669
CVE-2014-9669 has no sigs, skip
------------------------------------------
Detecing CVE:CVE-2014-9669
CVE-2014-9669 has no sigs, skip
------------------------------------------
Detecing CVE:CVE-2014-9669
CVE-2014-9669 has no sigs, skip
------------------------------------------
Detecing CVE:CVE-2014-9669
CVE-2014-9669 has no sigs, skip
------------------------------------------
Detecing CVE:CVE-2014-9669
CVE-2014-9669 has no sigs, skip
------------------------------------------
Detecing CVE:CVE-2014-9664
Detection for: /data/zhangxb//binaries/target/freetype/freetype-2.5.3-o0-freetype
Result for parse_charstrings:vuln , truth is vuln
Result for t42_parse_charstrings:patch , truth is vuln
------------------------------------------
Detecing CVE:CVE-2014-9664
Detection for: /data/zhangxb//binaries/target/freetype/freetype-2.5.2-o0-freetype
Result for parse_charstrings:vuln , truth is vuln
Result for t42_parse_charstrings:patch , truth is vuln
------------------------------------------
Detecing CVE:CVE-2014-9664
Detection for: /data/zhangxb//binaries/target/freetype/freetype-2.5.1-o0-freetype
Result for parse_charstrings:vuln , truth is vuln
Result for t42_parse_charstrings:patch , truth is vuln
------------------------------------------
Detecing CVE:CVE-2014-9664
Detection for: /data/zhangxb//binaries/target/freetype/freetype-2.5.4-o0-freetype
Result for parse_charstrings:patch , truth is patch
Result for t42_parse_charstrings:patch , truth is patch
------------------------------------------
Detecing CVE:CVE-2014-9664
Detection for: /data/zhangxb//binaries/target/freetype/freetype-2.5.5-o0-freetype
Result for parse_charstrings:patch , truth is patch
Result for t42_parse_charstrings:patch , truth is patch
------------------------------------------
Detecing CVE:CVE-2014-9664
Detection for: /data/zhangxb//binaries/target/freetype/freetype-2.6-o0-freetype
Result for parse_charstrings:patch , truth is patch
Result for t42_parse_charstrings:patch , truth is patch
------------------------------------------
Detecing CVE:CVE-2014-9665
Detection for: /data/zhangxb//binaries/target/freetype/freetype-2.5.3-o0-freetype
Result for Load_SBit_Png:vuln , truth is vuln
------------------------------------------
Detecing CVE:CVE-2014-9665
Detection for: /data/zhangxb//binaries/target/freetype/freetype-2.5.2-o0-freetype
Result for Load_SBit_Png:vuln , truth is vuln
------------------------------------------
Detecing CVE:CVE-2014-9665
Detection for: /data/zhangxb//binaries/target/freetype/freetype-2.5.1-o0-freetype
Result for Load_SBit_Png:vuln , truth is vuln
------------------------------------------
Detecing CVE:CVE-2014-9665
Detection for: /data/zhangxb//binaries/target/freetype/freetype-2.5.4-o0-freetype
Result for Load_SBit_Png:vuln , truth is patch
------------------------------------------
Detecing CVE:CVE-2014-9665
Detection for: /data/zhangxb//binaries/target/freetype/freetype-2.5.5-o0-freetype
Result for Load_SBit_Png:vuln , truth is patch
------------------------------------------
Detecing CVE:CVE-2014-9665
Detection for: /data/zhangxb//binaries/target/freetype/freetype-2.6-o0-freetype
Result for Load_SBit_Png:vuln , truth is patch
------------------------------------------
Detecing CVE:CVE-2014-9660
Detection for: /data/zhangxb//binaries/target/freetype/freetype-2.5.3-o0-freetype
Result for _bdf_parse_glyphs:vuln , truth is vuln
------------------------------------------
Detecing CVE:CVE-2014-9660
Detection for: /data/zhangxb//binaries/target/freetype/freetype-2.5.2-o0-freetype
Result for _bdf_parse_glyphs:vuln , truth is vuln
------------------------------------------
Detecing CVE:CVE-2014-9660
Detection for: /data/zhangxb//binaries/target/freetype/freetype-2.5.1-o0-freetype
Result for _bdf_parse_glyphs:vuln , truth is vuln
------------------------------------------
Detecing CVE:CVE-2014-9660
Detection for: /data/zhangxb//binaries/target/freetype/freetype-2.5.4-o0-freetype
Result for _bdf_parse_glyphs:patch , truth is patch
------------------------------------------
Detecing CVE:CVE-2014-9660
Detection for: /data/zhangxb//binaries/target/freetype/freetype-2.5.5-o0-freetype
Result for _bdf_parse_glyphs:patch , truth is patch
------------------------------------------
Detecing CVE:CVE-2014-9660
Detection for: /data/zhangxb//binaries/target/freetype/freetype-2.6-o0-freetype
Result for _bdf_parse_glyphs:patch , truth is patch
------------------------------------------
Detecing CVE:CVE-2014-9661
Detection for: /data/zhangxb//binaries/target/freetype/freetype-2.5.3-o0-freetype
fail to determine
Result for T42_Open_Face:None , truth is vuln
Result for t42_parse_sfnts:vuln , truth is vuln
------------------------------------------
Detecing CVE:CVE-2014-9661
Detection for: /data/zhangxb//binaries/target/freetype/freetype-2.5.2-o0-freetype
fail to determine
Result for T42_Open_Face:None , truth is vuln
Result for t42_parse_sfnts:vuln , truth is vuln
------------------------------------------
Detecing CVE:CVE-2014-9661
Detection for: /data/zhangxb//binaries/target/freetype/freetype-2.5.1-o0-freetype
fail to determine
Result for T42_Open_Face:None , truth is vuln
Result for t42_parse_sfnts:vuln , truth is vuln
------------------------------------------
Detecing CVE:CVE-2014-9661
Detection for: /data/zhangxb//binaries/target/freetype/freetype-2.5.4-o0-freetype
Result for T42_Open_Face:patch , truth is patch
Result for t42_parse_sfnts:patch , truth is patch
------------------------------------------
Detecing CVE:CVE-2014-9661
Detection for: /data/zhangxb//binaries/target/freetype/freetype-2.5.5-o0-freetype
Result for T42_Open_Face:patch , truth is patch
Result for t42_parse_sfnts:patch , truth is patch
------------------------------------------
Detecing CVE:CVE-2014-9661
Detection for: /data/zhangxb//binaries/target/freetype/freetype-2.6-o0-freetype
Result for T42_Open_Face:patch , truth is patch
Result for t42_parse_sfnts:vuln , truth is patch
------------------------------------------
Detecing CVE:CVE-2014-9662
Detection for: /data/zhangxb//binaries/target/freetype/freetype-2.5.3-o0-freetype
Result for cf2_builder_cubeTo:vuln , truth is vuln
------------------------------------------
Detecing CVE:CVE-2014-9662
Detection for: /data/zhangxb//binaries/target/freetype/freetype-2.5.2-o0-freetype
Result for cf2_builder_cubeTo:vuln , truth is vuln
------------------------------------------
Detecing CVE:CVE-2014-9662
Detection for: /data/zhangxb//binaries/target/freetype/freetype-2.5.1-o0-freetype
Result for cf2_builder_cubeTo:vuln , truth is vuln
------------------------------------------
Detecing CVE:CVE-2014-9662
Detection for: /data/zhangxb//binaries/target/freetype/freetype-2.5.4-o0-freetype
Result for cf2_builder_cubeTo:patch , truth is patch
------------------------------------------
Detecing CVE:CVE-2014-9662
Detection for: /data/zhangxb//binaries/target/freetype/freetype-2.5.5-o0-freetype
Result for cf2_builder_cubeTo:patch , truth is patch
------------------------------------------
Detecing CVE:CVE-2014-9662
Detection for: /data/zhangxb//binaries/target/freetype/freetype-2.6-o0-freetype
Result for cf2_builder_cubeTo:patch , truth is patch
------------------------------------------
Detecing CVE:CVE-2014-9663
Detection for: /data/zhangxb//binaries/target/freetype/freetype-2.5.3-o0-freetype
Result for tt_cmap4_validate:vuln , truth is vuln
------------------------------------------
Detecing CVE:CVE-2014-9663
Detection for: /data/zhangxb//binaries/target/freetype/freetype-2.5.2-o0-freetype
Result for tt_cmap4_validate:vuln , truth is vuln
------------------------------------------
Detecing CVE:CVE-2014-9663
Detection for: /data/zhangxb//binaries/target/freetype/freetype-2.5.1-o0-freetype
Result for tt_cmap4_validate:vuln , truth is vuln
------------------------------------------
Detecing CVE:CVE-2014-9663
Detection for: /data/zhangxb//binaries/target/freetype/freetype-2.5.4-o0-freetype
Result for tt_cmap4_validate:patch , truth is patch
------------------------------------------
Detecing CVE:CVE-2014-9663
Detection for: /data/zhangxb//binaries/target/freetype/freetype-2.5.5-o0-freetype
Result for tt_cmap4_validate:vuln , truth is patch
------------------------------------------
Detecing CVE:CVE-2014-9663
Detection for: /data/zhangxb//binaries/target/freetype/freetype-2.6-o0-freetype
Result for tt_cmap4_validate:vuln , truth is patch
------------------------------------------
Detecing CVE:CVE-2014-9656
Detection for: /data/zhangxb//binaries/target/freetype/freetype-2.5.3-o0-freetype
Result for tt_sbit_decoder_load_image:vuln , truth is vuln
------------------------------------------
Detecing CVE:CVE-2014-9656
Detection for: /data/zhangxb//binaries/target/freetype/freetype-2.5.2-o0-freetype
Result for tt_sbit_decoder_load_image:vuln , truth is vuln
------------------------------------------
Detecing CVE:CVE-2014-9656
Detection for: /data/zhangxb//binaries/target/freetype/freetype-2.5.1-o0-freetype
Result for tt_sbit_decoder_load_image:vuln , truth is vuln
------------------------------------------
Detecing CVE:CVE-2014-9656
Detection for: /data/zhangxb//binaries/target/freetype/freetype-2.5.4-o0-freetype
Result for tt_sbit_decoder_load_image:patch , truth is patch
------------------------------------------
Detecing CVE:CVE-2014-9656
Detection for: /data/zhangxb//binaries/target/freetype/freetype-2.5.5-o0-freetype
Result for tt_sbit_decoder_load_image:patch , truth is patch
------------------------------------------
Detecing CVE:CVE-2014-9656
Detection for: /data/zhangxb//binaries/target/freetype/freetype-2.6-o0-freetype
Result for tt_sbit_decoder_load_image:patch , truth is patch
------------------------------------------
Detecing CVE:CVE-2014-9657
Detection for: /data/zhangxb//binaries/target/freetype/freetype-2.5.3-o0-freetype
Result for tt_face_load_hdmx:vuln , truth is vuln
------------------------------------------
Detecing CVE:CVE-2014-9657
Detection for: /data/zhangxb//binaries/target/freetype/freetype-2.5.2-o0-freetype
Result for tt_face_load_hdmx:vuln , truth is vuln
------------------------------------------
Detecing CVE:CVE-2014-9657
Detection for: /data/zhangxb//binaries/target/freetype/freetype-2.5.1-o0-freetype
Result for tt_face_load_hdmx:vuln , truth is vuln
------------------------------------------
Detecing CVE:CVE-2014-9657
Detection for: /data/zhangxb//binaries/target/freetype/freetype-2.5.4-o0-freetype
Result for tt_face_load_hdmx:patch , truth is patch
------------------------------------------
Detecing CVE:CVE-2014-9657
Detection for: /data/zhangxb//binaries/target/freetype/freetype-2.5.5-o0-freetype
Result for tt_face_load_hdmx:patch , truth is patch
------------------------------------------
Detecing CVE:CVE-2014-9657
Detection for: /data/zhangxb//binaries/target/freetype/freetype-2.6-o0-freetype
Result for tt_face_load_hdmx:patch , truth is patch
------------------------------------------
Detecing CVE:CVE-2014-9658
Detection for: /data/zhangxb//binaries/target/freetype/freetype-2.5.3-o0-freetype
Result for tt_face_load_kern:vuln , truth is vuln
------------------------------------------
Detecing CVE:CVE-2014-9658
Detection for: /data/zhangxb//binaries/target/freetype/freetype-2.5.2-o0-freetype
Result for tt_face_load_kern:vuln , truth is vuln
------------------------------------------
Detecing CVE:CVE-2014-9658
Detection for: /data/zhangxb//binaries/target/freetype/freetype-2.5.1-o0-freetype
Result for tt_face_load_kern:vuln , truth is vuln
------------------------------------------
Detecing CVE:CVE-2014-9658
Detection for: /data/zhangxb//binaries/target/freetype/freetype-2.5.4-o0-freetype
Result for tt_face_load_kern:patch , truth is patch
------------------------------------------
Detecing CVE:CVE-2014-9658
Detection for: /data/zhangxb//binaries/target/freetype/freetype-2.5.5-o0-freetype
Result for tt_face_load_kern:patch , truth is patch
------------------------------------------
Detecing CVE:CVE-2014-9658
Detection for: /data/zhangxb//binaries/target/freetype/freetype-2.6-o0-freetype
Result for tt_face_load_kern:patch , truth is patch
------------------------------------------
Detecing CVE:CVE-2014-9673
Detection for: /data/zhangxb//binaries/target/freetype/freetype-2.5.3-o0-freetype
Result for Mac_Read_POST_Resource:vuln , truth is vuln
------------------------------------------
Detecing CVE:CVE-2014-9673
Detection for: /data/zhangxb//binaries/target/freetype/freetype-2.5.2-o0-freetype
Result for Mac_Read_POST_Resource:vuln , truth is vuln
------------------------------------------
Detecing CVE:CVE-2014-9673
Detection for: /data/zhangxb//binaries/target/freetype/freetype-2.5.1-o0-freetype
Result for Mac_Read_POST_Resource:vuln , truth is vuln
------------------------------------------
Detecing CVE:CVE-2014-9673
Detection for: /data/zhangxb//binaries/target/freetype/freetype-2.5.4-o0-freetype
Result for Mac_Read_POST_Resource:vuln , truth is patch
------------------------------------------
Detecing CVE:CVE-2014-9673
Detection for: /data/zhangxb//binaries/target/freetype/freetype-2.5.5-o0-freetype
Result for Mac_Read_POST_Resource:vuln , truth is patch
------------------------------------------
Detecing CVE:CVE-2014-9673
Detection for: /data/zhangxb//binaries/target/freetype/freetype-2.6-o0-freetype
Result for Mac_Read_POST_Resource:vuln , truth is patch
------------------------------------------
Detecing CVE:CVE-2014-9674
Detection for: /data/zhangxb//binaries/target/freetype/freetype-2.5.3-o0-freetype
Result for Mac_Read_POST_Resource:vuln , truth is vuln
------------------------------------------
Detecing CVE:CVE-2014-9674
Detection for: /data/zhangxb//binaries/target/freetype/freetype-2.5.2-o0-freetype
Result for Mac_Read_POST_Resource:vuln , truth is vuln
------------------------------------------
Detecing CVE:CVE-2014-9674
Detection for: /data/zhangxb//binaries/target/freetype/freetype-2.5.1-o0-freetype
Result for Mac_Read_POST_Resource:vuln , truth is vuln
------------------------------------------
Detecing CVE:CVE-2014-9674
Detection for: /data/zhangxb//binaries/target/freetype/freetype-2.5.4-o0-freetype
Result for Mac_Read_POST_Resource:patch , truth is patch
------------------------------------------
Detecing CVE:CVE-2014-9674
Detection for: /data/zhangxb//binaries/target/freetype/freetype-2.5.5-o0-freetype
Result for Mac_Read_POST_Resource:patch , truth is patch
------------------------------------------
Detecing CVE:CVE-2014-9674
Detection for: /data/zhangxb//binaries/target/freetype/freetype-2.6-o0-freetype
Result for Mac_Read_POST_Resource:patch , truth is patch
------------------------------------------
Detecing CVE:CVE-2014-9659
Detection for: /data/zhangxb//binaries/target/freetype/freetype-2.5.3-o0-freetype
NotImplementedError Ijk_Ret
Result for cf2_hintmap_build:vuln , truth is vuln
NotImplementedError Ijk_Ret
NotImplementedError Ijk_Ret
fail to determine
Result for cf2_interpT2CharString:None , truth is vuln
------------------------------------------
Detecing CVE:CVE-2014-9659
Detection for: /data/zhangxb//binaries/target/freetype/freetype-2.5.2-o0-freetype
NotImplementedError Ijk_Ret
Result for cf2_hintmap_build:vuln , truth is vuln
NotImplementedError Ijk_Ret
NotImplementedError Ijk_Ret
fail to determine
Result for cf2_interpT2CharString:None , truth is vuln
------------------------------------------
Detecing CVE:CVE-2014-9659
Detection for: /data/zhangxb//binaries/target/freetype/freetype-2.5.1-o0-freetype
NotImplementedError Ijk_Ret
Result for cf2_hintmap_build:vuln , truth is vuln
NotImplementedError Ijk_Ret
NotImplementedError Ijk_Ret
fail to determine
Result for cf2_interpT2CharString:None , truth is vuln
------------------------------------------
Detecing CVE:CVE-2014-9659
Detection for: /data/zhangxb//binaries/target/freetype/freetype-2.5.4-o0-freetype
NotImplementedError Ijk_Ret
Result for cf2_hintmap_build:vuln , truth is patch
NotImplementedError Ijk_Ret
NotImplementedError Ijk_Ret
fail to determine
Result for cf2_interpT2CharString:None , truth is patch
------------------------------------------
Detecing CVE:CVE-2014-9659
Detection for: /data/zhangxb//binaries/target/freetype/freetype-2.5.5-o0-freetype
NotImplementedError Ijk_Ret
Result for cf2_hintmap_build:vuln , truth is patch
NotImplementedError Ijk_Ret
NotImplementedError Ijk_Ret
fail to determine
Result for cf2_interpT2CharString:None , truth is patch
------------------------------------------
Detecing CVE:CVE-2014-9659
Detection for: /data/zhangxb//binaries/target/freetype/freetype-2.6-o0-freetype
NotImplementedError Ijk_Ret
Result for cf2_hintmap_build:vuln , truth is patch
NotImplementedError Ijk_Ret
NotImplementedError Ijk_Ret
fail to determine
Result for cf2_interpT2CharString:None , truth is patch
------------------------------------------
Detecing CVE:CVE-2015-9382
Detection for: /data/zhangxb//binaries/target/freetype/freetype-2.5.5-o0-freetype
Result for ps_parser_skip_PS_token:vuln , truth is vuln
------------------------------------------
Detecing CVE:CVE-2015-9382
Detection for: /data/zhangxb//binaries/target/freetype/freetype-2.5.4-o0-freetype
Result for ps_parser_skip_PS_token:vuln , truth is vuln
------------------------------------------
Detecing CVE:CVE-2015-9382
Detection for: /data/zhangxb//binaries/target/freetype/freetype-2.5.3-o0-freetype
Result for ps_parser_skip_PS_token:vuln , truth is vuln
------------------------------------------
Detecing CVE:CVE-2015-9382
Detection for: /data/zhangxb//binaries/target/freetype/freetype-2.6.1-o0-freetype
Result for ps_parser_skip_PS_token:patch , truth is patch
------------------------------------------
Detecing CVE:CVE-2015-9382
Detection for: /data/zhangxb//binaries/target/freetype/freetype-2.6.2-o0-freetype
Result for ps_parser_skip_PS_token:patch , truth is patch
------------------------------------------
Detecing CVE:CVE-2015-9382
Detection for: /data/zhangxb//binaries/target/freetype/freetype-2.6.3-o0-freetype
Result for ps_parser_skip_PS_token:patch , truth is patch
------------------------------------------
Detecing CVE:CVE-2015-9290
Detection for: /data/zhangxb//binaries/target/freetype/freetype-2.5.5-o0-freetype
Result for T1_Get_Private_Dict:vuln , truth is vuln
------------------------------------------
Detecing CVE:CVE-2015-9290
Detection for: /data/zhangxb//binaries/target/freetype/freetype-2.5.4-o0-freetype
Result for T1_Get_Private_Dict:vuln , truth is vuln
------------------------------------------
Detecing CVE:CVE-2015-9290
Detection for: /data/zhangxb//binaries/target/freetype/freetype-2.5.3-o0-freetype
Result for T1_Get_Private_Dict:vuln , truth is vuln
------------------------------------------
Detecing CVE:CVE-2015-9290
Detection for: /data/zhangxb//binaries/target/freetype/freetype-2.6.1-o0-freetype
Result for T1_Get_Private_Dict:patch , truth is patch
------------------------------------------
Detecing CVE:CVE-2015-9290
Detection for: /data/zhangxb//binaries/target/freetype/freetype-2.6.2-o0-freetype
Result for T1_Get_Private_Dict:patch , truth is patch
------------------------------------------
Detecing CVE:CVE-2015-9290
Detection for: /data/zhangxb//binaries/target/freetype/freetype-2.6.3-o0-freetype
Result for T1_Get_Private_Dict:patch , truth is patch
------------------------------------------
Detecing CVE:CVE-2015-9381
Detection for: /data/zhangxb//binaries/target/freetype/freetype-2.5.5-o0-freetype
Result for T1_Get_Private_Dict:patch , truth is vuln
------------------------------------------
Detecing CVE:CVE-2015-9381
Detection for: /data/zhangxb//binaries/target/freetype/freetype-2.5.4-o0-freetype
Result for T1_Get_Private_Dict:patch , truth is vuln
------------------------------------------
Detecing CVE:CVE-2015-9381
Detection for: /data/zhangxb//binaries/target/freetype/freetype-2.5.3-o0-freetype
Result for T1_Get_Private_Dict:patch , truth is vuln
------------------------------------------
Detecing CVE:CVE-2015-9381
Detection for: /data/zhangxb//binaries/target/freetype/freetype-2.6.1-o0-freetype
Result for T1_Get_Private_Dict:patch , truth is patch
------------------------------------------
Detecing CVE:CVE-2015-9381
Detection for: /data/zhangxb//binaries/target/freetype/freetype-2.6.2-o0-freetype
Result for T1_Get_Private_Dict:patch , truth is patch
------------------------------------------
Detecing CVE:CVE-2015-9381
Detection for: /data/zhangxb//binaries/target/freetype/freetype-2.6.3-o0-freetype
Result for T1_Get_Private_Dict:patch , truth is patch
------------------------------------------
Detecing CVE:CVE-2015-9383
Detection for: /data/zhangxb//binaries/target/freetype/freetype-2.6.1-o0-freetype
Result for tt_cmap14_validate:vuln , truth is vuln
------------------------------------------
Detecing CVE:CVE-2015-9383
Detection for: /data/zhangxb//binaries/target/freetype/freetype-2.5.5-o0-freetype
Result for tt_cmap14_validate:vuln , truth is vuln
------------------------------------------
Detecing CVE:CVE-2015-9383
Detection for: /data/zhangxb//binaries/target/freetype/freetype-2.5.4-o0-freetype
Result for tt_cmap14_validate:vuln , truth is vuln
------------------------------------------
Detecing CVE:CVE-2015-9383
Detection for: /data/zhangxb//binaries/target/freetype/freetype-2.6.2-o0-freetype
Result for tt_cmap14_validate:patch , truth is patch
------------------------------------------
Detecing CVE:CVE-2015-9383
Detection for: /data/zhangxb//binaries/target/freetype/freetype-2.6.3-o0-freetype
Result for tt_cmap14_validate:patch , truth is patch
------------------------------------------
Detecing CVE:CVE-2015-9383
Detection for: /data/zhangxb//binaries/target/freetype/freetype-2.6.4-o0-freetype
Result for tt_cmap14_validate:patch , truth is patch
------------------------------------------
Detecing CVE:CVE-2016-10328
Detection for: /data/zhangxb//binaries/target/freetype/freetype-2.7-o0-freetype
Result for cff_parser_run:vuln , truth is vuln
------------------------------------------
Detecing CVE:CVE-2016-10328
Detection for: /data/zhangxb//binaries/target/freetype/freetype-2.6.5-o0-freetype
Result for cff_parser_run:vuln , truth is vuln
------------------------------------------
Detecing CVE:CVE-2016-10328
Detection for: /data/zhangxb//binaries/target/freetype/freetype-2.6.4-o0-freetype
Result for cff_parser_run:vuln , truth is vuln
------------------------------------------
Detecing CVE:CVE-2016-10328
Detection for: /data/zhangxb//binaries/target/freetype/freetype-2.7.1-o0-freetype
Result for cff_parser_run:patch , truth is patch
------------------------------------------
Detecing CVE:CVE-2016-10328
Detection for: /data/zhangxb//binaries/target/freetype/freetype-2.8-o0-freetype
Result for cff_parser_run:patch , truth is patch
------------------------------------------
Detecing CVE:CVE-2016-10328
Detection for: /data/zhangxb//binaries/target/freetype/freetype-2.8.1-o0-freetype
Result for cff_parser_run:patch , truth is patch
------------------------------------------
Detecing CVE:CVE-2017-7864
Detection for: /data/zhangxb//binaries/target/freetype/freetype-2.7.1-o0-freetype
Result for tt_size_reset:vuln , truth is vuln
------------------------------------------
Detecing CVE:CVE-2017-7864
Detection for: /data/zhangxb//binaries/target/freetype/freetype-2.7-o0-freetype
Result for tt_size_reset:vuln , truth is vuln
------------------------------------------
Detecing CVE:CVE-2017-7864
Detection for: /data/zhangxb//binaries/target/freetype/freetype-2.6.5-o0-freetype
Result for tt_size_reset:vuln , truth is vuln
------------------------------------------
Detecing CVE:CVE-2017-7864
Detection for: /data/zhangxb//binaries/target/freetype/freetype-2.8-o0-freetype
Result for tt_size_reset:patch , truth is patch
------------------------------------------
Detecing CVE:CVE-2017-7864
Detection for: /data/zhangxb//binaries/target/freetype/freetype-2.8.1-o0-freetype
Result for tt_size_reset:patch , truth is patch
------------------------------------------
Detecing CVE:CVE-2017-7864
Detection for: /data/zhangxb//binaries/target/freetype/freetype-2.9-o0-freetype
Result for tt_size_reset:vuln , truth is patch
------------------------------------------
Detecing CVE:CVE-2017-7858
Detection for: /data/zhangxb//binaries/target/freetype/freetype-2.7.1-o0-freetype
Result for sfnt_init_face:vuln , truth is vuln
------------------------------------------
Detecing CVE:CVE-2017-7858
Detection for: /data/zhangxb//binaries/target/freetype/freetype-2.7-o0-freetype
Result for sfnt_init_face:vuln , truth is vuln
------------------------------------------
Detecing CVE:CVE-2017-7858
Detection for: /data/zhangxb//binaries/target/freetype/freetype-2.6.5-o0-freetype
Result for sfnt_init_face:vuln , truth is vuln
------------------------------------------
Detecing CVE:CVE-2017-7858
Detection for: /data/zhangxb//binaries/target/freetype/freetype-2.8-o0-freetype
Result for sfnt_init_face:vuln , truth is patch
------------------------------------------
Detecing CVE:CVE-2017-7858
Detection for: /data/zhangxb//binaries/target/freetype/freetype-2.8.1-o0-freetype
Result for sfnt_init_face:vuln , truth is patch
------------------------------------------
Detecing CVE:CVE-2017-7858
Detection for: /data/zhangxb//binaries/target/freetype/freetype-2.9-o0-freetype
Result for sfnt_init_face:vuln , truth is patch
------------------------------------------
Detecing CVE:CVE-2017-7857
CVE-2017-7857 has no sigs, skip
------------------------------------------
Detecing CVE:CVE-2017-7857
CVE-2017-7857 has no sigs, skip
------------------------------------------
Detecing CVE:CVE-2017-7857
CVE-2017-7857 has no sigs, skip
------------------------------------------
Detecing CVE:CVE-2017-7857
CVE-2017-7857 has no sigs, skip
------------------------------------------
Detecing CVE:CVE-2017-7857
CVE-2017-7857 has no sigs, skip
------------------------------------------
Detecing CVE:CVE-2017-8105
Detection for: /data/zhangxb//binaries/target/freetype/freetype-2.7-o0-freetype
Result for t1_decoder_parse_charstrings:vuln , truth is vuln
------------------------------------------
Detecing CVE:CVE-2017-8105
Detection for: /data/zhangxb//binaries/target/freetype/freetype-2.6.5-o0-freetype
Result for t1_decoder_parse_charstrings:vuln , truth is vuln
------------------------------------------
Detecing CVE:CVE-2017-8105
Detection for: /data/zhangxb//binaries/target/freetype/freetype-2.6.4-o0-freetype
Result for t1_decoder_parse_charstrings:vuln , truth is vuln
------------------------------------------
Detecing CVE:CVE-2017-8105
Detection for: /data/zhangxb//binaries/target/freetype/freetype-2.8-o0-freetype
Result for t1_decoder_parse_charstrings:patch , truth is patch
------------------------------------------
Detecing CVE:CVE-2017-8105
Detection for: /data/zhangxb//binaries/target/freetype/freetype-2.8.1-o0-freetype
Result for t1_decoder_parse_charstrings:patch , truth is patch
------------------------------------------
Detecing CVE:CVE-2017-8105
Detection for: /data/zhangxb//binaries/target/freetype/freetype-2.9-o0-freetype
no function dict_keys(['t1_decoder_parse_charstrings']) in target
------------------------------------------
Detecing CVE:CVE-2017-8287
Detection for: /data/zhangxb//binaries/target/freetype/freetype-2.7.1-o0-freetype
Result for t1_builder_close_contour:vuln , truth is vuln
------------------------------------------
Detecing CVE:CVE-2017-8287
Detection for: /data/zhangxb//binaries/target/freetype/freetype-2.7-o0-freetype
Result for t1_builder_close_contour:vuln , truth is vuln
------------------------------------------
Detecing CVE:CVE-2017-8287
Detection for: /data/zhangxb//binaries/target/freetype/freetype-2.6.5-o0-freetype
Result for t1_builder_close_contour:vuln , truth is vuln
------------------------------------------
Detecing CVE:CVE-2017-8287
Detection for: /data/zhangxb//binaries/target/freetype/freetype-2.8-o0-freetype
Result for t1_builder_close_contour:patch , truth is patch
------------------------------------------
Detecing CVE:CVE-2017-8287
Detection for: /data/zhangxb//binaries/target/freetype/freetype-2.8.1-o0-freetype
Result for t1_builder_close_contour:patch , truth is patch
------------------------------------------
Detecing CVE:CVE-2017-8287
Detection for: /data/zhangxb//binaries/target/freetype/freetype-2.9-o0-freetype
Result for t1_builder_close_contour:patch , truth is patch
