CVE-2017-14039 opj_j2k_write_sot No signature generated
CVE-2017-14164 opj_j2k_write_tlm No signature generated
------------------------------------------
Detecing CVE:CVE-2018-20847
Detection for: /data/zhangxb//binaries/target/openjpeg/openjpeg-2.0-o0-openjpeg
Result for opj_get_all_encoding_parameters:vuln , truth is vuln
Result for opj_tcd_init_tile:None , truth is vuln
------------------------------------------
Detecing CVE:CVE-2018-20847
Detection for: /data/zhangxb//binaries/target/openjpeg/openjpeg-2.1-o0-openjpeg
Result for opj_get_all_encoding_parameters:vuln , truth is vuln
Result for opj_tcd_init_tile:None , truth is vuln
------------------------------------------
Detecing CVE:CVE-2018-20847
Detection for: /data/zhangxb//binaries/target/openjpeg/openjpeg-2.0.1-o0-openjpeg
Result for opj_get_all_encoding_parameters:vuln , truth is vuln
Result for opj_tcd_init_tile:None , truth is vuln
------------------------------------------
Detecing CVE:CVE-2018-20847
Detection for: /data/zhangxb//binaries/target/openjpeg/openjpeg-2.3.1-o0-openjpeg
Result for opj_get_all_encoding_parameters:patch , truth is patch
Result for opj_tcd_init_tile:vuln , truth is patch
------------------------------------------
Detecing CVE:CVE-2018-20847
Detection for: /data/zhangxb//binaries/target/openjpeg/openjpeg-2.4.0-o0-openjpeg
fail to determine
Result for opj_get_all_encoding_parameters:None , truth is patch
Result for opj_tcd_init_tile:vuln , truth is patch
------------------------------------------
Detecing CVE:CVE-2018-20847
Detection for: /data/zhangxb//binaries/target/openjpeg/openjpeg-2.5.0-o0-openjpeg
fail to determine
Result for opj_get_all_encoding_parameters:None , truth is patch
Result for opj_tcd_init_tile:vuln , truth is patch
------------------------------------------
Detecing CVE:CVE-2015-8871
Detection for: /data/zhangxb//binaries/target/openjpeg/openjpeg-2.0-o0-openjpeg
fail to determine
Result for opj_j2k_write_mco:None , truth is vuln
------------------------------------------
Detecing CVE:CVE-2015-8871
Detection for: /data/zhangxb//binaries/target/openjpeg/openjpeg-2.1-o0-openjpeg
fail to determine
Result for opj_j2k_write_mco:None , truth is vuln
------------------------------------------
Detecing CVE:CVE-2015-8871
Detection for: /data/zhangxb//binaries/target/openjpeg/openjpeg-2.0.1-o0-openjpeg
fail to determine
Result for opj_j2k_write_mco:None , truth is vuln
------------------------------------------
Detecing CVE:CVE-2015-8871
Detection for: /data/zhangxb//binaries/target/openjpeg/openjpeg-2.1.1-o0-openjpeg
fail to determine
Result for opj_j2k_write_mco:None , truth is patch
------------------------------------------
Detecing CVE:CVE-2015-8871
Detection for: /data/zhangxb//binaries/target/openjpeg/openjpeg-2.1.2-o0-openjpeg
fail to determine
Result for opj_j2k_write_mco:None , truth is patch
------------------------------------------
Detecing CVE:CVE-2015-8871
Detection for: /data/zhangxb//binaries/target/openjpeg/openjpeg-2.2.0-o0-openjpeg
fail to determine
Result for opj_j2k_write_mco:None , truth is patch
------------------------------------------
Detecing CVE:CVE-2016-4797
Detection for: /data/zhangxb//binaries/target/openjpeg/openjpeg-2.0-o0-openjpeg
no function dict_keys(['opj_tcd_init_tile']) in target
------------------------------------------
Detecing CVE:CVE-2016-4797
Detection for: /data/zhangxb//binaries/target/openjpeg/openjpeg-2.1-o0-openjpeg
no function dict_keys(['opj_tcd_init_tile']) in target
------------------------------------------
Detecing CVE:CVE-2016-4797
Detection for: /data/zhangxb//binaries/target/openjpeg/openjpeg-2.0.1-o0-openjpeg
no function dict_keys(['opj_tcd_init_tile']) in target
------------------------------------------
Detecing CVE:CVE-2016-4797
Detection for: /data/zhangxb//binaries/target/openjpeg/openjpeg-2.1.1-o0-openjpeg
fail to determine
Result for opj_tcd_init_tile:None , truth is patch
------------------------------------------
Detecing CVE:CVE-2016-4797
Detection for: /data/zhangxb//binaries/target/openjpeg/openjpeg-2.1.2-o0-openjpeg
fail to determine
Result for opj_tcd_init_tile:None , truth is patch
------------------------------------------
Detecing CVE:CVE-2016-4797
Detection for: /data/zhangxb//binaries/target/openjpeg/openjpeg-2.2.0-o0-openjpeg
fail to determine
Result for opj_tcd_init_tile:None , truth is patch
------------------------------------------
Detecing CVE:CVE-2016-7163
Detection for: /data/zhangxb//binaries/target/openjpeg/openjpeg-2.1.2-o0-openjpeg
Result for opj_pi_create_decode:patch , truth is vuln
------------------------------------------
Detecing CVE:CVE-2016-7163
Detection for: /data/zhangxb//binaries/target/openjpeg/openjpeg-2.1.1-o0-openjpeg
fail to determine
Result for opj_pi_create_decode:None , truth is vuln
------------------------------------------
Detecing CVE:CVE-2016-7163
Detection for: /data/zhangxb//binaries/target/openjpeg/openjpeg-2.0-o0-openjpeg
fail to determine
Result for opj_pi_create_decode:None , truth is vuln
------------------------------------------
Detecing CVE:CVE-2016-7163
Detection for: /data/zhangxb//binaries/target/openjpeg/openjpeg-2.2.0-o0-openjpeg
Result for opj_pi_create_decode:patch , truth is patch
------------------------------------------
Detecing CVE:CVE-2016-7163
Detection for: /data/zhangxb//binaries/target/openjpeg/openjpeg-2.3.0-o0-openjpeg
Result for opj_pi_create_decode:patch , truth is patch
------------------------------------------
Detecing CVE:CVE-2016-7163
Detection for: /data/zhangxb//binaries/target/openjpeg/openjpeg-2.3.1-o0-openjpeg
Result for opj_pi_create_decode:patch , truth is patch
------------------------------------------
Detecing CVE:CVE-2016-10506
Detection for: /data/zhangxb//binaries/target/openjpeg/openjpeg-2.1.2-o0-openjpeg
Result for opj_pi_next_rpcl:vuln , truth is vuln
Result for opj_pi_next_pcrl:vuln , truth is vuln
Result for opj_pi_next_cprl:vuln , truth is vuln
------------------------------------------
Detecing CVE:CVE-2016-10506
Detection for: /data/zhangxb//binaries/target/openjpeg/openjpeg-2.1.1-o0-openjpeg
Result for opj_pi_next_rpcl:vuln , truth is vuln
Result for opj_pi_next_pcrl:vuln , truth is vuln
Result for opj_pi_next_cprl:vuln , truth is vuln
------------------------------------------
Detecing CVE:CVE-2016-10506
Detection for: /data/zhangxb//binaries/target/openjpeg/openjpeg-2.0-o0-openjpeg
Result for opj_pi_next_rpcl:vuln , truth is vuln
Result for opj_pi_next_pcrl:vuln , truth is vuln
Result for opj_pi_next_cprl:vuln , truth is vuln
------------------------------------------
Detecing CVE:CVE-2016-10506
Detection for: /data/zhangxb//binaries/target/openjpeg/openjpeg-2.2.0-o0-openjpeg
Result for opj_pi_next_rpcl:vuln , truth is patch
Result for opj_pi_next_pcrl:vuln , truth is patch
Result for opj_pi_next_cprl:vuln , truth is patch
------------------------------------------
Detecing CVE:CVE-2016-10506
Detection for: /data/zhangxb//binaries/target/openjpeg/openjpeg-2.3.0-o0-openjpeg
Result for opj_pi_next_rpcl:vuln , truth is patch
Result for opj_pi_next_pcrl:vuln , truth is patch
Result for opj_pi_next_cprl:vuln , truth is patch
------------------------------------------
Detecing CVE:CVE-2016-10506
Detection for: /data/zhangxb//binaries/target/openjpeg/openjpeg-2.3.1-o0-openjpeg
Result for opj_pi_next_rpcl:vuln , truth is patch
Result for opj_pi_next_pcrl:vuln , truth is patch
Result for opj_pi_next_cprl:vuln , truth is patch
------------------------------------------
Detecing CVE:CVE-2016-10504
Detection for: /data/zhangxb//binaries/target/openjpeg/openjpeg-2.1.2-o0-openjpeg
Result for opj_tcd_code_block_enc_allocate_data:vuln , truth is vuln
------------------------------------------
Detecing CVE:CVE-2016-10504
Detection for: /data/zhangxb//binaries/target/openjpeg/openjpeg-2.1.1-o0-openjpeg
Result for opj_tcd_code_block_enc_allocate_data:vuln , truth is vuln
------------------------------------------
Detecing CVE:CVE-2016-10504
Detection for: /data/zhangxb//binaries/target/openjpeg/openjpeg-2.0-o0-openjpeg
no function dict_keys(['opj_tcd_code_block_enc_allocate_data']) in target
------------------------------------------
Detecing CVE:CVE-2016-10504
Detection for: /data/zhangxb//binaries/target/openjpeg/openjpeg-2.2.0-o0-openjpeg
Result for opj_tcd_code_block_enc_allocate_data:patch , truth is patch
------------------------------------------
Detecing CVE:CVE-2016-10504
Detection for: /data/zhangxb//binaries/target/openjpeg/openjpeg-2.3.0-o0-openjpeg
fail to determine
Result for opj_tcd_code_block_enc_allocate_data:None , truth is patch
------------------------------------------
Detecing CVE:CVE-2016-10504
Detection for: /data/zhangxb//binaries/target/openjpeg/openjpeg-2.3.1-o0-openjpeg
fail to determine
Result for opj_tcd_code_block_enc_allocate_data:None , truth is patch
------------------------------------------
Detecing CVE:CVE-2017-14151
Detection for: /data/zhangxb//binaries/target/openjpeg/openjpeg-2.2.0-o0-openjpeg
Result for opj_tcd_code_block_enc_allocate_data:vuln , truth is vuln
------------------------------------------
Detecing CVE:CVE-2017-14151
Detection for: /data/zhangxb//binaries/target/openjpeg/openjpeg-2.3.0-o0-openjpeg
Result for opj_tcd_code_block_enc_allocate_data:patch , truth is patch
------------------------------------------
Detecing CVE:CVE-2017-14151
Detection for: /data/zhangxb//binaries/target/openjpeg/openjpeg-2.3.1-o0-openjpeg
Result for opj_tcd_code_block_enc_allocate_data:patch , truth is patch
------------------------------------------
Detecing CVE:CVE-2017-14151
Detection for: /data/zhangxb//binaries/target/openjpeg/openjpeg-2.4.0-o0-openjpeg
fail to determine
Result for opj_tcd_code_block_enc_allocate_data:None , truth is patch
------------------------------------------
Detecing CVE:CVE-2017-14152
Detection for: /data/zhangxb//binaries/target/openjpeg/openjpeg-2.2.0-o0-openjpeg
Result for opj_j2k_set_cinema_parameters:vuln , truth is vuln
------------------------------------------
Detecing CVE:CVE-2017-14152
Detection for: /data/zhangxb//binaries/target/openjpeg/openjpeg-2.3.0-o0-openjpeg
fail to determine
Result for opj_j2k_set_cinema_parameters:None , truth is patch
------------------------------------------
Detecing CVE:CVE-2017-14152
Detection for: /data/zhangxb//binaries/target/openjpeg/openjpeg-2.3.1-o0-openjpeg
fail to determine
Result for opj_j2k_set_cinema_parameters:None , truth is patch
------------------------------------------
Detecing CVE:CVE-2017-14152
Detection for: /data/zhangxb//binaries/target/openjpeg/openjpeg-2.4.0-o0-openjpeg
fail to determine
Result for opj_j2k_set_cinema_parameters:None , truth is patch
------------------------------------------
Detecing CVE:CVE-2017-14039
Detection for: /data/zhangxb//binaries/target/openjpeg/openjpeg-2.2.0-o0-openjpeg
Result for opj_j2k_write_sod:vuln , truth is vuln
Result for opj_t2_encode_packet:vuln , truth is vuln
------------------------------------------
Detecing CVE:CVE-2017-14039
Detection for: /data/zhangxb//binaries/target/openjpeg/openjpeg-2.1.2-o0-openjpeg
Result for opj_j2k_write_sod:vuln , truth is vuln
Result for opj_t2_encode_packet:vuln , truth is vuln
------------------------------------------
Detecing CVE:CVE-2017-14039
Detection for: /data/zhangxb//binaries/target/openjpeg/openjpeg-2.1.1-o0-openjpeg
Result for opj_j2k_write_sod:vuln , truth is vuln
Result for opj_t2_encode_packet:vuln , truth is vuln
------------------------------------------
Detecing CVE:CVE-2017-14039
Detection for: /data/zhangxb//binaries/target/openjpeg/openjpeg-2.3.0-o0-openjpeg
Result for opj_j2k_write_sod:patch , truth is patch
Result for opj_t2_encode_packet:patch , truth is patch
------------------------------------------
Detecing CVE:CVE-2017-14039
Detection for: /data/zhangxb//binaries/target/openjpeg/openjpeg-2.3.1-o0-openjpeg
Result for opj_j2k_write_sod:patch , truth is patch
Result for opj_t2_encode_packet:patch , truth is patch
------------------------------------------
Detecing CVE:CVE-2017-14039
Detection for: /data/zhangxb//binaries/target/openjpeg/openjpeg-2.4.0-o0-openjpeg
Result for opj_j2k_write_sod:patch , truth is patch
Result for opj_t2_encode_packet:patch , truth is patch
------------------------------------------
Detecing CVE:CVE-2017-14164
Detection for: /data/zhangxb//binaries/target/openjpeg/openjpeg-2.2.0-o0-openjpeg
Result for opj_j2k_write_sot:vuln , truth is vuln
Result for opj_j2k_write_first_tile_part:patch , truth is vuln
Result for opj_j2k_write_all_tile_parts:vuln , truth is vuln
------------------------------------------
Detecing CVE:CVE-2017-14164
Detection for: /data/zhangxb//binaries/target/openjpeg/openjpeg-2.1.2-o0-openjpeg
Result for opj_j2k_write_sot:vuln , truth is vuln
Result for opj_j2k_write_first_tile_part:patch , truth is vuln
Result for opj_j2k_write_all_tile_parts:vuln , truth is vuln
------------------------------------------
Detecing CVE:CVE-2017-14164
Detection for: /data/zhangxb//binaries/target/openjpeg/openjpeg-2.1.1-o0-openjpeg
Result for opj_j2k_write_sot:vuln , truth is vuln
Result for opj_j2k_write_first_tile_part:patch , truth is vuln
Result for opj_j2k_write_all_tile_parts:vuln , truth is vuln
------------------------------------------
Detecing CVE:CVE-2017-14164
Detection for: /data/zhangxb//binaries/target/openjpeg/openjpeg-2.3.0-o0-openjpeg
Result for opj_j2k_write_sot:patch , truth is patch
Result for opj_j2k_write_first_tile_part:patch , truth is patch
Result for opj_j2k_write_all_tile_parts:patch , truth is patch
------------------------------------------
Detecing CVE:CVE-2017-14164
Detection for: /data/zhangxb//binaries/target/openjpeg/openjpeg-2.3.1-o0-openjpeg
Result for opj_j2k_write_sot:patch , truth is patch
Result for opj_j2k_write_first_tile_part:patch , truth is patch
Result for opj_j2k_write_all_tile_parts:patch , truth is patch
------------------------------------------
Detecing CVE:CVE-2017-14164
Detection for: /data/zhangxb//binaries/target/openjpeg/openjpeg-2.4.0-o0-openjpeg
Result for opj_j2k_write_sot:patch , truth is patch
Result for opj_j2k_write_first_tile_part:patch , truth is patch
Result for opj_j2k_write_all_tile_parts:patch , truth is patch
