CVE ID: CVE-2017-8395
Target Binary: /binaries/target_clang/binutils/binutils-2.28-o0-objdump
Vulnerable Function Name: bfd_init_section_compress_status
Overall Score is: 0.233
--------------------------------------------
CVE ID: CVE-2017-8395
Target Binary: /binaries/target_clang/binutils/binutils-2.29-o0-objdump
Vulnerable Function Name: bfd_init_section_compress_status
Overall Score is: 0.233
--------------------------------------------
CVE ID: CVE-2017-8395
Target Binary: /binaries/target_clang/binutils/binutils-2.29.1-o0-objdump
Vulnerable Function Name: bfd_init_section_compress_status
Overall Score is: 0.233
--------------------------------------------
CVE ID: CVE-2017-8395
Target Binary: /binaries/target_clang/binutils/binutils-2.30-o0-objdump
Vulnerable Function Name: bfd_init_section_compress_status
Overall Score is: 0.233
--------------------------------------------
CVE ID: CVE-2017-8396
Target Binary: /binaries/target_clang/binutils/binutils-2.28-o0-objdump
Vulnerable Function Name: _bfd_final_link_relocate
Overall Score is: -0.561
--------------------------------------------
CVE ID: CVE-2017-8396
Target Binary: /binaries/target_clang/binutils/binutils-2.29-o0-objdump
Vulnerable Function Name: _bfd_final_link_relocate
Overall Score is: 0.740
--------------------------------------------
CVE ID: CVE-2017-8396
Target Binary: /binaries/target_clang/binutils/binutils-2.29.1-o0-objdump
Vulnerable Function Name: _bfd_final_link_relocate
Overall Score is: 0.740
--------------------------------------------
CVE ID: CVE-2017-8396
Target Binary: /binaries/target_clang/binutils/binutils-2.30-o0-objdump
Vulnerable Function Name: _bfd_final_link_relocate
Overall Score is: 0.740
--------------------------------------------
CVE ID: CVE-2017-8396
Target Binary: /binaries/target_clang/binutils/binutils-2.28-o0-objdump
Vulnerable Function Name: bfd_install_relocation
Overall Score is: -0.888
--------------------------------------------
CVE ID: CVE-2017-8396
Target Binary: /binaries/target_clang/binutils/binutils-2.29-o0-objdump
Vulnerable Function Name: bfd_install_relocation
Overall Score is: 0.479
--------------------------------------------
CVE ID: CVE-2017-8396
Target Binary: /binaries/target_clang/binutils/binutils-2.29.1-o0-objdump
Vulnerable Function Name: bfd_install_relocation
Overall Score is: 0.479
--------------------------------------------
CVE ID: CVE-2017-8396
Target Binary: /binaries/target_clang/binutils/binutils-2.30-o0-objdump
Vulnerable Function Name: bfd_install_relocation
Overall Score is: 0.479
--------------------------------------------
CVE ID: CVE-2017-9954
Target Binary: /binaries/target_clang/binutils/binutils-2.28-o0-objdump
Vulnerable Function Name: pass_over
Overall Score is: 0.759
--------------------------------------------
CVE ID: CVE-2017-9954
Target Binary: /binaries/target_clang/binutils/binutils-2.29-o0-objdump
Vulnerable Function Name: pass_over
Overall Score is: 0.759
--------------------------------------------
CVE ID: CVE-2017-9954
Target Binary: /binaries/target_clang/binutils/binutils-2.29.1-o0-objdump
Vulnerable Function Name: pass_over
Overall Score is: 0.759
--------------------------------------------
CVE ID: CVE-2017-9954
Target Binary: /binaries/target_clang/binutils/binutils-2.30-o0-objdump
Vulnerable Function Name: pass_over
Overall Score is: 0.759
--------------------------------------------
CVE ID: CVE-2017-9954
Target Binary: /binaries/target_clang/binutils/binutils-2.28-o0-objdump
Vulnerable Function Name: getvalue
Overall Score is: -0.554
--------------------------------------------
CVE ID: CVE-2017-9954
Target Binary: /binaries/target_clang/binutils/binutils-2.29-o0-objdump
Vulnerable Function Name: getvalue
Overall Score is: 0.658
--------------------------------------------
CVE ID: CVE-2017-9954
Target Binary: /binaries/target_clang/binutils/binutils-2.29.1-o0-objdump
Vulnerable Function Name: getvalue
Overall Score is: 0.658
--------------------------------------------
CVE ID: CVE-2017-9954
Target Binary: /binaries/target_clang/binutils/binutils-2.30-o0-objdump
Vulnerable Function Name: getvalue
Overall Score is: 0.658
--------------------------------------------
CVE ID: CVE-2017-13710
Target Binary: /binaries/target_clang/binutils/binutils-2.29-o0-objdump
Vulnerable Function Name: setup_group
Overall Score is: -0.061
--------------------------------------------
CVE ID: CVE-2017-13710
Target Binary: /binaries/target_clang/binutils/binutils-2.29.1-o0-objdump
Vulnerable Function Name: setup_group
Overall Score is: -0.061
--------------------------------------------
CVE ID: CVE-2017-13710
Target Binary: /binaries/target_clang/binutils/binutils-2.30-o0-objdump
Vulnerable Function Name: setup_group
Overall Score is: -0.173
--------------------------------------------
CVE ID: CVE-2017-13710
Target Binary: /binaries/target_clang/binutils/binutils-2.31-o0-objdump
Vulnerable Function Name: setup_group
Overall Score is: -0.116
--------------------------------------------
CVE ID: CVE-2017-14129
Target Binary: /binaries/target_clang/binutils/binutils-2.29-o0-objdump
Vulnerable Function Name: read_section
Overall Score is: -0.366
--------------------------------------------
CVE ID: CVE-2017-14129
Target Binary: /binaries/target_clang/binutils/binutils-2.29.1-o0-objdump
Vulnerable Function Name: read_section
Overall Score is: -0.064
--------------------------------------------
CVE ID: CVE-2017-14129
Target Binary: /binaries/target_clang/binutils/binutils-2.30-o0-objdump
Vulnerable Function Name: read_section
Overall Score is: -0.209
--------------------------------------------
CVE ID: CVE-2017-14129
Target Binary: /binaries/target_clang/binutils/binutils-2.31-o0-objdump
Vulnerable Function Name: read_section
Overall Score is: -0.209
--------------------------------------------
CVE ID: CVE-2017-12448
Target Binary: /binaries/target_clang/binutils/binutils-2.29-o0-objdump
Vulnerable Function Name: bfd_generic_archive_p
Overall Score is: -0.006
--------------------------------------------
CVE ID: CVE-2017-12448
Target Binary: /binaries/target_clang/binutils/binutils-2.28-o0-objdump
Vulnerable Function Name: bfd_generic_archive_p
Overall Score is: -0.006
--------------------------------------------
CVE ID: CVE-2017-12448
Target Binary: /binaries/target_clang/binutils/binutils-2.29.1-o0-objdump
Vulnerable Function Name: bfd_generic_archive_p
Overall Score is: -0.006
--------------------------------------------
CVE ID: CVE-2017-12448
Target Binary: /binaries/target_clang/binutils/binutils-2.30-o0-objdump
Vulnerable Function Name: bfd_generic_archive_p
Overall Score is: -0.006
--------------------------------------------
CVE ID: CVE-2017-12448
Target Binary: /binaries/target_clang/binutils/binutils-2.31-o0-objdump
Vulnerable Function Name: bfd_generic_archive_p
Overall Score is: -0.006
--------------------------------------------
CVE ID: CVE-2017-15024
Target Binary: /binaries/target_clang/binutils/binutils-2.29-o0-objdump
Vulnerable Function Name: scan_unit_for_symbols
Overall Score is: 0.233
--------------------------------------------
CVE ID: CVE-2017-15024
Target Binary: /binaries/target_clang/binutils/binutils-2.29.1-o0-objdump
Vulnerable Function Name: scan_unit_for_symbols
Overall Score is: 0.233
--------------------------------------------
CVE ID: CVE-2017-15024
Target Binary: /binaries/target_clang/binutils/binutils-2.30-o0-objdump
Vulnerable Function Name: scan_unit_for_symbols
Overall Score is: 0.233
--------------------------------------------
CVE ID: CVE-2017-15024
Target Binary: /binaries/target_clang/binutils/binutils-2.31-o0-objdump
Vulnerable Function Name: scan_unit_for_symbols
Overall Score is: 0.233
--------------------------------------------
CVE ID: CVE-2017-15024
Target Binary: /binaries/target_clang/binutils/binutils-2.29-o0-objdump
Vulnerable Function Name: find_abstract_instance_name
Overall Score is: 0.295
--------------------------------------------
CVE ID: CVE-2017-15024
Target Binary: /binaries/target_clang/binutils/binutils-2.29.1-o0-objdump
Vulnerable Function Name: find_abstract_instance_name
Overall Score is: 0.295
--------------------------------------------
CVE ID: CVE-2017-15024
Target Binary: /binaries/target_clang/binutils/binutils-2.30-o0-objdump
Vulnerable Function Name: find_abstract_instance_name
Overall Score is: 0.209
--------------------------------------------
CVE ID: CVE-2017-15020
Target Binary: /binaries/target_clang/binutils/binutils-2.29-o0-objdump
Vulnerable Function Name: parse_line_table
Overall Score is: 0.196
--------------------------------------------
CVE ID: CVE-2017-15020
Target Binary: /binaries/target_clang/binutils/binutils-2.30-o0-objdump
Vulnerable Function Name: parse_line_table
Overall Score is: 0.294
--------------------------------------------
CVE ID: CVE-2017-15020
Target Binary: /binaries/target_clang/binutils/binutils-2.31-o0-objdump
Vulnerable Function Name: parse_line_table
Overall Score is: 0.294
--------------------------------------------
CVE ID: CVE-2017-15020
Target Binary: /binaries/target_clang/binutils/binutils-2.31.1-o0-objdump
Vulnerable Function Name: parse_line_table
Overall Score is: 0.294
--------------------------------------------
CVE ID: CVE-2017-15020
Target Binary: /binaries/target_clang/binutils/binutils-2.29-o0-objdump
Vulnerable Function Name: parse_die
Overall Score is: -0.517
--------------------------------------------
CVE ID: CVE-2017-15020
Target Binary: /binaries/target_clang/binutils/binutils-2.30-o0-objdump
Vulnerable Function Name: parse_die
Overall Score is: 0.258
--------------------------------------------
CVE ID: CVE-2017-15020
Target Binary: /binaries/target_clang/binutils/binutils-2.31-o0-objdump
Vulnerable Function Name: parse_die
Overall Score is: 0.258
--------------------------------------------
CVE ID: CVE-2017-15020
Target Binary: /binaries/target_clang/binutils/binutils-2.31.1-o0-objdump
Vulnerable Function Name: parse_die
Overall Score is: 0.258
--------------------------------------------
CVE ID: CVE-2017-14933
Target Binary: /binaries/target_clang/binutils/binutils-2.29-o0-objdump
Vulnerable Function Name: read_formatted_entries
Overall Score is: 0.702
--------------------------------------------
CVE ID: CVE-2017-14933
Target Binary: /binaries/target_clang/binutils/binutils-2.30-o0-objdump
Vulnerable Function Name: read_formatted_entries
Overall Score is: 0.581
--------------------------------------------
CVE ID: CVE-2017-14933
Target Binary: /binaries/target_clang/binutils/binutils-2.31-o0-objdump
Vulnerable Function Name: read_formatted_entries
Overall Score is: 0.581
--------------------------------------------
CVE ID: CVE-2017-14933
Target Binary: /binaries/target_clang/binutils/binutils-2.31.1-o0-objdump
Vulnerable Function Name: read_formatted_entries
Overall Score is: 0.581
--------------------------------------------
CVE ID: CVE-2017-15938
Target Binary: /binaries/target_clang/binutils/binutils-2.29-o0-objdump
Vulnerable Function Name: find_abstract_instance_name
Overall Score is: -0.777
--------------------------------------------
CVE ID: CVE-2017-15938
Target Binary: /binaries/target_clang/binutils/binutils-2.30-o0-objdump
Vulnerable Function Name: find_abstract_instance_name
Overall Score is: 0.885
--------------------------------------------
CVE ID: CVE-2017-15939
Target Binary: /binaries/target_clang/binutils/binutils-2.29-o0-objdump
Vulnerable Function Name: decode_line_info
Overall Score is: 0.178
--------------------------------------------
CVE ID: CVE-2017-15939
Target Binary: /binaries/target_clang/binutils/binutils-2.30-o0-objdump
Vulnerable Function Name: decode_line_info
Overall Score is: 0.178
--------------------------------------------
CVE ID: CVE-2017-15939
Target Binary: /binaries/target_clang/binutils/binutils-2.31-o0-objdump
Vulnerable Function Name: decode_line_info
Overall Score is: 0.178
--------------------------------------------
CVE ID: CVE-2017-15939
Target Binary: /binaries/target_clang/binutils/binutils-2.31.1-o0-objdump
Vulnerable Function Name: decode_line_info
Overall Score is: 0.178
--------------------------------------------
CVE ID: CVE-2017-15996
Target Binary: /binaries/target_clang/binutils/binutils-2.29-o0-objdump
Vulnerable Function Name: process_archive_index_and_symbols
Overall Score is: -0.035
--------------------------------------------
CVE ID: CVE-2017-15996
Target Binary: /binaries/target_clang/binutils/binutils-2.30-o0-objdump
Vulnerable Function Name: process_archive_index_and_symbols
Overall Score is: 0.256
--------------------------------------------
CVE ID: CVE-2017-15996
Target Binary: /binaries/target_clang/binutils/binutils-2.31-o0-objdump
Vulnerable Function Name: process_archive_index_and_symbols
Overall Score is: 0.256
--------------------------------------------
CVE ID: CVE-2017-15996
Target Binary: /binaries/target_clang/binutils/binutils-2.31.1-o0-objdump
Vulnerable Function Name: process_archive_index_and_symbols
Overall Score is: 0.256
--------------------------------------------
CVE ID: CVE-2017-16831
Target Binary: /binaries/target_clang/binutils/binutils-2.29.1-o0-objdump
Vulnerable Function Name: coff_get_normalized_symtab
Overall Score is: 0.289
--------------------------------------------
CVE ID: CVE-2017-16831
Target Binary: /binaries/target_clang/binutils/binutils-2.30-o0-objdump
Vulnerable Function Name: coff_get_normalized_symtab
Overall Score is: 0.375
--------------------------------------------
CVE ID: CVE-2017-16831
Target Binary: /binaries/target_clang/binutils/binutils-2.31-o0-objdump
Vulnerable Function Name: coff_get_normalized_symtab
Overall Score is: 0.376
--------------------------------------------
CVE ID: CVE-2017-16831
Target Binary: /binaries/target_clang/binutils/binutils-2.31.1-o0-objdump
Vulnerable Function Name: coff_get_normalized_symtab
Overall Score is: 0.376
--------------------------------------------
CVE ID: CVE-2017-16831
Target Binary: /binaries/target_clang/binutils/binutils-2.29.1-o0-objdump
Vulnerable Function Name: _bfd_coff_get_external_symbols
Overall Score is: 0.417
--------------------------------------------
CVE ID: CVE-2017-16831
Target Binary: /binaries/target_clang/binutils/binutils-2.30-o0-objdump
Vulnerable Function Name: _bfd_coff_get_external_symbols
Overall Score is: 0.417
--------------------------------------------
CVE ID: CVE-2017-16831
Target Binary: /binaries/target_clang/binutils/binutils-2.31-o0-objdump
Vulnerable Function Name: _bfd_coff_get_external_symbols
Overall Score is: 0.417
--------------------------------------------
CVE ID: CVE-2017-16831
Target Binary: /binaries/target_clang/binutils/binutils-2.31.1-o0-objdump
Vulnerable Function Name: _bfd_coff_get_external_symbols
Overall Score is: 0.417
--------------------------------------------
CVE ID: CVE-2017-17080
Target Binary: /binaries/target_clang/binutils/binutils-2.29.1-o0-objdump
Vulnerable Function Name: elfcore_grok_nto_status
Overall Score is: -0.777
--------------------------------------------
CVE ID: CVE-2017-17080
Target Binary: /binaries/target_clang/binutils/binutils-2.30-o0-objdump
Vulnerable Function Name: elfcore_grok_nto_status
Overall Score is: 0.402
--------------------------------------------
CVE ID: CVE-2017-17080
Target Binary: /binaries/target_clang/binutils/binutils-2.31-o0-objdump
Vulnerable Function Name: elfcore_grok_nto_status
Overall Score is: 0.402
--------------------------------------------
CVE ID: CVE-2017-17080
Target Binary: /binaries/target_clang/binutils/binutils-2.31.1-o0-objdump
Vulnerable Function Name: elfcore_grok_nto_status
Overall Score is: 0.402
--------------------------------------------
CVE ID: CVE-2018-7208
Target Binary: /binaries/target_clang/binutils/binutils-2.30-o0-objdump
Vulnerable Function Name: coff_pointerize_aux
Overall Score is: 0.140
--------------------------------------------
CVE ID: CVE-2018-7208
Target Binary: /binaries/target_clang/binutils/binutils-2.31-o0-objdump
Vulnerable Function Name: coff_pointerize_aux
Overall Score is: 0.169
--------------------------------------------
CVE ID: CVE-2018-7208
Target Binary: /binaries/target_clang/binutils/binutils-2.31.1-o0-objdump
Vulnerable Function Name: coff_pointerize_aux
Overall Score is: 0.169
--------------------------------------------
CVE ID: CVE-2018-7208
Target Binary: /binaries/target_clang/binutils/binutils-2.32-o0-objdump
Vulnerable Function Name: coff_pointerize_aux
Overall Score is: 0.128
--------------------------------------------
CVE ID: CVE-2018-6543
Target Binary: /binaries/target_clang/binutils/binutils-2.30-o0-objdump
Vulnerable Function Name: load_specific_debug_section
Overall Score is: 0.243
--------------------------------------------
CVE ID: CVE-2018-6543
Target Binary: /binaries/target_clang/binutils/binutils-2.31-o0-objdump
Vulnerable Function Name: load_specific_debug_section
Overall Score is: 0.097
--------------------------------------------
CVE ID: CVE-2018-6543
Target Binary: /binaries/target_clang/binutils/binutils-2.31.1-o0-objdump
Vulnerable Function Name: load_specific_debug_section
Overall Score is: 0.097
--------------------------------------------
CVE ID: CVE-2018-6543
Target Binary: /binaries/target_clang/binutils/binutils-2.32-o0-objdump
Vulnerable Function Name: load_specific_debug_section
Overall Score is: 0.614
--------------------------------------------
CVE ID: CVE-2018-6759
Target Binary: /binaries/target_clang/binutils/binutils-2.30-o0-objdump
Vulnerable Function Name: bfd_get_debug_link_info_1
Overall Score is: 0.611
--------------------------------------------
CVE ID: CVE-2018-6759
Target Binary: /binaries/target_clang/binutils/binutils-2.31-o0-objdump
Vulnerable Function Name: bfd_get_debug_link_info_1
Overall Score is: 0.611
--------------------------------------------
CVE ID: CVE-2018-6759
Target Binary: /binaries/target_clang/binutils/binutils-2.31.1-o0-objdump
Vulnerable Function Name: bfd_get_debug_link_info_1
Overall Score is: 0.611
--------------------------------------------
CVE ID: CVE-2018-6759
Target Binary: /binaries/target_clang/binutils/binutils-2.32-o0-objdump
Vulnerable Function Name: bfd_get_debug_link_info_1
Overall Score is: 0.611
--------------------------------------------
CVE ID: CVE-2018-10372
Target Binary: /binaries/target_clang/binutils/binutils-2.30-o0-objdump
Vulnerable Function Name: process_cu_tu_index
Overall Score is: 0.233
--------------------------------------------
CVE ID: CVE-2018-10372
Target Binary: /binaries/target_clang/binutils/binutils-2.31-o0-objdump
Vulnerable Function Name: process_cu_tu_index
Overall Score is: 0.233
--------------------------------------------
CVE ID: CVE-2018-10372
Target Binary: /binaries/target_clang/binutils/binutils-2.31.1-o0-objdump
Vulnerable Function Name: process_cu_tu_index
Overall Score is: 0.233
--------------------------------------------
CVE ID: CVE-2018-10372
Target Binary: /binaries/target_clang/binutils/binutils-2.32-o0-objdump
Vulnerable Function Name: process_cu_tu_index
Overall Score is: 0.233
--------------------------------------------
CVE ID: CVE-2018-10373
Target Binary: /binaries/target_clang/binutils/binutils-2.30-o0-objdump
Vulnerable Function Name: concat_filename
Overall Score is: -0.117
--------------------------------------------
CVE ID: CVE-2018-10373
Target Binary: /binaries/target_clang/binutils/binutils-2.31-o0-objdump
Vulnerable Function Name: concat_filename
Overall Score is: 0.534
--------------------------------------------
CVE ID: CVE-2018-10373
Target Binary: /binaries/target_clang/binutils/binutils-2.31.1-o0-objdump
Vulnerable Function Name: concat_filename
Overall Score is: 0.534
--------------------------------------------
CVE ID: CVE-2018-10373
Target Binary: /binaries/target_clang/binutils/binutils-2.32-o0-objdump
Vulnerable Function Name: concat_filename
Overall Score is: 0.534
--------------------------------------------
CVE ID: CVE-2018-8945
Target Binary: /binaries/target_clang/binutils/binutils-2.30-o0-objdump
Vulnerable Function Name: _bfd_elf_parse_attributes
Overall Score is: 0.342
--------------------------------------------
CVE ID: CVE-2018-8945
Target Binary: /binaries/target_clang/binutils/binutils-2.31-o0-objdump
Vulnerable Function Name: _bfd_elf_parse_attributes
Overall Score is: 0.342
--------------------------------------------
CVE ID: CVE-2018-8945
Target Binary: /binaries/target_clang/binutils/binutils-2.31.1-o0-objdump
Vulnerable Function Name: _bfd_elf_parse_attributes
Overall Score is: 0.342
--------------------------------------------
CVE ID: CVE-2018-8945
Target Binary: /binaries/target_clang/binutils/binutils-2.32-o0-objdump
Vulnerable Function Name: _bfd_elf_parse_attributes
Overall Score is: 0.342
--------------------------------------------
CVE ID: CVE-2018-18607
Target Binary: /binaries/target_clang/binutils/binutils-2.31-o0-objdump
Vulnerable Function Name: elf_link_input_bfd
Overall Score is: 0.233
--------------------------------------------
CVE ID: CVE-2018-18607
Target Binary: /binaries/target_clang/binutils/binutils-2.32-o0-objdump
Vulnerable Function Name: elf_link_input_bfd
Overall Score is: 0.233
--------------------------------------------
CVE ID: CVE-2018-18607
Target Binary: /binaries/target_clang/binutils/binutils-2.33.1-o0-objdump
Vulnerable Function Name: elf_link_input_bfd
Overall Score is: 0.233
--------------------------------------------
CVE ID: CVE-2018-18607
Target Binary: /binaries/target_clang/binutils/binutils-2.34-o0-objdump
Vulnerable Function Name: elf_link_input_bfd
Overall Score is: 0.233
--------------------------------------------
CVE ID: CVE-2018-20671
Target Binary: /binaries/target_clang/binutils/binutils-2.31.1-o0-objdump
Vulnerable Function Name: load_specific_debug_section
Overall Score is: -0.233
--------------------------------------------
CVE ID: CVE-2018-20671
Target Binary: /binaries/target_clang/binutils/binutils-2.31-o0-objdump
Vulnerable Function Name: load_specific_debug_section
Overall Score is: -0.233
--------------------------------------------
CVE ID: CVE-2018-20671
Target Binary: /binaries/target_clang/binutils/binutils-2.30-o0-objdump
Vulnerable Function Name: load_specific_debug_section
Overall Score is: -0.111
--------------------------------------------
CVE ID: CVE-2018-20671
Target Binary: /binaries/target_clang/binutils/binutils-2.32-o0-objdump
Vulnerable Function Name: load_specific_debug_section
Overall Score is: 0.874
--------------------------------------------
CVE ID: CVE-2018-20671
Target Binary: /binaries/target_clang/binutils/binutils-2.33.1-o0-objdump
Vulnerable Function Name: load_specific_debug_section
Overall Score is: -0.097
--------------------------------------------
CVE ID: CVE-2018-20671
Target Binary: /binaries/target_clang/binutils/binutils-2.34-o0-objdump
Vulnerable Function Name: load_specific_debug_section
Overall Score is: 0.865
--------------------------------------------
CVE ID: CVE-2021-20294
Target Binary: /binaries/target_clang/binutils/binutils-2.35.1-o0-readelf
Vulnerable Function Name: print_dynamic_symbol
Overall Score is: 0.624
--------------------------------------------
CVE ID: CVE-2021-20294
Target Binary: /binaries/target_clang/binutils/binutils-2.35-o0-readelf
Vulnerable Function Name: print_dynamic_symbol
Overall Score is: 0.624
--------------------------------------------
CVE ID: CVE-2021-20294
Target Binary: /binaries/target_clang/binutils/binutils-2.35.2-o0-readelf
Vulnerable Function Name: print_dynamic_symbol
Overall Score is: 0.624
--------------------------------------------
CVE ID: CVE-2021-20294
Target Binary: /binaries/target_clang/binutils/binutils-2.36.1-o0-readelf
Vulnerable Function Name: print_dynamic_symbol
Overall Score is: 0.624
--------------------------------------------
CVE ID: CVE-2021-20294
Target Binary: /binaries/target_clang/binutils/binutils-2.37-o0-readelf
Vulnerable Function Name: print_dynamic_symbol
Overall Score is: 0.387
--------------------------------------------
CVE ID: CVE-2021-45078
Target Binary: /binaries/target_clang/binutils/binutils-2.37-o0-objdump
Vulnerable Function Name: stab_xcoff_builtin_type
Overall Score is: -0.658
--------------------------------------------
CVE ID: CVE-2021-45078
Target Binary: /binaries/target_clang/binutils/binutils-2.36.1-o0-objdump
Vulnerable Function Name: stab_xcoff_builtin_type
Overall Score is: -0.658
--------------------------------------------
CVE ID: CVE-2021-45078
Target Binary: /binaries/target_clang/binutils/binutils-2.35.2-o0-objdump
Vulnerable Function Name: stab_xcoff_builtin_type
Overall Score is: -0.658
--------------------------------------------
CVE ID: CVE-2021-45078
Target Binary: /binaries/target_clang/binutils/binutils-2.38-o0-objdump
Vulnerable Function Name: stab_xcoff_builtin_type
Overall Score is: -0.117
--------------------------------------------
CVE ID: CVE-2021-45078
Target Binary: /binaries/target_clang/binutils/binutils-2.39-o0-objdump
Vulnerable Function Name: stab_xcoff_builtin_type
Overall Score is: -0.117
--------------------------------------------
CVE ID: CVE-2023-25586
Target Binary: /binaries/target_clang/binutils/binutils-2.41-o0-objdump
Vulnerable Function Name: bfd_init_section_decompress_status
Overall Score is: 0.315
--------------------------------------------
CVE ID: CVE-2023-25586
Target Binary: /binaries/target_clang/binutils/binutils-2.42-o0-objdump
Vulnerable Function Name: bfd_init_section_decompress_status
Overall Score is: 0.315
--------------------------------------------
CVE ID: CVE-2023-25586
Target Binary: /binaries/target_clang/binutils/binutils-2.43-o0-objdump
Vulnerable Function Name: bfd_init_section_decompress_status
Overall Score is: 0.315
--------------------------------------------
CVE ID: CVE-2022-48065
Target Binary: /binaries/target_clang/binutils/binutils-2.39-o0-objdump
Vulnerable Function Name: find_abstract_instance
Overall Score is: 0.233
--------------------------------------------
CVE ID: CVE-2022-48065
Target Binary: /binaries/target_clang/binutils/binutils-2.38-o0-objdump
Vulnerable Function Name: find_abstract_instance
Overall Score is: 0.233
--------------------------------------------
CVE ID: CVE-2022-48065
Target Binary: /binaries/target_clang/binutils/binutils-2.37-o0-objdump
Vulnerable Function Name: find_abstract_instance
Overall Score is: 0.233
--------------------------------------------
CVE ID: CVE-2022-48065
Target Binary: /binaries/target_clang/binutils/binutils-2.41-o0-objdump
Vulnerable Function Name: find_abstract_instance
Overall Score is: 0.233
--------------------------------------------
CVE ID: CVE-2022-48065
Target Binary: /binaries/target_clang/binutils/binutils-2.42-o0-objdump
Vulnerable Function Name: find_abstract_instance
Overall Score is: 0.233
--------------------------------------------
CVE ID: CVE-2017-15023
Target Binary: /binaries/target_clang/binutils/binutils-2.29-o0-objdump
Vulnerable Function Name: read_formatted_entries
Overall Score is: -0.537
--------------------------------------------
CVE ID: CVE-2017-15023
Target Binary: /binaries/target_clang/binutils/binutils-2.30-o0-objdump
Vulnerable Function Name: read_formatted_entries
Overall Score is: 0.950
--------------------------------------------
CVE ID: CVE-2017-15023
Target Binary: /binaries/target_clang/binutils/binutils-2.31-o0-objdump
Vulnerable Function Name: read_formatted_entries
Overall Score is: 0.951
--------------------------------------------
CVE ID: CVE-2017-15023
Target Binary: /binaries/target_clang/binutils/binutils-2.31.1-o0-objdump
Vulnerable Function Name: read_formatted_entries
Overall Score is: 0.951
--------------------------------------------