CVE ID: CVE-2017-2629
Target Binary: /binaries/target_clang/curl/curl-7.52.1-o0-curl
Vulnerable Function Name: allocate_conn
Overall Score is: 0.286
--------------------------------------------
CVE ID: CVE-2017-2629
Target Binary: /binaries/target_clang/curl/curl-7.52.0-o0-curl
Vulnerable Function Name: allocate_conn
Overall Score is: 0.286
--------------------------------------------
CVE ID: CVE-2017-2629
Target Binary: /binaries/target_clang/curl/curl-7.51.0-o0-curl
Vulnerable Function Name: allocate_conn
Overall Score is: 0.317
--------------------------------------------
CVE ID: CVE-2017-2629
Target Binary: /binaries/target_clang/curl/curl-7.53.0-o0-curl
Vulnerable Function Name: allocate_conn
Overall Score is: 0.373
--------------------------------------------
CVE ID: CVE-2017-2629
Target Binary: /binaries/target_clang/curl/curl-7.53.1-o0-curl
Vulnerable Function Name: allocate_conn
Overall Score is: 0.318
--------------------------------------------
CVE ID: CVE-2017-2629
Target Binary: /binaries/target_clang/curl/curl-7.54.0-o0-curl
Vulnerable Function Name: allocate_conn
Overall Score is: 0.226
--------------------------------------------
CVE ID: CVE-2013-1944
Target Binary: /binaries/target_clang/curl/curl-7.29.0-o0-curl
Vulnerable Function Name: tailmatch
Overall Score is: 0.164
--------------------------------------------
CVE ID: CVE-2013-1944
Target Binary: /binaries/target_clang/curl/curl-7.30.0-o0-curl
Vulnerable Function Name: tailmatch
Overall Score is: 0.537
--------------------------------------------
CVE ID: CVE-2013-1944
Target Binary: /binaries/target_clang/curl/curl-7.31.0-o0-curl
Vulnerable Function Name: tailmatch
Overall Score is: 0.537
--------------------------------------------
CVE ID: CVE-2013-1944
Target Binary: /binaries/target_clang/curl/curl-7.32.0-o0-curl
Vulnerable Function Name: tailmatch
Overall Score is: 0.537
--------------------------------------------
CVE ID: CVE-2018-1000301
Target Binary: /binaries/target_clang/curl/curl-7.59.0-o0-curl
Vulnerable Function Name: Curl_http_readwrite_headers
Overall Score is: 0.415
--------------------------------------------
CVE ID: CVE-2018-1000301
Target Binary: /binaries/target_clang/curl/curl-7.58.0-o0-curl
Vulnerable Function Name: Curl_http_readwrite_headers
Overall Score is: 0.433
--------------------------------------------
CVE ID: CVE-2018-1000301
Target Binary: /binaries/target_clang/curl/curl-7.57.0-o0-curl
Vulnerable Function Name: Curl_http_readwrite_headers
Overall Score is: 0.283
--------------------------------------------
CVE ID: CVE-2018-1000301
Target Binary: /binaries/target_clang/curl/curl-7.60.0-o0-curl
Vulnerable Function Name: Curl_http_readwrite_headers
Overall Score is: 0.433
--------------------------------------------
CVE ID: CVE-2018-1000301
Target Binary: /binaries/target_clang/curl/curl-7.61.0-o0-curl
Vulnerable Function Name: Curl_http_readwrite_headers
Overall Score is: 0.464
--------------------------------------------
CVE ID: CVE-2018-1000301
Target Binary: /binaries/target_clang/curl/curl-7.61.1-o0-curl
Vulnerable Function Name: Curl_http_readwrite_headers
Overall Score is: 0.380
--------------------------------------------
CVE ID: CVE-2017-9502
Target Binary: /binaries/target_clang/curl/curl-7.54.0-o0-curl
Vulnerable Function Name: parseurlandfillconn
Overall Score is: 0.108
--------------------------------------------
CVE ID: CVE-2017-9502
Target Binary: /binaries/target_clang/curl/curl-7.53.1-o0-curl
Vulnerable Function Name: parseurlandfillconn
Overall Score is: 0.108
--------------------------------------------
CVE ID: CVE-2017-9502
Target Binary: /binaries/target_clang/curl/curl-7.53.0-o0-curl
Vulnerable Function Name: parseurlandfillconn
Overall Score is: 0.108
--------------------------------------------
CVE ID: CVE-2017-9502
Target Binary: /binaries/target_clang/curl/curl-7.54.1-o0-curl
Vulnerable Function Name: parseurlandfillconn
Overall Score is: 0.111
--------------------------------------------
CVE ID: CVE-2017-9502
Target Binary: /binaries/target_clang/curl/curl-7.55.0-o0-curl
Vulnerable Function Name: parseurlandfillconn
Overall Score is: 0.159
--------------------------------------------
CVE ID: CVE-2017-9502
Target Binary: /binaries/target_clang/curl/curl-7.55.1-o0-curl
Vulnerable Function Name: parseurlandfillconn
Overall Score is: 0.159
--------------------------------------------
CVE ID: CVE-2018-16839
Target Binary: /binaries/target_clang/curl/curl-7.61.1-o0-curl
Vulnerable Function Name: Curl_auth_create_plain_message
Overall Score is: 0.234
--------------------------------------------
CVE ID: CVE-2018-16839
Target Binary: /binaries/target_clang/curl/curl-7.61.0-o0-curl
Vulnerable Function Name: Curl_auth_create_plain_message
Overall Score is: 0.234
--------------------------------------------
CVE ID: CVE-2018-16839
Target Binary: /binaries/target_clang/curl/curl-7.60.0-o0-curl
Vulnerable Function Name: Curl_auth_create_plain_message
Overall Score is: 0.234
--------------------------------------------
CVE ID: CVE-2018-16839
Target Binary: /binaries/target_clang/curl/curl-7.62.0-o0-curl
Vulnerable Function Name: Curl_auth_create_plain_message
Overall Score is: 0.236
--------------------------------------------
CVE ID: CVE-2018-16839
Target Binary: /binaries/target_clang/curl/curl-7.63.0-o0-curl
Vulnerable Function Name: Curl_auth_create_plain_message
Overall Score is: 0.236
--------------------------------------------
CVE ID: CVE-2018-16839
Target Binary: /binaries/target_clang/curl/curl-7.64.0-o0-curl
Vulnerable Function Name: Curl_auth_create_plain_message
Overall Score is: 0.236
--------------------------------------------
CVE ID: CVE-2023-46219
Target Binary: /binaries/target_clang/curl/curl-8.4.0-o0-curl
Vulnerable Function Name: Curl_fopen
Overall Score is: -0.667
--------------------------------------------
CVE ID: CVE-2023-46219
Target Binary: /binaries/target_clang/curl/curl-8.2.1-o0-curl
Vulnerable Function Name: Curl_fopen
Overall Score is: -0.667
--------------------------------------------
CVE ID: CVE-2023-46219
Target Binary: /binaries/target_clang/curl/curl-8.2.0-o0-curl
Vulnerable Function Name: Curl_fopen
Overall Score is: -0.667
--------------------------------------------
CVE ID: CVE-2023-46219
Target Binary: /binaries/target_clang/curl/curl-8.5.0-o0-curl
Vulnerable Function Name: Curl_fopen
Overall Score is: -0.348
--------------------------------------------
CVE ID: CVE-2023-46219
Target Binary: /binaries/target_clang/curl/curl-8.6.0-o0-curl
Vulnerable Function Name: Curl_fopen
Overall Score is: -0.348
--------------------------------------------
CVE ID: CVE-2023-46219
Target Binary: /binaries/target_clang/curl/curl-8.7.1-o0-curl
Vulnerable Function Name: Curl_fopen
Overall Score is: -0.348
--------------------------------------------
CVE ID: CVE-2016-8621
Target Binary: /binaries/target_clang/curl/curl-7.50.3-o0-curl
Vulnerable Function Name: parsedate
Overall Score is: 0.233
--------------------------------------------
CVE ID: CVE-2016-8621
Target Binary: /binaries/target_clang/curl/curl-7.50.2-o0-curl
Vulnerable Function Name: parsedate
Overall Score is: 0.233
--------------------------------------------
CVE ID: CVE-2016-8621
Target Binary: /binaries/target_clang/curl/curl-7.50.1-o0-curl
Vulnerable Function Name: parsedate
Overall Score is: 0.233
--------------------------------------------
CVE ID: CVE-2016-8621
Target Binary: /binaries/target_clang/curl/curl-7.51.0-o0-curl
Vulnerable Function Name: parsedate
Overall Score is: 0.233
--------------------------------------------
CVE ID: CVE-2016-8621
Target Binary: /binaries/target_clang/curl/curl-7.52.0-o0-curl
Vulnerable Function Name: parsedate
Overall Score is: 0.233
--------------------------------------------
CVE ID: CVE-2016-8621
Target Binary: /binaries/target_clang/curl/curl-7.52.1-o0-curl
Vulnerable Function Name: parsedate
Overall Score is: 0.233
--------------------------------------------
CVE ID: CVE-2018-0500
Target Binary: /binaries/target_clang/curl/curl-7.60.0-o0-curl
Vulnerable Function Name: Curl_smtp_escape_eob
Overall Score is: 0.387
--------------------------------------------
CVE ID: CVE-2018-0500
Target Binary: /binaries/target_clang/curl/curl-7.59.0-o0-curl
Vulnerable Function Name: Curl_smtp_escape_eob
Overall Score is: 0.387
--------------------------------------------
CVE ID: CVE-2018-0500
Target Binary: /binaries/target_clang/curl/curl-7.58.0-o0-curl
Vulnerable Function Name: Curl_smtp_escape_eob
Overall Score is: 0.387
--------------------------------------------
CVE ID: CVE-2018-0500
Target Binary: /binaries/target_clang/curl/curl-7.61.0-o0-curl
Vulnerable Function Name: Curl_smtp_escape_eob
Overall Score is: 0.342
--------------------------------------------
CVE ID: CVE-2018-0500
Target Binary: /binaries/target_clang/curl/curl-7.61.1-o0-curl
Vulnerable Function Name: Curl_smtp_escape_eob
Overall Score is: 0.342
--------------------------------------------
CVE ID: CVE-2018-0500
Target Binary: /binaries/target_clang/curl/curl-7.62.0-o0-curl
Vulnerable Function Name: Curl_smtp_escape_eob
Overall Score is: 0.387
--------------------------------------------
CVE ID: CVE-2014-0015
Target Binary: /binaries/target_clang/curl/curl-7.34.0-o0-curl
Vulnerable Function Name: ConnectionExists
Overall Score is: 0.233
--------------------------------------------
CVE ID: CVE-2014-0015
Target Binary: /binaries/target_clang/curl/curl-7.33.0-o0-curl
Vulnerable Function Name: ConnectionExists
Overall Score is: 0.233
--------------------------------------------
CVE ID: CVE-2014-0015
Target Binary: /binaries/target_clang/curl/curl-7.32.0-o0-curl
Vulnerable Function Name: ConnectionExists
Overall Score is: 0.233
--------------------------------------------
CVE ID: CVE-2014-0015
Target Binary: /binaries/target_clang/curl/curl-7.35.0-o0-curl
Vulnerable Function Name: ConnectionExists
Overall Score is: 0.272
--------------------------------------------
CVE ID: CVE-2014-0015
Target Binary: /binaries/target_clang/curl/curl-7.36.0-o0-curl
Vulnerable Function Name: ConnectionExists
Overall Score is: 0.272
--------------------------------------------
CVE ID: CVE-2014-0015
Target Binary: /binaries/target_clang/curl/curl-7.37.0-o0-curl
Vulnerable Function Name: ConnectionExists
Overall Score is: 0.272
--------------------------------------------
CVE ID: CVE-2017-8817
Target Binary: /binaries/target_clang/curl/curl-7.56.1-o0-curl
Vulnerable Function Name: setcharset
Overall Score is: -0.698
--------------------------------------------
CVE ID: CVE-2017-8817
Target Binary: /binaries/target_clang/curl/curl-7.56.0-o0-curl
Vulnerable Function Name: setcharset
Overall Score is: -0.698
--------------------------------------------
CVE ID: CVE-2017-8817
Target Binary: /binaries/target_clang/curl/curl-7.55.1-o0-curl
Vulnerable Function Name: setcharset
Overall Score is: -0.698
--------------------------------------------
CVE ID: CVE-2017-8817
Target Binary: /binaries/target_clang/curl/curl-7.57.0-o0-curl
Vulnerable Function Name: setcharset
Overall Score is: 0.759
--------------------------------------------
CVE ID: CVE-2017-8817
Target Binary: /binaries/target_clang/curl/curl-7.58.0-o0-curl
Vulnerable Function Name: setcharset
Overall Score is: 0.759
--------------------------------------------
CVE ID: CVE-2017-8817
Target Binary: /binaries/target_clang/curl/curl-7.59.0-o0-curl
Vulnerable Function Name: setcharset
Overall Score is: 0.756
--------------------------------------------
CVE ID: CVE-2019-5482
Target Binary: /binaries/target_clang/curl/curl-7.65.3-o0-curl
Vulnerable Function Name: tftp_connect
Overall Score is: 0.646
--------------------------------------------
CVE ID: CVE-2019-5482
Target Binary: /binaries/target_clang/curl/curl-7.65.2-o0-curl
Vulnerable Function Name: tftp_connect
Overall Score is: 0.646
--------------------------------------------
CVE ID: CVE-2019-5482
Target Binary: /binaries/target_clang/curl/curl-7.65.1-o0-curl
Vulnerable Function Name: tftp_connect
Overall Score is: 0.674
--------------------------------------------
CVE ID: CVE-2019-5482
Target Binary: /binaries/target_clang/curl/curl-7.66.0-o0-curl
Vulnerable Function Name: tftp_connect
Overall Score is: 0.598
--------------------------------------------
CVE ID: CVE-2019-5482
Target Binary: /binaries/target_clang/curl/curl-7.67.0-o0-curl
Vulnerable Function Name: tftp_connect
Overall Score is: 0.646
--------------------------------------------
CVE ID: CVE-2019-5482
Target Binary: /binaries/target_clang/curl/curl-7.68.0-o0-curl
Vulnerable Function Name: tftp_connect
Overall Score is: 0.646
--------------------------------------------
CVE ID: CVE-2016-8624
Target Binary: /binaries/target_clang/curl/curl-7.50.3-o0-curl
Vulnerable Function Name: parseurlandfillconn
Overall Score is: 0.219
--------------------------------------------
CVE ID: CVE-2016-8624
Target Binary: /binaries/target_clang/curl/curl-7.50.2-o0-curl
Vulnerable Function Name: parseurlandfillconn
Overall Score is: 0.219
--------------------------------------------
CVE ID: CVE-2016-8624
Target Binary: /binaries/target_clang/curl/curl-7.50.1-o0-curl
Vulnerable Function Name: parseurlandfillconn
Overall Score is: 0.219
--------------------------------------------
CVE ID: CVE-2016-8624
Target Binary: /binaries/target_clang/curl/curl-7.51.0-o0-curl
Vulnerable Function Name: parseurlandfillconn
Overall Score is: 0.247
--------------------------------------------
CVE ID: CVE-2016-8624
Target Binary: /binaries/target_clang/curl/curl-7.52.0-o0-curl
Vulnerable Function Name: parseurlandfillconn
Overall Score is: 0.233
--------------------------------------------
CVE ID: CVE-2016-8624
Target Binary: /binaries/target_clang/curl/curl-7.52.1-o0-curl
Vulnerable Function Name: parseurlandfillconn
Overall Score is: 0.233
--------------------------------------------
CVE ID: CVE-2016-8618
Target Binary: /binaries/target_clang/curl/curl-7.50.3-o0-curl
Vulnerable Function Name: alloc_addbyter
Overall Score is: 0.274
--------------------------------------------
CVE ID: CVE-2016-8618
Target Binary: /binaries/target_clang/curl/curl-7.50.2-o0-curl
Vulnerable Function Name: alloc_addbyter
Overall Score is: 0.274
--------------------------------------------
CVE ID: CVE-2016-8618
Target Binary: /binaries/target_clang/curl/curl-7.50.1-o0-curl
Vulnerable Function Name: alloc_addbyter
Overall Score is: 0.274
--------------------------------------------
CVE ID: CVE-2016-8618
Target Binary: /binaries/target_clang/curl/curl-7.51.0-o0-curl
Vulnerable Function Name: alloc_addbyter
Overall Score is: 0.274
--------------------------------------------
CVE ID: CVE-2016-8618
Target Binary: /binaries/target_clang/curl/curl-7.52.0-o0-curl
Vulnerable Function Name: alloc_addbyter
Overall Score is: 0.274
--------------------------------------------
CVE ID: CVE-2016-8618
Target Binary: /binaries/target_clang/curl/curl-7.52.1-o0-curl
Vulnerable Function Name: alloc_addbyter
Overall Score is: 0.274
--------------------------------------------
CVE ID: CVE-2016-9594
Target Binary: /binaries/target_clang/curl/curl-7.52.0-o0-curl
Vulnerable Function Name: randit
Overall Score is: 0.197
--------------------------------------------
CVE ID: CVE-2016-9594
Target Binary: /binaries/target_clang/curl/curl-7.52.1-o0-curl
Vulnerable Function Name: randit
Overall Score is: 0.197
--------------------------------------------
CVE ID: CVE-2016-9594
Target Binary: /binaries/target_clang/curl/curl-7.53.0-o0-curl
Vulnerable Function Name: randit
Overall Score is: 0.197
--------------------------------------------
CVE ID: CVE-2016-9594
Target Binary: /binaries/target_clang/curl/curl-7.53.1-o0-curl
Vulnerable Function Name: randit
Overall Score is: 0.197
--------------------------------------------
CVE ID: CVE-2020-8284
Target Binary: /binaries/target_clang/curl/curl-7.73.0-o0-curl
Vulnerable Function Name: Curl_init_userdefined
Overall Score is: 0.210
--------------------------------------------
CVE ID: CVE-2020-8284
Target Binary: /binaries/target_clang/curl/curl-7.72.0-o0-curl
Vulnerable Function Name: Curl_init_userdefined
Overall Score is: 0.216
--------------------------------------------
CVE ID: CVE-2020-8284
Target Binary: /binaries/target_clang/curl/curl-7.71.1-o0-curl
Vulnerable Function Name: Curl_init_userdefined
Overall Score is: 0.216
--------------------------------------------
CVE ID: CVE-2020-8284
Target Binary: /binaries/target_clang/curl/curl-7.74.0-o0-curl
Vulnerable Function Name: Curl_init_userdefined
Overall Score is: 0.214
--------------------------------------------
CVE ID: CVE-2020-8284
Target Binary: /binaries/target_clang/curl/curl-7.75.0-o0-curl
Vulnerable Function Name: Curl_init_userdefined
Overall Score is: 0.208
--------------------------------------------
CVE ID: CVE-2020-8284
Target Binary: /binaries/target_clang/curl/curl-7.76.0-o0-curl
Vulnerable Function Name: Curl_init_userdefined
Overall Score is: 0.204
--------------------------------------------
CVE ID: CVE-2020-8177
Target Binary: /binaries/target_clang/curl/curl-7.70.0-o0-curl
Vulnerable Function Name: getparameter
Overall Score is: 0.233
--------------------------------------------
CVE ID: CVE-2020-8177
Target Binary: /binaries/target_clang/curl/curl-7.69.1-o0-curl
Vulnerable Function Name: getparameter
Overall Score is: 0.233
--------------------------------------------
CVE ID: CVE-2020-8177
Target Binary: /binaries/target_clang/curl/curl-7.69.0-o0-curl
Vulnerable Function Name: getparameter
Overall Score is: 0.233
--------------------------------------------
CVE ID: CVE-2020-8177
Target Binary: /binaries/target_clang/curl/curl-7.71.0-o0-curl
Vulnerable Function Name: getparameter
Overall Score is: 0.233
--------------------------------------------
CVE ID: CVE-2020-8177
Target Binary: /binaries/target_clang/curl/curl-7.71.1-o0-curl
Vulnerable Function Name: getparameter
Overall Score is: 0.233
--------------------------------------------
CVE ID: CVE-2020-8177
Target Binary: /binaries/target_clang/curl/curl-7.72.0-o0-curl
Vulnerable Function Name: getparameter
Overall Score is: 0.233
--------------------------------------------
CVE ID: CVE-2017-8818
Target Binary: /binaries/target_clang/curl/curl-7.56.1-o0-curl
Vulnerable Function Name: allocate_conn
Overall Score is: 0.632
--------------------------------------------
CVE ID: CVE-2017-8818
Target Binary: /binaries/target_clang/curl/curl-7.56.0-o0-curl
Vulnerable Function Name: allocate_conn
Overall Score is: 0.632
--------------------------------------------
CVE ID: CVE-2017-8818
Target Binary: /binaries/target_clang/curl/curl-7.57.0-o0-curl
Vulnerable Function Name: allocate_conn
Overall Score is: 0.407
--------------------------------------------
CVE ID: CVE-2017-8818
Target Binary: /binaries/target_clang/curl/curl-7.58.0-o0-curl
Vulnerable Function Name: allocate_conn
Overall Score is: -0.046
--------------------------------------------
CVE ID: CVE-2017-8818
Target Binary: /binaries/target_clang/curl/curl-7.59.0-o0-curl
Vulnerable Function Name: allocate_conn
Overall Score is: -0.046
--------------------------------------------
CVE ID: CVE-2017-8816
Target Binary: /binaries/target_clang/curl/curl-7.56.1-o0-curl
Vulnerable Function Name: Curl_ntlm_core_mk_ntlmv2_hash
Overall Score is: -0.182
--------------------------------------------
CVE ID: CVE-2017-8816
Target Binary: /binaries/target_clang/curl/curl-7.56.0-o0-curl
Vulnerable Function Name: Curl_ntlm_core_mk_ntlmv2_hash
Overall Score is: -0.182
--------------------------------------------
CVE ID: CVE-2017-8816
Target Binary: /binaries/target_clang/curl/curl-7.55.1-o0-curl
Vulnerable Function Name: Curl_ntlm_core_mk_ntlmv2_hash
Overall Score is: -0.182
--------------------------------------------
CVE ID: CVE-2017-8816
Target Binary: /binaries/target_clang/curl/curl-7.57.0-o0-curl
Vulnerable Function Name: Curl_ntlm_core_mk_ntlmv2_hash
Overall Score is: 0.824
--------------------------------------------
CVE ID: CVE-2017-8816
Target Binary: /binaries/target_clang/curl/curl-7.58.0-o0-curl
Vulnerable Function Name: Curl_ntlm_core_mk_ntlmv2_hash
Overall Score is: 0.824
--------------------------------------------
CVE ID: CVE-2017-8816
Target Binary: /binaries/target_clang/curl/curl-7.59.0-o0-curl
Vulnerable Function Name: Curl_ntlm_core_mk_ntlmv2_hash
Overall Score is: 0.824
--------------------------------------------
CVE ID: CVE-2016-8625
Target Binary: /binaries/target_clang/curl/curl-7.50.3-o0-curl
Vulnerable Function Name: curl_version
Overall Score is: -0.830
--------------------------------------------
CVE ID: CVE-2016-8625
Target Binary: /binaries/target_clang/curl/curl-7.50.2-o0-curl
Vulnerable Function Name: curl_version
Overall Score is: -0.830
--------------------------------------------
CVE ID: CVE-2016-8625
Target Binary: /binaries/target_clang/curl/curl-7.50.1-o0-curl
Vulnerable Function Name: curl_version
Overall Score is: -0.830
--------------------------------------------
CVE ID: CVE-2016-8625
Target Binary: /binaries/target_clang/curl/curl-7.51.0-o0-curl
Vulnerable Function Name: curl_version
Overall Score is: -0.049
--------------------------------------------
CVE ID: CVE-2016-8625
Target Binary: /binaries/target_clang/curl/curl-7.52.0-o0-curl
Vulnerable Function Name: curl_version
Overall Score is: 0.149
--------------------------------------------
CVE ID: CVE-2016-8625
Target Binary: /binaries/target_clang/curl/curl-7.52.1-o0-curl
Vulnerable Function Name: curl_version
Overall Score is: 0.149
--------------------------------------------
CVE ID: CVE-2016-8625
Target Binary: /binaries/target_clang/curl/curl-7.50.3-o0-curl
Vulnerable Function Name: curl_version_info
Overall Score is: 0.148
--------------------------------------------
CVE ID: CVE-2016-8625
Target Binary: /binaries/target_clang/curl/curl-7.50.2-o0-curl
Vulnerable Function Name: curl_version_info
Overall Score is: 0.148
--------------------------------------------
CVE ID: CVE-2016-8625
Target Binary: /binaries/target_clang/curl/curl-7.50.1-o0-curl
Vulnerable Function Name: curl_version_info
Overall Score is: 0.148
--------------------------------------------
CVE ID: CVE-2016-8625
Target Binary: /binaries/target_clang/curl/curl-7.51.0-o0-curl
Vulnerable Function Name: curl_version_info
Overall Score is: 0.424
--------------------------------------------
CVE ID: CVE-2016-8625
Target Binary: /binaries/target_clang/curl/curl-7.52.0-o0-curl
Vulnerable Function Name: curl_version_info
Overall Score is: 0.424
--------------------------------------------
CVE ID: CVE-2016-8625
Target Binary: /binaries/target_clang/curl/curl-7.52.1-o0-curl
Vulnerable Function Name: curl_version_info
Overall Score is: 0.424
--------------------------------------------
CVE ID: CVE-2016-8625
Target Binary: /binaries/target_clang/curl/curl-7.50.3-o0-curl
Vulnerable Function Name: fix_hostname
Overall Score is: -0.694
--------------------------------------------
CVE ID: CVE-2016-8625
Target Binary: /binaries/target_clang/curl/curl-7.50.2-o0-curl
Vulnerable Function Name: fix_hostname
Overall Score is: -0.694
--------------------------------------------
CVE ID: CVE-2016-8625
Target Binary: /binaries/target_clang/curl/curl-7.50.1-o0-curl
Vulnerable Function Name: fix_hostname
Overall Score is: -0.694
--------------------------------------------
CVE ID: CVE-2016-8625
Target Binary: /binaries/target_clang/curl/curl-7.51.0-o0-curl
Vulnerable Function Name: fix_hostname
Overall Score is: 0.191
--------------------------------------------
CVE ID: CVE-2016-8625
Target Binary: /binaries/target_clang/curl/curl-7.52.0-o0-curl
Vulnerable Function Name: fix_hostname
Overall Score is: 0.191
--------------------------------------------
CVE ID: CVE-2016-8625
Target Binary: /binaries/target_clang/curl/curl-7.52.1-o0-curl
Vulnerable Function Name: fix_hostname
Overall Score is: 0.191