--------------------------------------------
CVE ID: CVE-2016-10065
Target Binary: /binaries/target_clang/imagemagick/imagemagick-7.0.1-1-o0-magickcore
Vulnerable Function Name: ImportGrayQuantum
Overall Score is: 0.233
--------------------------------------------
CVE ID: CVE-2016-10065
Target Binary: /binaries/target_clang/imagemagick/imagemagick-7.0.1-2-o0-magickcore
Vulnerable Function Name: ImportGrayQuantum
Overall Score is: 0.233
--------------------------------------------
CVE ID: CVE-2016-10065
Target Binary: /binaries/target_clang/imagemagick/imagemagick-7.0.1-3-o0-magickcore
Vulnerable Function Name: ImportGrayQuantum
Overall Score is: 0.233
--------------------------------------------
CVE ID: CVE-2017-14174
Target Binary: /binaries/target_clang/imagemagick/imagemagick-7.0.7-0-o0-magickcore
Vulnerable Function Name: ReadPSDLayersInternal
Overall Score is: -0.116
--------------------------------------------
CVE ID: CVE-2017-14174
Target Binary: /binaries/target_clang/imagemagick/imagemagick-7.0.7-1-o0-magickcore
Vulnerable Function Name: ReadPSDLayersInternal
Overall Score is: -0.116
--------------------------------------------
CVE ID: CVE-2017-14174
Target Binary: /binaries/target_clang/imagemagick/imagemagick-7.0.7-2-o0-magickcore
Vulnerable Function Name: ReadPSDLayersInternal
Overall Score is: -0.116
--------------------------------------------
CVE ID: CVE-2017-14174
Target Binary: /binaries/target_clang/imagemagick/imagemagick-7.0.7-3-o0-magickcore
Vulnerable Function Name: ReadPSDLayersInternal
Overall Score is: -0.116
--------------------------------------------
CVE ID: CVE-2019-10649
Target Binary: /binaries/target_clang/imagemagick/imagemagick-7.0.8-36-o0-magickcore
Vulnerable Function Name: SVGEndElement
Overall Score is: 0.257
--------------------------------------------
CVE ID: CVE-2019-10649
Target Binary: /binaries/target_clang/imagemagick/imagemagick-7.0.8-37-o0-magickcore
Vulnerable Function Name: SVGEndElement
Overall Score is: 0.257
--------------------------------------------
CVE ID: CVE-2019-10649
Target Binary: /binaries/target_clang/imagemagick/imagemagick-7.0.8-38-o0-magickcore
Vulnerable Function Name: SVGEndElement
Overall Score is: 0.257
--------------------------------------------
CVE ID: CVE-2019-19949
Target Binary: /binaries/target_clang/imagemagick/imagemagick-7.0.8-42-o0-magickcore
Vulnerable Function Name: Magick_png_write_raw_profile
Overall Score is: 0.081
--------------------------------------------
CVE ID: CVE-2019-19949
Target Binary: /binaries/target_clang/imagemagick/imagemagick-7.0.8-41-o0-magickcore
Vulnerable Function Name: Magick_png_write_raw_profile
Overall Score is: 0.081
--------------------------------------------
CVE ID: CVE-2019-19949
Target Binary: /binaries/target_clang/imagemagick/imagemagick-7.0.8-40-o0-magickcore
Vulnerable Function Name: Magick_png_write_raw_profile
Overall Score is: 0.081
--------------------------------------------
CVE ID: CVE-2019-19949
Target Binary: /binaries/target_clang/imagemagick/imagemagick-7.0.8-43-o0-magickcore
Vulnerable Function Name: Magick_png_write_raw_profile
Overall Score is: 0.289
--------------------------------------------
CVE ID: CVE-2019-19949
Target Binary: /binaries/target_clang/imagemagick/imagemagick-7.0.8-44-o0-magickcore
Vulnerable Function Name: Magick_png_write_raw_profile
Overall Score is: 0.289
--------------------------------------------
CVE ID: CVE-2019-19949
Target Binary: /binaries/target_clang/imagemagick/imagemagick-7.0.8-45-o0-magickcore
Vulnerable Function Name: Magick_png_write_raw_profile
Overall Score is: 0.289
--------------------------------------------
CVE ID: CVE-2020-27774
Target Binary: /binaries/target_clang/imagemagick/imagemagick-7.0.8-68-o0-magickcore
Vulnerable Function Name: ApplyEvaluateOperator
Overall Score is: 0.128
--------------------------------------------
CVE ID: CVE-2020-27774
Target Binary: /binaries/target_clang/imagemagick/imagemagick-7.0.8-67-o0-magickcore
Vulnerable Function Name: ApplyEvaluateOperator
Overall Score is: 0.128
--------------------------------------------
CVE ID: CVE-2020-27774
Target Binary: /binaries/target_clang/imagemagick/imagemagick-7.0.8-66-o0-magickcore
Vulnerable Function Name: ApplyEvaluateOperator
Overall Score is: 0.128
--------------------------------------------
CVE ID: CVE-2020-27774
Target Binary: /binaries/target_clang/imagemagick/imagemagick-7.1.0-0-o0-magickcore
Vulnerable Function Name: ApplyEvaluateOperator
Overall Score is: 0.387
--------------------------------------------
CVE ID: CVE-2020-27774
Target Binary: /binaries/target_clang/imagemagick/imagemagick-7.1.0-1-o0-magickcore
Vulnerable Function Name: ApplyEvaluateOperator
Overall Score is: 0.387
--------------------------------------------
CVE ID: CVE-2020-27774
Target Binary: /binaries/target_clang/imagemagick/imagemagick-7.1.0-2-o0-magickcore
Vulnerable Function Name: ApplyEvaluateOperator
Overall Score is: 0.387
--------------------------------------------
CVE ID: CVE-2020-27753
Target Binary: /binaries/target_clang/imagemagick/imagemagick-7.0.8-68-o0-magickcore
Vulnerable Function Name: PopRunlengthPacket
Overall Score is: -0.753
--------------------------------------------
CVE ID: CVE-2020-27753
Target Binary: /binaries/target_clang/imagemagick/imagemagick-7.0.8-67-o0-magickcore
Vulnerable Function Name: PopRunlengthPacket
Overall Score is: -0.753
--------------------------------------------
CVE ID: CVE-2020-27753
Target Binary: /binaries/target_clang/imagemagick/imagemagick-7.0.8-66-o0-magickcore
Vulnerable Function Name: PopRunlengthPacket
Overall Score is: -0.753
--------------------------------------------
CVE ID: CVE-2020-27753
Target Binary: /binaries/target_clang/imagemagick/imagemagick-7.1.0-0-o0-magickcore
Vulnerable Function Name: PopRunlengthPacket
Overall Score is: 0.413
--------------------------------------------
CVE ID: CVE-2020-27753
Target Binary: /binaries/target_clang/imagemagick/imagemagick-7.1.0-1-o0-magickcore
Vulnerable Function Name: PopRunlengthPacket
Overall Score is: 0.413
--------------------------------------------
CVE ID: CVE-2020-27753
Target Binary: /binaries/target_clang/imagemagick/imagemagick-7.1.0-2-o0-magickcore
Vulnerable Function Name: PopRunlengthPacket
Overall Score is: 0.413
--------------------------------------------
CVE ID: CVE-2020-27753
Target Binary: /binaries/target_clang/imagemagick/imagemagick-7.0.8-68-o0-magickcore
Vulnerable Function Name: PushRunlengthPacket
Overall Score is: 0.779
--------------------------------------------
CVE ID: CVE-2020-27753
Target Binary: /binaries/target_clang/imagemagick/imagemagick-7.0.8-67-o0-magickcore
Vulnerable Function Name: PushRunlengthPacket
Overall Score is: 0.779
--------------------------------------------
CVE ID: CVE-2020-27753
Target Binary: /binaries/target_clang/imagemagick/imagemagick-7.0.8-66-o0-magickcore
Vulnerable Function Name: PushRunlengthPacket
Overall Score is: 0.779
--------------------------------------------
CVE ID: CVE-2020-27753
Target Binary: /binaries/target_clang/imagemagick/imagemagick-7.1.0-0-o0-magickcore
Vulnerable Function Name: PushRunlengthPacket
Overall Score is: 0.959
--------------------------------------------
CVE ID: CVE-2020-27753
Target Binary: /binaries/target_clang/imagemagick/imagemagick-7.1.0-1-o0-magickcore
Vulnerable Function Name: PushRunlengthPacket
Overall Score is: 0.959
--------------------------------------------
CVE ID: CVE-2020-27753
Target Binary: /binaries/target_clang/imagemagick/imagemagick-7.1.0-2-o0-magickcore
Vulnerable Function Name: PushRunlengthPacket
Overall Score is: 0.959
--------------------------------------------
CVE ID: CVE-2021-20311
Target Binary: /binaries/target_clang/imagemagick/imagemagick-7.0.10-62-o0-magickcore
Vulnerable Function Name: WriteTHUMBNAILImage
Overall Score is: -0.117
--------------------------------------------
CVE ID: CVE-2021-20311
Target Binary: /binaries/target_clang/imagemagick/imagemagick-7.0.10-61-o0-magickcore
Vulnerable Function Name: WriteTHUMBNAILImage
Overall Score is: -0.117
--------------------------------------------
CVE ID: CVE-2021-20311
Target Binary: /binaries/target_clang/imagemagick/imagemagick-7.0.10-60-o0-magickcore
Vulnerable Function Name: WriteTHUMBNAILImage
Overall Score is: -0.117
--------------------------------------------
CVE ID: CVE-2021-20311
Target Binary: /binaries/target_clang/imagemagick/imagemagick-7.0.11-2-o0-magickcore
Vulnerable Function Name: WriteTHUMBNAILImage
Overall Score is: -0.117
--------------------------------------------
CVE ID: CVE-2021-20311
Target Binary: /binaries/target_clang/imagemagick/imagemagick-7.0.11-3-o0-magickcore
Vulnerable Function Name: WriteTHUMBNAILImage
Overall Score is: -0.117
--------------------------------------------
CVE ID: CVE-2021-20311
Target Binary: /binaries/target_clang/imagemagick/imagemagick-7.0.11-4-o0-magickcore
Vulnerable Function Name: WriteTHUMBNAILImage
Overall Score is: -0.117
--------------------------------------------
CVE ID: CVE-2021-20313
Target Binary: /binaries/target_clang/imagemagick/imagemagick-7.0.10-62-o0-magickcore
Vulnerable Function Name: WriteTHUMBNAILImage
Overall Score is: -0.117
--------------------------------------------
CVE ID: CVE-2021-20313
Target Binary: /binaries/target_clang/imagemagick/imagemagick-7.0.10-61-o0-magickcore
Vulnerable Function Name: WriteTHUMBNAILImage
Overall Score is: -0.117
--------------------------------------------
CVE ID: CVE-2021-20313
Target Binary: /binaries/target_clang/imagemagick/imagemagick-7.0.10-60-o0-magickcore
Vulnerable Function Name: WriteTHUMBNAILImage
Overall Score is: -0.117
--------------------------------------------
CVE ID: CVE-2021-20313
Target Binary: /binaries/target_clang/imagemagick/imagemagick-7.0.11-2-o0-magickcore
Vulnerable Function Name: WriteTHUMBNAILImage
Overall Score is: -0.117
--------------------------------------------
CVE ID: CVE-2021-20313
Target Binary: /binaries/target_clang/imagemagick/imagemagick-7.0.11-3-o0-magickcore
Vulnerable Function Name: WriteTHUMBNAILImage
Overall Score is: -0.117
--------------------------------------------
CVE ID: CVE-2021-20313
Target Binary: /binaries/target_clang/imagemagick/imagemagick-7.0.11-4-o0-magickcore
Vulnerable Function Name: WriteTHUMBNAILImage
Overall Score is: -0.117
--------------------------------------------
CVE ID: CVE-2023-34153
Target Binary: /binaries/target_clang/imagemagick/imagemagick-7.1.0-1-o0-magickcore
Vulnerable Function Name: ReadVIDEOImage
Overall Score is: 0.604
--------------------------------------------
CVE ID: CVE-2023-34153
Target Binary: /binaries/target_clang/imagemagick/imagemagick-7.1.0-2-o0-magickcore
Vulnerable Function Name: ReadVIDEOImage
Overall Score is: 0.604
--------------------------------------------
CVE ID: CVE-2023-34153
Target Binary: /binaries/target_clang/imagemagick/imagemagick-7.1.0-0-o0-magickcore
Vulnerable Function Name: ReadVIDEOImage
Overall Score is: 0.604
--------------------------------------------
CVE ID: CVE-2023-34153
Target Binary: /binaries/target_clang/imagemagick/imagemagick-7.1.1-11-o0-magickcore
Vulnerable Function Name: ReadVIDEOImage
Overall Score is: 0.604
--------------------------------------------
CVE ID: CVE-2023-34153
Target Binary: /binaries/target_clang/imagemagick/imagemagick-7.1.1-12-o0-magickcore
Vulnerable Function Name: ReadVIDEOImage
Overall Score is: 0.604
--------------------------------------------
CVE ID: CVE-2023-34153
Target Binary: /binaries/target_clang/imagemagick/imagemagick-7.1.1-13-o0-magickcore
Vulnerable Function Name: ReadVIDEOImage
Overall Score is: 0.604
--------------------------------------------
CVE ID: CVE-2023-5341
Target Binary: /binaries/target_clang/imagemagick/imagemagick-7.1.1-19-o0-magickcore
Vulnerable Function Name: ReadBMPImage
Overall Score is: 0.553
--------------------------------------------
CVE ID: CVE-2023-5341
Target Binary: /binaries/target_clang/imagemagick/imagemagick-7.1.1-11-o0-magickcore
Vulnerable Function Name: ReadBMPImage
Overall Score is: 0.553
--------------------------------------------
CVE ID: CVE-2023-5341
Target Binary: /binaries/target_clang/imagemagick/imagemagick-7.1.1-10-o0-magickcore
Vulnerable Function Name: ReadBMPImage
Overall Score is: 0.553
--------------------------------------------
CVE ID: CVE-2023-5341
Target Binary: /binaries/target_clang/imagemagick/imagemagick-7.1.1-20-o0-magickcore
Vulnerable Function Name: ReadBMPImage
Overall Score is: 0.553
--------------------------------------------
CVE ID: CVE-2023-5341
Target Binary: /binaries/target_clang/imagemagick/imagemagick-7.1.1-21-o0-magickcore
Vulnerable Function Name: ReadBMPImage
Overall Score is: 0.553
--------------------------------------------
CVE ID: CVE-2023-5341
Target Binary: /binaries/target_clang/imagemagick/imagemagick-7.1.1-22-o0-magickcore
Vulnerable Function Name: ReadBMPImage
Overall Score is: 0.553