2025-09-17 09:55:01,037 - INFO - detecting CVE-2013-0338 xmlParserEntityCheck
2025-09-17 09:55:01,037 - INFO - cmd: python main.py --detect --cve_id CVE-2013-0338 --target_bin /binaries/target_clang/libxml2/libxml2-2.9.0-o0-libxml2 --vul_func_name xmlParserEntityCheck --project libxml2
2025-09-17 09:55:05,807 - INFO - success CVE-2013-0338,details in cve_test/CVE-2013-0338.log

2025-09-17 09:55:05,808 - INFO - detecting CVE-2013-0338 xmlParserEntityCheck
2025-09-17 09:55:05,808 - INFO - cmd: python main.py --detect --cve_id CVE-2013-0338 --target_bin /binaries/target_clang/libxml2/libxml2-2.8.0-o0-libxml2 --vul_func_name xmlParserEntityCheck --project libxml2
2025-09-17 09:55:11,439 - INFO - success CVE-2013-0338,details in cve_test/CVE-2013-0338.log

2025-09-17 09:55:11,440 - INFO - detecting CVE-2013-0338 xmlParserEntityCheck
2025-09-17 09:55:11,440 - INFO - cmd: python main.py --detect --cve_id CVE-2013-0338 --target_bin /binaries/target_clang/libxml2/libxml2-2.8.0-rc2-o0-libxml2 --vul_func_name xmlParserEntityCheck --project libxml2
2025-09-17 09:55:16,829 - INFO - success CVE-2013-0338,details in cve_test/CVE-2013-0338.log

2025-09-17 09:55:16,830 - INFO - detecting CVE-2013-0338 xmlParserEntityCheck
2025-09-17 09:55:16,831 - INFO - cmd: python main.py --detect --cve_id CVE-2013-0338 --target_bin /binaries/target_clang/libxml2/libxml2-2.9.1-o0-libxml2 --vul_func_name xmlParserEntityCheck --project libxml2
2025-09-17 09:55:22,047 - INFO - success CVE-2013-0338,details in cve_test/CVE-2013-0338.log

2025-09-17 09:55:22,048 - INFO - detecting CVE-2013-0338 xmlParserEntityCheck
2025-09-17 09:55:22,048 - INFO - cmd: python main.py --detect --cve_id CVE-2013-0338 --target_bin /binaries/target_clang/libxml2/libxml2-2.9.2-rc1-o0-libxml2 --vul_func_name xmlParserEntityCheck --project libxml2
2025-09-17 09:55:27,225 - INFO - success CVE-2013-0338,details in cve_test/CVE-2013-0338.log

2025-09-17 09:55:27,226 - INFO - detecting CVE-2013-0338 xmlParserEntityCheck
2025-09-17 09:55:27,226 - INFO - cmd: python main.py --detect --cve_id CVE-2013-0338 --target_bin /binaries/target_clang/libxml2/libxml2-2.9.2-rc2-o0-libxml2 --vul_func_name xmlParserEntityCheck --project libxml2
2025-09-17 09:55:32,115 - INFO - success CVE-2013-0338,details in cve_test/CVE-2013-0338.log

2025-09-17 09:55:32,116 - INFO - detecting CVE-2013-1969 htmlParseChunk__internal_alias
2025-09-17 09:55:32,116 - INFO - cmd: python main.py --detect --cve_id CVE-2013-1969 --target_bin /binaries/target_clang/libxml2/libxml2-2.9.0-o0-libxml2 --vul_func_name htmlParseChunk__internal_alias --project libxml2
2025-09-17 09:55:37,727 - INFO - success CVE-2013-1969,details in cve_test/CVE-2013-1969.log

2025-09-17 09:55:37,728 - INFO - detecting CVE-2013-1969 htmlParseChunk__internal_alias
2025-09-17 09:55:37,729 - INFO - cmd: python main.py --detect --cve_id CVE-2013-1969 --target_bin /binaries/target_clang/libxml2/libxml2-2.9.1-o0-libxml2 --vul_func_name htmlParseChunk__internal_alias --project libxml2
2025-09-17 09:55:43,619 - INFO - success CVE-2013-1969,details in cve_test/CVE-2013-1969.log

2025-09-17 09:55:43,620 - INFO - detecting CVE-2013-1969 htmlParseChunk__internal_alias
2025-09-17 09:55:43,621 - INFO - cmd: python main.py --detect --cve_id CVE-2013-1969 --target_bin /binaries/target_clang/libxml2/libxml2-2.9.2-rc1-o0-libxml2 --vul_func_name htmlParseChunk__internal_alias --project libxml2
2025-09-17 09:55:49,190 - INFO - success CVE-2013-1969,details in cve_test/CVE-2013-1969.log

2025-09-17 09:55:49,191 - INFO - detecting CVE-2013-1969 htmlParseChunk__internal_alias
2025-09-17 09:55:49,192 - INFO - cmd: python main.py --detect --cve_id CVE-2013-1969 --target_bin /binaries/target_clang/libxml2/libxml2-2.9.2-rc2-o0-libxml2 --vul_func_name htmlParseChunk__internal_alias --project libxml2
2025-09-17 09:55:55,051 - INFO - success CVE-2013-1969,details in cve_test/CVE-2013-1969.log

2025-09-17 09:55:55,052 - INFO - detecting CVE-2015-7498 xmlParseXMLDecl__internal_alias
2025-09-17 09:55:55,053 - INFO - cmd: python main.py --detect --cve_id CVE-2015-7498 --target_bin /binaries/target_clang/libxml2/libxml2-2.9.2-o0-libxml2 --vul_func_name xmlParseXMLDecl__internal_alias --project libxml2
2025-09-17 09:56:29,769 - INFO - success CVE-2015-7498,details in cve_test/CVE-2015-7498.log

2025-09-17 09:56:29,770 - INFO - detecting CVE-2015-7498 xmlParseXMLDecl__internal_alias
2025-09-17 09:56:29,771 - INFO - cmd: python main.py --detect --cve_id CVE-2015-7498 --target_bin /binaries/target_clang/libxml2/libxml2-2.9.1-o0-libxml2 --vul_func_name xmlParseXMLDecl__internal_alias --project libxml2
2025-09-17 09:57:03,333 - INFO - success CVE-2015-7498,details in cve_test/CVE-2015-7498.log

2025-09-17 09:57:03,334 - INFO - detecting CVE-2015-7498 xmlParseXMLDecl__internal_alias
2025-09-17 09:57:03,334 - INFO - cmd: python main.py --detect --cve_id CVE-2015-7498 --target_bin /binaries/target_clang/libxml2/libxml2-2.9.0-o0-libxml2 --vul_func_name xmlParseXMLDecl__internal_alias --project libxml2
2025-09-17 09:57:41,235 - INFO - success CVE-2015-7498,details in cve_test/CVE-2015-7498.log

2025-09-17 09:57:41,235 - INFO - detecting CVE-2015-7498 xmlParseXMLDecl__internal_alias
2025-09-17 09:57:41,235 - INFO - cmd: python main.py --detect --cve_id CVE-2015-7498 --target_bin /binaries/target_clang/libxml2/libxml2-2.9.3-o0-libxml2 --vul_func_name xmlParseXMLDecl__internal_alias --project libxml2
2025-09-17 09:58:17,135 - INFO - success CVE-2015-7498,details in cve_test/CVE-2015-7498.log

2025-09-17 09:58:17,136 - INFO - detecting CVE-2015-7498 xmlParseXMLDecl__internal_alias
2025-09-17 09:58:17,136 - INFO - cmd: python main.py --detect --cve_id CVE-2015-7498 --target_bin /binaries/target_clang/libxml2/libxml2-2.9.4-o0-libxml2 --vul_func_name xmlParseXMLDecl__internal_alias --project libxml2
2025-09-17 09:58:53,461 - INFO - success CVE-2015-7498,details in cve_test/CVE-2015-7498.log

2025-09-17 09:58:53,462 - INFO - detecting CVE-2015-7498 xmlParseXMLDecl__internal_alias
2025-09-17 09:58:53,463 - INFO - cmd: python main.py --detect --cve_id CVE-2015-7498 --target_bin /binaries/target_clang/libxml2/libxml2-2.9.5-rc1-o0-libxml2 --vul_func_name xmlParseXMLDecl__internal_alias --project libxml2
2025-09-17 09:59:27,737 - INFO - success CVE-2015-7498,details in cve_test/CVE-2015-7498.log

2025-09-17 09:59:27,738 - INFO - detecting CVE-2015-7498 xmlSwitchEncoding__internal_alias
2025-09-17 09:59:27,739 - INFO - cmd: python main.py --detect --cve_id CVE-2015-7498 --target_bin /binaries/target_clang/libxml2/libxml2-2.9.2-o0-libxml2 --vul_func_name xmlSwitchEncoding__internal_alias --project libxml2
2025-09-17 09:59:32,608 - INFO - success CVE-2015-7498,details in cve_test/CVE-2015-7498.log

2025-09-17 09:59:32,609 - INFO - detecting CVE-2015-7498 xmlSwitchEncoding__internal_alias
2025-09-17 09:59:32,609 - INFO - cmd: python main.py --detect --cve_id CVE-2015-7498 --target_bin /binaries/target_clang/libxml2/libxml2-2.9.1-o0-libxml2 --vul_func_name xmlSwitchEncoding__internal_alias --project libxml2
2025-09-17 09:59:37,556 - INFO - success CVE-2015-7498,details in cve_test/CVE-2015-7498.log

2025-09-17 09:59:37,558 - INFO - detecting CVE-2015-7498 xmlSwitchEncoding__internal_alias
2025-09-17 09:59:37,558 - INFO - cmd: python main.py --detect --cve_id CVE-2015-7498 --target_bin /binaries/target_clang/libxml2/libxml2-2.9.0-o0-libxml2 --vul_func_name xmlSwitchEncoding__internal_alias --project libxml2
2025-09-17 09:59:42,895 - INFO - success CVE-2015-7498,details in cve_test/CVE-2015-7498.log

2025-09-17 09:59:42,896 - INFO - detecting CVE-2015-7498 xmlSwitchEncoding__internal_alias
2025-09-17 09:59:42,897 - INFO - cmd: python main.py --detect --cve_id CVE-2015-7498 --target_bin /binaries/target_clang/libxml2/libxml2-2.9.3-o0-libxml2 --vul_func_name xmlSwitchEncoding__internal_alias --project libxml2
2025-09-17 09:59:47,956 - INFO - success CVE-2015-7498,details in cve_test/CVE-2015-7498.log

2025-09-17 09:59:47,956 - INFO - detecting CVE-2015-7498 xmlSwitchEncoding__internal_alias
2025-09-17 09:59:47,957 - INFO - cmd: python main.py --detect --cve_id CVE-2015-7498 --target_bin /binaries/target_clang/libxml2/libxml2-2.9.4-o0-libxml2 --vul_func_name xmlSwitchEncoding__internal_alias --project libxml2
2025-09-17 09:59:52,906 - INFO - success CVE-2015-7498,details in cve_test/CVE-2015-7498.log

2025-09-17 09:59:52,907 - INFO - detecting CVE-2015-7498 xmlSwitchEncoding__internal_alias
2025-09-17 09:59:52,907 - INFO - cmd: python main.py --detect --cve_id CVE-2015-7498 --target_bin /binaries/target_clang/libxml2/libxml2-2.9.5-rc1-o0-libxml2 --vul_func_name xmlSwitchEncoding__internal_alias --project libxml2
2025-09-17 09:59:58,289 - INFO - success CVE-2015-7498,details in cve_test/CVE-2015-7498.log

2025-09-17 09:59:58,290 - INFO - detecting CVE-2015-7500 xmlParseStartTag2
2025-09-17 09:59:58,291 - INFO - cmd: python main.py --detect --cve_id CVE-2015-7500 --target_bin /binaries/target_clang/libxml2/libxml2-2.9.2-o0-libxml2 --vul_func_name xmlParseStartTag2 --project libxml2
2025-09-17 10:00:05,879 - INFO - success CVE-2015-7500,details in cve_test/CVE-2015-7500.log

2025-09-17 10:00:05,880 - INFO - detecting CVE-2015-7500 xmlParseStartTag2
2025-09-17 10:00:05,880 - INFO - cmd: python main.py --detect --cve_id CVE-2015-7500 --target_bin /binaries/target_clang/libxml2/libxml2-2.9.1-o0-libxml2 --vul_func_name xmlParseStartTag2 --project libxml2
2025-09-17 10:00:13,260 - INFO - success CVE-2015-7500,details in cve_test/CVE-2015-7500.log

2025-09-17 10:00:13,261 - INFO - detecting CVE-2015-7500 xmlParseStartTag2
2025-09-17 10:00:13,261 - INFO - cmd: python main.py --detect --cve_id CVE-2015-7500 --target_bin /binaries/target_clang/libxml2/libxml2-2.9.0-o0-libxml2 --vul_func_name xmlParseStartTag2 --project libxml2
2025-09-17 10:00:20,181 - INFO - success CVE-2015-7500,details in cve_test/CVE-2015-7500.log

2025-09-17 10:00:20,182 - INFO - detecting CVE-2015-7500 xmlParseStartTag2
2025-09-17 10:00:20,183 - INFO - cmd: python main.py --detect --cve_id CVE-2015-7500 --target_bin /binaries/target_clang/libxml2/libxml2-2.9.4-o0-libxml2 --vul_func_name xmlParseStartTag2 --project libxml2
2025-09-17 10:00:28,388 - INFO - success CVE-2015-7500,details in cve_test/CVE-2015-7500.log

2025-09-17 10:00:28,389 - INFO - detecting CVE-2015-7500 xmlParseStartTag2
2025-09-17 10:00:28,389 - INFO - cmd: python main.py --detect --cve_id CVE-2015-7500 --target_bin /binaries/target_clang/libxml2/libxml2-2.9.5-rc1-o0-libxml2 --vul_func_name xmlParseStartTag2 --project libxml2
2025-09-17 10:00:36,546 - INFO - success CVE-2015-7500,details in cve_test/CVE-2015-7500.log

2025-09-17 10:00:36,547 - INFO - detecting CVE-2015-7500 xmlParseStartTag2
2025-09-17 10:00:36,547 - INFO - cmd: python main.py --detect --cve_id CVE-2015-7500 --target_bin /binaries/target_clang/libxml2/libxml2-2.9.5-rc2-o0-libxml2 --vul_func_name xmlParseStartTag2 --project libxml2
2025-09-17 10:00:44,522 - INFO - success CVE-2015-7500,details in cve_test/CVE-2015-7500.log

2025-09-17 10:00:44,523 - INFO - detecting CVE-2015-7941 xmlParseConditionalSections
2025-09-17 10:00:44,524 - INFO - cmd: python main.py --detect --cve_id CVE-2015-7941 --target_bin /binaries/target_clang/libxml2/libxml2-2.9.2-o0-libxml2 --vul_func_name xmlParseConditionalSections --project libxml2
2025-09-17 10:01:09,230 - INFO - success CVE-2015-7941,details in cve_test/CVE-2015-7941.log

2025-09-17 10:01:09,230 - INFO - detecting CVE-2015-7941 xmlParseConditionalSections
2025-09-17 10:01:09,231 - INFO - cmd: python main.py --detect --cve_id CVE-2015-7941 --target_bin /binaries/target_clang/libxml2/libxml2-2.9.3-o0-libxml2 --vul_func_name xmlParseConditionalSections --project libxml2
2025-09-17 10:01:18,721 - INFO - success CVE-2015-7941,details in cve_test/CVE-2015-7941.log

2025-09-17 10:01:18,721 - INFO - detecting CVE-2015-7941 xmlParseConditionalSections
2025-09-17 10:01:18,721 - INFO - cmd: python main.py --detect --cve_id CVE-2015-7941 --target_bin /binaries/target_clang/libxml2/libxml2-2.9.4-o0-libxml2 --vul_func_name xmlParseConditionalSections --project libxml2
2025-09-17 10:01:27,815 - INFO - success CVE-2015-7941,details in cve_test/CVE-2015-7941.log

2025-09-17 10:01:27,816 - INFO - detecting CVE-2015-7941 xmlParseConditionalSections
2025-09-17 10:01:27,816 - INFO - cmd: python main.py --detect --cve_id CVE-2015-7941 --target_bin /binaries/target_clang/libxml2/libxml2-2.9.5-rc1-o0-libxml2 --vul_func_name xmlParseConditionalSections --project libxml2
2025-09-17 10:01:36,776 - INFO - success CVE-2015-7941,details in cve_test/CVE-2015-7941.log

2025-09-17 10:01:36,777 - INFO - detecting CVE-2015-8241 xmlParseMarkupDecl__internal_alias
2025-09-17 10:01:36,777 - INFO - cmd: python main.py --detect --cve_id CVE-2015-8241 --target_bin /binaries/target_clang/libxml2/libxml2-2.9.2-o0-libxml2 --vul_func_name xmlParseMarkupDecl__internal_alias --project libxml2
2025-09-17 10:01:46,230 - INFO - success CVE-2015-8241,details in cve_test/CVE-2015-8241.log

2025-09-17 10:01:46,230 - INFO - detecting CVE-2015-8241 xmlParseMarkupDecl__internal_alias
2025-09-17 10:01:46,231 - INFO - cmd: python main.py --detect --cve_id CVE-2015-8241 --target_bin /binaries/target_clang/libxml2/libxml2-2.9.1-o0-libxml2 --vul_func_name xmlParseMarkupDecl__internal_alias --project libxml2
2025-09-17 10:01:56,532 - INFO - success CVE-2015-8241,details in cve_test/CVE-2015-8241.log

2025-09-17 10:01:56,533 - INFO - detecting CVE-2015-8241 xmlParseMarkupDecl__internal_alias
2025-09-17 10:01:56,533 - INFO - cmd: python main.py --detect --cve_id CVE-2015-8241 --target_bin /binaries/target_clang/libxml2/libxml2-2.9.0-o0-libxml2 --vul_func_name xmlParseMarkupDecl__internal_alias --project libxml2
2025-09-17 10:02:05,581 - INFO - success CVE-2015-8241,details in cve_test/CVE-2015-8241.log

2025-09-17 10:02:05,582 - INFO - detecting CVE-2015-8241 xmlParseMarkupDecl__internal_alias
2025-09-17 10:02:05,583 - INFO - cmd: python main.py --detect --cve_id CVE-2015-8241 --target_bin /binaries/target_clang/libxml2/libxml2-2.9.3-o0-libxml2 --vul_func_name xmlParseMarkupDecl__internal_alias --project libxml2
2025-09-17 10:02:13,999 - INFO - success CVE-2015-8241,details in cve_test/CVE-2015-8241.log

2025-09-17 10:02:14,000 - INFO - detecting CVE-2015-8241 xmlParseMarkupDecl__internal_alias
2025-09-17 10:02:14,001 - INFO - cmd: python main.py --detect --cve_id CVE-2015-8241 --target_bin /binaries/target_clang/libxml2/libxml2-2.9.4-o0-libxml2 --vul_func_name xmlParseMarkupDecl__internal_alias --project libxml2
2025-09-17 10:02:22,192 - INFO - success CVE-2015-8241,details in cve_test/CVE-2015-8241.log

2025-09-17 10:02:22,193 - INFO - detecting CVE-2015-8241 xmlParseMarkupDecl__internal_alias
2025-09-17 10:02:22,194 - INFO - cmd: python main.py --detect --cve_id CVE-2015-8241 --target_bin /binaries/target_clang/libxml2/libxml2-2.9.5-rc1-o0-libxml2 --vul_func_name xmlParseMarkupDecl__internal_alias --project libxml2
2025-09-17 10:02:31,786 - INFO - success CVE-2015-8241,details in cve_test/CVE-2015-8241.log

2025-09-17 10:02:31,787 - INFO - detecting CVE-2016-1762 xmlParseInternalSubset
2025-09-17 10:02:31,787 - INFO - cmd: python main.py --detect --cve_id CVE-2016-1762 --target_bin /binaries/target_clang/libxml2/libxml2-2.9.3-o0-libxml2 --vul_func_name xmlParseInternalSubset --project libxml2
2025-09-17 10:02:39,642 - INFO - success CVE-2016-1762,details in cve_test/CVE-2016-1762.log

2025-09-17 10:02:39,642 - INFO - detecting CVE-2016-1762 xmlParseInternalSubset
2025-09-17 10:02:39,643 - INFO - cmd: python main.py --detect --cve_id CVE-2016-1762 --target_bin /binaries/target_clang/libxml2/libxml2-2.9.2-o0-libxml2 --vul_func_name xmlParseInternalSubset --project libxml2
2025-09-17 10:02:47,689 - INFO - success CVE-2016-1762,details in cve_test/CVE-2016-1762.log

2025-09-17 10:02:47,690 - INFO - detecting CVE-2016-1762 xmlParseInternalSubset
2025-09-17 10:02:47,691 - INFO - cmd: python main.py --detect --cve_id CVE-2016-1762 --target_bin /binaries/target_clang/libxml2/libxml2-2.9.2-rc2-o0-libxml2 --vul_func_name xmlParseInternalSubset --project libxml2
2025-09-17 10:02:56,000 - INFO - success CVE-2016-1762,details in cve_test/CVE-2016-1762.log

2025-09-17 10:02:56,001 - INFO - detecting CVE-2016-1762 xmlParseInternalSubset
2025-09-17 10:02:56,002 - INFO - cmd: python main.py --detect --cve_id CVE-2016-1762 --target_bin /binaries/target_clang/libxml2/libxml2-2.9.4-o0-libxml2 --vul_func_name xmlParseInternalSubset --project libxml2
2025-09-17 10:03:03,413 - INFO - success CVE-2016-1762,details in cve_test/CVE-2016-1762.log

2025-09-17 10:03:03,414 - INFO - detecting CVE-2016-1762 xmlParseInternalSubset
2025-09-17 10:03:03,414 - INFO - cmd: python main.py --detect --cve_id CVE-2016-1762 --target_bin /binaries/target_clang/libxml2/libxml2-2.9.5-rc1-o0-libxml2 --vul_func_name xmlParseInternalSubset --project libxml2
2025-09-17 10:03:11,317 - INFO - success CVE-2016-1762,details in cve_test/CVE-2016-1762.log

2025-09-17 10:03:11,318 - INFO - detecting CVE-2016-1762 xmlParseInternalSubset
2025-09-17 10:03:11,318 - INFO - cmd: python main.py --detect --cve_id CVE-2016-1762 --target_bin /binaries/target_clang/libxml2/libxml2-2.9.5-rc2-o0-libxml2 --vul_func_name xmlParseInternalSubset --project libxml2
2025-09-17 10:03:18,678 - INFO - success CVE-2016-1762,details in cve_test/CVE-2016-1762.log

2025-09-17 10:03:18,679 - INFO - detecting CVE-2016-1836 xmlParseNCNameComplex
2025-09-17 10:03:18,680 - INFO - cmd: python main.py --detect --cve_id CVE-2016-1836 --target_bin /binaries/target_clang/libxml2/libxml2-2.9.3-o0-libxml2 --vul_func_name xmlParseNCNameComplex --project libxml2
2025-09-17 10:03:34,668 - INFO - success CVE-2016-1836,details in cve_test/CVE-2016-1836.log

2025-09-17 10:03:34,669 - INFO - detecting CVE-2016-1836 xmlParseNCNameComplex
2025-09-17 10:03:34,669 - INFO - cmd: python main.py --detect --cve_id CVE-2016-1836 --target_bin /binaries/target_clang/libxml2/libxml2-2.9.2-o0-libxml2 --vul_func_name xmlParseNCNameComplex --project libxml2
2025-09-17 10:03:49,561 - INFO - success CVE-2016-1836,details in cve_test/CVE-2016-1836.log

2025-09-17 10:03:49,562 - INFO - detecting CVE-2016-1836 xmlParseNCNameComplex
2025-09-17 10:03:49,563 - INFO - cmd: python main.py --detect --cve_id CVE-2016-1836 --target_bin /binaries/target_clang/libxml2/libxml2-2.9.2-rc2-o0-libxml2 --vul_func_name xmlParseNCNameComplex --project libxml2
2025-09-17 10:04:04,397 - INFO - success CVE-2016-1836,details in cve_test/CVE-2016-1836.log

2025-09-17 10:04:04,398 - INFO - detecting CVE-2016-1836 xmlParseNCNameComplex
2025-09-17 10:04:04,399 - INFO - cmd: python main.py --detect --cve_id CVE-2016-1836 --target_bin /binaries/target_clang/libxml2/libxml2-2.9.5-rc1-o0-libxml2 --vul_func_name xmlParseNCNameComplex --project libxml2
2025-09-17 10:04:18,864 - INFO - success CVE-2016-1836,details in cve_test/CVE-2016-1836.log

2025-09-17 10:04:18,865 - INFO - detecting CVE-2016-1836 xmlParseNCNameComplex
2025-09-17 10:04:18,865 - INFO - cmd: python main.py --detect --cve_id CVE-2016-1836 --target_bin /binaries/target_clang/libxml2/libxml2-2.9.5-rc2-o0-libxml2 --vul_func_name xmlParseNCNameComplex --project libxml2
2025-09-17 10:04:34,506 - INFO - success CVE-2016-1836,details in cve_test/CVE-2016-1836.log

2025-09-17 10:04:34,507 - INFO - detecting CVE-2016-1836 xmlParseNCNameComplex
2025-09-17 10:04:34,507 - INFO - cmd: python main.py --detect --cve_id CVE-2016-1836 --target_bin /binaries/target_clang/libxml2/libxml2-2.9.5-o0-libxml2 --vul_func_name xmlParseNCNameComplex --project libxml2
2025-09-17 10:04:49,489 - INFO - success CVE-2016-1836,details in cve_test/CVE-2016-1836.log

2025-09-17 10:04:49,490 - INFO - detecting CVE-2016-1837 htmlParseSystemLiteral
2025-09-17 10:04:49,491 - INFO - cmd: python main.py --detect --cve_id CVE-2016-1837 --target_bin /binaries/target_clang/libxml2/libxml2-2.9.3-o0-libxml2 --vul_func_name htmlParseSystemLiteral --project libxml2
2025-09-17 10:04:57,406 - INFO - success CVE-2016-1837,details in cve_test/CVE-2016-1837.log

2025-09-17 10:04:57,406 - INFO - detecting CVE-2016-1837 htmlParseSystemLiteral
2025-09-17 10:04:57,407 - INFO - cmd: python main.py --detect --cve_id CVE-2016-1837 --target_bin /binaries/target_clang/libxml2/libxml2-2.9.2-o0-libxml2 --vul_func_name htmlParseSystemLiteral --project libxml2
2025-09-17 10:05:05,782 - INFO - success CVE-2016-1837,details in cve_test/CVE-2016-1837.log

2025-09-17 10:05:05,783 - INFO - detecting CVE-2016-1837 htmlParseSystemLiteral
2025-09-17 10:05:05,784 - INFO - cmd: python main.py --detect --cve_id CVE-2016-1837 --target_bin /binaries/target_clang/libxml2/libxml2-2.9.2-rc2-o0-libxml2 --vul_func_name htmlParseSystemLiteral --project libxml2
2025-09-17 10:05:13,690 - INFO - success CVE-2016-1837,details in cve_test/CVE-2016-1837.log

2025-09-17 10:05:13,691 - INFO - detecting CVE-2016-1837 htmlParseSystemLiteral
2025-09-17 10:05:13,691 - INFO - cmd: python main.py --detect --cve_id CVE-2016-1837 --target_bin /binaries/target_clang/libxml2/libxml2-2.9.5-rc1-o0-libxml2 --vul_func_name htmlParseSystemLiteral --project libxml2
2025-09-17 10:05:20,241 - INFO - success CVE-2016-1837,details in cve_test/CVE-2016-1837.log

2025-09-17 10:05:20,242 - INFO - detecting CVE-2016-1837 htmlParseSystemLiteral
2025-09-17 10:05:20,242 - INFO - cmd: python main.py --detect --cve_id CVE-2016-1837 --target_bin /binaries/target_clang/libxml2/libxml2-2.9.5-rc2-o0-libxml2 --vul_func_name htmlParseSystemLiteral --project libxml2
2025-09-17 10:05:28,078 - INFO - success CVE-2016-1837,details in cve_test/CVE-2016-1837.log

2025-09-17 10:05:28,079 - INFO - detecting CVE-2016-1837 htmlParseSystemLiteral
2025-09-17 10:05:28,079 - INFO - cmd: python main.py --detect --cve_id CVE-2016-1837 --target_bin /binaries/target_clang/libxml2/libxml2-2.9.5-o0-libxml2 --vul_func_name htmlParseSystemLiteral --project libxml2
2025-09-17 10:05:35,388 - INFO - success CVE-2016-1837,details in cve_test/CVE-2016-1837.log

2025-09-17 10:05:35,388 - INFO - detecting CVE-2016-4658 xmlXPtrNewRangeNodeObject__internal_alias
2025-09-17 10:05:35,389 - INFO - cmd: python main.py --detect --cve_id CVE-2016-4658 --target_bin /binaries/target_clang/libxml2/libxml2-2.9.4-o0-libxml2 --vul_func_name xmlXPtrNewRangeNodeObject__internal_alias --project libxml2
2025-09-17 10:05:40,692 - INFO - success CVE-2016-4658,details in cve_test/CVE-2016-4658.log

2025-09-17 10:05:40,693 - INFO - detecting CVE-2016-4658 xmlXPtrNewRangeNodeObject__internal_alias
2025-09-17 10:05:40,694 - INFO - cmd: python main.py --detect --cve_id CVE-2016-4658 --target_bin /binaries/target_clang/libxml2/libxml2-2.9.3-o0-libxml2 --vul_func_name xmlXPtrNewRangeNodeObject__internal_alias --project libxml2
2025-09-17 10:05:45,940 - INFO - success CVE-2016-4658,details in cve_test/CVE-2016-4658.log

2025-09-17 10:05:45,941 - INFO - detecting CVE-2016-4658 xmlXPtrNewRangeNodeObject__internal_alias
2025-09-17 10:05:45,941 - INFO - cmd: python main.py --detect --cve_id CVE-2016-4658 --target_bin /binaries/target_clang/libxml2/libxml2-2.9.2-o0-libxml2 --vul_func_name xmlXPtrNewRangeNodeObject__internal_alias --project libxml2
2025-09-17 10:05:50,856 - INFO - success CVE-2016-4658,details in cve_test/CVE-2016-4658.log

2025-09-17 10:05:50,857 - INFO - detecting CVE-2016-4658 xmlXPtrNewRangeNodeObject__internal_alias
2025-09-17 10:05:50,857 - INFO - cmd: python main.py --detect --cve_id CVE-2016-4658 --target_bin /binaries/target_clang/libxml2/libxml2-2.9.5-rc1-o0-libxml2 --vul_func_name xmlXPtrNewRangeNodeObject__internal_alias --project libxml2
2025-09-17 10:05:56,119 - INFO - success CVE-2016-4658,details in cve_test/CVE-2016-4658.log

2025-09-17 10:05:56,120 - INFO - detecting CVE-2016-4658 xmlXPtrNewRangeNodeObject__internal_alias
2025-09-17 10:05:56,121 - INFO - cmd: python main.py --detect --cve_id CVE-2016-4658 --target_bin /binaries/target_clang/libxml2/libxml2-2.9.5-rc2-o0-libxml2 --vul_func_name xmlXPtrNewRangeNodeObject__internal_alias --project libxml2
2025-09-17 10:06:01,117 - INFO - success CVE-2016-4658,details in cve_test/CVE-2016-4658.log

2025-09-17 10:06:01,118 - INFO - detecting CVE-2016-4658 xmlXPtrNewRangeNodeObject__internal_alias
2025-09-17 10:06:01,118 - INFO - cmd: python main.py --detect --cve_id CVE-2016-4658 --target_bin /binaries/target_clang/libxml2/libxml2-2.9.5-o0-libxml2 --vul_func_name xmlXPtrNewRangeNodeObject__internal_alias --project libxml2
2025-09-17 10:06:05,662 - INFO - success CVE-2016-4658,details in cve_test/CVE-2016-4658.log

2025-09-17 10:06:05,662 - INFO - detecting CVE-2017-16931 xmlParseNameComplex
2025-09-17 10:06:05,663 - INFO - cmd: python main.py --detect --cve_id CVE-2017-16931 --target_bin /binaries/target_clang/libxml2/libxml2-2.9.4-o0-libxml2 --vul_func_name xmlParseNameComplex --project libxml2
2025-09-17 10:06:16,996 - INFO - success CVE-2017-16931,details in cve_test/CVE-2017-16931.log

2025-09-17 10:06:16,997 - INFO - detecting CVE-2017-16931 xmlParseNameComplex
2025-09-17 10:06:16,998 - INFO - cmd: python main.py --detect --cve_id CVE-2017-16931 --target_bin /binaries/target_clang/libxml2/libxml2-2.9.3-o0-libxml2 --vul_func_name xmlParseNameComplex --project libxml2
2025-09-17 10:06:29,546 - INFO - success CVE-2017-16931,details in cve_test/CVE-2017-16931.log

2025-09-17 10:06:29,547 - INFO - detecting CVE-2017-16931 xmlParseNameComplex
2025-09-17 10:06:29,547 - INFO - cmd: python main.py --detect --cve_id CVE-2017-16931 --target_bin /binaries/target_clang/libxml2/libxml2-2.9.2-o0-libxml2 --vul_func_name xmlParseNameComplex --project libxml2
2025-09-17 10:06:41,274 - INFO - success CVE-2017-16931,details in cve_test/CVE-2017-16931.log

2025-09-17 10:06:41,275 - INFO - detecting CVE-2017-16931 xmlParseNameComplex
2025-09-17 10:06:41,275 - INFO - cmd: python main.py --detect --cve_id CVE-2017-16931 --target_bin /binaries/target_clang/libxml2/libxml2-2.9.5-rc1-o0-libxml2 --vul_func_name xmlParseNameComplex --project libxml2
2025-09-17 10:06:52,935 - INFO - success CVE-2017-16931,details in cve_test/CVE-2017-16931.log

2025-09-17 10:06:52,936 - INFO - detecting CVE-2017-16931 xmlParseNameComplex
2025-09-17 10:06:52,937 - INFO - cmd: python main.py --detect --cve_id CVE-2017-16931 --target_bin /binaries/target_clang/libxml2/libxml2-2.9.5-rc2-o0-libxml2 --vul_func_name xmlParseNameComplex --project libxml2
2025-09-17 10:07:04,704 - INFO - success CVE-2017-16931,details in cve_test/CVE-2017-16931.log

2025-09-17 10:07:04,705 - INFO - detecting CVE-2017-16931 xmlParseNameComplex
2025-09-17 10:07:04,706 - INFO - cmd: python main.py --detect --cve_id CVE-2017-16931 --target_bin /binaries/target_clang/libxml2/libxml2-2.9.5-o0-libxml2 --vul_func_name xmlParseNameComplex --project libxml2
2025-09-17 10:07:15,886 - INFO - success CVE-2017-16931,details in cve_test/CVE-2017-16931.log

2025-09-17 10:07:15,887 - INFO - detecting CVE-2017-5130 xmlMallocLoc__internal_alias
2025-09-17 10:07:15,888 - INFO - cmd: python main.py --detect --cve_id CVE-2017-5130 --target_bin /binaries/target_clang/libxml2/libxml2-2.9.4-o0-libxml2 --vul_func_name xmlMallocLoc__internal_alias --project libxml2
2025-09-17 10:07:22,402 - INFO - success CVE-2017-5130,details in cve_test/CVE-2017-5130.log

2025-09-17 10:07:22,403 - INFO - detecting CVE-2017-5130 xmlMallocLoc__internal_alias
2025-09-17 10:07:22,404 - INFO - cmd: python main.py --detect --cve_id CVE-2017-5130 --target_bin /binaries/target_clang/libxml2/libxml2-2.9.3-o0-libxml2 --vul_func_name xmlMallocLoc__internal_alias --project libxml2
2025-09-17 10:07:28,941 - INFO - success CVE-2017-5130,details in cve_test/CVE-2017-5130.log

2025-09-17 10:07:28,942 - INFO - detecting CVE-2017-5130 xmlMallocLoc__internal_alias
2025-09-17 10:07:28,942 - INFO - cmd: python main.py --detect --cve_id CVE-2017-5130 --target_bin /binaries/target_clang/libxml2/libxml2-2.9.2-o0-libxml2 --vul_func_name xmlMallocLoc__internal_alias --project libxml2
2025-09-17 10:07:35,352 - INFO - success CVE-2017-5130,details in cve_test/CVE-2017-5130.log

2025-09-17 10:07:35,353 - INFO - detecting CVE-2017-5130 xmlMallocLoc__internal_alias
2025-09-17 10:07:35,354 - INFO - cmd: python main.py --detect --cve_id CVE-2017-5130 --target_bin /binaries/target_clang/libxml2/libxml2-2.9.5-rc1-o0-libxml2 --vul_func_name xmlMallocLoc__internal_alias --project libxml2
2025-09-17 10:07:40,899 - INFO - success CVE-2017-5130,details in cve_test/CVE-2017-5130.log

2025-09-17 10:07:40,900 - INFO - detecting CVE-2017-5130 xmlMallocLoc__internal_alias
2025-09-17 10:07:40,900 - INFO - cmd: python main.py --detect --cve_id CVE-2017-5130 --target_bin /binaries/target_clang/libxml2/libxml2-2.9.5-rc2-o0-libxml2 --vul_func_name xmlMallocLoc__internal_alias --project libxml2
2025-09-17 10:07:46,326 - INFO - success CVE-2017-5130,details in cve_test/CVE-2017-5130.log

2025-09-17 10:07:46,327 - INFO - detecting CVE-2017-5130 xmlMallocLoc__internal_alias
2025-09-17 10:07:46,327 - INFO - cmd: python main.py --detect --cve_id CVE-2017-5130 --target_bin /binaries/target_clang/libxml2/libxml2-2.9.5-o0-libxml2 --vul_func_name xmlMallocLoc__internal_alias --project libxml2
2025-09-17 10:07:51,485 - INFO - success CVE-2017-5130,details in cve_test/CVE-2017-5130.log

2025-09-17 10:07:51,486 - INFO - detecting CVE-2017-5130 xmlMemStrdupLoc__internal_alias
2025-09-17 10:07:51,486 - INFO - cmd: python main.py --detect --cve_id CVE-2017-5130 --target_bin /binaries/target_clang/libxml2/libxml2-2.9.4-o0-libxml2 --vul_func_name xmlMemStrdupLoc__internal_alias --project libxml2
2025-09-17 10:08:00,618 - INFO - success CVE-2017-5130,details in cve_test/CVE-2017-5130.log

2025-09-17 10:08:00,619 - INFO - detecting CVE-2017-5130 xmlMemStrdupLoc__internal_alias
2025-09-17 10:08:00,620 - INFO - cmd: python main.py --detect --cve_id CVE-2017-5130 --target_bin /binaries/target_clang/libxml2/libxml2-2.9.3-o0-libxml2 --vul_func_name xmlMemStrdupLoc__internal_alias --project libxml2
2025-09-17 10:08:10,208 - INFO - success CVE-2017-5130,details in cve_test/CVE-2017-5130.log

2025-09-17 10:08:10,209 - INFO - detecting CVE-2017-5130 xmlMemStrdupLoc__internal_alias
2025-09-17 10:08:10,210 - INFO - cmd: python main.py --detect --cve_id CVE-2017-5130 --target_bin /binaries/target_clang/libxml2/libxml2-2.9.2-o0-libxml2 --vul_func_name xmlMemStrdupLoc__internal_alias --project libxml2
2025-09-17 10:08:19,200 - INFO - success CVE-2017-5130,details in cve_test/CVE-2017-5130.log

2025-09-17 10:08:19,201 - INFO - detecting CVE-2017-5130 xmlMemStrdupLoc__internal_alias
2025-09-17 10:08:19,201 - INFO - cmd: python main.py --detect --cve_id CVE-2017-5130 --target_bin /binaries/target_clang/libxml2/libxml2-2.9.5-rc1-o0-libxml2 --vul_func_name xmlMemStrdupLoc__internal_alias --project libxml2
2025-09-17 10:08:28,071 - INFO - success CVE-2017-5130,details in cve_test/CVE-2017-5130.log

2025-09-17 10:08:28,072 - INFO - detecting CVE-2017-5130 xmlMemStrdupLoc__internal_alias
2025-09-17 10:08:28,072 - INFO - cmd: python main.py --detect --cve_id CVE-2017-5130 --target_bin /binaries/target_clang/libxml2/libxml2-2.9.5-rc2-o0-libxml2 --vul_func_name xmlMemStrdupLoc__internal_alias --project libxml2
2025-09-17 10:08:36,940 - INFO - success CVE-2017-5130,details in cve_test/CVE-2017-5130.log

2025-09-17 10:08:36,941 - INFO - detecting CVE-2017-5130 xmlMemStrdupLoc__internal_alias
2025-09-17 10:08:36,942 - INFO - cmd: python main.py --detect --cve_id CVE-2017-5130 --target_bin /binaries/target_clang/libxml2/libxml2-2.9.5-o0-libxml2 --vul_func_name xmlMemStrdupLoc__internal_alias --project libxml2
2025-09-17 10:08:44,942 - INFO - success CVE-2017-5130,details in cve_test/CVE-2017-5130.log

2025-09-17 10:08:44,943 - INFO - detecting CVE-2022-23308 xmlValidCtxtNormalizeAttributeValue__internal_alias
2025-09-17 10:08:44,943 - INFO - cmd: python main.py --detect --cve_id CVE-2022-23308 --target_bin /binaries/target_clang/libxml2/libxml2-2.9.11-o0-libxml2 --vul_func_name xmlValidCtxtNormalizeAttributeValue__internal_alias --project libxml2
2025-09-17 10:08:50,345 - INFO - success CVE-2022-23308,details in cve_test/CVE-2022-23308.log

2025-09-17 10:08:50,346 - INFO - detecting CVE-2022-23308 xmlValidCtxtNormalizeAttributeValue__internal_alias
2025-09-17 10:08:50,347 - INFO - cmd: python main.py --detect --cve_id CVE-2022-23308 --target_bin /binaries/target_clang/libxml2/libxml2-2.9.12-o0-libxml2 --vul_func_name xmlValidCtxtNormalizeAttributeValue__internal_alias --project libxml2
2025-09-17 10:08:55,458 - INFO - success CVE-2022-23308,details in cve_test/CVE-2022-23308.log

2025-09-17 10:08:55,459 - INFO - detecting CVE-2022-23308 xmlValidCtxtNormalizeAttributeValue__internal_alias
2025-09-17 10:08:55,459 - INFO - cmd: python main.py --detect --cve_id CVE-2022-23308 --target_bin /binaries/target_clang/libxml2/libxml2-2.9.10-o0-libxml2 --vul_func_name xmlValidCtxtNormalizeAttributeValue__internal_alias --project libxml2
2025-09-17 10:09:00,714 - INFO - success CVE-2022-23308,details in cve_test/CVE-2022-23308.log

2025-09-17 10:09:00,715 - INFO - detecting CVE-2022-23308 xmlValidCtxtNormalizeAttributeValue__internal_alias
2025-09-17 10:09:00,715 - INFO - cmd: python main.py --detect --cve_id CVE-2022-23308 --target_bin /binaries/target_clang/libxml2/libxml2-2.9.13-o0-libxml2 --vul_func_name xmlValidCtxtNormalizeAttributeValue__internal_alias --project libxml2
2025-09-17 10:09:06,184 - INFO - success CVE-2022-23308,details in cve_test/CVE-2022-23308.log

2025-09-17 10:09:06,185 - INFO - detecting CVE-2022-23308 xmlValidCtxtNormalizeAttributeValue__internal_alias
2025-09-17 10:09:06,185 - INFO - cmd: python main.py --detect --cve_id CVE-2022-23308 --target_bin /binaries/target_clang/libxml2/libxml2-2.9.14-o0-libxml2 --vul_func_name xmlValidCtxtNormalizeAttributeValue__internal_alias --project libxml2
2025-09-17 10:09:11,062 - INFO - success CVE-2022-23308,details in cve_test/CVE-2022-23308.log

2025-09-17 10:09:11,063 - INFO - detecting CVE-2022-23308 xmlValidCtxtNormalizeAttributeValue__internal_alias
2025-09-17 10:09:11,063 - INFO - cmd: python main.py --detect --cve_id CVE-2022-23308 --target_bin /binaries/target_clang/libxml2/libxml2-2.10.0-o0-libxml2 --vul_func_name xmlValidCtxtNormalizeAttributeValue__internal_alias --project libxml2
2025-09-17 10:09:17,199 - ERROR - fail CVE-2022-23308 ,details1

2025-09-17 10:09:17,200 - INFO - detecting CVE-2022-23308 xmlValidNormalizeAttributeValue__internal_alias
2025-09-17 10:09:17,201 - INFO - cmd: python main.py --detect --cve_id CVE-2022-23308 --target_bin /binaries/target_clang/libxml2/libxml2-2.9.11-o0-libxml2 --vul_func_name xmlValidNormalizeAttributeValue__internal_alias --project libxml2
2025-09-17 10:09:22,615 - INFO - success CVE-2022-23308,details in cve_test/CVE-2022-23308.log

2025-09-17 10:09:22,616 - INFO - detecting CVE-2022-23308 xmlValidNormalizeAttributeValue__internal_alias
2025-09-17 10:09:22,617 - INFO - cmd: python main.py --detect --cve_id CVE-2022-23308 --target_bin /binaries/target_clang/libxml2/libxml2-2.9.12-o0-libxml2 --vul_func_name xmlValidNormalizeAttributeValue__internal_alias --project libxml2
2025-09-17 10:09:27,741 - INFO - success CVE-2022-23308,details in cve_test/CVE-2022-23308.log

2025-09-17 10:09:27,742 - INFO - detecting CVE-2022-23308 xmlValidNormalizeAttributeValue__internal_alias
2025-09-17 10:09:27,743 - INFO - cmd: python main.py --detect --cve_id CVE-2022-23308 --target_bin /binaries/target_clang/libxml2/libxml2-2.9.10-o0-libxml2 --vul_func_name xmlValidNormalizeAttributeValue__internal_alias --project libxml2
2025-09-17 10:09:32,731 - INFO - success CVE-2022-23308,details in cve_test/CVE-2022-23308.log

2025-09-17 10:09:32,732 - INFO - detecting CVE-2022-23308 xmlValidNormalizeAttributeValue__internal_alias
2025-09-17 10:09:32,733 - INFO - cmd: python main.py --detect --cve_id CVE-2022-23308 --target_bin /binaries/target_clang/libxml2/libxml2-2.9.13-o0-libxml2 --vul_func_name xmlValidNormalizeAttributeValue__internal_alias --project libxml2
2025-09-17 10:09:37,635 - INFO - success CVE-2022-23308,details in cve_test/CVE-2022-23308.log

2025-09-17 10:09:37,636 - INFO - detecting CVE-2022-23308 xmlValidNormalizeAttributeValue__internal_alias
2025-09-17 10:09:37,636 - INFO - cmd: python main.py --detect --cve_id CVE-2022-23308 --target_bin /binaries/target_clang/libxml2/libxml2-2.9.14-o0-libxml2 --vul_func_name xmlValidNormalizeAttributeValue__internal_alias --project libxml2
2025-09-17 10:09:43,100 - INFO - success CVE-2022-23308,details in cve_test/CVE-2022-23308.log

2025-09-17 10:09:43,101 - INFO - detecting CVE-2022-23308 xmlValidNormalizeAttributeValue__internal_alias
2025-09-17 10:09:43,101 - INFO - cmd: python main.py --detect --cve_id CVE-2022-23308 --target_bin /binaries/target_clang/libxml2/libxml2-2.10.0-o0-libxml2 --vul_func_name xmlValidNormalizeAttributeValue__internal_alias --project libxml2
2025-09-17 10:09:48,761 - ERROR - fail CVE-2022-23308 ,details1

2025-09-17 10:09:48,762 - INFO - detecting CVE-2022-29824 xmlBufferCreateSize__internal_alias
2025-09-17 10:09:48,763 - INFO - cmd: python main.py --detect --cve_id CVE-2022-29824 --target_bin /binaries/target_clang/libxml2/libxml2-2.9.13-o0-libxml2 --vul_func_name xmlBufferCreateSize__internal_alias --project libxml2
2025-09-17 10:09:55,151 - INFO - success CVE-2022-29824,details in cve_test/CVE-2022-29824.log

2025-09-17 10:09:55,152 - INFO - detecting CVE-2022-29824 xmlBufferCreateSize__internal_alias
2025-09-17 10:09:55,152 - INFO - cmd: python main.py --detect --cve_id CVE-2022-29824 --target_bin /binaries/target_clang/libxml2/libxml2-2.9.11-o0-libxml2 --vul_func_name xmlBufferCreateSize__internal_alias --project libxml2
2025-09-17 10:10:01,463 - INFO - success CVE-2022-29824,details in cve_test/CVE-2022-29824.log

2025-09-17 10:10:01,465 - INFO - detecting CVE-2022-29824 xmlBufferCreateSize__internal_alias
2025-09-17 10:10:01,465 - INFO - cmd: python main.py --detect --cve_id CVE-2022-29824 --target_bin /binaries/target_clang/libxml2/libxml2-2.9.12-o0-libxml2 --vul_func_name xmlBufferCreateSize__internal_alias --project libxml2
2025-09-17 10:10:07,758 - INFO - success CVE-2022-29824,details in cve_test/CVE-2022-29824.log

2025-09-17 10:10:07,759 - INFO - detecting CVE-2022-29824 xmlBufferCreateSize__internal_alias
2025-09-17 10:10:07,760 - INFO - cmd: python main.py --detect --cve_id CVE-2022-29824 --target_bin /binaries/target_clang/libxml2/libxml2-2.10.0-o0-libxml2 --vul_func_name xmlBufferCreateSize__internal_alias --project libxml2
2025-09-17 10:10:13,752 - ERROR - fail CVE-2022-29824 ,details1

2025-09-17 10:10:13,753 - INFO - detecting CVE-2022-29824 xmlBufferCreateSize__internal_alias
2025-09-17 10:10:13,754 - INFO - cmd: python main.py --detect --cve_id CVE-2022-29824 --target_bin /binaries/target_clang/libxml2/libxml2-2.10.1-o0-libxml2 --vul_func_name xmlBufferCreateSize__internal_alias --project libxml2
2025-09-17 10:10:19,774 - ERROR - fail CVE-2022-29824 ,details1

2025-09-17 10:10:19,775 - INFO - detecting CVE-2022-29824 xmlBufferCreateSize__internal_alias
2025-09-17 10:10:19,775 - INFO - cmd: python main.py --detect --cve_id CVE-2022-29824 --target_bin /binaries/target_clang/libxml2/libxml2-2.10.2-o0-libxml2 --vul_func_name xmlBufferCreateSize__internal_alias --project libxml2
2025-09-17 10:10:25,371 - ERROR - fail CVE-2022-29824 ,details1

2025-09-17 10:10:25,373 - INFO - detecting CVE-2022-29824 xmlBufCreateSize
2025-09-17 10:10:25,373 - INFO - cmd: python main.py --detect --cve_id CVE-2022-29824 --target_bin /binaries/target_clang/libxml2/libxml2-2.9.13-o0-libxml2 --vul_func_name xmlBufCreateSize --project libxml2
2025-09-17 10:10:31,803 - INFO - success CVE-2022-29824,details in cve_test/CVE-2022-29824.log

2025-09-17 10:10:31,804 - INFO - detecting CVE-2022-29824 xmlBufCreateSize
2025-09-17 10:10:31,804 - INFO - cmd: python main.py --detect --cve_id CVE-2022-29824 --target_bin /binaries/target_clang/libxml2/libxml2-2.9.11-o0-libxml2 --vul_func_name xmlBufCreateSize --project libxml2
2025-09-17 10:10:38,207 - INFO - success CVE-2022-29824,details in cve_test/CVE-2022-29824.log

2025-09-17 10:10:38,208 - INFO - detecting CVE-2022-29824 xmlBufCreateSize
2025-09-17 10:10:38,208 - INFO - cmd: python main.py --detect --cve_id CVE-2022-29824 --target_bin /binaries/target_clang/libxml2/libxml2-2.9.12-o0-libxml2 --vul_func_name xmlBufCreateSize --project libxml2
2025-09-17 10:10:44,556 - INFO - success CVE-2022-29824,details in cve_test/CVE-2022-29824.log

2025-09-17 10:10:44,557 - INFO - detecting CVE-2022-29824 xmlBufCreateSize
2025-09-17 10:10:44,557 - INFO - cmd: python main.py --detect --cve_id CVE-2022-29824 --target_bin /binaries/target_clang/libxml2/libxml2-2.10.0-o0-libxml2 --vul_func_name xmlBufCreateSize --project libxml2
2025-09-17 10:10:50,744 - INFO - success CVE-2022-29824,details in cve_test/CVE-2022-29824.log

2025-09-17 10:10:50,746 - INFO - detecting CVE-2022-29824 xmlBufCreateSize
2025-09-17 10:10:50,746 - INFO - cmd: python main.py --detect --cve_id CVE-2022-29824 --target_bin /binaries/target_clang/libxml2/libxml2-2.10.1-o0-libxml2 --vul_func_name xmlBufCreateSize --project libxml2
2025-09-17 10:10:57,412 - INFO - success CVE-2022-29824,details in cve_test/CVE-2022-29824.log

2025-09-17 10:10:57,413 - INFO - detecting CVE-2022-29824 xmlBufCreateSize
2025-09-17 10:10:57,413 - INFO - cmd: python main.py --detect --cve_id CVE-2022-29824 --target_bin /binaries/target_clang/libxml2/libxml2-2.10.2-o0-libxml2 --vul_func_name xmlBufCreateSize --project libxml2
2025-09-17 10:11:04,329 - INFO - success CVE-2022-29824,details in cve_test/CVE-2022-29824.log

2025-09-17 10:11:04,330 - INFO - detecting CVE-2022-40303 xmlParseCDSect
2025-09-17 10:11:04,331 - INFO - cmd: python main.py --detect --cve_id CVE-2022-40303 --target_bin /binaries/target_clang/libxml2/libxml2-2.10.2-o0-libxml2 --vul_func_name xmlParseCDSect --project libxml2
2025-09-17 10:11:12,625 - INFO - success CVE-2022-40303,details in cve_test/CVE-2022-40303.log

2025-09-17 10:11:12,626 - INFO - detecting CVE-2022-40303 xmlParseCDSect
2025-09-17 10:11:12,629 - INFO - cmd: python main.py --detect --cve_id CVE-2022-40303 --target_bin /binaries/target_clang/libxml2/libxml2-2.10.1-o0-libxml2 --vul_func_name xmlParseCDSect --project libxml2
2025-09-17 10:11:20,815 - INFO - success CVE-2022-40303,details in cve_test/CVE-2022-40303.log

2025-09-17 10:11:20,816 - INFO - detecting CVE-2022-40303 xmlParseCDSect
2025-09-17 10:11:20,816 - INFO - cmd: python main.py --detect --cve_id CVE-2022-40303 --target_bin /binaries/target_clang/libxml2/libxml2-2.10.0-o0-libxml2 --vul_func_name xmlParseCDSect --project libxml2
2025-09-17 10:11:29,228 - INFO - success CVE-2022-40303,details in cve_test/CVE-2022-40303.log

2025-09-17 10:11:29,228 - INFO - detecting CVE-2022-40303 xmlParseCDSect
2025-09-17 10:11:29,229 - INFO - cmd: python main.py --detect --cve_id CVE-2022-40303 --target_bin /binaries/target_clang/libxml2/libxml2-2.10.4-o0-libxml2 --vul_func_name xmlParseCDSect --project libxml2
2025-09-17 10:11:37,532 - INFO - success CVE-2022-40303,details in cve_test/CVE-2022-40303.log

2025-09-17 10:11:37,533 - INFO - detecting CVE-2022-40303 xmlParseCDSect
2025-09-17 10:11:37,533 - INFO - cmd: python main.py --detect --cve_id CVE-2022-40303 --target_bin /binaries/target_clang/libxml2/libxml2-2.11.0-o0-libxml2 --vul_func_name xmlParseCDSect --project libxml2
2025-09-17 10:11:45,669 - INFO - success CVE-2022-40303,details in cve_test/CVE-2022-40303.log

2025-09-17 10:11:45,670 - INFO - detecting CVE-2022-40303 xmlParseCDSect
2025-09-17 10:11:45,671 - INFO - cmd: python main.py --detect --cve_id CVE-2022-40303 --target_bin /binaries/target_clang/libxml2/libxml2-2.11.1-o0-libxml2 --vul_func_name xmlParseCDSect --project libxml2
2025-09-17 10:11:54,821 - INFO - success CVE-2022-40303,details in cve_test/CVE-2022-40303.log

2025-09-17 10:11:54,822 - INFO - detecting CVE-2022-40303 xmlParseStringName
2025-09-17 10:11:54,823 - INFO - cmd: python main.py --detect --cve_id CVE-2022-40303 --target_bin /binaries/target_clang/libxml2/libxml2-2.10.2-o0-libxml2 --vul_func_name xmlParseStringName --project libxml2
2025-09-17 10:12:05,703 - INFO - success CVE-2022-40303,details in cve_test/CVE-2022-40303.log

2025-09-17 10:12:05,704 - INFO - detecting CVE-2022-40303 xmlParseStringName
2025-09-17 10:12:05,705 - INFO - cmd: python main.py --detect --cve_id CVE-2022-40303 --target_bin /binaries/target_clang/libxml2/libxml2-2.10.1-o0-libxml2 --vul_func_name xmlParseStringName --project libxml2
2025-09-17 10:12:16,466 - INFO - success CVE-2022-40303,details in cve_test/CVE-2022-40303.log

2025-09-17 10:12:16,468 - INFO - detecting CVE-2022-40303 xmlParseStringName
2025-09-17 10:12:16,468 - INFO - cmd: python main.py --detect --cve_id CVE-2022-40303 --target_bin /binaries/target_clang/libxml2/libxml2-2.10.0-o0-libxml2 --vul_func_name xmlParseStringName --project libxml2
2025-09-17 10:12:27,440 - INFO - success CVE-2022-40303,details in cve_test/CVE-2022-40303.log

2025-09-17 10:12:27,441 - INFO - detecting CVE-2022-40303 xmlParseStringName
2025-09-17 10:12:27,442 - INFO - cmd: python main.py --detect --cve_id CVE-2022-40303 --target_bin /binaries/target_clang/libxml2/libxml2-2.10.4-o0-libxml2 --vul_func_name xmlParseStringName --project libxml2
2025-09-17 10:12:37,941 - INFO - success CVE-2022-40303,details in cve_test/CVE-2022-40303.log

2025-09-17 10:12:37,942 - INFO - detecting CVE-2022-40303 xmlParseStringName
2025-09-17 10:12:37,943 - INFO - cmd: python main.py --detect --cve_id CVE-2022-40303 --target_bin /binaries/target_clang/libxml2/libxml2-2.11.0-o0-libxml2 --vul_func_name xmlParseStringName --project libxml2
2025-09-17 10:12:48,481 - INFO - success CVE-2022-40303,details in cve_test/CVE-2022-40303.log

2025-09-17 10:12:48,482 - INFO - detecting CVE-2022-40303 xmlParseStringName
2025-09-17 10:12:48,483 - INFO - cmd: python main.py --detect --cve_id CVE-2022-40303 --target_bin /binaries/target_clang/libxml2/libxml2-2.11.1-o0-libxml2 --vul_func_name xmlParseStringName --project libxml2
2025-09-17 10:12:59,218 - INFO - success CVE-2022-40303,details in cve_test/CVE-2022-40303.log

2025-09-17 10:12:59,220 - INFO - detecting CVE-2022-40303 xmlParseEntityValue
2025-09-17 10:12:59,220 - INFO - cmd: python main.py --detect --cve_id CVE-2022-40303 --target_bin /binaries/target_clang/libxml2/libxml2-2.10.2-o0-libxml2 --vul_func_name xmlParseEntityValue --project libxml2
2025-09-17 10:13:07,907 - INFO - success CVE-2022-40303,details in cve_test/CVE-2022-40303.log

2025-09-17 10:13:07,908 - INFO - detecting CVE-2022-40303 xmlParseEntityValue
2025-09-17 10:13:07,909 - INFO - cmd: python main.py --detect --cve_id CVE-2022-40303 --target_bin /binaries/target_clang/libxml2/libxml2-2.10.1-o0-libxml2 --vul_func_name xmlParseEntityValue --project libxml2
2025-09-17 10:13:16,517 - INFO - success CVE-2022-40303,details in cve_test/CVE-2022-40303.log

2025-09-17 10:13:16,519 - INFO - detecting CVE-2022-40303 xmlParseEntityValue
2025-09-17 10:13:16,519 - INFO - cmd: python main.py --detect --cve_id CVE-2022-40303 --target_bin /binaries/target_clang/libxml2/libxml2-2.10.0-o0-libxml2 --vul_func_name xmlParseEntityValue --project libxml2
2025-09-17 10:13:24,833 - INFO - success CVE-2022-40303,details in cve_test/CVE-2022-40303.log

2025-09-17 10:13:24,835 - INFO - detecting CVE-2022-40303 xmlParseEntityValue
2025-09-17 10:13:24,835 - INFO - cmd: python main.py --detect --cve_id CVE-2022-40303 --target_bin /binaries/target_clang/libxml2/libxml2-2.10.4-o0-libxml2 --vul_func_name xmlParseEntityValue --project libxml2
2025-09-17 10:13:34,006 - INFO - success CVE-2022-40303,details in cve_test/CVE-2022-40303.log

2025-09-17 10:13:34,007 - INFO - detecting CVE-2022-40303 xmlParseEntityValue
2025-09-17 10:13:34,008 - INFO - cmd: python main.py --detect --cve_id CVE-2022-40303 --target_bin /binaries/target_clang/libxml2/libxml2-2.11.0-o0-libxml2 --vul_func_name xmlParseEntityValue --project libxml2
2025-09-17 10:13:42,776 - INFO - success CVE-2022-40303,details in cve_test/CVE-2022-40303.log

2025-09-17 10:13:42,777 - INFO - detecting CVE-2022-40303 xmlParseEntityValue
2025-09-17 10:13:42,778 - INFO - cmd: python main.py --detect --cve_id CVE-2022-40303 --target_bin /binaries/target_clang/libxml2/libxml2-2.11.1-o0-libxml2 --vul_func_name xmlParseEntityValue --project libxml2
2025-09-17 10:13:51,268 - INFO - success CVE-2022-40303,details in cve_test/CVE-2022-40303.log

2025-09-17 10:13:51,269 - INFO - detecting CVE-2022-40303 xmlParseNCNameComplex
2025-09-17 10:13:51,269 - INFO - cmd: python main.py --detect --cve_id CVE-2022-40303 --target_bin /binaries/target_clang/libxml2/libxml2-2.10.2-o0-libxml2 --vul_func_name xmlParseNCNameComplex --project libxml2
2025-09-17 10:14:02,640 - INFO - success CVE-2022-40303,details in cve_test/CVE-2022-40303.log

2025-09-17 10:14:02,641 - INFO - detecting CVE-2022-40303 xmlParseNCNameComplex
2025-09-17 10:14:02,642 - INFO - cmd: python main.py --detect --cve_id CVE-2022-40303 --target_bin /binaries/target_clang/libxml2/libxml2-2.10.1-o0-libxml2 --vul_func_name xmlParseNCNameComplex --project libxml2
2025-09-17 10:14:12,924 - INFO - success CVE-2022-40303,details in cve_test/CVE-2022-40303.log

2025-09-17 10:14:12,925 - INFO - detecting CVE-2022-40303 xmlParseNCNameComplex
2025-09-17 10:14:12,926 - INFO - cmd: python main.py --detect --cve_id CVE-2022-40303 --target_bin /binaries/target_clang/libxml2/libxml2-2.10.0-o0-libxml2 --vul_func_name xmlParseNCNameComplex --project libxml2
2025-09-17 10:14:24,597 - INFO - success CVE-2022-40303,details in cve_test/CVE-2022-40303.log

2025-09-17 10:14:24,598 - INFO - detecting CVE-2022-40303 xmlParseNCNameComplex
2025-09-17 10:14:24,599 - INFO - cmd: python main.py --detect --cve_id CVE-2022-40303 --target_bin /binaries/target_clang/libxml2/libxml2-2.10.4-o0-libxml2 --vul_func_name xmlParseNCNameComplex --project libxml2
2025-09-17 10:14:36,148 - INFO - success CVE-2022-40303,details in cve_test/CVE-2022-40303.log

2025-09-17 10:14:36,149 - INFO - detecting CVE-2022-40303 xmlParseNCNameComplex
2025-09-17 10:14:36,150 - INFO - cmd: python main.py --detect --cve_id CVE-2022-40303 --target_bin /binaries/target_clang/libxml2/libxml2-2.11.0-o0-libxml2 --vul_func_name xmlParseNCNameComplex --project libxml2
2025-09-17 10:14:47,228 - INFO - success CVE-2022-40303,details in cve_test/CVE-2022-40303.log

2025-09-17 10:14:47,229 - INFO - detecting CVE-2022-40303 xmlParseNCNameComplex
2025-09-17 10:14:47,234 - INFO - cmd: python main.py --detect --cve_id CVE-2022-40303 --target_bin /binaries/target_clang/libxml2/libxml2-2.11.1-o0-libxml2 --vul_func_name xmlParseNCNameComplex --project libxml2
2025-09-17 10:14:58,050 - INFO - success CVE-2022-40303,details in cve_test/CVE-2022-40303.log

2025-09-17 10:14:58,051 - INFO - detecting CVE-2022-40303 xmlParseNameComplex
2025-09-17 10:14:58,051 - INFO - cmd: python main.py --detect --cve_id CVE-2022-40303 --target_bin /binaries/target_clang/libxml2/libxml2-2.10.2-o0-libxml2 --vul_func_name xmlParseNameComplex --project libxml2
2025-09-17 10:15:07,861 - INFO - success CVE-2022-40303,details in cve_test/CVE-2022-40303.log

2025-09-17 10:15:07,862 - INFO - detecting CVE-2022-40303 xmlParseNameComplex
2025-09-17 10:15:07,863 - INFO - cmd: python main.py --detect --cve_id CVE-2022-40303 --target_bin /binaries/target_clang/libxml2/libxml2-2.10.1-o0-libxml2 --vul_func_name xmlParseNameComplex --project libxml2
2025-09-17 10:15:16,780 - INFO - success CVE-2022-40303,details in cve_test/CVE-2022-40303.log

2025-09-17 10:15:16,781 - INFO - detecting CVE-2022-40303 xmlParseNameComplex
2025-09-17 10:15:16,782 - INFO - cmd: python main.py --detect --cve_id CVE-2022-40303 --target_bin /binaries/target_clang/libxml2/libxml2-2.10.0-o0-libxml2 --vul_func_name xmlParseNameComplex --project libxml2
2025-09-17 10:15:26,627 - INFO - success CVE-2022-40303,details in cve_test/CVE-2022-40303.log

2025-09-17 10:15:26,628 - INFO - detecting CVE-2022-40303 xmlParseNameComplex
2025-09-17 10:15:26,628 - INFO - cmd: python main.py --detect --cve_id CVE-2022-40303 --target_bin /binaries/target_clang/libxml2/libxml2-2.10.4-o0-libxml2 --vul_func_name xmlParseNameComplex --project libxml2
2025-09-17 10:15:36,071 - INFO - success CVE-2022-40303,details in cve_test/CVE-2022-40303.log

2025-09-17 10:15:36,072 - INFO - detecting CVE-2022-40303 xmlParseNameComplex
2025-09-17 10:15:36,073 - INFO - cmd: python main.py --detect --cve_id CVE-2022-40303 --target_bin /binaries/target_clang/libxml2/libxml2-2.11.0-o0-libxml2 --vul_func_name xmlParseNameComplex --project libxml2
2025-09-17 10:15:46,083 - INFO - success CVE-2022-40303,details in cve_test/CVE-2022-40303.log

2025-09-17 10:15:46,085 - INFO - detecting CVE-2022-40303 xmlParseNameComplex
2025-09-17 10:15:46,085 - INFO - cmd: python main.py --detect --cve_id CVE-2022-40303 --target_bin /binaries/target_clang/libxml2/libxml2-2.11.1-o0-libxml2 --vul_func_name xmlParseNameComplex --project libxml2
2025-09-17 10:15:55,444 - INFO - success CVE-2022-40303,details in cve_test/CVE-2022-40303.log

2025-09-17 10:15:55,445 - INFO - detecting CVE-2022-40303 xmlParseSystemLiteral
2025-09-17 10:15:55,446 - INFO - cmd: python main.py --detect --cve_id CVE-2022-40303 --target_bin /binaries/target_clang/libxml2/libxml2-2.10.2-o0-libxml2 --vul_func_name xmlParseSystemLiteral --project libxml2
2025-09-17 10:16:20,933 - INFO - success CVE-2022-40303,details in cve_test/CVE-2022-40303.log

2025-09-17 10:16:20,934 - INFO - detecting CVE-2022-40303 xmlParseSystemLiteral
2025-09-17 10:16:20,934 - INFO - cmd: python main.py --detect --cve_id CVE-2022-40303 --target_bin /binaries/target_clang/libxml2/libxml2-2.10.1-o0-libxml2 --vul_func_name xmlParseSystemLiteral --project libxml2
2025-09-17 10:16:43,016 - INFO - success CVE-2022-40303,details in cve_test/CVE-2022-40303.log

2025-09-17 10:16:43,017 - INFO - detecting CVE-2022-40303 xmlParseSystemLiteral
2025-09-17 10:16:43,018 - INFO - cmd: python main.py --detect --cve_id CVE-2022-40303 --target_bin /binaries/target_clang/libxml2/libxml2-2.10.0-o0-libxml2 --vul_func_name xmlParseSystemLiteral --project libxml2
2025-09-17 10:17:05,905 - INFO - success CVE-2022-40303,details in cve_test/CVE-2022-40303.log

2025-09-17 10:17:05,907 - INFO - detecting CVE-2022-40303 xmlParseSystemLiteral
2025-09-17 10:17:05,907 - INFO - cmd: python main.py --detect --cve_id CVE-2022-40303 --target_bin /binaries/target_clang/libxml2/libxml2-2.10.4-o0-libxml2 --vul_func_name xmlParseSystemLiteral --project libxml2
2025-09-17 10:17:27,310 - INFO - success CVE-2022-40303,details in cve_test/CVE-2022-40303.log

2025-09-17 10:17:27,310 - INFO - detecting CVE-2022-40303 xmlParseSystemLiteral
2025-09-17 10:17:27,310 - INFO - cmd: python main.py --detect --cve_id CVE-2022-40303 --target_bin /binaries/target_clang/libxml2/libxml2-2.11.0-o0-libxml2 --vul_func_name xmlParseSystemLiteral --project libxml2
2025-09-17 10:17:37,836 - INFO - success CVE-2022-40303,details in cve_test/CVE-2022-40303.log

2025-09-17 10:17:37,837 - INFO - detecting CVE-2022-40303 xmlParseSystemLiteral
2025-09-17 10:17:37,837 - INFO - cmd: python main.py --detect --cve_id CVE-2022-40303 --target_bin /binaries/target_clang/libxml2/libxml2-2.11.1-o0-libxml2 --vul_func_name xmlParseSystemLiteral --project libxml2
2025-09-17 10:17:49,766 - INFO - success CVE-2022-40303,details in cve_test/CVE-2022-40303.log

2025-09-17 10:17:49,767 - INFO - detecting CVE-2022-40303 xmlParseAttValueInternal
2025-09-17 10:17:49,768 - INFO - cmd: python main.py --detect --cve_id CVE-2022-40303 --target_bin /binaries/target_clang/libxml2/libxml2-2.10.2-o0-libxml2 --vul_func_name xmlParseAttValueInternal --project libxml2
2025-09-17 10:18:11,206 - INFO - success CVE-2022-40303,details in cve_test/CVE-2022-40303.log

2025-09-17 10:18:11,207 - INFO - detecting CVE-2022-40303 xmlParseAttValueInternal
2025-09-17 10:18:11,211 - INFO - cmd: python main.py --detect --cve_id CVE-2022-40303 --target_bin /binaries/target_clang/libxml2/libxml2-2.10.1-o0-libxml2 --vul_func_name xmlParseAttValueInternal --project libxml2
2025-09-17 10:18:34,549 - INFO - success CVE-2022-40303,details in cve_test/CVE-2022-40303.log

2025-09-17 10:18:34,550 - INFO - detecting CVE-2022-40303 xmlParseAttValueInternal
2025-09-17 10:18:34,550 - INFO - cmd: python main.py --detect --cve_id CVE-2022-40303 --target_bin /binaries/target_clang/libxml2/libxml2-2.10.0-o0-libxml2 --vul_func_name xmlParseAttValueInternal --project libxml2
2025-09-17 10:18:57,092 - INFO - success CVE-2022-40303,details in cve_test/CVE-2022-40303.log

2025-09-17 10:18:57,093 - INFO - detecting CVE-2022-40303 xmlParseAttValueInternal
2025-09-17 10:18:57,093 - INFO - cmd: python main.py --detect --cve_id CVE-2022-40303 --target_bin /binaries/target_clang/libxml2/libxml2-2.10.4-o0-libxml2 --vul_func_name xmlParseAttValueInternal --project libxml2
2025-09-17 10:19:18,400 - INFO - success CVE-2022-40303,details in cve_test/CVE-2022-40303.log

2025-09-17 10:19:18,402 - INFO - detecting CVE-2022-40303 xmlParseAttValueInternal
2025-09-17 10:19:18,402 - INFO - cmd: python main.py --detect --cve_id CVE-2022-40303 --target_bin /binaries/target_clang/libxml2/libxml2-2.11.0-o0-libxml2 --vul_func_name xmlParseAttValueInternal --project libxml2
2025-09-17 10:19:30,600 - INFO - success CVE-2022-40303,details in cve_test/CVE-2022-40303.log

2025-09-17 10:19:30,601 - INFO - detecting CVE-2022-40303 xmlParseAttValueInternal
2025-09-17 10:19:30,602 - INFO - cmd: python main.py --detect --cve_id CVE-2022-40303 --target_bin /binaries/target_clang/libxml2/libxml2-2.11.1-o0-libxml2 --vul_func_name xmlParseAttValueInternal --project libxml2
2025-09-17 10:19:41,419 - INFO - success CVE-2022-40303,details in cve_test/CVE-2022-40303.log

2025-09-17 10:19:41,420 - INFO - detecting CVE-2022-40303 xmlParseAttValueComplex
2025-09-17 10:19:41,420 - INFO - cmd: python main.py --detect --cve_id CVE-2022-40303 --target_bin /binaries/target_clang/libxml2/libxml2-2.10.2-o0-libxml2 --vul_func_name xmlParseAttValueComplex --project libxml2
2025-09-17 10:20:02,964 - INFO - success CVE-2022-40303,details in cve_test/CVE-2022-40303.log

2025-09-17 10:20:02,965 - INFO - detecting CVE-2022-40303 xmlParseAttValueComplex
2025-09-17 10:20:02,965 - INFO - cmd: python main.py --detect --cve_id CVE-2022-40303 --target_bin /binaries/target_clang/libxml2/libxml2-2.10.1-o0-libxml2 --vul_func_name xmlParseAttValueComplex --project libxml2
2025-09-17 10:20:27,243 - INFO - success CVE-2022-40303,details in cve_test/CVE-2022-40303.log

2025-09-17 10:20:27,244 - INFO - detecting CVE-2022-40303 xmlParseAttValueComplex
2025-09-17 10:20:27,245 - INFO - cmd: python main.py --detect --cve_id CVE-2022-40303 --target_bin /binaries/target_clang/libxml2/libxml2-2.10.0-o0-libxml2 --vul_func_name xmlParseAttValueComplex --project libxml2
2025-09-17 10:20:50,413 - INFO - success CVE-2022-40303,details in cve_test/CVE-2022-40303.log

2025-09-17 10:20:50,414 - INFO - detecting CVE-2022-40303 xmlParseAttValueComplex
2025-09-17 10:20:50,414 - INFO - cmd: python main.py --detect --cve_id CVE-2022-40303 --target_bin /binaries/target_clang/libxml2/libxml2-2.10.4-o0-libxml2 --vul_func_name xmlParseAttValueComplex --project libxml2
2025-09-17 10:21:11,367 - INFO - success CVE-2022-40303,details in cve_test/CVE-2022-40303.log

2025-09-17 10:21:11,368 - INFO - detecting CVE-2022-40303 xmlParseAttValueComplex
2025-09-17 10:21:11,369 - INFO - cmd: python main.py --detect --cve_id CVE-2022-40303 --target_bin /binaries/target_clang/libxml2/libxml2-2.11.0-o0-libxml2 --vul_func_name xmlParseAttValueComplex --project libxml2
2025-09-17 10:21:23,058 - INFO - success CVE-2022-40303,details in cve_test/CVE-2022-40303.log

2025-09-17 10:21:23,059 - INFO - detecting CVE-2022-40303 xmlParseAttValueComplex
2025-09-17 10:21:23,060 - INFO - cmd: python main.py --detect --cve_id CVE-2022-40303 --target_bin /binaries/target_clang/libxml2/libxml2-2.11.1-o0-libxml2 --vul_func_name xmlParseAttValueComplex --project libxml2
2025-09-17 10:21:34,102 - INFO - success CVE-2022-40303,details in cve_test/CVE-2022-40303.log

2025-09-17 10:21:34,103 - INFO - detecting CVE-2022-40303 xmlParseNCName
2025-09-17 10:21:34,104 - INFO - cmd: python main.py --detect --cve_id CVE-2022-40303 --target_bin /binaries/target_clang/libxml2/libxml2-2.10.2-o0-libxml2 --vul_func_name xmlParseNCName --project libxml2
2025-09-17 10:21:44,852 - INFO - success CVE-2022-40303,details in cve_test/CVE-2022-40303.log

2025-09-17 10:21:44,853 - INFO - detecting CVE-2022-40303 xmlParseNCName
2025-09-17 10:21:44,853 - INFO - cmd: python main.py --detect --cve_id CVE-2022-40303 --target_bin /binaries/target_clang/libxml2/libxml2-2.10.1-o0-libxml2 --vul_func_name xmlParseNCName --project libxml2
2025-09-17 10:21:58,154 - INFO - success CVE-2022-40303,details in cve_test/CVE-2022-40303.log

2025-09-17 10:21:58,155 - INFO - detecting CVE-2022-40303 xmlParseNCName
2025-09-17 10:21:58,155 - INFO - cmd: python main.py --detect --cve_id CVE-2022-40303 --target_bin /binaries/target_clang/libxml2/libxml2-2.10.0-o0-libxml2 --vul_func_name xmlParseNCName --project libxml2
2025-09-17 10:22:09,181 - INFO - success CVE-2022-40303,details in cve_test/CVE-2022-40303.log

2025-09-17 10:22:09,182 - INFO - detecting CVE-2022-40303 xmlParseNCName
2025-09-17 10:22:09,183 - INFO - cmd: python main.py --detect --cve_id CVE-2022-40303 --target_bin /binaries/target_clang/libxml2/libxml2-2.10.4-o0-libxml2 --vul_func_name xmlParseNCName --project libxml2
2025-09-17 10:22:21,694 - INFO - success CVE-2022-40303,details in cve_test/CVE-2022-40303.log

2025-09-17 10:22:21,695 - INFO - detecting CVE-2022-40303 xmlParseNCName
2025-09-17 10:22:21,695 - INFO - cmd: python main.py --detect --cve_id CVE-2022-40303 --target_bin /binaries/target_clang/libxml2/libxml2-2.11.0-o0-libxml2 --vul_func_name xmlParseNCName --project libxml2
2025-09-17 10:22:32,672 - INFO - success CVE-2022-40303,details in cve_test/CVE-2022-40303.log

2025-09-17 10:22:32,674 - INFO - detecting CVE-2022-40303 xmlParseNCName
2025-09-17 10:22:32,675 - INFO - cmd: python main.py --detect --cve_id CVE-2022-40303 --target_bin /binaries/target_clang/libxml2/libxml2-2.11.1-o0-libxml2 --vul_func_name xmlParseNCName --project libxml2
2025-09-17 10:22:43,387 - INFO - success CVE-2022-40303,details in cve_test/CVE-2022-40303.log

2025-09-17 10:22:43,389 - INFO - detecting CVE-2022-40303 xmlParseName
2025-09-17 10:22:43,389 - INFO - cmd: python main.py --detect --cve_id CVE-2022-40303 --target_bin /binaries/target_clang/libxml2/libxml2-2.10.2-o0-libxml2 --vul_func_name xmlParseName --project libxml2
2025-09-17 10:22:55,536 - INFO - success CVE-2022-40303,details in cve_test/CVE-2022-40303.log

2025-09-17 10:22:55,537 - INFO - detecting CVE-2022-40303 xmlParseName
2025-09-17 10:22:55,537 - INFO - cmd: python main.py --detect --cve_id CVE-2022-40303 --target_bin /binaries/target_clang/libxml2/libxml2-2.10.1-o0-libxml2 --vul_func_name xmlParseName --project libxml2
2025-09-17 10:23:07,922 - INFO - success CVE-2022-40303,details in cve_test/CVE-2022-40303.log

2025-09-17 10:23:07,923 - INFO - detecting CVE-2022-40303 xmlParseName
2025-09-17 10:23:07,923 - INFO - cmd: python main.py --detect --cve_id CVE-2022-40303 --target_bin /binaries/target_clang/libxml2/libxml2-2.10.0-o0-libxml2 --vul_func_name xmlParseName --project libxml2
2025-09-17 10:23:19,314 - INFO - success CVE-2022-40303,details in cve_test/CVE-2022-40303.log

2025-09-17 10:23:19,315 - INFO - detecting CVE-2022-40303 xmlParseName
2025-09-17 10:23:19,316 - INFO - cmd: python main.py --detect --cve_id CVE-2022-40303 --target_bin /binaries/target_clang/libxml2/libxml2-2.10.4-o0-libxml2 --vul_func_name xmlParseName --project libxml2
2025-09-17 10:23:30,728 - INFO - success CVE-2022-40303,details in cve_test/CVE-2022-40303.log

2025-09-17 10:23:30,730 - INFO - detecting CVE-2022-40303 xmlParseName
2025-09-17 10:23:30,730 - INFO - cmd: python main.py --detect --cve_id CVE-2022-40303 --target_bin /binaries/target_clang/libxml2/libxml2-2.11.0-o0-libxml2 --vul_func_name xmlParseName --project libxml2
2025-09-17 10:23:41,964 - INFO - success CVE-2022-40303,details in cve_test/CVE-2022-40303.log

2025-09-17 10:23:41,965 - INFO - detecting CVE-2022-40303 xmlParseName
2025-09-17 10:23:41,965 - INFO - cmd: python main.py --detect --cve_id CVE-2022-40303 --target_bin /binaries/target_clang/libxml2/libxml2-2.11.1-o0-libxml2 --vul_func_name xmlParseName --project libxml2
2025-09-17 10:23:52,938 - INFO - success CVE-2022-40303,details in cve_test/CVE-2022-40303.log

2025-09-17 10:23:52,940 - INFO - detecting CVE-2022-40303 xmlParsePI
2025-09-17 10:23:52,940 - INFO - cmd: python main.py --detect --cve_id CVE-2022-40303 --target_bin /binaries/target_clang/libxml2/libxml2-2.10.2-o0-libxml2 --vul_func_name xmlParsePI --project libxml2
2025-09-17 10:24:00,309 - INFO - success CVE-2022-40303,details in cve_test/CVE-2022-40303.log

2025-09-17 10:24:00,311 - INFO - detecting CVE-2022-40303 xmlParsePI
2025-09-17 10:24:00,311 - INFO - cmd: python main.py --detect --cve_id CVE-2022-40303 --target_bin /binaries/target_clang/libxml2/libxml2-2.10.1-o0-libxml2 --vul_func_name xmlParsePI --project libxml2
2025-09-17 10:24:07,216 - INFO - success CVE-2022-40303,details in cve_test/CVE-2022-40303.log

2025-09-17 10:24:07,218 - INFO - detecting CVE-2022-40303 xmlParsePI
2025-09-17 10:24:07,218 - INFO - cmd: python main.py --detect --cve_id CVE-2022-40303 --target_bin /binaries/target_clang/libxml2/libxml2-2.10.0-o0-libxml2 --vul_func_name xmlParsePI --project libxml2
2025-09-17 10:24:14,849 - INFO - success CVE-2022-40303,details in cve_test/CVE-2022-40303.log

2025-09-17 10:24:14,850 - INFO - detecting CVE-2022-40303 xmlParsePI
2025-09-17 10:24:14,850 - INFO - cmd: python main.py --detect --cve_id CVE-2022-40303 --target_bin /binaries/target_clang/libxml2/libxml2-2.10.4-o0-libxml2 --vul_func_name xmlParsePI --project libxml2
2025-09-17 10:24:22,730 - INFO - success CVE-2022-40303,details in cve_test/CVE-2022-40303.log

2025-09-17 10:24:22,731 - INFO - detecting CVE-2022-40303 xmlParsePI
2025-09-17 10:24:22,732 - INFO - cmd: python main.py --detect --cve_id CVE-2022-40303 --target_bin /binaries/target_clang/libxml2/libxml2-2.11.0-o0-libxml2 --vul_func_name xmlParsePI --project libxml2
2025-09-17 10:24:30,262 - INFO - success CVE-2022-40303,details in cve_test/CVE-2022-40303.log

2025-09-17 10:24:30,263 - INFO - detecting CVE-2022-40303 xmlParsePI
2025-09-17 10:24:30,264 - INFO - cmd: python main.py --detect --cve_id CVE-2022-40303 --target_bin /binaries/target_clang/libxml2/libxml2-2.11.1-o0-libxml2 --vul_func_name xmlParsePI --project libxml2
2025-09-17 10:24:38,233 - INFO - success CVE-2022-40303,details in cve_test/CVE-2022-40303.log

2025-09-17 10:24:38,234 - INFO - detecting CVE-2022-40303 xmlParseNmtoken
2025-09-17 10:24:38,235 - INFO - cmd: python main.py --detect --cve_id CVE-2022-40303 --target_bin /binaries/target_clang/libxml2/libxml2-2.10.2-o0-libxml2 --vul_func_name xmlParseNmtoken --project libxml2
2025-09-17 10:24:49,075 - INFO - success CVE-2022-40303,details in cve_test/CVE-2022-40303.log

2025-09-17 10:24:49,076 - INFO - detecting CVE-2022-40303 xmlParseNmtoken
2025-09-17 10:24:49,076 - INFO - cmd: python main.py --detect --cve_id CVE-2022-40303 --target_bin /binaries/target_clang/libxml2/libxml2-2.10.1-o0-libxml2 --vul_func_name xmlParseNmtoken --project libxml2
2025-09-17 10:25:00,404 - INFO - success CVE-2022-40303,details in cve_test/CVE-2022-40303.log

2025-09-17 10:25:00,405 - INFO - detecting CVE-2022-40303 xmlParseNmtoken
2025-09-17 10:25:00,406 - INFO - cmd: python main.py --detect --cve_id CVE-2022-40303 --target_bin /binaries/target_clang/libxml2/libxml2-2.10.0-o0-libxml2 --vul_func_name xmlParseNmtoken --project libxml2
2025-09-17 10:25:12,048 - INFO - success CVE-2022-40303,details in cve_test/CVE-2022-40303.log

2025-09-17 10:25:12,049 - INFO - detecting CVE-2022-40303 xmlParseNmtoken
2025-09-17 10:25:12,050 - INFO - cmd: python main.py --detect --cve_id CVE-2022-40303 --target_bin /binaries/target_clang/libxml2/libxml2-2.10.4-o0-libxml2 --vul_func_name xmlParseNmtoken --project libxml2
2025-09-17 10:25:23,128 - INFO - success CVE-2022-40303,details in cve_test/CVE-2022-40303.log

2025-09-17 10:25:23,129 - INFO - detecting CVE-2022-40303 xmlParseNmtoken
2025-09-17 10:25:23,130 - INFO - cmd: python main.py --detect --cve_id CVE-2022-40303 --target_bin /binaries/target_clang/libxml2/libxml2-2.11.0-o0-libxml2 --vul_func_name xmlParseNmtoken --project libxml2
2025-09-17 10:25:33,392 - INFO - success CVE-2022-40303,details in cve_test/CVE-2022-40303.log

2025-09-17 10:25:33,393 - INFO - detecting CVE-2022-40303 xmlParseNmtoken
2025-09-17 10:25:33,394 - INFO - cmd: python main.py --detect --cve_id CVE-2022-40303 --target_bin /binaries/target_clang/libxml2/libxml2-2.11.1-o0-libxml2 --vul_func_name xmlParseNmtoken --project libxml2
2025-09-17 10:25:42,904 - INFO - success CVE-2022-40303,details in cve_test/CVE-2022-40303.log

2025-09-17 10:25:42,905 - INFO - detecting CVE-2022-40303 xmlParsePubidLiteral
2025-09-17 10:25:42,905 - INFO - cmd: python main.py --detect --cve_id CVE-2022-40303 --target_bin /binaries/target_clang/libxml2/libxml2-2.10.2-o0-libxml2 --vul_func_name xmlParsePubidLiteral --project libxml2
2025-09-17 10:26:05,642 - INFO - success CVE-2022-40303,details in cve_test/CVE-2022-40303.log

2025-09-17 10:26:05,643 - INFO - detecting CVE-2022-40303 xmlParsePubidLiteral
2025-09-17 10:26:05,644 - INFO - cmd: python main.py --detect --cve_id CVE-2022-40303 --target_bin /binaries/target_clang/libxml2/libxml2-2.10.1-o0-libxml2 --vul_func_name xmlParsePubidLiteral --project libxml2
2025-09-17 10:26:27,740 - INFO - success CVE-2022-40303,details in cve_test/CVE-2022-40303.log

2025-09-17 10:26:27,741 - INFO - detecting CVE-2022-40303 xmlParsePubidLiteral
2025-09-17 10:26:27,742 - INFO - cmd: python main.py --detect --cve_id CVE-2022-40303 --target_bin /binaries/target_clang/libxml2/libxml2-2.10.0-o0-libxml2 --vul_func_name xmlParsePubidLiteral --project libxml2
2025-09-17 10:26:51,774 - INFO - success CVE-2022-40303,details in cve_test/CVE-2022-40303.log

2025-09-17 10:26:51,775 - INFO - detecting CVE-2022-40303 xmlParsePubidLiteral
2025-09-17 10:26:51,776 - INFO - cmd: python main.py --detect --cve_id CVE-2022-40303 --target_bin /binaries/target_clang/libxml2/libxml2-2.10.4-o0-libxml2 --vul_func_name xmlParsePubidLiteral --project libxml2
2025-09-17 10:27:14,744 - INFO - success CVE-2022-40303,details in cve_test/CVE-2022-40303.log

2025-09-17 10:27:14,745 - INFO - detecting CVE-2022-40303 xmlParsePubidLiteral
2025-09-17 10:27:14,745 - INFO - cmd: python main.py --detect --cve_id CVE-2022-40303 --target_bin /binaries/target_clang/libxml2/libxml2-2.11.0-o0-libxml2 --vul_func_name xmlParsePubidLiteral --project libxml2
2025-09-17 10:27:25,714 - INFO - success CVE-2022-40303,details in cve_test/CVE-2022-40303.log

2025-09-17 10:27:25,715 - INFO - detecting CVE-2022-40303 xmlParsePubidLiteral
2025-09-17 10:27:25,716 - INFO - cmd: python main.py --detect --cve_id CVE-2022-40303 --target_bin /binaries/target_clang/libxml2/libxml2-2.11.1-o0-libxml2 --vul_func_name xmlParsePubidLiteral --project libxml2
2025-09-17 10:27:36,184 - INFO - success CVE-2022-40303,details in cve_test/CVE-2022-40303.log

2025-09-17 10:27:36,185 - INFO - detecting CVE-2022-40303 xmlParseComment
2025-09-17 10:27:36,186 - INFO - cmd: python main.py --detect --cve_id CVE-2022-40303 --target_bin /binaries/target_clang/libxml2/libxml2-2.10.2-o0-libxml2 --vul_func_name xmlParseComment --project libxml2
2025-09-17 10:27:44,634 - INFO - success CVE-2022-40303,details in cve_test/CVE-2022-40303.log

2025-09-17 10:27:44,635 - INFO - detecting CVE-2022-40303 xmlParseComment
2025-09-17 10:27:44,636 - INFO - cmd: python main.py --detect --cve_id CVE-2022-40303 --target_bin /binaries/target_clang/libxml2/libxml2-2.10.1-o0-libxml2 --vul_func_name xmlParseComment --project libxml2
2025-09-17 10:27:52,792 - INFO - success CVE-2022-40303,details in cve_test/CVE-2022-40303.log

2025-09-17 10:27:52,793 - INFO - detecting CVE-2022-40303 xmlParseComment
2025-09-17 10:27:52,794 - INFO - cmd: python main.py --detect --cve_id CVE-2022-40303 --target_bin /binaries/target_clang/libxml2/libxml2-2.10.0-o0-libxml2 --vul_func_name xmlParseComment --project libxml2
2025-09-17 10:28:01,107 - INFO - success CVE-2022-40303,details in cve_test/CVE-2022-40303.log

2025-09-17 10:28:01,108 - INFO - detecting CVE-2022-40303 xmlParseComment
2025-09-17 10:28:01,109 - INFO - cmd: python main.py --detect --cve_id CVE-2022-40303 --target_bin /binaries/target_clang/libxml2/libxml2-2.10.4-o0-libxml2 --vul_func_name xmlParseComment --project libxml2
2025-09-17 10:28:09,798 - INFO - success CVE-2022-40303,details in cve_test/CVE-2022-40303.log

2025-09-17 10:28:09,799 - INFO - detecting CVE-2022-40303 xmlParseComment
2025-09-17 10:28:09,800 - INFO - cmd: python main.py --detect --cve_id CVE-2022-40303 --target_bin /binaries/target_clang/libxml2/libxml2-2.11.0-o0-libxml2 --vul_func_name xmlParseComment --project libxml2
2025-09-17 10:28:17,870 - INFO - success CVE-2022-40303,details in cve_test/CVE-2022-40303.log

2025-09-17 10:28:17,871 - INFO - detecting CVE-2022-40303 xmlParseComment
2025-09-17 10:28:17,872 - INFO - cmd: python main.py --detect --cve_id CVE-2022-40303 --target_bin /binaries/target_clang/libxml2/libxml2-2.11.1-o0-libxml2 --vul_func_name xmlParseComment --project libxml2
2025-09-17 10:28:25,515 - INFO - success CVE-2022-40303,details in cve_test/CVE-2022-40303.log

2025-09-17 10:28:25,516 - INFO - detecting CVE-2022-40303 xmlParseCommentComplex
2025-09-17 10:28:25,516 - INFO - cmd: python main.py --detect --cve_id CVE-2022-40303 --target_bin /binaries/target_clang/libxml2/libxml2-2.10.2-o0-libxml2 --vul_func_name xmlParseCommentComplex --project libxml2
2025-09-17 10:28:33,698 - INFO - success CVE-2022-40303,details in cve_test/CVE-2022-40303.log

2025-09-17 10:28:33,699 - INFO - detecting CVE-2022-40303 xmlParseCommentComplex
2025-09-17 10:28:33,699 - INFO - cmd: python main.py --detect --cve_id CVE-2022-40303 --target_bin /binaries/target_clang/libxml2/libxml2-2.10.1-o0-libxml2 --vul_func_name xmlParseCommentComplex --project libxml2
2025-09-17 10:28:41,392 - INFO - success CVE-2022-40303,details in cve_test/CVE-2022-40303.log

2025-09-17 10:28:41,393 - INFO - detecting CVE-2022-40303 xmlParseCommentComplex
2025-09-17 10:28:41,393 - INFO - cmd: python main.py --detect --cve_id CVE-2022-40303 --target_bin /binaries/target_clang/libxml2/libxml2-2.10.0-o0-libxml2 --vul_func_name xmlParseCommentComplex --project libxml2
2025-09-17 10:28:49,140 - INFO - success CVE-2022-40303,details in cve_test/CVE-2022-40303.log

2025-09-17 10:28:49,141 - INFO - detecting CVE-2022-40303 xmlParseCommentComplex
2025-09-17 10:28:49,142 - INFO - cmd: python main.py --detect --cve_id CVE-2022-40303 --target_bin /binaries/target_clang/libxml2/libxml2-2.10.4-o0-libxml2 --vul_func_name xmlParseCommentComplex --project libxml2
2025-09-17 10:28:56,452 - INFO - success CVE-2022-40303,details in cve_test/CVE-2022-40303.log

2025-09-17 10:28:56,454 - INFO - detecting CVE-2022-40303 xmlParseCommentComplex
2025-09-17 10:28:56,456 - INFO - cmd: python main.py --detect --cve_id CVE-2022-40303 --target_bin /binaries/target_clang/libxml2/libxml2-2.11.0-o0-libxml2 --vul_func_name xmlParseCommentComplex --project libxml2
2025-09-17 10:29:06,829 - INFO - success CVE-2022-40303,details in cve_test/CVE-2022-40303.log

2025-09-17 10:29:06,830 - INFO - detecting CVE-2022-40303 xmlParseCommentComplex
2025-09-17 10:29:06,831 - INFO - cmd: python main.py --detect --cve_id CVE-2022-40303 --target_bin /binaries/target_clang/libxml2/libxml2-2.11.1-o0-libxml2 --vul_func_name xmlParseCommentComplex --project libxml2
2025-09-17 10:29:14,372 - INFO - success CVE-2022-40303,details in cve_test/CVE-2022-40303.log