CVE ID: CVE-2013-0338
Target Binary: /binaries/target_clang/libxml2/libxml2-2.9.0-o0-libxml2
Vulnerable Function Name: xmlParserEntityCheck
Overall Score is: 0.066
--------------------------------------------
CVE ID: CVE-2013-0338
Target Binary: /binaries/target_clang/libxml2/libxml2-2.8.0-o0-libxml2
Vulnerable Function Name: xmlParserEntityCheck
Overall Score is: 0.066
--------------------------------------------
CVE ID: CVE-2013-0338
Target Binary: /binaries/target_clang/libxml2/libxml2-2.8.0-rc2-o0-libxml2
Vulnerable Function Name: xmlParserEntityCheck
Overall Score is: 0.066
--------------------------------------------
CVE ID: CVE-2013-0338
Target Binary: /binaries/target_clang/libxml2/libxml2-2.9.1-o0-libxml2
Vulnerable Function Name: xmlParserEntityCheck
Overall Score is: 0.565
--------------------------------------------
CVE ID: CVE-2013-0338
Target Binary: /binaries/target_clang/libxml2/libxml2-2.9.2-rc1-o0-libxml2
Vulnerable Function Name: xmlParserEntityCheck
Overall Score is: 0.565
--------------------------------------------
CVE ID: CVE-2013-0338
Target Binary: /binaries/target_clang/libxml2/libxml2-2.9.2-rc2-o0-libxml2
Vulnerable Function Name: xmlParserEntityCheck
Overall Score is: 0.565
--------------------------------------------
CVE ID: CVE-2013-1969
Target Binary: /binaries/target_clang/libxml2/libxml2-2.9.0-o0-libxml2
Vulnerable Function Name: htmlParseChunk__internal_alias
Overall Score is: 0.233
--------------------------------------------
CVE ID: CVE-2013-1969
Target Binary: /binaries/target_clang/libxml2/libxml2-2.9.1-o0-libxml2
Vulnerable Function Name: htmlParseChunk__internal_alias
Overall Score is: 0.233
--------------------------------------------
CVE ID: CVE-2013-1969
Target Binary: /binaries/target_clang/libxml2/libxml2-2.9.2-rc1-o0-libxml2
Vulnerable Function Name: htmlParseChunk__internal_alias
Overall Score is: 0.233
--------------------------------------------
CVE ID: CVE-2013-1969
Target Binary: /binaries/target_clang/libxml2/libxml2-2.9.2-rc2-o0-libxml2
Vulnerable Function Name: htmlParseChunk__internal_alias
Overall Score is: 0.233
--------------------------------------------
CVE ID: CVE-2015-7498
Target Binary: /binaries/target_clang/libxml2/libxml2-2.9.2-o0-libxml2
Vulnerable Function Name: xmlParseXMLDecl__internal_alias
Overall Score is: 0.229
--------------------------------------------
CVE ID: CVE-2015-7498
Target Binary: /binaries/target_clang/libxml2/libxml2-2.9.1-o0-libxml2
Vulnerable Function Name: xmlParseXMLDecl__internal_alias
Overall Score is: 0.229
--------------------------------------------
CVE ID: CVE-2015-7498
Target Binary: /binaries/target_clang/libxml2/libxml2-2.9.0-o0-libxml2
Vulnerable Function Name: xmlParseXMLDecl__internal_alias
Overall Score is: 0.229
--------------------------------------------
CVE ID: CVE-2015-7498
Target Binary: /binaries/target_clang/libxml2/libxml2-2.9.3-o0-libxml2
Vulnerable Function Name: xmlParseXMLDecl__internal_alias
Overall Score is: 0.231
--------------------------------------------
CVE ID: CVE-2015-7498
Target Binary: /binaries/target_clang/libxml2/libxml2-2.9.4-o0-libxml2
Vulnerable Function Name: xmlParseXMLDecl__internal_alias
Overall Score is: 0.232
--------------------------------------------
CVE ID: CVE-2015-7498
Target Binary: /binaries/target_clang/libxml2/libxml2-2.9.5-rc1-o0-libxml2
Vulnerable Function Name: xmlParseXMLDecl__internal_alias
Overall Score is: 0.231
--------------------------------------------
CVE ID: CVE-2015-7498
Target Binary: /binaries/target_clang/libxml2/libxml2-2.9.2-o0-libxml2
Vulnerable Function Name: xmlSwitchEncoding__internal_alias
Overall Score is: 0.611
--------------------------------------------
CVE ID: CVE-2015-7498
Target Binary: /binaries/target_clang/libxml2/libxml2-2.9.1-o0-libxml2
Vulnerable Function Name: xmlSwitchEncoding__internal_alias
Overall Score is: 0.611
--------------------------------------------
CVE ID: CVE-2015-7498
Target Binary: /binaries/target_clang/libxml2/libxml2-2.9.0-o0-libxml2
Vulnerable Function Name: xmlSwitchEncoding__internal_alias
Overall Score is: 0.611
--------------------------------------------
CVE ID: CVE-2015-7498
Target Binary: /binaries/target_clang/libxml2/libxml2-2.9.3-o0-libxml2
Vulnerable Function Name: xmlSwitchEncoding__internal_alias
Overall Score is: 0.611
--------------------------------------------
CVE ID: CVE-2015-7498
Target Binary: /binaries/target_clang/libxml2/libxml2-2.9.4-o0-libxml2
Vulnerable Function Name: xmlSwitchEncoding__internal_alias
Overall Score is: 0.611
--------------------------------------------
CVE ID: CVE-2015-7498
Target Binary: /binaries/target_clang/libxml2/libxml2-2.9.5-rc1-o0-libxml2
Vulnerable Function Name: xmlSwitchEncoding__internal_alias
Overall Score is: 0.611
--------------------------------------------
CVE ID: CVE-2015-7500
Target Binary: /binaries/target_clang/libxml2/libxml2-2.9.2-o0-libxml2
Vulnerable Function Name: xmlParseStartTag2
Overall Score is: 0.321
--------------------------------------------
CVE ID: CVE-2015-7500
Target Binary: /binaries/target_clang/libxml2/libxml2-2.9.1-o0-libxml2
Vulnerable Function Name: xmlParseStartTag2
Overall Score is: 0.321
--------------------------------------------
CVE ID: CVE-2015-7500
Target Binary: /binaries/target_clang/libxml2/libxml2-2.9.0-o0-libxml2
Vulnerable Function Name: xmlParseStartTag2
Overall Score is: 0.321
--------------------------------------------
CVE ID: CVE-2015-7500
Target Binary: /binaries/target_clang/libxml2/libxml2-2.9.4-o0-libxml2
Vulnerable Function Name: xmlParseStartTag2
Overall Score is: 0.233
--------------------------------------------
CVE ID: CVE-2015-7500
Target Binary: /binaries/target_clang/libxml2/libxml2-2.9.5-rc1-o0-libxml2
Vulnerable Function Name: xmlParseStartTag2
Overall Score is: 0.233
--------------------------------------------
CVE ID: CVE-2015-7500
Target Binary: /binaries/target_clang/libxml2/libxml2-2.9.5-rc2-o0-libxml2
Vulnerable Function Name: xmlParseStartTag2
Overall Score is: 0.233
--------------------------------------------
CVE ID: CVE-2015-7941
Target Binary: /binaries/target_clang/libxml2/libxml2-2.9.2-o0-libxml2
Vulnerable Function Name: xmlParseConditionalSections
Overall Score is: -0.914
--------------------------------------------
CVE ID: CVE-2015-7941
Target Binary: /binaries/target_clang/libxml2/libxml2-2.9.3-o0-libxml2
Vulnerable Function Name: xmlParseConditionalSections
Overall Score is: 0.824
--------------------------------------------
CVE ID: CVE-2015-7941
Target Binary: /binaries/target_clang/libxml2/libxml2-2.9.4-o0-libxml2
Vulnerable Function Name: xmlParseConditionalSections
Overall Score is: 0.824
--------------------------------------------
CVE ID: CVE-2015-7941
Target Binary: /binaries/target_clang/libxml2/libxml2-2.9.5-rc1-o0-libxml2
Vulnerable Function Name: xmlParseConditionalSections
Overall Score is: 0.824
--------------------------------------------
CVE ID: CVE-2015-8241
Target Binary: /binaries/target_clang/libxml2/libxml2-2.9.2-o0-libxml2
Vulnerable Function Name: xmlParseMarkupDecl__internal_alias
Overall Score is: 0.406
--------------------------------------------
CVE ID: CVE-2015-8241
Target Binary: /binaries/target_clang/libxml2/libxml2-2.9.1-o0-libxml2
Vulnerable Function Name: xmlParseMarkupDecl__internal_alias
Overall Score is: 0.081
--------------------------------------------
CVE ID: CVE-2015-8241
Target Binary: /binaries/target_clang/libxml2/libxml2-2.9.0-o0-libxml2
Vulnerable Function Name: xmlParseMarkupDecl__internal_alias
Overall Score is: 0.081
--------------------------------------------
CVE ID: CVE-2015-8241
Target Binary: /binaries/target_clang/libxml2/libxml2-2.9.3-o0-libxml2
Vulnerable Function Name: xmlParseMarkupDecl__internal_alias
Overall Score is: 0.304
--------------------------------------------
CVE ID: CVE-2015-8241
Target Binary: /binaries/target_clang/libxml2/libxml2-2.9.4-o0-libxml2
Vulnerable Function Name: xmlParseMarkupDecl__internal_alias
Overall Score is: 0.304
--------------------------------------------
CVE ID: CVE-2015-8241
Target Binary: /binaries/target_clang/libxml2/libxml2-2.9.5-rc1-o0-libxml2
Vulnerable Function Name: xmlParseMarkupDecl__internal_alias
Overall Score is: 0.294
--------------------------------------------
CVE ID: CVE-2016-1762
Target Binary: /binaries/target_clang/libxml2/libxml2-2.9.3-o0-libxml2
Vulnerable Function Name: xmlParseInternalSubset
Overall Score is: -0.328
--------------------------------------------
CVE ID: CVE-2016-1762
Target Binary: /binaries/target_clang/libxml2/libxml2-2.9.2-o0-libxml2
Vulnerable Function Name: xmlParseInternalSubset
Overall Score is: -0.328
--------------------------------------------
CVE ID: CVE-2016-1762
Target Binary: /binaries/target_clang/libxml2/libxml2-2.9.2-rc2-o0-libxml2
Vulnerable Function Name: xmlParseInternalSubset
Overall Score is: -0.328
--------------------------------------------
CVE ID: CVE-2016-1762
Target Binary: /binaries/target_clang/libxml2/libxml2-2.9.4-o0-libxml2
Vulnerable Function Name: xmlParseInternalSubset
Overall Score is: 0.782
--------------------------------------------
CVE ID: CVE-2016-1762
Target Binary: /binaries/target_clang/libxml2/libxml2-2.9.5-rc1-o0-libxml2
Vulnerable Function Name: xmlParseInternalSubset
Overall Score is: 0.782
--------------------------------------------
CVE ID: CVE-2016-1762
Target Binary: /binaries/target_clang/libxml2/libxml2-2.9.5-rc2-o0-libxml2
Vulnerable Function Name: xmlParseInternalSubset
Overall Score is: 0.782
--------------------------------------------
CVE ID: CVE-2016-1836
Target Binary: /binaries/target_clang/libxml2/libxml2-2.9.3-o0-libxml2
Vulnerable Function Name: xmlParseNCNameComplex
Overall Score is: 0.145
--------------------------------------------
CVE ID: CVE-2016-1836
Target Binary: /binaries/target_clang/libxml2/libxml2-2.9.2-o0-libxml2
Vulnerable Function Name: xmlParseNCNameComplex
Overall Score is: 0.259
--------------------------------------------
CVE ID: CVE-2016-1836
Target Binary: /binaries/target_clang/libxml2/libxml2-2.9.2-rc2-o0-libxml2
Vulnerable Function Name: xmlParseNCNameComplex
Overall Score is: 0.259
--------------------------------------------
CVE ID: CVE-2016-1836
Target Binary: /binaries/target_clang/libxml2/libxml2-2.9.5-rc1-o0-libxml2
Vulnerable Function Name: xmlParseNCNameComplex
Overall Score is: 0.237
--------------------------------------------
CVE ID: CVE-2016-1836
Target Binary: /binaries/target_clang/libxml2/libxml2-2.9.5-rc2-o0-libxml2
Vulnerable Function Name: xmlParseNCNameComplex
Overall Score is: 0.237
--------------------------------------------
CVE ID: CVE-2016-1836
Target Binary: /binaries/target_clang/libxml2/libxml2-2.9.5-o0-libxml2
Vulnerable Function Name: xmlParseNCNameComplex
Overall Score is: 0.237
--------------------------------------------
CVE ID: CVE-2016-1837
Target Binary: /binaries/target_clang/libxml2/libxml2-2.9.3-o0-libxml2
Vulnerable Function Name: htmlParseSystemLiteral
Overall Score is: -0.082
--------------------------------------------
CVE ID: CVE-2016-1837
Target Binary: /binaries/target_clang/libxml2/libxml2-2.9.2-o0-libxml2
Vulnerable Function Name: htmlParseSystemLiteral
Overall Score is: -0.082
--------------------------------------------
CVE ID: CVE-2016-1837
Target Binary: /binaries/target_clang/libxml2/libxml2-2.9.2-rc2-o0-libxml2
Vulnerable Function Name: htmlParseSystemLiteral
Overall Score is: -0.082
--------------------------------------------
CVE ID: CVE-2016-1837
Target Binary: /binaries/target_clang/libxml2/libxml2-2.9.5-rc1-o0-libxml2
Vulnerable Function Name: htmlParseSystemLiteral
Overall Score is: 0.361
--------------------------------------------
CVE ID: CVE-2016-1837
Target Binary: /binaries/target_clang/libxml2/libxml2-2.9.5-rc2-o0-libxml2
Vulnerable Function Name: htmlParseSystemLiteral
Overall Score is: 0.361
--------------------------------------------
CVE ID: CVE-2016-1837
Target Binary: /binaries/target_clang/libxml2/libxml2-2.9.5-o0-libxml2
Vulnerable Function Name: htmlParseSystemLiteral
Overall Score is: 0.361
--------------------------------------------
CVE ID: CVE-2016-4658
Target Binary: /binaries/target_clang/libxml2/libxml2-2.9.4-o0-libxml2
Vulnerable Function Name: xmlXPtrNewRangeNodeObject__internal_alias
Overall Score is: 0.387
--------------------------------------------
CVE ID: CVE-2016-4658
Target Binary: /binaries/target_clang/libxml2/libxml2-2.9.3-o0-libxml2
Vulnerable Function Name: xmlXPtrNewRangeNodeObject__internal_alias
Overall Score is: 0.387
--------------------------------------------
CVE ID: CVE-2016-4658
Target Binary: /binaries/target_clang/libxml2/libxml2-2.9.2-o0-libxml2
Vulnerable Function Name: xmlXPtrNewRangeNodeObject__internal_alias
Overall Score is: 0.387
--------------------------------------------
CVE ID: CVE-2016-4658
Target Binary: /binaries/target_clang/libxml2/libxml2-2.9.5-rc1-o0-libxml2
Vulnerable Function Name: xmlXPtrNewRangeNodeObject__internal_alias
Overall Score is: 0.387
--------------------------------------------
CVE ID: CVE-2016-4658
Target Binary: /binaries/target_clang/libxml2/libxml2-2.9.5-rc2-o0-libxml2
Vulnerable Function Name: xmlXPtrNewRangeNodeObject__internal_alias
Overall Score is: 0.387
--------------------------------------------
CVE ID: CVE-2016-4658
Target Binary: /binaries/target_clang/libxml2/libxml2-2.9.5-o0-libxml2
Vulnerable Function Name: xmlXPtrNewRangeNodeObject__internal_alias
Overall Score is: 0.387
--------------------------------------------
CVE ID: CVE-2017-16931
Target Binary: /binaries/target_clang/libxml2/libxml2-2.9.4-o0-libxml2
Vulnerable Function Name: xmlParseNameComplex
Overall Score is: 0.193
--------------------------------------------
CVE ID: CVE-2017-16931
Target Binary: /binaries/target_clang/libxml2/libxml2-2.9.3-o0-libxml2
Vulnerable Function Name: xmlParseNameComplex
Overall Score is: 0.193
--------------------------------------------
CVE ID: CVE-2017-16931
Target Binary: /binaries/target_clang/libxml2/libxml2-2.9.2-o0-libxml2
Vulnerable Function Name: xmlParseNameComplex
Overall Score is: 0.193
--------------------------------------------
CVE ID: CVE-2017-16931
Target Binary: /binaries/target_clang/libxml2/libxml2-2.9.5-rc1-o0-libxml2
Vulnerable Function Name: xmlParseNameComplex
Overall Score is: 0.346
--------------------------------------------
CVE ID: CVE-2017-16931
Target Binary: /binaries/target_clang/libxml2/libxml2-2.9.5-rc2-o0-libxml2
Vulnerable Function Name: xmlParseNameComplex
Overall Score is: 0.346
--------------------------------------------
CVE ID: CVE-2017-16931
Target Binary: /binaries/target_clang/libxml2/libxml2-2.9.5-o0-libxml2
Vulnerable Function Name: xmlParseNameComplex
Overall Score is: 0.346
--------------------------------------------
CVE ID: CVE-2017-5130
Target Binary: /binaries/target_clang/libxml2/libxml2-2.9.4-o0-libxml2
Vulnerable Function Name: xmlMallocLoc__internal_alias
Overall Score is: -0.877
--------------------------------------------
CVE ID: CVE-2017-5130
Target Binary: /binaries/target_clang/libxml2/libxml2-2.9.3-o0-libxml2
Vulnerable Function Name: xmlMallocLoc__internal_alias
Overall Score is: -0.877
--------------------------------------------
CVE ID: CVE-2017-5130
Target Binary: /binaries/target_clang/libxml2/libxml2-2.9.2-o0-libxml2
Vulnerable Function Name: xmlMallocLoc__internal_alias
Overall Score is: -0.877
--------------------------------------------
CVE ID: CVE-2017-5130
Target Binary: /binaries/target_clang/libxml2/libxml2-2.9.5-rc1-o0-libxml2
Vulnerable Function Name: xmlMallocLoc__internal_alias
Overall Score is: 0.818
--------------------------------------------
CVE ID: CVE-2017-5130
Target Binary: /binaries/target_clang/libxml2/libxml2-2.9.5-rc2-o0-libxml2
Vulnerable Function Name: xmlMallocLoc__internal_alias
Overall Score is: 0.818
--------------------------------------------
CVE ID: CVE-2017-5130
Target Binary: /binaries/target_clang/libxml2/libxml2-2.9.5-o0-libxml2
Vulnerable Function Name: xmlMallocLoc__internal_alias
Overall Score is: 0.818
--------------------------------------------
CVE ID: CVE-2017-5130
Target Binary: /binaries/target_clang/libxml2/libxml2-2.9.4-o0-libxml2
Vulnerable Function Name: xmlMemStrdupLoc__internal_alias
Overall Score is: 0.165
--------------------------------------------
CVE ID: CVE-2017-5130
Target Binary: /binaries/target_clang/libxml2/libxml2-2.9.3-o0-libxml2
Vulnerable Function Name: xmlMemStrdupLoc__internal_alias
Overall Score is: 0.165
--------------------------------------------
CVE ID: CVE-2017-5130
Target Binary: /binaries/target_clang/libxml2/libxml2-2.9.2-o0-libxml2
Vulnerable Function Name: xmlMemStrdupLoc__internal_alias
Overall Score is: 0.165
--------------------------------------------
CVE ID: CVE-2017-5130
Target Binary: /binaries/target_clang/libxml2/libxml2-2.9.5-rc1-o0-libxml2
Vulnerable Function Name: xmlMemStrdupLoc__internal_alias
Overall Score is: 0.186
--------------------------------------------
CVE ID: CVE-2017-5130
Target Binary: /binaries/target_clang/libxml2/libxml2-2.9.5-rc2-o0-libxml2
Vulnerable Function Name: xmlMemStrdupLoc__internal_alias
Overall Score is: 0.186
--------------------------------------------
CVE ID: CVE-2017-5130
Target Binary: /binaries/target_clang/libxml2/libxml2-2.9.5-o0-libxml2
Vulnerable Function Name: xmlMemStrdupLoc__internal_alias
Overall Score is: 0.186
--------------------------------------------
CVE ID: CVE-2022-23308
Target Binary: /binaries/target_clang/libxml2/libxml2-2.9.11-o0-libxml2
Vulnerable Function Name: xmlValidCtxtNormalizeAttributeValue__internal_alias
Overall Score is: 0.233
--------------------------------------------
CVE ID: CVE-2022-23308
Target Binary: /binaries/target_clang/libxml2/libxml2-2.9.12-o0-libxml2
Vulnerable Function Name: xmlValidCtxtNormalizeAttributeValue__internal_alias
Overall Score is: 0.233
--------------------------------------------
CVE ID: CVE-2022-23308
Target Binary: /binaries/target_clang/libxml2/libxml2-2.9.10-o0-libxml2
Vulnerable Function Name: xmlValidCtxtNormalizeAttributeValue__internal_alias
Overall Score is: 0.233
--------------------------------------------
CVE ID: CVE-2022-23308
Target Binary: /binaries/target_clang/libxml2/libxml2-2.9.13-o0-libxml2
Vulnerable Function Name: xmlValidCtxtNormalizeAttributeValue__internal_alias
Overall Score is: 0.233
--------------------------------------------
CVE ID: CVE-2022-23308
Target Binary: /binaries/target_clang/libxml2/libxml2-2.9.14-o0-libxml2
Vulnerable Function Name: xmlValidCtxtNormalizeAttributeValue__internal_alias
Overall Score is: 0.233
--------------------------------------------
CVE ID: CVE-2022-23308
Target Binary: /binaries/target_clang/libxml2/libxml2-2.9.11-o0-libxml2
Vulnerable Function Name: xmlValidNormalizeAttributeValue__internal_alias
Overall Score is: 0.233
--------------------------------------------
CVE ID: CVE-2022-23308
Target Binary: /binaries/target_clang/libxml2/libxml2-2.9.12-o0-libxml2
Vulnerable Function Name: xmlValidNormalizeAttributeValue__internal_alias
Overall Score is: 0.233
--------------------------------------------
CVE ID: CVE-2022-23308
Target Binary: /binaries/target_clang/libxml2/libxml2-2.9.10-o0-libxml2
Vulnerable Function Name: xmlValidNormalizeAttributeValue__internal_alias
Overall Score is: 0.233
--------------------------------------------
CVE ID: CVE-2022-23308
Target Binary: /binaries/target_clang/libxml2/libxml2-2.9.13-o0-libxml2
Vulnerable Function Name: xmlValidNormalizeAttributeValue__internal_alias
Overall Score is: 0.233
--------------------------------------------
CVE ID: CVE-2022-23308
Target Binary: /binaries/target_clang/libxml2/libxml2-2.9.14-o0-libxml2
Vulnerable Function Name: xmlValidNormalizeAttributeValue__internal_alias
Overall Score is: 0.233
--------------------------------------------
CVE ID: CVE-2022-29824
Target Binary: /binaries/target_clang/libxml2/libxml2-2.9.13-o0-libxml2
Vulnerable Function Name: xmlBufferCreateSize__internal_alias
Overall Score is: -0.895
--------------------------------------------
CVE ID: CVE-2022-29824
Target Binary: /binaries/target_clang/libxml2/libxml2-2.9.11-o0-libxml2
Vulnerable Function Name: xmlBufferCreateSize__internal_alias
Overall Score is: -0.895
--------------------------------------------
CVE ID: CVE-2022-29824
Target Binary: /binaries/target_clang/libxml2/libxml2-2.9.12-o0-libxml2
Vulnerable Function Name: xmlBufferCreateSize__internal_alias
Overall Score is: -0.895
--------------------------------------------
CVE ID: CVE-2022-29824
Target Binary: /binaries/target_clang/libxml2/libxml2-2.9.13-o0-libxml2
Vulnerable Function Name: xmlBufCreateSize
Overall Score is: -0.890
--------------------------------------------
CVE ID: CVE-2022-29824
Target Binary: /binaries/target_clang/libxml2/libxml2-2.9.11-o0-libxml2
Vulnerable Function Name: xmlBufCreateSize
Overall Score is: -0.890
--------------------------------------------
CVE ID: CVE-2022-29824
Target Binary: /binaries/target_clang/libxml2/libxml2-2.9.12-o0-libxml2
Vulnerable Function Name: xmlBufCreateSize
Overall Score is: -0.890
--------------------------------------------
CVE ID: CVE-2022-29824
Target Binary: /binaries/target_clang/libxml2/libxml2-2.10.0-o0-libxml2
Vulnerable Function Name: xmlBufCreateSize
Overall Score is: 0.571
--------------------------------------------
CVE ID: CVE-2022-29824
Target Binary: /binaries/target_clang/libxml2/libxml2-2.10.1-o0-libxml2
Vulnerable Function Name: xmlBufCreateSize
Overall Score is: 0.571
--------------------------------------------
CVE ID: CVE-2022-29824
Target Binary: /binaries/target_clang/libxml2/libxml2-2.10.2-o0-libxml2
Vulnerable Function Name: xmlBufCreateSize
Overall Score is: 0.571
--------------------------------------------
CVE ID: CVE-2022-40303
Target Binary: /binaries/target_clang/libxml2/libxml2-2.10.2-o0-libxml2
Vulnerable Function Name: xmlParseCDSect
Overall Score is: 0.003
--------------------------------------------
CVE ID: CVE-2022-40303
Target Binary: /binaries/target_clang/libxml2/libxml2-2.10.1-o0-libxml2
Vulnerable Function Name: xmlParseCDSect
Overall Score is: 0.003
--------------------------------------------
CVE ID: CVE-2022-40303
Target Binary: /binaries/target_clang/libxml2/libxml2-2.10.0-o0-libxml2
Vulnerable Function Name: xmlParseCDSect
Overall Score is: 0.003
--------------------------------------------
CVE ID: CVE-2022-40303
Target Binary: /binaries/target_clang/libxml2/libxml2-2.10.4-o0-libxml2
Vulnerable Function Name: xmlParseCDSect
Overall Score is: 0.488
--------------------------------------------
CVE ID: CVE-2022-40303
Target Binary: /binaries/target_clang/libxml2/libxml2-2.11.0-o0-libxml2
Vulnerable Function Name: xmlParseCDSect
Overall Score is: 0.413
--------------------------------------------
CVE ID: CVE-2022-40303
Target Binary: /binaries/target_clang/libxml2/libxml2-2.11.1-o0-libxml2
Vulnerable Function Name: xmlParseCDSect
Overall Score is: 0.413
--------------------------------------------
CVE ID: CVE-2022-40303
Target Binary: /binaries/target_clang/libxml2/libxml2-2.10.2-o0-libxml2
Vulnerable Function Name: xmlParseStringName
Overall Score is: 0.192
--------------------------------------------
CVE ID: CVE-2022-40303
Target Binary: /binaries/target_clang/libxml2/libxml2-2.10.1-o0-libxml2
Vulnerable Function Name: xmlParseStringName
Overall Score is: 0.192
--------------------------------------------
CVE ID: CVE-2022-40303
Target Binary: /binaries/target_clang/libxml2/libxml2-2.10.0-o0-libxml2
Vulnerable Function Name: xmlParseStringName
Overall Score is: 0.192
--------------------------------------------
CVE ID: CVE-2022-40303
Target Binary: /binaries/target_clang/libxml2/libxml2-2.10.4-o0-libxml2
Vulnerable Function Name: xmlParseStringName
Overall Score is: 0.457
--------------------------------------------
CVE ID: CVE-2022-40303
Target Binary: /binaries/target_clang/libxml2/libxml2-2.11.0-o0-libxml2
Vulnerable Function Name: xmlParseStringName
Overall Score is: 0.457
--------------------------------------------
CVE ID: CVE-2022-40303
Target Binary: /binaries/target_clang/libxml2/libxml2-2.11.1-o0-libxml2
Vulnerable Function Name: xmlParseStringName
Overall Score is: 0.457
--------------------------------------------
CVE ID: CVE-2022-40303
Target Binary: /binaries/target_clang/libxml2/libxml2-2.10.2-o0-libxml2
Vulnerable Function Name: xmlParseEntityValue
Overall Score is: -0.201
--------------------------------------------
CVE ID: CVE-2022-40303
Target Binary: /binaries/target_clang/libxml2/libxml2-2.10.1-o0-libxml2
Vulnerable Function Name: xmlParseEntityValue
Overall Score is: -0.201
--------------------------------------------
CVE ID: CVE-2022-40303
Target Binary: /binaries/target_clang/libxml2/libxml2-2.10.0-o0-libxml2
Vulnerable Function Name: xmlParseEntityValue
Overall Score is: -0.201
--------------------------------------------
CVE ID: CVE-2022-40303
Target Binary: /binaries/target_clang/libxml2/libxml2-2.10.4-o0-libxml2
Vulnerable Function Name: xmlParseEntityValue
Overall Score is: 0.534
--------------------------------------------
CVE ID: CVE-2022-40303
Target Binary: /binaries/target_clang/libxml2/libxml2-2.11.0-o0-libxml2
Vulnerable Function Name: xmlParseEntityValue
Overall Score is: 0.456
--------------------------------------------
CVE ID: CVE-2022-40303
Target Binary: /binaries/target_clang/libxml2/libxml2-2.11.1-o0-libxml2
Vulnerable Function Name: xmlParseEntityValue
Overall Score is: 0.456
--------------------------------------------
CVE ID: CVE-2022-40303
Target Binary: /binaries/target_clang/libxml2/libxml2-2.10.2-o0-libxml2
Vulnerable Function Name: xmlParseNCNameComplex
Overall Score is: -0.089
--------------------------------------------
CVE ID: CVE-2022-40303
Target Binary: /binaries/target_clang/libxml2/libxml2-2.10.1-o0-libxml2
Vulnerable Function Name: xmlParseNCNameComplex
Overall Score is: -0.089
--------------------------------------------
CVE ID: CVE-2022-40303
Target Binary: /binaries/target_clang/libxml2/libxml2-2.10.0-o0-libxml2
Vulnerable Function Name: xmlParseNCNameComplex
Overall Score is: -0.089
--------------------------------------------
CVE ID: CVE-2022-40303
Target Binary: /binaries/target_clang/libxml2/libxml2-2.10.4-o0-libxml2
Vulnerable Function Name: xmlParseNCNameComplex
Overall Score is: 0.604
--------------------------------------------
CVE ID: CVE-2022-40303
Target Binary: /binaries/target_clang/libxml2/libxml2-2.11.0-o0-libxml2
Vulnerable Function Name: xmlParseNCNameComplex
Overall Score is: 0.265
--------------------------------------------
CVE ID: CVE-2022-40303
Target Binary: /binaries/target_clang/libxml2/libxml2-2.11.1-o0-libxml2
Vulnerable Function Name: xmlParseNCNameComplex
Overall Score is: 0.265
--------------------------------------------
CVE ID: CVE-2022-40303
Target Binary: /binaries/target_clang/libxml2/libxml2-2.10.2-o0-libxml2
Vulnerable Function Name: xmlParseNameComplex
Overall Score is: 0.005
--------------------------------------------
CVE ID: CVE-2022-40303
Target Binary: /binaries/target_clang/libxml2/libxml2-2.10.1-o0-libxml2
Vulnerable Function Name: xmlParseNameComplex
Overall Score is: 0.005
--------------------------------------------
CVE ID: CVE-2022-40303
Target Binary: /binaries/target_clang/libxml2/libxml2-2.10.0-o0-libxml2
Vulnerable Function Name: xmlParseNameComplex
Overall Score is: 0.005
--------------------------------------------
CVE ID: CVE-2022-40303
Target Binary: /binaries/target_clang/libxml2/libxml2-2.10.4-o0-libxml2
Vulnerable Function Name: xmlParseNameComplex
Overall Score is: 0.370
--------------------------------------------
CVE ID: CVE-2022-40303
Target Binary: /binaries/target_clang/libxml2/libxml2-2.11.0-o0-libxml2
Vulnerable Function Name: xmlParseNameComplex
Overall Score is: 0.396
--------------------------------------------
CVE ID: CVE-2022-40303
Target Binary: /binaries/target_clang/libxml2/libxml2-2.11.1-o0-libxml2
Vulnerable Function Name: xmlParseNameComplex
Overall Score is: 0.396
--------------------------------------------
CVE ID: CVE-2022-40303
Target Binary: /binaries/target_clang/libxml2/libxml2-2.10.2-o0-libxml2
Vulnerable Function Name: xmlParseSystemLiteral
Overall Score is: 0.265
--------------------------------------------
CVE ID: CVE-2022-40303
Target Binary: /binaries/target_clang/libxml2/libxml2-2.10.1-o0-libxml2
Vulnerable Function Name: xmlParseSystemLiteral
Overall Score is: 0.265
--------------------------------------------
CVE ID: CVE-2022-40303
Target Binary: /binaries/target_clang/libxml2/libxml2-2.10.0-o0-libxml2
Vulnerable Function Name: xmlParseSystemLiteral
Overall Score is: 0.265
--------------------------------------------
CVE ID: CVE-2022-40303
Target Binary: /binaries/target_clang/libxml2/libxml2-2.10.4-o0-libxml2
Vulnerable Function Name: xmlParseSystemLiteral
Overall Score is: 0.261
--------------------------------------------
CVE ID: CVE-2022-40303
Target Binary: /binaries/target_clang/libxml2/libxml2-2.11.0-o0-libxml2
Vulnerable Function Name: xmlParseSystemLiteral
Overall Score is: 0.230
--------------------------------------------
CVE ID: CVE-2022-40303
Target Binary: /binaries/target_clang/libxml2/libxml2-2.11.1-o0-libxml2
Vulnerable Function Name: xmlParseSystemLiteral
Overall Score is: 0.230
--------------------------------------------
CVE ID: CVE-2022-40303
Target Binary: /binaries/target_clang/libxml2/libxml2-2.10.2-o0-libxml2
Vulnerable Function Name: xmlParseAttValueInternal
Overall Score is: 0.259
--------------------------------------------
CVE ID: CVE-2022-40303
Target Binary: /binaries/target_clang/libxml2/libxml2-2.10.1-o0-libxml2
Vulnerable Function Name: xmlParseAttValueInternal
Overall Score is: 0.259
--------------------------------------------
CVE ID: CVE-2022-40303
Target Binary: /binaries/target_clang/libxml2/libxml2-2.10.0-o0-libxml2
Vulnerable Function Name: xmlParseAttValueInternal
Overall Score is: 0.259
--------------------------------------------
CVE ID: CVE-2022-40303
Target Binary: /binaries/target_clang/libxml2/libxml2-2.10.4-o0-libxml2
Vulnerable Function Name: xmlParseAttValueInternal
Overall Score is: 0.267
--------------------------------------------
CVE ID: CVE-2022-40303
Target Binary: /binaries/target_clang/libxml2/libxml2-2.11.0-o0-libxml2
Vulnerable Function Name: xmlParseAttValueInternal
Overall Score is: 0.268
--------------------------------------------
CVE ID: CVE-2022-40303
Target Binary: /binaries/target_clang/libxml2/libxml2-2.11.1-o0-libxml2
Vulnerable Function Name: xmlParseAttValueInternal
Overall Score is: 0.268
--------------------------------------------
CVE ID: CVE-2022-40303
Target Binary: /binaries/target_clang/libxml2/libxml2-2.10.2-o0-libxml2
Vulnerable Function Name: xmlParseAttValueComplex
Overall Score is: 0.265
--------------------------------------------
CVE ID: CVE-2022-40303
Target Binary: /binaries/target_clang/libxml2/libxml2-2.10.1-o0-libxml2
Vulnerable Function Name: xmlParseAttValueComplex
Overall Score is: 0.265
--------------------------------------------
CVE ID: CVE-2022-40303
Target Binary: /binaries/target_clang/libxml2/libxml2-2.10.0-o0-libxml2
Vulnerable Function Name: xmlParseAttValueComplex
Overall Score is: 0.265
--------------------------------------------
CVE ID: CVE-2022-40303
Target Binary: /binaries/target_clang/libxml2/libxml2-2.10.4-o0-libxml2
Vulnerable Function Name: xmlParseAttValueComplex
Overall Score is: 0.281
--------------------------------------------
CVE ID: CVE-2022-40303
Target Binary: /binaries/target_clang/libxml2/libxml2-2.11.0-o0-libxml2
Vulnerable Function Name: xmlParseAttValueComplex
Overall Score is: 0.320
--------------------------------------------
CVE ID: CVE-2022-40303
Target Binary: /binaries/target_clang/libxml2/libxml2-2.11.1-o0-libxml2
Vulnerable Function Name: xmlParseAttValueComplex
Overall Score is: 0.320
--------------------------------------------
CVE ID: CVE-2022-40303
Target Binary: /binaries/target_clang/libxml2/libxml2-2.10.2-o0-libxml2
Vulnerable Function Name: xmlParseNCName
Overall Score is: -0.358
--------------------------------------------
CVE ID: CVE-2022-40303
Target Binary: /binaries/target_clang/libxml2/libxml2-2.10.1-o0-libxml2
Vulnerable Function Name: xmlParseNCName
Overall Score is: -0.358
--------------------------------------------
CVE ID: CVE-2022-40303
Target Binary: /binaries/target_clang/libxml2/libxml2-2.10.0-o0-libxml2
Vulnerable Function Name: xmlParseNCName
Overall Score is: -0.358
--------------------------------------------
CVE ID: CVE-2022-40303
Target Binary: /binaries/target_clang/libxml2/libxml2-2.10.4-o0-libxml2
Vulnerable Function Name: xmlParseNCName
Overall Score is: 0.705
--------------------------------------------
CVE ID: CVE-2022-40303
Target Binary: /binaries/target_clang/libxml2/libxml2-2.11.0-o0-libxml2
Vulnerable Function Name: xmlParseNCName
Overall Score is: 0.386
--------------------------------------------
CVE ID: CVE-2022-40303
Target Binary: /binaries/target_clang/libxml2/libxml2-2.11.1-o0-libxml2
Vulnerable Function Name: xmlParseNCName
Overall Score is: 0.386
--------------------------------------------
CVE ID: CVE-2022-40303
Target Binary: /binaries/target_clang/libxml2/libxml2-2.10.2-o0-libxml2
Vulnerable Function Name: xmlParseName
Overall Score is: 0.097
--------------------------------------------
CVE ID: CVE-2022-40303
Target Binary: /binaries/target_clang/libxml2/libxml2-2.10.1-o0-libxml2
Vulnerable Function Name: xmlParseName
Overall Score is: 0.097
--------------------------------------------
CVE ID: CVE-2022-40303
Target Binary: /binaries/target_clang/libxml2/libxml2-2.10.0-o0-libxml2
Vulnerable Function Name: xmlParseName
Overall Score is: 0.097
--------------------------------------------
CVE ID: CVE-2022-40303
Target Binary: /binaries/target_clang/libxml2/libxml2-2.10.4-o0-libxml2
Vulnerable Function Name: xmlParseName
Overall Score is: 0.427
--------------------------------------------
CVE ID: CVE-2022-40303
Target Binary: /binaries/target_clang/libxml2/libxml2-2.11.0-o0-libxml2
Vulnerable Function Name: xmlParseName
Overall Score is: 0.275
--------------------------------------------
CVE ID: CVE-2022-40303
Target Binary: /binaries/target_clang/libxml2/libxml2-2.11.1-o0-libxml2
Vulnerable Function Name: xmlParseName
Overall Score is: 0.275
--------------------------------------------
CVE ID: CVE-2022-40303
Target Binary: /binaries/target_clang/libxml2/libxml2-2.10.2-o0-libxml2
Vulnerable Function Name: xmlParsePI
Overall Score is: -0.132
--------------------------------------------
CVE ID: CVE-2022-40303
Target Binary: /binaries/target_clang/libxml2/libxml2-2.10.1-o0-libxml2
Vulnerable Function Name: xmlParsePI
Overall Score is: -0.132
--------------------------------------------
CVE ID: CVE-2022-40303
Target Binary: /binaries/target_clang/libxml2/libxml2-2.10.0-o0-libxml2
Vulnerable Function Name: xmlParsePI
Overall Score is: -0.132
--------------------------------------------
CVE ID: CVE-2022-40303
Target Binary: /binaries/target_clang/libxml2/libxml2-2.10.4-o0-libxml2
Vulnerable Function Name: xmlParsePI
Overall Score is: 0.393
--------------------------------------------
CVE ID: CVE-2022-40303
Target Binary: /binaries/target_clang/libxml2/libxml2-2.11.0-o0-libxml2
Vulnerable Function Name: xmlParsePI
Overall Score is: 0.413
--------------------------------------------
CVE ID: CVE-2022-40303
Target Binary: /binaries/target_clang/libxml2/libxml2-2.11.1-o0-libxml2
Vulnerable Function Name: xmlParsePI
Overall Score is: 0.413
--------------------------------------------
CVE ID: CVE-2022-40303
Target Binary: /binaries/target_clang/libxml2/libxml2-2.10.2-o0-libxml2
Vulnerable Function Name: xmlParseNmtoken
Overall Score is: 0.012
--------------------------------------------
CVE ID: CVE-2022-40303
Target Binary: /binaries/target_clang/libxml2/libxml2-2.10.1-o0-libxml2
Vulnerable Function Name: xmlParseNmtoken
Overall Score is: 0.012
--------------------------------------------
CVE ID: CVE-2022-40303
Target Binary: /binaries/target_clang/libxml2/libxml2-2.10.0-o0-libxml2
Vulnerable Function Name: xmlParseNmtoken
Overall Score is: 0.012
--------------------------------------------
CVE ID: CVE-2022-40303
Target Binary: /binaries/target_clang/libxml2/libxml2-2.10.4-o0-libxml2
Vulnerable Function Name: xmlParseNmtoken
Overall Score is: 0.467
--------------------------------------------
CVE ID: CVE-2022-40303
Target Binary: /binaries/target_clang/libxml2/libxml2-2.11.0-o0-libxml2
Vulnerable Function Name: xmlParseNmtoken
Overall Score is: 0.300
--------------------------------------------
CVE ID: CVE-2022-40303
Target Binary: /binaries/target_clang/libxml2/libxml2-2.11.1-o0-libxml2
Vulnerable Function Name: xmlParseNmtoken
Overall Score is: 0.300
--------------------------------------------
CVE ID: CVE-2022-40303
Target Binary: /binaries/target_clang/libxml2/libxml2-2.10.2-o0-libxml2
Vulnerable Function Name: xmlParsePubidLiteral
Overall Score is: 0.267
--------------------------------------------
CVE ID: CVE-2022-40303
Target Binary: /binaries/target_clang/libxml2/libxml2-2.10.1-o0-libxml2
Vulnerable Function Name: xmlParsePubidLiteral
Overall Score is: 0.267
--------------------------------------------
CVE ID: CVE-2022-40303
Target Binary: /binaries/target_clang/libxml2/libxml2-2.10.0-o0-libxml2
Vulnerable Function Name: xmlParsePubidLiteral
Overall Score is: 0.267
--------------------------------------------
CVE ID: CVE-2022-40303
Target Binary: /binaries/target_clang/libxml2/libxml2-2.10.4-o0-libxml2
Vulnerable Function Name: xmlParsePubidLiteral
Overall Score is: 0.265
--------------------------------------------
CVE ID: CVE-2022-40303
Target Binary: /binaries/target_clang/libxml2/libxml2-2.11.0-o0-libxml2
Vulnerable Function Name: xmlParsePubidLiteral
Overall Score is: 0.272
--------------------------------------------
CVE ID: CVE-2022-40303
Target Binary: /binaries/target_clang/libxml2/libxml2-2.11.1-o0-libxml2
Vulnerable Function Name: xmlParsePubidLiteral
Overall Score is: 0.272
--------------------------------------------
CVE ID: CVE-2022-40303
Target Binary: /binaries/target_clang/libxml2/libxml2-2.10.2-o0-libxml2
Vulnerable Function Name: xmlParseComment
Overall Score is: -0.142
--------------------------------------------
CVE ID: CVE-2022-40303
Target Binary: /binaries/target_clang/libxml2/libxml2-2.10.1-o0-libxml2
Vulnerable Function Name: xmlParseComment
Overall Score is: -0.142
--------------------------------------------
CVE ID: CVE-2022-40303
Target Binary: /binaries/target_clang/libxml2/libxml2-2.10.0-o0-libxml2
Vulnerable Function Name: xmlParseComment
Overall Score is: -0.142
--------------------------------------------
CVE ID: CVE-2022-40303
Target Binary: /binaries/target_clang/libxml2/libxml2-2.10.4-o0-libxml2
Vulnerable Function Name: xmlParseComment
Overall Score is: 0.549
--------------------------------------------
CVE ID: CVE-2022-40303
Target Binary: /binaries/target_clang/libxml2/libxml2-2.11.0-o0-libxml2
Vulnerable Function Name: xmlParseComment
Overall Score is: 0.549
--------------------------------------------
CVE ID: CVE-2022-40303
Target Binary: /binaries/target_clang/libxml2/libxml2-2.11.1-o0-libxml2
Vulnerable Function Name: xmlParseComment
Overall Score is: 0.549
--------------------------------------------
CVE ID: CVE-2022-40303
Target Binary: /binaries/target_clang/libxml2/libxml2-2.10.2-o0-libxml2
Vulnerable Function Name: xmlParseCommentComplex
Overall Score is: -0.154
--------------------------------------------
CVE ID: CVE-2022-40303
Target Binary: /binaries/target_clang/libxml2/libxml2-2.10.1-o0-libxml2
Vulnerable Function Name: xmlParseCommentComplex
Overall Score is: -0.154
--------------------------------------------
CVE ID: CVE-2022-40303
Target Binary: /binaries/target_clang/libxml2/libxml2-2.10.0-o0-libxml2
Vulnerable Function Name: xmlParseCommentComplex
Overall Score is: -0.154
--------------------------------------------
CVE ID: CVE-2022-40303
Target Binary: /binaries/target_clang/libxml2/libxml2-2.10.4-o0-libxml2
Vulnerable Function Name: xmlParseCommentComplex
Overall Score is: 0.327
--------------------------------------------
CVE ID: CVE-2022-40303
Target Binary: /binaries/target_clang/libxml2/libxml2-2.11.0-o0-libxml2
Vulnerable Function Name: xmlParseCommentComplex
Overall Score is: 0.236
--------------------------------------------
CVE ID: CVE-2022-40303
Target Binary: /binaries/target_clang/libxml2/libxml2-2.11.1-o0-libxml2
Vulnerable Function Name: xmlParseCommentComplex
Overall Score is: 0.236