============================================
Patch Detection Log
Time: 2025-09-16 14:52:54
============================================
2025-09-16 14:52:54,561 - INFO - detecting CVE-2017-12896 isakmp_rfc3948_print
2025-09-16 14:52:54,562 - INFO - cmd: python main.py --detect --cve_id CVE-2017-12896 --target_bin /binaries/target_clang/tcpdump/tcpdump-4.9.1-o0-tcpdump --vul_func_name isakmp_rfc3948_print --project tcpdump
2025-09-16 14:53:03,101 - INFO - success CVE-2017-12896,details in cve_test/CVE-2017-12896.log

2025-09-16 14:53:03,102 - INFO - detecting CVE-2017-12896 isakmp_rfc3948_print
2025-09-16 14:53:03,102 - INFO - cmd: python main.py --detect --cve_id CVE-2017-12896 --target_bin /binaries/target_clang/tcpdump/tcpdump-4.9.0-o0-tcpdump --vul_func_name isakmp_rfc3948_print --project tcpdump
2025-09-16 14:53:09,273 - INFO - success CVE-2017-12896,details in cve_test/CVE-2017-12896.log

2025-09-16 14:53:09,273 - INFO - detecting CVE-2017-12896 isakmp_rfc3948_print
2025-09-16 14:53:09,274 - INFO - cmd: python main.py --detect --cve_id CVE-2017-12896 --target_bin /binaries/target_clang/tcpdump/tcpdump-4.8.1-o0-tcpdump --vul_func_name isakmp_rfc3948_print --project tcpdump
2025-09-16 14:53:15,580 - INFO - success CVE-2017-12896,details in cve_test/CVE-2017-12896.log

2025-09-16 14:53:15,581 - INFO - detecting CVE-2017-12896 isakmp_rfc3948_print
2025-09-16 14:53:15,581 - INFO - cmd: python main.py --detect --cve_id CVE-2017-12896 --target_bin /binaries/target_clang/tcpdump/tcpdump-4.9.3-o0-tcpdump --vul_func_name isakmp_rfc3948_print --project tcpdump
2025-09-16 14:53:22,286 - INFO - success CVE-2017-12896,details in cve_test/CVE-2017-12896.log

2025-09-16 14:53:22,287 - INFO - detecting CVE-2017-12896 isakmp_rfc3948_print
2025-09-16 14:53:22,287 - INFO - cmd: python main.py --detect --cve_id CVE-2017-12896 --target_bin /binaries/target_clang/tcpdump/tcpdump-4.99.0-bp-o0-tcpdump --vul_func_name isakmp_rfc3948_print --project tcpdump
2025-09-16 14:53:28,337 - INFO - success CVE-2017-12896,details in cve_test/CVE-2017-12896.log

2025-09-16 14:53:28,338 - INFO - detecting CVE-2017-12896 isakmp_rfc3948_print
2025-09-16 14:53:28,338 - INFO - cmd: python main.py --detect --cve_id CVE-2017-12896 --target_bin /binaries/target_clang/tcpdump/tcpdump-4.99-bp-o0-tcpdump --vul_func_name isakmp_rfc3948_print --project tcpdump
2025-09-16 14:53:34,868 - INFO - success CVE-2017-12896,details in cve_test/CVE-2017-12896.log

2025-09-16 14:53:34,869 - INFO - detecting CVE-2017-12992 ripng_print
2025-09-16 14:53:34,870 - INFO - cmd: python main.py --detect --cve_id CVE-2017-12992 --target_bin /binaries/target_clang/tcpdump/tcpdump-4.9.1-o0-tcpdump --vul_func_name ripng_print --project tcpdump
2025-09-16 14:53:41,809 - INFO - success CVE-2017-12992,details in cve_test/CVE-2017-12992.log

2025-09-16 14:53:41,810 - INFO - detecting CVE-2017-12992 ripng_print
2025-09-16 14:53:41,810 - INFO - cmd: python main.py --detect --cve_id CVE-2017-12992 --target_bin /binaries/target_clang/tcpdump/tcpdump-4.9.0-o0-tcpdump --vul_func_name ripng_print --project tcpdump
2025-09-16 14:53:48,371 - INFO - success CVE-2017-12992,details in cve_test/CVE-2017-12992.log

2025-09-16 14:53:48,372 - INFO - detecting CVE-2017-12992 ripng_print
2025-09-16 14:53:48,373 - INFO - cmd: python main.py --detect --cve_id CVE-2017-12992 --target_bin /binaries/target_clang/tcpdump/tcpdump-4.8.1-o0-tcpdump --vul_func_name ripng_print --project tcpdump
2025-09-16 14:53:54,347 - INFO - success CVE-2017-12992,details in cve_test/CVE-2017-12992.log

2025-09-16 14:53:54,348 - INFO - detecting CVE-2017-12992 ripng_print
2025-09-16 14:53:54,348 - INFO - cmd: python main.py --detect --cve_id CVE-2017-12992 --target_bin /binaries/target_clang/tcpdump/tcpdump-4.9.3-o0-tcpdump --vul_func_name ripng_print --project tcpdump
2025-09-16 14:54:01,787 - INFO - success CVE-2017-12992,details in cve_test/CVE-2017-12992.log

2025-09-16 14:54:01,787 - INFO - detecting CVE-2017-12992 ripng_print
2025-09-16 14:54:01,787 - INFO - cmd: python main.py --detect --cve_id CVE-2017-12992 --target_bin /binaries/target_clang/tcpdump/tcpdump-4.99.0-bp-o0-tcpdump --vul_func_name ripng_print --project tcpdump
2025-09-16 14:54:08,236 - INFO - success CVE-2017-12992,details in cve_test/CVE-2017-12992.log

2025-09-16 14:54:08,237 - INFO - detecting CVE-2017-12992 ripng_print
2025-09-16 14:54:08,238 - INFO - cmd: python main.py --detect --cve_id CVE-2017-12992 --target_bin /binaries/target_clang/tcpdump/tcpdump-4.99-bp-o0-tcpdump --vul_func_name ripng_print --project tcpdump
2025-09-16 14:54:15,079 - INFO - success CVE-2017-12992,details in cve_test/CVE-2017-12992.log

2025-09-16 14:54:15,080 - INFO - detecting CVE-2017-12993 juniper_atm1_print
2025-09-16 14:54:15,080 - INFO - cmd: python main.py --detect --cve_id CVE-2017-12993 --target_bin /binaries/target_clang/tcpdump/tcpdump-4.9.1-o0-tcpdump --vul_func_name juniper_atm1_print --project tcpdump
2025-09-16 14:54:22,606 - INFO - success CVE-2017-12993,details in cve_test/CVE-2017-12993.log

2025-09-16 14:54:22,607 - INFO - detecting CVE-2017-12993 juniper_atm1_print
2025-09-16 14:54:22,608 - INFO - cmd: python main.py --detect --cve_id CVE-2017-12993 --target_bin /binaries/target_clang/tcpdump/tcpdump-4.9.0-o0-tcpdump --vul_func_name juniper_atm1_print --project tcpdump
2025-09-16 14:54:30,872 - INFO - success CVE-2017-12993,details in cve_test/CVE-2017-12993.log

2025-09-16 14:54:30,873 - INFO - detecting CVE-2017-12993 juniper_atm1_print
2025-09-16 14:54:30,874 - INFO - cmd: python main.py --detect --cve_id CVE-2017-12993 --target_bin /binaries/target_clang/tcpdump/tcpdump-4.8.1-o0-tcpdump --vul_func_name juniper_atm1_print --project tcpdump
2025-09-16 14:54:38,699 - INFO - success CVE-2017-12993,details in cve_test/CVE-2017-12993.log

2025-09-16 14:54:38,700 - INFO - detecting CVE-2017-12993 juniper_atm1_print
2025-09-16 14:54:38,701 - INFO - cmd: python main.py --detect --cve_id CVE-2017-12993 --target_bin /binaries/target_clang/tcpdump/tcpdump-4.9.3-o0-tcpdump --vul_func_name juniper_atm1_print --project tcpdump
2025-09-16 14:54:46,272 - INFO - success CVE-2017-12993,details in cve_test/CVE-2017-12993.log

2025-09-16 14:54:46,273 - INFO - detecting CVE-2017-12993 juniper_atm1_print
2025-09-16 14:54:46,273 - INFO - cmd: python main.py --detect --cve_id CVE-2017-12993 --target_bin /binaries/target_clang/tcpdump/tcpdump-4.99.0-bp-o0-tcpdump --vul_func_name juniper_atm1_print --project tcpdump
2025-09-16 14:54:50,480 - ERROR - fail CVE-2017-12993 ,details1

2025-09-16 14:54:50,481 - INFO - detecting CVE-2017-12993 juniper_atm1_print
2025-09-16 14:54:50,481 - INFO - cmd: python main.py --detect --cve_id CVE-2017-12993 --target_bin /binaries/target_clang/tcpdump/tcpdump-4.99-bp-o0-tcpdump --vul_func_name juniper_atm1_print --project tcpdump
2025-09-16 14:54:55,365 - ERROR - fail CVE-2017-12993 ,details1

2025-09-16 14:54:55,367 - INFO - detecting CVE-2017-12995 ns_nprint
2025-09-16 14:54:55,367 - INFO - cmd: python main.py --detect --cve_id CVE-2017-12995 --target_bin /binaries/target_clang/tcpdump/tcpdump-4.9.1-o0-tcpdump --vul_func_name ns_nprint --project tcpdump
2025-09-16 14:55:02,113 - INFO - success CVE-2017-12995,details in cve_test/CVE-2017-12995.log

2025-09-16 14:55:02,114 - INFO - detecting CVE-2017-12995 ns_nprint
2025-09-16 14:55:02,115 - INFO - cmd: python main.py --detect --cve_id CVE-2017-12995 --target_bin /binaries/target_clang/tcpdump/tcpdump-4.9.0-o0-tcpdump --vul_func_name ns_nprint --project tcpdump
2025-09-16 14:55:08,933 - INFO - success CVE-2017-12995,details in cve_test/CVE-2017-12995.log

2025-09-16 14:55:08,934 - INFO - detecting CVE-2017-12995 ns_nprint
2025-09-16 14:55:08,935 - INFO - cmd: python main.py --detect --cve_id CVE-2017-12995 --target_bin /binaries/target_clang/tcpdump/tcpdump-4.8.1-o0-tcpdump --vul_func_name ns_nprint --project tcpdump
2025-09-16 14:55:16,512 - INFO - success CVE-2017-12995,details in cve_test/CVE-2017-12995.log

2025-09-16 14:55:16,513 - INFO - detecting CVE-2017-12995 ns_nprint
2025-09-16 14:55:16,513 - INFO - cmd: python main.py --detect --cve_id CVE-2017-12995 --target_bin /binaries/target_clang/tcpdump/tcpdump-4.9.3-o0-tcpdump --vul_func_name ns_nprint --project tcpdump
2025-09-16 14:55:23,311 - INFO - success CVE-2017-12995,details in cve_test/CVE-2017-12995.log

2025-09-16 14:55:23,312 - INFO - detecting CVE-2017-12995 ns_nprint
2025-09-16 14:55:23,312 - INFO - cmd: python main.py --detect --cve_id CVE-2017-12995 --target_bin /binaries/target_clang/tcpdump/tcpdump-4.99.0-bp-o0-tcpdump --vul_func_name ns_nprint --project tcpdump
2025-09-16 14:55:28,111 - ERROR - fail CVE-2017-12995 ,details1

2025-09-16 14:55:28,112 - INFO - detecting CVE-2017-12995 ns_nprint
2025-09-16 14:55:28,113 - INFO - cmd: python main.py --detect --cve_id CVE-2017-12995 --target_bin /binaries/target_clang/tcpdump/tcpdump-4.99-bp-o0-tcpdump --vul_func_name ns_nprint --project tcpdump
2025-09-16 14:55:32,806 - ERROR - fail CVE-2017-12995 ,details1

2025-09-16 14:55:32,807 - INFO - detecting CVE-2017-13001 nfs_printfh
2025-09-16 14:55:32,808 - INFO - cmd: python main.py --detect --cve_id CVE-2017-13001 --target_bin /binaries/target_clang/tcpdump/tcpdump-4.9.1-o0-tcpdump --vul_func_name nfs_printfh --project tcpdump
2025-09-16 14:55:41,139 - INFO - success CVE-2017-13001,details in cve_test/CVE-2017-13001.log

2025-09-16 14:55:41,140 - INFO - detecting CVE-2017-13001 nfs_printfh
2025-09-16 14:55:41,140 - INFO - cmd: python main.py --detect --cve_id CVE-2017-13001 --target_bin /binaries/target_clang/tcpdump/tcpdump-4.9.0-o0-tcpdump --vul_func_name nfs_printfh --project tcpdump
2025-09-16 14:55:48,534 - INFO - success CVE-2017-13001,details in cve_test/CVE-2017-13001.log

2025-09-16 14:55:48,535 - INFO - detecting CVE-2017-13001 nfs_printfh
2025-09-16 14:55:48,535 - INFO - cmd: python main.py --detect --cve_id CVE-2017-13001 --target_bin /binaries/target_clang/tcpdump/tcpdump-4.8.1-o0-tcpdump --vul_func_name nfs_printfh --project tcpdump
2025-09-16 14:55:56,873 - INFO - success CVE-2017-13001,details in cve_test/CVE-2017-13001.log

2025-09-16 14:55:56,874 - INFO - detecting CVE-2017-13001 nfs_printfh
2025-09-16 14:55:56,875 - INFO - cmd: python main.py --detect --cve_id CVE-2017-13001 --target_bin /binaries/target_clang/tcpdump/tcpdump-4.9.3-o0-tcpdump --vul_func_name nfs_printfh --project tcpdump
2025-09-16 14:56:05,413 - INFO - success CVE-2017-13001,details in cve_test/CVE-2017-13001.log

2025-09-16 14:56:05,414 - INFO - detecting CVE-2017-13001 nfs_printfh
2025-09-16 14:56:05,414 - INFO - cmd: python main.py --detect --cve_id CVE-2017-13001 --target_bin /binaries/target_clang/tcpdump/tcpdump-4.99.0-bp-o0-tcpdump --vul_func_name nfs_printfh --project tcpdump
2025-09-16 14:56:14,085 - INFO - success CVE-2017-13001,details in cve_test/CVE-2017-13001.log

2025-09-16 14:56:14,086 - INFO - detecting CVE-2017-13001 nfs_printfh
2025-09-16 14:56:14,086 - INFO - cmd: python main.py --detect --cve_id CVE-2017-13001 --target_bin /binaries/target_clang/tcpdump/tcpdump-4.99-bp-o0-tcpdump --vul_func_name nfs_printfh --project tcpdump
2025-09-16 14:56:22,070 - INFO - success CVE-2017-13001,details in cve_test/CVE-2017-13001.log

2025-09-16 14:56:22,070 - INFO - detecting CVE-2017-13002 aodv_extension
2025-09-16 14:56:22,071 - INFO - cmd: python main.py --detect --cve_id CVE-2017-13002 --target_bin /binaries/target_clang/tcpdump/tcpdump-4.9.1-o0-tcpdump --vul_func_name aodv_extension --project tcpdump
2025-09-16 14:56:29,653 - INFO - success CVE-2017-13002,details in cve_test/CVE-2017-13002.log

2025-09-16 14:56:29,654 - INFO - detecting CVE-2017-13002 aodv_extension
2025-09-16 14:56:29,654 - INFO - cmd: python main.py --detect --cve_id CVE-2017-13002 --target_bin /binaries/target_clang/tcpdump/tcpdump-4.9.0-o0-tcpdump --vul_func_name aodv_extension --project tcpdump
2025-09-16 14:56:37,922 - INFO - success CVE-2017-13002,details in cve_test/CVE-2017-13002.log

2025-09-16 14:56:37,923 - INFO - detecting CVE-2017-13002 aodv_extension
2025-09-16 14:56:37,924 - INFO - cmd: python main.py --detect --cve_id CVE-2017-13002 --target_bin /binaries/target_clang/tcpdump/tcpdump-4.8.1-o0-tcpdump --vul_func_name aodv_extension --project tcpdump
2025-09-16 14:56:47,138 - INFO - success CVE-2017-13002,details in cve_test/CVE-2017-13002.log

2025-09-16 14:56:47,139 - INFO - detecting CVE-2017-13002 aodv_extension
2025-09-16 14:56:47,140 - INFO - cmd: python main.py --detect --cve_id CVE-2017-13002 --target_bin /binaries/target_clang/tcpdump/tcpdump-4.9.3-o0-tcpdump --vul_func_name aodv_extension --project tcpdump
2025-09-16 14:56:53,891 - INFO - success CVE-2017-13002,details in cve_test/CVE-2017-13002.log

2025-09-16 14:56:53,892 - INFO - detecting CVE-2017-13002 aodv_extension
2025-09-16 14:56:53,893 - INFO - cmd: python main.py --detect --cve_id CVE-2017-13002 --target_bin /binaries/target_clang/tcpdump/tcpdump-4.99.0-bp-o0-tcpdump --vul_func_name aodv_extension --project tcpdump
2025-09-16 14:57:00,771 - INFO - success CVE-2017-13002,details in cve_test/CVE-2017-13002.log

2025-09-16 14:57:00,772 - INFO - detecting CVE-2017-13002 aodv_extension
2025-09-16 14:57:00,772 - INFO - cmd: python main.py --detect --cve_id CVE-2017-13002 --target_bin /binaries/target_clang/tcpdump/tcpdump-4.99-bp-o0-tcpdump --vul_func_name aodv_extension --project tcpdump
2025-09-16 14:57:08,436 - INFO - success CVE-2017-13002,details in cve_test/CVE-2017-13002.log

2025-09-16 14:57:08,437 - INFO - detecting CVE-2017-13003 lmp_print
2025-09-16 14:57:08,438 - INFO - cmd: python main.py --detect --cve_id CVE-2017-13003 --target_bin /binaries/target_clang/tcpdump/tcpdump-4.9.1-o0-tcpdump --vul_func_name lmp_print --project tcpdump
2025-09-16 14:57:16,171 - INFO - success CVE-2017-13003,details in cve_test/CVE-2017-13003.log

2025-09-16 14:57:16,172 - INFO - detecting CVE-2017-13003 lmp_print
2025-09-16 14:57:16,173 - INFO - cmd: python main.py --detect --cve_id CVE-2017-13003 --target_bin /binaries/target_clang/tcpdump/tcpdump-4.9.0-o0-tcpdump --vul_func_name lmp_print --project tcpdump
2025-09-16 14:57:22,953 - INFO - success CVE-2017-13003,details in cve_test/CVE-2017-13003.log

2025-09-16 14:57:22,954 - INFO - detecting CVE-2017-13003 lmp_print
2025-09-16 14:57:22,954 - INFO - cmd: python main.py --detect --cve_id CVE-2017-13003 --target_bin /binaries/target_clang/tcpdump/tcpdump-4.8.1-o0-tcpdump --vul_func_name lmp_print --project tcpdump
2025-09-16 14:57:30,476 - INFO - success CVE-2017-13003,details in cve_test/CVE-2017-13003.log

2025-09-16 14:57:30,477 - INFO - detecting CVE-2017-13003 lmp_print
2025-09-16 14:57:30,477 - INFO - cmd: python main.py --detect --cve_id CVE-2017-13003 --target_bin /binaries/target_clang/tcpdump/tcpdump-4.9.3-o0-tcpdump --vul_func_name lmp_print --project tcpdump
2025-09-16 14:57:37,818 - INFO - success CVE-2017-13003,details in cve_test/CVE-2017-13003.log

2025-09-16 14:57:37,818 - INFO - detecting CVE-2017-13003 lmp_print
2025-09-16 14:57:37,819 - INFO - cmd: python main.py --detect --cve_id CVE-2017-13003 --target_bin /binaries/target_clang/tcpdump/tcpdump-4.99.0-bp-o0-tcpdump --vul_func_name lmp_print --project tcpdump
2025-09-16 14:57:45,723 - INFO - success CVE-2017-13003,details in cve_test/CVE-2017-13003.log

2025-09-16 14:57:45,724 - INFO - detecting CVE-2017-13003 lmp_print
2025-09-16 14:57:45,724 - INFO - cmd: python main.py --detect --cve_id CVE-2017-13003 --target_bin /binaries/target_clang/tcpdump/tcpdump-4.99-bp-o0-tcpdump --vul_func_name lmp_print --project tcpdump
2025-09-16 14:57:53,582 - INFO - success CVE-2017-13003,details in cve_test/CVE-2017-13003.log

2025-09-16 14:57:53,583 - INFO - detecting CVE-2017-13007 pktap_if_print
2025-09-16 14:57:53,583 - INFO - cmd: python main.py --detect --cve_id CVE-2017-13007 --target_bin /binaries/target_clang/tcpdump/tcpdump-4.9.1-o0-tcpdump --vul_func_name pktap_if_print --project tcpdump
2025-09-16 14:58:02,494 - INFO - success CVE-2017-13007,details in cve_test/CVE-2017-13007.log

2025-09-16 14:58:02,495 - INFO - detecting CVE-2017-13007 pktap_if_print
2025-09-16 14:58:02,496 - INFO - cmd: python main.py --detect --cve_id CVE-2017-13007 --target_bin /binaries/target_clang/tcpdump/tcpdump-4.9.0-o0-tcpdump --vul_func_name pktap_if_print --project tcpdump
2025-09-16 14:58:11,395 - INFO - success CVE-2017-13007,details in cve_test/CVE-2017-13007.log

2025-09-16 14:58:11,396 - INFO - detecting CVE-2017-13007 pktap_if_print
2025-09-16 14:58:11,396 - INFO - cmd: python main.py --detect --cve_id CVE-2017-13007 --target_bin /binaries/target_clang/tcpdump/tcpdump-4.8.1-o0-tcpdump --vul_func_name pktap_if_print --project tcpdump
2025-09-16 14:58:19,684 - INFO - success CVE-2017-13007,details in cve_test/CVE-2017-13007.log

2025-09-16 14:58:19,685 - INFO - detecting CVE-2017-13007 pktap_if_print
2025-09-16 14:58:19,685 - INFO - cmd: python main.py --detect --cve_id CVE-2017-13007 --target_bin /binaries/target_clang/tcpdump/tcpdump-4.9.3-o0-tcpdump --vul_func_name pktap_if_print --project tcpdump
2025-09-16 14:58:28,408 - INFO - success CVE-2017-13007,details in cve_test/CVE-2017-13007.log

2025-09-16 14:58:28,409 - INFO - detecting CVE-2017-13007 pktap_if_print
2025-09-16 14:58:28,409 - INFO - cmd: python main.py --detect --cve_id CVE-2017-13007 --target_bin /binaries/target_clang/tcpdump/tcpdump-4.99.0-bp-o0-tcpdump --vul_func_name pktap_if_print --project tcpdump
2025-09-16 14:58:35,579 - INFO - success CVE-2017-13007,details in cve_test/CVE-2017-13007.log

2025-09-16 14:58:35,580 - INFO - detecting CVE-2017-13007 pktap_if_print
2025-09-16 14:58:35,580 - INFO - cmd: python main.py --detect --cve_id CVE-2017-13007 --target_bin /binaries/target_clang/tcpdump/tcpdump-4.99-bp-o0-tcpdump --vul_func_name pktap_if_print --project tcpdump
2025-09-16 14:58:44,252 - INFO - success CVE-2017-13007,details in cve_test/CVE-2017-13007.log

2025-09-16 14:58:44,253 - INFO - detecting CVE-2017-13030 cisco_autorp_print
2025-09-16 14:58:44,253 - INFO - cmd: python main.py --detect --cve_id CVE-2017-13030 --target_bin /binaries/target_clang/tcpdump/tcpdump-4.9.1-o0-tcpdump --vul_func_name cisco_autorp_print --project tcpdump
2025-09-16 14:58:51,390 - INFO - success CVE-2017-13030,details in cve_test/CVE-2017-13030.log

2025-09-16 14:58:51,391 - INFO - detecting CVE-2017-13030 cisco_autorp_print
2025-09-16 14:58:51,391 - INFO - cmd: python main.py --detect --cve_id CVE-2017-13030 --target_bin /binaries/target_clang/tcpdump/tcpdump-4.9.0-o0-tcpdump --vul_func_name cisco_autorp_print --project tcpdump
2025-09-16 14:58:58,786 - INFO - success CVE-2017-13030,details in cve_test/CVE-2017-13030.log

2025-09-16 14:58:58,787 - INFO - detecting CVE-2017-13030 cisco_autorp_print
2025-09-16 14:58:58,787 - INFO - cmd: python main.py --detect --cve_id CVE-2017-13030 --target_bin /binaries/target_clang/tcpdump/tcpdump-4.8.1-o0-tcpdump --vul_func_name cisco_autorp_print --project tcpdump
2025-09-16 14:59:05,272 - INFO - success CVE-2017-13030,details in cve_test/CVE-2017-13030.log

2025-09-16 14:59:05,273 - INFO - detecting CVE-2017-13030 cisco_autorp_print
2025-09-16 14:59:05,273 - INFO - cmd: python main.py --detect --cve_id CVE-2017-13030 --target_bin /binaries/target_clang/tcpdump/tcpdump-4.9.3-o0-tcpdump --vul_func_name cisco_autorp_print --project tcpdump
2025-09-16 14:59:11,225 - INFO - success CVE-2017-13030,details in cve_test/CVE-2017-13030.log

2025-09-16 14:59:11,226 - INFO - detecting CVE-2017-13030 cisco_autorp_print
2025-09-16 14:59:11,227 - INFO - cmd: python main.py --detect --cve_id CVE-2017-13030 --target_bin /binaries/target_clang/tcpdump/tcpdump-4.99.0-bp-o0-tcpdump --vul_func_name cisco_autorp_print --project tcpdump
2025-09-16 14:59:16,965 - INFO - success CVE-2017-13030,details in cve_test/CVE-2017-13030.log

2025-09-16 14:59:16,966 - INFO - detecting CVE-2017-13030 cisco_autorp_print
2025-09-16 14:59:16,966 - INFO - cmd: python main.py --detect --cve_id CVE-2017-13030 --target_bin /binaries/target_clang/tcpdump/tcpdump-4.99-bp-o0-tcpdump --vul_func_name cisco_autorp_print --project tcpdump
2025-09-16 14:59:23,612 - INFO - success CVE-2017-13030,details in cve_test/CVE-2017-13030.log

2025-09-16 14:59:23,613 - INFO - detecting CVE-2017-13031 frag6_print
2025-09-16 14:59:23,614 - INFO - cmd: python main.py --detect --cve_id CVE-2017-13031 --target_bin /binaries/target_clang/tcpdump/tcpdump-4.9.1-o0-tcpdump --vul_func_name frag6_print --project tcpdump
2025-09-16 14:59:30,071 - INFO - success CVE-2017-13031,details in cve_test/CVE-2017-13031.log

2025-09-16 14:59:30,072 - INFO - detecting CVE-2017-13031 frag6_print
2025-09-16 14:59:30,073 - INFO - cmd: python main.py --detect --cve_id CVE-2017-13031 --target_bin /binaries/target_clang/tcpdump/tcpdump-4.9.0-o0-tcpdump --vul_func_name frag6_print --project tcpdump
2025-09-16 14:59:36,686 - INFO - success CVE-2017-13031,details in cve_test/CVE-2017-13031.log

2025-09-16 14:59:36,686 - INFO - detecting CVE-2017-13031 frag6_print
2025-09-16 14:59:36,687 - INFO - cmd: python main.py --detect --cve_id CVE-2017-13031 --target_bin /binaries/target_clang/tcpdump/tcpdump-4.8.1-o0-tcpdump --vul_func_name frag6_print --project tcpdump
2025-09-16 14:59:43,920 - INFO - success CVE-2017-13031,details in cve_test/CVE-2017-13031.log

2025-09-16 14:59:43,921 - INFO - detecting CVE-2017-13031 frag6_print
2025-09-16 14:59:43,922 - INFO - cmd: python main.py --detect --cve_id CVE-2017-13031 --target_bin /binaries/target_clang/tcpdump/tcpdump-4.9.3-o0-tcpdump --vul_func_name frag6_print --project tcpdump
2025-09-16 14:59:51,292 - INFO - success CVE-2017-13031,details in cve_test/CVE-2017-13031.log

2025-09-16 14:59:51,293 - INFO - detecting CVE-2017-13031 frag6_print
2025-09-16 14:59:51,293 - INFO - cmd: python main.py --detect --cve_id CVE-2017-13031 --target_bin /binaries/target_clang/tcpdump/tcpdump-4.99.0-bp-o0-tcpdump --vul_func_name frag6_print --project tcpdump
2025-09-16 14:59:57,966 - INFO - success CVE-2017-13031,details in cve_test/CVE-2017-13031.log

2025-09-16 14:59:57,967 - INFO - detecting CVE-2017-13031 frag6_print
2025-09-16 14:59:57,967 - INFO - cmd: python main.py --detect --cve_id CVE-2017-13031 --target_bin /binaries/target_clang/tcpdump/tcpdump-4.99-bp-o0-tcpdump --vul_func_name frag6_print --project tcpdump
2025-09-16 15:00:04,425 - INFO - success CVE-2017-13031,details in cve_test/CVE-2017-13031.log

2025-09-16 15:00:04,426 - INFO - detecting CVE-2017-13035 isis_print_id
2025-09-16 15:00:04,426 - INFO - cmd: python main.py --detect --cve_id CVE-2017-13035 --target_bin /binaries/target_clang/tcpdump/tcpdump-4.9.1-o0-tcpdump --vul_func_name isis_print_id --project tcpdump
2025-09-16 15:00:17,554 - INFO - success CVE-2017-13035,details in cve_test/CVE-2017-13035.log

2025-09-16 15:00:17,555 - INFO - detecting CVE-2017-13035 isis_print_id
2025-09-16 15:00:17,556 - INFO - cmd: python main.py --detect --cve_id CVE-2017-13035 --target_bin /binaries/target_clang/tcpdump/tcpdump-4.9.0-o0-tcpdump --vul_func_name isis_print_id --project tcpdump
2025-09-16 15:00:31,090 - INFO - success CVE-2017-13035,details in cve_test/CVE-2017-13035.log

2025-09-16 15:00:31,091 - INFO - detecting CVE-2017-13035 isis_print_id
2025-09-16 15:00:31,092 - INFO - cmd: python main.py --detect --cve_id CVE-2017-13035 --target_bin /binaries/target_clang/tcpdump/tcpdump-4.8.1-o0-tcpdump --vul_func_name isis_print_id --project tcpdump
2025-09-16 15:00:42,370 - INFO - success CVE-2017-13035,details in cve_test/CVE-2017-13035.log

2025-09-16 15:00:42,371 - INFO - detecting CVE-2017-13035 isis_print_id
2025-09-16 15:00:42,371 - INFO - cmd: python main.py --detect --cve_id CVE-2017-13035 --target_bin /binaries/target_clang/tcpdump/tcpdump-4.9.3-o0-tcpdump --vul_func_name isis_print_id --project tcpdump
2025-09-16 15:00:48,137 - INFO - success CVE-2017-13035,details in cve_test/CVE-2017-13035.log

2025-09-16 15:00:48,138 - INFO - detecting CVE-2017-13035 isis_print_id
2025-09-16 15:00:48,138 - INFO - cmd: python main.py --detect --cve_id CVE-2017-13035 --target_bin /binaries/target_clang/tcpdump/tcpdump-4.99.0-bp-o0-tcpdump --vul_func_name isis_print_id --project tcpdump
2025-09-16 15:00:54,471 - INFO - success CVE-2017-13035,details in cve_test/CVE-2017-13035.log

2025-09-16 15:00:54,472 - INFO - detecting CVE-2017-13035 isis_print_id
2025-09-16 15:00:54,472 - INFO - cmd: python main.py --detect --cve_id CVE-2017-13035 --target_bin /binaries/target_clang/tcpdump/tcpdump-4.99-bp-o0-tcpdump --vul_func_name isis_print_id --project tcpdump
2025-09-16 15:01:00,467 - INFO - success CVE-2017-13035,details in cve_test/CVE-2017-13035.log

2025-09-16 15:01:00,469 - INFO - detecting CVE-2017-13039 ikev1_attrmap_print
2025-09-16 15:01:00,469 - INFO - cmd: python main.py --detect --cve_id CVE-2017-13039 --target_bin /binaries/target_clang/tcpdump/tcpdump-4.9.1-o0-tcpdump --vul_func_name ikev1_attrmap_print --project tcpdump
2025-09-16 15:01:08,734 - INFO - success CVE-2017-13039,details in cve_test/CVE-2017-13039.log

2025-09-16 15:01:08,735 - INFO - detecting CVE-2017-13039 ikev1_attrmap_print
2025-09-16 15:01:08,735 - INFO - cmd: python main.py --detect --cve_id CVE-2017-13039 --target_bin /binaries/target_clang/tcpdump/tcpdump-4.9.0-o0-tcpdump --vul_func_name ikev1_attrmap_print --project tcpdump
2025-09-16 15:01:16,295 - INFO - success CVE-2017-13039,details in cve_test/CVE-2017-13039.log

2025-09-16 15:01:16,296 - INFO - detecting CVE-2017-13039 ikev1_attrmap_print
2025-09-16 15:01:16,296 - INFO - cmd: python main.py --detect --cve_id CVE-2017-13039 --target_bin /binaries/target_clang/tcpdump/tcpdump-4.8.1-o0-tcpdump --vul_func_name ikev1_attrmap_print --project tcpdump
2025-09-16 15:01:24,933 - INFO - success CVE-2017-13039,details in cve_test/CVE-2017-13039.log

2025-09-16 15:01:24,933 - INFO - detecting CVE-2017-13039 ikev1_attrmap_print
2025-09-16 15:01:24,934 - INFO - cmd: python main.py --detect --cve_id CVE-2017-13039 --target_bin /binaries/target_clang/tcpdump/tcpdump-4.9.3-o0-tcpdump --vul_func_name ikev1_attrmap_print --project tcpdump
2025-09-16 15:01:31,932 - INFO - success CVE-2017-13039,details in cve_test/CVE-2017-13039.log

2025-09-16 15:01:31,933 - INFO - detecting CVE-2017-13039 ikev1_attrmap_print
2025-09-16 15:01:31,933 - INFO - cmd: python main.py --detect --cve_id CVE-2017-13039 --target_bin /binaries/target_clang/tcpdump/tcpdump-4.99.0-bp-o0-tcpdump --vul_func_name ikev1_attrmap_print --project tcpdump
2025-09-16 15:01:38,744 - INFO - success CVE-2017-13039,details in cve_test/CVE-2017-13039.log

2025-09-16 15:01:38,745 - INFO - detecting CVE-2017-13039 ikev1_attrmap_print
2025-09-16 15:01:38,745 - INFO - cmd: python main.py --detect --cve_id CVE-2017-13039 --target_bin /binaries/target_clang/tcpdump/tcpdump-4.99-bp-o0-tcpdump --vul_func_name ikev1_attrmap_print --project tcpdump
2025-09-16 15:01:45,592 - INFO - success CVE-2017-13039,details in cve_test/CVE-2017-13039.log

2025-09-16 15:01:45,593 - INFO - detecting CVE-2017-13050 rpki_rtr_pdu_print
2025-09-16 15:01:45,593 - INFO - cmd: python main.py --detect --cve_id CVE-2017-13050 --target_bin /binaries/target_clang/tcpdump/tcpdump-4.9.1-o0-tcpdump --vul_func_name rpki_rtr_pdu_print --project tcpdump
2025-09-16 15:01:54,245 - INFO - success CVE-2017-13050,details in cve_test/CVE-2017-13050.log

2025-09-16 15:01:54,246 - INFO - detecting CVE-2017-13050 rpki_rtr_pdu_print
2025-09-16 15:01:54,247 - INFO - cmd: python main.py --detect --cve_id CVE-2017-13050 --target_bin /binaries/target_clang/tcpdump/tcpdump-4.9.0-o0-tcpdump --vul_func_name rpki_rtr_pdu_print --project tcpdump
2025-09-16 15:02:02,082 - INFO - success CVE-2017-13050,details in cve_test/CVE-2017-13050.log

2025-09-16 15:02:02,083 - INFO - detecting CVE-2017-13050 rpki_rtr_pdu_print
2025-09-16 15:02:02,083 - INFO - cmd: python main.py --detect --cve_id CVE-2017-13050 --target_bin /binaries/target_clang/tcpdump/tcpdump-4.8.1-o0-tcpdump --vul_func_name rpki_rtr_pdu_print --project tcpdump
2025-09-16 15:02:10,332 - INFO - success CVE-2017-13050,details in cve_test/CVE-2017-13050.log

2025-09-16 15:02:10,333 - INFO - detecting CVE-2017-13050 rpki_rtr_pdu_print
2025-09-16 15:02:10,333 - INFO - cmd: python main.py --detect --cve_id CVE-2017-13050 --target_bin /binaries/target_clang/tcpdump/tcpdump-4.9.3-o0-tcpdump --vul_func_name rpki_rtr_pdu_print --project tcpdump
2025-09-16 15:02:17,893 - INFO - success CVE-2017-13050,details in cve_test/CVE-2017-13050.log

2025-09-16 15:02:17,894 - INFO - detecting CVE-2017-13050 rpki_rtr_pdu_print
2025-09-16 15:02:17,895 - INFO - cmd: python main.py --detect --cve_id CVE-2017-13050 --target_bin /binaries/target_clang/tcpdump/tcpdump-4.99.0-bp-o0-tcpdump --vul_func_name rpki_rtr_pdu_print --project tcpdump
2025-09-16 15:02:24,861 - INFO - success CVE-2017-13050,details in cve_test/CVE-2017-13050.log

2025-09-16 15:02:24,862 - INFO - detecting CVE-2017-13050 rpki_rtr_pdu_print
2025-09-16 15:02:24,862 - INFO - cmd: python main.py --detect --cve_id CVE-2017-13050 --target_bin /binaries/target_clang/tcpdump/tcpdump-4.99-bp-o0-tcpdump --vul_func_name rpki_rtr_pdu_print --project tcpdump
2025-09-16 15:02:31,429 - INFO - success CVE-2017-13050,details in cve_test/CVE-2017-13050.log

2025-09-16 15:02:31,429 - INFO - detecting CVE-2017-13052 cfm_network_addr_print
2025-09-16 15:02:31,430 - INFO - cmd: python main.py --detect --cve_id CVE-2017-13052 --target_bin /binaries/target_clang/tcpdump/tcpdump-4.9.1-o0-tcpdump --vul_func_name cfm_network_addr_print --project tcpdump
2025-09-16 15:02:38,840 - INFO - success CVE-2017-13052,details in cve_test/CVE-2017-13052.log

2025-09-16 15:02:38,841 - INFO - detecting CVE-2017-13052 cfm_network_addr_print
2025-09-16 15:02:38,841 - INFO - cmd: python main.py --detect --cve_id CVE-2017-13052 --target_bin /binaries/target_clang/tcpdump/tcpdump-4.9.0-o0-tcpdump --vul_func_name cfm_network_addr_print --project tcpdump
2025-09-16 15:02:46,002 - INFO - success CVE-2017-13052,details in cve_test/CVE-2017-13052.log

2025-09-16 15:02:46,003 - INFO - detecting CVE-2017-13052 cfm_network_addr_print
2025-09-16 15:02:46,004 - INFO - cmd: python main.py --detect --cve_id CVE-2017-13052 --target_bin /binaries/target_clang/tcpdump/tcpdump-4.8.1-o0-tcpdump --vul_func_name cfm_network_addr_print --project tcpdump
2025-09-16 15:02:50,932 - ERROR - fail CVE-2017-13052 ,details1

2025-09-16 15:02:50,933 - INFO - detecting CVE-2017-13052 cfm_network_addr_print
2025-09-16 15:02:50,934 - INFO - cmd: python main.py --detect --cve_id CVE-2017-13052 --target_bin /binaries/target_clang/tcpdump/tcpdump-4.9.3-o0-tcpdump --vul_func_name cfm_network_addr_print --project tcpdump
2025-09-16 15:02:57,215 - INFO - success CVE-2017-13052,details in cve_test/CVE-2017-13052.log

2025-09-16 15:02:57,216 - INFO - detecting CVE-2017-13052 cfm_network_addr_print
2025-09-16 15:02:57,216 - INFO - cmd: python main.py --detect --cve_id CVE-2017-13052 --target_bin /binaries/target_clang/tcpdump/tcpdump-4.99.0-bp-o0-tcpdump --vul_func_name cfm_network_addr_print --project tcpdump
2025-09-16 15:03:03,449 - INFO - success CVE-2017-13052,details in cve_test/CVE-2017-13052.log

2025-09-16 15:03:03,450 - INFO - detecting CVE-2017-13052 cfm_network_addr_print
2025-09-16 15:03:03,450 - INFO - cmd: python main.py --detect --cve_id CVE-2017-13052 --target_bin /binaries/target_clang/tcpdump/tcpdump-4.99-bp-o0-tcpdump --vul_func_name cfm_network_addr_print --project tcpdump
2025-09-16 15:03:09,684 - INFO - success CVE-2017-13052,details in cve_test/CVE-2017-13052.log

2025-09-16 15:03:09,685 - INFO - detecting CVE-2017-13053 decode_rt_routing_info
2025-09-16 15:03:09,686 - INFO - cmd: python main.py --detect --cve_id CVE-2017-13053 --target_bin /binaries/target_clang/tcpdump/tcpdump-4.9.1-o0-tcpdump --vul_func_name decode_rt_routing_info --project tcpdump
2025-09-16 15:03:16,185 - INFO - success CVE-2017-13053,details in cve_test/CVE-2017-13053.log

2025-09-16 15:03:16,186 - INFO - detecting CVE-2017-13053 decode_rt_routing_info
2025-09-16 15:03:16,186 - INFO - cmd: python main.py --detect --cve_id CVE-2017-13053 --target_bin /binaries/target_clang/tcpdump/tcpdump-4.9.0-o0-tcpdump --vul_func_name decode_rt_routing_info --project tcpdump
2025-09-16 15:03:22,642 - INFO - success CVE-2017-13053,details in cve_test/CVE-2017-13053.log

2025-09-16 15:03:22,643 - INFO - detecting CVE-2017-13053 decode_rt_routing_info
2025-09-16 15:03:22,644 - INFO - cmd: python main.py --detect --cve_id CVE-2017-13053 --target_bin /binaries/target_clang/tcpdump/tcpdump-4.8.1-o0-tcpdump --vul_func_name decode_rt_routing_info --project tcpdump
2025-09-16 15:03:29,195 - INFO - success CVE-2017-13053,details in cve_test/CVE-2017-13053.log

2025-09-16 15:03:29,197 - INFO - detecting CVE-2017-13053 decode_rt_routing_info
2025-09-16 15:03:29,197 - INFO - cmd: python main.py --detect --cve_id CVE-2017-13053 --target_bin /binaries/target_clang/tcpdump/tcpdump-4.9.3-o0-tcpdump --vul_func_name decode_rt_routing_info --project tcpdump
2025-09-16 15:03:35,891 - INFO - success CVE-2017-13053,details in cve_test/CVE-2017-13053.log

2025-09-16 15:03:35,892 - INFO - detecting CVE-2017-13053 decode_rt_routing_info
2025-09-16 15:03:35,893 - INFO - cmd: python main.py --detect --cve_id CVE-2017-13053 --target_bin /binaries/target_clang/tcpdump/tcpdump-4.99.0-bp-o0-tcpdump --vul_func_name decode_rt_routing_info --project tcpdump
2025-09-16 15:03:42,634 - INFO - success CVE-2017-13053,details in cve_test/CVE-2017-13053.log

2025-09-16 15:03:42,635 - INFO - detecting CVE-2017-13053 decode_rt_routing_info
2025-09-16 15:03:42,635 - INFO - cmd: python main.py --detect --cve_id CVE-2017-13053 --target_bin /binaries/target_clang/tcpdump/tcpdump-4.99-bp-o0-tcpdump --vul_func_name decode_rt_routing_info --project tcpdump
2025-09-16 15:03:50,301 - INFO - success CVE-2017-13053,details in cve_test/CVE-2017-13053.log

2025-09-16 15:03:50,302 - INFO - detecting CVE-2017-13687 chdlc_print
2025-09-16 15:03:50,302 - INFO - cmd: python main.py --detect --cve_id CVE-2017-13687 --target_bin /binaries/target_clang/tcpdump/tcpdump-4.9.1-o0-tcpdump --vul_func_name chdlc_print --project tcpdump
2025-09-16 15:03:59,237 - INFO - success CVE-2017-13687,details in cve_test/CVE-2017-13687.log

2025-09-16 15:03:59,238 - INFO - detecting CVE-2017-13687 chdlc_print
2025-09-16 15:03:59,239 - INFO - cmd: python main.py --detect --cve_id CVE-2017-13687 --target_bin /binaries/target_clang/tcpdump/tcpdump-4.9.0-o0-tcpdump --vul_func_name chdlc_print --project tcpdump
2025-09-16 15:04:07,807 - INFO - success CVE-2017-13687,details in cve_test/CVE-2017-13687.log

2025-09-16 15:04:07,809 - INFO - detecting CVE-2017-13687 chdlc_print
2025-09-16 15:04:07,809 - INFO - cmd: python main.py --detect --cve_id CVE-2017-13687 --target_bin /binaries/target_clang/tcpdump/tcpdump-4.8.1-o0-tcpdump --vul_func_name chdlc_print --project tcpdump
2025-09-16 15:04:17,241 - INFO - success CVE-2017-13687,details in cve_test/CVE-2017-13687.log

2025-09-16 15:04:17,242 - INFO - detecting CVE-2017-13687 chdlc_print
2025-09-16 15:04:17,243 - INFO - cmd: python main.py --detect --cve_id CVE-2017-13687 --target_bin /binaries/target_clang/tcpdump/tcpdump-4.9.3-o0-tcpdump --vul_func_name chdlc_print --project tcpdump
2025-09-16 15:04:23,175 - INFO - success CVE-2017-13687,details in cve_test/CVE-2017-13687.log

2025-09-16 15:04:23,176 - INFO - detecting CVE-2017-13687 chdlc_print
2025-09-16 15:04:23,177 - INFO - cmd: python main.py --detect --cve_id CVE-2017-13687 --target_bin /binaries/target_clang/tcpdump/tcpdump-4.99.0-bp-o0-tcpdump --vul_func_name chdlc_print --project tcpdump
2025-09-16 15:04:29,202 - INFO - success CVE-2017-13687,details in cve_test/CVE-2017-13687.log

2025-09-16 15:04:29,203 - INFO - detecting CVE-2017-13687 chdlc_print
2025-09-16 15:04:29,204 - INFO - cmd: python main.py --detect --cve_id CVE-2017-13687 --target_bin /binaries/target_clang/tcpdump/tcpdump-4.99-bp-o0-tcpdump --vul_func_name chdlc_print --project tcpdump
2025-09-16 15:04:35,499 - INFO - success CVE-2017-13687,details in cve_test/CVE-2017-13687.log

2025-09-16 15:04:35,501 - INFO - detecting CVE-2017-13690 ikev2_ID_print
2025-09-16 15:04:35,501 - INFO - cmd: python main.py --detect --cve_id CVE-2017-13690 --target_bin /binaries/target_clang/tcpdump/tcpdump-4.9.1-o0-tcpdump --vul_func_name ikev2_ID_print --project tcpdump
2025-09-16 15:04:43,709 - INFO - success CVE-2017-13690,details in cve_test/CVE-2017-13690.log

2025-09-16 15:04:43,710 - INFO - detecting CVE-2017-13690 ikev2_ID_print
2025-09-16 15:04:43,711 - INFO - cmd: python main.py --detect --cve_id CVE-2017-13690 --target_bin /binaries/target_clang/tcpdump/tcpdump-4.9.0-o0-tcpdump --vul_func_name ikev2_ID_print --project tcpdump
2025-09-16 15:04:52,698 - INFO - success CVE-2017-13690,details in cve_test/CVE-2017-13690.log

2025-09-16 15:04:52,700 - INFO - detecting CVE-2017-13690 ikev2_ID_print
2025-09-16 15:04:52,700 - INFO - cmd: python main.py --detect --cve_id CVE-2017-13690 --target_bin /binaries/target_clang/tcpdump/tcpdump-4.8.1-o0-tcpdump --vul_func_name ikev2_ID_print --project tcpdump
2025-09-16 15:05:00,616 - INFO - success CVE-2017-13690,details in cve_test/CVE-2017-13690.log

2025-09-16 15:05:00,618 - INFO - detecting CVE-2017-13690 ikev2_ID_print
2025-09-16 15:05:00,618 - INFO - cmd: python main.py --detect --cve_id CVE-2017-13690 --target_bin /binaries/target_clang/tcpdump/tcpdump-4.9.3-o0-tcpdump --vul_func_name ikev2_ID_print --project tcpdump
2025-09-16 15:05:09,963 - INFO - success CVE-2017-13690,details in cve_test/CVE-2017-13690.log

2025-09-16 15:05:09,964 - INFO - detecting CVE-2017-13690 ikev2_ID_print
2025-09-16 15:05:09,965 - INFO - cmd: python main.py --detect --cve_id CVE-2017-13690 --target_bin /binaries/target_clang/tcpdump/tcpdump-4.99.0-bp-o0-tcpdump --vul_func_name ikev2_ID_print --project tcpdump
2025-09-16 15:05:17,823 - INFO - success CVE-2017-13690,details in cve_test/CVE-2017-13690.log

2025-09-16 15:05:17,825 - INFO - detecting CVE-2017-13690 ikev2_ID_print
2025-09-16 15:05:17,825 - INFO - cmd: python main.py --detect --cve_id CVE-2017-13690 --target_bin /binaries/target_clang/tcpdump/tcpdump-4.99-bp-o0-tcpdump --vul_func_name ikev2_ID_print --project tcpdump
2025-09-16 15:05:26,262 - INFO - success CVE-2017-13690,details in cve_test/CVE-2017-13690.log

2025-09-16 15:05:26,264 - INFO - detecting CVE-2017-13725 rt6_print
2025-09-16 15:05:26,264 - INFO - cmd: python main.py --detect --cve_id CVE-2017-13725 --target_bin /binaries/target_clang/tcpdump/tcpdump-4.9.1-o0-tcpdump --vul_func_name rt6_print --project tcpdump
2025-09-16 15:05:35,532 - INFO - success CVE-2017-13725,details in cve_test/CVE-2017-13725.log

2025-09-16 15:05:35,533 - INFO - detecting CVE-2017-13725 rt6_print
2025-09-16 15:05:35,534 - INFO - cmd: python main.py --detect --cve_id CVE-2017-13725 --target_bin /binaries/target_clang/tcpdump/tcpdump-4.9.0-o0-tcpdump --vul_func_name rt6_print --project tcpdump
2025-09-16 15:05:44,472 - INFO - success CVE-2017-13725,details in cve_test/CVE-2017-13725.log

2025-09-16 15:05:44,473 - INFO - detecting CVE-2017-13725 rt6_print
2025-09-16 15:05:44,474 - INFO - cmd: python main.py --detect --cve_id CVE-2017-13725 --target_bin /binaries/target_clang/tcpdump/tcpdump-4.8.1-o0-tcpdump --vul_func_name rt6_print --project tcpdump
2025-09-16 15:05:53,630 - INFO - success CVE-2017-13725,details in cve_test/CVE-2017-13725.log

2025-09-16 15:05:53,631 - INFO - detecting CVE-2017-13725 rt6_print
2025-09-16 15:05:53,632 - INFO - cmd: python main.py --detect --cve_id CVE-2017-13725 --target_bin /binaries/target_clang/tcpdump/tcpdump-4.9.3-o0-tcpdump --vul_func_name rt6_print --project tcpdump
2025-09-16 15:06:01,167 - INFO - success CVE-2017-13725,details in cve_test/CVE-2017-13725.log

2025-09-16 15:06:01,168 - INFO - detecting CVE-2017-13725 rt6_print
2025-09-16 15:06:01,169 - INFO - cmd: python main.py --detect --cve_id CVE-2017-13725 --target_bin /binaries/target_clang/tcpdump/tcpdump-4.99.0-bp-o0-tcpdump --vul_func_name rt6_print --project tcpdump
2025-09-16 15:06:07,581 - INFO - success CVE-2017-13725,details in cve_test/CVE-2017-13725.log

2025-09-16 15:06:07,582 - INFO - detecting CVE-2017-13725 rt6_print
2025-09-16 15:06:07,583 - INFO - cmd: python main.py --detect --cve_id CVE-2017-13725 --target_bin /binaries/target_clang/tcpdump/tcpdump-4.99-bp-o0-tcpdump --vul_func_name rt6_print --project tcpdump
2025-09-16 15:06:14,831 - INFO - success CVE-2017-13725,details in cve_test/CVE-2017-13725.log

2025-09-16 15:06:14,832 - INFO - detecting CVE-2018-16228 print_prefix
2025-09-16 15:06:14,833 - INFO - cmd: python main.py --detect --cve_id CVE-2018-16228 --target_bin /binaries/target_clang/tcpdump/tcpdump-4.9.2-o0-tcpdump --vul_func_name print_prefix --project tcpdump
2025-09-16 15:06:23,359 - INFO - success CVE-2018-16228,details in cve_test/CVE-2018-16228.log

2025-09-16 15:06:23,361 - INFO - detecting CVE-2018-16228 print_prefix
2025-09-16 15:06:23,361 - INFO - cmd: python main.py --detect --cve_id CVE-2018-16228 --target_bin /binaries/target_clang/tcpdump/tcpdump-4.9.1-o0-tcpdump --vul_func_name print_prefix --project tcpdump
2025-09-16 15:06:32,305 - INFO - success CVE-2018-16228,details in cve_test/CVE-2018-16228.log

2025-09-16 15:06:32,307 - INFO - detecting CVE-2018-16228 print_prefix
2025-09-16 15:06:32,307 - INFO - cmd: python main.py --detect --cve_id CVE-2018-16228 --target_bin /binaries/target_clang/tcpdump/tcpdump-4.9.0-o0-tcpdump --vul_func_name print_prefix --project tcpdump
2025-09-16 15:06:40,267 - INFO - success CVE-2018-16228,details in cve_test/CVE-2018-16228.log

2025-09-16 15:06:40,268 - INFO - detecting CVE-2018-16228 print_prefix
2025-09-16 15:06:40,269 - INFO - cmd: python main.py --detect --cve_id CVE-2018-16228 --target_bin /binaries/target_clang/tcpdump/tcpdump-4.9.3-o0-tcpdump --vul_func_name print_prefix --project tcpdump
2025-09-16 15:06:47,784 - INFO - success CVE-2018-16228,details in cve_test/CVE-2018-16228.log

2025-09-16 15:06:47,785 - INFO - detecting CVE-2018-16228 print_prefix
2025-09-16 15:06:47,786 - INFO - cmd: python main.py --detect --cve_id CVE-2018-16228 --target_bin /binaries/target_clang/tcpdump/tcpdump-4.99.0-bp-o0-tcpdump --vul_func_name print_prefix --project tcpdump
2025-09-16 15:06:54,242 - INFO - success CVE-2018-16228,details in cve_test/CVE-2018-16228.log

2025-09-16 15:06:54,243 - INFO - detecting CVE-2018-16228 print_prefix
2025-09-16 15:06:54,243 - INFO - cmd: python main.py --detect --cve_id CVE-2018-16228 --target_bin /binaries/target_clang/tcpdump/tcpdump-4.99-bp-o0-tcpdump --vul_func_name print_prefix --project tcpdump
2025-09-16 15:07:00,956 - INFO - success CVE-2018-16228,details in cve_test/CVE-2018-16228.log

2025-09-16 15:07:00,957 - INFO - detecting CVE-2018-16300 bgp_attr_print
2025-09-16 15:07:00,958 - INFO - cmd: python main.py --detect --cve_id CVE-2018-16300 --target_bin /binaries/target_clang/tcpdump/tcpdump-4.9.2-o0-tcpdump --vul_func_name bgp_attr_print --project tcpdump
2025-09-16 15:07:09,215 - INFO - success CVE-2018-16300,details in cve_test/CVE-2018-16300.log

2025-09-16 15:07:09,216 - INFO - detecting CVE-2018-16300 bgp_attr_print
2025-09-16 15:07:09,217 - INFO - cmd: python main.py --detect --cve_id CVE-2018-16300 --target_bin /binaries/target_clang/tcpdump/tcpdump-4.9.1-o0-tcpdump --vul_func_name bgp_attr_print --project tcpdump
2025-09-16 15:07:17,249 - INFO - success CVE-2018-16300,details in cve_test/CVE-2018-16300.log

2025-09-16 15:07:17,251 - INFO - detecting CVE-2018-16300 bgp_attr_print
2025-09-16 15:07:17,251 - INFO - cmd: python main.py --detect --cve_id CVE-2018-16300 --target_bin /binaries/target_clang/tcpdump/tcpdump-4.9.0-o0-tcpdump --vul_func_name bgp_attr_print --project tcpdump
2025-09-16 15:07:26,903 - INFO - success CVE-2018-16300,details in cve_test/CVE-2018-16300.log

2025-09-16 15:07:26,905 - INFO - detecting CVE-2018-16300 bgp_attr_print
2025-09-16 15:07:26,905 - INFO - cmd: python main.py --detect --cve_id CVE-2018-16300 --target_bin /binaries/target_clang/tcpdump/tcpdump-4.9.3-o0-tcpdump --vul_func_name bgp_attr_print --project tcpdump
2025-09-16 15:07:35,681 - INFO - success CVE-2018-16300,details in cve_test/CVE-2018-16300.log

2025-09-16 15:07:35,682 - INFO - detecting CVE-2018-16300 bgp_attr_print
2025-09-16 15:07:35,683 - INFO - cmd: python main.py --detect --cve_id CVE-2018-16300 --target_bin /binaries/target_clang/tcpdump/tcpdump-4.99.0-bp-o0-tcpdump --vul_func_name bgp_attr_print --project tcpdump
2025-09-16 15:07:44,184 - INFO - success CVE-2018-16300,details in cve_test/CVE-2018-16300.log

2025-09-16 15:07:44,186 - INFO - detecting CVE-2018-16300 bgp_attr_print
2025-09-16 15:07:44,186 - INFO - cmd: python main.py --detect --cve_id CVE-2018-16300 --target_bin /binaries/target_clang/tcpdump/tcpdump-4.99-bp-o0-tcpdump --vul_func_name bgp_attr_print --project tcpdump
2025-09-16 15:07:52,553 - INFO - success CVE-2018-16300,details in cve_test/CVE-2018-16300.log