------------------------------------------
Detecing CVE:CVE-2020-20446
Detection for: /data/zhangxb//binaries/target/ffmpeg/ffmpeg-4.2-o2-ffmpeg
Result for psy_3gpp_analyze_channel:patch , truth is vuln
------------------------------------------
Detecing CVE:CVE-2020-20446
Detection for: /data/zhangxb//binaries/target/ffmpeg/ffmpeg-4.1.7-o2-ffmpeg
Result for psy_3gpp_analyze_channel:patch , truth is patch
------------------------------------------
Detecing CVE:CVE-2020-20446
Detection for: /data/zhangxb//binaries/target/ffmpeg/ffmpeg-3.4.9-o2-ffmpeg
Result for psy_3gpp_analyze_channel:patch , truth is patch
------------------------------------------
Detecing CVE:CVE-2020-20446
Detection for: /data/zhangxb//binaries/target/ffmpeg/ffmpeg-4.2.5-o2-ffmpeg
Result for psy_3gpp_analyze_channel:patch , truth is patch
------------------------------------------
Detecing CVE:CVE-2020-20448
Detection for: /data/zhangxb//binaries/target/ffmpeg/ffmpeg-4.1.3-o2-ffmpeg
NotImplementedError Ijk_Ret
NotImplementedError Ijk_Ret
NotImplementedError Ijk_Ret
NotImplementedError Ijk_Ret
fail to determine
Result for encode_q_branch:None , truth is vuln
------------------------------------------
Detecing CVE:CVE-2020-20448
Detection for: /data/zhangxb//binaries/target/ffmpeg/ffmpeg-4.0.5-o2-ffmpeg
NotImplementedError Ijk_Ret
NotImplementedError Ijk_Ret
NotImplementedError Ijk_Ret
NotImplementedError Ijk_Ret
fail to determine
Result for encode_q_branch:None , truth is patch
------------------------------------------
Detecing CVE:CVE-2020-20448
Detection for: /data/zhangxb//binaries/target/ffmpeg/ffmpeg-3.4.7-o2-ffmpeg
NotImplementedError Ijk_Ret
NotImplementedError Ijk_Ret
NotImplementedError Ijk_Ret
NotImplementedError Ijk_Ret
fail to determine
Result for encode_q_branch:None , truth is patch
------------------------------------------
Detecing CVE:CVE-2020-20448
Detection for: /data/zhangxb//binaries/target/ffmpeg/ffmpeg-4.2.2-o2-ffmpeg
NotImplementedError Ijk_Ret
NotImplementedError Ijk_Ret
NotImplementedError Ijk_Ret
NotImplementedError Ijk_Ret
fail to determine
Result for encode_q_branch:None , truth is patch
------------------------------------------
Detecing CVE:CVE-2020-20453
Detection for: /data/zhangxb//binaries/target/ffmpeg/ffmpeg-4.2-o2-ffmpeg
fail to determine
Result for aac_encode_frame:None , truth is vuln
------------------------------------------
Detecing CVE:CVE-2020-20453
Detection for: /data/zhangxb//binaries/target/ffmpeg/ffmpeg-4.1.7-o2-ffmpeg
Result for aac_encode_frame:patch , truth is patch
------------------------------------------
Detecing CVE:CVE-2020-20453
Detection for: /data/zhangxb//binaries/target/ffmpeg/ffmpeg-3.4.9-o2-ffmpeg
fail to determine
Result for aac_encode_frame:None , truth is patch
------------------------------------------
Detecing CVE:CVE-2020-20453
Detection for: /data/zhangxb//binaries/target/ffmpeg/ffmpeg-4.2.5-o2-ffmpeg
Result for aac_encode_frame:patch , truth is patch
------------------------------------------
Detecing CVE:CVE-2020-20896
Detection for: /data/zhangxb//binaries/target/ffmpeg/ffmpeg-4.2.1-o2-ffmpeg
fail to determine
Result for latm_write_packet:None , truth is vuln
------------------------------------------
Detecing CVE:CVE-2020-20896
Detection for: /data/zhangxb//binaries/target/ffmpeg/ffmpeg-4.1.9-o2-ffmpeg
fail to determine
Result for latm_write_packet:None , truth is patch
------------------------------------------
Detecing CVE:CVE-2020-20896
Detection for: /data/zhangxb//binaries/target/ffmpeg/ffmpeg-4.2.6-o2-ffmpeg
fail to determine
Result for latm_write_packet:None , truth is patch
------------------------------------------
Detecing CVE:CVE-2020-20896
Detection for: /data/zhangxb//binaries/target/ffmpeg/ffmpeg-4.3-o2-ffmpeg
fail to determine
Result for latm_write_packet:None , truth is patch
------------------------------------------
Detecing CVE:CVE-2020-20898
Detection for: /data/zhangxb//binaries/target/ffmpeg/ffmpeg-4.2.1-o2-ffmpeg
Result for filter16_prewitt:vuln , truth is vuln
Result for filter16_roberts:vuln , truth is vuln
Result for filter16_sobel:vuln , truth is vuln
Result for filter_prewitt:vuln , truth is vuln
Result for filter_roberts:vuln , truth is vuln
Result for filter_sobel:vuln , truth is vuln
------------------------------------------
Detecing CVE:CVE-2020-20898
Detection for: /data/zhangxb//binaries/target/ffmpeg/ffmpeg-4.3-o2-ffmpeg
Result for filter16_prewitt:patch , truth is patch
Result for filter16_roberts:patch , truth is patch
Result for filter16_sobel:patch , truth is patch
Result for filter_prewitt:patch , truth is patch
Result for filter_roberts:patch , truth is patch
Result for filter_sobel:patch , truth is patch
------------------------------------------
Detecing CVE:CVE-2020-22015
Detection for: /data/zhangxb//binaries/target/ffmpeg/ffmpeg-4.2-o2-ffmpeg
Result for mov_write_video_tag:vuln , truth is vuln
------------------------------------------
Detecing CVE:CVE-2020-22015
Detection for: /data/zhangxb//binaries/target/ffmpeg/ffmpeg-4.1.7-o2-ffmpeg
no function dict_keys(['mov_write_video_tag']) in target
------------------------------------------
Detecing CVE:CVE-2020-22015
Detection for: /data/zhangxb//binaries/target/ffmpeg/ffmpeg-3.4.9-o2-ffmpeg
no function dict_keys(['mov_write_video_tag']) in target
------------------------------------------
Detecing CVE:CVE-2020-22015
Detection for: /data/zhangxb//binaries/target/ffmpeg/ffmpeg-4.2.5-o2-ffmpeg
Result for mov_write_video_tag:patch , truth is patch
------------------------------------------
Detecing CVE:CVE-2020-22017
Detection for: /data/zhangxb//binaries/target/ffmpeg/ffmpeg-4.2-o2-ffmpeg
Result for oscilloscope_filter_frame:vuln , truth is vuln
------------------------------------------
Detecing CVE:CVE-2020-22017
Detection for: /data/zhangxb//binaries/target/ffmpeg/ffmpeg-4.1.8-o2-ffmpeg
Result for oscilloscope_filter_frame:patch , truth is patch
------------------------------------------
Detecing CVE:CVE-2020-22017
Detection for: /data/zhangxb//binaries/target/ffmpeg/ffmpeg-4.3-o2-ffmpeg
Result for oscilloscope_filter_frame:patch , truth is patch
------------------------------------------
Detecing CVE:CVE-2020-22019
Detection for: /data/zhangxb//binaries/target/ffmpeg/ffmpeg-4.2-o2-ffmpeg
Result for ff_vmafmotion_init:vuln , truth is vuln
------------------------------------------
Detecing CVE:CVE-2020-22019
Detection for: /data/zhangxb//binaries/target/ffmpeg/ffmpeg-4.1.7-o2-ffmpeg
Result for ff_vmafmotion_init:patch , truth is patch
------------------------------------------
Detecing CVE:CVE-2020-22019
Detection for: /data/zhangxb//binaries/target/ffmpeg/ffmpeg-3.4.9-o2-ffmpeg
Result for ff_vmafmotion_init:patch , truth is patch
------------------------------------------
Detecing CVE:CVE-2020-22019
Detection for: /data/zhangxb//binaries/target/ffmpeg/ffmpeg-4.2.5-o2-ffmpeg
Result for ff_vmafmotion_init:patch , truth is patch
------------------------------------------
Detecing CVE:CVE-2020-22021
Detection for: /data/zhangxb//binaries/target/ffmpeg/ffmpeg-4.2-o2-ffmpeg
Result for filter_edges:vuln , truth is vuln
Result for filter_edges_16bit:vuln , truth is vuln
------------------------------------------
Detecing CVE:CVE-2020-22021
Detection for: /data/zhangxb//binaries/target/ffmpeg/ffmpeg-4.1.7-o2-ffmpeg
Result for filter_edges:patch , truth is patch
Result for filter_edges_16bit:patch , truth is patch
------------------------------------------
Detecing CVE:CVE-2020-22021
Detection for: /data/zhangxb//binaries/target/ffmpeg/ffmpeg-3.4.9-o2-ffmpeg
Result for filter_edges:patch , truth is patch
Result for filter_edges_16bit:patch , truth is patch
------------------------------------------
Detecing CVE:CVE-2020-22021
Detection for: /data/zhangxb//binaries/target/ffmpeg/ffmpeg-4.2.5-o2-ffmpeg
Result for filter_edges:patch , truth is patch
Result for filter_edges_16bit:patch , truth is patch
------------------------------------------
Detecing CVE:CVE-2020-22024
Detection for: /data/zhangxb//binaries/target/ffmpeg/ffmpeg-4.2-o2-ffmpeg
Result for lagfun_frame16:vuln , truth is vuln
------------------------------------------
Detecing CVE:CVE-2020-22024
Detection for: /data/zhangxb//binaries/target/ffmpeg/ffmpeg-4.3-o2-ffmpeg
Result for lagfun_frame16:patch , truth is patch
------------------------------------------
Detecing CVE:CVE-2020-22029
CVE-2020-22029 has no sigs, skip
------------------------------------------
Detecing CVE:CVE-2020-22029
CVE-2020-22029 has no sigs, skip
------------------------------------------
Detecing CVE:CVE-2020-22029
CVE-2020-22029 has no sigs, skip
------------------------------------------
Detecing CVE:CVE-2020-22037
Detection for: /data/zhangxb//binaries/target/ffmpeg/ffmpeg-4.2-o2-ffmpeg
Result for ff_frame_thread_encoder_init:vuln , truth is vuln
------------------------------------------
Detecing CVE:CVE-2020-22037
Detection for: /data/zhangxb//binaries/target/ffmpeg/ffmpeg-4.1.7-o2-ffmpeg
Result for ff_frame_thread_encoder_init:vuln , truth is patch
------------------------------------------
Detecing CVE:CVE-2020-22037
Detection for: /data/zhangxb//binaries/target/ffmpeg/ffmpeg-3.4.9-o2-ffmpeg
Result for ff_frame_thread_encoder_init:patch , truth is patch
------------------------------------------
Detecing CVE:CVE-2020-22037
Detection for: /data/zhangxb//binaries/target/ffmpeg/ffmpeg-4.2.5-o2-ffmpeg
Result for ff_frame_thread_encoder_init:vuln , truth is patch
------------------------------------------
Detecing CVE:CVE-2020-22038
Detection for: /data/zhangxb//binaries/target/ffmpeg/ffmpeg-4.2-o2-ffmpeg
Result for v4l2_m2m_destroy_context:vuln , truth is vuln
Result for ff_v4l2_m2m_codec_end:vuln , truth is vuln
Result for v4l2_decode_init:patch , truth is vuln
------------------------------------------
Detecing CVE:CVE-2020-22038
Detection for: /data/zhangxb//binaries/target/ffmpeg/ffmpeg-4.4-o2-ffmpeg
Result for v4l2_m2m_destroy_context:patch , truth is patch
Result for ff_v4l2_m2m_codec_end:patch , truth is patch
Result for v4l2_decode_init:patch , truth is patch
------------------------------------------
Detecing CVE:CVE-2020-22039
Detection for: /data/zhangxb//binaries/target/ffmpeg/ffmpeg-4.2-o2-ffmpeg
Result for avi_write_trailer:vuln , truth is vuln
------------------------------------------
Detecing CVE:CVE-2020-22039
Detection for: /data/zhangxb//binaries/target/ffmpeg/ffmpeg-4.3-o2-ffmpeg
Result for avi_write_trailer:patch , truth is patch
------------------------------------------
Detecing CVE:CVE-2020-22041
CVE-2020-22041 has no sigs, skip
------------------------------------------
Detecing CVE:CVE-2020-22041
CVE-2020-22041 has no sigs, skip
------------------------------------------
Detecing CVE:CVE-2020-22041
CVE-2020-22041 has no sigs, skip
------------------------------------------
Detecing CVE:CVE-2020-22041
CVE-2020-22041 has no sigs, skip
------------------------------------------
Detecing CVE:CVE-2020-22042
Detection for: /data/zhangxb//binaries/target/ffmpeg/ffmpeg-4.2-o2-ffmpeg
Result for ffmpeg_cleanup:vuln , truth is vuln
------------------------------------------
Detecing CVE:CVE-2020-22042
Detection for: /data/zhangxb//binaries/target/ffmpeg/ffmpeg-4.3.3-o2-ffmpeg
Result for ffmpeg_cleanup:vuln , truth is patch
------------------------------------------
Detecing CVE:CVE-2020-22042
Detection for: /data/zhangxb//binaries/target/ffmpeg/ffmpeg-4.4-o2-ffmpeg
Result for ffmpeg_cleanup:vuln , truth is patch
------------------------------------------
Detecing CVE:CVE-2020-22043
Detection for: /data/zhangxb//binaries/target/ffmpeg/ffmpeg-4.2-o2-ffmpeg
fail to determine
Result for mpeg_mux_init:None , truth is vuln
Result for mpeg_mux_end:vuln , truth is vuln
------------------------------------------
Detecing CVE:CVE-2020-22043
Detection for: /data/zhangxb//binaries/target/ffmpeg/ffmpeg-4.3-o2-ffmpeg
fail to determine
Result for mpeg_mux_init:None , truth is patch
Result for mpeg_mux_end:vuln , truth is patch
------------------------------------------
Detecing CVE:CVE-2020-22044
Detection for: /data/zhangxb//binaries/target/ffmpeg/ffmpeg-4.2-o2-ffmpeg
fail to determine
Result for nut_write_trailer:None , truth is vuln
------------------------------------------
Detecing CVE:CVE-2020-22044
Detection for: /data/zhangxb//binaries/target/ffmpeg/ffmpeg-4.1.10-o2-ffmpeg
fail to determine
Result for nut_write_trailer:None , truth is patch
------------------------------------------
Detecing CVE:CVE-2020-22044
Detection for: /data/zhangxb//binaries/target/ffmpeg/ffmpeg-4.2.7-o2-ffmpeg
fail to determine
Result for nut_write_trailer:None , truth is patch
------------------------------------------
Detecing CVE:CVE-2020-22044
Detection for: /data/zhangxb//binaries/target/ffmpeg/ffmpeg-4.3-o2-ffmpeg
fail to determine
Result for nut_write_trailer:None , truth is patch
------------------------------------------
Detecing CVE:CVE-2020-22046
Detection for: /data/zhangxb//binaries/target/ffmpeg/ffmpeg-4.2-o2-ffmpeg
fail to determine
Result for ff_ac3_encode_close:None , truth is vuln
------------------------------------------
Detecing CVE:CVE-2020-22046
Detection for: /data/zhangxb//binaries/target/ffmpeg/ffmpeg-4.1.10-o2-ffmpeg
Result for ff_ac3_encode_close:patch , truth is patch
------------------------------------------
Detecing CVE:CVE-2020-22046
Detection for: /data/zhangxb//binaries/target/ffmpeg/ffmpeg-4.2.3-o2-ffmpeg
Result for ff_ac3_encode_close:patch , truth is patch
------------------------------------------
Detecing CVE:CVE-2020-22046
Detection for: /data/zhangxb//binaries/target/ffmpeg/ffmpeg-4.3-o2-ffmpeg
Result for ff_ac3_encode_close:patch , truth is patch
------------------------------------------
Detecing CVE:CVE-2020-24020
Detection for: /data/zhangxb//binaries/target/ffmpeg/ffmpeg-4.2.3-o2-ffmpeg
Result for set_input_output_native:vuln , truth is vuln
Result for dnn_execute_layer_conv2d:None , truth is vuln
Result for dnn_execute_layer_depth2space:None , truth is vuln
Result for dnn_execute_layer_math_binary:None , truth is vuln
Result for dnn_execute_layer_math_unary:None , truth is vuln
Result for dnn_execute_layer_maximum:None , truth is vuln
Result for dnn_execute_layer_pad:None , truth is vuln
------------------------------------------
Detecing CVE:CVE-2020-24020
Detection for: /data/zhangxb//binaries/target/ffmpeg/ffmpeg-4.4-o2-ffmpeg
no function dict_keys(['set_input_output_native', 'dnn_execute_layer_conv2d', 'dnn_execute_layer_depth2space', 'dnn_execute_layer_math_binary', 'dnn_execute_layer_math_unary', 'dnn_execute_layer_maximum', 'dnn_execute_layer_pad']) in target
------------------------------------------
Detecing CVE:CVE-2021-38291
CVE-2021-38291 has no sigs, skip
------------------------------------------
Detecing CVE:CVE-2021-38291
CVE-2021-38291 has no sigs, skip
------------------------------------------
Detecing CVE:CVE-2021-38291
CVE-2021-38291 has no sigs, skip
------------------------------------------
Detecing CVE:CVE-2021-38291
CVE-2021-38291 has no sigs, skip
------------------------------------------
Detecing CVE:CVE-2021-38291
CVE-2021-38291 has no sigs, skip
------------------------------------------
Detecing CVE:CVE-2021-38291
CVE-2021-38291 has no sigs, skip
------------------------------------------
Detecing CVE:CVE-2022-1475
Detection for: /data/zhangxb//binaries/target/ffmpeg/ffmpeg-4.2.6-o2-ffmpeg
Result for g729_parse:vuln , truth is vuln
------------------------------------------
Detecing CVE:CVE-2022-1475
Detection for: /data/zhangxb//binaries/target/ffmpeg/ffmpeg-4.3.4-o2-ffmpeg
Result for g729_parse:vuln , truth is vuln
------------------------------------------
Detecing CVE:CVE-2022-1475
Detection for: /data/zhangxb//binaries/target/ffmpeg/ffmpeg-5.0-o2-ffmpeg
Result for g729_parse:vuln , truth is vuln
------------------------------------------
Detecing CVE:CVE-2022-1475
Detection for: /data/zhangxb//binaries/target/ffmpeg/ffmpeg-4.4.2-o2-ffmpeg
Result for g729_parse:vuln , truth is patch
------------------------------------------
Detecing CVE:CVE-2022-1475
Detection for: /data/zhangxb//binaries/target/ffmpeg/ffmpeg-5.0.1-o2-ffmpeg
Result for g729_parse:patch , truth is patch
------------------------------------------
Detecing CVE:CVE-2022-1475
Detection for: /data/zhangxb//binaries/target/ffmpeg/ffmpeg-5.1-o2-ffmpeg
Result for g729_parse:vuln , truth is patch
------------------------------------------
Detecing CVE:CVE-2020-22020
CVE-2020-22020 has no sigs, skip
------------------------------------------
Detecing CVE:CVE-2020-22020
CVE-2020-22020 has no sigs, skip
------------------------------------------
Detecing CVE:CVE-2020-22020
CVE-2020-22020 has no sigs, skip
------------------------------------------
Detecing CVE:CVE-2020-22020
CVE-2020-22020 has no sigs, skip
------------------------------------------
Detecing CVE:CVE-2020-22022
CVE-2020-22022 has no sigs, skip
------------------------------------------
Detecing CVE:CVE-2020-22022
CVE-2020-22022 has no sigs, skip
------------------------------------------
Detecing CVE:CVE-2020-22022
CVE-2020-22022 has no sigs, skip
------------------------------------------
Detecing CVE:CVE-2020-22022
CVE-2020-22022 has no sigs, skip
------------------------------------------
Detecing CVE:CVE-2020-22023
CVE-2020-22023 has no sigs, skip
------------------------------------------
Detecing CVE:CVE-2020-22023
CVE-2020-22023 has no sigs, skip
------------------------------------------
Detecing CVE:CVE-2020-22023
CVE-2020-22023 has no sigs, skip
------------------------------------------
Detecing CVE:CVE-2020-22023
CVE-2020-22023 has no sigs, skip
------------------------------------------
Detecing CVE:CVE-2020-22026
Detection for: /data/zhangxb//binaries/target/ffmpeg/ffmpeg-4.2-o2-ffmpeg
fail to determine
Result for filter_frame:None , truth is vuln
------------------------------------------
Detecing CVE:CVE-2020-22026
Detection for: /data/zhangxb//binaries/target/ffmpeg/ffmpeg-4.1.8-o2-ffmpeg
fail to determine
Result for filter_frame:None , truth is patch
------------------------------------------
Detecing CVE:CVE-2020-22026
Detection for: /data/zhangxb//binaries/target/ffmpeg/ffmpeg-4.2.7-o2-ffmpeg
fail to determine
Result for filter_frame:None , truth is patch
------------------------------------------
Detecing CVE:CVE-2020-22026
Detection for: /data/zhangxb//binaries/target/ffmpeg/ffmpeg-4.3-o2-ffmpeg
fail to determine
Result for filter_frame:None , truth is patch
------------------------------------------
Detecing CVE:CVE-2020-22027
CVE-2020-22027 has no sigs, skip
------------------------------------------
Detecing CVE:CVE-2020-22027
CVE-2020-22027 has no sigs, skip
------------------------------------------
Detecing CVE:CVE-2020-22027
CVE-2020-22027 has no sigs, skip
------------------------------------------
Detecing CVE:CVE-2020-22027
CVE-2020-22027 has no sigs, skip
------------------------------------------
Detecing CVE:CVE-2020-22030
CVE-2020-22030 has no sigs, skip
------------------------------------------
Detecing CVE:CVE-2020-22030
CVE-2020-22030 has no sigs, skip
------------------------------------------
Detecing CVE:CVE-2020-22030
CVE-2020-22030 has no sigs, skip
------------------------------------------
Detecing CVE:CVE-2020-22031
CVE-2020-22031 has no sigs, skip
------------------------------------------
Detecing CVE:CVE-2020-22031
CVE-2020-22031 has no sigs, skip
------------------------------------------
Detecing CVE:CVE-2020-22031
CVE-2020-22031 has no sigs, skip
------------------------------------------
Detecing CVE:CVE-2020-22031
CVE-2020-22031 has no sigs, skip
------------------------------------------
Detecing CVE:CVE-2020-22034
CVE-2020-22034 has no sigs, skip
------------------------------------------
Detecing CVE:CVE-2020-22034
CVE-2020-22034 has no sigs, skip
------------------------------------------
Detecing CVE:CVE-2020-22034
CVE-2020-22034 has no sigs, skip
------------------------------------------
Detecing CVE:CVE-2020-22035
CVE-2020-22035 has no sigs, skip
------------------------------------------
Detecing CVE:CVE-2020-22035
CVE-2020-22035 has no sigs, skip
------------------------------------------
Detecing CVE:CVE-2020-22035
CVE-2020-22035 has no sigs, skip
------------------------------------------
Detecing CVE:CVE-2020-22036
Detection for: /data/zhangxb//binaries/target/ffmpeg/ffmpeg-4.2-o2-ffmpeg
fail to determine
Result for config_props:None , truth is vuln
------------------------------------------
Detecing CVE:CVE-2020-22036
Detection for: /data/zhangxb//binaries/target/ffmpeg/ffmpeg-4.1.8-o2-ffmpeg
fail to determine
Result for config_props:None , truth is patch
------------------------------------------
Detecing CVE:CVE-2020-22036
Detection for: /data/zhangxb//binaries/target/ffmpeg/ffmpeg-4.2.7-o2-ffmpeg
fail to determine
Result for config_props:None , truth is patch
------------------------------------------
Detecing CVE:CVE-2020-22036
Detection for: /data/zhangxb//binaries/target/ffmpeg/ffmpeg-4.3-o2-ffmpeg
fail to determine
Result for config_props:None , truth is patch
------------------------------------------
Detecing CVE:CVE-2020-22048
CVE-2020-22048 has no sigs, skip
------------------------------------------
Detecing CVE:CVE-2020-22048
CVE-2020-22048 has no sigs, skip
------------------------------------------
Detecing CVE:CVE-2020-22048
CVE-2020-22048 has no sigs, skip
------------------------------------------
Detecing CVE:CVE-2020-22048
CVE-2020-22048 has no sigs, skip
------------------------------------------
Detecing CVE:CVE-2020-23906
Detection for: /data/zhangxb//binaries/target/ffmpeg/ffmpeg-4.2-o2-ffmpeg
Result for read_packet:patch , truth is vuln
------------------------------------------
Detecing CVE:CVE-2020-23906
Detection for: /data/zhangxb//binaries/target/ffmpeg/ffmpeg-4.2.5-o2-ffmpeg
Result for read_packet:patch , truth is patch
------------------------------------------
Detecing CVE:CVE-2020-23906
Detection for: /data/zhangxb//binaries/target/ffmpeg/ffmpeg-4.3.1-o2-ffmpeg
Result for read_packet:patch , truth is patch
------------------------------------------
Detecing CVE:CVE-2020-23906
Detection for: /data/zhangxb//binaries/target/ffmpeg/ffmpeg-4.4-o2-ffmpeg
Result for read_packet:patch , truth is patch
------------------------------------------
Detecing CVE:CVE-2020-35965
CVE-2020-35965 has no sigs, skip
------------------------------------------
Detecing CVE:CVE-2020-35965
CVE-2020-35965 has no sigs, skip
------------------------------------------
Detecing CVE:CVE-2020-35965
CVE-2020-35965 has no sigs, skip
------------------------------------------
Detecing CVE:CVE-2020-35965
CVE-2020-35965 has no sigs, skip
------------------------------------------
Detecing CVE:CVE-2020-35965
CVE-2020-35965 has no sigs, skip