------------------------------------------
Detecing CVE:CVE-2018-20847
Detection for: /data/zhangxb//binaries/target_clang/openjpeg/openjpeg-2.0-o3-openjpeg
fail to determine
Result for opj_get_all_encoding_parameters:None , truth is vuln
Result for opj_tcd_init_tile:None , truth is vuln
------------------------------------------
Detecing CVE:CVE-2018-20847
Detection for: /data/zhangxb//binaries/target_clang/openjpeg/openjpeg-2.1-o3-openjpeg
fail to determine
Result for opj_get_all_encoding_parameters:None , truth is vuln
Result for opj_tcd_init_tile:None , truth is vuln
------------------------------------------
Detecing CVE:CVE-2018-20847
Detection for: /data/zhangxb//binaries/target_clang/openjpeg/openjpeg-2.0.1-o3-openjpeg
fail to determine
Result for opj_get_all_encoding_parameters:None , truth is vuln
Result for opj_tcd_init_tile:None , truth is vuln
------------------------------------------
Detecing CVE:CVE-2018-20847
Detection for: /data/zhangxb//binaries/target_clang/openjpeg/openjpeg-2.3.1-o3-openjpeg
fail to determine
Result for opj_get_all_encoding_parameters:None , truth is patch
fail to determine
Result for opj_tcd_init_tile:None , truth is patch
------------------------------------------
Detecing CVE:CVE-2018-20847
Detection for: /data/zhangxb//binaries/target_clang/openjpeg/openjpeg-2.4.0-o3-openjpeg
fail to determine
Result for opj_get_all_encoding_parameters:None , truth is patch
fail to determine
Result for opj_tcd_init_tile:None , truth is patch
------------------------------------------
Detecing CVE:CVE-2018-20847
Detection for: /data/zhangxb//binaries/target_clang/openjpeg/openjpeg-2.5.0-o3-openjpeg
fail to determine
Result for opj_get_all_encoding_parameters:None , truth is patch
fail to determine
Result for opj_tcd_init_tile:None , truth is patch
------------------------------------------
Detecing CVE:CVE-2015-8871
Detection for: /data/zhangxb//binaries/target_clang/openjpeg/openjpeg-2.0-o3-openjpeg
no function dict_keys(['opj_j2k_write_mco']) in target
------------------------------------------
Detecing CVE:CVE-2015-8871
Detection for: /data/zhangxb//binaries/target_clang/openjpeg/openjpeg-2.1-o3-openjpeg
no function dict_keys(['opj_j2k_write_mco']) in target
------------------------------------------
Detecing CVE:CVE-2015-8871
Detection for: /data/zhangxb//binaries/target_clang/openjpeg/openjpeg-2.0.1-o3-openjpeg
no function dict_keys(['opj_j2k_write_mco']) in target
------------------------------------------
Detecing CVE:CVE-2015-8871
Detection for: /data/zhangxb//binaries/target_clang/openjpeg/openjpeg-2.1.1-o3-openjpeg
no function dict_keys(['opj_j2k_write_mco']) in target
------------------------------------------
Detecing CVE:CVE-2015-8871
Detection for: /data/zhangxb//binaries/target_clang/openjpeg/openjpeg-2.1.2-o3-openjpeg
no function dict_keys(['opj_j2k_write_mco']) in target
------------------------------------------
Detecing CVE:CVE-2015-8871
Detection for: /data/zhangxb//binaries/target_clang/openjpeg/openjpeg-2.2.0-o3-openjpeg
no function dict_keys(['opj_j2k_write_mco']) in target
------------------------------------------
Detecing CVE:CVE-2016-4797
Detection for: /data/zhangxb//binaries/target_clang/openjpeg/openjpeg-2.0-o3-openjpeg
no function dict_keys(['opj_tcd_init_tile']) in target
------------------------------------------
Detecing CVE:CVE-2016-4797
Detection for: /data/zhangxb//binaries/target_clang/openjpeg/openjpeg-2.1-o3-openjpeg
no function dict_keys(['opj_tcd_init_tile']) in target
------------------------------------------
Detecing CVE:CVE-2016-4797
Detection for: /data/zhangxb//binaries/target_clang/openjpeg/openjpeg-2.0.1-o3-openjpeg
no function dict_keys(['opj_tcd_init_tile']) in target
------------------------------------------
Detecing CVE:CVE-2016-4797
Detection for: /data/zhangxb//binaries/target_clang/openjpeg/openjpeg-2.1.1-o3-openjpeg
fail to determine
Result for opj_tcd_init_tile:None , truth is patch
------------------------------------------
Detecing CVE:CVE-2016-4797
Detection for: /data/zhangxb//binaries/target_clang/openjpeg/openjpeg-2.1.2-o3-openjpeg
fail to determine
Result for opj_tcd_init_tile:None , truth is patch
------------------------------------------
Detecing CVE:CVE-2016-4797
Detection for: /data/zhangxb//binaries/target_clang/openjpeg/openjpeg-2.2.0-o3-openjpeg
fail to determine
Result for opj_tcd_init_tile:None , truth is patch
------------------------------------------
Detecing CVE:CVE-2016-7163
Detection for: /data/zhangxb//binaries/target_clang/openjpeg/openjpeg-2.1.2-o3-openjpeg
Result for opj_pi_create_decode:patch , truth is vuln
------------------------------------------
Detecing CVE:CVE-2016-7163
Detection for: /data/zhangxb//binaries/target_clang/openjpeg/openjpeg-2.1.1-o3-openjpeg
Result for opj_pi_create_decode:patch , truth is vuln
------------------------------------------
Detecing CVE:CVE-2016-7163
Detection for: /data/zhangxb//binaries/target_clang/openjpeg/openjpeg-2.0-o3-openjpeg
fail to determine
Result for opj_pi_create_decode:None , truth is vuln
------------------------------------------
Detecing CVE:CVE-2016-7163
Detection for: /data/zhangxb//binaries/target_clang/openjpeg/openjpeg-2.2.0-o3-openjpeg
Result for opj_pi_create_decode:patch , truth is patch
------------------------------------------
Detecing CVE:CVE-2016-7163
Detection for: /data/zhangxb//binaries/target_clang/openjpeg/openjpeg-2.3.0-o3-openjpeg
Result for opj_pi_create_decode:patch , truth is patch
------------------------------------------
Detecing CVE:CVE-2016-7163
Detection for: /data/zhangxb//binaries/target_clang/openjpeg/openjpeg-2.3.1-o3-openjpeg
Result for opj_pi_create_decode:patch , truth is patch
------------------------------------------
Detecing CVE:CVE-2016-10506
Detection for: /data/zhangxb//binaries/target_clang/openjpeg/openjpeg-2.1.2-o3-openjpeg
no function dict_keys(['opj_pi_next_rpcl', 'opj_pi_next_pcrl', 'opj_pi_next_cprl']) in target
------------------------------------------
Detecing CVE:CVE-2016-10506
Detection for: /data/zhangxb//binaries/target_clang/openjpeg/openjpeg-2.1.1-o3-openjpeg
no function dict_keys(['opj_pi_next_rpcl', 'opj_pi_next_pcrl', 'opj_pi_next_cprl']) in target
------------------------------------------
Detecing CVE:CVE-2016-10506
Detection for: /data/zhangxb//binaries/target_clang/openjpeg/openjpeg-2.0-o3-openjpeg
no function dict_keys(['opj_pi_next_rpcl', 'opj_pi_next_pcrl', 'opj_pi_next_cprl']) in target
------------------------------------------
Detecing CVE:CVE-2016-10506
Detection for: /data/zhangxb//binaries/target_clang/openjpeg/openjpeg-2.2.0-o3-openjpeg
no function dict_keys(['opj_pi_next_rpcl', 'opj_pi_next_pcrl', 'opj_pi_next_cprl']) in target
------------------------------------------
Detecing CVE:CVE-2016-10506
Detection for: /data/zhangxb//binaries/target_clang/openjpeg/openjpeg-2.3.0-o3-openjpeg
no function dict_keys(['opj_pi_next_rpcl', 'opj_pi_next_pcrl', 'opj_pi_next_cprl']) in target
------------------------------------------
Detecing CVE:CVE-2016-10506
Detection for: /data/zhangxb//binaries/target_clang/openjpeg/openjpeg-2.3.1-o3-openjpeg
no function dict_keys(['opj_pi_next_rpcl', 'opj_pi_next_pcrl', 'opj_pi_next_cprl']) in target
------------------------------------------
Detecing CVE:CVE-2016-10504
Detection for: /data/zhangxb//binaries/target_clang/openjpeg/openjpeg-2.1.2-o3-openjpeg
no function dict_keys(['opj_tcd_code_block_enc_allocate_data']) in target
------------------------------------------
Detecing CVE:CVE-2016-10504
Detection for: /data/zhangxb//binaries/target_clang/openjpeg/openjpeg-2.1.1-o3-openjpeg
no function dict_keys(['opj_tcd_code_block_enc_allocate_data']) in target
------------------------------------------
Detecing CVE:CVE-2016-10504
Detection for: /data/zhangxb//binaries/target_clang/openjpeg/openjpeg-2.0-o3-openjpeg
no function dict_keys(['opj_tcd_code_block_enc_allocate_data']) in target
------------------------------------------
Detecing CVE:CVE-2016-10504
Detection for: /data/zhangxb//binaries/target_clang/openjpeg/openjpeg-2.2.0-o3-openjpeg
no function dict_keys(['opj_tcd_code_block_enc_allocate_data']) in target
------------------------------------------
Detecing CVE:CVE-2016-10504
Detection for: /data/zhangxb//binaries/target_clang/openjpeg/openjpeg-2.3.0-o3-openjpeg
no function dict_keys(['opj_tcd_code_block_enc_allocate_data']) in target
------------------------------------------
Detecing CVE:CVE-2016-10504
Detection for: /data/zhangxb//binaries/target_clang/openjpeg/openjpeg-2.3.1-o3-openjpeg
no function dict_keys(['opj_tcd_code_block_enc_allocate_data']) in target
------------------------------------------
Detecing CVE:CVE-2017-14151
Detection for: /data/zhangxb//binaries/target_clang/openjpeg/openjpeg-2.2.0-o3-openjpeg
no function dict_keys(['opj_tcd_code_block_enc_allocate_data']) in target
------------------------------------------
Detecing CVE:CVE-2017-14151
Detection for: /data/zhangxb//binaries/target_clang/openjpeg/openjpeg-2.3.0-o3-openjpeg
no function dict_keys(['opj_tcd_code_block_enc_allocate_data']) in target
------------------------------------------
Detecing CVE:CVE-2017-14151
Detection for: /data/zhangxb//binaries/target_clang/openjpeg/openjpeg-2.3.1-o3-openjpeg
no function dict_keys(['opj_tcd_code_block_enc_allocate_data']) in target
------------------------------------------
Detecing CVE:CVE-2017-14151
Detection for: /data/zhangxb//binaries/target_clang/openjpeg/openjpeg-2.4.0-o3-openjpeg
no function dict_keys(['opj_tcd_code_block_enc_allocate_data']) in target
------------------------------------------
Detecing CVE:CVE-2017-14152
Detection for: /data/zhangxb//binaries/target_clang/openjpeg/openjpeg-2.2.0-o3-openjpeg
no function dict_keys(['opj_j2k_set_cinema_parameters']) in target
------------------------------------------
Detecing CVE:CVE-2017-14152
Detection for: /data/zhangxb//binaries/target_clang/openjpeg/openjpeg-2.3.0-o3-openjpeg
Result for opj_j2k_set_cinema_parameters:patch , truth is patch
------------------------------------------
Detecing CVE:CVE-2017-14152
Detection for: /data/zhangxb//binaries/target_clang/openjpeg/openjpeg-2.3.1-o3-openjpeg
Result for opj_j2k_set_cinema_parameters:patch , truth is patch
------------------------------------------
Detecing CVE:CVE-2017-14152
Detection for: /data/zhangxb//binaries/target_clang/openjpeg/openjpeg-2.4.0-o3-openjpeg
Result for opj_j2k_set_cinema_parameters:patch , truth is patch
------------------------------------------
Detecing CVE:CVE-2017-14039
Detection for: /data/zhangxb//binaries/target_clang/openjpeg/openjpeg-2.2.0-o3-openjpeg
Result for opj_j2k_write_sod:None , truth is vuln
Result for opj_t2_encode_packet:vuln , truth is vuln
------------------------------------------
Detecing CVE:CVE-2017-14039
Detection for: /data/zhangxb//binaries/target_clang/openjpeg/openjpeg-2.1.2-o3-openjpeg
Result for opj_j2k_write_sod:None , truth is vuln
Result for opj_t2_encode_packet:vuln , truth is vuln
------------------------------------------
Detecing CVE:CVE-2017-14039
Detection for: /data/zhangxb//binaries/target_clang/openjpeg/openjpeg-2.1.1-o3-openjpeg
Result for opj_j2k_write_sod:None , truth is vuln
Result for opj_t2_encode_packet:vuln , truth is vuln
------------------------------------------
Detecing CVE:CVE-2017-14039
Detection for: /data/zhangxb//binaries/target_clang/openjpeg/openjpeg-2.3.0-o3-openjpeg
Result for opj_j2k_write_sod:None , truth is patch
Result for opj_t2_encode_packet:vuln , truth is patch
------------------------------------------
Detecing CVE:CVE-2017-14039
Detection for: /data/zhangxb//binaries/target_clang/openjpeg/openjpeg-2.3.1-o3-openjpeg
Result for opj_j2k_write_sod:None , truth is patch
Result for opj_t2_encode_packet:vuln , truth is patch
------------------------------------------
Detecing CVE:CVE-2017-14039
Detection for: /data/zhangxb//binaries/target_clang/openjpeg/openjpeg-2.4.0-o3-openjpeg
Result for opj_j2k_write_sod:patch , truth is patch
Result for opj_t2_encode_packet:vuln , truth is patch
------------------------------------------
Detecing CVE:CVE-2017-14164
Detection for: /data/zhangxb//binaries/target_clang/openjpeg/openjpeg-2.2.0-o3-openjpeg
no function dict_keys(['opj_j2k_write_sot', 'opj_j2k_write_first_tile_part', 'opj_j2k_write_all_tile_parts']) in target
------------------------------------------
Detecing CVE:CVE-2017-14164
Detection for: /data/zhangxb//binaries/target_clang/openjpeg/openjpeg-2.1.2-o3-openjpeg
no function dict_keys(['opj_j2k_write_sot', 'opj_j2k_write_first_tile_part', 'opj_j2k_write_all_tile_parts']) in target
------------------------------------------
Detecing CVE:CVE-2017-14164
Detection for: /data/zhangxb//binaries/target_clang/openjpeg/openjpeg-2.1.1-o3-openjpeg
no function dict_keys(['opj_j2k_write_sot', 'opj_j2k_write_first_tile_part', 'opj_j2k_write_all_tile_parts']) in target
------------------------------------------
Detecing CVE:CVE-2017-14164
Detection for: /data/zhangxb//binaries/target_clang/openjpeg/openjpeg-2.3.0-o3-openjpeg
Result for opj_j2k_write_sot:patch , truth is patch
Result for opj_j2k_write_first_tile_part:None , truth is patch
Result for opj_j2k_write_all_tile_parts:None , truth is patch
------------------------------------------
Detecing CVE:CVE-2017-14164
Detection for: /data/zhangxb//binaries/target_clang/openjpeg/openjpeg-2.3.1-o3-openjpeg
Result for opj_j2k_write_sot:patch , truth is patch
Result for opj_j2k_write_first_tile_part:None , truth is patch
Result for opj_j2k_write_all_tile_parts:None , truth is patch
------------------------------------------
Detecing CVE:CVE-2017-14164
Detection for: /data/zhangxb//binaries/target_clang/openjpeg/openjpeg-2.4.0-o3-openjpeg
Result for opj_j2k_write_sot:patch , truth is patch
Result for opj_j2k_write_first_tile_part:None , truth is patch
Result for opj_j2k_write_all_tile_parts:None , truth is patch