------------------------------------------
Detecing CVE:CVE-2016-6153
CVE-2016-6153 has no sigs, skip
------------------------------------------
Detecing CVE:CVE-2016-6153
CVE-2016-6153 has no sigs, skip
------------------------------------------
Detecing CVE:CVE-2016-6153
CVE-2016-6153 has no sigs, skip
------------------------------------------
Detecing CVE:CVE-2016-6153
CVE-2016-6153 has no sigs, skip
------------------------------------------
Detecing CVE:CVE-2016-6153
CVE-2016-6153 has no sigs, skip
------------------------------------------
Detecing CVE:CVE-2016-6153
CVE-2016-6153 has no sigs, skip
------------------------------------------
Detecing CVE:CVE-2018-20346
CVE-2018-20346 has no sigs, skip
------------------------------------------
Detecing CVE:CVE-2018-20346
CVE-2018-20346 has no sigs, skip
------------------------------------------
Detecing CVE:CVE-2018-20346
CVE-2018-20346 has no sigs, skip
------------------------------------------
Detecing CVE:CVE-2018-20346
CVE-2018-20346 has no sigs, skip
------------------------------------------
Detecing CVE:CVE-2018-20346
CVE-2018-20346 has no sigs, skip
------------------------------------------
Detecing CVE:CVE-2018-20346
CVE-2018-20346 has no sigs, skip
------------------------------------------
Detecing CVE:CVE-2019-19242
Detection for: /data/zhangxb//binaries/target_clang/sqlite/sqlite-3.30.1-o3-sqlite3
fail to determine
Result for sqlite3ExprCodeTarget:None , truth is vuln
Result for whereIndexExprTransColumn:None , truth is vuln
------------------------------------------
Detecing CVE:CVE-2019-19242
Detection for: /data/zhangxb//binaries/target_clang/sqlite/sqlite-3.31.0-o3-sqlite3
fail to determine
Result for sqlite3ExprCodeTarget:None , truth is patch
Result for whereIndexExprTransColumn:patch , truth is patch
------------------------------------------
Detecing CVE:CVE-2019-19242
Detection for: /data/zhangxb//binaries/target_clang/sqlite/sqlite-3.31.1-o3-sqlite3
fail to determine
Result for sqlite3ExprCodeTarget:None , truth is patch
Result for whereIndexExprTransColumn:patch , truth is patch
------------------------------------------
Detecing CVE:CVE-2019-19242
Detection for: /data/zhangxb//binaries/target_clang/sqlite/sqlite-3.32.0-o3-sqlite3
fail to determine
Result for sqlite3ExprCodeTarget:None , truth is patch
Result for whereIndexExprTransColumn:patch , truth is patch
------------------------------------------
Detecing CVE:CVE-2019-19244
Detection for: /data/zhangxb//binaries/target_clang/sqlite/sqlite-3.30.1-o3-sqlite3
Result for sqlite3Select:vuln , truth is vuln
------------------------------------------
Detecing CVE:CVE-2019-19244
Detection for: /data/zhangxb//binaries/target_clang/sqlite/sqlite-3.31.0-o3-sqlite3
Result for sqlite3Select:vuln , truth is patch
------------------------------------------
Detecing CVE:CVE-2019-19244
Detection for: /data/zhangxb//binaries/target_clang/sqlite/sqlite-3.31.1-o3-sqlite3
Result for sqlite3Select:vuln , truth is patch
------------------------------------------
Detecing CVE:CVE-2019-19244
Detection for: /data/zhangxb//binaries/target_clang/sqlite/sqlite-3.32.0-o3-sqlite3
Result for sqlite3Select:vuln , truth is patch
------------------------------------------
Detecing CVE:CVE-2019-19317
Detection for: /data/zhangxb//binaries/target_clang/sqlite/sqlite-3.30.1-o3-sqlite3
Result for lookupName:vuln , truth is vuln
------------------------------------------
Detecing CVE:CVE-2019-19317
Detection for: /data/zhangxb//binaries/target_clang/sqlite/sqlite-3.31.0-o3-sqlite3
Result for lookupName:patch , truth is patch
------------------------------------------
Detecing CVE:CVE-2019-19317
Detection for: /data/zhangxb//binaries/target_clang/sqlite/sqlite-3.31.1-o3-sqlite3
Result for lookupName:patch , truth is patch
------------------------------------------
Detecing CVE:CVE-2019-19317
Detection for: /data/zhangxb//binaries/target_clang/sqlite/sqlite-3.32.0-o3-sqlite3
Result for lookupName:vuln , truth is patch
------------------------------------------
Detecing CVE:CVE-2019-19645
Detection for: /data/zhangxb//binaries/target_clang/sqlite/sqlite-3.30.1-o3-sqlite3
Result for renameUnmapSelectCb:vuln , truth is vuln
fail to determine
Result for renameColumnFunc:None , truth is vuln
Result for renameTableSelectCb:vuln , truth is vuln
Result for renameTableFunc:vuln , truth is vuln
fail to determine
Result for sqlite3CreateView:None , truth is vuln
------------------------------------------
Detecing CVE:CVE-2019-19645
Detection for: /data/zhangxb//binaries/target_clang/sqlite/sqlite-3.30.0-o3-sqlite3
Result for renameUnmapSelectCb:vuln , truth is vuln
fail to determine
Result for renameColumnFunc:None , truth is vuln
Result for renameTableSelectCb:vuln , truth is vuln
Result for renameTableFunc:vuln , truth is vuln
fail to determine
Result for sqlite3CreateView:None , truth is vuln
------------------------------------------
Detecing CVE:CVE-2019-19645
Detection for: /data/zhangxb//binaries/target_clang/sqlite/sqlite-3.29.0-o3-sqlite3
Result for renameUnmapSelectCb:vuln , truth is vuln
fail to determine
Result for renameColumnFunc:None , truth is vuln
Result for renameTableSelectCb:vuln , truth is vuln
Result for renameTableFunc:vuln , truth is vuln
fail to determine
Result for sqlite3CreateView:None , truth is vuln
------------------------------------------
Detecing CVE:CVE-2019-19645
Detection for: /data/zhangxb//binaries/target_clang/sqlite/sqlite-3.31.0-o3-sqlite3
Result for renameUnmapSelectCb:vuln , truth is patch
fail to determine
Result for renameColumnFunc:None , truth is patch
Result for renameTableSelectCb:vuln , truth is patch
Result for renameTableFunc:vuln , truth is patch
fail to determine
Result for sqlite3CreateView:None , truth is patch
------------------------------------------
Detecing CVE:CVE-2019-19645
Detection for: /data/zhangxb//binaries/target_clang/sqlite/sqlite-3.31.1-o3-sqlite3
Result for renameUnmapSelectCb:vuln , truth is patch
fail to determine
Result for renameColumnFunc:None , truth is patch
Result for renameTableSelectCb:vuln , truth is patch
Result for renameTableFunc:vuln , truth is patch
fail to determine
Result for sqlite3CreateView:None , truth is patch
------------------------------------------
Detecing CVE:CVE-2019-19645
Detection for: /data/zhangxb//binaries/target_clang/sqlite/sqlite-3.32.0-o3-sqlite3
Result for renameUnmapSelectCb:vuln , truth is patch
fail to determine
Result for renameColumnFunc:None , truth is patch
Result for renameTableSelectCb:vuln , truth is patch
Result for renameTableFunc:vuln , truth is patch
fail to determine
Result for sqlite3CreateView:None , truth is patch
------------------------------------------
Detecing CVE:CVE-2019-19646
Detection for: /data/zhangxb//binaries/target_clang/sqlite/sqlite-3.30.1-o3-sqlite3
fail to determine
Result for sqlite3CreateColumnExpr:None , truth is vuln
------------------------------------------
Detecing CVE:CVE-2019-19646
Detection for: /data/zhangxb//binaries/target_clang/sqlite/sqlite-3.30.0-o3-sqlite3
fail to determine
Result for sqlite3CreateColumnExpr:None , truth is vuln
------------------------------------------
Detecing CVE:CVE-2019-19646
Detection for: /data/zhangxb//binaries/target_clang/sqlite/sqlite-3.29.0-o3-sqlite3
fail to determine
Result for sqlite3CreateColumnExpr:None , truth is vuln
------------------------------------------
Detecing CVE:CVE-2019-19646
Detection for: /data/zhangxb//binaries/target_clang/sqlite/sqlite-3.31.0-o3-sqlite3
Result for sqlite3CreateColumnExpr:patch , truth is patch
------------------------------------------
Detecing CVE:CVE-2019-19646
Detection for: /data/zhangxb//binaries/target_clang/sqlite/sqlite-3.31.1-o3-sqlite3
Result for sqlite3CreateColumnExpr:patch , truth is patch
------------------------------------------
Detecing CVE:CVE-2019-19646
Detection for: /data/zhangxb//binaries/target_clang/sqlite/sqlite-3.32.0-o3-sqlite3
Result for sqlite3CreateColumnExpr:patch , truth is patch
------------------------------------------
Detecing CVE:CVE-2019-19880
Detection for: /data/zhangxb//binaries/target_clang/sqlite/sqlite-3.30.1-o3-sqlite3
Result for exprListAppendList:vuln , truth is vuln
------------------------------------------
Detecing CVE:CVE-2019-19880
Detection for: /data/zhangxb//binaries/target_clang/sqlite/sqlite-3.31.0-o3-sqlite3
Result for exprListAppendList:patch , truth is patch
------------------------------------------
Detecing CVE:CVE-2019-19880
Detection for: /data/zhangxb//binaries/target_clang/sqlite/sqlite-3.31.1-o3-sqlite3
Result for exprListAppendList:patch , truth is patch
------------------------------------------
Detecing CVE:CVE-2019-19880
Detection for: /data/zhangxb//binaries/target_clang/sqlite/sqlite-3.32.0-o3-sqlite3
Result for exprListAppendList:patch , truth is patch
------------------------------------------
Detecing CVE:CVE-2019-19923
Detection for: /data/zhangxb//binaries/target_clang/sqlite/sqlite-3.30.1-o3-sqlite3
Result for flattenSubquery:patch , truth is vuln
------------------------------------------
Detecing CVE:CVE-2019-19923
Detection for: /data/zhangxb//binaries/target_clang/sqlite/sqlite-3.31.0-o3-sqlite3
Result for flattenSubquery:vuln , truth is patch
------------------------------------------
Detecing CVE:CVE-2019-19923
Detection for: /data/zhangxb//binaries/target_clang/sqlite/sqlite-3.31.1-o3-sqlite3
Result for flattenSubquery:vuln , truth is patch
------------------------------------------
Detecing CVE:CVE-2019-19923
Detection for: /data/zhangxb//binaries/target_clang/sqlite/sqlite-3.32.0-o3-sqlite3
Result for flattenSubquery:vuln , truth is patch
------------------------------------------
Detecing CVE:CVE-2019-19924
Detection for: /data/zhangxb//binaries/target_clang/sqlite/sqlite-3.30.1-o3-sqlite3
Result for codeCompare:vuln , truth is vuln
fail to determine
Result for sqlite3WindowRewrite:None , truth is vuln
------------------------------------------
Detecing CVE:CVE-2019-19924
Detection for: /data/zhangxb//binaries/target_clang/sqlite/sqlite-3.31.0-o3-sqlite3
Result for codeCompare:patch , truth is patch
fail to determine
Result for sqlite3WindowRewrite:None , truth is patch
------------------------------------------
Detecing CVE:CVE-2019-19924
Detection for: /data/zhangxb//binaries/target_clang/sqlite/sqlite-3.31.1-o3-sqlite3
Result for codeCompare:patch , truth is patch
fail to determine
Result for sqlite3WindowRewrite:None , truth is patch
------------------------------------------
Detecing CVE:CVE-2019-19924
Detection for: /data/zhangxb//binaries/target_clang/sqlite/sqlite-3.32.0-o3-sqlite3
Result for codeCompare:patch , truth is patch
fail to determine
Result for sqlite3WindowRewrite:None , truth is patch
------------------------------------------
Detecing CVE:CVE-2019-19925
CVE-2019-19925 has no sigs, skip
------------------------------------------
Detecing CVE:CVE-2019-19925
CVE-2019-19925 has no sigs, skip
------------------------------------------
Detecing CVE:CVE-2019-19925
CVE-2019-19925 has no sigs, skip
------------------------------------------
Detecing CVE:CVE-2019-19925
CVE-2019-19925 has no sigs, skip
------------------------------------------
Detecing CVE:CVE-2019-19926
Detection for: /data/zhangxb//binaries/target_clang/sqlite/sqlite-3.30.1-o3-sqlite3
Result for multiSelect:vuln , truth is vuln
------------------------------------------
Detecing CVE:CVE-2019-19926
Detection for: /data/zhangxb//binaries/target_clang/sqlite/sqlite-3.31.0-o3-sqlite3
Result for multiSelect:patch , truth is patch
------------------------------------------
Detecing CVE:CVE-2019-19926
Detection for: /data/zhangxb//binaries/target_clang/sqlite/sqlite-3.31.1-o3-sqlite3
Result for multiSelect:patch , truth is patch
------------------------------------------
Detecing CVE:CVE-2019-19926
Detection for: /data/zhangxb//binaries/target_clang/sqlite/sqlite-3.32.0-o3-sqlite3
Result for multiSelect:patch , truth is patch
------------------------------------------
Detecing CVE:CVE-2019-19959
CVE-2019-19959 has no sigs, skip
------------------------------------------
Detecing CVE:CVE-2019-19959
CVE-2019-19959 has no sigs, skip
------------------------------------------
Detecing CVE:CVE-2019-19959
CVE-2019-19959 has no sigs, skip
------------------------------------------
Detecing CVE:CVE-2019-19959
CVE-2019-19959 has no sigs, skip
------------------------------------------
Detecing CVE:CVE-2019-20218
Detection for: /data/zhangxb//binaries/target_clang/sqlite/sqlite-3.30.1-o3-sqlite3
fail to determine
Result for selectExpander:None , truth is vuln
------------------------------------------
Detecing CVE:CVE-2019-20218
Detection for: /data/zhangxb//binaries/target_clang/sqlite/sqlite-3.31.0-o3-sqlite3
Result for selectExpander:patch , truth is patch
------------------------------------------
Detecing CVE:CVE-2019-20218
Detection for: /data/zhangxb//binaries/target_clang/sqlite/sqlite-3.31.1-o3-sqlite3
Result for selectExpander:patch , truth is patch
------------------------------------------
Detecing CVE:CVE-2019-20218
Detection for: /data/zhangxb//binaries/target_clang/sqlite/sqlite-3.32.0-o3-sqlite3
Result for selectExpander:patch , truth is patch
------------------------------------------
Detecing CVE:CVE-2019-8457
CVE-2019-8457 has no sigs, skip
------------------------------------------
Detecing CVE:CVE-2019-8457
CVE-2019-8457 has no sigs, skip
------------------------------------------
Detecing CVE:CVE-2019-8457
CVE-2019-8457 has no sigs, skip
------------------------------------------
Detecing CVE:CVE-2019-8457
CVE-2019-8457 has no sigs, skip
------------------------------------------
Detecing CVE:CVE-2019-8457
CVE-2019-8457 has no sigs, skip
------------------------------------------
Detecing CVE:CVE-2019-8457
CVE-2019-8457 has no sigs, skip
------------------------------------------
Detecing CVE:CVE-2020-11655
CVE-2020-11655 has no sigs, skip
------------------------------------------
Detecing CVE:CVE-2020-11655
CVE-2020-11655 has no sigs, skip
------------------------------------------
Detecing CVE:CVE-2020-11655
CVE-2020-11655 has no sigs, skip
------------------------------------------
Detecing CVE:CVE-2020-11655
CVE-2020-11655 has no sigs, skip
------------------------------------------
Detecing CVE:CVE-2020-11655
CVE-2020-11655 has no sigs, skip
------------------------------------------
Detecing CVE:CVE-2020-11655
CVE-2020-11655 has no sigs, skip
------------------------------------------
Detecing CVE:CVE-2020-11656
CVE-2020-11656 has no sigs, skip
------------------------------------------
Detecing CVE:CVE-2020-11656
CVE-2020-11656 has no sigs, skip
------------------------------------------
Detecing CVE:CVE-2020-11656
CVE-2020-11656 has no sigs, skip
------------------------------------------
Detecing CVE:CVE-2020-11656
CVE-2020-11656 has no sigs, skip
------------------------------------------
Detecing CVE:CVE-2020-11656
CVE-2020-11656 has no sigs, skip
------------------------------------------
Detecing CVE:CVE-2020-11656
CVE-2020-11656 has no sigs, skip
------------------------------------------
Detecing CVE:CVE-2020-13434
CVE-2020-13434 has no sigs, skip
------------------------------------------
Detecing CVE:CVE-2020-13434
CVE-2020-13434 has no sigs, skip
------------------------------------------
Detecing CVE:CVE-2020-13434
CVE-2020-13434 has no sigs, skip
------------------------------------------
Detecing CVE:CVE-2020-13434
CVE-2020-13434 has no sigs, skip
------------------------------------------
Detecing CVE:CVE-2020-13434
CVE-2020-13434 has no sigs, skip
------------------------------------------
Detecing CVE:CVE-2020-13434
CVE-2020-13434 has no sigs, skip
------------------------------------------
Detecing CVE:CVE-2020-13630
CVE-2020-13630 has no sigs, skip
------------------------------------------
Detecing CVE:CVE-2020-13630
CVE-2020-13630 has no sigs, skip
------------------------------------------
Detecing CVE:CVE-2020-13630
CVE-2020-13630 has no sigs, skip
------------------------------------------
Detecing CVE:CVE-2020-13630
CVE-2020-13630 has no sigs, skip
------------------------------------------
Detecing CVE:CVE-2020-13630
CVE-2020-13630 has no sigs, skip
------------------------------------------
Detecing CVE:CVE-2020-13630
CVE-2020-13630 has no sigs, skip
------------------------------------------
Detecing CVE:CVE-2020-13632
CVE-2020-13632 has no sigs, skip
------------------------------------------
Detecing CVE:CVE-2020-13632
CVE-2020-13632 has no sigs, skip
------------------------------------------
Detecing CVE:CVE-2020-13632
CVE-2020-13632 has no sigs, skip
------------------------------------------
Detecing CVE:CVE-2020-13632
CVE-2020-13632 has no sigs, skip
------------------------------------------
Detecing CVE:CVE-2020-13632
CVE-2020-13632 has no sigs, skip
------------------------------------------
Detecing CVE:CVE-2020-13632
CVE-2020-13632 has no sigs, skip
------------------------------------------
Detecing CVE:CVE-2020-15358
CVE-2020-15358 has no sigs, skip
------------------------------------------
Detecing CVE:CVE-2020-15358
CVE-2020-15358 has no sigs, skip
------------------------------------------
Detecing CVE:CVE-2020-15358
CVE-2020-15358 has no sigs, skip
------------------------------------------
Detecing CVE:CVE-2020-15358
CVE-2020-15358 has no sigs, skip
------------------------------------------
Detecing CVE:CVE-2020-15358
CVE-2020-15358 has no sigs, skip
------------------------------------------
Detecing CVE:CVE-2020-15358
CVE-2020-15358 has no sigs, skip
------------------------------------------
Detecing CVE:CVE-2020-35525
CVE-2020-35525 has no sigs, skip
------------------------------------------
Detecing CVE:CVE-2020-35525
CVE-2020-35525 has no sigs, skip
------------------------------------------
Detecing CVE:CVE-2020-35525
CVE-2020-35525 has no sigs, skip
------------------------------------------
Detecing CVE:CVE-2020-35525
CVE-2020-35525 has no sigs, skip
------------------------------------------
Detecing CVE:CVE-2020-35527
CVE-2020-35527 has no sigs, skip
------------------------------------------
Detecing CVE:CVE-2020-35527
CVE-2020-35527 has no sigs, skip
------------------------------------------
Detecing CVE:CVE-2020-35527
CVE-2020-35527 has no sigs, skip
------------------------------------------
Detecing CVE:CVE-2020-35527
CVE-2020-35527 has no sigs, skip
------------------------------------------
Detecing CVE:CVE-2021-31239
CVE-2021-31239 has no sigs, skip
------------------------------------------
Detecing CVE:CVE-2021-31239
CVE-2021-31239 has no sigs, skip
------------------------------------------
Detecing CVE:CVE-2021-31239
CVE-2021-31239 has no sigs, skip
------------------------------------------
Detecing CVE:CVE-2021-31239
CVE-2021-31239 has no sigs, skip
------------------------------------------
Detecing CVE:CVE-2021-36690
CVE-2021-36690 has no sigs, skip
------------------------------------------
Detecing CVE:CVE-2021-36690
CVE-2021-36690 has no sigs, skip
------------------------------------------
Detecing CVE:CVE-2021-36690
CVE-2021-36690 has no sigs, skip
------------------------------------------
Detecing CVE:CVE-2021-36690
CVE-2021-36690 has no sigs, skip
------------------------------------------
Detecing CVE:CVE-2022-46908
CVE-2022-46908 has no sigs, skip
------------------------------------------
Detecing CVE:CVE-2022-46908
CVE-2022-46908 has no sigs, skip
------------------------------------------
Detecing CVE:CVE-2022-46908
CVE-2022-46908 has no sigs, skip
------------------------------------------
Detecing CVE:CVE-2022-46908
CVE-2022-46908 has no sigs, skip
------------------------------------------
Detecing CVE:CVE-2022-46908
CVE-2022-46908 has no sigs, skip
------------------------------------------
Detecing CVE:CVE-2022-46908
CVE-2022-46908 has no sigs, skip
------------------------------------------
Detecing CVE:CVE-2023-7104
Detection for: /data/zhangxb//binaries/target_clang/sqlite/sqlite-3.43.0-o3-sqlite3
Result for sessionReadRecord:vuln , truth is vuln
------------------------------------------
Detecing CVE:CVE-2023-7104
Detection for: /data/zhangxb//binaries/target_clang/sqlite/sqlite-3.42.0-o3-sqlite3
Result for sessionReadRecord:vuln , truth is vuln
------------------------------------------
Detecing CVE:CVE-2023-7104
Detection for: /data/zhangxb//binaries/target_clang/sqlite/sqlite-3.41.2-o3-sqlite3
Result for sessionReadRecord:vuln , truth is vuln
------------------------------------------
Detecing CVE:CVE-2023-7104
Detection for: /data/zhangxb//binaries/target_clang/sqlite/sqlite-3.43.1-o3-sqlite3
Result for sessionReadRecord:patch , truth is patch
------------------------------------------
Detecing CVE:CVE-2023-7104
Detection for: /data/zhangxb//binaries/target_clang/sqlite/sqlite-3.43.2-o3-sqlite3
Result for sessionReadRecord:patch , truth is patch
------------------------------------------
Detecing CVE:CVE-2023-7104
Detection for: /data/zhangxb//binaries/target_clang/sqlite/sqlite-3.44.0-o3-sqlite3
Result for sessionReadRecord:patch , truth is patch