CVE-2016-6153 has no sigs, skip
CVE-2016-6153 has no sigs, skip
CVE-2016-6153 has no sigs, skip
CVE-2016-6153 has no sigs, skip
CVE-2016-6153 has no sigs, skip
CVE-2016-6153 has no sigs, skip
CVE-2018-20346 has no sigs, skip
CVE-2018-20346 has no sigs, skip
CVE-2018-20346 has no sigs, skip
CVE-2018-20346 has no sigs, skip
CVE-2018-20346 has no sigs, skip
CVE-2018-20346 has no sigs, skip
TestJson(file='sqlite-3.30.1-o3-sqlite3', cve='CVE-2019-19242', commit='', ground_truth='vuln', project='sqlite') is not valid
TestJson(file='sqlite-3.31.0-o3-sqlite3', cve='CVE-2019-19242', commit='', ground_truth='patch', project='sqlite') is not valid
TestJson(file='sqlite-3.31.1-o3-sqlite3', cve='CVE-2019-19242', commit='', ground_truth='patch', project='sqlite') is not valid
TestJson(file='sqlite-3.32.0-o3-sqlite3', cve='CVE-2019-19242', commit='', ground_truth='patch', project='sqlite') is not valid
CVE-2019-19244 sqlite-3.30.1-o3-sqlite3 truth = vuln result = vuln
CVE-2019-19244 sqlite-3.31.0-o3-sqlite3 truth = patch result = vuln
CVE-2019-19244 sqlite-3.31.1-o3-sqlite3 truth = patch result = vuln
CVE-2019-19244 sqlite-3.32.0-o3-sqlite3 truth = patch result = vuln
CVE-2019-19317 sqlite-3.30.1-o3-sqlite3 truth = vuln result = vuln
CVE-2019-19317 sqlite-3.31.0-o3-sqlite3 truth = patch result = patch
CVE-2019-19317 sqlite-3.31.1-o3-sqlite3 truth = patch result = patch
CVE-2019-19317 sqlite-3.32.0-o3-sqlite3 truth = patch result = vuln
CVE-2019-19645 sqlite-3.30.1-o3-sqlite3 truth = vuln result = vuln
CVE-2019-19645 sqlite-3.30.0-o3-sqlite3 truth = vuln result = vuln
CVE-2019-19645 sqlite-3.29.0-o3-sqlite3 truth = vuln result = vuln
CVE-2019-19645 sqlite-3.31.0-o3-sqlite3 truth = patch result = vuln
CVE-2019-19645 sqlite-3.31.1-o3-sqlite3 truth = patch result = vuln
CVE-2019-19645 sqlite-3.32.0-o3-sqlite3 truth = patch result = vuln
TestJson(file='sqlite-3.30.1-o3-sqlite3', cve='CVE-2019-19646', commit='', ground_truth='vuln', project='sqlite') is not valid
TestJson(file='sqlite-3.30.0-o3-sqlite3', cve='CVE-2019-19646', commit='', ground_truth='vuln', project='sqlite') is not valid
TestJson(file='sqlite-3.29.0-o3-sqlite3', cve='CVE-2019-19646', commit='', ground_truth='vuln', project='sqlite') is not valid
CVE-2019-19646 sqlite-3.31.0-o3-sqlite3 truth = patch result = patch
CVE-2019-19646 sqlite-3.31.1-o3-sqlite3 truth = patch result = patch
CVE-2019-19646 sqlite-3.32.0-o3-sqlite3 truth = patch result = patch
CVE-2019-19880 sqlite-3.30.1-o3-sqlite3 truth = vuln result = vuln
CVE-2019-19880 sqlite-3.31.0-o3-sqlite3 truth = patch result = patch
CVE-2019-19880 sqlite-3.31.1-o3-sqlite3 truth = patch result = patch
CVE-2019-19880 sqlite-3.32.0-o3-sqlite3 truth = patch result = patch
CVE-2019-19923 sqlite-3.30.1-o3-sqlite3 truth = vuln result = patch
CVE-2019-19923 sqlite-3.31.0-o3-sqlite3 truth = patch result = vuln
CVE-2019-19923 sqlite-3.31.1-o3-sqlite3 truth = patch result = vuln
CVE-2019-19923 sqlite-3.32.0-o3-sqlite3 truth = patch result = vuln
CVE-2019-19924 sqlite-3.30.1-o3-sqlite3 truth = vuln result = vuln
TestJson(file='sqlite-3.31.0-o3-sqlite3', cve='CVE-2019-19924', commit='', ground_truth='patch', project='sqlite') is not valid
TestJson(file='sqlite-3.31.1-o3-sqlite3', cve='CVE-2019-19924', commit='', ground_truth='patch', project='sqlite') is not valid
TestJson(file='sqlite-3.32.0-o3-sqlite3', cve='CVE-2019-19924', commit='', ground_truth='patch', project='sqlite') is not valid
CVE-2019-19925 has no sigs, skip
CVE-2019-19925 has no sigs, skip
CVE-2019-19925 has no sigs, skip
CVE-2019-19925 has no sigs, skip
CVE-2019-19926 sqlite-3.30.1-o3-sqlite3 truth = vuln result = vuln
CVE-2019-19926 sqlite-3.31.0-o3-sqlite3 truth = patch result = patch
CVE-2019-19926 sqlite-3.31.1-o3-sqlite3 truth = patch result = patch
CVE-2019-19926 sqlite-3.32.0-o3-sqlite3 truth = patch result = patch
CVE-2019-19959 has no sigs, skip
CVE-2019-19959 has no sigs, skip
CVE-2019-19959 has no sigs, skip
CVE-2019-19959 has no sigs, skip
TestJson(file='sqlite-3.30.1-o3-sqlite3', cve='CVE-2019-20218', commit='', ground_truth='vuln', project='sqlite') is not valid
CVE-2019-20218 sqlite-3.31.0-o3-sqlite3 truth = patch result = patch
CVE-2019-20218 sqlite-3.31.1-o3-sqlite3 truth = patch result = patch
CVE-2019-20218 sqlite-3.32.0-o3-sqlite3 truth = patch result = patch
CVE-2019-8457 has no sigs, skip
CVE-2019-8457 has no sigs, skip
CVE-2019-8457 has no sigs, skip
CVE-2019-8457 has no sigs, skip
CVE-2019-8457 has no sigs, skip
CVE-2019-8457 has no sigs, skip
CVE-2020-11655 has no sigs, skip
CVE-2020-11655 has no sigs, skip
CVE-2020-11655 has no sigs, skip
CVE-2020-11655 has no sigs, skip
CVE-2020-11655 has no sigs, skip
CVE-2020-11655 has no sigs, skip
CVE-2020-11656 has no sigs, skip
CVE-2020-11656 has no sigs, skip
CVE-2020-11656 has no sigs, skip
CVE-2020-11656 has no sigs, skip
CVE-2020-11656 has no sigs, skip
CVE-2020-11656 has no sigs, skip
CVE-2020-13434 has no sigs, skip
CVE-2020-13434 has no sigs, skip
CVE-2020-13434 has no sigs, skip
CVE-2020-13434 has no sigs, skip
CVE-2020-13434 has no sigs, skip
CVE-2020-13434 has no sigs, skip
CVE-2020-13630 has no sigs, skip
CVE-2020-13630 has no sigs, skip
CVE-2020-13630 has no sigs, skip
CVE-2020-13630 has no sigs, skip
CVE-2020-13630 has no sigs, skip
CVE-2020-13630 has no sigs, skip
CVE-2020-13632 has no sigs, skip
CVE-2020-13632 has no sigs, skip
CVE-2020-13632 has no sigs, skip
CVE-2020-13632 has no sigs, skip
CVE-2020-13632 has no sigs, skip
CVE-2020-13632 has no sigs, skip
CVE-2020-15358 has no sigs, skip
CVE-2020-15358 has no sigs, skip
CVE-2020-15358 has no sigs, skip
CVE-2020-15358 has no sigs, skip
CVE-2020-15358 has no sigs, skip
CVE-2020-15358 has no sigs, skip
CVE-2020-35525 has no sigs, skip
CVE-2020-35525 has no sigs, skip
CVE-2020-35525 has no sigs, skip
CVE-2020-35525 has no sigs, skip
CVE-2020-35527 has no sigs, skip
CVE-2020-35527 has no sigs, skip
CVE-2020-35527 has no sigs, skip
CVE-2020-35527 has no sigs, skip
CVE-2021-31239 has no sigs, skip
CVE-2021-31239 has no sigs, skip
CVE-2021-31239 has no sigs, skip
CVE-2021-31239 has no sigs, skip
CVE-2021-36690 has no sigs, skip
CVE-2021-36690 has no sigs, skip
CVE-2021-36690 has no sigs, skip
CVE-2021-36690 has no sigs, skip
CVE-2022-46908 has no sigs, skip
CVE-2022-46908 has no sigs, skip
CVE-2022-46908 has no sigs, skip
CVE-2022-46908 has no sigs, skip
CVE-2022-46908 has no sigs, skip
CVE-2022-46908 has no sigs, skip
CVE-2023-7104 sqlite-3.43.0-o3-sqlite3 truth = vuln result = vuln
CVE-2023-7104 sqlite-3.42.0-o3-sqlite3 truth = vuln result = vuln
CVE-2023-7104 sqlite-3.41.2-o3-sqlite3 truth = vuln result = vuln
CVE-2023-7104 sqlite-3.43.1-o3-sqlite3 truth = patch result = patch
CVE-2023-7104 sqlite-3.43.2-o3-sqlite3 truth = patch result = patch
CVE-2023-7104 sqlite-3.44.0-o3-sqlite3 truth = patch result = patch