CVE ID: CVE-2017-2629
Target Binary: /binaries/target/curl/curl-7.52.1-o0-curl
Vulnerable Function Name: allocate_conn
Overall Score is: 0.013
--------------------------------------------
CVE ID: CVE-2017-2629
Target Binary: /binaries/target/curl/curl-7.52.0-o0-curl
Vulnerable Function Name: allocate_conn
Overall Score is: 0.013
--------------------------------------------
CVE ID: CVE-2017-2629
Target Binary: /binaries/target/curl/curl-7.51.0-o0-curl
Vulnerable Function Name: allocate_conn
Overall Score is: 0.123
--------------------------------------------
CVE ID: CVE-2017-2629
Target Binary: /binaries/target/curl/curl-7.53.0-o0-curl
Vulnerable Function Name: allocate_conn
Overall Score is: 0.551
--------------------------------------------
CVE ID: CVE-2017-2629
Target Binary: /binaries/target/curl/curl-7.53.1-o0-curl
Vulnerable Function Name: allocate_conn
Overall Score is: 0.455
--------------------------------------------
CVE ID: CVE-2017-2629
Target Binary: /binaries/target/curl/curl-7.54.0-o0-curl
Vulnerable Function Name: allocate_conn
Overall Score is: 0.236
--------------------------------------------
CVE ID: CVE-2013-1944
Target Binary: /binaries/target/curl/curl-7.29.0-o0-curl
Vulnerable Function Name: tailmatch
Overall Score is: -0.102
--------------------------------------------
CVE ID: CVE-2013-1944
Target Binary: /binaries/target/curl/curl-7.30.0-o0-curl
Vulnerable Function Name: tailmatch
Overall Score is: 0.588
--------------------------------------------
CVE ID: CVE-2013-1944
Target Binary: /binaries/target/curl/curl-7.31.0-o0-curl
Vulnerable Function Name: tailmatch
Overall Score is: 0.588
--------------------------------------------
CVE ID: CVE-2013-1944
Target Binary: /binaries/target/curl/curl-7.32.0-o0-curl
Vulnerable Function Name: tailmatch
Overall Score is: 0.588
--------------------------------------------
CVE ID: CVE-2018-1000301
Target Binary: /binaries/target/curl/curl-7.59.0-o0-curl
Vulnerable Function Name: Curl_http_readwrite_headers
Overall Score is: -0.639
--------------------------------------------
CVE ID: CVE-2018-1000301
Target Binary: /binaries/target/curl/curl-7.58.0-o0-curl
Vulnerable Function Name: Curl_http_readwrite_headers
Overall Score is: -0.633
--------------------------------------------
CVE ID: CVE-2018-1000301
Target Binary: /binaries/target/curl/curl-7.57.0-o0-curl
Vulnerable Function Name: Curl_http_readwrite_headers
Overall Score is: -0.632
--------------------------------------------
CVE ID: CVE-2018-1000301
Target Binary: /binaries/target/curl/curl-7.60.0-o0-curl
Vulnerable Function Name: Curl_http_readwrite_headers
Overall Score is: 0.842
--------------------------------------------
CVE ID: CVE-2018-1000301
Target Binary: /binaries/target/curl/curl-7.61.0-o0-curl
Vulnerable Function Name: Curl_http_readwrite_headers
Overall Score is: 0.857
--------------------------------------------
CVE ID: CVE-2018-1000301
Target Binary: /binaries/target/curl/curl-7.61.1-o0-curl
Vulnerable Function Name: Curl_http_readwrite_headers
Overall Score is: 0.608
--------------------------------------------
CVE ID: CVE-2017-9502
Target Binary: /binaries/target/curl/curl-7.54.0-o0-curl
Vulnerable Function Name: parseurlandfillconn
Overall Score is: -0.102
--------------------------------------------
CVE ID: CVE-2017-9502
Target Binary: /binaries/target/curl/curl-7.53.1-o0-curl
Vulnerable Function Name: parseurlandfillconn
Overall Score is: -0.102
--------------------------------------------
CVE ID: CVE-2017-9502
Target Binary: /binaries/target/curl/curl-7.53.0-o0-curl
Vulnerable Function Name: parseurlandfillconn
Overall Score is: -0.102
--------------------------------------------
CVE ID: CVE-2017-9502
Target Binary: /binaries/target/curl/curl-7.54.1-o0-curl
Vulnerable Function Name: parseurlandfillconn
Overall Score is: 0.549
--------------------------------------------
CVE ID: CVE-2017-9502
Target Binary: /binaries/target/curl/curl-7.55.0-o0-curl
Vulnerable Function Name: parseurlandfillconn
Overall Score is: 0.551
--------------------------------------------
CVE ID: CVE-2017-9502
Target Binary: /binaries/target/curl/curl-7.55.1-o0-curl
Vulnerable Function Name: parseurlandfillconn
Overall Score is: 0.551
--------------------------------------------
CVE ID: CVE-2018-16839
Target Binary: /binaries/target/curl/curl-7.61.1-o0-curl
Vulnerable Function Name: Curl_auth_create_plain_message
Overall Score is: 0.231
--------------------------------------------
CVE ID: CVE-2018-16839
Target Binary: /binaries/target/curl/curl-7.61.0-o0-curl
Vulnerable Function Name: Curl_auth_create_plain_message
Overall Score is: 0.231
--------------------------------------------
CVE ID: CVE-2018-16839
Target Binary: /binaries/target/curl/curl-7.60.0-o0-curl
Vulnerable Function Name: Curl_auth_create_plain_message
Overall Score is: 0.231
--------------------------------------------
CVE ID: CVE-2018-16839
Target Binary: /binaries/target/curl/curl-7.62.0-o0-curl
Vulnerable Function Name: Curl_auth_create_plain_message
Overall Score is: 0.235
--------------------------------------------
CVE ID: CVE-2018-16839
Target Binary: /binaries/target/curl/curl-7.63.0-o0-curl
Vulnerable Function Name: Curl_auth_create_plain_message
Overall Score is: 0.235
--------------------------------------------
CVE ID: CVE-2018-16839
Target Binary: /binaries/target/curl/curl-7.64.0-o0-curl
Vulnerable Function Name: Curl_auth_create_plain_message
Overall Score is: 0.235
--------------------------------------------
CVE ID: CVE-2023-46219
Target Binary: /binaries/target/curl/curl-8.4.0-o0-curl
Vulnerable Function Name: Curl_fopen
Overall Score is: -0.843
--------------------------------------------
CVE ID: CVE-2023-46219
Target Binary: /binaries/target/curl/curl-8.2.1-o0-curl
Vulnerable Function Name: Curl_fopen
Overall Score is: -0.843
--------------------------------------------
CVE ID: CVE-2023-46219
Target Binary: /binaries/target/curl/curl-8.2.0-o0-curl
Vulnerable Function Name: Curl_fopen
Overall Score is: -0.843
--------------------------------------------
CVE ID: CVE-2023-46219
Target Binary: /binaries/target/curl/curl-8.5.0-o0-curl
Vulnerable Function Name: Curl_fopen
Overall Score is: -0.486
--------------------------------------------
CVE ID: CVE-2023-46219
Target Binary: /binaries/target/curl/curl-8.6.0-o0-curl
Vulnerable Function Name: Curl_fopen
Overall Score is: -0.486
--------------------------------------------
CVE ID: CVE-2023-46219
Target Binary: /binaries/target/curl/curl-8.7.1-o0-curl
Vulnerable Function Name: Curl_fopen
Overall Score is: -0.486
--------------------------------------------
CVE ID: CVE-2016-8621
Target Binary: /binaries/target/curl/curl-7.50.3-o0-curl
Vulnerable Function Name: parsedate
Overall Score is: -0.116
--------------------------------------------
CVE ID: CVE-2016-8621
Target Binary: /binaries/target/curl/curl-7.50.2-o0-curl
Vulnerable Function Name: parsedate
Overall Score is: -0.116
--------------------------------------------
CVE ID: CVE-2016-8621
Target Binary: /binaries/target/curl/curl-7.50.1-o0-curl
Vulnerable Function Name: parsedate
Overall Score is: -0.116
--------------------------------------------
CVE ID: CVE-2016-8621
Target Binary: /binaries/target/curl/curl-7.51.0-o0-curl
Vulnerable Function Name: parsedate
Overall Score is: 0.531
--------------------------------------------
CVE ID: CVE-2016-8621
Target Binary: /binaries/target/curl/curl-7.52.0-o0-curl
Vulnerable Function Name: parsedate
Overall Score is: 0.531
--------------------------------------------
CVE ID: CVE-2016-8621
Target Binary: /binaries/target/curl/curl-7.52.1-o0-curl
Vulnerable Function Name: parsedate
Overall Score is: 0.531
--------------------------------------------
CVE ID: CVE-2018-0500
Target Binary: /binaries/target/curl/curl-7.60.0-o0-curl
Vulnerable Function Name: Curl_smtp_escape_eob
Overall Score is: -0.163
--------------------------------------------
CVE ID: CVE-2018-0500
Target Binary: /binaries/target/curl/curl-7.59.0-o0-curl
Vulnerable Function Name: Curl_smtp_escape_eob
Overall Score is: -0.163
--------------------------------------------
CVE ID: CVE-2018-0500
Target Binary: /binaries/target/curl/curl-7.58.0-o0-curl
Vulnerable Function Name: Curl_smtp_escape_eob
Overall Score is: -0.163
--------------------------------------------
CVE ID: CVE-2018-0500
Target Binary: /binaries/target/curl/curl-7.61.0-o0-curl
Vulnerable Function Name: Curl_smtp_escape_eob
Overall Score is: 0.542
--------------------------------------------
CVE ID: CVE-2018-0500
Target Binary: /binaries/target/curl/curl-7.61.1-o0-curl
Vulnerable Function Name: Curl_smtp_escape_eob
Overall Score is: 0.542
--------------------------------------------
CVE ID: CVE-2018-0500
Target Binary: /binaries/target/curl/curl-7.62.0-o0-curl
Vulnerable Function Name: Curl_smtp_escape_eob
Overall Score is: -0.163
--------------------------------------------
CVE ID: CVE-2014-0015
Target Binary: /binaries/target/curl/curl-7.34.0-o0-curl
Vulnerable Function Name: ConnectionExists
Overall Score is: 0.183
--------------------------------------------
CVE ID: CVE-2014-0015
Target Binary: /binaries/target/curl/curl-7.33.0-o0-curl
Vulnerable Function Name: ConnectionExists
Overall Score is: 0.183
--------------------------------------------
CVE ID: CVE-2014-0015
Target Binary: /binaries/target/curl/curl-7.32.0-o0-curl
Vulnerable Function Name: ConnectionExists
Overall Score is: 0.183
--------------------------------------------
CVE ID: CVE-2014-0015
Target Binary: /binaries/target/curl/curl-7.35.0-o0-curl
Vulnerable Function Name: ConnectionExists
Overall Score is: 0.282
--------------------------------------------
CVE ID: CVE-2014-0015
Target Binary: /binaries/target/curl/curl-7.36.0-o0-curl
Vulnerable Function Name: ConnectionExists
Overall Score is: 0.282
--------------------------------------------
CVE ID: CVE-2014-0015
Target Binary: /binaries/target/curl/curl-7.37.0-o0-curl
Vulnerable Function Name: ConnectionExists
Overall Score is: 0.282
--------------------------------------------
CVE ID: CVE-2017-8817
Target Binary: /binaries/target/curl/curl-7.56.1-o0-curl
Vulnerable Function Name: setcharset
Overall Score is: -0.859
--------------------------------------------
CVE ID: CVE-2017-8817
Target Binary: /binaries/target/curl/curl-7.56.0-o0-curl
Vulnerable Function Name: setcharset
Overall Score is: -0.859
--------------------------------------------
CVE ID: CVE-2017-8817
Target Binary: /binaries/target/curl/curl-7.55.1-o0-curl
Vulnerable Function Name: setcharset
Overall Score is: -0.859
--------------------------------------------
CVE ID: CVE-2017-8817
Target Binary: /binaries/target/curl/curl-7.57.0-o0-curl
Vulnerable Function Name: setcharset
Overall Score is: 0.825
--------------------------------------------
CVE ID: CVE-2017-8817
Target Binary: /binaries/target/curl/curl-7.58.0-o0-curl
Vulnerable Function Name: setcharset
Overall Score is: 0.825
--------------------------------------------
CVE ID: CVE-2017-8817
Target Binary: /binaries/target/curl/curl-7.59.0-o0-curl
Vulnerable Function Name: setcharset
Overall Score is: -0.058
--------------------------------------------
CVE ID: CVE-2019-5482
Target Binary: /binaries/target/curl/curl-7.65.3-o0-curl
Vulnerable Function Name: tftp_connect
Overall Score is: -0.707
--------------------------------------------
CVE ID: CVE-2019-5482
Target Binary: /binaries/target/curl/curl-7.65.2-o0-curl
Vulnerable Function Name: tftp_connect
Overall Score is: -0.707
--------------------------------------------
CVE ID: CVE-2019-5482
Target Binary: /binaries/target/curl/curl-7.65.1-o0-curl
Vulnerable Function Name: tftp_connect
Overall Score is: -0.716
--------------------------------------------
CVE ID: CVE-2019-5482
Target Binary: /binaries/target/curl/curl-7.66.0-o0-curl
Vulnerable Function Name: tftp_connect
Overall Score is: 0.728
--------------------------------------------
CVE ID: CVE-2019-5482
Target Binary: /binaries/target/curl/curl-7.67.0-o0-curl
Vulnerable Function Name: tftp_connect
Overall Score is: 0.750
--------------------------------------------
CVE ID: CVE-2019-5482
Target Binary: /binaries/target/curl/curl-7.68.0-o0-curl
Vulnerable Function Name: tftp_connect
Overall Score is: 0.750
--------------------------------------------
CVE ID: CVE-2016-8624
Target Binary: /binaries/target/curl/curl-7.50.3-o0-curl
Vulnerable Function Name: parseurlandfillconn
Overall Score is: 0.224
--------------------------------------------
CVE ID: CVE-2016-8624
Target Binary: /binaries/target/curl/curl-7.50.2-o0-curl
Vulnerable Function Name: parseurlandfillconn
Overall Score is: 0.224
--------------------------------------------
CVE ID: CVE-2016-8624
Target Binary: /binaries/target/curl/curl-7.50.1-o0-curl
Vulnerable Function Name: parseurlandfillconn
Overall Score is: 0.224
--------------------------------------------
CVE ID: CVE-2016-8624
Target Binary: /binaries/target/curl/curl-7.51.0-o0-curl
Vulnerable Function Name: parseurlandfillconn
Overall Score is: 0.242
--------------------------------------------
CVE ID: CVE-2016-8624
Target Binary: /binaries/target/curl/curl-7.52.0-o0-curl
Vulnerable Function Name: parseurlandfillconn
Overall Score is: 0.233
--------------------------------------------
CVE ID: CVE-2016-8624
Target Binary: /binaries/target/curl/curl-7.52.1-o0-curl
Vulnerable Function Name: parseurlandfillconn
Overall Score is: 0.233
--------------------------------------------
CVE ID: CVE-2016-8618
Target Binary: /binaries/target/curl/curl-7.50.3-o0-curl
Vulnerable Function Name: alloc_addbyter
Overall Score is: 0.186
--------------------------------------------
CVE ID: CVE-2016-8618
Target Binary: /binaries/target/curl/curl-7.50.2-o0-curl
Vulnerable Function Name: alloc_addbyter
Overall Score is: 0.186
--------------------------------------------
CVE ID: CVE-2016-8618
Target Binary: /binaries/target/curl/curl-7.50.1-o0-curl
Vulnerable Function Name: alloc_addbyter
Overall Score is: 0.186
--------------------------------------------
CVE ID: CVE-2016-8618
Target Binary: /binaries/target/curl/curl-7.51.0-o0-curl
Vulnerable Function Name: alloc_addbyter
Overall Score is: 0.277
--------------------------------------------
CVE ID: CVE-2016-8618
Target Binary: /binaries/target/curl/curl-7.52.0-o0-curl
Vulnerable Function Name: alloc_addbyter
Overall Score is: 0.279
--------------------------------------------
CVE ID: CVE-2016-8618
Target Binary: /binaries/target/curl/curl-7.52.1-o0-curl
Vulnerable Function Name: alloc_addbyter
Overall Score is: 0.279
--------------------------------------------
CVE ID: CVE-2016-9594
Target Binary: /binaries/target/curl/curl-7.52.0-o0-curl
Vulnerable Function Name: randit
Overall Score is: 0.066
--------------------------------------------
CVE ID: CVE-2016-9594
Target Binary: /binaries/target/curl/curl-7.52.1-o0-curl
Vulnerable Function Name: randit
Overall Score is: 0.456
--------------------------------------------
CVE ID: CVE-2016-9594
Target Binary: /binaries/target/curl/curl-7.53.0-o0-curl
Vulnerable Function Name: randit
Overall Score is: 0.456
--------------------------------------------
CVE ID: CVE-2016-9594
Target Binary: /binaries/target/curl/curl-7.53.1-o0-curl
Vulnerable Function Name: randit
Overall Score is: 0.456
--------------------------------------------
CVE ID: CVE-2020-8284
Target Binary: /binaries/target/curl/curl-7.73.0-o0-curl
Vulnerable Function Name: Curl_init_userdefined
Overall Score is: 0.020
--------------------------------------------
CVE ID: CVE-2020-8284
Target Binary: /binaries/target/curl/curl-7.72.0-o0-curl
Vulnerable Function Name: Curl_init_userdefined
Overall Score is: 0.344
--------------------------------------------
CVE ID: CVE-2020-8284
Target Binary: /binaries/target/curl/curl-7.71.1-o0-curl
Vulnerable Function Name: Curl_init_userdefined
Overall Score is: 0.344
--------------------------------------------
CVE ID: CVE-2020-8284
Target Binary: /binaries/target/curl/curl-7.74.0-o0-curl
Vulnerable Function Name: Curl_init_userdefined
Overall Score is: 0.432
--------------------------------------------
CVE ID: CVE-2020-8284
Target Binary: /binaries/target/curl/curl-7.75.0-o0-curl
Vulnerable Function Name: Curl_init_userdefined
Overall Score is: 0.425
--------------------------------------------
CVE ID: CVE-2020-8284
Target Binary: /binaries/target/curl/curl-7.76.0-o0-curl
Vulnerable Function Name: Curl_init_userdefined
Overall Score is: 0.331
--------------------------------------------
CVE ID: CVE-2020-8177
Target Binary: /binaries/target/curl/curl-7.70.0-o0-curl
Vulnerable Function Name: getparameter
Overall Score is: 0.233
--------------------------------------------
CVE ID: CVE-2020-8177
Target Binary: /binaries/target/curl/curl-7.69.1-o0-curl
Vulnerable Function Name: getparameter
Overall Score is: 0.233
--------------------------------------------
CVE ID: CVE-2020-8177
Target Binary: /binaries/target/curl/curl-7.69.0-o0-curl
Vulnerable Function Name: getparameter
Overall Score is: 0.233
--------------------------------------------
CVE ID: CVE-2020-8177
Target Binary: /binaries/target/curl/curl-7.71.0-o0-curl
Vulnerable Function Name: getparameter
Overall Score is: 0.279
--------------------------------------------
CVE ID: CVE-2020-8177
Target Binary: /binaries/target/curl/curl-7.71.1-o0-curl
Vulnerable Function Name: getparameter
Overall Score is: 0.279
--------------------------------------------
CVE ID: CVE-2020-8177
Target Binary: /binaries/target/curl/curl-7.72.0-o0-curl
Vulnerable Function Name: getparameter
Overall Score is: 0.233
--------------------------------------------
CVE ID: CVE-2017-8818
Target Binary: /binaries/target/curl/curl-7.56.1-o0-curl
Vulnerable Function Name: allocate_conn
Overall Score is: -0.609
--------------------------------------------
CVE ID: CVE-2017-8818
Target Binary: /binaries/target/curl/curl-7.56.0-o0-curl
Vulnerable Function Name: allocate_conn
Overall Score is: -0.609
--------------------------------------------
CVE ID: CVE-2017-8818
Target Binary: /binaries/target/curl/curl-7.57.0-o0-curl
Vulnerable Function Name: allocate_conn
Overall Score is: 0.831
--------------------------------------------
CVE ID: CVE-2017-8818
Target Binary: /binaries/target/curl/curl-7.58.0-o0-curl
Vulnerable Function Name: allocate_conn
Overall Score is: 0.155
--------------------------------------------
CVE ID: CVE-2017-8818
Target Binary: /binaries/target/curl/curl-7.59.0-o0-curl
Vulnerable Function Name: allocate_conn
Overall Score is: 0.155
--------------------------------------------
CVE ID: CVE-2017-8816
Target Binary: /binaries/target/curl/curl-7.56.1-o0-curl
Vulnerable Function Name: Curl_ntlm_core_mk_ntlmv2_hash
Overall Score is: -0.881
--------------------------------------------
CVE ID: CVE-2017-8816
Target Binary: /binaries/target/curl/curl-7.56.0-o0-curl
Vulnerable Function Name: Curl_ntlm_core_mk_ntlmv2_hash
Overall Score is: -0.881
--------------------------------------------
CVE ID: CVE-2017-8816
Target Binary: /binaries/target/curl/curl-7.55.1-o0-curl
Vulnerable Function Name: Curl_ntlm_core_mk_ntlmv2_hash
Overall Score is: -0.881
--------------------------------------------
CVE ID: CVE-2017-8816
Target Binary: /binaries/target/curl/curl-7.57.0-o0-curl
Vulnerable Function Name: Curl_ntlm_core_mk_ntlmv2_hash
Overall Score is: 0.863
--------------------------------------------
CVE ID: CVE-2017-8816
Target Binary: /binaries/target/curl/curl-7.58.0-o0-curl
Vulnerable Function Name: Curl_ntlm_core_mk_ntlmv2_hash
Overall Score is: 0.863
--------------------------------------------
CVE ID: CVE-2017-8816
Target Binary: /binaries/target/curl/curl-7.59.0-o0-curl
Vulnerable Function Name: Curl_ntlm_core_mk_ntlmv2_hash
Overall Score is: 0.863
--------------------------------------------
CVE ID: CVE-2016-8625
Target Binary: /binaries/target/curl/curl-7.50.3-o0-curl
Vulnerable Function Name: curl_version
Overall Score is: -0.877
--------------------------------------------
CVE ID: CVE-2016-8625
Target Binary: /binaries/target/curl/curl-7.50.2-o0-curl
Vulnerable Function Name: curl_version
Overall Score is: -0.877
--------------------------------------------
CVE ID: CVE-2016-8625
Target Binary: /binaries/target/curl/curl-7.50.1-o0-curl
Vulnerable Function Name: curl_version
Overall Score is: -0.877
--------------------------------------------
CVE ID: CVE-2016-8625
Target Binary: /binaries/target/curl/curl-7.51.0-o0-curl
Vulnerable Function Name: curl_version
Overall Score is: 0.817
--------------------------------------------
CVE ID: CVE-2016-8625
Target Binary: /binaries/target/curl/curl-7.52.0-o0-curl
Vulnerable Function Name: curl_version
Overall Score is: 0.750
--------------------------------------------
CVE ID: CVE-2016-8625
Target Binary: /binaries/target/curl/curl-7.52.1-o0-curl
Vulnerable Function Name: curl_version
Overall Score is: 0.750
--------------------------------------------
CVE ID: CVE-2016-8625
Target Binary: /binaries/target/curl/curl-7.50.3-o0-curl
Vulnerable Function Name: curl_version_info
Overall Score is: -0.293
--------------------------------------------
CVE ID: CVE-2016-8625
Target Binary: /binaries/target/curl/curl-7.50.2-o0-curl
Vulnerable Function Name: curl_version_info
Overall Score is: -0.293
--------------------------------------------
CVE ID: CVE-2016-8625
Target Binary: /binaries/target/curl/curl-7.50.1-o0-curl
Vulnerable Function Name: curl_version_info
Overall Score is: -0.293
--------------------------------------------
CVE ID: CVE-2016-8625
Target Binary: /binaries/target/curl/curl-7.51.0-o0-curl
Vulnerable Function Name: curl_version_info
Overall Score is: 0.840
--------------------------------------------
CVE ID: CVE-2016-8625
Target Binary: /binaries/target/curl/curl-7.52.0-o0-curl
Vulnerable Function Name: curl_version_info
Overall Score is: 0.739
--------------------------------------------
CVE ID: CVE-2016-8625
Target Binary: /binaries/target/curl/curl-7.52.1-o0-curl
Vulnerable Function Name: curl_version_info
Overall Score is: 0.739
--------------------------------------------
CVE ID: CVE-2016-8625
Target Binary: /binaries/target/curl/curl-7.50.3-o0-curl
Vulnerable Function Name: fix_hostname
Overall Score is: -0.886
--------------------------------------------
CVE ID: CVE-2016-8625
Target Binary: /binaries/target/curl/curl-7.50.2-o0-curl
Vulnerable Function Name: fix_hostname
Overall Score is: -0.886
--------------------------------------------
CVE ID: CVE-2016-8625
Target Binary: /binaries/target/curl/curl-7.50.1-o0-curl
Vulnerable Function Name: fix_hostname
Overall Score is: -0.886
--------------------------------------------
CVE ID: CVE-2016-8625
Target Binary: /binaries/target/curl/curl-7.51.0-o0-curl
Vulnerable Function Name: fix_hostname
Overall Score is: 0.959
--------------------------------------------
CVE ID: CVE-2016-8625
Target Binary: /binaries/target/curl/curl-7.52.0-o0-curl
Vulnerable Function Name: fix_hostname
Overall Score is: 0.959
--------------------------------------------
CVE ID: CVE-2016-8625
Target Binary: /binaries/target/curl/curl-7.52.1-o0-curl
Vulnerable Function Name: fix_hostname
Overall Score is: 0.959
--------------------------------------------