============================================
Patch Detection Log
Time: 2025-08-17 15:22:31
============================================
2025-08-17 15:22:31,058 - INFO - detecting CVE-2017-12896 isakmp_rfc3948_print
2025-08-17 15:22:31,058 - INFO - cmd: python main.py --detect --cve_id CVE-2017-12896 --target_bin /binaries/target/tcpdump/tcpdump-4.9.1-o0-tcpdump --vul_func_name isakmp_rfc3948_print
2025-08-17 15:22:36,430 - INFO - success CVE-2017-12896,details in cve_test/CVE-2017-12896.log

2025-08-17 15:22:36,431 - INFO - detecting CVE-2017-12896 isakmp_rfc3948_print
2025-08-17 15:22:36,431 - INFO - cmd: python main.py --detect --cve_id CVE-2017-12896 --target_bin /binaries/target/tcpdump/tcpdump-4.9.0-o0-tcpdump --vul_func_name isakmp_rfc3948_print
2025-08-17 15:22:41,693 - INFO - success CVE-2017-12896,details in cve_test/CVE-2017-12896.log

2025-08-17 15:22:41,694 - INFO - detecting CVE-2017-12896 isakmp_rfc3948_print
2025-08-17 15:22:41,694 - INFO - cmd: python main.py --detect --cve_id CVE-2017-12896 --target_bin /binaries/target/tcpdump/tcpdump-4.8.1-o0-tcpdump --vul_func_name isakmp_rfc3948_print
2025-08-17 15:22:46,994 - INFO - success CVE-2017-12896,details in cve_test/CVE-2017-12896.log

2025-08-17 15:22:46,995 - INFO - detecting CVE-2017-12896 isakmp_rfc3948_print
2025-08-17 15:22:46,995 - INFO - cmd: python main.py --detect --cve_id CVE-2017-12896 --target_bin /binaries/target/tcpdump/tcpdump-4.9.3-o0-tcpdump --vul_func_name isakmp_rfc3948_print
2025-08-17 15:22:52,794 - INFO - success CVE-2017-12896,details in cve_test/CVE-2017-12896.log

2025-08-17 15:22:52,795 - INFO - detecting CVE-2017-12896 isakmp_rfc3948_print
2025-08-17 15:22:52,796 - INFO - cmd: python main.py --detect --cve_id CVE-2017-12896 --target_bin /binaries/target/tcpdump/tcpdump-4.99.0-bp-o0-tcpdump --vul_func_name isakmp_rfc3948_print
2025-08-17 15:22:57,728 - INFO - success CVE-2017-12896,details in cve_test/CVE-2017-12896.log

2025-08-17 15:22:57,729 - INFO - detecting CVE-2017-12896 isakmp_rfc3948_print
2025-08-17 15:22:57,729 - INFO - cmd: python main.py --detect --cve_id CVE-2017-12896 --target_bin /binaries/target/tcpdump/tcpdump-4.99-bp-o0-tcpdump --vul_func_name isakmp_rfc3948_print
2025-08-17 15:23:03,843 - INFO - success CVE-2017-12896,details in cve_test/CVE-2017-12896.log

2025-08-17 15:23:03,844 - INFO - detecting CVE-2017-12992 ripng_print
2025-08-17 15:23:03,845 - INFO - cmd: python main.py --detect --cve_id CVE-2017-12992 --target_bin /binaries/target/tcpdump/tcpdump-4.9.1-o0-tcpdump --vul_func_name ripng_print
2025-08-17 15:23:09,055 - INFO - success CVE-2017-12992,details in cve_test/CVE-2017-12992.log

2025-08-17 15:23:09,056 - INFO - detecting CVE-2017-12992 ripng_print
2025-08-17 15:23:09,057 - INFO - cmd: python main.py --detect --cve_id CVE-2017-12992 --target_bin /binaries/target/tcpdump/tcpdump-4.9.0-o0-tcpdump --vul_func_name ripng_print
2025-08-17 15:23:14,152 - INFO - success CVE-2017-12992,details in cve_test/CVE-2017-12992.log

2025-08-17 15:23:14,153 - INFO - detecting CVE-2017-12992 ripng_print
2025-08-17 15:23:14,154 - INFO - cmd: python main.py --detect --cve_id CVE-2017-12992 --target_bin /binaries/target/tcpdump/tcpdump-4.8.1-o0-tcpdump --vul_func_name ripng_print
2025-08-17 15:23:19,196 - INFO - success CVE-2017-12992,details in cve_test/CVE-2017-12992.log

2025-08-17 15:23:19,197 - INFO - detecting CVE-2017-12992 ripng_print
2025-08-17 15:23:19,198 - INFO - cmd: python main.py --detect --cve_id CVE-2017-12992 --target_bin /binaries/target/tcpdump/tcpdump-4.9.3-o0-tcpdump --vul_func_name ripng_print
2025-08-17 15:23:24,754 - INFO - success CVE-2017-12992,details in cve_test/CVE-2017-12992.log

2025-08-17 15:23:24,755 - INFO - detecting CVE-2017-12992 ripng_print
2025-08-17 15:23:24,756 - INFO - cmd: python main.py --detect --cve_id CVE-2017-12992 --target_bin /binaries/target/tcpdump/tcpdump-4.99.0-bp-o0-tcpdump --vul_func_name ripng_print
2025-08-17 15:23:29,943 - INFO - success CVE-2017-12992,details in cve_test/CVE-2017-12992.log

2025-08-17 15:23:29,944 - INFO - detecting CVE-2017-12992 ripng_print
2025-08-17 15:23:29,945 - INFO - cmd: python main.py --detect --cve_id CVE-2017-12992 --target_bin /binaries/target/tcpdump/tcpdump-4.99-bp-o0-tcpdump --vul_func_name ripng_print
2025-08-17 15:23:35,491 - INFO - success CVE-2017-12992,details in cve_test/CVE-2017-12992.log

2025-08-17 15:23:35,492 - INFO - detecting CVE-2017-12993 juniper_atm1_print
2025-08-17 15:23:35,493 - INFO - cmd: python main.py --detect --cve_id CVE-2017-12993 --target_bin /binaries/target/tcpdump/tcpdump-4.9.1-o0-tcpdump --vul_func_name juniper_atm1_print
2025-08-17 15:23:42,149 - INFO - success CVE-2017-12993,details in cve_test/CVE-2017-12993.log

2025-08-17 15:23:42,150 - INFO - detecting CVE-2017-12993 juniper_atm1_print
2025-08-17 15:23:42,150 - INFO - cmd: python main.py --detect --cve_id CVE-2017-12993 --target_bin /binaries/target/tcpdump/tcpdump-4.9.0-o0-tcpdump --vul_func_name juniper_atm1_print
2025-08-17 15:23:49,010 - INFO - success CVE-2017-12993,details in cve_test/CVE-2017-12993.log

2025-08-17 15:23:49,011 - INFO - detecting CVE-2017-12993 juniper_atm1_print
2025-08-17 15:23:49,012 - INFO - cmd: python main.py --detect --cve_id CVE-2017-12993 --target_bin /binaries/target/tcpdump/tcpdump-4.8.1-o0-tcpdump --vul_func_name juniper_atm1_print
2025-08-17 15:23:55,538 - INFO - success CVE-2017-12993,details in cve_test/CVE-2017-12993.log

2025-08-17 15:23:55,539 - INFO - detecting CVE-2017-12993 juniper_atm1_print
2025-08-17 15:23:55,540 - INFO - cmd: python main.py --detect --cve_id CVE-2017-12993 --target_bin /binaries/target/tcpdump/tcpdump-4.9.3-o0-tcpdump --vul_func_name juniper_atm1_print
2025-08-17 15:24:01,515 - INFO - success CVE-2017-12993,details in cve_test/CVE-2017-12993.log

2025-08-17 15:24:01,516 - INFO - detecting CVE-2017-12993 juniper_atm1_print
2025-08-17 15:24:01,517 - INFO - cmd: python main.py --detect --cve_id CVE-2017-12993 --target_bin /binaries/target/tcpdump/tcpdump-4.99.0-bp-o0-tcpdump --vul_func_name juniper_atm1_print
2025-08-17 15:24:05,956 - ERROR - fail CVE-2017-12993 ,details1

2025-08-17 15:24:05,957 - INFO - detecting CVE-2017-12993 juniper_atm1_print
2025-08-17 15:24:05,958 - INFO - cmd: python main.py --detect --cve_id CVE-2017-12993 --target_bin /binaries/target/tcpdump/tcpdump-4.99-bp-o0-tcpdump --vul_func_name juniper_atm1_print
2025-08-17 15:24:09,734 - ERROR - fail CVE-2017-12993 ,details1

2025-08-17 15:24:09,735 - INFO - detecting CVE-2017-12995 ns_nprint
2025-08-17 15:24:09,735 - INFO - cmd: python main.py --detect --cve_id CVE-2017-12995 --target_bin /binaries/target/tcpdump/tcpdump-4.9.1-o0-tcpdump --vul_func_name ns_nprint
2025-08-17 15:24:15,149 - INFO - success CVE-2017-12995,details in cve_test/CVE-2017-12995.log

2025-08-17 15:24:15,150 - INFO - detecting CVE-2017-12995 ns_nprint
2025-08-17 15:24:15,150 - INFO - cmd: python main.py --detect --cve_id CVE-2017-12995 --target_bin /binaries/target/tcpdump/tcpdump-4.9.0-o0-tcpdump --vul_func_name ns_nprint
2025-08-17 15:24:20,453 - INFO - success CVE-2017-12995,details in cve_test/CVE-2017-12995.log

2025-08-17 15:24:20,454 - INFO - detecting CVE-2017-12995 ns_nprint
2025-08-17 15:24:20,455 - INFO - cmd: python main.py --detect --cve_id CVE-2017-12995 --target_bin /binaries/target/tcpdump/tcpdump-4.8.1-o0-tcpdump --vul_func_name ns_nprint
2025-08-17 15:24:25,797 - INFO - success CVE-2017-12995,details in cve_test/CVE-2017-12995.log

2025-08-17 15:24:25,798 - INFO - detecting CVE-2017-12995 ns_nprint
2025-08-17 15:24:25,798 - INFO - cmd: python main.py --detect --cve_id CVE-2017-12995 --target_bin /binaries/target/tcpdump/tcpdump-4.9.3-o0-tcpdump --vul_func_name ns_nprint
2025-08-17 15:24:31,245 - INFO - success CVE-2017-12995,details in cve_test/CVE-2017-12995.log

2025-08-17 15:24:31,246 - INFO - detecting CVE-2017-12995 ns_nprint
2025-08-17 15:24:31,246 - INFO - cmd: python main.py --detect --cve_id CVE-2017-12995 --target_bin /binaries/target/tcpdump/tcpdump-4.99.0-bp-o0-tcpdump --vul_func_name ns_nprint
2025-08-17 15:24:35,096 - ERROR - fail CVE-2017-12995 ,details1

2025-08-17 15:24:35,097 - INFO - detecting CVE-2017-12995 ns_nprint
2025-08-17 15:24:35,098 - INFO - cmd: python main.py --detect --cve_id CVE-2017-12995 --target_bin /binaries/target/tcpdump/tcpdump-4.99-bp-o0-tcpdump --vul_func_name ns_nprint
2025-08-17 15:24:39,302 - ERROR - fail CVE-2017-12995 ,details1

2025-08-17 15:24:39,302 - INFO - detecting CVE-2017-13001 nfs_printfh
2025-08-17 15:24:39,303 - INFO - cmd: python main.py --detect --cve_id CVE-2017-13001 --target_bin /binaries/target/tcpdump/tcpdump-4.9.1-o0-tcpdump --vul_func_name nfs_printfh
2025-08-17 15:24:45,991 - INFO - success CVE-2017-13001,details in cve_test/CVE-2017-13001.log

2025-08-17 15:24:45,992 - INFO - detecting CVE-2017-13001 nfs_printfh
2025-08-17 15:24:45,993 - INFO - cmd: python main.py --detect --cve_id CVE-2017-13001 --target_bin /binaries/target/tcpdump/tcpdump-4.9.0-o0-tcpdump --vul_func_name nfs_printfh
2025-08-17 15:24:52,262 - INFO - success CVE-2017-13001,details in cve_test/CVE-2017-13001.log

2025-08-17 15:24:52,262 - INFO - detecting CVE-2017-13001 nfs_printfh
2025-08-17 15:24:52,263 - INFO - cmd: python main.py --detect --cve_id CVE-2017-13001 --target_bin /binaries/target/tcpdump/tcpdump-4.8.1-o0-tcpdump --vul_func_name nfs_printfh
2025-08-17 15:24:58,717 - INFO - success CVE-2017-13001,details in cve_test/CVE-2017-13001.log

2025-08-17 15:24:58,717 - INFO - detecting CVE-2017-13001 nfs_printfh
2025-08-17 15:24:58,718 - INFO - cmd: python main.py --detect --cve_id CVE-2017-13001 --target_bin /binaries/target/tcpdump/tcpdump-4.9.3-o0-tcpdump --vul_func_name nfs_printfh
2025-08-17 15:25:05,633 - INFO - success CVE-2017-13001,details in cve_test/CVE-2017-13001.log

2025-08-17 15:25:05,634 - INFO - detecting CVE-2017-13001 nfs_printfh
2025-08-17 15:25:05,634 - INFO - cmd: python main.py --detect --cve_id CVE-2017-13001 --target_bin /binaries/target/tcpdump/tcpdump-4.99.0-bp-o0-tcpdump --vul_func_name nfs_printfh
2025-08-17 15:25:11,986 - INFO - success CVE-2017-13001,details in cve_test/CVE-2017-13001.log

2025-08-17 15:25:11,987 - INFO - detecting CVE-2017-13001 nfs_printfh
2025-08-17 15:25:11,988 - INFO - cmd: python main.py --detect --cve_id CVE-2017-13001 --target_bin /binaries/target/tcpdump/tcpdump-4.99-bp-o0-tcpdump --vul_func_name nfs_printfh
2025-08-17 15:25:18,389 - INFO - success CVE-2017-13001,details in cve_test/CVE-2017-13001.log

2025-08-17 15:25:18,390 - INFO - detecting CVE-2017-13002 aodv_extension
2025-08-17 15:25:18,390 - INFO - cmd: python main.py --detect --cve_id CVE-2017-13002 --target_bin /binaries/target/tcpdump/tcpdump-4.9.1-o0-tcpdump --vul_func_name aodv_extension
2025-08-17 15:25:25,161 - INFO - success CVE-2017-13002,details in cve_test/CVE-2017-13002.log

2025-08-17 15:25:25,162 - INFO - detecting CVE-2017-13002 aodv_extension
2025-08-17 15:25:25,202 - INFO - cmd: python main.py --detect --cve_id CVE-2017-13002 --target_bin /binaries/target/tcpdump/tcpdump-4.9.0-o0-tcpdump --vul_func_name aodv_extension
2025-08-17 15:25:31,923 - INFO - success CVE-2017-13002,details in cve_test/CVE-2017-13002.log

2025-08-17 15:25:31,924 - INFO - detecting CVE-2017-13002 aodv_extension
2025-08-17 15:25:31,925 - INFO - cmd: python main.py --detect --cve_id CVE-2017-13002 --target_bin /binaries/target/tcpdump/tcpdump-4.8.1-o0-tcpdump --vul_func_name aodv_extension
2025-08-17 15:25:38,390 - INFO - success CVE-2017-13002,details in cve_test/CVE-2017-13002.log

2025-08-17 15:25:38,391 - INFO - detecting CVE-2017-13002 aodv_extension
2025-08-17 15:25:38,392 - INFO - cmd: python main.py --detect --cve_id CVE-2017-13002 --target_bin /binaries/target/tcpdump/tcpdump-4.9.3-o0-tcpdump --vul_func_name aodv_extension
2025-08-17 15:25:43,938 - INFO - success CVE-2017-13002,details in cve_test/CVE-2017-13002.log

2025-08-17 15:25:43,939 - INFO - detecting CVE-2017-13002 aodv_extension
2025-08-17 15:25:43,939 - INFO - cmd: python main.py --detect --cve_id CVE-2017-13002 --target_bin /binaries/target/tcpdump/tcpdump-4.99.0-bp-o0-tcpdump --vul_func_name aodv_extension
2025-08-17 15:25:50,982 - INFO - success CVE-2017-13002,details in cve_test/CVE-2017-13002.log

2025-08-17 15:25:50,983 - INFO - detecting CVE-2017-13002 aodv_extension
2025-08-17 15:25:50,983 - INFO - cmd: python main.py --detect --cve_id CVE-2017-13002 --target_bin /binaries/target/tcpdump/tcpdump-4.99-bp-o0-tcpdump --vul_func_name aodv_extension
2025-08-17 15:25:56,634 - INFO - success CVE-2017-13002,details in cve_test/CVE-2017-13002.log

2025-08-17 15:25:56,635 - INFO - detecting CVE-2017-13003 lmp_print
2025-08-17 15:25:56,635 - INFO - cmd: python main.py --detect --cve_id CVE-2017-13003 --target_bin /binaries/target/tcpdump/tcpdump-4.9.1-o0-tcpdump --vul_func_name lmp_print
2025-08-17 15:26:02,091 - INFO - success CVE-2017-13003,details in cve_test/CVE-2017-13003.log

2025-08-17 15:26:02,092 - INFO - detecting CVE-2017-13003 lmp_print
2025-08-17 15:26:02,092 - INFO - cmd: python main.py --detect --cve_id CVE-2017-13003 --target_bin /binaries/target/tcpdump/tcpdump-4.9.0-o0-tcpdump --vul_func_name lmp_print
2025-08-17 15:26:07,821 - INFO - success CVE-2017-13003,details in cve_test/CVE-2017-13003.log

2025-08-17 15:26:07,822 - INFO - detecting CVE-2017-13003 lmp_print
2025-08-17 15:26:07,823 - INFO - cmd: python main.py --detect --cve_id CVE-2017-13003 --target_bin /binaries/target/tcpdump/tcpdump-4.8.1-o0-tcpdump --vul_func_name lmp_print
2025-08-17 15:26:13,380 - INFO - success CVE-2017-13003,details in cve_test/CVE-2017-13003.log

2025-08-17 15:26:13,381 - INFO - detecting CVE-2017-13003 lmp_print
2025-08-17 15:26:13,381 - INFO - cmd: python main.py --detect --cve_id CVE-2017-13003 --target_bin /binaries/target/tcpdump/tcpdump-4.9.3-o0-tcpdump --vul_func_name lmp_print
2025-08-17 15:26:18,812 - INFO - success CVE-2017-13003,details in cve_test/CVE-2017-13003.log

2025-08-17 15:26:18,813 - INFO - detecting CVE-2017-13003 lmp_print
2025-08-17 15:26:18,813 - INFO - cmd: python main.py --detect --cve_id CVE-2017-13003 --target_bin /binaries/target/tcpdump/tcpdump-4.99.0-bp-o0-tcpdump --vul_func_name lmp_print
2025-08-17 15:26:25,478 - INFO - success CVE-2017-13003,details in cve_test/CVE-2017-13003.log

2025-08-17 15:26:25,479 - INFO - detecting CVE-2017-13003 lmp_print
2025-08-17 15:26:25,480 - INFO - cmd: python main.py --detect --cve_id CVE-2017-13003 --target_bin /binaries/target/tcpdump/tcpdump-4.99-bp-o0-tcpdump --vul_func_name lmp_print
2025-08-17 15:26:31,028 - INFO - success CVE-2017-13003,details in cve_test/CVE-2017-13003.log

2025-08-17 15:26:31,029 - INFO - detecting CVE-2017-13007 pktap_if_print
2025-08-17 15:26:31,029 - INFO - cmd: python main.py --detect --cve_id CVE-2017-13007 --target_bin /binaries/target/tcpdump/tcpdump-4.9.1-o0-tcpdump --vul_func_name pktap_if_print
2025-08-17 15:26:37,447 - INFO - success CVE-2017-13007,details in cve_test/CVE-2017-13007.log

2025-08-17 15:26:37,448 - INFO - detecting CVE-2017-13007 pktap_if_print
2025-08-17 15:26:37,448 - INFO - cmd: python main.py --detect --cve_id CVE-2017-13007 --target_bin /binaries/target/tcpdump/tcpdump-4.9.0-o0-tcpdump --vul_func_name pktap_if_print
2025-08-17 15:26:43,628 - INFO - success CVE-2017-13007,details in cve_test/CVE-2017-13007.log

2025-08-17 15:26:43,629 - INFO - detecting CVE-2017-13007 pktap_if_print
2025-08-17 15:26:43,630 - INFO - cmd: python main.py --detect --cve_id CVE-2017-13007 --target_bin /binaries/target/tcpdump/tcpdump-4.8.1-o0-tcpdump --vul_func_name pktap_if_print
2025-08-17 15:26:50,046 - INFO - success CVE-2017-13007,details in cve_test/CVE-2017-13007.log

2025-08-17 15:26:50,047 - INFO - detecting CVE-2017-13007 pktap_if_print
2025-08-17 15:26:50,048 - INFO - cmd: python main.py --detect --cve_id CVE-2017-13007 --target_bin /binaries/target/tcpdump/tcpdump-4.9.3-o0-tcpdump --vul_func_name pktap_if_print
2025-08-17 15:26:56,335 - INFO - success CVE-2017-13007,details in cve_test/CVE-2017-13007.log

2025-08-17 15:26:56,336 - INFO - detecting CVE-2017-13007 pktap_if_print
2025-08-17 15:26:56,336 - INFO - cmd: python main.py --detect --cve_id CVE-2017-13007 --target_bin /binaries/target/tcpdump/tcpdump-4.99.0-bp-o0-tcpdump --vul_func_name pktap_if_print
2025-08-17 15:27:02,912 - INFO - success CVE-2017-13007,details in cve_test/CVE-2017-13007.log

2025-08-17 15:27:02,913 - INFO - detecting CVE-2017-13007 pktap_if_print
2025-08-17 15:27:02,913 - INFO - cmd: python main.py --detect --cve_id CVE-2017-13007 --target_bin /binaries/target/tcpdump/tcpdump-4.99-bp-o0-tcpdump --vul_func_name pktap_if_print
2025-08-17 15:27:09,317 - INFO - success CVE-2017-13007,details in cve_test/CVE-2017-13007.log

2025-08-17 15:27:09,318 - INFO - detecting CVE-2017-13030 cisco_autorp_print
2025-08-17 15:27:09,318 - INFO - cmd: python main.py --detect --cve_id CVE-2017-13030 --target_bin /binaries/target/tcpdump/tcpdump-4.9.1-o0-tcpdump --vul_func_name cisco_autorp_print
2025-08-17 15:27:14,818 - INFO - success CVE-2017-13030,details in cve_test/CVE-2017-13030.log

2025-08-17 15:27:14,819 - INFO - detecting CVE-2017-13030 cisco_autorp_print
2025-08-17 15:27:14,820 - INFO - cmd: python main.py --detect --cve_id CVE-2017-13030 --target_bin /binaries/target/tcpdump/tcpdump-4.9.0-o0-tcpdump --vul_func_name cisco_autorp_print
2025-08-17 15:27:20,326 - INFO - success CVE-2017-13030,details in cve_test/CVE-2017-13030.log

2025-08-17 15:27:20,327 - INFO - detecting CVE-2017-13030 cisco_autorp_print
2025-08-17 15:27:20,328 - INFO - cmd: python main.py --detect --cve_id CVE-2017-13030 --target_bin /binaries/target/tcpdump/tcpdump-4.8.1-o0-tcpdump --vul_func_name cisco_autorp_print
2025-08-17 15:27:26,714 - INFO - success CVE-2017-13030,details in cve_test/CVE-2017-13030.log

2025-08-17 15:27:26,714 - INFO - detecting CVE-2017-13030 cisco_autorp_print
2025-08-17 15:27:26,715 - INFO - cmd: python main.py --detect --cve_id CVE-2017-13030 --target_bin /binaries/target/tcpdump/tcpdump-4.9.3-o0-tcpdump --vul_func_name cisco_autorp_print
2025-08-17 15:27:31,483 - INFO - success CVE-2017-13030,details in cve_test/CVE-2017-13030.log

2025-08-17 15:27:31,483 - INFO - detecting CVE-2017-13030 cisco_autorp_print
2025-08-17 15:27:31,484 - INFO - cmd: python main.py --detect --cve_id CVE-2017-13030 --target_bin /binaries/target/tcpdump/tcpdump-4.99.0-bp-o0-tcpdump --vul_func_name cisco_autorp_print
2025-08-17 15:27:36,224 - INFO - success CVE-2017-13030,details in cve_test/CVE-2017-13030.log

2025-08-17 15:27:36,225 - INFO - detecting CVE-2017-13030 cisco_autorp_print
2025-08-17 15:27:36,226 - INFO - cmd: python main.py --detect --cve_id CVE-2017-13030 --target_bin /binaries/target/tcpdump/tcpdump-4.99-bp-o0-tcpdump --vul_func_name cisco_autorp_print
2025-08-17 15:27:41,049 - INFO - success CVE-2017-13030,details in cve_test/CVE-2017-13030.log

2025-08-17 15:27:41,050 - INFO - detecting CVE-2017-13031 frag6_print
2025-08-17 15:27:41,050 - INFO - cmd: python main.py --detect --cve_id CVE-2017-13031 --target_bin /binaries/target/tcpdump/tcpdump-4.9.1-o0-tcpdump --vul_func_name frag6_print
2025-08-17 15:27:46,491 - INFO - success CVE-2017-13031,details in cve_test/CVE-2017-13031.log

2025-08-17 15:27:46,492 - INFO - detecting CVE-2017-13031 frag6_print
2025-08-17 15:27:46,493 - INFO - cmd: python main.py --detect --cve_id CVE-2017-13031 --target_bin /binaries/target/tcpdump/tcpdump-4.9.0-o0-tcpdump --vul_func_name frag6_print
2025-08-17 15:27:52,897 - INFO - success CVE-2017-13031,details in cve_test/CVE-2017-13031.log

2025-08-17 15:27:52,898 - INFO - detecting CVE-2017-13031 frag6_print
2025-08-17 15:27:52,898 - INFO - cmd: python main.py --detect --cve_id CVE-2017-13031 --target_bin /binaries/target/tcpdump/tcpdump-4.8.1-o0-tcpdump --vul_func_name frag6_print
2025-08-17 15:27:58,406 - INFO - success CVE-2017-13031,details in cve_test/CVE-2017-13031.log

2025-08-17 15:27:58,407 - INFO - detecting CVE-2017-13031 frag6_print
2025-08-17 15:27:58,408 - INFO - cmd: python main.py --detect --cve_id CVE-2017-13031 --target_bin /binaries/target/tcpdump/tcpdump-4.9.3-o0-tcpdump --vul_func_name frag6_print
2025-08-17 15:28:03,874 - INFO - success CVE-2017-13031,details in cve_test/CVE-2017-13031.log

2025-08-17 15:28:03,875 - INFO - detecting CVE-2017-13031 frag6_print
2025-08-17 15:28:03,875 - INFO - cmd: python main.py --detect --cve_id CVE-2017-13031 --target_bin /binaries/target/tcpdump/tcpdump-4.99.0-bp-o0-tcpdump --vul_func_name frag6_print
2025-08-17 15:28:09,854 - INFO - success CVE-2017-13031,details in cve_test/CVE-2017-13031.log

2025-08-17 15:28:09,855 - INFO - detecting CVE-2017-13031 frag6_print
2025-08-17 15:28:09,855 - INFO - cmd: python main.py --detect --cve_id CVE-2017-13031 --target_bin /binaries/target/tcpdump/tcpdump-4.99-bp-o0-tcpdump --vul_func_name frag6_print
2025-08-17 15:28:15,353 - INFO - success CVE-2017-13031,details in cve_test/CVE-2017-13031.log

2025-08-17 15:28:15,354 - INFO - detecting CVE-2017-13035 isis_print_id
2025-08-17 15:28:15,354 - INFO - cmd: python main.py --detect --cve_id CVE-2017-13035 --target_bin /binaries/target/tcpdump/tcpdump-4.9.1-o0-tcpdump --vul_func_name isis_print_id
2025-08-17 15:28:25,795 - INFO - success CVE-2017-13035,details in cve_test/CVE-2017-13035.log

2025-08-17 15:28:25,796 - INFO - detecting CVE-2017-13035 isis_print_id
2025-08-17 15:28:25,797 - INFO - cmd: python main.py --detect --cve_id CVE-2017-13035 --target_bin /binaries/target/tcpdump/tcpdump-4.9.0-o0-tcpdump --vul_func_name isis_print_id
2025-08-17 15:28:36,226 - INFO - success CVE-2017-13035,details in cve_test/CVE-2017-13035.log

2025-08-17 15:28:36,227 - INFO - detecting CVE-2017-13035 isis_print_id
2025-08-17 15:28:36,227 - INFO - cmd: python main.py --detect --cve_id CVE-2017-13035 --target_bin /binaries/target/tcpdump/tcpdump-4.8.1-o0-tcpdump --vul_func_name isis_print_id
2025-08-17 15:28:46,046 - INFO - success CVE-2017-13035,details in cve_test/CVE-2017-13035.log

2025-08-17 15:28:46,046 - INFO - detecting CVE-2017-13035 isis_print_id
2025-08-17 15:28:46,046 - INFO - cmd: python main.py --detect --cve_id CVE-2017-13035 --target_bin /binaries/target/tcpdump/tcpdump-4.9.3-o0-tcpdump --vul_func_name isis_print_id
2025-08-17 15:28:51,017 - INFO - success CVE-2017-13035,details in cve_test/CVE-2017-13035.log

2025-08-17 15:28:51,018 - INFO - detecting CVE-2017-13035 isis_print_id
2025-08-17 15:28:51,018 - INFO - cmd: python main.py --detect --cve_id CVE-2017-13035 --target_bin /binaries/target/tcpdump/tcpdump-4.99.0-bp-o0-tcpdump --vul_func_name isis_print_id
2025-08-17 15:28:55,747 - INFO - success CVE-2017-13035,details in cve_test/CVE-2017-13035.log

2025-08-17 15:28:55,748 - INFO - detecting CVE-2017-13035 isis_print_id
2025-08-17 15:28:55,749 - INFO - cmd: python main.py --detect --cve_id CVE-2017-13035 --target_bin /binaries/target/tcpdump/tcpdump-4.99-bp-o0-tcpdump --vul_func_name isis_print_id
2025-08-17 15:29:01,873 - INFO - success CVE-2017-13035,details in cve_test/CVE-2017-13035.log

2025-08-17 15:29:01,874 - INFO - detecting CVE-2017-13039 ikev1_attrmap_print
2025-08-17 15:29:01,875 - INFO - cmd: python main.py --detect --cve_id CVE-2017-13039 --target_bin /binaries/target/tcpdump/tcpdump-4.9.1-o0-tcpdump --vul_func_name ikev1_attrmap_print
2025-08-17 15:29:08,172 - INFO - success CVE-2017-13039,details in cve_test/CVE-2017-13039.log

2025-08-17 15:29:08,172 - INFO - detecting CVE-2017-13039 ikev1_attrmap_print
2025-08-17 15:29:08,173 - INFO - cmd: python main.py --detect --cve_id CVE-2017-13039 --target_bin /binaries/target/tcpdump/tcpdump-4.9.0-o0-tcpdump --vul_func_name ikev1_attrmap_print
2025-08-17 15:29:14,389 - INFO - success CVE-2017-13039,details in cve_test/CVE-2017-13039.log

2025-08-17 15:29:14,390 - INFO - detecting CVE-2017-13039 ikev1_attrmap_print
2025-08-17 15:29:14,390 - INFO - cmd: python main.py --detect --cve_id CVE-2017-13039 --target_bin /binaries/target/tcpdump/tcpdump-4.8.1-o0-tcpdump --vul_func_name ikev1_attrmap_print
2025-08-17 15:29:21,041 - INFO - success CVE-2017-13039,details in cve_test/CVE-2017-13039.log

2025-08-17 15:29:21,042 - INFO - detecting CVE-2017-13039 ikev1_attrmap_print
2025-08-17 15:29:21,042 - INFO - cmd: python main.py --detect --cve_id CVE-2017-13039 --target_bin /binaries/target/tcpdump/tcpdump-4.9.3-o0-tcpdump --vul_func_name ikev1_attrmap_print
2025-08-17 15:29:26,682 - INFO - success CVE-2017-13039,details in cve_test/CVE-2017-13039.log

2025-08-17 15:29:26,683 - INFO - detecting CVE-2017-13039 ikev1_attrmap_print
2025-08-17 15:29:26,684 - INFO - cmd: python main.py --detect --cve_id CVE-2017-13039 --target_bin /binaries/target/tcpdump/tcpdump-4.99.0-bp-o0-tcpdump --vul_func_name ikev1_attrmap_print
2025-08-17 15:29:31,479 - INFO - success CVE-2017-13039,details in cve_test/CVE-2017-13039.log

2025-08-17 15:29:31,480 - INFO - detecting CVE-2017-13039 ikev1_attrmap_print
2025-08-17 15:29:31,481 - INFO - cmd: python main.py --detect --cve_id CVE-2017-13039 --target_bin /binaries/target/tcpdump/tcpdump-4.99-bp-o0-tcpdump --vul_func_name ikev1_attrmap_print
2025-08-17 15:29:36,265 - INFO - success CVE-2017-13039,details in cve_test/CVE-2017-13039.log

2025-08-17 15:29:36,266 - INFO - detecting CVE-2017-13050 rpki_rtr_pdu_print
2025-08-17 15:29:36,267 - INFO - cmd: python main.py --detect --cve_id CVE-2017-13050 --target_bin /binaries/target/tcpdump/tcpdump-4.9.1-o0-tcpdump --vul_func_name rpki_rtr_pdu_print
2025-08-17 15:29:43,810 - INFO - success CVE-2017-13050,details in cve_test/CVE-2017-13050.log

2025-08-17 15:29:43,811 - INFO - detecting CVE-2017-13050 rpki_rtr_pdu_print
2025-08-17 15:29:43,811 - INFO - cmd: python main.py --detect --cve_id CVE-2017-13050 --target_bin /binaries/target/tcpdump/tcpdump-4.9.0-o0-tcpdump --vul_func_name rpki_rtr_pdu_print
2025-08-17 15:29:51,665 - INFO - success CVE-2017-13050,details in cve_test/CVE-2017-13050.log

2025-08-17 15:29:51,665 - INFO - detecting CVE-2017-13050 rpki_rtr_pdu_print
2025-08-17 15:29:51,665 - INFO - cmd: python main.py --detect --cve_id CVE-2017-13050 --target_bin /binaries/target/tcpdump/tcpdump-4.8.1-o0-tcpdump --vul_func_name rpki_rtr_pdu_print
2025-08-17 15:29:58,377 - INFO - success CVE-2017-13050,details in cve_test/CVE-2017-13050.log

2025-08-17 15:29:58,378 - INFO - detecting CVE-2017-13050 rpki_rtr_pdu_print
2025-08-17 15:29:58,378 - INFO - cmd: python main.py --detect --cve_id CVE-2017-13050 --target_bin /binaries/target/tcpdump/tcpdump-4.9.3-o0-tcpdump --vul_func_name rpki_rtr_pdu_print
2025-08-17 15:30:04,002 - INFO - success CVE-2017-13050,details in cve_test/CVE-2017-13050.log

2025-08-17 15:30:04,003 - INFO - detecting CVE-2017-13050 rpki_rtr_pdu_print
2025-08-17 15:30:04,003 - INFO - cmd: python main.py --detect --cve_id CVE-2017-13050 --target_bin /binaries/target/tcpdump/tcpdump-4.99.0-bp-o0-tcpdump --vul_func_name rpki_rtr_pdu_print
2025-08-17 15:30:09,683 - INFO - success CVE-2017-13050,details in cve_test/CVE-2017-13050.log

2025-08-17 15:30:09,684 - INFO - detecting CVE-2017-13050 rpki_rtr_pdu_print
2025-08-17 15:30:09,684 - INFO - cmd: python main.py --detect --cve_id CVE-2017-13050 --target_bin /binaries/target/tcpdump/tcpdump-4.99-bp-o0-tcpdump --vul_func_name rpki_rtr_pdu_print
2025-08-17 15:30:15,947 - INFO - success CVE-2017-13050,details in cve_test/CVE-2017-13050.log

2025-08-17 15:30:15,948 - INFO - detecting CVE-2017-13052 cfm_network_addr_print
2025-08-17 15:30:15,948 - INFO - cmd: python main.py --detect --cve_id CVE-2017-13052 --target_bin /binaries/target/tcpdump/tcpdump-4.9.1-o0-tcpdump --vul_func_name cfm_network_addr_print
2025-08-17 15:30:21,947 - INFO - success CVE-2017-13052,details in cve_test/CVE-2017-13052.log

2025-08-17 15:30:21,948 - INFO - detecting CVE-2017-13052 cfm_network_addr_print
2025-08-17 15:30:21,948 - INFO - cmd: python main.py --detect --cve_id CVE-2017-13052 --target_bin /binaries/target/tcpdump/tcpdump-4.9.0-o0-tcpdump --vul_func_name cfm_network_addr_print
2025-08-17 15:30:27,795 - INFO - success CVE-2017-13052,details in cve_test/CVE-2017-13052.log

2025-08-17 15:30:27,796 - INFO - detecting CVE-2017-13052 cfm_network_addr_print
2025-08-17 15:30:27,796 - INFO - cmd: python main.py --detect --cve_id CVE-2017-13052 --target_bin /binaries/target/tcpdump/tcpdump-4.8.1-o0-tcpdump --vul_func_name cfm_network_addr_print
2025-08-17 15:30:31,423 - ERROR - fail CVE-2017-13052 ,details1

2025-08-17 15:30:31,424 - INFO - detecting CVE-2017-13052 cfm_network_addr_print
2025-08-17 15:30:31,425 - INFO - cmd: python main.py --detect --cve_id CVE-2017-13052 --target_bin /binaries/target/tcpdump/tcpdump-4.9.3-o0-tcpdump --vul_func_name cfm_network_addr_print
2025-08-17 15:30:36,048 - INFO - success CVE-2017-13052,details in cve_test/CVE-2017-13052.log

2025-08-17 15:30:36,049 - INFO - detecting CVE-2017-13052 cfm_network_addr_print
2025-08-17 15:30:36,050 - INFO - cmd: python main.py --detect --cve_id CVE-2017-13052 --target_bin /binaries/target/tcpdump/tcpdump-4.99.0-bp-o0-tcpdump --vul_func_name cfm_network_addr_print
2025-08-17 15:30:40,793 - INFO - success CVE-2017-13052,details in cve_test/CVE-2017-13052.log

2025-08-17 15:30:40,794 - INFO - detecting CVE-2017-13052 cfm_network_addr_print
2025-08-17 15:30:40,794 - INFO - cmd: python main.py --detect --cve_id CVE-2017-13052 --target_bin /binaries/target/tcpdump/tcpdump-4.99-bp-o0-tcpdump --vul_func_name cfm_network_addr_print
2025-08-17 15:30:46,479 - INFO - success CVE-2017-13052,details in cve_test/CVE-2017-13052.log

2025-08-17 15:30:46,480 - INFO - detecting CVE-2017-13053 decode_rt_routing_info
2025-08-17 15:30:46,480 - INFO - cmd: python main.py --detect --cve_id CVE-2017-13053 --target_bin /binaries/target/tcpdump/tcpdump-4.9.1-o0-tcpdump --vul_func_name decode_rt_routing_info
2025-08-17 15:30:51,952 - INFO - success CVE-2017-13053,details in cve_test/CVE-2017-13053.log

2025-08-17 15:30:51,953 - INFO - detecting CVE-2017-13053 decode_rt_routing_info
2025-08-17 15:30:51,954 - INFO - cmd: python main.py --detect --cve_id CVE-2017-13053 --target_bin /binaries/target/tcpdump/tcpdump-4.9.0-o0-tcpdump --vul_func_name decode_rt_routing_info
2025-08-17 15:30:57,270 - INFO - success CVE-2017-13053,details in cve_test/CVE-2017-13053.log

2025-08-17 15:30:57,271 - INFO - detecting CVE-2017-13053 decode_rt_routing_info
2025-08-17 15:30:57,272 - INFO - cmd: python main.py --detect --cve_id CVE-2017-13053 --target_bin /binaries/target/tcpdump/tcpdump-4.8.1-o0-tcpdump --vul_func_name decode_rt_routing_info
2025-08-17 15:31:02,698 - INFO - success CVE-2017-13053,details in cve_test/CVE-2017-13053.log

2025-08-17 15:31:02,699 - INFO - detecting CVE-2017-13053 decode_rt_routing_info
2025-08-17 15:31:02,700 - INFO - cmd: python main.py --detect --cve_id CVE-2017-13053 --target_bin /binaries/target/tcpdump/tcpdump-4.9.3-o0-tcpdump --vul_func_name decode_rt_routing_info
2025-08-17 15:31:08,006 - INFO - success CVE-2017-13053,details in cve_test/CVE-2017-13053.log

2025-08-17 15:31:08,007 - INFO - detecting CVE-2017-13053 decode_rt_routing_info
2025-08-17 15:31:08,007 - INFO - cmd: python main.py --detect --cve_id CVE-2017-13053 --target_bin /binaries/target/tcpdump/tcpdump-4.99.0-bp-o0-tcpdump --vul_func_name decode_rt_routing_info
2025-08-17 15:31:13,436 - INFO - success CVE-2017-13053,details in cve_test/CVE-2017-13053.log

2025-08-17 15:31:13,437 - INFO - detecting CVE-2017-13053 decode_rt_routing_info
2025-08-17 15:31:13,437 - INFO - cmd: python main.py --detect --cve_id CVE-2017-13053 --target_bin /binaries/target/tcpdump/tcpdump-4.99-bp-o0-tcpdump --vul_func_name decode_rt_routing_info
2025-08-17 15:31:19,304 - INFO - success CVE-2017-13053,details in cve_test/CVE-2017-13053.log

2025-08-17 15:31:19,305 - INFO - detecting CVE-2017-13687 chdlc_print
2025-08-17 15:31:19,305 - INFO - cmd: python main.py --detect --cve_id CVE-2017-13687 --target_bin /binaries/target/tcpdump/tcpdump-4.9.1-o0-tcpdump --vul_func_name chdlc_print
2025-08-17 15:31:26,871 - INFO - success CVE-2017-13687,details in cve_test/CVE-2017-13687.log

2025-08-17 15:31:26,872 - INFO - detecting CVE-2017-13687 chdlc_print
2025-08-17 15:31:26,872 - INFO - cmd: python main.py --detect --cve_id CVE-2017-13687 --target_bin /binaries/target/tcpdump/tcpdump-4.9.0-o0-tcpdump --vul_func_name chdlc_print
2025-08-17 15:31:34,016 - INFO - success CVE-2017-13687,details in cve_test/CVE-2017-13687.log

2025-08-17 15:31:34,021 - INFO - detecting CVE-2017-13687 chdlc_print
2025-08-17 15:31:34,022 - INFO - cmd: python main.py --detect --cve_id CVE-2017-13687 --target_bin /binaries/target/tcpdump/tcpdump-4.8.1-o0-tcpdump --vul_func_name chdlc_print
2025-08-17 15:31:41,128 - INFO - success CVE-2017-13687,details in cve_test/CVE-2017-13687.log

2025-08-17 15:31:41,129 - INFO - detecting CVE-2017-13687 chdlc_print
2025-08-17 15:31:41,130 - INFO - cmd: python main.py --detect --cve_id CVE-2017-13687 --target_bin /binaries/target/tcpdump/tcpdump-4.9.3-o0-tcpdump --vul_func_name chdlc_print
2025-08-17 15:31:45,760 - INFO - success CVE-2017-13687,details in cve_test/CVE-2017-13687.log

2025-08-17 15:31:45,761 - INFO - detecting CVE-2017-13687 chdlc_print
2025-08-17 15:31:45,761 - INFO - cmd: python main.py --detect --cve_id CVE-2017-13687 --target_bin /binaries/target/tcpdump/tcpdump-4.99.0-bp-o0-tcpdump --vul_func_name chdlc_print
2025-08-17 15:31:51,212 - INFO - success CVE-2017-13687,details in cve_test/CVE-2017-13687.log

2025-08-17 15:31:51,213 - INFO - detecting CVE-2017-13687 chdlc_print
2025-08-17 15:31:51,213 - INFO - cmd: python main.py --detect --cve_id CVE-2017-13687 --target_bin /binaries/target/tcpdump/tcpdump-4.99-bp-o0-tcpdump --vul_func_name chdlc_print
2025-08-17 15:31:56,279 - INFO - success CVE-2017-13687,details in cve_test/CVE-2017-13687.log

2025-08-17 15:31:56,280 - INFO - detecting CVE-2017-13690 ikev2_ID_print
2025-08-17 15:31:56,281 - INFO - cmd: python main.py --detect --cve_id CVE-2017-13690 --target_bin /binaries/target/tcpdump/tcpdump-4.9.1-o0-tcpdump --vul_func_name ikev2_ID_print
2025-08-17 15:32:03,092 - INFO - success CVE-2017-13690,details in cve_test/CVE-2017-13690.log

2025-08-17 15:32:03,093 - INFO - detecting CVE-2017-13690 ikev2_ID_print
2025-08-17 15:32:03,093 - INFO - cmd: python main.py --detect --cve_id CVE-2017-13690 --target_bin /binaries/target/tcpdump/tcpdump-4.9.0-o0-tcpdump --vul_func_name ikev2_ID_print
2025-08-17 15:32:09,645 - INFO - success CVE-2017-13690,details in cve_test/CVE-2017-13690.log

2025-08-17 15:32:09,646 - INFO - detecting CVE-2017-13690 ikev2_ID_print
2025-08-17 15:32:09,647 - INFO - cmd: python main.py --detect --cve_id CVE-2017-13690 --target_bin /binaries/target/tcpdump/tcpdump-4.8.1-o0-tcpdump --vul_func_name ikev2_ID_print
2025-08-17 15:32:16,519 - INFO - success CVE-2017-13690,details in cve_test/CVE-2017-13690.log

2025-08-17 15:32:16,521 - INFO - detecting CVE-2017-13690 ikev2_ID_print
2025-08-17 15:32:16,521 - INFO - cmd: python main.py --detect --cve_id CVE-2017-13690 --target_bin /binaries/target/tcpdump/tcpdump-4.9.3-o0-tcpdump --vul_func_name ikev2_ID_print
2025-08-17 15:32:25,985 - INFO - success CVE-2017-13690,details in cve_test/CVE-2017-13690.log

2025-08-17 15:32:25,986 - INFO - detecting CVE-2017-13690 ikev2_ID_print
2025-08-17 15:32:25,986 - INFO - cmd: python main.py --detect --cve_id CVE-2017-13690 --target_bin /binaries/target/tcpdump/tcpdump-4.99.0-bp-o0-tcpdump --vul_func_name ikev2_ID_print
2025-08-17 15:32:32,594 - INFO - success CVE-2017-13690,details in cve_test/CVE-2017-13690.log

2025-08-17 15:32:32,595 - INFO - detecting CVE-2017-13690 ikev2_ID_print
2025-08-17 15:32:32,596 - INFO - cmd: python main.py --detect --cve_id CVE-2017-13690 --target_bin /binaries/target/tcpdump/tcpdump-4.99-bp-o0-tcpdump --vul_func_name ikev2_ID_print
2025-08-17 15:32:39,124 - INFO - success CVE-2017-13690,details in cve_test/CVE-2017-13690.log

2025-08-17 15:32:39,125 - INFO - detecting CVE-2017-13725 rt6_print
2025-08-17 15:32:39,125 - INFO - cmd: python main.py --detect --cve_id CVE-2017-13725 --target_bin /binaries/target/tcpdump/tcpdump-4.9.1-o0-tcpdump --vul_func_name rt6_print
2025-08-17 15:32:46,102 - INFO - success CVE-2017-13725,details in cve_test/CVE-2017-13725.log

2025-08-17 15:32:46,103 - INFO - detecting CVE-2017-13725 rt6_print
2025-08-17 15:32:46,104 - INFO - cmd: python main.py --detect --cve_id CVE-2017-13725 --target_bin /binaries/target/tcpdump/tcpdump-4.9.0-o0-tcpdump --vul_func_name rt6_print
2025-08-17 15:32:53,346 - INFO - success CVE-2017-13725,details in cve_test/CVE-2017-13725.log

2025-08-17 15:32:53,348 - INFO - detecting CVE-2017-13725 rt6_print
2025-08-17 15:32:53,348 - INFO - cmd: python main.py --detect --cve_id CVE-2017-13725 --target_bin /binaries/target/tcpdump/tcpdump-4.8.1-o0-tcpdump --vul_func_name rt6_print
2025-08-17 15:33:01,351 - INFO - success CVE-2017-13725,details in cve_test/CVE-2017-13725.log

2025-08-17 15:33:01,355 - INFO - detecting CVE-2017-13725 rt6_print
2025-08-17 15:33:01,355 - INFO - cmd: python main.py --detect --cve_id CVE-2017-13725 --target_bin /binaries/target/tcpdump/tcpdump-4.9.3-o0-tcpdump --vul_func_name rt6_print
2025-08-17 15:33:07,892 - INFO - success CVE-2017-13725,details in cve_test/CVE-2017-13725.log

2025-08-17 15:33:07,893 - INFO - detecting CVE-2017-13725 rt6_print
2025-08-17 15:33:07,893 - INFO - cmd: python main.py --detect --cve_id CVE-2017-13725 --target_bin /binaries/target/tcpdump/tcpdump-4.99.0-bp-o0-tcpdump --vul_func_name rt6_print
2025-08-17 15:33:13,064 - INFO - success CVE-2017-13725,details in cve_test/CVE-2017-13725.log

2025-08-17 15:33:13,065 - INFO - detecting CVE-2017-13725 rt6_print
2025-08-17 15:33:13,066 - INFO - cmd: python main.py --detect --cve_id CVE-2017-13725 --target_bin /binaries/target/tcpdump/tcpdump-4.99-bp-o0-tcpdump --vul_func_name rt6_print
2025-08-17 15:33:18,254 - INFO - success CVE-2017-13725,details in cve_test/CVE-2017-13725.log

2025-08-17 15:33:18,255 - INFO - detecting CVE-2018-16228 print_prefix
2025-08-17 15:33:18,255 - INFO - cmd: python main.py --detect --cve_id CVE-2018-16228 --target_bin /binaries/target/tcpdump/tcpdump-4.9.2-o0-tcpdump --vul_func_name print_prefix
2025-08-17 15:33:25,578 - INFO - success CVE-2018-16228,details in cve_test/CVE-2018-16228.log

2025-08-17 15:33:25,579 - INFO - detecting CVE-2018-16228 print_prefix
2025-08-17 15:33:25,579 - INFO - cmd: python main.py --detect --cve_id CVE-2018-16228 --target_bin /binaries/target/tcpdump/tcpdump-4.9.1-o0-tcpdump --vul_func_name print_prefix
2025-08-17 15:33:32,280 - INFO - success CVE-2018-16228,details in cve_test/CVE-2018-16228.log

2025-08-17 15:33:32,280 - INFO - detecting CVE-2018-16228 print_prefix
2025-08-17 15:33:32,281 - INFO - cmd: python main.py --detect --cve_id CVE-2018-16228 --target_bin /binaries/target/tcpdump/tcpdump-4.9.0-o0-tcpdump --vul_func_name print_prefix
2025-08-17 15:33:38,586 - INFO - success CVE-2018-16228,details in cve_test/CVE-2018-16228.log

2025-08-17 15:33:38,587 - INFO - detecting CVE-2018-16228 print_prefix
2025-08-17 15:33:38,587 - INFO - cmd: python main.py --detect --cve_id CVE-2018-16228 --target_bin /binaries/target/tcpdump/tcpdump-4.9.3-o0-tcpdump --vul_func_name print_prefix
2025-08-17 15:33:44,601 - INFO - success CVE-2018-16228,details in cve_test/CVE-2018-16228.log

2025-08-17 15:33:44,602 - INFO - detecting CVE-2018-16228 print_prefix
2025-08-17 15:33:44,603 - INFO - cmd: python main.py --detect --cve_id CVE-2018-16228 --target_bin /binaries/target/tcpdump/tcpdump-4.99.0-bp-o0-tcpdump --vul_func_name print_prefix
2025-08-17 15:33:49,413 - INFO - success CVE-2018-16228,details in cve_test/CVE-2018-16228.log

2025-08-17 15:33:49,414 - INFO - detecting CVE-2018-16228 print_prefix
2025-08-17 15:33:49,414 - INFO - cmd: python main.py --detect --cve_id CVE-2018-16228 --target_bin /binaries/target/tcpdump/tcpdump-4.99-bp-o0-tcpdump --vul_func_name print_prefix
2025-08-17 15:33:54,222 - INFO - success CVE-2018-16228,details in cve_test/CVE-2018-16228.log

2025-08-17 15:33:54,223 - INFO - detecting CVE-2018-16300 bgp_attr_print
2025-08-17 15:33:54,224 - INFO - cmd: python main.py --detect --cve_id CVE-2018-16300 --target_bin /binaries/target/tcpdump/tcpdump-4.9.2-o0-tcpdump --vul_func_name bgp_attr_print
2025-08-17 15:34:01,096 - INFO - success CVE-2018-16300,details in cve_test/CVE-2018-16300.log

2025-08-17 15:34:01,097 - INFO - detecting CVE-2018-16300 bgp_attr_print
2025-08-17 15:34:01,098 - INFO - cmd: python main.py --detect --cve_id CVE-2018-16300 --target_bin /binaries/target/tcpdump/tcpdump-4.9.1-o0-tcpdump --vul_func_name bgp_attr_print
2025-08-17 15:34:07,848 - INFO - success CVE-2018-16300,details in cve_test/CVE-2018-16300.log

2025-08-17 15:34:07,849 - INFO - detecting CVE-2018-16300 bgp_attr_print
2025-08-17 15:34:07,849 - INFO - cmd: python main.py --detect --cve_id CVE-2018-16300 --target_bin /binaries/target/tcpdump/tcpdump-4.9.0-o0-tcpdump --vul_func_name bgp_attr_print
2025-08-17 15:34:14,531 - INFO - success CVE-2018-16300,details in cve_test/CVE-2018-16300.log

2025-08-17 15:34:14,533 - INFO - detecting CVE-2018-16300 bgp_attr_print
2025-08-17 15:34:14,533 - INFO - cmd: python main.py --detect --cve_id CVE-2018-16300 --target_bin /binaries/target/tcpdump/tcpdump-4.9.3-o0-tcpdump --vul_func_name bgp_attr_print
2025-08-17 15:34:21,300 - INFO - success CVE-2018-16300,details in cve_test/CVE-2018-16300.log

2025-08-17 15:34:21,301 - INFO - detecting CVE-2018-16300 bgp_attr_print
2025-08-17 15:34:21,302 - INFO - cmd: python main.py --detect --cve_id CVE-2018-16300 --target_bin /binaries/target/tcpdump/tcpdump-4.99.0-bp-o0-tcpdump --vul_func_name bgp_attr_print
2025-08-17 15:34:28,669 - INFO - success CVE-2018-16300,details in cve_test/CVE-2018-16300.log

2025-08-17 15:34:28,670 - INFO - detecting CVE-2018-16300 bgp_attr_print
2025-08-17 15:34:28,670 - INFO - cmd: python main.py --detect --cve_id CVE-2018-16300 --target_bin /binaries/target/tcpdump/tcpdump-4.99-bp-o0-tcpdump --vul_func_name bgp_attr_print
2025-08-17 15:34:35,241 - INFO - success CVE-2018-16300,details in cve_test/CVE-2018-16300.log

