CVE ID: CVE-2017-12896
Target Binary: /binaries/target/tcpdump/tcpdump-4.9.1-o0-tcpdump
Vulnerable Function Name: isakmp_rfc3948_print
Overall Score is: -0.667
--------------------------------------------
CVE ID: CVE-2017-12896
Target Binary: /binaries/target/tcpdump/tcpdump-4.9.0-o0-tcpdump
Vulnerable Function Name: isakmp_rfc3948_print
Overall Score is: -0.667
--------------------------------------------
CVE ID: CVE-2017-12896
Target Binary: /binaries/target/tcpdump/tcpdump-4.8.1-o0-tcpdump
Vulnerable Function Name: isakmp_rfc3948_print
Overall Score is: -0.667
--------------------------------------------
CVE ID: CVE-2017-12896
Target Binary: /binaries/target/tcpdump/tcpdump-4.9.3-o0-tcpdump
Vulnerable Function Name: isakmp_rfc3948_print
Overall Score is: 0.948
--------------------------------------------
CVE ID: CVE-2017-12896
Target Binary: /binaries/target/tcpdump/tcpdump-4.99.0-bp-o0-tcpdump
Vulnerable Function Name: isakmp_rfc3948_print
Overall Score is: -0.537
--------------------------------------------
CVE ID: CVE-2017-12896
Target Binary: /binaries/target/tcpdump/tcpdump-4.99-bp-o0-tcpdump
Vulnerable Function Name: isakmp_rfc3948_print
Overall Score is: -0.537
--------------------------------------------
CVE ID: CVE-2017-12992
Target Binary: /binaries/target/tcpdump/tcpdump-4.9.1-o0-tcpdump
Vulnerable Function Name: ripng_print
Overall Score is: -0.848
--------------------------------------------
CVE ID: CVE-2017-12992
Target Binary: /binaries/target/tcpdump/tcpdump-4.9.0-o0-tcpdump
Vulnerable Function Name: ripng_print
Overall Score is: -0.848
--------------------------------------------
CVE ID: CVE-2017-12992
Target Binary: /binaries/target/tcpdump/tcpdump-4.8.1-o0-tcpdump
Vulnerable Function Name: ripng_print
Overall Score is: -0.861
--------------------------------------------
CVE ID: CVE-2017-12992
Target Binary: /binaries/target/tcpdump/tcpdump-4.9.3-o0-tcpdump
Vulnerable Function Name: ripng_print
Overall Score is: 0.951
--------------------------------------------
CVE ID: CVE-2017-12992
Target Binary: /binaries/target/tcpdump/tcpdump-4.99.0-bp-o0-tcpdump
Vulnerable Function Name: ripng_print
Overall Score is: 0.940
--------------------------------------------
CVE ID: CVE-2017-12992
Target Binary: /binaries/target/tcpdump/tcpdump-4.99-bp-o0-tcpdump
Vulnerable Function Name: ripng_print
Overall Score is: 0.940
--------------------------------------------
CVE ID: CVE-2017-12993
Target Binary: /binaries/target/tcpdump/tcpdump-4.9.1-o0-tcpdump
Vulnerable Function Name: juniper_atm1_print
Overall Score is: -0.717
--------------------------------------------
CVE ID: CVE-2017-12993
Target Binary: /binaries/target/tcpdump/tcpdump-4.9.0-o0-tcpdump
Vulnerable Function Name: juniper_atm1_print
Overall Score is: -0.717
--------------------------------------------
CVE ID: CVE-2017-12993
Target Binary: /binaries/target/tcpdump/tcpdump-4.8.1-o0-tcpdump
Vulnerable Function Name: juniper_atm1_print
Overall Score is: -0.717
--------------------------------------------
CVE ID: CVE-2017-12993
Target Binary: /binaries/target/tcpdump/tcpdump-4.9.3-o0-tcpdump
Vulnerable Function Name: juniper_atm1_print
Overall Score is: 0.476
--------------------------------------------
CVE ID: CVE-2017-12995
Target Binary: /binaries/target/tcpdump/tcpdump-4.9.1-o0-tcpdump
Vulnerable Function Name: ns_nprint
Overall Score is: -0.458
--------------------------------------------
CVE ID: CVE-2017-12995
Target Binary: /binaries/target/tcpdump/tcpdump-4.9.0-o0-tcpdump
Vulnerable Function Name: ns_nprint
Overall Score is: -0.458
--------------------------------------------
CVE ID: CVE-2017-12995
Target Binary: /binaries/target/tcpdump/tcpdump-4.8.1-o0-tcpdump
Vulnerable Function Name: ns_nprint
Overall Score is: -0.417
--------------------------------------------
CVE ID: CVE-2017-12995
Target Binary: /binaries/target/tcpdump/tcpdump-4.9.3-o0-tcpdump
Vulnerable Function Name: ns_nprint
Overall Score is: 0.658
--------------------------------------------
CVE ID: CVE-2017-13001
Target Binary: /binaries/target/tcpdump/tcpdump-4.9.1-o0-tcpdump
Vulnerable Function Name: nfs_printfh
Overall Score is: -0.551
--------------------------------------------
CVE ID: CVE-2017-13001
Target Binary: /binaries/target/tcpdump/tcpdump-4.9.0-o0-tcpdump
Vulnerable Function Name: nfs_printfh
Overall Score is: -0.551
--------------------------------------------
CVE ID: CVE-2017-13001
Target Binary: /binaries/target/tcpdump/tcpdump-4.8.1-o0-tcpdump
Vulnerable Function Name: nfs_printfh
Overall Score is: -0.563
--------------------------------------------
CVE ID: CVE-2017-13001
Target Binary: /binaries/target/tcpdump/tcpdump-4.9.3-o0-tcpdump
Vulnerable Function Name: nfs_printfh
Overall Score is: 0.799
--------------------------------------------
CVE ID: CVE-2017-13001
Target Binary: /binaries/target/tcpdump/tcpdump-4.99.0-bp-o0-tcpdump
Vulnerable Function Name: nfs_printfh
Overall Score is: 0.567
--------------------------------------------
CVE ID: CVE-2017-13001
Target Binary: /binaries/target/tcpdump/tcpdump-4.99-bp-o0-tcpdump
Vulnerable Function Name: nfs_printfh
Overall Score is: 0.567
--------------------------------------------
CVE ID: CVE-2017-13002
Target Binary: /binaries/target/tcpdump/tcpdump-4.9.1-o0-tcpdump
Vulnerable Function Name: aodv_extension
Overall Score is: -0.428
--------------------------------------------
CVE ID: CVE-2017-13002
Target Binary: /binaries/target/tcpdump/tcpdump-4.9.0-o0-tcpdump
Vulnerable Function Name: aodv_extension
Overall Score is: -0.428
--------------------------------------------
CVE ID: CVE-2017-13002
Target Binary: /binaries/target/tcpdump/tcpdump-4.8.1-o0-tcpdump
Vulnerable Function Name: aodv_extension
Overall Score is: -0.450
--------------------------------------------
CVE ID: CVE-2017-13002
Target Binary: /binaries/target/tcpdump/tcpdump-4.9.3-o0-tcpdump
Vulnerable Function Name: aodv_extension
Overall Score is: 0.575
--------------------------------------------
CVE ID: CVE-2017-13002
Target Binary: /binaries/target/tcpdump/tcpdump-4.99.0-bp-o0-tcpdump
Vulnerable Function Name: aodv_extension
Overall Score is: 0.066
--------------------------------------------
CVE ID: CVE-2017-13002
Target Binary: /binaries/target/tcpdump/tcpdump-4.99-bp-o0-tcpdump
Vulnerable Function Name: aodv_extension
Overall Score is: 0.066
--------------------------------------------
CVE ID: CVE-2017-13003
Target Binary: /binaries/target/tcpdump/tcpdump-4.9.1-o0-tcpdump
Vulnerable Function Name: lmp_print
Overall Score is: -0.330
--------------------------------------------
CVE ID: CVE-2017-13003
Target Binary: /binaries/target/tcpdump/tcpdump-4.9.0-o0-tcpdump
Vulnerable Function Name: lmp_print
Overall Score is: -0.330
--------------------------------------------
CVE ID: CVE-2017-13003
Target Binary: /binaries/target/tcpdump/tcpdump-4.8.1-o0-tcpdump
Vulnerable Function Name: lmp_print
Overall Score is: -0.389
--------------------------------------------
CVE ID: CVE-2017-13003
Target Binary: /binaries/target/tcpdump/tcpdump-4.9.3-o0-tcpdump
Vulnerable Function Name: lmp_print
Overall Score is: 0.674
--------------------------------------------
CVE ID: CVE-2017-13003
Target Binary: /binaries/target/tcpdump/tcpdump-4.99.0-bp-o0-tcpdump
Vulnerable Function Name: lmp_print
Overall Score is: 0.554
--------------------------------------------
CVE ID: CVE-2017-13003
Target Binary: /binaries/target/tcpdump/tcpdump-4.99-bp-o0-tcpdump
Vulnerable Function Name: lmp_print
Overall Score is: 0.554
--------------------------------------------
CVE ID: CVE-2017-13007
Target Binary: /binaries/target/tcpdump/tcpdump-4.9.1-o0-tcpdump
Vulnerable Function Name: pktap_if_print
Overall Score is: -0.804
--------------------------------------------
CVE ID: CVE-2017-13007
Target Binary: /binaries/target/tcpdump/tcpdump-4.9.0-o0-tcpdump
Vulnerable Function Name: pktap_if_print
Overall Score is: -0.804
--------------------------------------------
CVE ID: CVE-2017-13007
Target Binary: /binaries/target/tcpdump/tcpdump-4.8.1-o0-tcpdump
Vulnerable Function Name: pktap_if_print
Overall Score is: -0.813
--------------------------------------------
CVE ID: CVE-2017-13007
Target Binary: /binaries/target/tcpdump/tcpdump-4.9.3-o0-tcpdump
Vulnerable Function Name: pktap_if_print
Overall Score is: 0.926
--------------------------------------------
CVE ID: CVE-2017-13007
Target Binary: /binaries/target/tcpdump/tcpdump-4.99.0-bp-o0-tcpdump
Vulnerable Function Name: pktap_if_print
Overall Score is: 0.637
--------------------------------------------
CVE ID: CVE-2017-13007
Target Binary: /binaries/target/tcpdump/tcpdump-4.99-bp-o0-tcpdump
Vulnerable Function Name: pktap_if_print
Overall Score is: 0.637
--------------------------------------------
CVE ID: CVE-2017-13030
Target Binary: /binaries/target/tcpdump/tcpdump-4.9.1-o0-tcpdump
Vulnerable Function Name: cisco_autorp_print
Overall Score is: -0.899
--------------------------------------------
CVE ID: CVE-2017-13030
Target Binary: /binaries/target/tcpdump/tcpdump-4.9.0-o0-tcpdump
Vulnerable Function Name: cisco_autorp_print
Overall Score is: -0.899
--------------------------------------------
CVE ID: CVE-2017-13030
Target Binary: /binaries/target/tcpdump/tcpdump-4.8.1-o0-tcpdump
Vulnerable Function Name: cisco_autorp_print
Overall Score is: -0.893
--------------------------------------------
CVE ID: CVE-2017-13030
Target Binary: /binaries/target/tcpdump/tcpdump-4.9.3-o0-tcpdump
Vulnerable Function Name: cisco_autorp_print
Overall Score is: 0.868
--------------------------------------------
CVE ID: CVE-2017-13030
Target Binary: /binaries/target/tcpdump/tcpdump-4.99.0-bp-o0-tcpdump
Vulnerable Function Name: cisco_autorp_print
Overall Score is: 0.669
--------------------------------------------
CVE ID: CVE-2017-13030
Target Binary: /binaries/target/tcpdump/tcpdump-4.99-bp-o0-tcpdump
Vulnerable Function Name: cisco_autorp_print
Overall Score is: 0.669
--------------------------------------------
CVE ID: CVE-2017-13031
Target Binary: /binaries/target/tcpdump/tcpdump-4.9.1-o0-tcpdump
Vulnerable Function Name: frag6_print
Overall Score is: 0.074
--------------------------------------------
CVE ID: CVE-2017-13031
Target Binary: /binaries/target/tcpdump/tcpdump-4.9.0-o0-tcpdump
Vulnerable Function Name: frag6_print
Overall Score is: 0.074
--------------------------------------------
CVE ID: CVE-2017-13031
Target Binary: /binaries/target/tcpdump/tcpdump-4.8.1-o0-tcpdump
Vulnerable Function Name: frag6_print
Overall Score is: 0.074
--------------------------------------------
CVE ID: CVE-2017-13031
Target Binary: /binaries/target/tcpdump/tcpdump-4.9.3-o0-tcpdump
Vulnerable Function Name: frag6_print
Overall Score is: 0.380
--------------------------------------------
CVE ID: CVE-2017-13031
Target Binary: /binaries/target/tcpdump/tcpdump-4.99.0-bp-o0-tcpdump
Vulnerable Function Name: frag6_print
Overall Score is: -0.058
--------------------------------------------
CVE ID: CVE-2017-13031
Target Binary: /binaries/target/tcpdump/tcpdump-4.99-bp-o0-tcpdump
Vulnerable Function Name: frag6_print
Overall Score is: -0.058
--------------------------------------------
CVE ID: CVE-2017-13035
Target Binary: /binaries/target/tcpdump/tcpdump-4.9.1-o0-tcpdump
Vulnerable Function Name: isis_print_id
Overall Score is: -0.921
--------------------------------------------
CVE ID: CVE-2017-13035
Target Binary: /binaries/target/tcpdump/tcpdump-4.9.0-o0-tcpdump
Vulnerable Function Name: isis_print_id
Overall Score is: -0.921
--------------------------------------------
CVE ID: CVE-2017-13035
Target Binary: /binaries/target/tcpdump/tcpdump-4.8.1-o0-tcpdump
Vulnerable Function Name: isis_print_id
Overall Score is: -0.921
--------------------------------------------
CVE ID: CVE-2017-13035
Target Binary: /binaries/target/tcpdump/tcpdump-4.9.3-o0-tcpdump
Vulnerable Function Name: isis_print_id
Overall Score is: 0.825
--------------------------------------------
CVE ID: CVE-2017-13035
Target Binary: /binaries/target/tcpdump/tcpdump-4.99.0-bp-o0-tcpdump
Vulnerable Function Name: isis_print_id
Overall Score is: 0.825
--------------------------------------------
CVE ID: CVE-2017-13035
Target Binary: /binaries/target/tcpdump/tcpdump-4.99-bp-o0-tcpdump
Vulnerable Function Name: isis_print_id
Overall Score is: 0.825
--------------------------------------------
CVE ID: CVE-2017-13039
Target Binary: /binaries/target/tcpdump/tcpdump-4.9.1-o0-tcpdump
Vulnerable Function Name: ikev1_attrmap_print
Overall Score is: -0.904
--------------------------------------------
CVE ID: CVE-2017-13039
Target Binary: /binaries/target/tcpdump/tcpdump-4.9.0-o0-tcpdump
Vulnerable Function Name: ikev1_attrmap_print
Overall Score is: -0.904
--------------------------------------------
CVE ID: CVE-2017-13039
Target Binary: /binaries/target/tcpdump/tcpdump-4.8.1-o0-tcpdump
Vulnerable Function Name: ikev1_attrmap_print
Overall Score is: -0.904
--------------------------------------------
CVE ID: CVE-2017-13039
Target Binary: /binaries/target/tcpdump/tcpdump-4.9.3-o0-tcpdump
Vulnerable Function Name: ikev1_attrmap_print
Overall Score is: 0.953
--------------------------------------------
CVE ID: CVE-2017-13039
Target Binary: /binaries/target/tcpdump/tcpdump-4.99.0-bp-o0-tcpdump
Vulnerable Function Name: ikev1_attrmap_print
Overall Score is: -0.152
--------------------------------------------
CVE ID: CVE-2017-13039
Target Binary: /binaries/target/tcpdump/tcpdump-4.99-bp-o0-tcpdump
Vulnerable Function Name: ikev1_attrmap_print
Overall Score is: -0.152
--------------------------------------------
CVE ID: CVE-2017-13050
Target Binary: /binaries/target/tcpdump/tcpdump-4.9.1-o0-tcpdump
Vulnerable Function Name: rpki_rtr_pdu_print
Overall Score is: -0.896
--------------------------------------------
CVE ID: CVE-2017-13050
Target Binary: /binaries/target/tcpdump/tcpdump-4.9.0-o0-tcpdump
Vulnerable Function Name: rpki_rtr_pdu_print
Overall Score is: -0.896
--------------------------------------------
CVE ID: CVE-2017-13050
Target Binary: /binaries/target/tcpdump/tcpdump-4.8.1-o0-tcpdump
Vulnerable Function Name: rpki_rtr_pdu_print
Overall Score is: -0.762
--------------------------------------------
CVE ID: CVE-2017-13050
Target Binary: /binaries/target/tcpdump/tcpdump-4.9.3-o0-tcpdump
Vulnerable Function Name: rpki_rtr_pdu_print
Overall Score is: 0.938
--------------------------------------------
CVE ID: CVE-2017-13050
Target Binary: /binaries/target/tcpdump/tcpdump-4.99.0-bp-o0-tcpdump
Vulnerable Function Name: rpki_rtr_pdu_print
Overall Score is: 0.421
--------------------------------------------
CVE ID: CVE-2017-13050
Target Binary: /binaries/target/tcpdump/tcpdump-4.99-bp-o0-tcpdump
Vulnerable Function Name: rpki_rtr_pdu_print
Overall Score is: 0.421
--------------------------------------------
CVE ID: CVE-2017-13052
Target Binary: /binaries/target/tcpdump/tcpdump-4.9.1-o0-tcpdump
Vulnerable Function Name: cfm_network_addr_print
Overall Score is: -0.908
--------------------------------------------
CVE ID: CVE-2017-13052
Target Binary: /binaries/target/tcpdump/tcpdump-4.9.0-o0-tcpdump
Vulnerable Function Name: cfm_network_addr_print
Overall Score is: -0.908
--------------------------------------------
CVE ID: CVE-2017-13052
Target Binary: /binaries/target/tcpdump/tcpdump-4.9.3-o0-tcpdump
Vulnerable Function Name: cfm_network_addr_print
Overall Score is: 0.902
--------------------------------------------
CVE ID: CVE-2017-13052
Target Binary: /binaries/target/tcpdump/tcpdump-4.99.0-bp-o0-tcpdump
Vulnerable Function Name: cfm_network_addr_print
Overall Score is: 0.811
--------------------------------------------
CVE ID: CVE-2017-13052
Target Binary: /binaries/target/tcpdump/tcpdump-4.99-bp-o0-tcpdump
Vulnerable Function Name: cfm_network_addr_print
Overall Score is: 0.811
--------------------------------------------
CVE ID: CVE-2017-13053
Target Binary: /binaries/target/tcpdump/tcpdump-4.9.1-o0-tcpdump
Vulnerable Function Name: decode_rt_routing_info
Overall Score is: -0.312
--------------------------------------------
CVE ID: CVE-2017-13053
Target Binary: /binaries/target/tcpdump/tcpdump-4.9.0-o0-tcpdump
Vulnerable Function Name: decode_rt_routing_info
Overall Score is: -0.312
--------------------------------------------
CVE ID: CVE-2017-13053
Target Binary: /binaries/target/tcpdump/tcpdump-4.8.1-o0-tcpdump
Vulnerable Function Name: decode_rt_routing_info
Overall Score is: -0.334
--------------------------------------------
CVE ID: CVE-2017-13053
Target Binary: /binaries/target/tcpdump/tcpdump-4.9.3-o0-tcpdump
Vulnerable Function Name: decode_rt_routing_info
Overall Score is: 0.566
--------------------------------------------
CVE ID: CVE-2017-13053
Target Binary: /binaries/target/tcpdump/tcpdump-4.99.0-bp-o0-tcpdump
Vulnerable Function Name: decode_rt_routing_info
Overall Score is: -0.341
--------------------------------------------
CVE ID: CVE-2017-13053
Target Binary: /binaries/target/tcpdump/tcpdump-4.99-bp-o0-tcpdump
Vulnerable Function Name: decode_rt_routing_info
Overall Score is: -0.341
--------------------------------------------
CVE ID: CVE-2017-13687
Target Binary: /binaries/target/tcpdump/tcpdump-4.9.1-o0-tcpdump
Vulnerable Function Name: chdlc_print
Overall Score is: -0.904
--------------------------------------------
CVE ID: CVE-2017-13687
Target Binary: /binaries/target/tcpdump/tcpdump-4.9.0-o0-tcpdump
Vulnerable Function Name: chdlc_print
Overall Score is: -0.904
--------------------------------------------
CVE ID: CVE-2017-13687
Target Binary: /binaries/target/tcpdump/tcpdump-4.8.1-o0-tcpdump
Vulnerable Function Name: chdlc_print
Overall Score is: -0.904
--------------------------------------------
CVE ID: CVE-2017-13687
Target Binary: /binaries/target/tcpdump/tcpdump-4.9.3-o0-tcpdump
Vulnerable Function Name: chdlc_print
Overall Score is: 0.867
--------------------------------------------
CVE ID: CVE-2017-13687
Target Binary: /binaries/target/tcpdump/tcpdump-4.99.0-bp-o0-tcpdump
Vulnerable Function Name: chdlc_print
Overall Score is: 0.817
--------------------------------------------
CVE ID: CVE-2017-13687
Target Binary: /binaries/target/tcpdump/tcpdump-4.99-bp-o0-tcpdump
Vulnerable Function Name: chdlc_print
Overall Score is: 0.817
--------------------------------------------
CVE ID: CVE-2017-13690
Target Binary: /binaries/target/tcpdump/tcpdump-4.9.1-o0-tcpdump
Vulnerable Function Name: ikev2_ID_print
Overall Score is: -0.598
--------------------------------------------
CVE ID: CVE-2017-13690
Target Binary: /binaries/target/tcpdump/tcpdump-4.9.0-o0-tcpdump
Vulnerable Function Name: ikev2_ID_print
Overall Score is: -0.598
--------------------------------------------
CVE ID: CVE-2017-13690
Target Binary: /binaries/target/tcpdump/tcpdump-4.8.1-o0-tcpdump
Vulnerable Function Name: ikev2_ID_print
Overall Score is: -0.642
--------------------------------------------
CVE ID: CVE-2017-13690
Target Binary: /binaries/target/tcpdump/tcpdump-4.9.3-o0-tcpdump
Vulnerable Function Name: ikev2_ID_print
Overall Score is: 0.845
--------------------------------------------
CVE ID: CVE-2017-13690
Target Binary: /binaries/target/tcpdump/tcpdump-4.99.0-bp-o0-tcpdump
Vulnerable Function Name: ikev2_ID_print
Overall Score is: -0.499
--------------------------------------------
CVE ID: CVE-2017-13690
Target Binary: /binaries/target/tcpdump/tcpdump-4.99-bp-o0-tcpdump
Vulnerable Function Name: ikev2_ID_print
Overall Score is: -0.499
--------------------------------------------
CVE ID: CVE-2017-13725
Target Binary: /binaries/target/tcpdump/tcpdump-4.9.1-o0-tcpdump
Vulnerable Function Name: rt6_print
Overall Score is: -0.082
--------------------------------------------
CVE ID: CVE-2017-13725
Target Binary: /binaries/target/tcpdump/tcpdump-4.9.0-o0-tcpdump
Vulnerable Function Name: rt6_print
Overall Score is: -0.082
--------------------------------------------
CVE ID: CVE-2017-13725
Target Binary: /binaries/target/tcpdump/tcpdump-4.8.1-o0-tcpdump
Vulnerable Function Name: rt6_print
Overall Score is: -0.098
--------------------------------------------
CVE ID: CVE-2017-13725
Target Binary: /binaries/target/tcpdump/tcpdump-4.9.3-o0-tcpdump
Vulnerable Function Name: rt6_print
Overall Score is: 0.417
--------------------------------------------
CVE ID: CVE-2017-13725
Target Binary: /binaries/target/tcpdump/tcpdump-4.99.0-bp-o0-tcpdump
Vulnerable Function Name: rt6_print
Overall Score is: 0.189
--------------------------------------------
CVE ID: CVE-2017-13725
Target Binary: /binaries/target/tcpdump/tcpdump-4.99-bp-o0-tcpdump
Vulnerable Function Name: rt6_print
Overall Score is: 0.189
--------------------------------------------
CVE ID: CVE-2018-16228
Target Binary: /binaries/target/tcpdump/tcpdump-4.9.2-o0-tcpdump
Vulnerable Function Name: print_prefix
Overall Score is: -0.666
--------------------------------------------
CVE ID: CVE-2018-16228
Target Binary: /binaries/target/tcpdump/tcpdump-4.9.1-o0-tcpdump
Vulnerable Function Name: print_prefix
Overall Score is: -0.666
--------------------------------------------
CVE ID: CVE-2018-16228
Target Binary: /binaries/target/tcpdump/tcpdump-4.9.0-o0-tcpdump
Vulnerable Function Name: print_prefix
Overall Score is: -0.666
--------------------------------------------
CVE ID: CVE-2018-16228
Target Binary: /binaries/target/tcpdump/tcpdump-4.9.3-o0-tcpdump
Vulnerable Function Name: print_prefix
Overall Score is: 0.856
--------------------------------------------
CVE ID: CVE-2018-16228
Target Binary: /binaries/target/tcpdump/tcpdump-4.99.0-bp-o0-tcpdump
Vulnerable Function Name: print_prefix
Overall Score is: -0.197
--------------------------------------------
CVE ID: CVE-2018-16228
Target Binary: /binaries/target/tcpdump/tcpdump-4.99-bp-o0-tcpdump
Vulnerable Function Name: print_prefix
Overall Score is: -0.197
--------------------------------------------
CVE ID: CVE-2018-16300
Target Binary: /binaries/target/tcpdump/tcpdump-4.9.2-o0-tcpdump
Vulnerable Function Name: bgp_attr_print
Overall Score is: 0.066
--------------------------------------------
CVE ID: CVE-2018-16300
Target Binary: /binaries/target/tcpdump/tcpdump-4.9.1-o0-tcpdump
Vulnerable Function Name: bgp_attr_print
Overall Score is: 0.066
--------------------------------------------
CVE ID: CVE-2018-16300
Target Binary: /binaries/target/tcpdump/tcpdump-4.9.0-o0-tcpdump
Vulnerable Function Name: bgp_attr_print
Overall Score is: 0.066
--------------------------------------------
CVE ID: CVE-2018-16300
Target Binary: /binaries/target/tcpdump/tcpdump-4.9.3-o0-tcpdump
Vulnerable Function Name: bgp_attr_print
Overall Score is: 0.445
--------------------------------------------
CVE ID: CVE-2018-16300
Target Binary: /binaries/target/tcpdump/tcpdump-4.99.0-bp-o0-tcpdump
Vulnerable Function Name: bgp_attr_print
Overall Score is: 0.066
--------------------------------------------
CVE ID: CVE-2018-16300
Target Binary: /binaries/target/tcpdump/tcpdump-4.99-bp-o0-tcpdump
Vulnerable Function Name: bgp_attr_print
Overall Score is: 0.066
--------------------------------------------
