============================================
Patch Detection Log
Time: 2025-09-08 11:46:48
============================================
2025-09-08 11:46:48,338 - INFO - detecting CVE-2017-8395 bfd_init_section_compress_status
2025-09-08 11:46:48,338 - INFO - cmd: python main.py --detect --cve_id CVE-2017-8395 --target_bin /binaries/target/binutils/binutils-2.28-o2-objdump --vul_func_name bfd_init_section_compress_status --project binutils
2025-09-08 11:46:54,593 - INFO - success CVE-2017-8395,details in cve_test/CVE-2017-8395.log

2025-09-08 11:46:54,594 - INFO - detecting CVE-2017-8395 bfd_init_section_compress_status
2025-09-08 11:46:54,594 - INFO - cmd: python main.py --detect --cve_id CVE-2017-8395 --target_bin /binaries/target/binutils/binutils-2.29-o2-objdump --vul_func_name bfd_init_section_compress_status --project binutils
2025-09-08 11:47:01,718 - INFO - success CVE-2017-8395,details in cve_test/CVE-2017-8395.log

2025-09-08 11:47:01,719 - INFO - detecting CVE-2017-8395 bfd_init_section_compress_status
2025-09-08 11:47:01,719 - INFO - cmd: python main.py --detect --cve_id CVE-2017-8395 --target_bin /binaries/target/binutils/binutils-2.29.1-o2-objdump --vul_func_name bfd_init_section_compress_status --project binutils
2025-09-08 11:47:08,028 - INFO - success CVE-2017-8395,details in cve_test/CVE-2017-8395.log

2025-09-08 11:47:08,029 - INFO - detecting CVE-2017-8395 bfd_init_section_compress_status
2025-09-08 11:47:08,029 - INFO - cmd: python main.py --detect --cve_id CVE-2017-8395 --target_bin /binaries/target/binutils/binutils-2.30-o2-objdump --vul_func_name bfd_init_section_compress_status --project binutils
2025-09-08 11:47:14,429 - INFO - success CVE-2017-8395,details in cve_test/CVE-2017-8395.log

2025-09-08 11:47:14,430 - INFO - detecting CVE-2017-8396 _bfd_final_link_relocate
2025-09-08 11:47:14,431 - INFO - cmd: python main.py --detect --cve_id CVE-2017-8396 --target_bin /binaries/target/binutils/binutils-2.28-o2-objdump --vul_func_name _bfd_final_link_relocate --project binutils
2025-09-08 11:47:22,843 - INFO - success CVE-2017-8396,details in cve_test/CVE-2017-8396.log

2025-09-08 11:47:22,844 - INFO - detecting CVE-2017-8396 _bfd_final_link_relocate
2025-09-08 11:47:22,845 - INFO - cmd: python main.py --detect --cve_id CVE-2017-8396 --target_bin /binaries/target/binutils/binutils-2.29-o2-objdump --vul_func_name _bfd_final_link_relocate --project binutils
2025-09-08 11:47:30,669 - INFO - success CVE-2017-8396,details in cve_test/CVE-2017-8396.log

2025-09-08 11:47:30,670 - INFO - detecting CVE-2017-8396 _bfd_final_link_relocate
2025-09-08 11:47:30,671 - INFO - cmd: python main.py --detect --cve_id CVE-2017-8396 --target_bin /binaries/target/binutils/binutils-2.29.1-o2-objdump --vul_func_name _bfd_final_link_relocate --project binutils
2025-09-08 11:47:39,394 - INFO - success CVE-2017-8396,details in cve_test/CVE-2017-8396.log

2025-09-08 11:47:39,395 - INFO - detecting CVE-2017-8396 _bfd_final_link_relocate
2025-09-08 11:47:39,395 - INFO - cmd: python main.py --detect --cve_id CVE-2017-8396 --target_bin /binaries/target/binutils/binutils-2.30-o2-objdump --vul_func_name _bfd_final_link_relocate --project binutils
2025-09-08 11:47:47,353 - INFO - success CVE-2017-8396,details in cve_test/CVE-2017-8396.log

2025-09-08 11:47:47,354 - INFO - detecting CVE-2017-8396 bfd_install_relocation
2025-09-08 11:47:47,355 - INFO - cmd: python main.py --detect --cve_id CVE-2017-8396 --target_bin /binaries/target/binutils/binutils-2.28-o2-objdump --vul_func_name bfd_install_relocation --project binutils
2025-09-08 11:47:57,372 - INFO - success CVE-2017-8396,details in cve_test/CVE-2017-8396.log

2025-09-08 11:47:57,373 - INFO - detecting CVE-2017-8396 bfd_install_relocation
2025-09-08 11:47:57,374 - INFO - cmd: python main.py --detect --cve_id CVE-2017-8396 --target_bin /binaries/target/binutils/binutils-2.29-o2-objdump --vul_func_name bfd_install_relocation --project binutils
2025-09-08 11:48:06,913 - INFO - success CVE-2017-8396,details in cve_test/CVE-2017-8396.log

2025-09-08 11:48:06,914 - INFO - detecting CVE-2017-8396 bfd_install_relocation
2025-09-08 11:48:06,915 - INFO - cmd: python main.py --detect --cve_id CVE-2017-8396 --target_bin /binaries/target/binutils/binutils-2.29.1-o2-objdump --vul_func_name bfd_install_relocation --project binutils
2025-09-08 11:48:17,606 - INFO - success CVE-2017-8396,details in cve_test/CVE-2017-8396.log

2025-09-08 11:48:17,607 - INFO - detecting CVE-2017-8396 bfd_install_relocation
2025-09-08 11:48:17,608 - INFO - cmd: python main.py --detect --cve_id CVE-2017-8396 --target_bin /binaries/target/binutils/binutils-2.30-o2-objdump --vul_func_name bfd_install_relocation --project binutils
2025-09-08 11:48:25,614 - INFO - success CVE-2017-8396,details in cve_test/CVE-2017-8396.log

2025-09-08 11:48:25,615 - INFO - detecting CVE-2017-9954 pass_over
2025-09-08 11:48:25,616 - INFO - cmd: python main.py --detect --cve_id CVE-2017-9954 --target_bin /binaries/target/binutils/binutils-2.28-o2-objdump --vul_func_name pass_over --project binutils
2025-09-08 11:48:29,760 - ERROR - fail CVE-2017-9954 ,details1

2025-09-08 11:48:29,761 - INFO - detecting CVE-2017-9954 pass_over
2025-09-08 11:48:29,762 - INFO - cmd: python main.py --detect --cve_id CVE-2017-9954 --target_bin /binaries/target/binutils/binutils-2.29-o2-objdump --vul_func_name pass_over --project binutils
2025-09-08 11:48:34,485 - ERROR - fail CVE-2017-9954 ,details1

2025-09-08 11:48:34,486 - INFO - detecting CVE-2017-9954 pass_over
2025-09-08 11:48:34,487 - INFO - cmd: python main.py --detect --cve_id CVE-2017-9954 --target_bin /binaries/target/binutils/binutils-2.29.1-o2-objdump --vul_func_name pass_over --project binutils
2025-09-08 11:48:39,119 - ERROR - fail CVE-2017-9954 ,details1

2025-09-08 11:48:39,120 - INFO - detecting CVE-2017-9954 pass_over
2025-09-08 11:48:39,121 - INFO - cmd: python main.py --detect --cve_id CVE-2017-9954 --target_bin /binaries/target/binutils/binutils-2.30-o2-objdump --vul_func_name pass_over --project binutils
2025-09-08 11:48:43,611 - ERROR - fail CVE-2017-9954 ,details1

2025-09-08 11:48:43,612 - INFO - detecting CVE-2017-9954 getvalue
2025-09-08 11:48:43,612 - INFO - cmd: python main.py --detect --cve_id CVE-2017-9954 --target_bin /binaries/target/binutils/binutils-2.28-o2-objdump --vul_func_name getvalue --project binutils
2025-09-08 11:48:50,475 - INFO - success CVE-2017-9954,details in cve_test/CVE-2017-9954.log

2025-09-08 11:48:50,476 - INFO - detecting CVE-2017-9954 getvalue
2025-09-08 11:48:50,477 - INFO - cmd: python main.py --detect --cve_id CVE-2017-9954 --target_bin /binaries/target/binutils/binutils-2.29-o2-objdump --vul_func_name getvalue --project binutils
2025-09-08 11:48:56,731 - INFO - success CVE-2017-9954,details in cve_test/CVE-2017-9954.log

2025-09-08 11:48:56,732 - INFO - detecting CVE-2017-9954 getvalue
2025-09-08 11:48:56,733 - INFO - cmd: python main.py --detect --cve_id CVE-2017-9954 --target_bin /binaries/target/binutils/binutils-2.29.1-o-objdump --vul_func_name getvalue --project binutils
2025-09-08 11:49:00,537 - ERROR - fail CVE-2017-9954 ,details1

2025-09-08 11:49:00,538 - INFO - detecting CVE-2017-9954 getvalue
2025-09-08 11:49:00,538 - INFO - cmd: python main.py --detect --cve_id CVE-2017-9954 --target_bin /binaries/target/binutils/binutils-2.30-o2-objdump --vul_func_name getvalue --project binutils
2025-09-08 11:49:06,921 - INFO - success CVE-2017-9954,details in cve_test/CVE-2017-9954.log

2025-09-08 11:49:06,922 - INFO - detecting CVE-2017-13710 setup_group
2025-09-08 11:49:06,922 - INFO - cmd: python main.py --detect --cve_id CVE-2017-13710 --target_bin /binaries/target/binutils/binutils-2.29-o2-objdump --vul_func_name setup_group --project binutils
2025-09-08 11:49:11,279 - ERROR - fail CVE-2017-13710 ,details1

2025-09-08 11:49:11,280 - INFO - detecting CVE-2017-13710 setup_group
2025-09-08 11:49:11,280 - INFO - cmd: python main.py --detect --cve_id CVE-2017-13710 --target_bin /binaries/target/binutils/binutils-2.29.1-o2-objdump --vul_func_name setup_group --project binutils
2025-09-08 11:49:16,219 - ERROR - fail CVE-2017-13710 ,details1

2025-09-08 11:49:16,220 - INFO - detecting CVE-2017-13710 setup_group
2025-09-08 11:49:16,221 - INFO - cmd: python main.py --detect --cve_id CVE-2017-13710 --target_bin /binaries/target/binutils/binutils-2.30-o2-objdump --vul_func_name setup_group --project binutils
2025-09-08 11:49:20,556 - ERROR - fail CVE-2017-13710 ,details1

2025-09-08 11:49:20,557 - INFO - detecting CVE-2017-13710 setup_group
2025-09-08 11:49:20,557 - INFO - cmd: python main.py --detect --cve_id CVE-2017-13710 --target_bin /binaries/target/binutils/binutils-2.31-o2-objdump --vul_func_name setup_group --project binutils
2025-09-08 11:49:24,788 - ERROR - fail CVE-2017-13710 ,details1

2025-09-08 11:49:24,788 - INFO - detecting CVE-2017-14129 read_section
2025-09-08 11:49:24,789 - INFO - cmd: python main.py --detect --cve_id CVE-2017-14129 --target_bin /binaries/target/binutils/binutils-2.29-o2-objdump --vul_func_name read_section --project binutils
2025-09-08 11:49:33,912 - INFO - success CVE-2017-14129,details in cve_test/CVE-2017-14129.log

2025-09-08 11:49:33,913 - INFO - detecting CVE-2017-14129 read_section
2025-09-08 11:49:33,913 - INFO - cmd: python main.py --detect --cve_id CVE-2017-14129 --target_bin /binaries/target/binutils/binutils-2.29.1-o2-objdump --vul_func_name read_section --project binutils
2025-09-08 11:49:44,470 - INFO - success CVE-2017-14129,details in cve_test/CVE-2017-14129.log

2025-09-08 11:49:44,471 - INFO - detecting CVE-2017-14129 read_section
2025-09-08 11:49:44,471 - INFO - cmd: python main.py --detect --cve_id CVE-2017-14129 --target_bin /binaries/target/binutils/binutils-2.30-o2-objdump --vul_func_name read_section --project binutils
2025-09-08 11:49:54,791 - INFO - success CVE-2017-14129,details in cve_test/CVE-2017-14129.log

2025-09-08 11:49:54,792 - INFO - detecting CVE-2017-14129 read_section
2025-09-08 11:49:54,793 - INFO - cmd: python main.py --detect --cve_id CVE-2017-14129 --target_bin /binaries/target/binutils/binutils-2.31-o2-objdump --vul_func_name read_section --project binutils
2025-09-08 11:50:03,700 - INFO - success CVE-2017-14129,details in cve_test/CVE-2017-14129.log

2025-09-08 11:50:03,701 - INFO - detecting CVE-2017-12448 bfd_generic_archive_p
2025-09-08 11:50:03,701 - INFO - cmd: python main.py --detect --cve_id CVE-2017-12448 --target_bin /binaries/target/binutils/binutils-2.29-o2-objdump --vul_func_name bfd_generic_archive_p --project binutils
2025-09-08 11:50:12,172 - INFO - success CVE-2017-12448,details in cve_test/CVE-2017-12448.log

2025-09-08 11:50:12,173 - INFO - detecting CVE-2017-12448 bfd_generic_archive_p
2025-09-08 11:50:12,173 - INFO - cmd: python main.py --detect --cve_id CVE-2017-12448 --target_bin /binaries/target/binutils/binutils-2.28-o2-objdump --vul_func_name bfd_generic_archive_p --project binutils
2025-09-08 11:50:19,322 - INFO - success CVE-2017-12448,details in cve_test/CVE-2017-12448.log

2025-09-08 11:50:19,322 - INFO - detecting CVE-2017-12448 bfd_generic_archive_p
2025-09-08 11:50:19,323 - INFO - cmd: python main.py --detect --cve_id CVE-2017-12448 --target_bin /binaries/target/binutils/binutils-2.27-o2-objdump --vul_func_name bfd_generic_archive_p --project binutils
2025-09-08 11:50:27,047 - INFO - success CVE-2017-12448,details in cve_test/CVE-2017-12448.log

2025-09-08 11:50:27,048 - INFO - detecting CVE-2017-12448 bfd_generic_archive_p
2025-09-08 11:50:27,048 - INFO - cmd: python main.py --detect --cve_id CVE-2017-12448 --target_bin /binaries/target/binutils/binutils-2.29.1-o2-objdump --vul_func_name bfd_generic_archive_p --project binutils
2025-09-08 11:50:34,713 - INFO - success CVE-2017-12448,details in cve_test/CVE-2017-12448.log

2025-09-08 11:50:34,714 - INFO - detecting CVE-2017-12448 bfd_generic_archive_p
2025-09-08 11:50:34,714 - INFO - cmd: python main.py --detect --cve_id CVE-2017-12448 --target_bin /binaries/target/binutils/binutils-2.30-o2-objdump --vul_func_name bfd_generic_archive_p --project binutils
2025-09-08 11:50:42,531 - INFO - success CVE-2017-12448,details in cve_test/CVE-2017-12448.log

2025-09-08 11:50:42,532 - INFO - detecting CVE-2017-12448 bfd_generic_archive_p
2025-09-08 11:50:42,532 - INFO - cmd: python main.py --detect --cve_id CVE-2017-12448 --target_bin /binaries/target/binutils/binutils-2.31-o2-objdump --vul_func_name bfd_generic_archive_p --project binutils
2025-09-08 11:50:50,742 - INFO - success CVE-2017-12448,details in cve_test/CVE-2017-12448.log

2025-09-08 11:50:50,743 - INFO - detecting CVE-2017-15024 scan_unit_for_symbols
2025-09-08 11:50:50,743 - INFO - cmd: python main.py --detect --cve_id CVE-2017-15024 --target_bin /binaries/target/binutils/binutils-2.29-o2-objdump --vul_func_name scan_unit_for_symbols --project binutils
2025-09-08 11:50:57,302 - INFO - success CVE-2017-15024,details in cve_test/CVE-2017-15024.log

2025-09-08 11:50:57,303 - INFO - detecting CVE-2017-15024 scan_unit_for_symbols
2025-09-08 11:50:57,303 - INFO - cmd: python main.py --detect --cve_id CVE-2017-15024 --target_bin /binaries/target/binutils/binutils-2.29.1-o2-objdump --vul_func_name scan_unit_for_symbols --project binutils
2025-09-08 11:51:03,997 - INFO - success CVE-2017-15024,details in cve_test/CVE-2017-15024.log

2025-09-08 11:51:03,997 - INFO - detecting CVE-2017-15024 scan_unit_for_symbols
2025-09-08 11:51:03,998 - INFO - cmd: python main.py --detect --cve_id CVE-2017-15024 --target_bin /binaries/target/binutils/binutils-2.30-o2-objdump --vul_func_name scan_unit_for_symbols --project binutils
2025-09-08 11:51:11,719 - INFO - success CVE-2017-15024,details in cve_test/CVE-2017-15024.log

2025-09-08 11:51:11,720 - INFO - detecting CVE-2017-15024 scan_unit_for_symbols
2025-09-08 11:51:11,721 - INFO - cmd: python main.py --detect --cve_id CVE-2017-15024 --target_bin /binaries/target/binutils/binutils-2.31-o2-objdump --vul_func_name scan_unit_for_symbols --project binutils
2025-09-08 11:51:18,943 - INFO - success CVE-2017-15024,details in cve_test/CVE-2017-15024.log

2025-09-08 11:51:18,944 - INFO - detecting CVE-2017-15024 find_abstract_instance_name
2025-09-08 11:51:18,944 - INFO - cmd: python main.py --detect --cve_id CVE-2017-15024 --target_bin /binaries/target/binutils/binutils-2.29-o2-objdump --vul_func_name find_abstract_instance_name --project binutils
2025-09-08 11:51:23,652 - ERROR - fail CVE-2017-15024 ,details1

2025-09-08 11:51:23,653 - INFO - detecting CVE-2017-15024 find_abstract_instance_name
2025-09-08 11:51:23,653 - INFO - cmd: python main.py --detect --cve_id CVE-2017-15024 --target_bin /binaries/target/binutils/binutils-2.29.1-o2-objdump --vul_func_name find_abstract_instance_name --project binutils
2025-09-08 11:51:28,153 - ERROR - fail CVE-2017-15024 ,details1

2025-09-08 11:51:28,154 - INFO - detecting CVE-2017-15024 find_abstract_instance_name
2025-09-08 11:51:28,155 - INFO - cmd: python main.py --detect --cve_id CVE-2017-15024 --target_bin /binaries/target/binutils/binutils-2.30-o2-objdump --vul_func_name find_abstract_instance_name --project binutils
2025-09-08 11:51:32,859 - ERROR - fail CVE-2017-15024 ,details1

2025-09-08 11:51:32,860 - INFO - detecting CVE-2017-15024 find_abstract_instance_name
2025-09-08 11:51:32,860 - INFO - cmd: python main.py --detect --cve_id CVE-2017-15024 --target_bin /binaries/target/binutils/binutils-2.31-o2-objdump --vul_func_name find_abstract_instance_name --project binutils
2025-09-08 11:51:37,619 - ERROR - fail CVE-2017-15024 ,details1

2025-09-08 11:51:37,620 - INFO - detecting CVE-2017-15020 parse_line_table
2025-09-08 11:51:37,620 - INFO - cmd: python main.py --detect --cve_id CVE-2017-15020 --target_bin /binaries/target/binutils/binutils-2.29-o2-objdump --vul_func_name parse_line_table --project binutils
2025-09-08 11:51:42,401 - ERROR - fail CVE-2017-15020 ,details1

2025-09-08 11:51:42,402 - INFO - detecting CVE-2017-15020 parse_line_table
2025-09-08 11:51:42,403 - INFO - cmd: python main.py --detect --cve_id CVE-2017-15020 --target_bin /binaries/target/binutils/binutils-2.30-o2-objdump --vul_func_name parse_line_table --project binutils
2025-09-08 11:51:47,117 - ERROR - fail CVE-2017-15020 ,details1

2025-09-08 11:51:47,118 - INFO - detecting CVE-2017-15020 parse_line_table
2025-09-08 11:51:47,118 - INFO - cmd: python main.py --detect --cve_id CVE-2017-15020 --target_bin /binaries/target/binutils/binutils-2.31-o2-objdump --vul_func_name parse_line_table --project binutils
2025-09-08 11:51:51,286 - ERROR - fail CVE-2017-15020 ,details1

2025-09-08 11:51:51,287 - INFO - detecting CVE-2017-15020 parse_line_table
2025-09-08 11:51:51,287 - INFO - cmd: python main.py --detect --cve_id CVE-2017-15020 --target_bin /binaries/target/binutils/binutils-2.31.1-o2-objdump --vul_func_name parse_line_table --project binutils
2025-09-08 11:51:55,374 - ERROR - fail CVE-2017-15020 ,details1

2025-09-08 11:51:55,375 - INFO - detecting CVE-2017-15020 parse_die
2025-09-08 11:51:55,375 - INFO - cmd: python main.py --detect --cve_id CVE-2017-15020 --target_bin /binaries/target/binutils/binutils-2.29-o2-objdump --vul_func_name parse_die --project binutils
2025-09-08 11:52:02,252 - INFO - success CVE-2017-15020,details in cve_test/CVE-2017-15020.log

2025-09-08 11:52:02,253 - INFO - detecting CVE-2017-15020 parse_die
2025-09-08 11:52:02,253 - INFO - cmd: python main.py --detect --cve_id CVE-2017-15020 --target_bin /binaries/target/binutils/binutils-2.30-o2-objdump --vul_func_name parse_die --project binutils
2025-09-08 11:52:09,229 - INFO - success CVE-2017-15020,details in cve_test/CVE-2017-15020.log

2025-09-08 11:52:09,230 - INFO - detecting CVE-2017-15020 parse_die
2025-09-08 11:52:09,231 - INFO - cmd: python main.py --detect --cve_id CVE-2017-15020 --target_bin /binaries/target/binutils/binutils-2.31-o2-objdump --vul_func_name parse_die --project binutils
2025-09-08 11:52:16,253 - INFO - success CVE-2017-15020,details in cve_test/CVE-2017-15020.log

2025-09-08 11:52:16,254 - INFO - detecting CVE-2017-15020 parse_die
2025-09-08 11:52:16,254 - INFO - cmd: python main.py --detect --cve_id CVE-2017-15020 --target_bin /binaries/target/binutils/binutils-2.31.1-o2-objdump --vul_func_name parse_die --project binutils
2025-09-08 11:52:22,963 - INFO - success CVE-2017-15020,details in cve_test/CVE-2017-15020.log

2025-09-08 11:52:22,964 - INFO - detecting CVE-2017-15023 read_formatted_entries
2025-09-08 11:52:22,964 - INFO - cmd: python main.py --detect --cve_id CVE-2017-15023 --target_bin /binaries/target/binutils/binutils-2.29-o2-objdump --vul_func_name read_formatted_entries --project binutils
2025-09-08 11:52:31,054 - INFO - success CVE-2017-15023,details in cve_test/CVE-2017-15023.log

2025-09-08 11:52:31,055 - INFO - detecting CVE-2017-15023 read_formatted_entries
2025-09-08 11:52:31,056 - INFO - cmd: python main.py --detect --cve_id CVE-2017-15023 --target_bin /binaries/target/binutils/binutils-2.30-o2-objdump --vul_func_name read_formatted_entries --project binutils
2025-09-08 11:52:38,772 - INFO - success CVE-2017-15023,details in cve_test/CVE-2017-15023.log

2025-09-08 11:52:38,773 - INFO - detecting CVE-2017-15023 read_formatted_entries
2025-09-08 11:52:38,773 - INFO - cmd: python main.py --detect --cve_id CVE-2017-15023 --target_bin /binaries/target/binutils/binutils-2.31-o2-objdump --vul_func_name read_formatted_entries --project binutils
2025-09-08 11:52:45,749 - INFO - success CVE-2017-15023,details in cve_test/CVE-2017-15023.log

2025-09-08 11:52:45,750 - INFO - detecting CVE-2017-15023 read_formatted_entries
2025-09-08 11:52:45,750 - INFO - cmd: python main.py --detect --cve_id CVE-2017-15023 --target_bin /binaries/target/binutils/binutils-2.31.1-o2-objdump --vul_func_name read_formatted_entries --project binutils
2025-09-08 11:52:53,810 - INFO - success CVE-2017-15023,details in cve_test/CVE-2017-15023.log

2025-09-08 11:52:53,811 - INFO - detecting CVE-2017-14933 read_formatted_entries
2025-09-08 11:52:53,811 - INFO - cmd: python main.py --detect --cve_id CVE-2017-14933 --target_bin /binaries/target/binutils/binutils-2.29-o2-objdump --vul_func_name read_formatted_entries --project binutils
2025-09-08 11:53:01,308 - INFO - success CVE-2017-14933,details in cve_test/CVE-2017-14933.log

2025-09-08 11:53:01,309 - INFO - detecting CVE-2017-14933 read_formatted_entries
2025-09-08 11:53:01,309 - INFO - cmd: python main.py --detect --cve_id CVE-2017-14933 --target_bin /binaries/target/binutils/binutils-2.30-o2-objdump --vul_func_name read_formatted_entries --project binutils
2025-09-08 11:53:08,502 - INFO - success CVE-2017-14933,details in cve_test/CVE-2017-14933.log

2025-09-08 11:53:08,503 - INFO - detecting CVE-2017-14933 read_formatted_entries
2025-09-08 11:53:08,504 - INFO - cmd: python main.py --detect --cve_id CVE-2017-14933 --target_bin /binaries/target/binutils/binutils-2.31-o2-objdump --vul_func_name read_formatted_entries --project binutils
2025-09-08 11:53:16,201 - INFO - success CVE-2017-14933,details in cve_test/CVE-2017-14933.log

2025-09-08 11:53:16,202 - INFO - detecting CVE-2017-14933 read_formatted_entries
2025-09-08 11:53:16,203 - INFO - cmd: python main.py --detect --cve_id CVE-2017-14933 --target_bin /binaries/target/binutils/binutils-2.31.1-o2-objdump --vul_func_name read_formatted_entries --project binutils
2025-09-08 11:53:23,835 - INFO - success CVE-2017-14933,details in cve_test/CVE-2017-14933.log

2025-09-08 11:53:23,836 - INFO - detecting CVE-2017-15938 find_abstract_instance_name
2025-09-08 11:53:23,836 - INFO - cmd: python main.py --detect --cve_id CVE-2017-15938 --target_bin /binaries/target/binutils/binutils-2.29-o2-objdump --vul_func_name find_abstract_instance_name --project binutils
2025-09-08 11:53:28,074 - ERROR - fail CVE-2017-15938 ,details1

2025-09-08 11:53:28,075 - INFO - detecting CVE-2017-15938 find_abstract_instance_name
2025-09-08 11:53:28,076 - INFO - cmd: python main.py --detect --cve_id CVE-2017-15938 --target_bin /binaries/target/binutils/binutils-2.30-o2-objdump --vul_func_name find_abstract_instance_name --project binutils
2025-09-08 11:53:32,738 - ERROR - fail CVE-2017-15938 ,details1

2025-09-08 11:53:32,738 - INFO - detecting CVE-2017-15938 find_abstract_instance_name
2025-09-08 11:53:32,739 - INFO - cmd: python main.py --detect --cve_id CVE-2017-15938 --target_bin /binaries/target/binutils/binutils-2.31-o2-objdump --vul_func_name find_abstract_instance_name --project binutils
2025-09-08 11:53:37,323 - ERROR - fail CVE-2017-15938 ,details1

2025-09-08 11:53:37,324 - INFO - detecting CVE-2017-15938 find_abstract_instance_name
2025-09-08 11:53:37,325 - INFO - cmd: python main.py --detect --cve_id CVE-2017-15938 --target_bin /binaries/target/binutils/binutils-2.31.1-o2-objdump --vul_func_name find_abstract_instance_name --project binutils
2025-09-08 11:53:41,945 - ERROR - fail CVE-2017-15938 ,details1

2025-09-08 11:53:41,946 - INFO - detecting CVE-2017-15939 decode_line_info
2025-09-08 11:53:41,947 - INFO - cmd: python main.py --detect --cve_id CVE-2017-15939 --target_bin /binaries/target/binutils/binutils-2.29-o2-objdump --vul_func_name decode_line_info --project binutils
2025-09-08 11:53:49,438 - INFO - success CVE-2017-15939,details in cve_test/CVE-2017-15939.log

2025-09-08 11:53:49,439 - INFO - detecting CVE-2017-15939 decode_line_info
2025-09-08 11:53:49,439 - INFO - cmd: python main.py --detect --cve_id CVE-2017-15939 --target_bin /binaries/target/binutils/binutils-2.30-o2-objdump --vul_func_name decode_line_info --project binutils
2025-09-08 11:53:57,731 - INFO - success CVE-2017-15939,details in cve_test/CVE-2017-15939.log

2025-09-08 11:53:57,732 - INFO - detecting CVE-2017-15939 decode_line_info
2025-09-08 11:53:57,733 - INFO - cmd: python main.py --detect --cve_id CVE-2017-15939 --target_bin /binaries/target/binutils/binutils-2.31-o2-objdump --vul_func_name decode_line_info --project binutils
2025-09-08 11:54:06,111 - INFO - success CVE-2017-15939,details in cve_test/CVE-2017-15939.log

2025-09-08 11:54:06,112 - INFO - detecting CVE-2017-15939 decode_line_info
2025-09-08 11:54:06,113 - INFO - cmd: python main.py --detect --cve_id CVE-2017-15939 --target_bin /binaries/target/binutils/binutils-2.31.1-o2-objdump --vul_func_name decode_line_info --project binutils
2025-09-08 11:54:13,980 - INFO - success CVE-2017-15939,details in cve_test/CVE-2017-15939.log

2025-09-08 11:54:13,980 - INFO - detecting CVE-2017-15996 process_archive_index_and_symbols
2025-09-08 11:54:13,981 - INFO - cmd: python main.py --detect --cve_id CVE-2017-15996 --target_bin /binaries/target/binutils/binutils-2.29-o2-objdump --vul_func_name process_archive_index_and_symbols --project binutils
2025-09-08 11:54:22,675 - INFO - success CVE-2017-15996,details in cve_test/CVE-2017-15996.log

2025-09-08 11:54:22,676 - INFO - detecting CVE-2017-15996 process_archive_index_and_symbols
2025-09-08 11:54:22,677 - INFO - cmd: python main.py --detect --cve_id CVE-2017-15996 --target_bin /binaries/target/binutils/binutils-2.30-o2-objdump --vul_func_name process_archive_index_and_symbols --project binutils
2025-09-08 11:54:30,746 - INFO - success CVE-2017-15996,details in cve_test/CVE-2017-15996.log

2025-09-08 11:54:30,747 - INFO - detecting CVE-2017-15996 process_archive_index_and_symbols
2025-09-08 11:54:30,747 - INFO - cmd: python main.py --detect --cve_id CVE-2017-15996 --target_bin /binaries/target/binutils/binutils-2.31-o2-objdump --vul_func_name process_archive_index_and_symbols --project binutils
2025-09-08 11:54:38,743 - INFO - success CVE-2017-15996,details in cve_test/CVE-2017-15996.log

2025-09-08 11:54:38,744 - INFO - detecting CVE-2017-15996 process_archive_index_and_symbols
2025-09-08 11:54:38,744 - INFO - cmd: python main.py --detect --cve_id CVE-2017-15996 --target_bin /binaries/target/binutils/binutils-2.31.1-o2-objdump --vul_func_name process_archive_index_and_symbols --project binutils
2025-09-08 11:54:45,915 - INFO - success CVE-2017-15996,details in cve_test/CVE-2017-15996.log

2025-09-08 11:54:45,916 - INFO - detecting CVE-2017-16831 coff_get_normalized_symtab
2025-09-08 11:54:45,917 - INFO - cmd: python main.py --detect --cve_id CVE-2017-16831 --target_bin /binaries/target/binutils/binutils-2.29.1-o2-objdump --vul_func_name coff_get_normalized_symtab --project binutils
2025-09-08 11:54:54,577 - INFO - success CVE-2017-16831,details in cve_test/CVE-2017-16831.log

2025-09-08 11:54:54,578 - INFO - detecting CVE-2017-16831 coff_get_normalized_symtab
2025-09-08 11:54:54,578 - INFO - cmd: python main.py --detect --cve_id CVE-2017-16831 --target_bin /binaries/target/binutils/binutils-2.30-o2-objdump --vul_func_name coff_get_normalized_symtab --project binutils
2025-09-08 11:55:04,634 - INFO - success CVE-2017-16831,details in cve_test/CVE-2017-16831.log

2025-09-08 11:55:04,635 - INFO - detecting CVE-2017-16831 coff_get_normalized_symtab
2025-09-08 11:55:04,635 - INFO - cmd: python main.py --detect --cve_id CVE-2017-16831 --target_bin /binaries/target/binutils/binutils-2.31-o2-objdump --vul_func_name coff_get_normalized_symtab --project binutils
2025-09-08 11:55:14,466 - INFO - success CVE-2017-16831,details in cve_test/CVE-2017-16831.log

2025-09-08 11:55:14,467 - INFO - detecting CVE-2017-16831 coff_get_normalized_symtab
2025-09-08 11:55:14,467 - INFO - cmd: python main.py --detect --cve_id CVE-2017-16831 --target_bin /binaries/target/binutils/binutils-2.31.1-o2-objdump --vul_func_name coff_get_normalized_symtab --project binutils
2025-09-08 11:55:24,401 - INFO - success CVE-2017-16831,details in cve_test/CVE-2017-16831.log

2025-09-08 11:55:24,402 - INFO - detecting CVE-2017-16831 _bfd_coff_get_external_symbols
2025-09-08 11:55:24,403 - INFO - cmd: python main.py --detect --cve_id CVE-2017-16831 --target_bin /binaries/target/binutils/binutils-2.29.1-o2-objdump --vul_func_name _bfd_coff_get_external_symbols --project binutils
2025-09-08 11:55:31,628 - INFO - success CVE-2017-16831,details in cve_test/CVE-2017-16831.log

2025-09-08 11:55:31,629 - INFO - detecting CVE-2017-16831 _bfd_coff_get_external_symbols
2025-09-08 11:55:31,630 - INFO - cmd: python main.py --detect --cve_id CVE-2017-16831 --target_bin /binaries/target/binutils/binutils-2.30-o2-objdump --vul_func_name _bfd_coff_get_external_symbols --project binutils
2025-09-08 11:55:38,964 - INFO - success CVE-2017-16831,details in cve_test/CVE-2017-16831.log

2025-09-08 11:55:38,965 - INFO - detecting CVE-2017-16831 _bfd_coff_get_external_symbols
2025-09-08 11:55:38,965 - INFO - cmd: python main.py --detect --cve_id CVE-2017-16831 --target_bin /binaries/target/binutils/binutils-2.31-o2-objdump --vul_func_name _bfd_coff_get_external_symbols --project binutils
2025-09-08 11:55:45,476 - INFO - success CVE-2017-16831,details in cve_test/CVE-2017-16831.log

2025-09-08 11:55:45,477 - INFO - detecting CVE-2017-16831 _bfd_coff_get_external_symbols
2025-09-08 11:55:45,478 - INFO - cmd: python main.py --detect --cve_id CVE-2017-16831 --target_bin /binaries/target/binutils/binutils-2.31.1-o2-objdump --vul_func_name _bfd_coff_get_external_symbols --project binutils
2025-09-08 11:55:52,795 - INFO - success CVE-2017-16831,details in cve_test/CVE-2017-16831.log

2025-09-08 11:55:52,795 - INFO - detecting CVE-2017-17080 elfcore_grok_nto_status
2025-09-08 11:55:52,796 - INFO - cmd: python main.py --detect --cve_id CVE-2017-17080 --target_bin /binaries/target/binutils/binutils-2.29.1-o2-objdump --vul_func_name elfcore_grok_nto_status --project binutils
2025-09-08 11:55:57,386 - ERROR - fail CVE-2017-17080 ,details1

2025-09-08 11:55:57,387 - INFO - detecting CVE-2017-17080 elfcore_grok_nto_status
2025-09-08 11:55:57,387 - INFO - cmd: python main.py --detect --cve_id CVE-2017-17080 --target_bin /binaries/target/binutils/binutils-2.30-o2-objdump --vul_func_name elfcore_grok_nto_status --project binutils
2025-09-08 11:56:02,192 - ERROR - fail CVE-2017-17080 ,details1

2025-09-08 11:56:02,193 - INFO - detecting CVE-2017-17080 elfcore_grok_nto_status
2025-09-08 11:56:02,193 - INFO - cmd: python main.py --detect --cve_id CVE-2017-17080 --target_bin /binaries/target/binutils/binutils-2.31-o2-objdump --vul_func_name elfcore_grok_nto_status --project binutils
2025-09-08 11:56:06,462 - ERROR - fail CVE-2017-17080 ,details1

2025-09-08 11:56:06,463 - INFO - detecting CVE-2017-17080 elfcore_grok_nto_status
2025-09-08 11:56:06,463 - INFO - cmd: python main.py --detect --cve_id CVE-2017-17080 --target_bin /binaries/target/binutils/binutils-2.31.1-o2-objdump --vul_func_name elfcore_grok_nto_status --project binutils
2025-09-08 11:56:11,020 - ERROR - fail CVE-2017-17080 ,details1

2025-09-08 11:56:11,021 - INFO - detecting CVE-2018-7208 coff_pointerize_aux
2025-09-08 11:56:11,021 - INFO - cmd: python main.py --detect --cve_id CVE-2018-7208 --target_bin /binaries/target/binutils/binutils-2.30-o2-objdump --vul_func_name coff_pointerize_aux --project binutils
2025-09-08 11:56:15,190 - ERROR - fail CVE-2018-7208 ,details1

2025-09-08 11:56:15,191 - INFO - detecting CVE-2018-7208 coff_pointerize_aux
2025-09-08 11:56:15,191 - INFO - cmd: python main.py --detect --cve_id CVE-2018-7208 --target_bin /binaries/target/binutils/binutils-2.31-o2-objdump --vul_func_name coff_pointerize_aux --project binutils
2025-09-08 11:56:20,271 - ERROR - fail CVE-2018-7208 ,details1

2025-09-08 11:56:20,272 - INFO - detecting CVE-2018-7208 coff_pointerize_aux
2025-09-08 11:56:20,272 - INFO - cmd: python main.py --detect --cve_id CVE-2018-7208 --target_bin /binaries/target/binutils/binutils-2.31.1-o2-objdump --vul_func_name coff_pointerize_aux --project binutils
2025-09-08 11:56:24,947 - ERROR - fail CVE-2018-7208 ,details1

2025-09-08 11:56:24,948 - INFO - detecting CVE-2018-7208 coff_pointerize_aux
2025-09-08 11:56:24,948 - INFO - cmd: python main.py --detect --cve_id CVE-2018-7208 --target_bin /binaries/target/binutils/binutils-2.32-o2-objdump --vul_func_name coff_pointerize_aux --project binutils
2025-09-08 11:56:29,398 - ERROR - fail CVE-2018-7208 ,details1

2025-09-08 11:56:29,399 - INFO - detecting CVE-2018-6543 load_specific_debug_section
2025-09-08 11:56:29,399 - INFO - cmd: python main.py --detect --cve_id CVE-2018-6543 --target_bin /binaries/target/binutils/binutils-2.30-o2-objdump --vul_func_name load_specific_debug_section --project binutils
2025-09-08 11:56:40,470 - INFO - success CVE-2018-6543,details in cve_test/CVE-2018-6543.log

2025-09-08 11:56:40,470 - INFO - detecting CVE-2018-6543 load_specific_debug_section
2025-09-08 11:56:40,471 - INFO - cmd: python main.py --detect --cve_id CVE-2018-6543 --target_bin /binaries/target/binutils/binutils-2.31-o2-objdump --vul_func_name load_specific_debug_section --project binutils
2025-09-08 11:56:51,963 - INFO - success CVE-2018-6543,details in cve_test/CVE-2018-6543.log

2025-09-08 11:56:51,964 - INFO - detecting CVE-2018-6543 load_specific_debug_section
2025-09-08 11:56:51,964 - INFO - cmd: python main.py --detect --cve_id CVE-2018-6543 --target_bin /binaries/target/binutils/binutils-2.31.1-o2-objdump --vul_func_name load_specific_debug_section --project binutils
2025-09-08 11:57:03,425 - INFO - success CVE-2018-6543,details in cve_test/CVE-2018-6543.log

2025-09-08 11:57:03,427 - INFO - detecting CVE-2018-6543 load_specific_debug_section
2025-09-08 11:57:03,427 - INFO - cmd: python main.py --detect --cve_id CVE-2018-6543 --target_bin /binaries/target/binutils/binutils-2.32-o2-objdump --vul_func_name load_specific_debug_section --project binutils
2025-09-08 11:57:15,509 - INFO - success CVE-2018-6543,details in cve_test/CVE-2018-6543.log

2025-09-08 11:57:15,510 - INFO - detecting CVE-2018-6759 bfd_get_debug_link_info_1
2025-09-08 11:57:15,510 - INFO - cmd: python main.py --detect --cve_id CVE-2018-6759 --target_bin /binaries/target/binutils/binutils-2.30-o2-objdump --vul_func_name bfd_get_debug_link_info_1 --project binutils
2025-09-08 11:57:21,067 - INFO - success CVE-2018-6759,details in cve_test/CVE-2018-6759.log

2025-09-08 11:57:21,067 - INFO - detecting CVE-2018-6759 bfd_get_debug_link_info_1
2025-09-08 11:57:21,068 - INFO - cmd: python main.py --detect --cve_id CVE-2018-6759 --target_bin /binaries/target/binutils/binutils-2.31-o2-objdump --vul_func_name bfd_get_debug_link_info_1 --project binutils
2025-09-08 11:57:26,624 - INFO - success CVE-2018-6759,details in cve_test/CVE-2018-6759.log

2025-09-08 11:57:26,625 - INFO - detecting CVE-2018-6759 bfd_get_debug_link_info_1
2025-09-08 11:57:26,625 - INFO - cmd: python main.py --detect --cve_id CVE-2018-6759 --target_bin /binaries/target/binutils/binutils-2.31.1-o2-objdump --vul_func_name bfd_get_debug_link_info_1 --project binutils
2025-09-08 11:57:31,966 - INFO - success CVE-2018-6759,details in cve_test/CVE-2018-6759.log

2025-09-08 11:57:31,967 - INFO - detecting CVE-2018-6759 bfd_get_debug_link_info_1
2025-09-08 11:57:31,967 - INFO - cmd: python main.py --detect --cve_id CVE-2018-6759 --target_bin /binaries/target/binutils/binutils-2.32-o2-objdump --vul_func_name bfd_get_debug_link_info_1 --project binutils
2025-09-08 11:57:36,917 - INFO - success CVE-2018-6759,details in cve_test/CVE-2018-6759.log

2025-09-08 11:57:36,918 - INFO - detecting CVE-2018-10372 process_cu_tu_index
2025-09-08 11:57:36,919 - INFO - cmd: python main.py --detect --cve_id CVE-2018-10372 --target_bin /binaries/target/binutils/binutils-2.30-o2-objdump --vul_func_name process_cu_tu_index --project binutils
2025-09-08 11:57:44,376 - INFO - success CVE-2018-10372,details in cve_test/CVE-2018-10372.log

2025-09-08 11:57:44,377 - INFO - detecting CVE-2018-10372 process_cu_tu_index
2025-09-08 11:57:44,378 - INFO - cmd: python main.py --detect --cve_id CVE-2018-10372 --target_bin /binaries/target/binutils/binutils-2.31-o2-objdump --vul_func_name process_cu_tu_index --project binutils
2025-09-08 11:57:51,188 - INFO - success CVE-2018-10372,details in cve_test/CVE-2018-10372.log

2025-09-08 11:57:51,189 - INFO - detecting CVE-2018-10372 process_cu_tu_index
2025-09-08 11:57:51,190 - INFO - cmd: python main.py --detect --cve_id CVE-2018-10372 --target_bin /binaries/target/binutils/binutils-2.31.1-o2-objdump --vul_func_name process_cu_tu_index --project binutils
2025-09-08 11:57:58,706 - INFO - success CVE-2018-10372,details in cve_test/CVE-2018-10372.log

2025-09-08 11:57:58,707 - INFO - detecting CVE-2018-10372 process_cu_tu_index
2025-09-08 11:57:58,708 - INFO - cmd: python main.py --detect --cve_id CVE-2018-10372 --target_bin /binaries/target/binutils/binutils-2.32-o2-objdump --vul_func_name process_cu_tu_index --project binutils
2025-09-08 11:58:05,715 - INFO - success CVE-2018-10372,details in cve_test/CVE-2018-10372.log

2025-09-08 11:58:05,717 - INFO - detecting CVE-2018-10373 concat_filename
2025-09-08 11:58:05,717 - INFO - cmd: python main.py --detect --cve_id CVE-2018-10373 --target_bin /binaries/target/binutils/binutils-2.30-o2-objdump --vul_func_name concat_filename --project binutils
2025-09-08 11:58:12,447 - INFO - success CVE-2018-10373,details in cve_test/CVE-2018-10373.log

2025-09-08 11:58:12,448 - INFO - detecting CVE-2018-10373 concat_filename
2025-09-08 11:58:12,449 - INFO - cmd: python main.py --detect --cve_id CVE-2018-10373 --target_bin /binaries/target/binutils/binutils-2.31-o2-objdump --vul_func_name concat_filename --project binutils
2025-09-08 11:58:17,399 - INFO - success CVE-2018-10373,details in cve_test/CVE-2018-10373.log

2025-09-08 11:58:17,400 - INFO - detecting CVE-2018-10373 concat_filename
2025-09-08 11:58:17,401 - INFO - cmd: python main.py --detect --cve_id CVE-2018-10373 --target_bin /binaries/target/binutils/binutils-2.31.1-o2-objdump --vul_func_name concat_filename --project binutils
2025-09-08 11:58:22,353 - INFO - success CVE-2018-10373,details in cve_test/CVE-2018-10373.log

2025-09-08 11:58:22,354 - INFO - detecting CVE-2018-10373 concat_filename
2025-09-08 11:58:22,354 - INFO - cmd: python main.py --detect --cve_id CVE-2018-10373 --target_bin /binaries/target/binutils/binutils-2.32-o2-objdump --vul_func_name concat_filename --project binutils
2025-09-08 11:58:27,637 - INFO - success CVE-2018-10373,details in cve_test/CVE-2018-10373.log

2025-09-08 11:58:27,638 - INFO - detecting CVE-2018-8945 _bfd_elf_parse_attributes
2025-09-08 11:58:27,639 - INFO - cmd: python main.py --detect --cve_id CVE-2018-8945 --target_bin /binaries/target/binutils/binutils-2.30-o2-objdump --vul_func_name _bfd_elf_parse_attributes --project binutils
2025-09-08 11:58:34,121 - INFO - success CVE-2018-8945,details in cve_test/CVE-2018-8945.log

2025-09-08 11:58:34,122 - INFO - detecting CVE-2018-8945 _bfd_elf_parse_attributes
2025-09-08 11:58:34,122 - INFO - cmd: python main.py --detect --cve_id CVE-2018-8945 --target_bin /binaries/target/binutils/binutils-2.31-o2-objdump --vul_func_name _bfd_elf_parse_attributes --project binutils
2025-09-08 11:58:40,524 - INFO - success CVE-2018-8945,details in cve_test/CVE-2018-8945.log

2025-09-08 11:58:40,525 - INFO - detecting CVE-2018-8945 _bfd_elf_parse_attributes
2025-09-08 11:58:40,526 - INFO - cmd: python main.py --detect --cve_id CVE-2018-8945 --target_bin /binaries/target/binutils/binutils-2.31.1-o2-objdump --vul_func_name _bfd_elf_parse_attributes --project binutils
2025-09-08 11:58:47,069 - INFO - success CVE-2018-8945,details in cve_test/CVE-2018-8945.log

2025-09-08 11:58:47,070 - INFO - detecting CVE-2018-8945 _bfd_elf_parse_attributes
2025-09-08 11:58:47,070 - INFO - cmd: python main.py --detect --cve_id CVE-2018-8945 --target_bin /binaries/target/binutils/binutils-2.32-o2-objdump --vul_func_name _bfd_elf_parse_attributes --project binutils
2025-09-08 11:58:55,092 - INFO - success CVE-2018-8945,details in cve_test/CVE-2018-8945.log

2025-09-08 11:58:55,093 - INFO - detecting CVE-2018-18607 elf_link_input_bfd
2025-09-08 11:58:55,093 - INFO - cmd: python main.py --detect --cve_id CVE-2018-18607 --target_bin /binaries/target/binutils/binutils-2.31-o2-objdump --vul_func_name elf_link_input_bfd --project binutils
2025-09-08 11:59:04,872 - INFO - success CVE-2018-18607,details in cve_test/CVE-2018-18607.log

2025-09-08 11:59:04,873 - INFO - detecting CVE-2018-18607 elf_link_input_bfd
2025-09-08 11:59:04,873 - INFO - cmd: python main.py --detect --cve_id CVE-2018-18607 --target_bin /binaries/target/binutils/binutils-2.32-o2-objdump --vul_func_name elf_link_input_bfd --project binutils
2025-09-08 11:59:09,771 - ERROR - fail CVE-2018-18607 ,details1

2025-09-08 11:59:09,772 - INFO - detecting CVE-2018-18607 elf_link_input_bfd
2025-09-08 11:59:09,772 - INFO - cmd: python main.py --detect --cve_id CVE-2018-18607 --target_bin /binaries/target/binutils/binutils-2.33.1-o2-objdump --vul_func_name elf_link_input_bfd --project binutils
2025-09-08 11:59:14,581 - ERROR - fail CVE-2018-18607 ,details1

2025-09-08 11:59:14,583 - INFO - detecting CVE-2018-18607 elf_link_input_bfd
2025-09-08 11:59:14,583 - INFO - cmd: python main.py --detect --cve_id CVE-2018-18607 --target_bin /binaries/target/binutils/binutils-2.34-o2-objdump --vul_func_name elf_link_input_bfd --project binutils
2025-09-08 11:59:19,290 - ERROR - fail CVE-2018-18607 ,details1

2025-09-08 11:59:19,291 - INFO - detecting CVE-2018-20671 load_specific_debug_section
2025-09-08 11:59:19,292 - INFO - cmd: python main.py --detect --cve_id CVE-2018-20671 --target_bin /binaries/target/binutils/binutils-2.31.1-o2-objdump --vul_func_name load_specific_debug_section --project binutils
2025-09-08 11:59:30,360 - INFO - success CVE-2018-20671,details in cve_test/CVE-2018-20671.log

2025-09-08 11:59:30,361 - INFO - detecting CVE-2018-20671 load_specific_debug_section
2025-09-08 11:59:30,361 - INFO - cmd: python main.py --detect --cve_id CVE-2018-20671 --target_bin /binaries/target/binutils/binutils-2.31-o2-objdump --vul_func_name load_specific_debug_section --project binutils
2025-09-08 11:59:41,073 - INFO - success CVE-2018-20671,details in cve_test/CVE-2018-20671.log

2025-09-08 11:59:41,074 - INFO - detecting CVE-2018-20671 load_specific_debug_section
2025-09-08 11:59:41,075 - INFO - cmd: python main.py --detect --cve_id CVE-2018-20671 --target_bin /binaries/target/binutils/binutils-2.30-o2-objdump --vul_func_name load_specific_debug_section --project binutils
2025-09-08 11:59:51,706 - INFO - success CVE-2018-20671,details in cve_test/CVE-2018-20671.log

2025-09-08 11:59:51,707 - INFO - detecting CVE-2018-20671 load_specific_debug_section
2025-09-08 11:59:51,708 - INFO - cmd: python main.py --detect --cve_id CVE-2018-20671 --target_bin /binaries/target/binutils/binutils-2.32-o2-objdump --vul_func_name load_specific_debug_section --project binutils
2025-09-08 12:00:02,916 - INFO - success CVE-2018-20671,details in cve_test/CVE-2018-20671.log

2025-09-08 12:00:02,918 - INFO - detecting CVE-2018-20671 load_specific_debug_section
2025-09-08 12:00:02,918 - INFO - cmd: python main.py --detect --cve_id CVE-2018-20671 --target_bin /binaries/target/binutils/binutils-2.33.1-o2-objdump --vul_func_name load_specific_debug_section --project binutils
2025-09-08 12:00:14,570 - INFO - success CVE-2018-20671,details in cve_test/CVE-2018-20671.log

2025-09-08 12:00:14,572 - INFO - detecting CVE-2018-20671 load_specific_debug_section
2025-09-08 12:00:14,572 - INFO - cmd: python main.py --detect --cve_id CVE-2018-20671 --target_bin /binaries/target/binutils/binutils-2.34-o2-objdump --vul_func_name load_specific_debug_section --project binutils
2025-09-08 12:00:26,929 - INFO - success CVE-2018-20671,details in cve_test/CVE-2018-20671.log

2025-09-08 12:00:26,930 - INFO - detecting CVE-2021-20294 print_dynamic_symbol
2025-09-08 12:00:26,930 - INFO - cmd: python main.py --detect --cve_id CVE-2021-20294 --target_bin /binaries/target/binutils/binutils-2.35.1-o2-readelf --vul_func_name print_dynamic_symbol --project binutils
2025-09-08 12:00:38,048 - INFO - success CVE-2021-20294,details in cve_test/CVE-2021-20294.log

2025-09-08 12:00:38,049 - INFO - detecting CVE-2021-20294 print_dynamic_symbol
2025-09-08 12:00:38,049 - INFO - cmd: python main.py --detect --cve_id CVE-2021-20294 --target_bin /binaries/target/binutils/binutils-2.35-o2-readelf --vul_func_name print_dynamic_symbol --project binutils
2025-09-08 12:00:48,458 - INFO - success CVE-2021-20294,details in cve_test/CVE-2021-20294.log

2025-09-08 12:00:48,459 - INFO - detecting CVE-2021-20294 print_dynamic_symbol
2025-09-08 12:00:48,460 - INFO - cmd: python main.py --detect --cve_id CVE-2021-20294 --target_bin /binaries/target/binutils/binutils-2.35.2-o2-readelf --vul_func_name print_dynamic_symbol --project binutils
2025-09-08 12:00:58,899 - INFO - success CVE-2021-20294,details in cve_test/CVE-2021-20294.log

2025-09-08 12:00:58,900 - INFO - detecting CVE-2021-20294 print_dynamic_symbol
2025-09-08 12:00:58,901 - INFO - cmd: python main.py --detect --cve_id CVE-2021-20294 --target_bin /binaries/target/binutils/binutils-2.36.1-o2-readelf --vul_func_name print_dynamic_symbol --project binutils
2025-09-08 12:01:09,505 - INFO - success CVE-2021-20294,details in cve_test/CVE-2021-20294.log

2025-09-08 12:01:09,506 - INFO - detecting CVE-2021-20294 print_dynamic_symbol
2025-09-08 12:01:09,507 - INFO - cmd: python main.py --detect --cve_id CVE-2021-20294 --target_bin /binaries/target/binutils/binutils-2.37-o2-readelf --vul_func_name print_dynamic_symbol --project binutils
2025-09-08 12:01:20,853 - INFO - success CVE-2021-20294,details in cve_test/CVE-2021-20294.log

2025-09-08 12:01:20,854 - INFO - detecting CVE-2021-45078 stab_xcoff_builtin_type
2025-09-08 12:01:20,854 - INFO - cmd: python main.py --detect --cve_id CVE-2021-45078 --target_bin /binaries/target/binutils/binutils-2.37-o2-objdump --vul_func_name stab_xcoff_builtin_type --project binutils
2025-09-08 12:01:25,081 - ERROR - fail CVE-2021-45078 ,details1

2025-09-08 12:01:25,082 - INFO - detecting CVE-2021-45078 stab_xcoff_builtin_type
2025-09-08 12:01:25,083 - INFO - cmd: python main.py --detect --cve_id CVE-2021-45078 --target_bin /binaries/target/binutils/binutils-2.36.1-o2-objdump --vul_func_name stab_xcoff_builtin_type --project binutils
2025-09-08 12:01:29,722 - ERROR - fail CVE-2021-45078 ,details1

2025-09-08 12:01:29,723 - INFO - detecting CVE-2021-45078 stab_xcoff_builtin_type
2025-09-08 12:01:29,724 - INFO - cmd: python main.py --detect --cve_id CVE-2021-45078 --target_bin /binaries/target/binutils/binutils-2.35.2-o2-objdump --vul_func_name stab_xcoff_builtin_type --project binutils
2025-09-08 12:01:33,784 - ERROR - fail CVE-2021-45078 ,details1

2025-09-08 12:01:33,785 - INFO - detecting CVE-2021-45078 stab_xcoff_builtin_type
2025-09-08 12:01:33,786 - INFO - cmd: python main.py --detect --cve_id CVE-2021-45078 --target_bin /binaries/target/binutils/binutils-2.38-o2-objdump --vul_func_name stab_xcoff_builtin_type --project binutils
2025-09-08 12:01:38,487 - ERROR - fail CVE-2021-45078 ,details1

2025-09-08 12:01:38,488 - INFO - detecting CVE-2021-45078 stab_xcoff_builtin_type
2025-09-08 12:01:38,488 - INFO - cmd: python main.py --detect --cve_id CVE-2021-45078 --target_bin /binaries/target/binutils/binutils-2.39-o2-objdump --vul_func_name stab_xcoff_builtin_type --project binutils
2025-09-08 12:01:42,713 - ERROR - fail CVE-2021-45078 ,details1

2025-09-08 12:01:42,714 - INFO - detecting CVE-2021-45078 stab_xcoff_builtin_type
2025-09-08 12:01:42,714 - INFO - cmd: python main.py --detect --cve_id CVE-2021-45078 --target_bin /binaries/target/binutils/binutils-2.40-o2-objdump --vul_func_name stab_xcoff_builtin_type --project binutils
2025-09-08 12:01:46,008 - ERROR - fail CVE-2021-45078 ,details1

2025-09-08 12:01:46,009 - INFO - detecting CVE-2023-25586 bfd_init_section_decompress_status
2025-09-08 12:01:46,013 - INFO - cmd: python main.py --detect --cve_id CVE-2023-25586 --target_bin /binaries/target/binutils/binutils-2.40-o2-objdump --vul_func_name bfd_init_section_decompress_status --project binutils
2025-09-08 12:01:49,788 - ERROR - fail CVE-2023-25586 ,details1

2025-09-08 12:01:49,789 - INFO - detecting CVE-2023-25586 bfd_init_section_decompress_status
2025-09-08 12:01:49,789 - INFO - cmd: python main.py --detect --cve_id CVE-2023-25586 --target_bin /binaries/target/binutils/binutils-2.41-o2-objdump --vul_func_name bfd_init_section_decompress_status --project binutils
2025-09-08 12:01:58,103 - INFO - success CVE-2023-25586,details in cve_test/CVE-2023-25586.log

2025-09-08 12:01:58,104 - INFO - detecting CVE-2023-25586 bfd_init_section_decompress_status
2025-09-08 12:01:58,105 - INFO - cmd: python main.py --detect --cve_id CVE-2023-25586 --target_bin /binaries/target/binutils/binutils-2.42-o2-objdump --vul_func_name bfd_init_section_decompress_status --project binutils
2025-09-08 12:02:05,906 - INFO - success CVE-2023-25586,details in cve_test/CVE-2023-25586.log

2025-09-08 12:02:05,906 - INFO - detecting CVE-2023-25586 bfd_init_section_decompress_status
2025-09-08 12:02:05,907 - INFO - cmd: python main.py --detect --cve_id CVE-2023-25586 --target_bin /binaries/target/binutils/binutils-2.43-o2-objdump --vul_func_name bfd_init_section_decompress_status --project binutils
2025-09-08 12:02:13,147 - INFO - success CVE-2023-25586,details in cve_test/CVE-2023-25586.log

2025-09-08 12:02:13,148 - INFO - detecting CVE-2022-48063 load_specific_debug_section
2025-09-08 12:02:13,148 - INFO - cmd: python main.py --detect --cve_id CVE-2022-48063 --target_bin /binaries/target/binutils/binutils-2.39-o2-objdump --vul_func_name load_specific_debug_section --project binutils
2025-09-08 12:02:25,275 - INFO - success CVE-2022-48063,details in cve_test/CVE-2022-48063.log

2025-09-08 12:02:25,276 - INFO - detecting CVE-2022-48063 load_specific_debug_section
2025-09-08 12:02:25,276 - INFO - cmd: python main.py --detect --cve_id CVE-2022-48063 --target_bin /binaries/target/binutils/binutils-2.38-o2-objdump --vul_func_name load_specific_debug_section --project binutils
2025-09-08 12:02:36,848 - INFO - success CVE-2022-48063,details in cve_test/CVE-2022-48063.log

2025-09-08 12:02:36,849 - INFO - detecting CVE-2022-48063 load_specific_debug_section
2025-09-08 12:02:36,849 - INFO - cmd: python main.py --detect --cve_id CVE-2022-48063 --target_bin /binaries/target/binutils/binutils-2.37-o2-objdump --vul_func_name load_specific_debug_section --project binutils
2025-09-08 12:02:47,303 - INFO - success CVE-2022-48063,details in cve_test/CVE-2022-48063.log

2025-09-08 12:02:47,304 - INFO - detecting CVE-2022-48063 load_specific_debug_section
2025-09-08 12:02:47,304 - INFO - cmd: python main.py --detect --cve_id CVE-2022-48063 --target_bin /binaries/target/binutils/binutils-2.40-o2-objdump --vul_func_name load_specific_debug_section --project binutils
2025-09-08 12:02:50,662 - ERROR - fail CVE-2022-48063 ,details1

2025-09-08 12:02:50,663 - INFO - detecting CVE-2022-48063 load_specific_debug_section
2025-09-08 12:02:50,663 - INFO - cmd: python main.py --detect --cve_id CVE-2022-48063 --target_bin /binaries/target/binutils/binutils-2.41-o2-objdump --vul_func_name load_specific_debug_section --project binutils
2025-09-08 12:03:03,167 - INFO - success CVE-2022-48063,details in cve_test/CVE-2022-48063.log

2025-09-08 12:03:03,168 - INFO - detecting CVE-2022-48063 load_specific_debug_section
2025-09-08 12:03:03,168 - INFO - cmd: python main.py --detect --cve_id CVE-2022-48063 --target_bin /binaries/target/binutils/binutils-2.42-o2-objdump --vul_func_name load_specific_debug_section --project binutils
2025-09-08 12:03:14,370 - INFO - success CVE-2022-48063,details in cve_test/CVE-2022-48063.log

2025-09-08 12:03:14,371 - INFO - detecting CVE-2022-48065 find_abstract_instance
2025-09-08 12:03:14,371 - INFO - cmd: python main.py --detect --cve_id CVE-2022-48065 --target_bin /binaries/target/binutils/binutils-2.39-o2-objdump --vul_func_name find_abstract_instance --project binutils
2025-09-08 12:03:21,360 - INFO - success CVE-2022-48065,details in cve_test/CVE-2022-48065.log

2025-09-08 12:03:21,361 - INFO - detecting CVE-2022-48065 find_abstract_instance
2025-09-08 12:03:21,362 - INFO - cmd: python main.py --detect --cve_id CVE-2022-48065 --target_bin /binaries/target/binutils/binutils-2.38-o2-objdump --vul_func_name find_abstract_instance --project binutils
2025-09-08 12:03:28,626 - INFO - success CVE-2022-48065,details in cve_test/CVE-2022-48065.log

2025-09-08 12:03:28,627 - INFO - detecting CVE-2022-48065 find_abstract_instance
2025-09-08 12:03:28,628 - INFO - cmd: python main.py --detect --cve_id CVE-2022-48065 --target_bin /binaries/target/binutils/binutils-2.37-o2-objdump --vul_func_name find_abstract_instance --project binutils
2025-09-08 12:03:35,445 - INFO - success CVE-2022-48065,details in cve_test/CVE-2022-48065.log

2025-09-08 12:03:35,446 - INFO - detecting CVE-2022-48065 find_abstract_instance
2025-09-08 12:03:35,446 - INFO - cmd: python main.py --detect --cve_id CVE-2022-48065 --target_bin /binaries/target/binutils/binutils-2.40-o2-objdump --vul_func_name find_abstract_instance --project binutils
2025-09-08 12:03:38,963 - ERROR - fail CVE-2022-48065 ,details1

2025-09-08 12:03:38,964 - INFO - detecting CVE-2022-48065 find_abstract_instance
2025-09-08 12:03:38,964 - INFO - cmd: python main.py --detect --cve_id CVE-2022-48065 --target_bin /binaries/target/binutils/binutils-2.41-o2-objdump --vul_func_name find_abstract_instance --project binutils
2025-09-08 12:03:46,582 - INFO - success CVE-2022-48065,details in cve_test/CVE-2022-48065.log

2025-09-08 12:03:46,583 - INFO - detecting CVE-2022-48065 find_abstract_instance
2025-09-08 12:03:46,583 - INFO - cmd: python main.py --detect --cve_id CVE-2022-48065 --target_bin /binaries/target/binutils/binutils-2.42-o2-objdump --vul_func_name find_abstract_instance --project binutils
2025-09-08 12:03:53,651 - INFO - success CVE-2022-48065,details in cve_test/CVE-2022-48065.log