============================================
Patch Detection Log
Time: 2025-09-08 19:36:24
============================================
2025-09-08 19:36:24,107 - INFO - detecting CVE-2017-2629 allocate_conn
2025-09-08 19:36:24,107 - INFO - cmd: python main.py --detect --cve_id CVE-2017-2629 --target_bin /binaries/target/curl/curl-7.52.1-o2-curl --vul_func_name allocate_conn --project curl
2025-09-08 19:36:28,125 - ERROR - fail CVE-2017-2629 ,details1

2025-09-08 19:36:28,126 - INFO - detecting CVE-2017-2629 allocate_conn
2025-09-08 19:36:28,126 - INFO - cmd: python main.py --detect --cve_id CVE-2017-2629 --target_bin /binaries/target/curl/curl-7.52.0-o2-curl --vul_func_name allocate_conn --project curl
2025-09-08 19:36:32,195 - ERROR - fail CVE-2017-2629 ,details1

2025-09-08 19:36:32,196 - INFO - detecting CVE-2017-2629 allocate_conn
2025-09-08 19:36:32,196 - INFO - cmd: python main.py --detect --cve_id CVE-2017-2629 --target_bin /binaries/target/curl/curl-7.51.0-o2-curl --vul_func_name allocate_conn --project curl
2025-09-08 19:36:36,324 - ERROR - fail CVE-2017-2629 ,details1

2025-09-08 19:36:36,325 - INFO - detecting CVE-2017-2629 allocate_conn
2025-09-08 19:36:36,326 - INFO - cmd: python main.py --detect --cve_id CVE-2017-2629 --target_bin /binaries/target/curl/curl-7.53.0-o2-curl --vul_func_name allocate_conn --project curl
2025-09-08 19:36:40,790 - ERROR - fail CVE-2017-2629 ,details1

2025-09-08 19:36:40,792 - INFO - detecting CVE-2017-2629 allocate_conn
2025-09-08 19:36:40,792 - INFO - cmd: python main.py --detect --cve_id CVE-2017-2629 --target_bin /binaries/target/curl/curl-7.53.1-o2-curl --vul_func_name allocate_conn --project curl
2025-09-08 19:36:45,633 - ERROR - fail CVE-2017-2629 ,details1

2025-09-08 19:36:45,634 - INFO - detecting CVE-2017-2629 allocate_conn
2025-09-08 19:36:45,634 - INFO - cmd: python main.py --detect --cve_id CVE-2017-2629 --target_bin /binaries/target/curl/curl-7.54.0-o2-curl --vul_func_name allocate_conn --project curl
2025-09-08 19:36:49,751 - ERROR - fail CVE-2017-2629 ,details1

2025-09-08 19:36:49,752 - INFO - detecting CVE-2013-1944 tailmatch
2025-09-08 19:36:49,753 - INFO - cmd: python main.py --detect --cve_id CVE-2013-1944 --target_bin /binaries/target/curl/curl-7.29.0-o2-curl --vul_func_name tailmatch --project curl
2025-09-08 19:36:53,731 - ERROR - fail CVE-2013-1944 ,details1

2025-09-08 19:36:53,732 - INFO - detecting CVE-2013-1944 tailmatch
2025-09-08 19:36:53,733 - INFO - cmd: python main.py --detect --cve_id CVE-2013-1944 --target_bin /binaries/target/curl/curl-7.30.0-o2-curl --vul_func_name tailmatch --project curl
2025-09-08 19:37:01,306 - INFO - success CVE-2013-1944,details in cve_test/CVE-2013-1944.log

2025-09-08 19:37:01,307 - INFO - detecting CVE-2013-1944 tailmatch
2025-09-08 19:37:01,307 - INFO - cmd: python main.py --detect --cve_id CVE-2013-1944 --target_bin /binaries/target/curl/curl-7.31.0-o2-curl --vul_func_name tailmatch --project curl
2025-09-08 19:37:08,325 - INFO - success CVE-2013-1944,details in cve_test/CVE-2013-1944.log

2025-09-08 19:37:08,326 - INFO - detecting CVE-2013-1944 tailmatch
2025-09-08 19:37:08,327 - INFO - cmd: python main.py --detect --cve_id CVE-2013-1944 --target_bin /binaries/target/curl/curl-7.32.0-o2-curl --vul_func_name tailmatch --project curl
2025-09-08 19:37:17,286 - INFO - success CVE-2013-1944,details in cve_test/CVE-2013-1944.log

2025-09-08 19:37:17,287 - INFO - detecting CVE-2018-1000301 Curl_http_readwrite_headers
2025-09-08 19:37:17,287 - INFO - cmd: python main.py --detect --cve_id CVE-2018-1000301 --target_bin /binaries/target/curl/curl-7.59.0-o2-curl --vul_func_name Curl_http_readwrite_headers --project curl
2025-09-08 19:37:29,909 - INFO - success CVE-2018-1000301,details in cve_test/CVE-2018-1000301.log

2025-09-08 19:37:29,910 - INFO - detecting CVE-2018-1000301 Curl_http_readwrite_headers
2025-09-08 19:37:29,910 - INFO - cmd: python main.py --detect --cve_id CVE-2018-1000301 --target_bin /binaries/target/curl/curl-7.58.0-o2-curl --vul_func_name Curl_http_readwrite_headers --project curl
2025-09-08 19:37:41,270 - INFO - success CVE-2018-1000301,details in cve_test/CVE-2018-1000301.log

2025-09-08 19:37:41,271 - INFO - detecting CVE-2018-1000301 Curl_http_readwrite_headers
2025-09-08 19:37:41,272 - INFO - cmd: python main.py --detect --cve_id CVE-2018-1000301 --target_bin /binaries/target/curl/curl-7.57.0-o2-curl --vul_func_name Curl_http_readwrite_headers --project curl
2025-09-08 19:37:53,376 - INFO - success CVE-2018-1000301,details in cve_test/CVE-2018-1000301.log

2025-09-08 19:37:53,377 - INFO - detecting CVE-2018-1000301 Curl_http_readwrite_headers
2025-09-08 19:37:53,378 - INFO - cmd: python main.py --detect --cve_id CVE-2018-1000301 --target_bin /binaries/target/curl/curl-7.60.0-o2-curl --vul_func_name Curl_http_readwrite_headers --project curl
2025-09-08 19:38:03,836 - INFO - success CVE-2018-1000301,details in cve_test/CVE-2018-1000301.log

2025-09-08 19:38:03,837 - INFO - detecting CVE-2018-1000301 Curl_http_readwrite_headers
2025-09-08 19:38:03,838 - INFO - cmd: python main.py --detect --cve_id CVE-2018-1000301 --target_bin /binaries/target/curl/curl-7.61.0-o2-curl --vul_func_name Curl_http_readwrite_headers --project curl
2025-09-08 19:38:14,899 - INFO - success CVE-2018-1000301,details in cve_test/CVE-2018-1000301.log

2025-09-08 19:38:14,901 - INFO - detecting CVE-2018-1000301 Curl_http_readwrite_headers
2025-09-08 19:38:14,901 - INFO - cmd: python main.py --detect --cve_id CVE-2018-1000301 --target_bin /binaries/target/curl/curl-7.61.1-o2-curl --vul_func_name Curl_http_readwrite_headers --project curl
2025-09-08 19:38:28,354 - INFO - success CVE-2018-1000301,details in cve_test/CVE-2018-1000301.log

2025-09-08 19:38:28,355 - INFO - detecting CVE-2017-9502 parseurlandfillconn
2025-09-08 19:38:28,356 - INFO - cmd: python main.py --detect --cve_id CVE-2017-9502 --target_bin /binaries/target/curl/curl-7.54.0-o2-curl --vul_func_name parseurlandfillconn --project curl
2025-09-08 19:38:32,800 - ERROR - fail CVE-2017-9502 ,details1

2025-09-08 19:38:32,801 - INFO - detecting CVE-2017-9502 parseurlandfillconn
2025-09-08 19:38:32,802 - INFO - cmd: python main.py --detect --cve_id CVE-2017-9502 --target_bin /binaries/target/curl/curl-7.53.1-o2-curl --vul_func_name parseurlandfillconn --project curl
2025-09-08 19:38:37,218 - ERROR - fail CVE-2017-9502 ,details1

2025-09-08 19:38:37,219 - INFO - detecting CVE-2017-9502 parseurlandfillconn
2025-09-08 19:38:37,220 - INFO - cmd: python main.py --detect --cve_id CVE-2017-9502 --target_bin /binaries/target/curl/curl-7.53.0-o2-curl --vul_func_name parseurlandfillconn --project curl
2025-09-08 19:38:41,679 - ERROR - fail CVE-2017-9502 ,details1

2025-09-08 19:38:41,680 - INFO - detecting CVE-2017-9502 parseurlandfillconn
2025-09-08 19:38:41,681 - INFO - cmd: python main.py --detect --cve_id CVE-2017-9502 --target_bin /binaries/target/curl/curl-7.54.1-o2-curl --vul_func_name parseurlandfillconn --project curl
2025-09-08 19:38:46,250 - ERROR - fail CVE-2017-9502 ,details1

2025-09-08 19:38:46,251 - INFO - detecting CVE-2017-9502 parseurlandfillconn
2025-09-08 19:38:46,252 - INFO - cmd: python main.py --detect --cve_id CVE-2017-9502 --target_bin /binaries/target/curl/curl-7.55.0-o2-curl --vul_func_name parseurlandfillconn --project curl
2025-09-08 19:38:50,418 - ERROR - fail CVE-2017-9502 ,details1

2025-09-08 19:38:50,419 - INFO - detecting CVE-2017-9502 parseurlandfillconn
2025-09-08 19:38:50,419 - INFO - cmd: python main.py --detect --cve_id CVE-2017-9502 --target_bin /binaries/target/curl/curl-7.55.1-o2-curl --vul_func_name parseurlandfillconn --project curl
2025-09-08 19:38:54,827 - ERROR - fail CVE-2017-9502 ,details1

2025-09-08 19:38:54,828 - INFO - detecting CVE-2018-16839 Curl_auth_create_plain_message
2025-09-08 19:38:54,829 - INFO - cmd: python main.py --detect --cve_id CVE-2018-16839 --target_bin /binaries/target/curl/curl-7.61.1-o2-curl --vul_func_name Curl_auth_create_plain_message --project curl
2025-09-08 19:39:14,349 - INFO - success CVE-2018-16839,details in cve_test/CVE-2018-16839.log

2025-09-08 19:39:14,350 - INFO - detecting CVE-2018-16839 Curl_auth_create_plain_message
2025-09-08 19:39:14,350 - INFO - cmd: python main.py --detect --cve_id CVE-2018-16839 --target_bin /binaries/target/curl/curl-7.61.0-o2-curl --vul_func_name Curl_auth_create_plain_message --project curl
2025-09-08 19:39:33,978 - INFO - success CVE-2018-16839,details in cve_test/CVE-2018-16839.log

2025-09-08 19:39:33,979 - INFO - detecting CVE-2018-16839 Curl_auth_create_plain_message
2025-09-08 19:39:33,980 - INFO - cmd: python main.py --detect --cve_id CVE-2018-16839 --target_bin /binaries/target/curl/curl-7.60.0-o2-curl --vul_func_name Curl_auth_create_plain_message --project curl
2025-09-08 19:39:53,431 - INFO - success CVE-2018-16839,details in cve_test/CVE-2018-16839.log

2025-09-08 19:39:53,432 - INFO - detecting CVE-2018-16839 Curl_auth_create_plain_message
2025-09-08 19:39:53,432 - INFO - cmd: python main.py --detect --cve_id CVE-2018-16839 --target_bin /binaries/target/curl/curl-7.62.0-o2-curl --vul_func_name Curl_auth_create_plain_message --project curl
2025-09-08 19:40:11,035 - INFO - success CVE-2018-16839,details in cve_test/CVE-2018-16839.log

2025-09-08 19:40:11,036 - INFO - detecting CVE-2018-16839 Curl_auth_create_plain_message
2025-09-08 19:40:11,037 - INFO - cmd: python main.py --detect --cve_id CVE-2018-16839 --target_bin /binaries/target/curl/curl-7.63.0-o2-curl --vul_func_name Curl_auth_create_plain_message --project curl
2025-09-08 19:40:29,318 - INFO - success CVE-2018-16839,details in cve_test/CVE-2018-16839.log

2025-09-08 19:40:29,318 - INFO - detecting CVE-2018-16839 Curl_auth_create_plain_message
2025-09-08 19:40:29,319 - INFO - cmd: python main.py --detect --cve_id CVE-2018-16839 --target_bin /binaries/target/curl/curl-7.64.0-o2-curl --vul_func_name Curl_auth_create_plain_message --project curl
2025-09-08 19:40:48,230 - INFO - success CVE-2018-16839,details in cve_test/CVE-2018-16839.log

2025-09-08 19:40:48,231 - INFO - detecting CVE-2023-46219 Curl_fopen
2025-09-08 19:40:48,231 - INFO - cmd: python main.py --detect --cve_id CVE-2023-46219 --target_bin /binaries/target/curl/curl-8.4.0-o2-curl --vul_func_name Curl_fopen --project curl
2025-09-08 19:40:56,165 - INFO - success CVE-2023-46219,details in cve_test/CVE-2023-46219.log

2025-09-08 19:40:56,165 - INFO - detecting CVE-2023-46219 Curl_fopen
2025-09-08 19:40:56,165 - INFO - cmd: python main.py --detect --cve_id CVE-2023-46219 --target_bin /binaries/target/curl/curl-8.2.1-o2-curl --vul_func_name Curl_fopen --project curl
2025-09-08 19:41:02,991 - INFO - success CVE-2023-46219,details in cve_test/CVE-2023-46219.log

2025-09-08 19:41:02,992 - INFO - detecting CVE-2023-46219 Curl_fopen
2025-09-08 19:41:02,993 - INFO - cmd: python main.py --detect --cve_id CVE-2023-46219 --target_bin /binaries/target/curl/curl-8.2.0-o2-curl --vul_func_name Curl_fopen --project curl
2025-09-08 19:41:11,421 - INFO - success CVE-2023-46219,details in cve_test/CVE-2023-46219.log

2025-09-08 19:41:11,422 - INFO - detecting CVE-2023-46219 Curl_fopen
2025-09-08 19:41:11,423 - INFO - cmd: python main.py --detect --cve_id CVE-2023-46219 --target_bin /binaries/target/curl/curl-8.5.0-o2-curl --vul_func_name Curl_fopen --project curl
2025-09-08 19:41:19,558 - INFO - success CVE-2023-46219,details in cve_test/CVE-2023-46219.log

2025-09-08 19:41:19,559 - INFO - detecting CVE-2023-46219 Curl_fopen
2025-09-08 19:41:19,560 - INFO - cmd: python main.py --detect --cve_id CVE-2023-46219 --target_bin /binaries/target/curl/curl-8.6.0-o2-curl --vul_func_name Curl_fopen --project curl
2025-09-08 19:41:26,718 - INFO - success CVE-2023-46219,details in cve_test/CVE-2023-46219.log

2025-09-08 19:41:26,719 - INFO - detecting CVE-2023-46219 Curl_fopen
2025-09-08 19:41:26,720 - INFO - cmd: python main.py --detect --cve_id CVE-2023-46219 --target_bin /binaries/target/curl/curl-8.7.1-o2-curl --vul_func_name Curl_fopen --project curl
2025-09-08 19:41:34,569 - INFO - success CVE-2023-46219,details in cve_test/CVE-2023-46219.log

2025-09-08 19:41:34,570 - INFO - detecting CVE-2016-8621 parsedate
2025-09-08 19:41:34,570 - INFO - cmd: python main.py --detect --cve_id CVE-2016-8621 --target_bin /binaries/target/curl/curl-7.50.3-o2-curl --vul_func_name parsedate --project curl
2025-09-08 19:41:38,710 - ERROR - fail CVE-2016-8621 ,details1

2025-09-08 19:41:38,711 - INFO - detecting CVE-2016-8621 parsedate
2025-09-08 19:41:38,711 - INFO - cmd: python main.py --detect --cve_id CVE-2016-8621 --target_bin /binaries/target/curl/curl-7.50.2-o2-curl --vul_func_name parsedate --project curl
2025-09-08 19:41:42,826 - ERROR - fail CVE-2016-8621 ,details1

2025-09-08 19:41:42,827 - INFO - detecting CVE-2016-8621 parsedate
2025-09-08 19:41:42,828 - INFO - cmd: python main.py --detect --cve_id CVE-2016-8621 --target_bin /binaries/target/curl/curl-7.50.1-o2-curl --vul_func_name parsedate --project curl
2025-09-08 19:41:48,062 - ERROR - fail CVE-2016-8621 ,details1

2025-09-08 19:41:48,063 - INFO - detecting CVE-2016-8621 parsedate
2025-09-08 19:41:48,063 - INFO - cmd: python main.py --detect --cve_id CVE-2016-8621 --target_bin /binaries/target/curl/curl-7.51.0-o2-curl --vul_func_name parsedate --project curl
2025-09-08 19:41:52,845 - ERROR - fail CVE-2016-8621 ,details1

2025-09-08 19:41:52,846 - INFO - detecting CVE-2016-8621 parsedate
2025-09-08 19:41:52,847 - INFO - cmd: python main.py --detect --cve_id CVE-2016-8621 --target_bin /binaries/target/curl/curl-7.52.0-o2-curl --vul_func_name parsedate --project curl
2025-09-08 19:41:57,306 - ERROR - fail CVE-2016-8621 ,details1

2025-09-08 19:41:57,307 - INFO - detecting CVE-2016-8621 parsedate
2025-09-08 19:41:57,307 - INFO - cmd: python main.py --detect --cve_id CVE-2016-8621 --target_bin /binaries/target/curl/curl-7.52.1-o2-curl --vul_func_name parsedate --project curl
2025-09-08 19:42:02,258 - ERROR - fail CVE-2016-8621 ,details1

2025-09-08 19:42:02,259 - INFO - detecting CVE-2018-0500 Curl_smtp_escape_eob
2025-09-08 19:42:02,259 - INFO - cmd: python main.py --detect --cve_id CVE-2018-0500 --target_bin /binaries/target/curl/curl-7.60.0-o2-curl --vul_func_name Curl_smtp_escape_eob --project curl
2025-09-08 19:42:08,817 - INFO - success CVE-2018-0500,details in cve_test/CVE-2018-0500.log

2025-09-08 19:42:08,818 - INFO - detecting CVE-2018-0500 Curl_smtp_escape_eob
2025-09-08 19:42:08,818 - INFO - cmd: python main.py --detect --cve_id CVE-2018-0500 --target_bin /binaries/target/curl/curl-7.59.0-o2-curl --vul_func_name Curl_smtp_escape_eob --project curl
2025-09-08 19:42:16,444 - INFO - success CVE-2018-0500,details in cve_test/CVE-2018-0500.log

2025-09-08 19:42:16,445 - INFO - detecting CVE-2018-0500 Curl_smtp_escape_eob
2025-09-08 19:42:16,445 - INFO - cmd: python main.py --detect --cve_id CVE-2018-0500 --target_bin /binaries/target/curl/curl-7.58.0-o2-curl --vul_func_name Curl_smtp_escape_eob --project curl
2025-09-08 19:42:24,666 - INFO - success CVE-2018-0500,details in cve_test/CVE-2018-0500.log

2025-09-08 19:42:24,667 - INFO - detecting CVE-2018-0500 Curl_smtp_escape_eob
2025-09-08 19:42:24,667 - INFO - cmd: python main.py --detect --cve_id CVE-2018-0500 --target_bin /binaries/target/curl/curl-7.61.0-o2-curl --vul_func_name Curl_smtp_escape_eob --project curl
2025-09-08 19:42:31,805 - INFO - success CVE-2018-0500,details in cve_test/CVE-2018-0500.log

2025-09-08 19:42:31,806 - INFO - detecting CVE-2018-0500 Curl_smtp_escape_eob
2025-09-08 19:42:31,806 - INFO - cmd: python main.py --detect --cve_id CVE-2018-0500 --target_bin /binaries/target/curl/curl-7.61.1-o2-curl --vul_func_name Curl_smtp_escape_eob --project curl
2025-09-08 19:42:39,527 - INFO - success CVE-2018-0500,details in cve_test/CVE-2018-0500.log

2025-09-08 19:42:39,528 - INFO - detecting CVE-2018-0500 Curl_smtp_escape_eob
2025-09-08 19:42:39,528 - INFO - cmd: python main.py --detect --cve_id CVE-2018-0500 --target_bin /binaries/target/curl/curl-7.62.0-o2-curl --vul_func_name Curl_smtp_escape_eob --project curl
2025-09-08 19:42:45,870 - INFO - success CVE-2018-0500,details in cve_test/CVE-2018-0500.log

2025-09-08 19:42:45,871 - INFO - detecting CVE-2014-0015 ConnectionExists
2025-09-08 19:42:45,872 - INFO - cmd: python main.py --detect --cve_id CVE-2014-0015 --target_bin /binaries/target/curl/curl-7.34.0-o2-curl --vul_func_name ConnectionExists --project curl
2025-09-08 19:42:49,551 - ERROR - fail CVE-2014-0015 ,details1

2025-09-08 19:42:49,551 - INFO - detecting CVE-2014-0015 ConnectionExists
2025-09-08 19:42:49,552 - INFO - cmd: python main.py --detect --cve_id CVE-2014-0015 --target_bin /binaries/target/curl/curl-7.33.0-o2-curl --vul_func_name ConnectionExists --project curl
2025-09-08 19:42:53,227 - ERROR - fail CVE-2014-0015 ,details1

2025-09-08 19:42:53,228 - INFO - detecting CVE-2014-0015 ConnectionExists
2025-09-08 19:42:53,228 - INFO - cmd: python main.py --detect --cve_id CVE-2014-0015 --target_bin /binaries/target/curl/curl-7.32.0-o2-curl --vul_func_name ConnectionExists --project curl
2025-09-08 19:42:57,046 - ERROR - fail CVE-2014-0015 ,details1

2025-09-08 19:42:57,047 - INFO - detecting CVE-2014-0015 ConnectionExists
2025-09-08 19:42:57,047 - INFO - cmd: python main.py --detect --cve_id CVE-2014-0015 --target_bin /binaries/target/curl/curl-7.35.0-o2-curl --vul_func_name ConnectionExists --project curl
2025-09-08 19:43:00,718 - ERROR - fail CVE-2014-0015 ,details1

2025-09-08 19:43:00,719 - INFO - detecting CVE-2014-0015 ConnectionExists
2025-09-08 19:43:00,719 - INFO - cmd: python main.py --detect --cve_id CVE-2014-0015 --target_bin /binaries/target/curl/curl-7.36.0-o2-curl --vul_func_name ConnectionExists --project curl
2025-09-08 19:43:04,379 - ERROR - fail CVE-2014-0015 ,details1

2025-09-08 19:43:04,380 - INFO - detecting CVE-2014-0015 ConnectionExists
2025-09-08 19:43:04,380 - INFO - cmd: python main.py --detect --cve_id CVE-2014-0015 --target_bin /binaries/target/curl/curl-7.37.0-o2-curl --vul_func_name ConnectionExists --project curl
2025-09-08 19:43:08,113 - ERROR - fail CVE-2014-0015 ,details1

2025-09-08 19:43:08,114 - INFO - detecting CVE-2017-8817 setcharset
2025-09-08 19:43:08,115 - INFO - cmd: python main.py --detect --cve_id CVE-2017-8817 --target_bin /binaries/target/curl/curl-7.56.1-o2-curl --vul_func_name setcharset --project curl
2025-09-08 19:43:12,924 - ERROR - fail CVE-2017-8817 ,details1

2025-09-08 19:43:12,925 - INFO - detecting CVE-2017-8817 setcharset
2025-09-08 19:43:12,925 - INFO - cmd: python main.py --detect --cve_id CVE-2017-8817 --target_bin /binaries/target/curl/curl-7.56.0-o2-curl --vul_func_name setcharset --project curl
2025-09-08 19:43:17,480 - ERROR - fail CVE-2017-8817 ,details1

2025-09-08 19:43:17,481 - INFO - detecting CVE-2017-8817 setcharset
2025-09-08 19:43:17,482 - INFO - cmd: python main.py --detect --cve_id CVE-2017-8817 --target_bin /binaries/target/curl/curl-7.55.1-o2-curl --vul_func_name setcharset --project curl
2025-09-08 19:43:21,636 - ERROR - fail CVE-2017-8817 ,details1

2025-09-08 19:43:21,637 - INFO - detecting CVE-2017-8817 setcharset
2025-09-08 19:43:21,638 - INFO - cmd: python main.py --detect --cve_id CVE-2017-8817 --target_bin /binaries/target/curl/curl-7.57.0-o2-curl --vul_func_name setcharset --project curl
2025-09-08 19:43:25,803 - ERROR - fail CVE-2017-8817 ,details1

2025-09-08 19:43:25,804 - INFO - detecting CVE-2017-8817 setcharset
2025-09-08 19:43:25,804 - INFO - cmd: python main.py --detect --cve_id CVE-2017-8817 --target_bin /binaries/target/curl/curl-7.58.0-o2-curl --vul_func_name setcharset --project curl
2025-09-08 19:43:29,973 - ERROR - fail CVE-2017-8817 ,details1

2025-09-08 19:43:29,974 - INFO - detecting CVE-2017-8817 setcharset
2025-09-08 19:43:29,975 - INFO - cmd: python main.py --detect --cve_id CVE-2017-8817 --target_bin /binaries/target/curl/curl-7.59.0-o2-curl --vul_func_name setcharset --project curl
2025-09-08 19:43:34,422 - ERROR - fail CVE-2017-8817 ,details1

2025-09-08 19:43:34,423 - INFO - detecting CVE-2019-5482 tftp_connect
2025-09-08 19:43:34,424 - INFO - cmd: python main.py --detect --cve_id CVE-2019-5482 --target_bin /binaries/target/curl/curl-7.65.3-o2-curl --vul_func_name tftp_connect --project curl
2025-09-08 19:43:58,011 - INFO - success CVE-2019-5482,details in cve_test/CVE-2019-5482.log

2025-09-08 19:43:58,012 - INFO - detecting CVE-2019-5482 tftp_connect
2025-09-08 19:43:58,012 - INFO - cmd: python main.py --detect --cve_id CVE-2019-5482 --target_bin /binaries/target/curl/curl-7.65.2-o2-curl --vul_func_name tftp_connect --project curl
2025-09-08 19:44:22,072 - INFO - success CVE-2019-5482,details in cve_test/CVE-2019-5482.log

2025-09-08 19:44:22,073 - INFO - detecting CVE-2019-5482 tftp_connect
2025-09-08 19:44:22,073 - INFO - cmd: python main.py --detect --cve_id CVE-2019-5482 --target_bin /binaries/target/curl/curl-7.65.1-o2-curl --vul_func_name tftp_connect --project curl
2025-09-08 19:44:45,759 - INFO - success CVE-2019-5482,details in cve_test/CVE-2019-5482.log

2025-09-08 19:44:45,760 - INFO - detecting CVE-2019-5482 tftp_connect
2025-09-08 19:44:45,760 - INFO - cmd: python main.py --detect --cve_id CVE-2019-5482 --target_bin /binaries/target/curl/curl-7.66.0-o2-curl --vul_func_name tftp_connect --project curl
2025-09-08 19:45:11,559 - INFO - success CVE-2019-5482,details in cve_test/CVE-2019-5482.log

2025-09-08 19:45:11,560 - INFO - detecting CVE-2019-5482 tftp_connect
2025-09-08 19:45:11,561 - INFO - cmd: python main.py --detect --cve_id CVE-2019-5482 --target_bin /binaries/target/curl/curl-7.67.0-o2-curl --vul_func_name tftp_connect --project curl
2025-09-08 19:45:37,753 - INFO - success CVE-2019-5482,details in cve_test/CVE-2019-5482.log

2025-09-08 19:45:37,755 - INFO - detecting CVE-2019-5482 tftp_connect
2025-09-08 19:45:37,755 - INFO - cmd: python main.py --detect --cve_id CVE-2019-5482 --target_bin /binaries/target/curl/curl-7.68.0-o2-curl --vul_func_name tftp_connect --project curl
2025-09-08 19:46:01,520 - INFO - success CVE-2019-5482,details in cve_test/CVE-2019-5482.log

2025-09-08 19:46:01,521 - INFO - detecting CVE-2016-8624 parseurlandfillconn
2025-09-08 19:46:01,521 - INFO - cmd: python main.py --detect --cve_id CVE-2016-8624 --target_bin /binaries/target/curl/curl-7.50.3-o2-curl --vul_func_name parseurlandfillconn --project curl
2025-09-08 19:46:05,704 - ERROR - fail CVE-2016-8624 ,details1

2025-09-08 19:46:05,705 - INFO - detecting CVE-2016-8624 parseurlandfillconn
2025-09-08 19:46:05,706 - INFO - cmd: python main.py --detect --cve_id CVE-2016-8624 --target_bin /binaries/target/curl/curl-7.50.2-o2-curl --vul_func_name parseurlandfillconn --project curl
2025-09-08 19:46:09,922 - ERROR - fail CVE-2016-8624 ,details1

2025-09-08 19:46:09,923 - INFO - detecting CVE-2016-8624 parseurlandfillconn
2025-09-08 19:46:09,924 - INFO - cmd: python main.py --detect --cve_id CVE-2016-8624 --target_bin /binaries/target/curl/curl-7.50.1-o2-curl --vul_func_name parseurlandfillconn --project curl
2025-09-08 19:46:14,092 - ERROR - fail CVE-2016-8624 ,details1

2025-09-08 19:46:14,093 - INFO - detecting CVE-2016-8624 parseurlandfillconn
2025-09-08 19:46:14,093 - INFO - cmd: python main.py --detect --cve_id CVE-2016-8624 --target_bin /binaries/target/curl/curl-7.51.0-o2-curl --vul_func_name parseurlandfillconn --project curl
2025-09-08 19:46:18,301 - ERROR - fail CVE-2016-8624 ,details1

2025-09-08 19:46:18,302 - INFO - detecting CVE-2016-8624 parseurlandfillconn
2025-09-08 19:46:18,303 - INFO - cmd: python main.py --detect --cve_id CVE-2016-8624 --target_bin /binaries/target/curl/curl-7.52.0-o2-curl --vul_func_name parseurlandfillconn --project curl
2025-09-08 19:46:22,532 - ERROR - fail CVE-2016-8624 ,details1

2025-09-08 19:46:22,533 - INFO - detecting CVE-2016-8624 parseurlandfillconn
2025-09-08 19:46:22,533 - INFO - cmd: python main.py --detect --cve_id CVE-2016-8624 --target_bin /binaries/target/curl/curl-7.52.1-o2-curl --vul_func_name parseurlandfillconn --project curl
2025-09-08 19:46:26,658 - ERROR - fail CVE-2016-8624 ,details1

2025-09-08 19:46:26,659 - INFO - detecting CVE-2016-8618 alloc_addbyter
2025-09-08 19:46:26,659 - INFO - cmd: python main.py --detect --cve_id CVE-2016-8618 --target_bin /binaries/target/curl/curl-7.50.3-o2-curl --vul_func_name alloc_addbyter --project curl
2025-09-08 19:46:38,512 - INFO - success CVE-2016-8618,details in cve_test/CVE-2016-8618.log

2025-09-08 19:46:38,512 - INFO - detecting CVE-2016-8618 alloc_addbyter
2025-09-08 19:46:38,513 - INFO - cmd: python main.py --detect --cve_id CVE-2016-8618 --target_bin /binaries/target/curl/curl-7.50.2-o2-curl --vul_func_name alloc_addbyter --project curl
2025-09-08 19:46:48,910 - INFO - success CVE-2016-8618,details in cve_test/CVE-2016-8618.log

2025-09-08 19:46:48,911 - INFO - detecting CVE-2016-8618 alloc_addbyter
2025-09-08 19:46:48,911 - INFO - cmd: python main.py --detect --cve_id CVE-2016-8618 --target_bin /binaries/target/curl/curl-7.50.1-o2-curl --vul_func_name alloc_addbyter --project curl
2025-09-08 19:46:59,164 - INFO - success CVE-2016-8618,details in cve_test/CVE-2016-8618.log

2025-09-08 19:46:59,164 - INFO - detecting CVE-2016-8618 alloc_addbyter
2025-09-08 19:46:59,165 - INFO - cmd: python main.py --detect --cve_id CVE-2016-8618 --target_bin /binaries/target/curl/curl-7.51.0-o2-curl --vul_func_name alloc_addbyter --project curl
2025-09-08 19:47:10,286 - INFO - success CVE-2016-8618,details in cve_test/CVE-2016-8618.log

2025-09-08 19:47:10,287 - INFO - detecting CVE-2016-8618 alloc_addbyter
2025-09-08 19:47:10,288 - INFO - cmd: python main.py --detect --cve_id CVE-2016-8618 --target_bin /binaries/target/curl/curl-7.52.0-o2-curl --vul_func_name alloc_addbyter --project curl
2025-09-08 19:47:21,378 - INFO - success CVE-2016-8618,details in cve_test/CVE-2016-8618.log

2025-09-08 19:47:21,379 - INFO - detecting CVE-2016-8618 alloc_addbyter
2025-09-08 19:47:21,379 - INFO - cmd: python main.py --detect --cve_id CVE-2016-8618 --target_bin /binaries/target/curl/curl-7.52.1-o2-curl --vul_func_name alloc_addbyter --project curl
2025-09-08 19:47:32,422 - INFO - success CVE-2016-8618,details in cve_test/CVE-2016-8618.log

2025-09-08 19:47:32,422 - INFO - detecting CVE-2016-9594 randit
2025-09-08 19:47:32,423 - INFO - cmd: python main.py --detect --cve_id CVE-2016-9594 --target_bin /binaries/target/curl/curl-7.52.0-o2-curl --vul_func_name randit --project curl
2025-09-08 19:47:36,986 - ERROR - fail CVE-2016-9594 ,details1

2025-09-08 19:47:36,987 - INFO - detecting CVE-2016-9594 randit
2025-09-08 19:47:36,987 - INFO - cmd: python main.py --detect --cve_id CVE-2016-9594 --target_bin /binaries/target/curl/curl-7.51.0-o2-curl --vul_func_name randit --project curl
2025-09-08 19:47:41,365 - ERROR - fail CVE-2016-9594 ,details1

2025-09-08 19:47:41,366 - INFO - detecting CVE-2016-9594 randit
2025-09-08 19:47:41,367 - INFO - cmd: python main.py --detect --cve_id CVE-2016-9594 --target_bin /binaries/target/curl/curl-7.50.3-o2-curl --vul_func_name randit --project curl
2025-09-08 19:47:45,473 - ERROR - fail CVE-2016-9594 ,details1

2025-09-08 19:47:45,474 - INFO - detecting CVE-2016-9594 randit
2025-09-08 19:47:45,475 - INFO - cmd: python main.py --detect --cve_id CVE-2016-9594 --target_bin /binaries/target/curl/curl-7.52.1-o2-curl --vul_func_name randit --project curl
2025-09-08 19:47:49,580 - ERROR - fail CVE-2016-9594 ,details1

2025-09-08 19:47:49,581 - INFO - detecting CVE-2016-9594 randit
2025-09-08 19:47:49,581 - INFO - cmd: python main.py --detect --cve_id CVE-2016-9594 --target_bin /binaries/target/curl/curl-7.53.0-o2-curl --vul_func_name randit --project curl
2025-09-08 19:47:53,768 - ERROR - fail CVE-2016-9594 ,details1

2025-09-08 19:47:53,769 - INFO - detecting CVE-2016-9594 randit
2025-09-08 19:47:53,769 - INFO - cmd: python main.py --detect --cve_id CVE-2016-9594 --target_bin /binaries/target/curl/curl-7.53.1-o2-curl --vul_func_name randit --project curl
2025-09-08 19:47:57,910 - ERROR - fail CVE-2016-9594 ,details1

2025-09-08 19:47:57,911 - INFO - detecting CVE-2020-8284 Curl_init_userdefined
2025-09-08 19:47:57,912 - INFO - cmd: python main.py --detect --cve_id CVE-2020-8284 --target_bin /binaries/target/curl/curl-7.73.0-o2-curl --vul_func_name Curl_init_userdefined --project curl
2025-09-08 19:48:16,499 - INFO - success CVE-2020-8284,details in cve_test/CVE-2020-8284.log

2025-09-08 19:48:16,500 - INFO - detecting CVE-2020-8284 Curl_init_userdefined
2025-09-08 19:48:16,500 - INFO - cmd: python main.py --detect --cve_id CVE-2020-8284 --target_bin /binaries/target/curl/curl-7.72.0-o2-curl --vul_func_name Curl_init_userdefined --project curl
2025-09-08 19:48:33,176 - INFO - success CVE-2020-8284,details in cve_test/CVE-2020-8284.log

2025-09-08 19:48:33,177 - INFO - detecting CVE-2020-8284 Curl_init_userdefined
2025-09-08 19:48:33,177 - INFO - cmd: python main.py --detect --cve_id CVE-2020-8284 --target_bin /binaries/target/curl/curl-7.71.1-o2-curl --vul_func_name Curl_init_userdefined --project curl
2025-09-08 19:48:52,023 - INFO - success CVE-2020-8284,details in cve_test/CVE-2020-8284.log

2025-09-08 19:48:52,024 - INFO - detecting CVE-2020-8284 Curl_init_userdefined
2025-09-08 19:48:52,024 - INFO - cmd: python main.py --detect --cve_id CVE-2020-8284 --target_bin /binaries/target/curl/curl-7.74.0-o2-curl --vul_func_name Curl_init_userdefined --project curl
2025-09-08 19:49:10,192 - INFO - success CVE-2020-8284,details in cve_test/CVE-2020-8284.log

2025-09-08 19:49:10,193 - INFO - detecting CVE-2020-8284 Curl_init_userdefined
2025-09-08 19:49:10,193 - INFO - cmd: python main.py --detect --cve_id CVE-2020-8284 --target_bin /binaries/target/curl/curl-7.75.0-o2-curl --vul_func_name Curl_init_userdefined --project curl
2025-09-08 19:49:26,640 - INFO - success CVE-2020-8284,details in cve_test/CVE-2020-8284.log

2025-09-08 19:49:26,641 - INFO - detecting CVE-2020-8284 Curl_init_userdefined
2025-09-08 19:49:26,641 - INFO - cmd: python main.py --detect --cve_id CVE-2020-8284 --target_bin /binaries/target/curl/curl-7.76.0-o2-curl --vul_func_name Curl_init_userdefined --project curl
2025-09-08 19:49:45,110 - INFO - success CVE-2020-8284,details in cve_test/CVE-2020-8284.log

2025-09-08 19:49:45,111 - INFO - detecting CVE-2020-8177 getparameter
2025-09-08 19:49:45,111 - INFO - cmd: python main.py --detect --cve_id CVE-2020-8177 --target_bin /binaries/target/curl/curl-7.70.0-o2-curl --vul_func_name getparameter --project curl
2025-09-08 19:50:04,793 - INFO - success CVE-2020-8177,details in cve_test/CVE-2020-8177.log

2025-09-08 19:50:04,794 - INFO - detecting CVE-2020-8177 getparameter
2025-09-08 19:50:04,795 - INFO - cmd: python main.py --detect --cve_id CVE-2020-8177 --target_bin /binaries/target/curl/curl-7.69.1-o2-curl --vul_func_name getparameter --project curl
2025-09-08 19:50:24,605 - INFO - success CVE-2020-8177,details in cve_test/CVE-2020-8177.log

2025-09-08 19:50:24,606 - INFO - detecting CVE-2020-8177 getparameter
2025-09-08 19:50:24,607 - INFO - cmd: python main.py --detect --cve_id CVE-2020-8177 --target_bin /binaries/target/curl/curl-7.69.0-o2-curl --vul_func_name getparameter --project curl
2025-09-08 19:50:43,791 - INFO - success CVE-2020-8177,details in cve_test/CVE-2020-8177.log

2025-09-08 19:50:43,792 - INFO - detecting CVE-2020-8177 getparameter
2025-09-08 19:50:43,792 - INFO - cmd: python main.py --detect --cve_id CVE-2020-8177 --target_bin /binaries/target/curl/curl-7.71.0-o2-curl --vul_func_name getparameter --project curl
2025-09-08 19:51:02,610 - INFO - success CVE-2020-8177,details in cve_test/CVE-2020-8177.log

2025-09-08 19:51:02,611 - INFO - detecting CVE-2020-8177 getparameter
2025-09-08 19:51:02,611 - INFO - cmd: python main.py --detect --cve_id CVE-2020-8177 --target_bin /binaries/target/curl/curl-7.71.1-o2-curl --vul_func_name getparameter --project curl
2025-09-08 19:51:22,661 - INFO - success CVE-2020-8177,details in cve_test/CVE-2020-8177.log

2025-09-08 19:51:22,662 - INFO - detecting CVE-2020-8177 getparameter
2025-09-08 19:51:22,663 - INFO - cmd: python main.py --detect --cve_id CVE-2020-8177 --target_bin /binaries/target/curl/curl-7.72.0-o2-curl --vul_func_name getparameter --project curl
2025-09-08 19:51:42,115 - INFO - success CVE-2020-8177,details in cve_test/CVE-2020-8177.log

2025-09-08 19:51:42,116 - INFO - detecting CVE-2017-8818 allocate_conn
2025-09-08 19:51:42,117 - INFO - cmd: python main.py --detect --cve_id CVE-2017-8818 --target_bin /binaries/target/curl/curl-7.56.1-o2-curl --vul_func_name allocate_conn --project curl
2025-09-08 19:51:48,818 - ERROR - fail CVE-2017-8818 ,details1

2025-09-08 19:51:48,819 - INFO - detecting CVE-2017-8818 allocate_conn
2025-09-08 19:51:48,819 - INFO - cmd: python main.py --detect --cve_id CVE-2017-8818 --target_bin /binaries/target/curl/curl-7.56.0-o2-curl --vul_func_name allocate_conn --project curl
2025-09-08 19:51:59,688 - ERROR - fail CVE-2017-8818 ,details1

2025-09-08 19:51:59,689 - INFO - detecting CVE-2017-8818 allocate_conn
2025-09-08 19:51:59,689 - INFO - cmd: python main.py --detect --cve_id CVE-2017-8818 --target_bin /binaries/target/curl/curl-7.57.0-o2-curl --vul_func_name allocate_conn --project curl
2025-09-08 19:52:04,532 - ERROR - fail CVE-2017-8818 ,details1

2025-09-08 19:52:04,533 - INFO - detecting CVE-2017-8818 allocate_conn
2025-09-08 19:52:04,534 - INFO - cmd: python main.py --detect --cve_id CVE-2017-8818 --target_bin /binaries/target/curl/curl-7.58.0-o2-curl --vul_func_name allocate_conn --project curl
2025-09-08 19:52:09,035 - ERROR - fail CVE-2017-8818 ,details1

2025-09-08 19:52:09,036 - INFO - detecting CVE-2017-8818 allocate_conn
2025-09-08 19:52:09,036 - INFO - cmd: python main.py --detect --cve_id CVE-2017-8818 --target_bin /binaries/target/curl/curl-7.59.0-o2-curl --vul_func_name allocate_conn --project curl
2025-09-08 19:52:13,681 - ERROR - fail CVE-2017-8818 ,details1

2025-09-08 19:52:13,682 - INFO - detecting CVE-2017-8816 Curl_ntlm_core_mk_ntlmv2_hash
2025-09-08 19:52:13,683 - INFO - cmd: python main.py --detect --cve_id CVE-2017-8816 --target_bin /binaries/target/curl/curl-7.56.1-o2-curl --vul_func_name Curl_ntlm_core_mk_ntlmv2_hash --project curl
2025-09-08 19:52:18,582 - INFO - success CVE-2017-8816,details in cve_test/CVE-2017-8816.log

2025-09-08 19:52:18,583 - INFO - detecting CVE-2017-8816 Curl_ntlm_core_mk_ntlmv2_hash
2025-09-08 19:52:18,584 - INFO - cmd: python main.py --detect --cve_id CVE-2017-8816 --target_bin /binaries/target/curl/curl-7.56.0-o2-curl --vul_func_name Curl_ntlm_core_mk_ntlmv2_hash --project curl
2025-09-08 19:52:23,597 - INFO - success CVE-2017-8816,details in cve_test/CVE-2017-8816.log

2025-09-08 19:52:23,598 - INFO - detecting CVE-2017-8816 Curl_ntlm_core_mk_ntlmv2_hash
2025-09-08 19:52:23,599 - INFO - cmd: python main.py --detect --cve_id CVE-2017-8816 --target_bin /binaries/target/curl/curl-7.55.1-o2-curl --vul_func_name Curl_ntlm_core_mk_ntlmv2_hash --project curl
2025-09-08 19:52:28,444 - INFO - success CVE-2017-8816,details in cve_test/CVE-2017-8816.log

2025-09-08 19:52:28,445 - INFO - detecting CVE-2017-8816 Curl_ntlm_core_mk_ntlmv2_hash
2025-09-08 19:52:28,446 - INFO - cmd: python main.py --detect --cve_id CVE-2017-8816 --target_bin /binaries/target/curl/curl-7.57.0-o2-curl --vul_func_name Curl_ntlm_core_mk_ntlmv2_hash --project curl
2025-09-08 19:52:34,192 - INFO - success CVE-2017-8816,details in cve_test/CVE-2017-8816.log

2025-09-08 19:52:34,193 - INFO - detecting CVE-2017-8816 Curl_ntlm_core_mk_ntlmv2_hash
2025-09-08 19:52:34,193 - INFO - cmd: python main.py --detect --cve_id CVE-2017-8816 --target_bin /binaries/target/curl/curl-7.58.0-o2-curl --vul_func_name Curl_ntlm_core_mk_ntlmv2_hash --project curl
2025-09-08 19:52:39,974 - INFO - success CVE-2017-8816,details in cve_test/CVE-2017-8816.log

2025-09-08 19:52:39,975 - INFO - detecting CVE-2017-8816 Curl_ntlm_core_mk_ntlmv2_hash
2025-09-08 19:52:39,975 - INFO - cmd: python main.py --detect --cve_id CVE-2017-8816 --target_bin /binaries/target/curl/curl-7.59.0-o2-curl --vul_func_name Curl_ntlm_core_mk_ntlmv2_hash --project curl
2025-09-08 19:52:44,900 - INFO - success CVE-2017-8816,details in cve_test/CVE-2017-8816.log

2025-09-08 19:52:44,901 - INFO - detecting CVE-2016-8625 curl_version
2025-09-08 19:52:44,902 - INFO - cmd: python main.py --detect --cve_id CVE-2016-8625 --target_bin /binaries/target/curl/curl-7.50.3-o2-curl --vul_func_name curl_version --project curl
2025-09-08 19:52:49,781 - INFO - success CVE-2016-8625,details in cve_test/CVE-2016-8625.log

2025-09-08 19:52:49,783 - INFO - detecting CVE-2016-8625 curl_version
2025-09-08 19:52:49,783 - INFO - cmd: python main.py --detect --cve_id CVE-2016-8625 --target_bin /binaries/target/curl/curl-7.50.2-o2-curl --vul_func_name curl_version --project curl
2025-09-08 19:52:54,639 - INFO - success CVE-2016-8625,details in cve_test/CVE-2016-8625.log

2025-09-08 19:52:54,640 - INFO - detecting CVE-2016-8625 curl_version
2025-09-08 19:52:54,640 - INFO - cmd: python main.py --detect --cve_id CVE-2016-8625 --target_bin /binaries/target/curl/curl-7.50.1-o2-curl --vul_func_name curl_version --project curl
2025-09-08 19:52:59,693 - INFO - success CVE-2016-8625,details in cve_test/CVE-2016-8625.log

2025-09-08 19:52:59,695 - INFO - detecting CVE-2016-8625 curl_version
2025-09-08 19:52:59,695 - INFO - cmd: python main.py --detect --cve_id CVE-2016-8625 --target_bin /binaries/target/curl/curl-7.51.0-o2-curl --vul_func_name curl_version --project curl
2025-09-08 19:53:04,374 - INFO - success CVE-2016-8625,details in cve_test/CVE-2016-8625.log

2025-09-08 19:53:04,375 - INFO - detecting CVE-2016-8625 curl_version
2025-09-08 19:53:04,376 - INFO - cmd: python main.py --detect --cve_id CVE-2016-8625 --target_bin /binaries/target/curl/curl-7.52.0-o2-curl --vul_func_name curl_version --project curl
2025-09-08 19:53:09,095 - INFO - success CVE-2016-8625,details in cve_test/CVE-2016-8625.log

2025-09-08 19:53:09,096 - INFO - detecting CVE-2016-8625 curl_version
2025-09-08 19:53:09,096 - INFO - cmd: python main.py --detect --cve_id CVE-2016-8625 --target_bin /binaries/target/curl/curl-7.52.1-o2-curl --vul_func_name curl_version --project curl
2025-09-08 19:53:14,092 - INFO - success CVE-2016-8625,details in cve_test/CVE-2016-8625.log

2025-09-08 19:53:14,094 - INFO - detecting CVE-2016-8625 curl_version_info
2025-09-08 19:53:14,094 - INFO - cmd: python main.py --detect --cve_id CVE-2016-8625 --target_bin /binaries/target/curl/curl-7.50.3-o2-curl --vul_func_name curl_version_info --project curl
2025-09-08 19:53:18,932 - INFO - success CVE-2016-8625,details in cve_test/CVE-2016-8625.log

2025-09-08 19:53:18,933 - INFO - detecting CVE-2016-8625 curl_version_info
2025-09-08 19:53:18,934 - INFO - cmd: python main.py --detect --cve_id CVE-2016-8625 --target_bin /binaries/target/curl/curl-7.50.2-o2-curl --vul_func_name curl_version_info --project curl
2025-09-08 19:53:23,778 - INFO - success CVE-2016-8625,details in cve_test/CVE-2016-8625.log

2025-09-08 19:53:23,779 - INFO - detecting CVE-2016-8625 curl_version_info
2025-09-08 19:53:23,780 - INFO - cmd: python main.py --detect --cve_id CVE-2016-8625 --target_bin /binaries/target/curl/curl-7.50.1-o2-curl --vul_func_name curl_version_info --project curl
2025-09-08 19:53:29,396 - INFO - success CVE-2016-8625,details in cve_test/CVE-2016-8625.log

2025-09-08 19:53:29,397 - INFO - detecting CVE-2016-8625 curl_version_info
2025-09-08 19:53:29,398 - INFO - cmd: python main.py --detect --cve_id CVE-2016-8625 --target_bin /binaries/target/curl/curl-7.51.0-o2-curl --vul_func_name curl_version_info --project curl
2025-09-08 19:53:34,194 - INFO - success CVE-2016-8625,details in cve_test/CVE-2016-8625.log

2025-09-08 19:53:34,196 - INFO - detecting CVE-2016-8625 curl_version_info
2025-09-08 19:53:34,196 - INFO - cmd: python main.py --detect --cve_id CVE-2016-8625 --target_bin /binaries/target/curl/curl-7.52.0-o2-curl --vul_func_name curl_version_info --project curl
2025-09-08 19:53:38,912 - INFO - success CVE-2016-8625,details in cve_test/CVE-2016-8625.log

2025-09-08 19:53:38,913 - INFO - detecting CVE-2016-8625 curl_version_info
2025-09-08 19:53:38,914 - INFO - cmd: python main.py --detect --cve_id CVE-2016-8625 --target_bin /binaries/target/curl/curl-7.52.1-o2-curl --vul_func_name curl_version_info --project curl
2025-09-08 19:53:43,678 - INFO - success CVE-2016-8625,details in cve_test/CVE-2016-8625.log

2025-09-08 19:53:43,679 - INFO - detecting CVE-2016-8625 fix_hostname
2025-09-08 19:53:43,680 - INFO - cmd: python main.py --detect --cve_id CVE-2016-8625 --target_bin /binaries/target/curl/curl-7.50.3-o2-curl --vul_func_name fix_hostname --project curl
2025-09-08 19:53:48,945 - ERROR - fail CVE-2016-8625 ,details1

2025-09-08 19:53:48,947 - INFO - detecting CVE-2016-8625 fix_hostname
2025-09-08 19:53:48,947 - INFO - cmd: python main.py --detect --cve_id CVE-2016-8625 --target_bin /binaries/target/curl/curl-7.50.2-o2-curl --vul_func_name fix_hostname --project curl
2025-09-08 19:53:53,218 - ERROR - fail CVE-2016-8625 ,details1

2025-09-08 19:53:53,219 - INFO - detecting CVE-2016-8625 fix_hostname
2025-09-08 19:53:53,219 - INFO - cmd: python main.py --detect --cve_id CVE-2016-8625 --target_bin /binaries/target/curl/curl-7.50.1-o2-curl --vul_func_name fix_hostname --project curl
2025-09-08 19:53:57,695 - ERROR - fail CVE-2016-8625 ,details1

2025-09-08 19:53:57,697 - INFO - detecting CVE-2016-8625 fix_hostname
2025-09-08 19:53:57,697 - INFO - cmd: python main.py --detect --cve_id CVE-2016-8625 --target_bin /binaries/target/curl/curl-7.51.0-o2-curl --vul_func_name fix_hostname --project curl
2025-09-08 19:54:01,914 - ERROR - fail CVE-2016-8625 ,details1

2025-09-08 19:54:01,915 - INFO - detecting CVE-2016-8625 fix_hostname
2025-09-08 19:54:01,916 - INFO - cmd: python main.py --detect --cve_id CVE-2016-8625 --target_bin /binaries/target/curl/curl-7.52.0-o2-curl --vul_func_name fix_hostname --project curl
2025-09-08 19:54:06,107 - ERROR - fail CVE-2016-8625 ,details1

2025-09-08 19:54:06,108 - INFO - detecting CVE-2016-8625 fix_hostname
2025-09-08 19:54:06,109 - INFO - cmd: python main.py --detect --cve_id CVE-2016-8625 --target_bin /binaries/target/curl/curl-7.52.1-o2-curl --vul_func_name fix_hostname --project curl
2025-09-08 19:54:10,619 - ERROR - fail CVE-2016-8625 ,details1