2025-09-08 14:36:57,073 - INFO - detecting CVE-2020-20896 latm_write_packet
2025-09-08 14:36:57,074 - INFO - cmd: python main.py --detect --cve_id CVE-2020-20896 --target_bin /binaries/target/ffmpeg/ffmpeg-4.2.1-o2-ffmpeg --vul_func_name latm_write_packet --project ffmpeg
2025-09-08 14:37:09,949 - INFO - success CVE-2020-20896,details in cve_test/CVE-2020-20896.log

2025-09-08 14:37:09,950 - INFO - detecting CVE-2020-20896 latm_write_packet
2025-09-08 14:37:09,951 - INFO - cmd: python main.py --detect --cve_id CVE-2020-20896 --target_bin /binaries/target/ffmpeg/ffmpeg-4.1.9-o2-ffmpeg --vul_func_name latm_write_packet --project ffmpeg
2025-09-08 14:37:20,283 - INFO - success CVE-2020-20896,details in cve_test/CVE-2020-20896.log

2025-09-08 14:37:20,283 - INFO - detecting CVE-2020-20896 latm_write_packet
2025-09-08 14:37:20,284 - INFO - cmd: python main.py --detect --cve_id CVE-2020-20896 --target_bin /binaries/target/ffmpeg/ffmpeg-4.2.6-o2-ffmpeg --vul_func_name latm_write_packet --project ffmpeg
2025-09-08 14:37:30,256 - INFO - success CVE-2020-20896,details in cve_test/CVE-2020-20896.log

2025-09-08 14:37:30,257 - INFO - detecting CVE-2020-20896 latm_write_packet
2025-09-08 14:37:30,258 - INFO - cmd: python main.py --detect --cve_id CVE-2020-20896 --target_bin /binaries/target/ffmpeg/ffmpeg-4.3-o2-ffmpeg --vul_func_name latm_write_packet --project ffmpeg
2025-09-08 14:37:39,932 - INFO - success CVE-2020-20896,details in cve_test/CVE-2020-20896.log

2025-09-08 14:37:39,933 - INFO - detecting CVE-2020-21697 mpeg_mux_write_packet
2025-09-08 14:37:39,934 - INFO - cmd: python main.py --detect --cve_id CVE-2020-21697 --target_bin /binaries/target/ffmpeg/ffmpeg-4.2-o2-ffmpeg --vul_func_name mpeg_mux_write_packet --project ffmpeg
2025-09-08 14:37:52,235 - INFO - success CVE-2020-21697,details in cve_test/CVE-2020-21697.log

2025-09-08 14:37:52,236 - INFO - detecting CVE-2020-21697 mpeg_mux_write_packet
2025-09-08 14:37:52,237 - INFO - cmd: python main.py --detect --cve_id CVE-2020-21697 --target_bin /binaries/target/ffmpeg/ffmpeg-4.3.3-o2-ffmpeg --vul_func_name mpeg_mux_write_packet --project ffmpeg
2025-09-08 14:38:06,359 - INFO - success CVE-2020-21697,details in cve_test/CVE-2020-21697.log

2025-09-08 14:38:06,360 - INFO - detecting CVE-2020-21697 mpeg_mux_write_packet
2025-09-08 14:38:06,360 - INFO - cmd: python main.py --detect --cve_id CVE-2020-21697 --target_bin /binaries/target/ffmpeg/ffmpeg-4.4-o2-ffmpeg --vul_func_name mpeg_mux_write_packet --project ffmpeg
2025-09-08 14:38:18,765 - INFO - success CVE-2020-21697,details in cve_test/CVE-2020-21697.log

2025-09-08 14:38:18,766 - INFO - detecting CVE-2020-22019 ff_vmafmotion_init
2025-09-08 14:38:18,766 - INFO - cmd: python main.py --detect --cve_id CVE-2020-22019 --target_bin /binaries/target/ffmpeg/ffmpeg-4.2-o2-ffmpeg --vul_func_name ff_vmafmotion_init --project ffmpeg
2025-09-08 14:39:19,236 - INFO - success CVE-2020-22019,details in cve_test/CVE-2020-22019.log

2025-09-08 14:39:19,237 - INFO - detecting CVE-2020-22019 ff_vmafmotion_init
2025-09-08 14:39:19,237 - INFO - cmd: python main.py --detect --cve_id CVE-2020-22019 --target_bin /binaries/target/ffmpeg/ffmpeg-4.1.7-o2-ffmpeg --vul_func_name ff_vmafmotion_init --project ffmpeg
2025-09-08 14:39:25,243 - INFO - success CVE-2020-22019,details in cve_test/CVE-2020-22019.log

2025-09-08 14:39:25,244 - INFO - detecting CVE-2020-22019 ff_vmafmotion_init
2025-09-08 14:39:25,244 - INFO - cmd: python main.py --detect --cve_id CVE-2020-22019 --target_bin /binaries/target/ffmpeg/ffmpeg-3.4.9-o2-ffmpeg --vul_func_name ff_vmafmotion_init --project ffmpeg
2025-09-08 14:39:31,876 - INFO - success CVE-2020-22019,details in cve_test/CVE-2020-22019.log

2025-09-08 14:39:31,877 - INFO - detecting CVE-2020-22019 ff_vmafmotion_init
2025-09-08 14:39:31,877 - INFO - cmd: python main.py --detect --cve_id CVE-2020-22019 --target_bin /binaries/target/ffmpeg/ffmpeg-4.2.5-o2-ffmpeg --vul_func_name ff_vmafmotion_init --project ffmpeg
2025-09-08 14:39:37,978 - INFO - success CVE-2020-22019,details in cve_test/CVE-2020-22019.log

2025-09-08 14:39:37,978 - INFO - detecting CVE-2020-22021 filter_edges
2025-09-08 14:39:37,979 - INFO - cmd: python main.py --detect --cve_id CVE-2020-22021 --target_bin /binaries/target/ffmpeg/ffmpeg-4.2-o2-ffmpeg --vul_func_name filter_edges --project ffmpeg
2025-09-08 14:39:51,751 - INFO - success CVE-2020-22021,details in cve_test/CVE-2020-22021.log

2025-09-08 14:39:51,752 - INFO - detecting CVE-2020-22021 filter_edges
2025-09-08 14:39:51,752 - INFO - cmd: python main.py --detect --cve_id CVE-2020-22021 --target_bin /binaries/target/ffmpeg/ffmpeg-4.1.7-o2-ffmpeg --vul_func_name filter_edges --project ffmpeg
2025-09-08 14:40:06,131 - INFO - success CVE-2020-22021,details in cve_test/CVE-2020-22021.log

2025-09-08 14:40:06,132 - INFO - detecting CVE-2020-22021 filter_edges
2025-09-08 14:40:06,132 - INFO - cmd: python main.py --detect --cve_id CVE-2020-22021 --target_bin /binaries/target/ffmpeg/ffmpeg-3.4.9-o2-ffmpeg --vul_func_name filter_edges --project ffmpeg
2025-09-08 14:40:19,769 - INFO - success CVE-2020-22021,details in cve_test/CVE-2020-22021.log

2025-09-08 14:40:19,770 - INFO - detecting CVE-2020-22021 filter_edges
2025-09-08 14:40:19,771 - INFO - cmd: python main.py --detect --cve_id CVE-2020-22021 --target_bin /binaries/target/ffmpeg/ffmpeg-4.2.5-o2-ffmpeg --vul_func_name filter_edges --project ffmpeg
2025-09-08 14:40:34,405 - INFO - success CVE-2020-22021,details in cve_test/CVE-2020-22021.log

2025-09-08 14:40:34,406 - INFO - detecting CVE-2020-22029 slice_get_derivative
2025-09-08 14:40:34,406 - INFO - cmd: python main.py --detect --cve_id CVE-2020-22029 --target_bin /binaries/target/ffmpeg/ffmpeg-4.2-o2-ffmpeg --vul_func_name slice_get_derivative --project ffmpeg
2025-09-08 14:40:45,770 - INFO - success CVE-2020-22029,details in cve_test/CVE-2020-22029.log

2025-09-08 14:40:45,771 - INFO - detecting CVE-2020-22029 slice_get_derivative
2025-09-08 14:40:45,772 - INFO - cmd: python main.py --detect --cve_id CVE-2020-22029 --target_bin /binaries/target/ffmpeg/ffmpeg-4.1.8-o2-ffmpeg --vul_func_name slice_get_derivative --project ffmpeg
2025-09-08 14:40:58,044 - INFO - success CVE-2020-22029,details in cve_test/CVE-2020-22029.log

2025-09-08 14:40:58,045 - INFO - detecting CVE-2020-22029 slice_get_derivative
2025-09-08 14:40:58,046 - INFO - cmd: python main.py --detect --cve_id CVE-2020-22029 --target_bin /binaries/target/ffmpeg/ffmpeg-4.3-o2-ffmpeg --vul_func_name slice_get_derivative --project ffmpeg
2025-09-08 14:41:09,326 - INFO - success CVE-2020-22029,details in cve_test/CVE-2020-22029.log

2025-09-08 14:41:09,327 - INFO - detecting CVE-2020-22037 ff_frame_thread_encoder_init
2025-09-08 14:41:09,328 - INFO - cmd: python main.py --detect --cve_id CVE-2020-22037 --target_bin /binaries/target/ffmpeg/ffmpeg-4.2-o2-ffmpeg --vul_func_name ff_frame_thread_encoder_init --project ffmpeg
2025-09-08 14:41:17,928 - INFO - success CVE-2020-22037,details in cve_test/CVE-2020-22037.log

2025-09-08 14:41:17,929 - INFO - detecting CVE-2020-22037 ff_frame_thread_encoder_init
2025-09-08 14:41:17,929 - INFO - cmd: python main.py --detect --cve_id CVE-2020-22037 --target_bin /binaries/target/ffmpeg/ffmpeg-4.1.7-o2-ffmpeg --vul_func_name ff_frame_thread_encoder_init --project ffmpeg
2025-09-08 14:41:25,326 - INFO - success CVE-2020-22037,details in cve_test/CVE-2020-22037.log

2025-09-08 14:41:25,326 - INFO - detecting CVE-2020-22037 ff_frame_thread_encoder_init
2025-09-08 14:41:25,327 - INFO - cmd: python main.py --detect --cve_id CVE-2020-22037 --target_bin /binaries/target/ffmpeg/ffmpeg-3.4.9-o2-ffmpeg --vul_func_name ff_frame_thread_encoder_init --project ffmpeg
2025-09-08 14:41:33,993 - INFO - success CVE-2020-22037,details in cve_test/CVE-2020-22037.log

2025-09-08 14:41:33,994 - INFO - detecting CVE-2020-22037 ff_frame_thread_encoder_init
2025-09-08 14:41:33,995 - INFO - cmd: python main.py --detect --cve_id CVE-2020-22037 --target_bin /binaries/target/ffmpeg/ffmpeg-4.2.5-o2-ffmpeg --vul_func_name ff_frame_thread_encoder_init --project ffmpeg
2025-09-08 14:41:41,476 - INFO - success CVE-2020-22037,details in cve_test/CVE-2020-22037.log

2025-09-08 14:41:41,477 - INFO - detecting CVE-2020-22038 ff_v4l2_m2m_codec_end
2025-09-08 14:41:41,478 - INFO - cmd: python main.py --detect --cve_id CVE-2020-22038 --target_bin /binaries/target/ffmpeg/ffmpeg-4.2-o2-ffmpeg --vul_func_name ff_v4l2_m2m_codec_end --project ffmpeg
2025-09-08 14:41:49,068 - INFO - success CVE-2020-22038,details in cve_test/CVE-2020-22038.log

2025-09-08 14:41:49,069 - INFO - detecting CVE-2020-22038 ff_v4l2_m2m_codec_end
2025-09-08 14:41:49,069 - INFO - cmd: python main.py --detect --cve_id CVE-2020-22038 --target_bin /binaries/target/ffmpeg/ffmpeg-4.4-o2-ffmpeg --vul_func_name ff_v4l2_m2m_codec_end --project ffmpeg
2025-09-08 14:41:56,760 - INFO - success CVE-2020-22038,details in cve_test/CVE-2020-22038.log

2025-09-08 14:41:56,761 - INFO - detecting CVE-2020-22038 v4l2_decode_init
2025-09-08 14:41:56,761 - INFO - cmd: python main.py --detect --cve_id CVE-2020-22038 --target_bin /binaries/target/ffmpeg/ffmpeg-4.2-o2-ffmpeg --vul_func_name v4l2_decode_init --project ffmpeg
2025-09-08 14:42:04,731 - INFO - success CVE-2020-22038,details in cve_test/CVE-2020-22038.log

2025-09-08 14:42:04,732 - INFO - detecting CVE-2020-22038 v4l2_decode_init
2025-09-08 14:42:04,732 - INFO - cmd: python main.py --detect --cve_id CVE-2020-22038 --target_bin /binaries/target/ffmpeg/ffmpeg-4.4-o2-ffmpeg --vul_func_name v4l2_decode_init --project ffmpeg
2025-09-08 14:42:12,392 - INFO - success CVE-2020-22038,details in cve_test/CVE-2020-22038.log

2025-09-08 14:42:12,392 - INFO - detecting CVE-2020-22039 avi_write_trailer
2025-09-08 14:42:12,393 - INFO - cmd: python main.py --detect --cve_id CVE-2020-22039 --target_bin /binaries/target/ffmpeg/ffmpeg-4.2-o2-ffmpeg --vul_func_name avi_write_trailer --project ffmpeg
2025-09-08 14:42:22,641 - INFO - success CVE-2020-22039,details in cve_test/CVE-2020-22039.log

2025-09-08 14:42:22,642 - INFO - detecting CVE-2020-22039 avi_write_trailer
2025-09-08 14:42:22,642 - INFO - cmd: python main.py --detect --cve_id CVE-2020-22039 --target_bin /binaries/target/ffmpeg/ffmpeg-4.3-o2-ffmpeg --vul_func_name avi_write_trailer --project ffmpeg
2025-09-08 14:42:34,166 - INFO - success CVE-2020-22039,details in cve_test/CVE-2020-22039.log

2025-09-08 14:42:34,167 - INFO - detecting CVE-2020-22046 ff_ac3_encode_close
2025-09-08 14:42:34,167 - INFO - cmd: python main.py --detect --cve_id CVE-2020-22046 --target_bin /binaries/target/ffmpeg/ffmpeg-4.2-o2-ffmpeg --vul_func_name ff_ac3_encode_close --project ffmpeg
2025-09-08 14:42:41,887 - INFO - success CVE-2020-22046,details in cve_test/CVE-2020-22046.log

2025-09-08 14:42:41,888 - INFO - detecting CVE-2020-22046 ff_ac3_encode_close
2025-09-08 14:42:41,888 - INFO - cmd: python main.py --detect --cve_id CVE-2020-22046 --target_bin /binaries/target/ffmpeg/ffmpeg-4.1.10-o2-ffmpeg --vul_func_name ff_ac3_encode_close --project ffmpeg
2025-09-08 14:42:49,448 - INFO - success CVE-2020-22046,details in cve_test/CVE-2020-22046.log

2025-09-08 14:42:49,449 - INFO - detecting CVE-2020-22046 ff_ac3_encode_close
2025-09-08 14:42:49,450 - INFO - cmd: python main.py --detect --cve_id CVE-2020-22046 --target_bin /binaries/target/ffmpeg/ffmpeg-4.2.3-o2-ffmpeg --vul_func_name ff_ac3_encode_close --project ffmpeg
2025-09-08 14:42:59,497 - INFO - success CVE-2020-22046,details in cve_test/CVE-2020-22046.log

2025-09-08 14:42:59,498 - INFO - detecting CVE-2020-22046 ff_ac3_encode_close
2025-09-08 14:42:59,498 - INFO - cmd: python main.py --detect --cve_id CVE-2020-22046 --target_bin /binaries/target/ffmpeg/ffmpeg-4.3-o2-ffmpeg --vul_func_name ff_ac3_encode_close --project ffmpeg
2025-09-08 14:43:06,699 - INFO - success CVE-2020-22046,details in cve_test/CVE-2020-22046.log

2025-09-08 14:43:06,700 - INFO - detecting CVE-2020-24020 dnn_execute_layer_conv2d
2025-09-08 14:43:06,700 - INFO - cmd: python main.py --detect --cve_id CVE-2020-24020 --target_bin /binaries/target/ffmpeg/ffmpeg-4.2.3-o2-ffmpeg --vul_func_name dnn_execute_layer_conv2d --project ffmpeg
2025-09-08 14:43:12,523 - ERROR - fail CVE-2020-24020 ,details1

2025-09-08 14:43:12,524 - INFO - detecting CVE-2020-24020 dnn_execute_layer_conv2d
2025-09-08 14:43:12,524 - INFO - cmd: python main.py --detect --cve_id CVE-2020-24020 --target_bin /binaries/target/ffmpeg/ffmpeg-4.4-o2-ffmpeg --vul_func_name dnn_execute_layer_conv2d --project ffmpeg
2025-09-08 14:43:18,009 - ERROR - fail CVE-2020-24020 ,details1

2025-09-08 14:43:18,010 - INFO - detecting CVE-2020-24020 dnn_execute_layer_math_binary
2025-09-08 14:43:18,010 - INFO - cmd: python main.py --detect --cve_id CVE-2020-24020 --target_bin /binaries/target/ffmpeg/ffmpeg-4.2.3-o2-ffmpeg --vul_func_name dnn_execute_layer_math_binary --project ffmpeg
2025-09-08 14:43:23,667 - ERROR - fail CVE-2020-24020 ,details1

2025-09-08 14:43:23,668 - INFO - detecting CVE-2020-24020 dnn_execute_layer_math_binary
2025-09-08 14:43:23,668 - INFO - cmd: python main.py --detect --cve_id CVE-2020-24020 --target_bin /binaries/target/ffmpeg/ffmpeg-4.4-o2-ffmpeg --vul_func_name dnn_execute_layer_math_binary --project ffmpeg
2025-09-08 14:43:29,419 - ERROR - fail CVE-2020-24020 ,details1

2025-09-08 14:43:29,420 - INFO - detecting CVE-2020-24020 dnn_execute_layer_math_unary
2025-09-08 14:43:29,421 - INFO - cmd: python main.py --detect --cve_id CVE-2020-24020 --target_bin /binaries/target/ffmpeg/ffmpeg-4.2.3-o2-ffmpeg --vul_func_name dnn_execute_layer_math_unary --project ffmpeg
2025-09-08 14:43:34,864 - ERROR - fail CVE-2020-24020 ,details1

2025-09-08 14:43:34,865 - INFO - detecting CVE-2020-24020 dnn_execute_layer_math_unary
2025-09-08 14:43:34,865 - INFO - cmd: python main.py --detect --cve_id CVE-2020-24020 --target_bin /binaries/target/ffmpeg/ffmpeg-4.4-o2-ffmpeg --vul_func_name dnn_execute_layer_math_unary --project ffmpeg
2025-09-08 14:43:40,636 - ERROR - fail CVE-2020-24020 ,details1

2025-09-08 14:43:40,637 - INFO - detecting CVE-2020-24020 dnn_execute_layer_maximum
2025-09-08 14:43:40,638 - INFO - cmd: python main.py --detect --cve_id CVE-2020-24020 --target_bin /binaries/target/ffmpeg/ffmpeg-4.2.3-o2-ffmpeg --vul_func_name dnn_execute_layer_maximum --project ffmpeg
2025-09-08 14:43:46,303 - ERROR - fail CVE-2020-24020 ,details1

2025-09-08 14:43:46,304 - INFO - detecting CVE-2020-24020 dnn_execute_layer_maximum
2025-09-08 14:43:46,305 - INFO - cmd: python main.py --detect --cve_id CVE-2020-24020 --target_bin /binaries/target/ffmpeg/ffmpeg-4.4-o2-ffmpeg --vul_func_name dnn_execute_layer_maximum --project ffmpeg
2025-09-08 14:43:52,110 - ERROR - fail CVE-2020-24020 ,details1

2025-09-08 14:43:52,111 - INFO - detecting CVE-2020-24020 dnn_execute_layer_pad
2025-09-08 14:43:52,111 - INFO - cmd: python main.py --detect --cve_id CVE-2020-24020 --target_bin /binaries/target/ffmpeg/ffmpeg-4.2.3-o2-ffmpeg --vul_func_name dnn_execute_layer_pad --project ffmpeg
2025-09-08 14:43:57,984 - ERROR - fail CVE-2020-24020 ,details1

2025-09-08 14:43:57,985 - INFO - detecting CVE-2020-24020 dnn_execute_layer_pad
2025-09-08 14:43:57,985 - INFO - cmd: python main.py --detect --cve_id CVE-2020-24020 --target_bin /binaries/target/ffmpeg/ffmpeg-4.4-o2-ffmpeg --vul_func_name dnn_execute_layer_pad --project ffmpeg
2025-09-08 14:44:03,884 - ERROR - fail CVE-2020-24020 ,details1

2025-09-08 14:44:03,885 - INFO - detecting CVE-2022-1475 g729_parse
2025-09-08 14:44:03,885 - INFO - cmd: python main.py --detect --cve_id CVE-2022-1475 --target_bin /binaries/target/ffmpeg/ffmpeg-4.2.6-o2-ffmpeg --vul_func_name g729_parse --project ffmpeg
2025-09-08 14:44:14,031 - INFO - success CVE-2022-1475,details in cve_test/CVE-2022-1475.log

2025-09-08 14:44:14,032 - INFO - detecting CVE-2022-1475 g729_parse
2025-09-08 14:44:14,032 - INFO - cmd: python main.py --detect --cve_id CVE-2022-1475 --target_bin /binaries/target/ffmpeg/ffmpeg-4.3.4-o2-ffmpeg --vul_func_name g729_parse --project ffmpeg
2025-09-08 14:44:24,821 - INFO - success CVE-2022-1475,details in cve_test/CVE-2022-1475.log

2025-09-08 14:44:24,822 - INFO - detecting CVE-2022-1475 g729_parse
2025-09-08 14:44:24,823 - INFO - cmd: python main.py --detect --cve_id CVE-2022-1475 --target_bin /binaries/target/ffmpeg/ffmpeg-5.0-o2-ffmpeg --vul_func_name g729_parse --project ffmpeg
2025-09-08 14:44:37,198 - INFO - success CVE-2022-1475,details in cve_test/CVE-2022-1475.log

2025-09-08 14:44:37,199 - INFO - detecting CVE-2022-1475 g729_parse
2025-09-08 14:44:37,199 - INFO - cmd: python main.py --detect --cve_id CVE-2022-1475 --target_bin /binaries/target/ffmpeg/ffmpeg-4.4.2-o2-ffmpeg --vul_func_name g729_parse --project ffmpeg
2025-09-08 14:44:48,953 - INFO - success CVE-2022-1475,details in cve_test/CVE-2022-1475.log

2025-09-08 14:44:48,954 - INFO - detecting CVE-2022-1475 g729_parse
2025-09-08 14:44:48,954 - INFO - cmd: python main.py --detect --cve_id CVE-2022-1475 --target_bin /binaries/target/ffmpeg/ffmpeg-5.0.1-o2-ffmpeg --vul_func_name g729_parse --project ffmpeg
2025-09-08 14:45:00,013 - INFO - success CVE-2022-1475,details in cve_test/CVE-2022-1475.log

2025-09-08 14:45:00,014 - INFO - detecting CVE-2022-1475 g729_parse
2025-09-08 14:45:00,015 - INFO - cmd: python main.py --detect --cve_id CVE-2022-1475 --target_bin /binaries/target/ffmpeg/ffmpeg-5.1-o2-ffmpeg --vul_func_name g729_parse --project ffmpeg
2025-09-08 14:45:11,132 - INFO - success CVE-2022-1475,details in cve_test/CVE-2022-1475.log
