2025-09-08 16:05:39,667 - INFO - detecting CVE-2010-2497 gray_render_cubic
2025-09-08 16:05:39,668 - INFO - cmd: python main.py --detect --cve_id CVE-2010-2497 --target_bin /binaries/target/freetype/freetype-2.3.12-o2-freetype --vul_func_name gray_render_cubic --project freetype
2025-09-08 16:05:44,267 - ERROR - fail CVE-2010-2497 ,details1

2025-09-08 16:05:44,268 - INFO - detecting CVE-2010-2497 gray_render_cubic
2025-09-08 16:05:44,269 - INFO - cmd: python main.py --detect --cve_id CVE-2010-2497 --target_bin /binaries/target/freetype/freetype-2.3.11-o2-freetype --vul_func_name gray_render_cubic --project freetype
2025-09-08 16:05:48,707 - ERROR - fail CVE-2010-2497 ,details1

2025-09-08 16:05:48,707 - INFO - detecting CVE-2010-2497 gray_render_cubic
2025-09-08 16:05:48,708 - INFO - cmd: python main.py --detect --cve_id CVE-2010-2497 --target_bin /binaries/target/freetype/freetype-2.3.10-o2-freetype --vul_func_name gray_render_cubic --project freetype
2025-09-08 16:05:53,374 - ERROR - fail CVE-2010-2497 ,details1

2025-09-08 16:05:53,375 - INFO - detecting CVE-2010-2497 gray_render_cubic
2025-09-08 16:05:53,375 - INFO - cmd: python main.py --detect --cve_id CVE-2010-2497 --target_bin /binaries/target/freetype/freetype-2.4.0-o2-freetype --vul_func_name gray_render_cubic --project freetype
2025-09-08 16:05:57,777 - ERROR - fail CVE-2010-2497 ,details1

2025-09-08 16:05:57,779 - INFO - detecting CVE-2010-2497 gray_render_cubic
2025-09-08 16:05:57,779 - INFO - cmd: python main.py --detect --cve_id CVE-2010-2497 --target_bin /binaries/target/freetype/freetype-2.4.1-o2-freetype --vul_func_name gray_render_cubic --project freetype
2025-09-08 16:06:02,562 - ERROR - fail CVE-2010-2497 ,details1

2025-09-08 16:06:02,563 - INFO - detecting CVE-2010-2497 gray_render_cubic
2025-09-08 16:06:02,563 - INFO - cmd: python main.py --detect --cve_id CVE-2010-2497 --target_bin /binaries/target/freetype/freetype-2.4.2-o2-freetype --vul_func_name gray_render_cubic --project freetype
2025-09-08 16:06:07,814 - ERROR - fail CVE-2010-2497 ,details1

2025-09-08 16:06:07,815 - INFO - detecting CVE-2010-3855 ft_var_readpackedpoints
2025-09-08 16:06:07,815 - INFO - cmd: python main.py --detect --cve_id CVE-2010-3855 --target_bin /binaries/target/freetype/freetype-2.4.3-o2-freetype --vul_func_name ft_var_readpackedpoints --project freetype
2025-09-08 16:06:17,353 - INFO - success CVE-2010-3855,details in cve_test/CVE-2010-3855.log

2025-09-08 16:06:17,354 - INFO - detecting CVE-2010-3855 ft_var_readpackedpoints
2025-09-08 16:06:17,355 - INFO - cmd: python main.py --detect --cve_id CVE-2010-3855 --target_bin /binaries/target/freetype/freetype-2.4.2-o2-freetype --vul_func_name ft_var_readpackedpoints --project freetype
2025-09-08 16:06:26,108 - INFO - success CVE-2010-3855,details in cve_test/CVE-2010-3855.log

2025-09-08 16:06:26,109 - INFO - detecting CVE-2010-3855 ft_var_readpackedpoints
2025-09-08 16:06:26,109 - INFO - cmd: python main.py --detect --cve_id CVE-2010-3855 --target_bin /binaries/target/freetype/freetype-2.4.1-o2-freetype --vul_func_name ft_var_readpackedpoints --project freetype
2025-09-08 16:06:35,659 - INFO - success CVE-2010-3855,details in cve_test/CVE-2010-3855.log

2025-09-08 16:06:35,661 - INFO - detecting CVE-2010-3855 ft_var_readpackedpoints
2025-09-08 16:06:35,661 - INFO - cmd: python main.py --detect --cve_id CVE-2010-3855 --target_bin /binaries/target/freetype/freetype-2.4.4-o2-freetype --vul_func_name ft_var_readpackedpoints --project freetype
2025-09-08 16:06:46,405 - INFO - success CVE-2010-3855,details in cve_test/CVE-2010-3855.log

2025-09-08 16:06:46,406 - INFO - detecting CVE-2010-3855 ft_var_readpackedpoints
2025-09-08 16:06:46,407 - INFO - cmd: python main.py --detect --cve_id CVE-2010-3855 --target_bin /binaries/target/freetype/freetype-2.4.5-o2-freetype --vul_func_name ft_var_readpackedpoints --project freetype
2025-09-08 16:06:56,402 - INFO - success CVE-2010-3855,details in cve_test/CVE-2010-3855.log

2025-09-08 16:06:56,403 - INFO - detecting CVE-2010-3855 ft_var_readpackedpoints
2025-09-08 16:06:56,403 - INFO - cmd: python main.py --detect --cve_id CVE-2010-3855 --target_bin /binaries/target/freetype/freetype-2.4.6-o2-freetype --vul_func_name ft_var_readpackedpoints --project freetype
2025-09-08 16:07:05,723 - INFO - success CVE-2010-3855,details in cve_test/CVE-2010-3855.log

2025-09-08 16:07:05,724 - INFO - detecting CVE-2014-9746 t1_parse_font_matrix
2025-09-08 16:07:05,724 - INFO - cmd: python main.py --detect --cve_id CVE-2014-9746 --target_bin /binaries/target/freetype/freetype-2.5.3-o2-freetype --vul_func_name t1_parse_font_matrix --project freetype
2025-09-08 16:07:12,877 - INFO - success CVE-2014-9746,details in cve_test/CVE-2014-9746.log

2025-09-08 16:07:12,878 - INFO - detecting CVE-2014-9746 t1_parse_font_matrix
2025-09-08 16:07:12,879 - INFO - cmd: python main.py --detect --cve_id CVE-2014-9746 --target_bin /binaries/target/freetype/freetype-2.5.2-o2-freetype --vul_func_name t1_parse_font_matrix --project freetype
2025-09-08 16:07:19,389 - INFO - success CVE-2014-9746,details in cve_test/CVE-2014-9746.log

2025-09-08 16:07:19,390 - INFO - detecting CVE-2014-9746 t1_parse_font_matrix
2025-09-08 16:07:19,390 - INFO - cmd: python main.py --detect --cve_id CVE-2014-9746 --target_bin /binaries/target/freetype/freetype-2.5.1-o2-freetype --vul_func_name t1_parse_font_matrix --project freetype
2025-09-08 16:07:26,496 - INFO - success CVE-2014-9746,details in cve_test/CVE-2014-9746.log

2025-09-08 16:07:26,497 - INFO - detecting CVE-2014-9746 t1_parse_font_matrix
2025-09-08 16:07:26,497 - INFO - cmd: python main.py --detect --cve_id CVE-2014-9746 --target_bin /binaries/target/freetype/freetype-2.5.4-o2-freetype --vul_func_name t1_parse_font_matrix --project freetype
2025-09-08 16:07:33,702 - INFO - success CVE-2014-9746,details in cve_test/CVE-2014-9746.log

2025-09-08 16:07:33,703 - INFO - detecting CVE-2014-9746 t1_parse_font_matrix
2025-09-08 16:07:33,703 - INFO - cmd: python main.py --detect --cve_id CVE-2014-9746 --target_bin /binaries/target/freetype/freetype-2.5.5-o2-freetype --vul_func_name t1_parse_font_matrix --project freetype
2025-09-08 16:07:39,881 - INFO - success CVE-2014-9746,details in cve_test/CVE-2014-9746.log

2025-09-08 16:07:39,882 - INFO - detecting CVE-2014-9746 t1_parse_font_matrix
2025-09-08 16:07:39,883 - INFO - cmd: python main.py --detect --cve_id CVE-2014-9746 --target_bin /binaries/target/freetype/freetype-2.6-o2-freetype --vul_func_name t1_parse_font_matrix --project freetype
2025-09-08 16:07:47,078 - INFO - success CVE-2014-9746,details in cve_test/CVE-2014-9746.log

2025-09-08 16:07:47,079 - INFO - detecting CVE-2014-9746 t42_parse_font_matrix
2025-09-08 16:07:47,079 - INFO - cmd: python main.py --detect --cve_id CVE-2014-9746 --target_bin /binaries/target/freetype/freetype-2.5.3-o2-freetype --vul_func_name t42_parse_font_matrix --project freetype
2025-09-08 16:07:54,124 - INFO - success CVE-2014-9746,details in cve_test/CVE-2014-9746.log

2025-09-08 16:07:54,125 - INFO - detecting CVE-2014-9746 t42_parse_font_matrix
2025-09-08 16:07:54,126 - INFO - cmd: python main.py --detect --cve_id CVE-2014-9746 --target_bin /binaries/target/freetype/freetype-2.5.2-o2-freetype --vul_func_name t42_parse_font_matrix --project freetype
2025-09-08 16:07:59,686 - ERROR - fail CVE-2014-9746 ,details1

2025-09-08 16:07:59,687 - INFO - detecting CVE-2014-9746 t42_parse_font_matrix
2025-09-08 16:07:59,687 - INFO - cmd: python main.py --detect --cve_id CVE-2014-9746 --target_bin /binaries/target/freetype/freetype-2.5.1-o2-freetype --vul_func_name t42_parse_font_matrix --project freetype
2025-09-08 16:08:05,391 - ERROR - fail CVE-2014-9746 ,details1

2025-09-08 16:08:05,392 - INFO - detecting CVE-2014-9746 t42_parse_font_matrix
2025-09-08 16:08:05,393 - INFO - cmd: python main.py --detect --cve_id CVE-2014-9746 --target_bin /binaries/target/freetype/freetype-2.5.4-o2-freetype --vul_func_name t42_parse_font_matrix --project freetype
2025-09-08 16:08:11,689 - INFO - success CVE-2014-9746,details in cve_test/CVE-2014-9746.log

2025-09-08 16:08:11,690 - INFO - detecting CVE-2014-9746 t42_parse_font_matrix
2025-09-08 16:08:11,690 - INFO - cmd: python main.py --detect --cve_id CVE-2014-9746 --target_bin /binaries/target/freetype/freetype-2.5.5-o2-freetype --vul_func_name t42_parse_font_matrix --project freetype
2025-09-08 16:08:18,312 - INFO - success CVE-2014-9746,details in cve_test/CVE-2014-9746.log

2025-09-08 16:08:18,312 - INFO - detecting CVE-2014-9746 t42_parse_font_matrix
2025-09-08 16:08:18,313 - INFO - cmd: python main.py --detect --cve_id CVE-2014-9746 --target_bin /binaries/target/freetype/freetype-2.6-o2-freetype --vul_func_name t42_parse_font_matrix --project freetype
2025-09-08 16:08:25,479 - INFO - success CVE-2014-9746,details in cve_test/CVE-2014-9746.log

2025-09-08 16:08:25,480 - INFO - detecting CVE-2014-9670 pcf_get_encodings
2025-09-08 16:08:25,480 - INFO - cmd: python main.py --detect --cve_id CVE-2014-9670 --target_bin /binaries/target/freetype/freetype-2.5.3-o2-freetype --vul_func_name pcf_get_encodings --project freetype
2025-09-08 16:08:29,976 - ERROR - fail CVE-2014-9670 ,details1

2025-09-08 16:08:29,978 - INFO - detecting CVE-2014-9670 pcf_get_encodings
2025-09-08 16:08:29,978 - INFO - cmd: python main.py --detect --cve_id CVE-2014-9670 --target_bin /binaries/target/freetype/freetype-2.5.2-o2-freetype --vul_func_name pcf_get_encodings --project freetype
2025-09-08 16:08:35,198 - ERROR - fail CVE-2014-9670 ,details1

2025-09-08 16:08:35,200 - INFO - detecting CVE-2014-9670 pcf_get_encodings
2025-09-08 16:08:35,200 - INFO - cmd: python main.py --detect --cve_id CVE-2014-9670 --target_bin /binaries/target/freetype/freetype-2.5.1-o2-freetype --vul_func_name pcf_get_encodings --project freetype
2025-09-08 16:08:40,232 - ERROR - fail CVE-2014-9670 ,details1

2025-09-08 16:08:40,233 - INFO - detecting CVE-2014-9670 pcf_get_encodings
2025-09-08 16:08:40,234 - INFO - cmd: python main.py --detect --cve_id CVE-2014-9670 --target_bin /binaries/target/freetype/freetype-2.5.4-o2-freetype --vul_func_name pcf_get_encodings --project freetype
2025-09-08 16:08:45,271 - ERROR - fail CVE-2014-9670 ,details1

2025-09-08 16:08:45,272 - INFO - detecting CVE-2014-9670 pcf_get_encodings
2025-09-08 16:08:45,272 - INFO - cmd: python main.py --detect --cve_id CVE-2014-9670 --target_bin /binaries/target/freetype/freetype-2.5.5-o2-freetype --vul_func_name pcf_get_encodings --project freetype
2025-09-08 16:08:49,877 - ERROR - fail CVE-2014-9670 ,details1

2025-09-08 16:08:49,878 - INFO - detecting CVE-2014-9670 pcf_get_encodings
2025-09-08 16:08:49,878 - INFO - cmd: python main.py --detect --cve_id CVE-2014-9670 --target_bin /binaries/target/freetype/freetype-2.6-o2-freetype --vul_func_name pcf_get_encodings --project freetype
2025-09-08 16:08:54,391 - ERROR - fail CVE-2014-9670 ,details1

2025-09-08 16:08:54,392 - INFO - detecting CVE-2014-9669 tt_cmap12_validate
2025-09-08 16:08:54,392 - INFO - cmd: python main.py --detect --cve_id CVE-2014-9669 --target_bin /binaries/target/freetype/freetype-2.5.3-o2-freetype --vul_func_name tt_cmap12_validate --project freetype
2025-09-08 16:09:00,507 - INFO - success CVE-2014-9669,details in cve_test/CVE-2014-9669.log

2025-09-08 16:09:00,508 - INFO - detecting CVE-2014-9669 tt_cmap12_validate
2025-09-08 16:09:00,509 - INFO - cmd: python main.py --detect --cve_id CVE-2014-9669 --target_bin /binaries/target/freetype/freetype-2.5.2-o2-freetype --vul_func_name tt_cmap12_validate --project freetype
2025-09-08 16:09:06,520 - INFO - success CVE-2014-9669,details in cve_test/CVE-2014-9669.log

2025-09-08 16:09:06,522 - INFO - detecting CVE-2014-9669 tt_cmap12_validate
2025-09-08 16:09:06,522 - INFO - cmd: python main.py --detect --cve_id CVE-2014-9669 --target_bin /binaries/target/freetype/freetype-2.5.1-o2-freetype --vul_func_name tt_cmap12_validate --project freetype
2025-09-08 16:09:13,609 - INFO - success CVE-2014-9669,details in cve_test/CVE-2014-9669.log

2025-09-08 16:09:13,610 - INFO - detecting CVE-2014-9669 tt_cmap12_validate
2025-09-08 16:09:13,611 - INFO - cmd: python main.py --detect --cve_id CVE-2014-9669 --target_bin /binaries/target/freetype/freetype-2.5.4-o2-freetype --vul_func_name tt_cmap12_validate --project freetype
2025-09-08 16:09:20,263 - INFO - success CVE-2014-9669,details in cve_test/CVE-2014-9669.log

2025-09-08 16:09:20,264 - INFO - detecting CVE-2014-9669 tt_cmap12_validate
2025-09-08 16:09:20,265 - INFO - cmd: python main.py --detect --cve_id CVE-2014-9669 --target_bin /binaries/target/freetype/freetype-2.5.5-o2-freetype --vul_func_name tt_cmap12_validate --project freetype
2025-09-08 16:09:27,030 - INFO - success CVE-2014-9669,details in cve_test/CVE-2014-9669.log

2025-09-08 16:09:27,032 - INFO - detecting CVE-2014-9669 tt_cmap12_validate
2025-09-08 16:09:27,032 - INFO - cmd: python main.py --detect --cve_id CVE-2014-9669 --target_bin /binaries/target/freetype/freetype-2.6-o2-freetype --vul_func_name tt_cmap12_validate --project freetype
2025-09-08 16:09:33,853 - INFO - success CVE-2014-9669,details in cve_test/CVE-2014-9669.log

2025-09-08 16:09:33,854 - INFO - detecting CVE-2014-9662 cf2_builder_cubeTo
2025-09-08 16:09:33,855 - INFO - cmd: python main.py --detect --cve_id CVE-2014-9662 --target_bin /binaries/target/freetype/freetype-2.5.3-o2-freetype --vul_func_name cf2_builder_cubeTo --project freetype
2025-09-08 16:09:44,554 - INFO - success CVE-2014-9662,details in cve_test/CVE-2014-9662.log

2025-09-08 16:09:44,555 - INFO - detecting CVE-2014-9662 cf2_builder_cubeTo
2025-09-08 16:09:44,555 - INFO - cmd: python main.py --detect --cve_id CVE-2014-9662 --target_bin /binaries/target/freetype/freetype-2.5.2-o2-freetype --vul_func_name cf2_builder_cubeTo --project freetype
2025-09-08 16:09:53,740 - INFO - success CVE-2014-9662,details in cve_test/CVE-2014-9662.log

2025-09-08 16:09:53,741 - INFO - detecting CVE-2014-9662 cf2_builder_cubeTo
2025-09-08 16:09:53,741 - INFO - cmd: python main.py --detect --cve_id CVE-2014-9662 --target_bin /binaries/target/freetype/freetype-2.5.1-o2-freetype --vul_func_name cf2_builder_cubeTo --project freetype
2025-09-08 16:10:04,352 - INFO - success CVE-2014-9662,details in cve_test/CVE-2014-9662.log

2025-09-08 16:10:04,354 - INFO - detecting CVE-2014-9662 cf2_builder_cubeTo
2025-09-08 16:10:04,354 - INFO - cmd: python main.py --detect --cve_id CVE-2014-9662 --target_bin /binaries/target/freetype/freetype-2.5.4-o2-freetype --vul_func_name cf2_builder_cubeTo --project freetype
2025-09-08 16:10:13,255 - INFO - success CVE-2014-9662,details in cve_test/CVE-2014-9662.log

2025-09-08 16:10:13,256 - INFO - detecting CVE-2014-9662 cf2_builder_cubeTo
2025-09-08 16:10:13,257 - INFO - cmd: python main.py --detect --cve_id CVE-2014-9662 --target_bin /binaries/target/freetype/freetype-2.5.5-o2-freetype --vul_func_name cf2_builder_cubeTo --project freetype
2025-09-08 16:10:22,227 - INFO - success CVE-2014-9662,details in cve_test/CVE-2014-9662.log

2025-09-08 16:10:22,228 - INFO - detecting CVE-2014-9662 cf2_builder_cubeTo
2025-09-08 16:10:22,229 - INFO - cmd: python main.py --detect --cve_id CVE-2014-9662 --target_bin /binaries/target/freetype/freetype-2.6-o2-freetype --vul_func_name cf2_builder_cubeTo --project freetype
2025-09-08 16:10:31,394 - INFO - success CVE-2014-9662,details in cve_test/CVE-2014-9662.log

2025-09-08 16:10:31,395 - INFO - detecting CVE-2014-9662 cf2_builder_lineTo
2025-09-08 16:10:31,396 - INFO - cmd: python main.py --detect --cve_id CVE-2014-9662 --target_bin /binaries/target/freetype/freetype-2.5.3-o2-freetype --vul_func_name cf2_builder_lineTo --project freetype
2025-09-08 16:10:40,509 - INFO - success CVE-2014-9662,details in cve_test/CVE-2014-9662.log

2025-09-08 16:10:40,510 - INFO - detecting CVE-2014-9662 cf2_builder_lineTo
2025-09-08 16:10:40,510 - INFO - cmd: python main.py --detect --cve_id CVE-2014-9662 --target_bin /binaries/target/freetype/freetype-2.5.2-o2-freetype --vul_func_name cf2_builder_lineTo --project freetype
2025-09-08 16:10:50,654 - INFO - success CVE-2014-9662,details in cve_test/CVE-2014-9662.log

2025-09-08 16:10:50,655 - INFO - detecting CVE-2014-9662 cf2_builder_lineTo
2025-09-08 16:10:50,655 - INFO - cmd: python main.py --detect --cve_id CVE-2014-9662 --target_bin /binaries/target/freetype/freetype-2.5.1-o2-freetype --vul_func_name cf2_builder_lineTo --project freetype
2025-09-08 16:11:01,141 - INFO - success CVE-2014-9662,details in cve_test/CVE-2014-9662.log

2025-09-08 16:11:01,142 - INFO - detecting CVE-2014-9662 cf2_builder_lineTo
2025-09-08 16:11:01,143 - INFO - cmd: python main.py --detect --cve_id CVE-2014-9662 --target_bin /binaries/target/freetype/freetype-2.5.4-o2-freetype --vul_func_name cf2_builder_lineTo --project freetype
2025-09-08 16:11:10,690 - INFO - success CVE-2014-9662,details in cve_test/CVE-2014-9662.log

2025-09-08 16:11:10,691 - INFO - detecting CVE-2014-9662 cf2_builder_lineTo
2025-09-08 16:11:10,691 - INFO - cmd: python main.py --detect --cve_id CVE-2014-9662 --target_bin /binaries/target/freetype/freetype-2.5.5-o2-freetype --vul_func_name cf2_builder_lineTo --project freetype
2025-09-08 16:11:19,921 - INFO - success CVE-2014-9662,details in cve_test/CVE-2014-9662.log

2025-09-08 16:11:19,922 - INFO - detecting CVE-2014-9662 cf2_builder_lineTo
2025-09-08 16:11:19,923 - INFO - cmd: python main.py --detect --cve_id CVE-2014-9662 --target_bin /binaries/target/freetype/freetype-2.6-o2-freetype --vul_func_name cf2_builder_lineTo --project freetype
2025-09-08 16:11:28,327 - INFO - success CVE-2014-9662,details in cve_test/CVE-2014-9662.log

2025-09-08 16:11:28,328 - INFO - detecting CVE-2014-9674 Mac_Read_POST_Resource
2025-09-08 16:11:28,329 - INFO - cmd: python main.py --detect --cve_id CVE-2014-9674 --target_bin /binaries/target/freetype/freetype-2.5.3-o2-freetype --vul_func_name Mac_Read_POST_Resource --project freetype
2025-09-08 16:11:32,835 - ERROR - fail CVE-2014-9674 ,details1

2025-09-08 16:11:32,837 - INFO - detecting CVE-2014-9674 Mac_Read_POST_Resource
2025-09-08 16:11:32,837 - INFO - cmd: python main.py --detect --cve_id CVE-2014-9674 --target_bin /binaries/target/freetype/freetype-2.5.2-o2-freetype --vul_func_name Mac_Read_POST_Resource --project freetype
2025-09-08 16:11:37,753 - ERROR - fail CVE-2014-9674 ,details1

2025-09-08 16:11:37,754 - INFO - detecting CVE-2014-9674 Mac_Read_POST_Resource
2025-09-08 16:11:37,755 - INFO - cmd: python main.py --detect --cve_id CVE-2014-9674 --target_bin /binaries/target/freetype/freetype-2.5.1-o2-freetype --vul_func_name Mac_Read_POST_Resource --project freetype
2025-09-08 16:11:42,435 - ERROR - fail CVE-2014-9674 ,details1

2025-09-08 16:11:42,437 - INFO - detecting CVE-2014-9674 Mac_Read_POST_Resource
2025-09-08 16:11:42,437 - INFO - cmd: python main.py --detect --cve_id CVE-2014-9674 --target_bin /binaries/target/freetype/freetype-2.5.4-o2-freetype --vul_func_name Mac_Read_POST_Resource --project freetype
2025-09-08 16:11:47,525 - ERROR - fail CVE-2014-9674 ,details1

2025-09-08 16:11:47,526 - INFO - detecting CVE-2014-9674 Mac_Read_POST_Resource
2025-09-08 16:11:47,527 - INFO - cmd: python main.py --detect --cve_id CVE-2014-9674 --target_bin /binaries/target/freetype/freetype-2.5.5-o2-freetype --vul_func_name Mac_Read_POST_Resource --project freetype
2025-09-08 16:11:52,381 - ERROR - fail CVE-2014-9674 ,details1

2025-09-08 16:11:52,382 - INFO - detecting CVE-2014-9674 Mac_Read_POST_Resource
2025-09-08 16:11:52,383 - INFO - cmd: python main.py --detect --cve_id CVE-2014-9674 --target_bin /binaries/target/freetype/freetype-2.6-o2-freetype --vul_func_name Mac_Read_POST_Resource --project freetype
2025-09-08 16:11:57,032 - ERROR - fail CVE-2014-9674 ,details1

2025-09-08 16:11:57,035 - INFO - detecting CVE-2015-9382 ps_parser_skip_PS_token
2025-09-08 16:11:57,035 - INFO - cmd: python main.py --detect --cve_id CVE-2015-9382 --target_bin /binaries/target/freetype/freetype-2.5.5-o2-freetype --vul_func_name ps_parser_skip_PS_token --project freetype
2025-09-08 16:12:04,455 - INFO - success CVE-2015-9382,details in cve_test/CVE-2015-9382.log

2025-09-08 16:12:04,456 - INFO - detecting CVE-2015-9382 ps_parser_skip_PS_token
2025-09-08 16:12:04,463 - INFO - cmd: python main.py --detect --cve_id CVE-2015-9382 --target_bin /binaries/target/freetype/freetype-2.5.4-o2-freetype --vul_func_name ps_parser_skip_PS_token --project freetype
2025-09-08 16:12:11,852 - INFO - success CVE-2015-9382,details in cve_test/CVE-2015-9382.log

2025-09-08 16:12:11,853 - INFO - detecting CVE-2015-9382 ps_parser_skip_PS_token
2025-09-08 16:12:11,853 - INFO - cmd: python main.py --detect --cve_id CVE-2015-9382 --target_bin /binaries/target/freetype/freetype-2.5.3-o2-freetype --vul_func_name ps_parser_skip_PS_token --project freetype
2025-09-08 16:12:18,419 - INFO - success CVE-2015-9382,details in cve_test/CVE-2015-9382.log

2025-09-08 16:12:18,421 - INFO - detecting CVE-2015-9382 ps_parser_skip_PS_token
2025-09-08 16:12:18,421 - INFO - cmd: python main.py --detect --cve_id CVE-2015-9382 --target_bin /binaries/target/freetype/freetype-2.6.1-o2-freetype --vul_func_name ps_parser_skip_PS_token --project freetype
2025-09-08 16:12:26,042 - INFO - success CVE-2015-9382,details in cve_test/CVE-2015-9382.log

2025-09-08 16:12:26,043 - INFO - detecting CVE-2015-9382 ps_parser_skip_PS_token
2025-09-08 16:12:26,043 - INFO - cmd: python main.py --detect --cve_id CVE-2015-9382 --target_bin /binaries/target/freetype/freetype-2.6.2-o2-freetype --vul_func_name ps_parser_skip_PS_token --project freetype
2025-09-08 16:12:33,131 - INFO - success CVE-2015-9382,details in cve_test/CVE-2015-9382.log

2025-09-08 16:12:33,132 - INFO - detecting CVE-2015-9382 ps_parser_skip_PS_token
2025-09-08 16:12:33,132 - INFO - cmd: python main.py --detect --cve_id CVE-2015-9382 --target_bin /binaries/target/freetype/freetype-2.6.3-o2-freetype --vul_func_name ps_parser_skip_PS_token --project freetype
2025-09-08 16:12:39,266 - INFO - success CVE-2015-9382,details in cve_test/CVE-2015-9382.log

2025-09-08 16:12:39,267 - INFO - detecting CVE-2015-9381 T1_Get_Private_Dict
2025-09-08 16:12:39,268 - INFO - cmd: python main.py --detect --cve_id CVE-2015-9381 --target_bin /binaries/target/freetype/freetype-2.5.5-o2-freetype --vul_func_name T1_Get_Private_Dict --project freetype
2025-09-08 16:12:43,486 - ERROR - fail CVE-2015-9381 ,details1

2025-09-08 16:12:43,486 - INFO - detecting CVE-2015-9381 T1_Get_Private_Dict
2025-09-08 16:12:43,486 - INFO - cmd: python main.py --detect --cve_id CVE-2015-9381 --target_bin /binaries/target/freetype/freetype-2.5.4-o2-freetype --vul_func_name T1_Get_Private_Dict --project freetype
2025-09-08 16:12:47,984 - ERROR - fail CVE-2015-9381 ,details1

2025-09-08 16:12:47,985 - INFO - detecting CVE-2015-9381 T1_Get_Private_Dict
2025-09-08 16:12:47,986 - INFO - cmd: python main.py --detect --cve_id CVE-2015-9381 --target_bin /binaries/target/freetype/freetype-2.5.3-o2-freetype --vul_func_name T1_Get_Private_Dict --project freetype
2025-09-08 16:12:53,095 - ERROR - fail CVE-2015-9381 ,details1

2025-09-08 16:12:53,096 - INFO - detecting CVE-2015-9381 T1_Get_Private_Dict
2025-09-08 16:12:53,097 - INFO - cmd: python main.py --detect --cve_id CVE-2015-9381 --target_bin /binaries/target/freetype/freetype-2.6.1-o2-freetype --vul_func_name T1_Get_Private_Dict --project freetype
2025-09-08 16:12:58,055 - ERROR - fail CVE-2015-9381 ,details1

2025-09-08 16:12:58,056 - INFO - detecting CVE-2015-9381 T1_Get_Private_Dict
2025-09-08 16:12:58,056 - INFO - cmd: python main.py --detect --cve_id CVE-2015-9381 --target_bin /binaries/target/freetype/freetype-2.6.2-o2-freetype --vul_func_name T1_Get_Private_Dict --project freetype
2025-09-08 16:13:02,524 - ERROR - fail CVE-2015-9381 ,details1

2025-09-08 16:13:02,525 - INFO - detecting CVE-2015-9381 T1_Get_Private_Dict
2025-09-08 16:13:02,525 - INFO - cmd: python main.py --detect --cve_id CVE-2015-9381 --target_bin /binaries/target/freetype/freetype-2.6.3-o2-freetype --vul_func_name T1_Get_Private_Dict --project freetype
2025-09-08 16:13:07,556 - ERROR - fail CVE-2015-9381 ,details1

2025-09-08 16:13:07,557 - INFO - detecting CVE-2017-7864 tt_size_reset
2025-09-08 16:13:07,558 - INFO - cmd: python main.py --detect --cve_id CVE-2017-7864 --target_bin /binaries/target/freetype/freetype-2.7.1-o2-freetype --vul_func_name tt_size_reset --project freetype
2025-09-08 16:13:15,356 - INFO - success CVE-2017-7864,details in cve_test/CVE-2017-7864.log

2025-09-08 16:13:15,357 - INFO - detecting CVE-2017-7864 tt_size_reset
2025-09-08 16:13:15,357 - INFO - cmd: python main.py --detect --cve_id CVE-2017-7864 --target_bin /binaries/target/freetype/freetype-2.7-o2-freetype --vul_func_name tt_size_reset --project freetype
2025-09-08 16:13:23,260 - INFO - success CVE-2017-7864,details in cve_test/CVE-2017-7864.log

2025-09-08 16:13:23,261 - INFO - detecting CVE-2017-7864 tt_size_reset
2025-09-08 16:13:23,261 - INFO - cmd: python main.py --detect --cve_id CVE-2017-7864 --target_bin /binaries/target/freetype/freetype-2.6.5-o2-freetype --vul_func_name tt_size_reset --project freetype
2025-09-08 16:13:31,266 - INFO - success CVE-2017-7864,details in cve_test/CVE-2017-7864.log

2025-09-08 16:13:31,267 - INFO - detecting CVE-2017-7864 tt_size_reset
2025-09-08 16:13:31,267 - INFO - cmd: python main.py --detect --cve_id CVE-2017-7864 --target_bin /binaries/target/freetype/freetype-2.8-o2-freetype --vul_func_name tt_size_reset --project freetype
2025-09-08 16:13:39,509 - INFO - success CVE-2017-7864,details in cve_test/CVE-2017-7864.log

2025-09-08 16:13:39,510 - INFO - detecting CVE-2017-7864 tt_size_reset
2025-09-08 16:13:39,511 - INFO - cmd: python main.py --detect --cve_id CVE-2017-7864 --target_bin /binaries/target/freetype/freetype-2.8.1-o2-freetype --vul_func_name tt_size_reset --project freetype
2025-09-08 16:13:47,327 - INFO - success CVE-2017-7864,details in cve_test/CVE-2017-7864.log

2025-09-08 16:13:47,328 - INFO - detecting CVE-2017-7864 tt_size_reset
2025-09-08 16:13:47,329 - INFO - cmd: python main.py --detect --cve_id CVE-2017-7864 --target_bin /binaries/target/freetype/freetype-2.9-o2-freetype --vul_func_name tt_size_reset --project freetype
2025-09-08 16:13:55,094 - INFO - success CVE-2017-7864,details in cve_test/CVE-2017-7864.log