2025-09-08 11:54:37,749 - INFO - detecting CVE-2016-10065 ImportGrayQuantum
2025-09-08 11:54:37,749 - INFO - cmd: python main.py --detect --cve_id CVE-2016-10065 --target_bin /binaries/target/imagemagick/imagemagick-7.0.1-1-o2-magickcore --vul_func_name ImportGrayQuantum --project imagemagick
2025-09-08 11:54:44,207 - INFO - success CVE-2016-10065,details in cve_test/CVE-2016-10065.log

2025-09-08 11:54:44,208 - INFO - detecting CVE-2016-10065 ImportGrayQuantum
2025-09-08 11:54:44,209 - INFO - cmd: python main.py --detect --cve_id CVE-2016-10065 --target_bin /binaries/target/imagemagick/imagemagick-7.0.1-2-o2-magickcore --vul_func_name ImportGrayQuantum --project imagemagick
2025-09-08 11:54:50,627 - INFO - success CVE-2016-10065,details in cve_test/CVE-2016-10065.log

2025-09-08 11:54:50,628 - INFO - detecting CVE-2016-10065 ImportGrayQuantum
2025-09-08 11:54:50,628 - INFO - cmd: python main.py --detect --cve_id CVE-2016-10065 --target_bin /binaries/target/imagemagick/imagemagick-7.0.1-3-o2-magickcore --vul_func_name ImportGrayQuantum --project imagemagick
2025-09-08 11:54:56,976 - INFO - success CVE-2016-10065,details in cve_test/CVE-2016-10065.log

2025-09-08 11:54:56,977 - INFO - detecting CVE-2017-14174 ReadPSDLayersInternal
2025-09-08 11:54:56,977 - INFO - cmd: python main.py --detect --cve_id CVE-2017-14174 --target_bin /binaries/target/imagemagick/imagemagick-7.0.7-0-o2-magickcore --vul_func_name ReadPSDLayersInternal --project imagemagick
2025-09-08 11:55:05,538 - INFO - success CVE-2017-14174,details in cve_test/CVE-2017-14174.log

2025-09-08 11:55:05,539 - INFO - detecting CVE-2017-14174 ReadPSDLayersInternal
2025-09-08 11:55:05,539 - INFO - cmd: python main.py --detect --cve_id CVE-2017-14174 --target_bin /binaries/target/imagemagick/imagemagick-7.0.7-1-o2-magickcore --vul_func_name ReadPSDLayersInternal --project imagemagick
2025-09-08 11:55:12,844 - INFO - success CVE-2017-14174,details in cve_test/CVE-2017-14174.log

2025-09-08 11:55:12,845 - INFO - detecting CVE-2017-14174 ReadPSDLayersInternal
2025-09-08 11:55:12,845 - INFO - cmd: python main.py --detect --cve_id CVE-2017-14174 --target_bin /binaries/target/imagemagick/imagemagick-7.0.7-2-o2-magickcore --vul_func_name ReadPSDLayersInternal --project imagemagick
2025-09-08 11:55:21,066 - INFO - success CVE-2017-14174,details in cve_test/CVE-2017-14174.log

2025-09-08 11:55:21,067 - INFO - detecting CVE-2017-14174 ReadPSDLayersInternal
2025-09-08 11:55:21,067 - INFO - cmd: python main.py --detect --cve_id CVE-2017-14174 --target_bin /binaries/target/imagemagick/imagemagick-7.0.7-3-o2-magickcore --vul_func_name ReadPSDLayersInternal --project imagemagick
2025-09-08 11:55:29,543 - INFO - success CVE-2017-14174,details in cve_test/CVE-2017-14174.log

2025-09-08 11:55:29,544 - INFO - detecting CVE-2019-10649 SVGEndElement
2025-09-08 11:55:29,544 - INFO - cmd: python main.py --detect --cve_id CVE-2019-10649 --target_bin /binaries/target/imagemagick/imagemagick-7.0.8-36-o2-magickcore --vul_func_name SVGEndElement --project imagemagick
2025-09-08 11:55:39,831 - INFO - success CVE-2019-10649,details in cve_test/CVE-2019-10649.log

2025-09-08 11:55:39,832 - INFO - detecting CVE-2019-10649 SVGEndElement
2025-09-08 11:55:39,832 - INFO - cmd: python main.py --detect --cve_id CVE-2019-10649 --target_bin /binaries/target/imagemagick/imagemagick-7.0.8-37-o2-magickcore --vul_func_name SVGEndElement --project imagemagick
2025-09-08 11:55:50,362 - INFO - success CVE-2019-10649,details in cve_test/CVE-2019-10649.log

2025-09-08 11:55:50,363 - INFO - detecting CVE-2019-10649 SVGEndElement
2025-09-08 11:55:50,363 - INFO - cmd: python main.py --detect --cve_id CVE-2019-10649 --target_bin /binaries/target/imagemagick/imagemagick-7.0.8-38-o2-magickcore --vul_func_name SVGEndElement --project imagemagick
2025-09-08 11:56:00,602 - INFO - success CVE-2019-10649,details in cve_test/CVE-2019-10649.log

2025-09-08 11:56:00,603 - INFO - detecting CVE-2019-19949 Magick_png_write_raw_profile
2025-09-08 11:56:00,604 - INFO - cmd: python main.py --detect --cve_id CVE-2019-19949 --target_bin /binaries/target/imagemagick/imagemagick-7.0.8-42-o2-magickcore --vul_func_name Magick_png_write_raw_profile --project imagemagick
2025-09-08 11:56:05,583 - ERROR - fail CVE-2019-19949 ,details1

2025-09-08 11:56:05,584 - INFO - detecting CVE-2019-19949 Magick_png_write_raw_profile
2025-09-08 11:56:05,585 - INFO - cmd: python main.py --detect --cve_id CVE-2019-19949 --target_bin /binaries/target/imagemagick/imagemagick-7.0.8-41-o2-magickcore --vul_func_name Magick_png_write_raw_profile --project imagemagick
2025-09-08 11:56:10,656 - ERROR - fail CVE-2019-19949 ,details1

2025-09-08 11:56:10,657 - INFO - detecting CVE-2019-19949 Magick_png_write_raw_profile
2025-09-08 11:56:10,657 - INFO - cmd: python main.py --detect --cve_id CVE-2019-19949 --target_bin /binaries/target/imagemagick/imagemagick-7.0.8-40-o2-magickcore --vul_func_name Magick_png_write_raw_profile --project imagemagick
2025-09-08 11:56:16,455 - ERROR - fail CVE-2019-19949 ,details1

2025-09-08 11:56:16,456 - INFO - detecting CVE-2019-19949 Magick_png_write_raw_profile
2025-09-08 11:56:16,457 - INFO - cmd: python main.py --detect --cve_id CVE-2019-19949 --target_bin /binaries/target/imagemagick/imagemagick-7.0.8-43-o2-magickcore --vul_func_name Magick_png_write_raw_profile --project imagemagick
2025-09-08 11:56:21,586 - ERROR - fail CVE-2019-19949 ,details1

2025-09-08 11:56:21,587 - INFO - detecting CVE-2019-19949 Magick_png_write_raw_profile
2025-09-08 11:56:21,587 - INFO - cmd: python main.py --detect --cve_id CVE-2019-19949 --target_bin /binaries/target/imagemagick/imagemagick-7.0.8-44-o2-magickcore --vul_func_name Magick_png_write_raw_profile --project imagemagick
2025-09-08 11:56:27,398 - ERROR - fail CVE-2019-19949 ,details1

2025-09-08 11:56:27,398 - INFO - detecting CVE-2019-19949 Magick_png_write_raw_profile
2025-09-08 11:56:27,398 - INFO - cmd: python main.py --detect --cve_id CVE-2019-19949 --target_bin /binaries/target/imagemagick/imagemagick-7.0.8-45-o2-magickcore --vul_func_name Magick_png_write_raw_profile --project imagemagick
2025-09-08 11:56:33,556 - ERROR - fail CVE-2019-19949 ,details1

2025-09-08 11:56:33,557 - INFO - detecting CVE-2020-27774 ApplyEvaluateOperator
2025-09-08 11:56:33,557 - INFO - cmd: python main.py --detect --cve_id CVE-2020-27774 --target_bin /binaries/target/imagemagick/imagemagick-7.0.8-68-o2-magickcore --vul_func_name ApplyEvaluateOperator --project imagemagick
2025-09-08 11:56:40,512 - INFO - success CVE-2020-27774,details in cve_test/CVE-2020-27774.log

2025-09-08 11:56:40,513 - INFO - detecting CVE-2020-27774 ApplyEvaluateOperator
2025-09-08 11:56:40,513 - INFO - cmd: python main.py --detect --cve_id CVE-2020-27774 --target_bin /binaries/target/imagemagick/imagemagick-7.0.8-67-o2-magickcore --vul_func_name ApplyEvaluateOperator --project imagemagick
2025-09-08 11:56:48,541 - INFO - success CVE-2020-27774,details in cve_test/CVE-2020-27774.log

2025-09-08 11:56:48,542 - INFO - detecting CVE-2020-27774 ApplyEvaluateOperator
2025-09-08 11:56:48,542 - INFO - cmd: python main.py --detect --cve_id CVE-2020-27774 --target_bin /binaries/target/imagemagick/imagemagick-7.0.8-66-o2-magickcore --vul_func_name ApplyEvaluateOperator --project imagemagick
2025-09-08 11:56:55,964 - INFO - success CVE-2020-27774,details in cve_test/CVE-2020-27774.log

2025-09-08 11:56:55,964 - INFO - detecting CVE-2020-27774 ApplyEvaluateOperator
2025-09-08 11:56:55,964 - INFO - cmd: python main.py --detect --cve_id CVE-2020-27774 --target_bin /binaries/target/imagemagick/imagemagick-7.1.0-0-o2-magickcore --vul_func_name ApplyEvaluateOperator --project imagemagick
2025-09-08 11:57:03,282 - INFO - success CVE-2020-27774,details in cve_test/CVE-2020-27774.log

2025-09-08 11:57:03,283 - INFO - detecting CVE-2020-27774 ApplyEvaluateOperator
2025-09-08 11:57:03,284 - INFO - cmd: python main.py --detect --cve_id CVE-2020-27774 --target_bin /binaries/target/imagemagick/imagemagick-7.1.0-1-o2-magickcore --vul_func_name ApplyEvaluateOperator --project imagemagick
2025-09-08 11:57:10,762 - INFO - success CVE-2020-27774,details in cve_test/CVE-2020-27774.log

2025-09-08 11:57:10,763 - INFO - detecting CVE-2020-27774 ApplyEvaluateOperator
2025-09-08 11:57:10,763 - INFO - cmd: python main.py --detect --cve_id CVE-2020-27774 --target_bin /binaries/target/imagemagick/imagemagick-7.1.0-2-o2-magickcore --vul_func_name ApplyEvaluateOperator --project imagemagick
2025-09-08 11:57:18,047 - INFO - success CVE-2020-27774,details in cve_test/CVE-2020-27774.log

2025-09-08 11:57:18,048 - INFO - detecting CVE-2020-25667 TIFFGetProfiles
2025-09-08 11:57:18,048 - INFO - cmd: python main.py --detect --cve_id CVE-2020-25667 --target_bin /binaries/target/imagemagick/imagemagick-7.0.8-68-o2-magickcore --vul_func_name TIFFGetProfiles --project imagemagick
2025-09-08 11:57:23,235 - ERROR - fail CVE-2020-25667 ,details1

2025-09-08 11:57:23,236 - INFO - detecting CVE-2020-25667 TIFFGetProfiles
2025-09-08 11:57:23,236 - INFO - cmd: python main.py --detect --cve_id CVE-2020-25667 --target_bin /binaries/target/imagemagick/imagemagick-7.0.8-67-o2-magickcore --vul_func_name TIFFGetProfiles --project imagemagick
2025-09-08 11:57:28,820 - ERROR - fail CVE-2020-25667 ,details1

2025-09-08 11:57:28,821 - INFO - detecting CVE-2020-25667 TIFFGetProfiles
2025-09-08 11:57:28,822 - INFO - cmd: python main.py --detect --cve_id CVE-2020-25667 --target_bin /binaries/target/imagemagick/imagemagick-7.0.8-66-o2-magickcore --vul_func_name TIFFGetProfiles --project imagemagick
2025-09-08 11:57:34,548 - ERROR - fail CVE-2020-25667 ,details1

2025-09-08 11:57:34,549 - INFO - detecting CVE-2020-25667 TIFFGetProfiles
2025-09-08 11:57:34,549 - INFO - cmd: python main.py --detect --cve_id CVE-2020-25667 --target_bin /binaries/target/imagemagick/imagemagick-7.1.0-0-o2-magickcore --vul_func_name TIFFGetProfiles --project imagemagick
2025-09-08 11:57:40,442 - ERROR - fail CVE-2020-25667 ,details1

2025-09-08 11:57:40,443 - INFO - detecting CVE-2020-25667 TIFFGetProfiles
2025-09-08 11:57:40,443 - INFO - cmd: python main.py --detect --cve_id CVE-2020-25667 --target_bin /binaries/target/imagemagick/imagemagick-7.1.0-1-o2-magickcore --vul_func_name TIFFGetProfiles --project imagemagick
2025-09-08 11:57:46,430 - ERROR - fail CVE-2020-25667 ,details1

2025-09-08 11:57:46,431 - INFO - detecting CVE-2020-25667 TIFFGetProfiles
2025-09-08 11:57:46,432 - INFO - cmd: python main.py --detect --cve_id CVE-2020-25667 --target_bin /binaries/target/imagemagick/imagemagick-7.1.0-2-o2-magickcore --vul_func_name TIFFGetProfiles --project imagemagick
2025-09-08 11:57:52,045 - ERROR - fail CVE-2020-25667 ,details1

2025-09-08 11:57:52,046 - INFO - detecting CVE-2020-27753 PopRunlengthPacket
2025-09-08 11:57:52,047 - INFO - cmd: python main.py --detect --cve_id CVE-2020-27753 --target_bin /binaries/target/imagemagick/imagemagick-7.0.8-68-o2-magickcore --vul_func_name PopRunlengthPacket --project imagemagick
2025-09-08 11:58:02,058 - INFO - success CVE-2020-27753,details in cve_test/CVE-2020-27753.log

2025-09-08 11:58:02,059 - INFO - detecting CVE-2020-27753 PopRunlengthPacket
2025-09-08 11:58:02,060 - INFO - cmd: python main.py --detect --cve_id CVE-2020-27753 --target_bin /binaries/target/imagemagick/imagemagick-7.0.8-67-o2-magickcore --vul_func_name PopRunlengthPacket --project imagemagick
2025-09-08 11:58:11,600 - INFO - success CVE-2020-27753,details in cve_test/CVE-2020-27753.log

2025-09-08 11:58:11,601 - INFO - detecting CVE-2020-27753 PopRunlengthPacket
2025-09-08 11:58:11,602 - INFO - cmd: python main.py --detect --cve_id CVE-2020-27753 --target_bin /binaries/target/imagemagick/imagemagick-7.0.8-66-o2-magickcore --vul_func_name PopRunlengthPacket --project imagemagick
2025-09-08 11:58:21,986 - INFO - success CVE-2020-27753,details in cve_test/CVE-2020-27753.log

2025-09-08 11:58:21,987 - INFO - detecting CVE-2020-27753 PopRunlengthPacket
2025-09-08 11:58:21,988 - INFO - cmd: python main.py --detect --cve_id CVE-2020-27753 --target_bin /binaries/target/imagemagick/imagemagick-7.1.0-0-o2-magickcore --vul_func_name PopRunlengthPacket --project imagemagick
2025-09-08 11:58:33,092 - INFO - success CVE-2020-27753,details in cve_test/CVE-2020-27753.log

2025-09-08 11:58:33,093 - INFO - detecting CVE-2020-27753 PopRunlengthPacket
2025-09-08 11:58:33,094 - INFO - cmd: python main.py --detect --cve_id CVE-2020-27753 --target_bin /binaries/target/imagemagick/imagemagick-7.1.0-1-o2-magickcore --vul_func_name PopRunlengthPacket --project imagemagick
2025-09-08 11:58:43,714 - INFO - success CVE-2020-27753,details in cve_test/CVE-2020-27753.log

2025-09-08 11:58:43,715 - INFO - detecting CVE-2020-27753 PopRunlengthPacket
2025-09-08 11:58:43,715 - INFO - cmd: python main.py --detect --cve_id CVE-2020-27753 --target_bin /binaries/target/imagemagick/imagemagick-7.1.0-2-o2-magickcore --vul_func_name PopRunlengthPacket --project imagemagick
2025-09-08 11:58:54,511 - INFO - success CVE-2020-27753,details in cve_test/CVE-2020-27753.log

2025-09-08 11:58:54,512 - INFO - detecting CVE-2020-27753 PushRunlengthPacket
2025-09-08 11:58:54,513 - INFO - cmd: python main.py --detect --cve_id CVE-2020-27753 --target_bin /binaries/target/imagemagick/imagemagick-7.0.8-68-o2-magickcore --vul_func_name PushRunlengthPacket --project imagemagick
2025-09-08 11:59:00,176 - ERROR - fail CVE-2020-27753 ,details1

2025-09-08 11:59:00,178 - INFO - detecting CVE-2020-27753 PushRunlengthPacket
2025-09-08 11:59:00,178 - INFO - cmd: python main.py --detect --cve_id CVE-2020-27753 --target_bin /binaries/target/imagemagick/imagemagick-7.0.8-67-o2-magickcore --vul_func_name PushRunlengthPacket --project imagemagick
2025-09-08 11:59:05,499 - ERROR - fail CVE-2020-27753 ,details1

2025-09-08 11:59:05,500 - INFO - detecting CVE-2020-27753 PushRunlengthPacket
2025-09-08 11:59:05,501 - INFO - cmd: python main.py --detect --cve_id CVE-2020-27753 --target_bin /binaries/target/imagemagick/imagemagick-7.0.8-66-o2-magickcore --vul_func_name PushRunlengthPacket --project imagemagick
2025-09-08 11:59:11,462 - ERROR - fail CVE-2020-27753 ,details1

2025-09-08 11:59:11,464 - INFO - detecting CVE-2020-27753 PushRunlengthPacket
2025-09-08 11:59:11,464 - INFO - cmd: python main.py --detect --cve_id CVE-2020-27753 --target_bin /binaries/target/imagemagick/imagemagick-7.1.0-0-o2-magickcore --vul_func_name PushRunlengthPacket --project imagemagick
2025-09-08 11:59:16,710 - ERROR - fail CVE-2020-27753 ,details1

2025-09-08 11:59:16,711 - INFO - detecting CVE-2020-27753 PushRunlengthPacket
2025-09-08 11:59:16,712 - INFO - cmd: python main.py --detect --cve_id CVE-2020-27753 --target_bin /binaries/target/imagemagick/imagemagick-7.1.0-1-o2-magickcore --vul_func_name PushRunlengthPacket --project imagemagick
2025-09-08 11:59:21,954 - ERROR - fail CVE-2020-27753 ,details1

2025-09-08 11:59:21,955 - INFO - detecting CVE-2020-27753 PushRunlengthPacket
2025-09-08 11:59:21,955 - INFO - cmd: python main.py --detect --cve_id CVE-2020-27753 --target_bin /binaries/target/imagemagick/imagemagick-7.1.0-2-o2-magickcore --vul_func_name PushRunlengthPacket --project imagemagick
2025-09-08 11:59:27,464 - ERROR - fail CVE-2020-27753 ,details1

2025-09-08 11:59:27,465 - INFO - detecting CVE-2021-20311 WriteTHUMBNAILImage
2025-09-08 11:59:27,465 - INFO - cmd: python main.py --detect --cve_id CVE-2021-20311 --target_bin /binaries/target/imagemagick/imagemagick-7.0.10-62-o2-magickcore --vul_func_name WriteTHUMBNAILImage --project imagemagick
2025-09-08 11:59:33,923 - INFO - success CVE-2021-20311,details in cve_test/CVE-2021-20311.log

2025-09-08 11:59:33,924 - INFO - detecting CVE-2021-20311 WriteTHUMBNAILImage
2025-09-08 11:59:33,928 - INFO - cmd: python main.py --detect --cve_id CVE-2021-20311 --target_bin /binaries/target/imagemagick/imagemagick-7.0.10-61-o2-magickcore --vul_func_name WriteTHUMBNAILImage --project imagemagick
2025-09-08 11:59:40,236 - INFO - success CVE-2021-20311,details in cve_test/CVE-2021-20311.log

2025-09-08 11:59:40,237 - INFO - detecting CVE-2021-20311 WriteTHUMBNAILImage
2025-09-08 11:59:40,238 - INFO - cmd: python main.py --detect --cve_id CVE-2021-20311 --target_bin /binaries/target/imagemagick/imagemagick-7.0.10-60-o2-magickcore --vul_func_name WriteTHUMBNAILImage --project imagemagick
2025-09-08 11:59:46,513 - INFO - success CVE-2021-20311,details in cve_test/CVE-2021-20311.log

2025-09-08 11:59:46,514 - INFO - detecting CVE-2021-20311 WriteTHUMBNAILImage
2025-09-08 11:59:46,514 - INFO - cmd: python main.py --detect --cve_id CVE-2021-20311 --target_bin /binaries/target/imagemagick/imagemagick-7.0.11-2-o2-magickcore --vul_func_name WriteTHUMBNAILImage --project imagemagick
2025-09-08 11:59:52,628 - INFO - success CVE-2021-20311,details in cve_test/CVE-2021-20311.log

2025-09-08 11:59:52,629 - INFO - detecting CVE-2021-20311 WriteTHUMBNAILImage
2025-09-08 11:59:52,630 - INFO - cmd: python main.py --detect --cve_id CVE-2021-20311 --target_bin /binaries/target/imagemagick/imagemagick-7.0.11-3-o2-magickcore --vul_func_name WriteTHUMBNAILImage --project imagemagick
2025-09-08 11:59:58,900 - INFO - success CVE-2021-20311,details in cve_test/CVE-2021-20311.log

2025-09-08 11:59:58,901 - INFO - detecting CVE-2021-20311 WriteTHUMBNAILImage
2025-09-08 11:59:58,902 - INFO - cmd: python main.py --detect --cve_id CVE-2021-20311 --target_bin /binaries/target/imagemagick/imagemagick-7.0.11-4-o2-magickcore --vul_func_name WriteTHUMBNAILImage --project imagemagick
2025-09-08 12:00:05,168 - INFO - success CVE-2021-20311,details in cve_test/CVE-2021-20311.log

2025-09-08 12:00:05,169 - INFO - detecting CVE-2021-20313 WriteTHUMBNAILImage
2025-09-08 12:00:05,170 - INFO - cmd: python main.py --detect --cve_id CVE-2021-20313 --target_bin /binaries/target/imagemagick/imagemagick-7.0.10-62-o2-magickcore --vul_func_name WriteTHUMBNAILImage --project imagemagick
2025-09-08 12:00:11,133 - INFO - success CVE-2021-20313,details in cve_test/CVE-2021-20313.log

2025-09-08 12:00:11,134 - INFO - detecting CVE-2021-20313 WriteTHUMBNAILImage
2025-09-08 12:00:11,134 - INFO - cmd: python main.py --detect --cve_id CVE-2021-20313 --target_bin /binaries/target/imagemagick/imagemagick-7.0.10-61-o2-magickcore --vul_func_name WriteTHUMBNAILImage --project imagemagick
2025-09-08 12:00:17,553 - INFO - success CVE-2021-20313,details in cve_test/CVE-2021-20313.log

2025-09-08 12:00:17,554 - INFO - detecting CVE-2021-20313 WriteTHUMBNAILImage
2025-09-08 12:00:17,554 - INFO - cmd: python main.py --detect --cve_id CVE-2021-20313 --target_bin /binaries/target/imagemagick/imagemagick-7.0.10-60-o2-magickcore --vul_func_name WriteTHUMBNAILImage --project imagemagick
2025-09-08 12:00:23,758 - INFO - success CVE-2021-20313,details in cve_test/CVE-2021-20313.log

2025-09-08 12:00:23,759 - INFO - detecting CVE-2021-20313 WriteTHUMBNAILImage
2025-09-08 12:00:23,759 - INFO - cmd: python main.py --detect --cve_id CVE-2021-20313 --target_bin /binaries/target/imagemagick/imagemagick-7.0.11-2-o2-magickcore --vul_func_name WriteTHUMBNAILImage --project imagemagick
2025-09-08 12:00:29,506 - INFO - success CVE-2021-20313,details in cve_test/CVE-2021-20313.log

2025-09-08 12:00:29,507 - INFO - detecting CVE-2021-20313 WriteTHUMBNAILImage
2025-09-08 12:00:29,507 - INFO - cmd: python main.py --detect --cve_id CVE-2021-20313 --target_bin /binaries/target/imagemagick/imagemagick-7.0.11-3-o2-magickcore --vul_func_name WriteTHUMBNAILImage --project imagemagick
2025-09-08 12:00:35,332 - INFO - success CVE-2021-20313,details in cve_test/CVE-2021-20313.log

2025-09-08 12:00:35,333 - INFO - detecting CVE-2021-20313 WriteTHUMBNAILImage
2025-09-08 12:00:35,334 - INFO - cmd: python main.py --detect --cve_id CVE-2021-20313 --target_bin /binaries/target/imagemagick/imagemagick-7.0.11-4-o2-magickcore --vul_func_name WriteTHUMBNAILImage --project imagemagick
2025-09-08 12:00:41,522 - INFO - success CVE-2021-20313,details in cve_test/CVE-2021-20313.log

2025-09-08 12:00:41,523 - INFO - detecting CVE-2023-34153 ReadVIDEOImage
2025-09-08 12:00:41,524 - INFO - cmd: python main.py --detect --cve_id CVE-2023-34153 --target_bin /binaries/target/imagemagick/imagemagick-7.1.0-1-o2-magickcore --vul_func_name ReadVIDEOImage --project imagemagick
2025-09-08 12:00:47,162 - INFO - success CVE-2023-34153,details in cve_test/CVE-2023-34153.log

2025-09-08 12:00:47,163 - INFO - detecting CVE-2023-34153 ReadVIDEOImage
2025-09-08 12:00:47,164 - INFO - cmd: python main.py --detect --cve_id CVE-2023-34153 --target_bin /binaries/target/imagemagick/imagemagick-7.1.0-2-o2-magickcore --vul_func_name ReadVIDEOImage --project imagemagick
2025-09-08 12:00:53,325 - INFO - success CVE-2023-34153,details in cve_test/CVE-2023-34153.log

2025-09-08 12:00:53,327 - INFO - detecting CVE-2023-34153 ReadVIDEOImage
2025-09-08 12:00:53,327 - INFO - cmd: python main.py --detect --cve_id CVE-2023-34153 --target_bin /binaries/target/imagemagick/imagemagick-7.1.0-0-o2-magickcore --vul_func_name ReadVIDEOImage --project imagemagick
2025-09-08 12:00:58,661 - INFO - success CVE-2023-34153,details in cve_test/CVE-2023-34153.log

2025-09-08 12:00:58,662 - INFO - detecting CVE-2023-34153 ReadVIDEOImage
2025-09-08 12:00:58,662 - INFO - cmd: python main.py --detect --cve_id CVE-2023-34153 --target_bin /binaries/target/imagemagick/imagemagick-7.1.1-11-o2-magickcore --vul_func_name ReadVIDEOImage --project imagemagick
2025-09-08 12:01:04,165 - INFO - success CVE-2023-34153,details in cve_test/CVE-2023-34153.log

2025-09-08 12:01:04,166 - INFO - detecting CVE-2023-34153 ReadVIDEOImage
2025-09-08 12:01:04,166 - INFO - cmd: python main.py --detect --cve_id CVE-2023-34153 --target_bin /binaries/target/imagemagick/imagemagick-7.1.1-12-o2-magickcore --vul_func_name ReadVIDEOImage --project imagemagick
2025-09-08 12:01:09,683 - INFO - success CVE-2023-34153,details in cve_test/CVE-2023-34153.log

2025-09-08 12:01:09,684 - INFO - detecting CVE-2023-34153 ReadVIDEOImage
2025-09-08 12:01:09,685 - INFO - cmd: python main.py --detect --cve_id CVE-2023-34153 --target_bin /binaries/target/imagemagick/imagemagick-7.1.1-13-o2-magickcore --vul_func_name ReadVIDEOImage --project imagemagick
2025-09-08 12:01:15,670 - INFO - success CVE-2023-34153,details in cve_test/CVE-2023-34153.log

2025-09-08 12:01:15,671 - INFO - detecting CVE-2023-5341 ReadBMPImage
2025-09-08 12:01:15,671 - INFO - cmd: python main.py --detect --cve_id CVE-2023-5341 --target_bin /binaries/target/imagemagick/imagemagick-7.1.1-19-o2-magickcore --vul_func_name ReadBMPImage --project imagemagick
2025-09-08 12:01:21,678 - INFO - success CVE-2023-5341,details in cve_test/CVE-2023-5341.log

2025-09-08 12:01:21,679 - INFO - detecting CVE-2023-5341 ReadBMPImage
2025-09-08 12:01:21,679 - INFO - cmd: python main.py --detect --cve_id CVE-2023-5341 --target_bin /binaries/target/imagemagick/imagemagick-7.1.1-11-o2-magickcore --vul_func_name ReadBMPImage --project imagemagick
2025-09-08 12:01:27,476 - INFO - success CVE-2023-5341,details in cve_test/CVE-2023-5341.log

2025-09-08 12:01:27,478 - INFO - detecting CVE-2023-5341 ReadBMPImage
2025-09-08 12:01:27,478 - INFO - cmd: python main.py --detect --cve_id CVE-2023-5341 --target_bin /binaries/target/imagemagick/imagemagick-7.1.1-10-o2-magickcore --vul_func_name ReadBMPImage --project imagemagick
2025-09-08 12:01:33,980 - INFO - success CVE-2023-5341,details in cve_test/CVE-2023-5341.log

2025-09-08 12:01:33,981 - INFO - detecting CVE-2023-5341 ReadBMPImage
2025-09-08 12:01:33,981 - INFO - cmd: python main.py --detect --cve_id CVE-2023-5341 --target_bin /binaries/target/imagemagick/imagemagick-7.1.1-20-o2-magickcore --vul_func_name ReadBMPImage --project imagemagick
2025-09-08 12:01:40,039 - INFO - success CVE-2023-5341,details in cve_test/CVE-2023-5341.log

2025-09-08 12:01:40,040 - INFO - detecting CVE-2023-5341 ReadBMPImage
2025-09-08 12:01:40,040 - INFO - cmd: python main.py --detect --cve_id CVE-2023-5341 --target_bin /binaries/target/imagemagick/imagemagick-7.1.1-21-o2-magickcore --vul_func_name ReadBMPImage --project imagemagick
2025-09-08 12:01:45,752 - INFO - success CVE-2023-5341,details in cve_test/CVE-2023-5341.log

2025-09-08 12:01:45,753 - INFO - detecting CVE-2023-5341 ReadBMPImage
2025-09-08 12:01:45,757 - INFO - cmd: python main.py --detect --cve_id CVE-2023-5341 --target_bin /binaries/target/imagemagick/imagemagick-7.1.1-22-o2-magickcore --vul_func_name ReadBMPImage --project imagemagick
2025-09-08 12:01:52,095 - INFO - success CVE-2023-5341,details in cve_test/CVE-2023-5341.log