--------------------------------------------
CVE ID: CVE-2013-0338
Target Binary: /binaries/target/libxml2/libxml2-2.9.0-o2-libxml2
Vulnerable Function Name: xmlParserEntityCheck
Overall Score is: 0.192
--------------------------------------------
CVE ID: CVE-2013-0338
Target Binary: /binaries/target/libxml2/libxml2-2.8.0-o2-libxml2
Vulnerable Function Name: xmlParserEntityCheck
Overall Score is: 0.192
--------------------------------------------
CVE ID: CVE-2013-0338
Target Binary: /binaries/target/libxml2/libxml2-2.8.0-rc2-o2-libxml2
Vulnerable Function Name: xmlParserEntityCheck
Overall Score is: 0.192
--------------------------------------------
CVE ID: CVE-2013-0338
Target Binary: /binaries/target/libxml2/libxml2-2.9.1-o2-libxml2
Vulnerable Function Name: xmlParserEntityCheck
Overall Score is: 0.192
--------------------------------------------
CVE ID: CVE-2013-0338
Target Binary: /binaries/target/libxml2/libxml2-2.9.2-rc1-o2-libxml2
Vulnerable Function Name: xmlParserEntityCheck
Overall Score is: 0.192
--------------------------------------------
CVE ID: CVE-2013-0338
Target Binary: /binaries/target/libxml2/libxml2-2.9.2-rc2-o2-libxml2
Vulnerable Function Name: xmlParserEntityCheck
Overall Score is: 0.192
--------------------------------------------
CVE ID: CVE-2013-1969
Target Binary: /binaries/target/libxml2/libxml2-2.9.0-o2-libxml2
Vulnerable Function Name: htmlParseChunk__internal_alias
Overall Score is: -0.116
--------------------------------------------
CVE ID: CVE-2013-1969
Target Binary: /binaries/target/libxml2/libxml2-2.9.1-o2-libxml2
Vulnerable Function Name: htmlParseChunk__internal_alias
Overall Score is: -0.116
--------------------------------------------
CVE ID: CVE-2013-1969
Target Binary: /binaries/target/libxml2/libxml2-2.9.2-rc1-o2-libxml2
Vulnerable Function Name: htmlParseChunk__internal_alias
Overall Score is: -0.116
--------------------------------------------
CVE ID: CVE-2013-1969
Target Binary: /binaries/target/libxml2/libxml2-2.9.2-rc2-o2-libxml2
Vulnerable Function Name: htmlParseChunk__internal_alias
Overall Score is: -0.116
--------------------------------------------
CVE ID: CVE-2015-7498
Target Binary: /binaries/target/libxml2/libxml2-2.9.2-o2-libxml2
Vulnerable Function Name: xmlParseXMLDecl__internal_alias
Overall Score is: 0.232
--------------------------------------------
CVE ID: CVE-2015-7498
Target Binary: /binaries/target/libxml2/libxml2-2.9.1-o2-libxml2
Vulnerable Function Name: xmlParseXMLDecl__internal_alias
Overall Score is: 0.232
--------------------------------------------
CVE ID: CVE-2015-7498
Target Binary: /binaries/target/libxml2/libxml2-2.9.0-o2-libxml2
Vulnerable Function Name: xmlParseXMLDecl__internal_alias
Overall Score is: 0.232
--------------------------------------------
CVE ID: CVE-2015-7498
Target Binary: /binaries/target/libxml2/libxml2-2.9.3-o2-libxml2
Vulnerable Function Name: xmlParseXMLDecl__internal_alias
Overall Score is: 0.232
--------------------------------------------
CVE ID: CVE-2015-7498
Target Binary: /binaries/target/libxml2/libxml2-2.9.4-o2-libxml2
Vulnerable Function Name: xmlParseXMLDecl__internal_alias
Overall Score is: 0.232
--------------------------------------------
CVE ID: CVE-2015-7498
Target Binary: /binaries/target/libxml2/libxml2-2.9.5-rc1-o2-libxml2
Vulnerable Function Name: xmlParseXMLDecl__internal_alias
Overall Score is: 0.232
--------------------------------------------
CVE ID: CVE-2015-7498
Target Binary: /binaries/target/libxml2/libxml2-2.9.2-o2-libxml2
Vulnerable Function Name: xmlSwitchEncoding__internal_alias
Overall Score is: 0.233
--------------------------------------------
CVE ID: CVE-2015-7498
Target Binary: /binaries/target/libxml2/libxml2-2.9.1-o2-libxml2
Vulnerable Function Name: xmlSwitchEncoding__internal_alias
Overall Score is: 0.233
--------------------------------------------
CVE ID: CVE-2015-7498
Target Binary: /binaries/target/libxml2/libxml2-2.9.0-o2-libxml2
Vulnerable Function Name: xmlSwitchEncoding__internal_alias
Overall Score is: 0.233
--------------------------------------------
CVE ID: CVE-2015-7498
Target Binary: /binaries/target/libxml2/libxml2-2.9.3-o2-libxml2
Vulnerable Function Name: xmlSwitchEncoding__internal_alias
Overall Score is: 0.611
--------------------------------------------
CVE ID: CVE-2015-7498
Target Binary: /binaries/target/libxml2/libxml2-2.9.4-o2-libxml2
Vulnerable Function Name: xmlSwitchEncoding__internal_alias
Overall Score is: 0.611
--------------------------------------------
CVE ID: CVE-2015-7498
Target Binary: /binaries/target/libxml2/libxml2-2.9.5-rc1-o2-libxml2
Vulnerable Function Name: xmlSwitchEncoding__internal_alias
Overall Score is: 0.611
--------------------------------------------
CVE ID: CVE-2015-7500
Target Binary: /binaries/target/libxml2/libxml2-2.9.2-o2-libxml2
Vulnerable Function Name: xmlParseStartTag2
Overall Score is: 0.233
--------------------------------------------
CVE ID: CVE-2015-7500
Target Binary: /binaries/target/libxml2/libxml2-2.9.1-o2-libxml2
Vulnerable Function Name: xmlParseStartTag2
Overall Score is: 0.233
--------------------------------------------
CVE ID: CVE-2015-7500
Target Binary: /binaries/target/libxml2/libxml2-2.9.0-o2-libxml2
Vulnerable Function Name: xmlParseStartTag2
Overall Score is: 0.233
--------------------------------------------
CVE ID: CVE-2015-7500
Target Binary: /binaries/target/libxml2/libxml2-2.9.4-o2-libxml2
Vulnerable Function Name: xmlParseStartTag2
Overall Score is: 0.233
--------------------------------------------
CVE ID: CVE-2015-7500
Target Binary: /binaries/target/libxml2/libxml2-2.9.5-rc1-o2-libxml2
Vulnerable Function Name: xmlParseStartTag2
Overall Score is: 0.233
--------------------------------------------
CVE ID: CVE-2015-7500
Target Binary: /binaries/target/libxml2/libxml2-2.9.5-rc2-o2-libxml2
Vulnerable Function Name: xmlParseStartTag2
Overall Score is: 0.233
--------------------------------------------
CVE ID: CVE-2015-7941
Target Binary: /binaries/target/libxml2/libxml2-2.9.2-o2-libxml2
Vulnerable Function Name: xmlParseConditionalSections
Overall Score is: 0.782
--------------------------------------------
CVE ID: CVE-2015-7941
Target Binary: /binaries/target/libxml2/libxml2-2.9.3-o2-libxml2
Vulnerable Function Name: xmlParseConditionalSections
Overall Score is: 0.824
--------------------------------------------
CVE ID: CVE-2015-7941
Target Binary: /binaries/target/libxml2/libxml2-2.9.4-o2-libxml2
Vulnerable Function Name: xmlParseConditionalSections
Overall Score is: 0.824
--------------------------------------------
CVE ID: CVE-2015-7941
Target Binary: /binaries/target/libxml2/libxml2-2.9.5-rc1-o2-libxml2
Vulnerable Function Name: xmlParseConditionalSections
Overall Score is: 0.824
--------------------------------------------
CVE ID: CVE-2015-8241
Target Binary: /binaries/target/libxml2/libxml2-2.9.2-o2-libxml2
Vulnerable Function Name: xmlParseMarkupDecl__internal_alias
Overall Score is: 0.166
--------------------------------------------
CVE ID: CVE-2015-8241
Target Binary: /binaries/target/libxml2/libxml2-2.9.1-o2-libxml2
Vulnerable Function Name: xmlParseMarkupDecl__internal_alias
Overall Score is: 0.166
--------------------------------------------
CVE ID: CVE-2015-8241
Target Binary: /binaries/target/libxml2/libxml2-2.9.0-o2-libxml2
Vulnerable Function Name: xmlParseMarkupDecl__internal_alias
Overall Score is: 0.166
--------------------------------------------
CVE ID: CVE-2015-8241
Target Binary: /binaries/target/libxml2/libxml2-2.9.3-o2-libxml2
Vulnerable Function Name: xmlParseMarkupDecl__internal_alias
Overall Score is: 0.261
--------------------------------------------
CVE ID: CVE-2015-8241
Target Binary: /binaries/target/libxml2/libxml2-2.9.4-o2-libxml2
Vulnerable Function Name: xmlParseMarkupDecl__internal_alias
Overall Score is: 0.261
--------------------------------------------
CVE ID: CVE-2015-8241
Target Binary: /binaries/target/libxml2/libxml2-2.9.5-rc1-o2-libxml2
Vulnerable Function Name: xmlParseMarkupDecl__internal_alias
Overall Score is: 0.222
--------------------------------------------
CVE ID: CVE-2016-1762
Target Binary: /binaries/target/libxml2/libxml2-2.9.3-o2-libxml2
Vulnerable Function Name: xmlParseInternalSubset
Overall Score is: -0.490
--------------------------------------------
CVE ID: CVE-2016-1762
Target Binary: /binaries/target/libxml2/libxml2-2.9.2-o2-libxml2
Vulnerable Function Name: xmlParseInternalSubset
Overall Score is: -0.490
--------------------------------------------
CVE ID: CVE-2016-1762
Target Binary: /binaries/target/libxml2/libxml2-2.9.2-rc2-o2-libxml2
Vulnerable Function Name: xmlParseInternalSubset
Overall Score is: -0.490
--------------------------------------------
CVE ID: CVE-2016-1762
Target Binary: /binaries/target/libxml2/libxml2-2.9.4-o2-libxml2
Vulnerable Function Name: xmlParseInternalSubset
Overall Score is: -0.478
--------------------------------------------
CVE ID: CVE-2016-1762
Target Binary: /binaries/target/libxml2/libxml2-2.9.5-rc1-o2-libxml2
Vulnerable Function Name: xmlParseInternalSubset
Overall Score is: -0.427
--------------------------------------------
CVE ID: CVE-2016-1762
Target Binary: /binaries/target/libxml2/libxml2-2.9.5-rc2-o2-libxml2
Vulnerable Function Name: xmlParseInternalSubset
Overall Score is: -0.427
--------------------------------------------
CVE ID: CVE-2016-1837
Target Binary: /binaries/target/libxml2/libxml2-2.9.3-o2-libxml2
Vulnerable Function Name: htmlParseSystemLiteral
Overall Score is: 0.308
--------------------------------------------
CVE ID: CVE-2016-1837
Target Binary: /binaries/target/libxml2/libxml2-2.9.2-o2-libxml2
Vulnerable Function Name: htmlParseSystemLiteral
Overall Score is: 0.308
--------------------------------------------
CVE ID: CVE-2016-1837
Target Binary: /binaries/target/libxml2/libxml2-2.9.2-rc2-o2-libxml2
Vulnerable Function Name: htmlParseSystemLiteral
Overall Score is: 0.308
--------------------------------------------
CVE ID: CVE-2016-1837
Target Binary: /binaries/target/libxml2/libxml2-2.9.5-rc1-o2-libxml2
Vulnerable Function Name: htmlParseSystemLiteral
Overall Score is: 0.277
--------------------------------------------
CVE ID: CVE-2016-1837
Target Binary: /binaries/target/libxml2/libxml2-2.9.5-rc2-o2-libxml2
Vulnerable Function Name: htmlParseSystemLiteral
Overall Score is: 0.277
--------------------------------------------
CVE ID: CVE-2016-1837
Target Binary: /binaries/target/libxml2/libxml2-2.9.5-o2-libxml2
Vulnerable Function Name: htmlParseSystemLiteral
Overall Score is: 0.277
--------------------------------------------
CVE ID: CVE-2016-4658
Target Binary: /binaries/target/libxml2/libxml2-2.9.4-o2-libxml2
Vulnerable Function Name: xmlXPtrNewRangeNodeObject__internal_alias
Overall Score is: -0.117
--------------------------------------------
CVE ID: CVE-2016-4658
Target Binary: /binaries/target/libxml2/libxml2-2.9.3-o2-libxml2
Vulnerable Function Name: xmlXPtrNewRangeNodeObject__internal_alias
Overall Score is: -0.117
--------------------------------------------
CVE ID: CVE-2016-4658
Target Binary: /binaries/target/libxml2/libxml2-2.9.2-o2-libxml2
Vulnerable Function Name: xmlXPtrNewRangeNodeObject__internal_alias
Overall Score is: -0.117
--------------------------------------------
CVE ID: CVE-2016-4658
Target Binary: /binaries/target/libxml2/libxml2-2.9.5-rc1-o2-libxml2
Vulnerable Function Name: xmlXPtrNewRangeNodeObject__internal_alias
Overall Score is: 0.298
--------------------------------------------
CVE ID: CVE-2016-4658
Target Binary: /binaries/target/libxml2/libxml2-2.9.5-rc2-o2-libxml2
Vulnerable Function Name: xmlXPtrNewRangeNodeObject__internal_alias
Overall Score is: 0.298
--------------------------------------------
CVE ID: CVE-2016-4658
Target Binary: /binaries/target/libxml2/libxml2-2.9.5-o2-libxml2
Vulnerable Function Name: xmlXPtrNewRangeNodeObject__internal_alias
Overall Score is: 0.298
--------------------------------------------
CVE ID: CVE-2017-5130
Target Binary: /binaries/target/libxml2/libxml2-2.9.4-o2-libxml2
Vulnerable Function Name: xmlMallocLoc__internal_alias
Overall Score is: -0.799
--------------------------------------------
CVE ID: CVE-2017-5130
Target Binary: /binaries/target/libxml2/libxml2-2.9.3-o2-libxml2
Vulnerable Function Name: xmlMallocLoc__internal_alias
Overall Score is: -0.799
--------------------------------------------
CVE ID: CVE-2017-5130
Target Binary: /binaries/target/libxml2/libxml2-2.9.2-o2-libxml2
Vulnerable Function Name: xmlMallocLoc__internal_alias
Overall Score is: -0.799
--------------------------------------------
CVE ID: CVE-2017-5130
Target Binary: /binaries/target/libxml2/libxml2-2.9.5-rc1-o2-libxml2
Vulnerable Function Name: xmlMallocLoc__internal_alias
Overall Score is: 0.586
--------------------------------------------
CVE ID: CVE-2017-5130
Target Binary: /binaries/target/libxml2/libxml2-2.9.5-rc2-o2-libxml2
Vulnerable Function Name: xmlMallocLoc__internal_alias
Overall Score is: 0.586
--------------------------------------------
CVE ID: CVE-2017-5130
Target Binary: /binaries/target/libxml2/libxml2-2.9.5-o2-libxml2
Vulnerable Function Name: xmlMallocLoc__internal_alias
Overall Score is: 0.586
--------------------------------------------
CVE ID: CVE-2017-5130
Target Binary: /binaries/target/libxml2/libxml2-2.9.4-o2-libxml2
Vulnerable Function Name: xmlMemStrdupLoc__internal_alias
Overall Score is: 0.224
--------------------------------------------
CVE ID: CVE-2017-5130
Target Binary: /binaries/target/libxml2/libxml2-2.9.3-o2-libxml2
Vulnerable Function Name: xmlMemStrdupLoc__internal_alias
Overall Score is: 0.224
--------------------------------------------
CVE ID: CVE-2017-5130
Target Binary: /binaries/target/libxml2/libxml2-2.9.2-o2-libxml2
Vulnerable Function Name: xmlMemStrdupLoc__internal_alias
Overall Score is: 0.224
--------------------------------------------
CVE ID: CVE-2017-5130
Target Binary: /binaries/target/libxml2/libxml2-2.9.5-rc1-o2-libxml2
Vulnerable Function Name: xmlMemStrdupLoc__internal_alias
Overall Score is: 0.224
--------------------------------------------
CVE ID: CVE-2017-5130
Target Binary: /binaries/target/libxml2/libxml2-2.9.5-rc2-o2-libxml2
Vulnerable Function Name: xmlMemStrdupLoc__internal_alias
Overall Score is: 0.224
--------------------------------------------
CVE ID: CVE-2017-5130
Target Binary: /binaries/target/libxml2/libxml2-2.9.5-o2-libxml2
Vulnerable Function Name: xmlMemStrdupLoc__internal_alias
Overall Score is: 0.224
--------------------------------------------
CVE ID: CVE-2022-23308
Target Binary: /binaries/target/libxml2/libxml2-2.9.11-o2-libxml2
Vulnerable Function Name: xmlValidCtxtNormalizeAttributeValue__internal_alias
Overall Score is: 0.233
--------------------------------------------
CVE ID: CVE-2022-23308
Target Binary: /binaries/target/libxml2/libxml2-2.9.12-o2-libxml2
Vulnerable Function Name: xmlValidCtxtNormalizeAttributeValue__internal_alias
Overall Score is: 0.233
--------------------------------------------
CVE ID: CVE-2022-23308
Target Binary: /binaries/target/libxml2/libxml2-2.9.10-o2-libxml2
Vulnerable Function Name: xmlValidCtxtNormalizeAttributeValue__internal_alias
Overall Score is: 0.233
--------------------------------------------
CVE ID: CVE-2022-23308
Target Binary: /binaries/target/libxml2/libxml2-2.9.13-o2-libxml2
Vulnerable Function Name: xmlValidCtxtNormalizeAttributeValue__internal_alias
Overall Score is: 0.233
--------------------------------------------
CVE ID: CVE-2022-23308
Target Binary: /binaries/target/libxml2/libxml2-2.9.14-o2-libxml2
Vulnerable Function Name: xmlValidCtxtNormalizeAttributeValue__internal_alias
Overall Score is: 0.233
--------------------------------------------
CVE ID: CVE-2022-23308
Target Binary: /binaries/target/libxml2/libxml2-2.9.11-o2-libxml2
Vulnerable Function Name: xmlValidNormalizeAttributeValue__internal_alias
Overall Score is: 0.233
--------------------------------------------
CVE ID: CVE-2022-23308
Target Binary: /binaries/target/libxml2/libxml2-2.9.12-o2-libxml2
Vulnerable Function Name: xmlValidNormalizeAttributeValue__internal_alias
Overall Score is: 0.233
--------------------------------------------
CVE ID: CVE-2022-23308
Target Binary: /binaries/target/libxml2/libxml2-2.9.10-o2-libxml2
Vulnerable Function Name: xmlValidNormalizeAttributeValue__internal_alias
Overall Score is: 0.233
--------------------------------------------
CVE ID: CVE-2022-23308
Target Binary: /binaries/target/libxml2/libxml2-2.9.13-o2-libxml2
Vulnerable Function Name: xmlValidNormalizeAttributeValue__internal_alias
Overall Score is: 0.233
--------------------------------------------
CVE ID: CVE-2022-23308
Target Binary: /binaries/target/libxml2/libxml2-2.9.14-o2-libxml2
Vulnerable Function Name: xmlValidNormalizeAttributeValue__internal_alias
Overall Score is: 0.233
--------------------------------------------
CVE ID: CVE-2022-29824
Target Binary: /binaries/target/libxml2/libxml2-2.9.13-o2-libxml2
Vulnerable Function Name: xmlBufferCreateSize__internal_alias
Overall Score is: -0.914
--------------------------------------------
CVE ID: CVE-2022-29824
Target Binary: /binaries/target/libxml2/libxml2-2.9.11-o2-libxml2
Vulnerable Function Name: xmlBufferCreateSize__internal_alias
Overall Score is: -0.914
--------------------------------------------
CVE ID: CVE-2022-29824
Target Binary: /binaries/target/libxml2/libxml2-2.9.12-o2-libxml2
Vulnerable Function Name: xmlBufferCreateSize__internal_alias
Overall Score is: -0.914
--------------------------------------------
CVE ID: CVE-2022-29824
Target Binary: /binaries/target/libxml2/libxml2-2.9.13-o2-libxml2
Vulnerable Function Name: xmlBufCreateSize
Overall Score is: -0.913
--------------------------------------------
CVE ID: CVE-2022-29824
Target Binary: /binaries/target/libxml2/libxml2-2.9.11-o2-libxml2
Vulnerable Function Name: xmlBufCreateSize
Overall Score is: -0.913
--------------------------------------------
CVE ID: CVE-2022-29824
Target Binary: /binaries/target/libxml2/libxml2-2.9.12-o2-libxml2
Vulnerable Function Name: xmlBufCreateSize
Overall Score is: -0.913
--------------------------------------------
CVE ID: CVE-2022-29824
Target Binary: /binaries/target/libxml2/libxml2-2.10.0-o2-libxml2
Vulnerable Function Name: xmlBufCreateSize
Overall Score is: 0.809
--------------------------------------------
CVE ID: CVE-2022-29824
Target Binary: /binaries/target/libxml2/libxml2-2.10.1-o2-libxml2
Vulnerable Function Name: xmlBufCreateSize
Overall Score is: 0.809
--------------------------------------------
CVE ID: CVE-2022-29824
Target Binary: /binaries/target/libxml2/libxml2-2.10.2-o2-libxml2
Vulnerable Function Name: xmlBufCreateSize
Overall Score is: 0.809
--------------------------------------------
CVE ID: CVE-2022-40303
Target Binary: /binaries/target/libxml2/libxml2-2.10.2-o2-libxml2
Vulnerable Function Name: xmlParseCDSect
Overall Score is: 0.431
--------------------------------------------
CVE ID: CVE-2022-40303
Target Binary: /binaries/target/libxml2/libxml2-2.10.1-o2-libxml2
Vulnerable Function Name: xmlParseCDSect
Overall Score is: 0.431
--------------------------------------------
CVE ID: CVE-2022-40303
Target Binary: /binaries/target/libxml2/libxml2-2.10.0-o2-libxml2
Vulnerable Function Name: xmlParseCDSect
Overall Score is: 0.431
--------------------------------------------
CVE ID: CVE-2022-40303
Target Binary: /binaries/target/libxml2/libxml2-2.10.4-o2-libxml2
Vulnerable Function Name: xmlParseCDSect
Overall Score is: 0.515
--------------------------------------------
CVE ID: CVE-2022-40303
Target Binary: /binaries/target/libxml2/libxml2-2.11.0-o2-libxml2
Vulnerable Function Name: xmlParseCDSect
Overall Score is: 0.441
--------------------------------------------
CVE ID: CVE-2022-40303
Target Binary: /binaries/target/libxml2/libxml2-2.11.1-o2-libxml2
Vulnerable Function Name: xmlParseCDSect
Overall Score is: 0.441
--------------------------------------------
CVE ID: CVE-2022-40303
Target Binary: /binaries/target/libxml2/libxml2-2.10.2-o2-libxml2
Vulnerable Function Name: xmlParseStringName
Overall Score is: 0.188
--------------------------------------------
CVE ID: CVE-2022-40303
Target Binary: /binaries/target/libxml2/libxml2-2.10.1-o2-libxml2
Vulnerable Function Name: xmlParseStringName
Overall Score is: 0.188
--------------------------------------------
CVE ID: CVE-2022-40303
Target Binary: /binaries/target/libxml2/libxml2-2.10.0-o2-libxml2
Vulnerable Function Name: xmlParseStringName
Overall Score is: 0.188
--------------------------------------------
CVE ID: CVE-2022-40303
Target Binary: /binaries/target/libxml2/libxml2-2.10.4-o2-libxml2
Vulnerable Function Name: xmlParseStringName
Overall Score is: 0.281
--------------------------------------------
CVE ID: CVE-2022-40303
Target Binary: /binaries/target/libxml2/libxml2-2.11.0-o2-libxml2
Vulnerable Function Name: xmlParseStringName
Overall Score is: 0.281
--------------------------------------------
CVE ID: CVE-2022-40303
Target Binary: /binaries/target/libxml2/libxml2-2.11.1-o2-libxml2
Vulnerable Function Name: xmlParseStringName
Overall Score is: 0.281
--------------------------------------------
CVE ID: CVE-2022-40303
Target Binary: /binaries/target/libxml2/libxml2-2.10.2-o2-libxml2
Vulnerable Function Name: xmlParseEntityValue
Overall Score is: -0.049
--------------------------------------------
CVE ID: CVE-2022-40303
Target Binary: /binaries/target/libxml2/libxml2-2.10.1-o2-libxml2
Vulnerable Function Name: xmlParseEntityValue
Overall Score is: -0.049
--------------------------------------------
CVE ID: CVE-2022-40303
Target Binary: /binaries/target/libxml2/libxml2-2.10.0-o2-libxml2
Vulnerable Function Name: xmlParseEntityValue
Overall Score is: -0.049
--------------------------------------------
CVE ID: CVE-2022-40303
Target Binary: /binaries/target/libxml2/libxml2-2.10.4-o2-libxml2
Vulnerable Function Name: xmlParseEntityValue
Overall Score is: 0.351
--------------------------------------------
CVE ID: CVE-2022-40303
Target Binary: /binaries/target/libxml2/libxml2-2.11.0-o2-libxml2
Vulnerable Function Name: xmlParseEntityValue
Overall Score is: 0.351
--------------------------------------------
CVE ID: CVE-2022-40303
Target Binary: /binaries/target/libxml2/libxml2-2.11.1-o2-libxml2
Vulnerable Function Name: xmlParseEntityValue
Overall Score is: 0.351
--------------------------------------------
CVE ID: CVE-2022-40303
Target Binary: /binaries/target/libxml2/libxml2-2.10.2-o2-libxml2
Vulnerable Function Name: xmlParseSystemLiteral
Overall Score is: 0.228
--------------------------------------------
CVE ID: CVE-2022-40303
Target Binary: /binaries/target/libxml2/libxml2-2.10.1-o2-libxml2
Vulnerable Function Name: xmlParseSystemLiteral
Overall Score is: 0.228
--------------------------------------------
CVE ID: CVE-2022-40303
Target Binary: /binaries/target/libxml2/libxml2-2.10.0-o2-libxml2
Vulnerable Function Name: xmlParseSystemLiteral
Overall Score is: 0.228
--------------------------------------------
CVE ID: CVE-2022-40303
Target Binary: /binaries/target/libxml2/libxml2-2.10.4-o2-libxml2
Vulnerable Function Name: xmlParseSystemLiteral
Overall Score is: 0.236
--------------------------------------------
CVE ID: CVE-2022-40303
Target Binary: /binaries/target/libxml2/libxml2-2.11.0-o2-libxml2
Vulnerable Function Name: xmlParseSystemLiteral
Overall Score is: 0.231
--------------------------------------------
CVE ID: CVE-2022-40303
Target Binary: /binaries/target/libxml2/libxml2-2.11.1-o2-libxml2
Vulnerable Function Name: xmlParseSystemLiteral
Overall Score is: 0.231
--------------------------------------------
CVE ID: CVE-2022-40303
Target Binary: /binaries/target/libxml2/libxml2-2.10.2-o2-libxml2
Vulnerable Function Name: xmlParseAttValueInternal
Overall Score is: 0.228
--------------------------------------------
CVE ID: CVE-2022-40303
Target Binary: /binaries/target/libxml2/libxml2-2.10.1-o2-libxml2
Vulnerable Function Name: xmlParseAttValueInternal
Overall Score is: 0.228
--------------------------------------------
CVE ID: CVE-2022-40303
Target Binary: /binaries/target/libxml2/libxml2-2.10.0-o2-libxml2
Vulnerable Function Name: xmlParseAttValueInternal
Overall Score is: 0.228
--------------------------------------------
CVE ID: CVE-2022-40303
Target Binary: /binaries/target/libxml2/libxml2-2.10.4-o2-libxml2
Vulnerable Function Name: xmlParseAttValueInternal
Overall Score is: 0.265
--------------------------------------------
CVE ID: CVE-2022-40303
Target Binary: /binaries/target/libxml2/libxml2-2.11.0-o2-libxml2
Vulnerable Function Name: xmlParseAttValueInternal
Overall Score is: 0.280
--------------------------------------------
CVE ID: CVE-2022-40303
Target Binary: /binaries/target/libxml2/libxml2-2.11.1-o2-libxml2
Vulnerable Function Name: xmlParseAttValueInternal
Overall Score is: 0.280
--------------------------------------------
CVE ID: CVE-2022-40303
Target Binary: /binaries/target/libxml2/libxml2-2.10.2-o2-libxml2
Vulnerable Function Name: xmlParseNCName
Overall Score is: 0.162
--------------------------------------------
CVE ID: CVE-2022-40303
Target Binary: /binaries/target/libxml2/libxml2-2.10.1-o2-libxml2
Vulnerable Function Name: xmlParseNCName
Overall Score is: 0.162
--------------------------------------------
CVE ID: CVE-2022-40303
Target Binary: /binaries/target/libxml2/libxml2-2.10.0-o2-libxml2
Vulnerable Function Name: xmlParseNCName
Overall Score is: 0.162
--------------------------------------------
CVE ID: CVE-2022-40303
Target Binary: /binaries/target/libxml2/libxml2-2.10.4-o2-libxml2
Vulnerable Function Name: xmlParseNCName
Overall Score is: -0.174
--------------------------------------------
CVE ID: CVE-2022-40303
Target Binary: /binaries/target/libxml2/libxml2-2.11.0-o2-libxml2
Vulnerable Function Name: xmlParseNCName
Overall Score is: 0.266
--------------------------------------------
CVE ID: CVE-2022-40303
Target Binary: /binaries/target/libxml2/libxml2-2.11.1-o2-libxml2
Vulnerable Function Name: xmlParseNCName
Overall Score is: 0.266
--------------------------------------------
CVE ID: CVE-2022-40303
Target Binary: /binaries/target/libxml2/libxml2-2.10.2-o2-libxml2
Vulnerable Function Name: xmlParseName
Overall Score is: 0.213
--------------------------------------------
CVE ID: CVE-2022-40303
Target Binary: /binaries/target/libxml2/libxml2-2.10.1-o2-libxml2
Vulnerable Function Name: xmlParseName
Overall Score is: 0.213
--------------------------------------------
CVE ID: CVE-2022-40303
Target Binary: /binaries/target/libxml2/libxml2-2.10.0-o2-libxml2
Vulnerable Function Name: xmlParseName
Overall Score is: 0.213
--------------------------------------------
CVE ID: CVE-2022-40303
Target Binary: /binaries/target/libxml2/libxml2-2.10.4-o2-libxml2
Vulnerable Function Name: xmlParseName
Overall Score is: 0.248
--------------------------------------------
CVE ID: CVE-2022-40303
Target Binary: /binaries/target/libxml2/libxml2-2.11.0-o2-libxml2
Vulnerable Function Name: xmlParseName
Overall Score is: 0.269
--------------------------------------------
CVE ID: CVE-2022-40303
Target Binary: /binaries/target/libxml2/libxml2-2.11.1-o2-libxml2
Vulnerable Function Name: xmlParseName
Overall Score is: 0.269
--------------------------------------------
CVE ID: CVE-2022-40303
Target Binary: /binaries/target/libxml2/libxml2-2.10.2-o2-libxml2
Vulnerable Function Name: xmlParsePI
Overall Score is: 0.326
--------------------------------------------
CVE ID: CVE-2022-40303
Target Binary: /binaries/target/libxml2/libxml2-2.10.1-o2-libxml2
Vulnerable Function Name: xmlParsePI
Overall Score is: 0.326
--------------------------------------------
CVE ID: CVE-2022-40303
Target Binary: /binaries/target/libxml2/libxml2-2.10.0-o2-libxml2
Vulnerable Function Name: xmlParsePI
Overall Score is: 0.326
--------------------------------------------
CVE ID: CVE-2022-40303
Target Binary: /binaries/target/libxml2/libxml2-2.10.4-o2-libxml2
Vulnerable Function Name: xmlParsePI
Overall Score is: 0.431
--------------------------------------------
CVE ID: CVE-2022-40303
Target Binary: /binaries/target/libxml2/libxml2-2.11.0-o2-libxml2
Vulnerable Function Name: xmlParsePI
Overall Score is: 0.326
--------------------------------------------
CVE ID: CVE-2022-40303
Target Binary: /binaries/target/libxml2/libxml2-2.11.1-o2-libxml2
Vulnerable Function Name: xmlParsePI
Overall Score is: 0.326
--------------------------------------------
CVE ID: CVE-2022-40303
Target Binary: /binaries/target/libxml2/libxml2-2.10.2-o2-libxml2
Vulnerable Function Name: xmlParseNmtoken
Overall Score is: 0.209
--------------------------------------------
CVE ID: CVE-2022-40303
Target Binary: /binaries/target/libxml2/libxml2-2.10.1-o2-libxml2
Vulnerable Function Name: xmlParseNmtoken
Overall Score is: 0.209
--------------------------------------------
CVE ID: CVE-2022-40303
Target Binary: /binaries/target/libxml2/libxml2-2.10.0-o2-libxml2
Vulnerable Function Name: xmlParseNmtoken
Overall Score is: 0.209
--------------------------------------------
CVE ID: CVE-2022-40303
Target Binary: /binaries/target/libxml2/libxml2-2.10.4-o2-libxml2
Vulnerable Function Name: xmlParseNmtoken
Overall Score is: 0.217
--------------------------------------------
CVE ID: CVE-2022-40303
Target Binary: /binaries/target/libxml2/libxml2-2.11.0-o2-libxml2
Vulnerable Function Name: xmlParseNmtoken
Overall Score is: 0.306
--------------------------------------------
CVE ID: CVE-2022-40303
Target Binary: /binaries/target/libxml2/libxml2-2.11.1-o2-libxml2
Vulnerable Function Name: xmlParseNmtoken
Overall Score is: 0.306
--------------------------------------------
CVE ID: CVE-2022-40303
Target Binary: /binaries/target/libxml2/libxml2-2.10.2-o2-libxml2
Vulnerable Function Name: xmlParsePubidLiteral
Overall Score is: 0.228
--------------------------------------------
CVE ID: CVE-2022-40303
Target Binary: /binaries/target/libxml2/libxml2-2.10.1-o2-libxml2
Vulnerable Function Name: xmlParsePubidLiteral
Overall Score is: 0.228
--------------------------------------------
CVE ID: CVE-2022-40303
Target Binary: /binaries/target/libxml2/libxml2-2.10.0-o2-libxml2
Vulnerable Function Name: xmlParsePubidLiteral
Overall Score is: 0.228
--------------------------------------------
CVE ID: CVE-2022-40303
Target Binary: /binaries/target/libxml2/libxml2-2.10.4-o2-libxml2
Vulnerable Function Name: xmlParsePubidLiteral
Overall Score is: 0.265
--------------------------------------------
CVE ID: CVE-2022-40303
Target Binary: /binaries/target/libxml2/libxml2-2.11.0-o2-libxml2
Vulnerable Function Name: xmlParsePubidLiteral
Overall Score is: 0.272
--------------------------------------------
CVE ID: CVE-2022-40303
Target Binary: /binaries/target/libxml2/libxml2-2.11.1-o2-libxml2
Vulnerable Function Name: xmlParsePubidLiteral
Overall Score is: 0.272
--------------------------------------------
CVE ID: CVE-2022-40303
Target Binary: /binaries/target/libxml2/libxml2-2.10.2-o2-libxml2
Vulnerable Function Name: xmlParseComment
Overall Score is: 0.205
--------------------------------------------
CVE ID: CVE-2022-40303
Target Binary: /binaries/target/libxml2/libxml2-2.10.1-o2-libxml2
Vulnerable Function Name: xmlParseComment
Overall Score is: 0.205
--------------------------------------------
CVE ID: CVE-2022-40303
Target Binary: /binaries/target/libxml2/libxml2-2.10.0-o2-libxml2
Vulnerable Function Name: xmlParseComment
Overall Score is: 0.205
--------------------------------------------
CVE ID: CVE-2022-40303
Target Binary: /binaries/target/libxml2/libxml2-2.10.4-o2-libxml2
Vulnerable Function Name: xmlParseComment
Overall Score is: 0.250
--------------------------------------------
CVE ID: CVE-2022-40303
Target Binary: /binaries/target/libxml2/libxml2-2.11.0-o2-libxml2
Vulnerable Function Name: xmlParseComment
Overall Score is: 0.250
--------------------------------------------
CVE ID: CVE-2022-40303
Target Binary: /binaries/target/libxml2/libxml2-2.11.1-o2-libxml2
Vulnerable Function Name: xmlParseComment
Overall Score is: 0.250