2025-09-08 16:24:44,269 - INFO - detecting CVE-2013-0338 xmlParserEntityCheck
2025-09-08 16:24:44,269 - INFO - cmd: python main.py --detect --cve_id CVE-2013-0338 --target_bin /binaries/target/libxml2/libxml2-2.9.0-o2-libxml2 --vul_func_name xmlParserEntityCheck --project libxml2
2025-09-08 16:24:49,537 - INFO - success CVE-2013-0338,details in cve_test/CVE-2013-0338.log

2025-09-08 16:24:49,538 - INFO - detecting CVE-2013-0338 xmlParserEntityCheck
2025-09-08 16:24:49,539 - INFO - cmd: python main.py --detect --cve_id CVE-2013-0338 --target_bin /binaries/target/libxml2/libxml2-2.8.0-o2-libxml2 --vul_func_name xmlParserEntityCheck --project libxml2
2025-09-08 16:24:54,268 - INFO - success CVE-2013-0338,details in cve_test/CVE-2013-0338.log

2025-09-08 16:24:54,269 - INFO - detecting CVE-2013-0338 xmlParserEntityCheck
2025-09-08 16:24:54,269 - INFO - cmd: python main.py --detect --cve_id CVE-2013-0338 --target_bin /binaries/target/libxml2/libxml2-2.8.0-rc2-o2-libxml2 --vul_func_name xmlParserEntityCheck --project libxml2
2025-09-08 16:24:59,480 - INFO - success CVE-2013-0338,details in cve_test/CVE-2013-0338.log

2025-09-08 16:24:59,481 - INFO - detecting CVE-2013-0338 xmlParserEntityCheck
2025-09-08 16:24:59,482 - INFO - cmd: python main.py --detect --cve_id CVE-2013-0338 --target_bin /binaries/target/libxml2/libxml2-2.9.1-o2-libxml2 --vul_func_name xmlParserEntityCheck --project libxml2
2025-09-08 16:25:04,713 - INFO - success CVE-2013-0338,details in cve_test/CVE-2013-0338.log

2025-09-08 16:25:04,714 - INFO - detecting CVE-2013-0338 xmlParserEntityCheck
2025-09-08 16:25:04,715 - INFO - cmd: python main.py --detect --cve_id CVE-2013-0338 --target_bin /binaries/target/libxml2/libxml2-2.9.2-rc1-o2-libxml2 --vul_func_name xmlParserEntityCheck --project libxml2
2025-09-08 16:25:09,942 - INFO - success CVE-2013-0338,details in cve_test/CVE-2013-0338.log

2025-09-08 16:25:09,943 - INFO - detecting CVE-2013-0338 xmlParserEntityCheck
2025-09-08 16:25:09,943 - INFO - cmd: python main.py --detect --cve_id CVE-2013-0338 --target_bin /binaries/target/libxml2/libxml2-2.9.2-rc2-o2-libxml2 --vul_func_name xmlParserEntityCheck --project libxml2
2025-09-08 16:25:14,627 - INFO - success CVE-2013-0338,details in cve_test/CVE-2013-0338.log

2025-09-08 16:25:14,628 - INFO - detecting CVE-2013-1969 htmlParseChunk__internal_alias
2025-09-08 16:25:14,628 - INFO - cmd: python main.py --detect --cve_id CVE-2013-1969 --target_bin /binaries/target/libxml2/libxml2-2.9.0-o2-libxml2 --vul_func_name htmlParseChunk__internal_alias --project libxml2
2025-09-08 16:25:19,976 - INFO - success CVE-2013-1969,details in cve_test/CVE-2013-1969.log

2025-09-08 16:25:19,977 - INFO - detecting CVE-2013-1969 htmlParseChunk__internal_alias
2025-09-08 16:25:19,978 - INFO - cmd: python main.py --detect --cve_id CVE-2013-1969 --target_bin /binaries/target/libxml2/libxml2-2.9.1-o2-libxml2 --vul_func_name htmlParseChunk__internal_alias --project libxml2
2025-09-08 16:25:25,895 - INFO - success CVE-2013-1969,details in cve_test/CVE-2013-1969.log

2025-09-08 16:25:25,896 - INFO - detecting CVE-2013-1969 htmlParseChunk__internal_alias
2025-09-08 16:25:25,896 - INFO - cmd: python main.py --detect --cve_id CVE-2013-1969 --target_bin /binaries/target/libxml2/libxml2-2.9.2-rc1-o2-libxml2 --vul_func_name htmlParseChunk__internal_alias --project libxml2
2025-09-08 16:25:31,806 - INFO - success CVE-2013-1969,details in cve_test/CVE-2013-1969.log

2025-09-08 16:25:31,807 - INFO - detecting CVE-2013-1969 htmlParseChunk__internal_alias
2025-09-08 16:25:31,808 - INFO - cmd: python main.py --detect --cve_id CVE-2013-1969 --target_bin /binaries/target/libxml2/libxml2-2.9.2-rc2-o2-libxml2 --vul_func_name htmlParseChunk__internal_alias --project libxml2
2025-09-08 16:25:37,572 - INFO - success CVE-2013-1969,details in cve_test/CVE-2013-1969.log

2025-09-08 16:25:37,573 - INFO - detecting CVE-2015-7498 xmlParseXMLDecl__internal_alias
2025-09-08 16:25:37,573 - INFO - cmd: python main.py --detect --cve_id CVE-2015-7498 --target_bin /binaries/target/libxml2/libxml2-2.9.2-o2-libxml2 --vul_func_name xmlParseXMLDecl__internal_alias --project libxml2
2025-09-08 16:25:49,320 - INFO - success CVE-2015-7498,details in cve_test/CVE-2015-7498.log

2025-09-08 16:25:49,321 - INFO - detecting CVE-2015-7498 xmlParseXMLDecl__internal_alias
2025-09-08 16:25:49,322 - INFO - cmd: python main.py --detect --cve_id CVE-2015-7498 --target_bin /binaries/target/libxml2/libxml2-2.9.1-o2-libxml2 --vul_func_name xmlParseXMLDecl__internal_alias --project libxml2
2025-09-08 16:26:00,993 - INFO - success CVE-2015-7498,details in cve_test/CVE-2015-7498.log

2025-09-08 16:26:00,994 - INFO - detecting CVE-2015-7498 xmlParseXMLDecl__internal_alias
2025-09-08 16:26:00,994 - INFO - cmd: python main.py --detect --cve_id CVE-2015-7498 --target_bin /binaries/target/libxml2/libxml2-2.9.0-o2-libxml2 --vul_func_name xmlParseXMLDecl__internal_alias --project libxml2
2025-09-08 16:26:12,927 - INFO - success CVE-2015-7498,details in cve_test/CVE-2015-7498.log

2025-09-08 16:26:12,928 - INFO - detecting CVE-2015-7498 xmlParseXMLDecl__internal_alias
2025-09-08 16:26:12,929 - INFO - cmd: python main.py --detect --cve_id CVE-2015-7498 --target_bin /binaries/target/libxml2/libxml2-2.9.3-o2-libxml2 --vul_func_name xmlParseXMLDecl__internal_alias --project libxml2
2025-09-08 16:26:24,452 - INFO - success CVE-2015-7498,details in cve_test/CVE-2015-7498.log

2025-09-08 16:26:24,453 - INFO - detecting CVE-2015-7498 xmlParseXMLDecl__internal_alias
2025-09-08 16:26:24,454 - INFO - cmd: python main.py --detect --cve_id CVE-2015-7498 --target_bin /binaries/target/libxml2/libxml2-2.9.4-o2-libxml2 --vul_func_name xmlParseXMLDecl__internal_alias --project libxml2
2025-09-08 16:26:36,516 - INFO - success CVE-2015-7498,details in cve_test/CVE-2015-7498.log

2025-09-08 16:26:36,517 - INFO - detecting CVE-2015-7498 xmlParseXMLDecl__internal_alias
2025-09-08 16:26:36,517 - INFO - cmd: python main.py --detect --cve_id CVE-2015-7498 --target_bin /binaries/target/libxml2/libxml2-2.9.5-rc1-o2-libxml2 --vul_func_name xmlParseXMLDecl__internal_alias --project libxml2
2025-09-08 16:26:48,438 - INFO - success CVE-2015-7498,details in cve_test/CVE-2015-7498.log

2025-09-08 16:26:48,440 - INFO - detecting CVE-2015-7498 xmlSwitchEncoding__internal_alias
2025-09-08 16:26:48,440 - INFO - cmd: python main.py --detect --cve_id CVE-2015-7498 --target_bin /binaries/target/libxml2/libxml2-2.9.2-o2-libxml2 --vul_func_name xmlSwitchEncoding__internal_alias --project libxml2
2025-09-08 16:26:53,268 - INFO - success CVE-2015-7498,details in cve_test/CVE-2015-7498.log

2025-09-08 16:26:53,268 - INFO - detecting CVE-2015-7498 xmlSwitchEncoding__internal_alias
2025-09-08 16:26:53,269 - INFO - cmd: python main.py --detect --cve_id CVE-2015-7498 --target_bin /binaries/target/libxml2/libxml2-2.9.1-o2-libxml2 --vul_func_name xmlSwitchEncoding__internal_alias --project libxml2
2025-09-08 16:26:58,239 - INFO - success CVE-2015-7498,details in cve_test/CVE-2015-7498.log

2025-09-08 16:26:58,240 - INFO - detecting CVE-2015-7498 xmlSwitchEncoding__internal_alias
2025-09-08 16:26:58,240 - INFO - cmd: python main.py --detect --cve_id CVE-2015-7498 --target_bin /binaries/target/libxml2/libxml2-2.9.0-o2-libxml2 --vul_func_name xmlSwitchEncoding__internal_alias --project libxml2
2025-09-08 16:27:03,597 - INFO - success CVE-2015-7498,details in cve_test/CVE-2015-7498.log

2025-09-08 16:27:03,598 - INFO - detecting CVE-2015-7498 xmlSwitchEncoding__internal_alias
2025-09-08 16:27:03,598 - INFO - cmd: python main.py --detect --cve_id CVE-2015-7498 --target_bin /binaries/target/libxml2/libxml2-2.9.3-o2-libxml2 --vul_func_name xmlSwitchEncoding__internal_alias --project libxml2
2025-09-08 16:27:08,576 - INFO - success CVE-2015-7498,details in cve_test/CVE-2015-7498.log

2025-09-08 16:27:08,577 - INFO - detecting CVE-2015-7498 xmlSwitchEncoding__internal_alias
2025-09-08 16:27:08,577 - INFO - cmd: python main.py --detect --cve_id CVE-2015-7498 --target_bin /binaries/target/libxml2/libxml2-2.9.4-o2-libxml2 --vul_func_name xmlSwitchEncoding__internal_alias --project libxml2
2025-09-08 16:27:13,806 - INFO - success CVE-2015-7498,details in cve_test/CVE-2015-7498.log

2025-09-08 16:27:13,807 - INFO - detecting CVE-2015-7498 xmlSwitchEncoding__internal_alias
2025-09-08 16:27:13,808 - INFO - cmd: python main.py --detect --cve_id CVE-2015-7498 --target_bin /binaries/target/libxml2/libxml2-2.9.5-rc1-o2-libxml2 --vul_func_name xmlSwitchEncoding__internal_alias --project libxml2
2025-09-08 16:27:19,409 - INFO - success CVE-2015-7498,details in cve_test/CVE-2015-7498.log

2025-09-08 16:27:19,410 - INFO - detecting CVE-2015-7500 xmlParseStartTag2
2025-09-08 16:27:19,411 - INFO - cmd: python main.py --detect --cve_id CVE-2015-7500 --target_bin /binaries/target/libxml2/libxml2-2.9.2-o2-libxml2 --vul_func_name xmlParseStartTag2 --project libxml2
2025-09-08 16:27:27,364 - INFO - success CVE-2015-7500,details in cve_test/CVE-2015-7500.log

2025-09-08 16:27:27,365 - INFO - detecting CVE-2015-7500 xmlParseStartTag2
2025-09-08 16:27:27,366 - INFO - cmd: python main.py --detect --cve_id CVE-2015-7500 --target_bin /binaries/target/libxml2/libxml2-2.9.1-o2-libxml2 --vul_func_name xmlParseStartTag2 --project libxml2
2025-09-08 16:27:35,048 - INFO - success CVE-2015-7500,details in cve_test/CVE-2015-7500.log

2025-09-08 16:27:35,049 - INFO - detecting CVE-2015-7500 xmlParseStartTag2
2025-09-08 16:27:35,049 - INFO - cmd: python main.py --detect --cve_id CVE-2015-7500 --target_bin /binaries/target/libxml2/libxml2-2.9.0-o2-libxml2 --vul_func_name xmlParseStartTag2 --project libxml2
2025-09-08 16:27:43,207 - INFO - success CVE-2015-7500,details in cve_test/CVE-2015-7500.log

2025-09-08 16:27:43,210 - INFO - detecting CVE-2015-7500 xmlParseStartTag2
2025-09-08 16:27:43,210 - INFO - cmd: python main.py --detect --cve_id CVE-2015-7500 --target_bin /binaries/target/libxml2/libxml2-2.9.4-o2-libxml2 --vul_func_name xmlParseStartTag2 --project libxml2
2025-09-08 16:27:50,391 - INFO - success CVE-2015-7500,details in cve_test/CVE-2015-7500.log

2025-09-08 16:27:50,392 - INFO - detecting CVE-2015-7500 xmlParseStartTag2
2025-09-08 16:27:50,393 - INFO - cmd: python main.py --detect --cve_id CVE-2015-7500 --target_bin /binaries/target/libxml2/libxml2-2.9.5-rc1-o2-libxml2 --vul_func_name xmlParseStartTag2 --project libxml2
2025-09-08 16:27:57,858 - INFO - success CVE-2015-7500,details in cve_test/CVE-2015-7500.log

2025-09-08 16:27:57,859 - INFO - detecting CVE-2015-7500 xmlParseStartTag2
2025-09-08 16:27:57,859 - INFO - cmd: python main.py --detect --cve_id CVE-2015-7500 --target_bin /binaries/target/libxml2/libxml2-2.9.5-rc2-o2-libxml2 --vul_func_name xmlParseStartTag2 --project libxml2
2025-09-08 16:28:05,597 - INFO - success CVE-2015-7500,details in cve_test/CVE-2015-7500.log

2025-09-08 16:28:05,598 - INFO - detecting CVE-2015-7941 xmlParseConditionalSections
2025-09-08 16:28:05,599 - INFO - cmd: python main.py --detect --cve_id CVE-2015-7941 --target_bin /binaries/target/libxml2/libxml2-2.9.2-o2-libxml2 --vul_func_name xmlParseConditionalSections --project libxml2
2025-09-08 16:28:13,225 - INFO - success CVE-2015-7941,details in cve_test/CVE-2015-7941.log

2025-09-08 16:28:13,226 - INFO - detecting CVE-2015-7941 xmlParseConditionalSections
2025-09-08 16:28:13,227 - INFO - cmd: python main.py --detect --cve_id CVE-2015-7941 --target_bin /binaries/target/libxml2/libxml2-2.9.3-o2-libxml2 --vul_func_name xmlParseConditionalSections --project libxml2
2025-09-08 16:28:21,327 - INFO - success CVE-2015-7941,details in cve_test/CVE-2015-7941.log

2025-09-08 16:28:21,328 - INFO - detecting CVE-2015-7941 xmlParseConditionalSections
2025-09-08 16:28:21,328 - INFO - cmd: python main.py --detect --cve_id CVE-2015-7941 --target_bin /binaries/target/libxml2/libxml2-2.9.4-o2-libxml2 --vul_func_name xmlParseConditionalSections --project libxml2
2025-09-08 16:28:28,661 - INFO - success CVE-2015-7941,details in cve_test/CVE-2015-7941.log

2025-09-08 16:28:28,662 - INFO - detecting CVE-2015-7941 xmlParseConditionalSections
2025-09-08 16:28:28,662 - INFO - cmd: python main.py --detect --cve_id CVE-2015-7941 --target_bin /binaries/target/libxml2/libxml2-2.9.5-rc1-o2-libxml2 --vul_func_name xmlParseConditionalSections --project libxml2
2025-09-08 16:28:37,100 - INFO - success CVE-2015-7941,details in cve_test/CVE-2015-7941.log

2025-09-08 16:28:37,101 - INFO - detecting CVE-2015-8241 xmlParseMarkupDecl__internal_alias
2025-09-08 16:28:37,102 - INFO - cmd: python main.py --detect --cve_id CVE-2015-8241 --target_bin /binaries/target/libxml2/libxml2-2.9.2-o2-libxml2 --vul_func_name xmlParseMarkupDecl__internal_alias --project libxml2
2025-09-08 16:28:45,741 - INFO - success CVE-2015-8241,details in cve_test/CVE-2015-8241.log

2025-09-08 16:28:45,742 - INFO - detecting CVE-2015-8241 xmlParseMarkupDecl__internal_alias
2025-09-08 16:28:45,743 - INFO - cmd: python main.py --detect --cve_id CVE-2015-8241 --target_bin /binaries/target/libxml2/libxml2-2.9.1-o2-libxml2 --vul_func_name xmlParseMarkupDecl__internal_alias --project libxml2
2025-09-08 16:28:54,695 - INFO - success CVE-2015-8241,details in cve_test/CVE-2015-8241.log

2025-09-08 16:28:54,696 - INFO - detecting CVE-2015-8241 xmlParseMarkupDecl__internal_alias
2025-09-08 16:28:54,696 - INFO - cmd: python main.py --detect --cve_id CVE-2015-8241 --target_bin /binaries/target/libxml2/libxml2-2.9.0-o2-libxml2 --vul_func_name xmlParseMarkupDecl__internal_alias --project libxml2
2025-09-08 16:29:02,329 - INFO - success CVE-2015-8241,details in cve_test/CVE-2015-8241.log

2025-09-08 16:29:02,330 - INFO - detecting CVE-2015-8241 xmlParseMarkupDecl__internal_alias
2025-09-08 16:29:02,330 - INFO - cmd: python main.py --detect --cve_id CVE-2015-8241 --target_bin /binaries/target/libxml2/libxml2-2.9.3-o2-libxml2 --vul_func_name xmlParseMarkupDecl__internal_alias --project libxml2
2025-09-08 16:29:11,178 - INFO - success CVE-2015-8241,details in cve_test/CVE-2015-8241.log

2025-09-08 16:29:11,179 - INFO - detecting CVE-2015-8241 xmlParseMarkupDecl__internal_alias
2025-09-08 16:29:11,180 - INFO - cmd: python main.py --detect --cve_id CVE-2015-8241 --target_bin /binaries/target/libxml2/libxml2-2.9.4-o2-libxml2 --vul_func_name xmlParseMarkupDecl__internal_alias --project libxml2
2025-09-08 16:29:19,617 - INFO - success CVE-2015-8241,details in cve_test/CVE-2015-8241.log

2025-09-08 16:29:19,618 - INFO - detecting CVE-2015-8241 xmlParseMarkupDecl__internal_alias
2025-09-08 16:29:19,618 - INFO - cmd: python main.py --detect --cve_id CVE-2015-8241 --target_bin /binaries/target/libxml2/libxml2-2.9.5-rc1-o2-libxml2 --vul_func_name xmlParseMarkupDecl__internal_alias --project libxml2
2025-09-08 16:29:27,520 - INFO - success CVE-2015-8241,details in cve_test/CVE-2015-8241.log

2025-09-08 16:29:27,521 - INFO - detecting CVE-2016-1762 xmlParseInternalSubset
2025-09-08 16:29:27,522 - INFO - cmd: python main.py --detect --cve_id CVE-2016-1762 --target_bin /binaries/target/libxml2/libxml2-2.9.3-o2-libxml2 --vul_func_name xmlParseInternalSubset --project libxml2
2025-09-08 16:29:35,363 - INFO - success CVE-2016-1762,details in cve_test/CVE-2016-1762.log

2025-09-08 16:29:35,364 - INFO - detecting CVE-2016-1762 xmlParseInternalSubset
2025-09-08 16:29:35,365 - INFO - cmd: python main.py --detect --cve_id CVE-2016-1762 --target_bin /binaries/target/libxml2/libxml2-2.9.2-o2-libxml2 --vul_func_name xmlParseInternalSubset --project libxml2
2025-09-08 16:29:43,390 - INFO - success CVE-2016-1762,details in cve_test/CVE-2016-1762.log

2025-09-08 16:29:43,390 - INFO - detecting CVE-2016-1762 xmlParseInternalSubset
2025-09-08 16:29:43,391 - INFO - cmd: python main.py --detect --cve_id CVE-2016-1762 --target_bin /binaries/target/libxml2/libxml2-2.9.2-rc2-o2-libxml2 --vul_func_name xmlParseInternalSubset --project libxml2
2025-09-08 16:29:51,042 - INFO - success CVE-2016-1762,details in cve_test/CVE-2016-1762.log

2025-09-08 16:29:51,045 - INFO - detecting CVE-2016-1762 xmlParseInternalSubset
2025-09-08 16:29:51,045 - INFO - cmd: python main.py --detect --cve_id CVE-2016-1762 --target_bin /binaries/target/libxml2/libxml2-2.9.4-o2-libxml2 --vul_func_name xmlParseInternalSubset --project libxml2
2025-09-08 16:29:58,749 - INFO - success CVE-2016-1762,details in cve_test/CVE-2016-1762.log

2025-09-08 16:29:58,750 - INFO - detecting CVE-2016-1762 xmlParseInternalSubset
2025-09-08 16:29:58,750 - INFO - cmd: python main.py --detect --cve_id CVE-2016-1762 --target_bin /binaries/target/libxml2/libxml2-2.9.5-rc1-o2-libxml2 --vul_func_name xmlParseInternalSubset --project libxml2
2025-09-08 16:30:06,248 - INFO - success CVE-2016-1762,details in cve_test/CVE-2016-1762.log

2025-09-08 16:30:06,249 - INFO - detecting CVE-2016-1762 xmlParseInternalSubset
2025-09-08 16:30:06,249 - INFO - cmd: python main.py --detect --cve_id CVE-2016-1762 --target_bin /binaries/target/libxml2/libxml2-2.9.5-rc2-o2-libxml2 --vul_func_name xmlParseInternalSubset --project libxml2
2025-09-08 16:30:13,942 - INFO - success CVE-2016-1762,details in cve_test/CVE-2016-1762.log

2025-09-08 16:30:13,943 - INFO - detecting CVE-2016-1836 xmlParseNCNameComplex
2025-09-08 16:30:13,944 - INFO - cmd: python main.py --detect --cve_id CVE-2016-1836 --target_bin /binaries/target/libxml2/libxml2-2.9.3-o2-libxml2 --vul_func_name xmlParseNCNameComplex --project libxml2
2025-09-08 16:30:18,417 - ERROR - fail CVE-2016-1836 ,details1

2025-09-08 16:30:18,418 - INFO - detecting CVE-2016-1836 xmlParseNCNameComplex
2025-09-08 16:30:18,418 - INFO - cmd: python main.py --detect --cve_id CVE-2016-1836 --target_bin /binaries/target/libxml2/libxml2-2.9.2-o2-libxml2 --vul_func_name xmlParseNCNameComplex --project libxml2
2025-09-08 16:30:23,070 - ERROR - fail CVE-2016-1836 ,details1

2025-09-08 16:30:23,072 - INFO - detecting CVE-2016-1836 xmlParseNCNameComplex
2025-09-08 16:30:23,072 - INFO - cmd: python main.py --detect --cve_id CVE-2016-1836 --target_bin /binaries/target/libxml2/libxml2-2.9.2-rc2-o2-libxml2 --vul_func_name xmlParseNCNameComplex --project libxml2
2025-09-08 16:30:27,697 - ERROR - fail CVE-2016-1836 ,details1

2025-09-08 16:30:27,698 - INFO - detecting CVE-2016-1836 xmlParseNCNameComplex
2025-09-08 16:30:27,698 - INFO - cmd: python main.py --detect --cve_id CVE-2016-1836 --target_bin /binaries/target/libxml2/libxml2-2.9.5-rc1-o2-libxml2 --vul_func_name xmlParseNCNameComplex --project libxml2
2025-09-08 16:30:32,244 - ERROR - fail CVE-2016-1836 ,details1

2025-09-08 16:30:32,245 - INFO - detecting CVE-2016-1836 xmlParseNCNameComplex
2025-09-08 16:30:32,246 - INFO - cmd: python main.py --detect --cve_id CVE-2016-1836 --target_bin /binaries/target/libxml2/libxml2-2.9.5-rc2-o2-libxml2 --vul_func_name xmlParseNCNameComplex --project libxml2
2025-09-08 16:30:37,079 - ERROR - fail CVE-2016-1836 ,details1

2025-09-08 16:30:37,080 - INFO - detecting CVE-2016-1836 xmlParseNCNameComplex
2025-09-08 16:30:37,081 - INFO - cmd: python main.py --detect --cve_id CVE-2016-1836 --target_bin /binaries/target/libxml2/libxml2-2.9.5-o2-libxml2 --vul_func_name xmlParseNCNameComplex --project libxml2
2025-09-08 16:30:42,353 - ERROR - fail CVE-2016-1836 ,details1

2025-09-08 16:30:42,354 - INFO - detecting CVE-2016-1837 htmlParseSystemLiteral
2025-09-08 16:30:42,355 - INFO - cmd: python main.py --detect --cve_id CVE-2016-1837 --target_bin /binaries/target/libxml2/libxml2-2.9.3-o2-libxml2 --vul_func_name htmlParseSystemLiteral --project libxml2
2025-09-08 16:30:49,033 - INFO - success CVE-2016-1837,details in cve_test/CVE-2016-1837.log

2025-09-08 16:30:49,034 - INFO - detecting CVE-2016-1837 htmlParseSystemLiteral
2025-09-08 16:30:49,035 - INFO - cmd: python main.py --detect --cve_id CVE-2016-1837 --target_bin /binaries/target/libxml2/libxml2-2.9.2-o2-libxml2 --vul_func_name htmlParseSystemLiteral --project libxml2
2025-09-08 16:30:56,533 - INFO - success CVE-2016-1837,details in cve_test/CVE-2016-1837.log

2025-09-08 16:30:56,534 - INFO - detecting CVE-2016-1837 htmlParseSystemLiteral
2025-09-08 16:30:56,534 - INFO - cmd: python main.py --detect --cve_id CVE-2016-1837 --target_bin /binaries/target/libxml2/libxml2-2.9.2-rc2-o2-libxml2 --vul_func_name htmlParseSystemLiteral --project libxml2
2025-09-08 16:31:03,970 - INFO - success CVE-2016-1837,details in cve_test/CVE-2016-1837.log

2025-09-08 16:31:03,971 - INFO - detecting CVE-2016-1837 htmlParseSystemLiteral
2025-09-08 16:31:03,972 - INFO - cmd: python main.py --detect --cve_id CVE-2016-1837 --target_bin /binaries/target/libxml2/libxml2-2.9.5-rc1-o2-libxml2 --vul_func_name htmlParseSystemLiteral --project libxml2
2025-09-08 16:31:10,991 - INFO - success CVE-2016-1837,details in cve_test/CVE-2016-1837.log

2025-09-08 16:31:10,992 - INFO - detecting CVE-2016-1837 htmlParseSystemLiteral
2025-09-08 16:31:10,992 - INFO - cmd: python main.py --detect --cve_id CVE-2016-1837 --target_bin /binaries/target/libxml2/libxml2-2.9.5-rc2-o2-libxml2 --vul_func_name htmlParseSystemLiteral --project libxml2
2025-09-08 16:31:18,938 - INFO - success CVE-2016-1837,details in cve_test/CVE-2016-1837.log

2025-09-08 16:31:18,939 - INFO - detecting CVE-2016-1837 htmlParseSystemLiteral
2025-09-08 16:31:18,939 - INFO - cmd: python main.py --detect --cve_id CVE-2016-1837 --target_bin /binaries/target/libxml2/libxml2-2.9.5-o2-libxml2 --vul_func_name htmlParseSystemLiteral --project libxml2
2025-09-08 16:31:25,732 - INFO - success CVE-2016-1837,details in cve_test/CVE-2016-1837.log

2025-09-08 16:31:25,733 - INFO - detecting CVE-2016-4658 xmlXPtrNewRangeNodeObject__internal_alias
2025-09-08 16:31:25,733 - INFO - cmd: python main.py --detect --cve_id CVE-2016-4658 --target_bin /binaries/target/libxml2/libxml2-2.9.4-o2-libxml2 --vul_func_name xmlXPtrNewRangeNodeObject__internal_alias --project libxml2
2025-09-08 16:31:30,728 - INFO - success CVE-2016-4658,details in cve_test/CVE-2016-4658.log

2025-09-08 16:31:30,729 - INFO - detecting CVE-2016-4658 xmlXPtrNewRangeNodeObject__internal_alias
2025-09-08 16:31:30,729 - INFO - cmd: python main.py --detect --cve_id CVE-2016-4658 --target_bin /binaries/target/libxml2/libxml2-2.9.3-o2-libxml2 --vul_func_name xmlXPtrNewRangeNodeObject__internal_alias --project libxml2
2025-09-08 16:31:35,961 - INFO - success CVE-2016-4658,details in cve_test/CVE-2016-4658.log

2025-09-08 16:31:35,962 - INFO - detecting CVE-2016-4658 xmlXPtrNewRangeNodeObject__internal_alias
2025-09-08 16:31:35,962 - INFO - cmd: python main.py --detect --cve_id CVE-2016-4658 --target_bin /binaries/target/libxml2/libxml2-2.9.2-o2-libxml2 --vul_func_name xmlXPtrNewRangeNodeObject__internal_alias --project libxml2
2025-09-08 16:31:40,745 - INFO - success CVE-2016-4658,details in cve_test/CVE-2016-4658.log

2025-09-08 16:31:40,745 - INFO - detecting CVE-2016-4658 xmlXPtrNewRangeNodeObject__internal_alias
2025-09-08 16:31:40,745 - INFO - cmd: python main.py --detect --cve_id CVE-2016-4658 --target_bin /binaries/target/libxml2/libxml2-2.9.5-rc1-o2-libxml2 --vul_func_name xmlXPtrNewRangeNodeObject__internal_alias --project libxml2
2025-09-08 16:31:45,314 - INFO - success CVE-2016-4658,details in cve_test/CVE-2016-4658.log

2025-09-08 16:31:45,315 - INFO - detecting CVE-2016-4658 xmlXPtrNewRangeNodeObject__internal_alias
2025-09-08 16:31:45,315 - INFO - cmd: python main.py --detect --cve_id CVE-2016-4658 --target_bin /binaries/target/libxml2/libxml2-2.9.5-rc2-o2-libxml2 --vul_func_name xmlXPtrNewRangeNodeObject__internal_alias --project libxml2
2025-09-08 16:31:50,532 - INFO - success CVE-2016-4658,details in cve_test/CVE-2016-4658.log

2025-09-08 16:31:50,533 - INFO - detecting CVE-2016-4658 xmlXPtrNewRangeNodeObject__internal_alias
2025-09-08 16:31:50,533 - INFO - cmd: python main.py --detect --cve_id CVE-2016-4658 --target_bin /binaries/target/libxml2/libxml2-2.9.5-o2-libxml2 --vul_func_name xmlXPtrNewRangeNodeObject__internal_alias --project libxml2
2025-09-08 16:31:55,661 - INFO - success CVE-2016-4658,details in cve_test/CVE-2016-4658.log

2025-09-08 16:31:55,662 - INFO - detecting CVE-2017-16931 xmlParseNameComplex
2025-09-08 16:31:55,662 - INFO - cmd: python main.py --detect --cve_id CVE-2017-16931 --target_bin /binaries/target/libxml2/libxml2-2.9.4-o2-libxml2 --vul_func_name xmlParseNameComplex --project libxml2
2025-09-08 16:32:00,408 - ERROR - fail CVE-2017-16931 ,details1

2025-09-08 16:32:00,409 - INFO - detecting CVE-2017-16931 xmlParseNameComplex
2025-09-08 16:32:00,409 - INFO - cmd: python main.py --detect --cve_id CVE-2017-16931 --target_bin /binaries/target/libxml2/libxml2-2.9.3-o2-libxml2 --vul_func_name xmlParseNameComplex --project libxml2
2025-09-08 16:32:05,327 - ERROR - fail CVE-2017-16931 ,details1

2025-09-08 16:32:05,328 - INFO - detecting CVE-2017-16931 xmlParseNameComplex
2025-09-08 16:32:05,329 - INFO - cmd: python main.py --detect --cve_id CVE-2017-16931 --target_bin /binaries/target/libxml2/libxml2-2.9.2-o2-libxml2 --vul_func_name xmlParseNameComplex --project libxml2
2025-09-08 16:32:09,744 - ERROR - fail CVE-2017-16931 ,details1

2025-09-08 16:32:09,745 - INFO - detecting CVE-2017-16931 xmlParseNameComplex
2025-09-08 16:32:09,746 - INFO - cmd: python main.py --detect --cve_id CVE-2017-16931 --target_bin /binaries/target/libxml2/libxml2-2.9.5-rc1-o2-libxml2 --vul_func_name xmlParseNameComplex --project libxml2
2025-09-08 16:32:14,162 - ERROR - fail CVE-2017-16931 ,details1

2025-09-08 16:32:14,163 - INFO - detecting CVE-2017-16931 xmlParseNameComplex
2025-09-08 16:32:14,163 - INFO - cmd: python main.py --detect --cve_id CVE-2017-16931 --target_bin /binaries/target/libxml2/libxml2-2.9.5-rc2-o2-libxml2 --vul_func_name xmlParseNameComplex --project libxml2
2025-09-08 16:32:19,322 - ERROR - fail CVE-2017-16931 ,details1

2025-09-08 16:32:19,323 - INFO - detecting CVE-2017-16931 xmlParseNameComplex
2025-09-08 16:32:19,324 - INFO - cmd: python main.py --detect --cve_id CVE-2017-16931 --target_bin /binaries/target/libxml2/libxml2-2.9.5-o2-libxml2 --vul_func_name xmlParseNameComplex --project libxml2
2025-09-08 16:32:24,443 - ERROR - fail CVE-2017-16931 ,details1

2025-09-08 16:32:24,444 - INFO - detecting CVE-2017-5130 xmlMallocLoc__internal_alias
2025-09-08 16:32:24,444 - INFO - cmd: python main.py --detect --cve_id CVE-2017-5130 --target_bin /binaries/target/libxml2/libxml2-2.9.4-o2-libxml2 --vul_func_name xmlMallocLoc__internal_alias --project libxml2
2025-09-08 16:32:30,744 - INFO - success CVE-2017-5130,details in cve_test/CVE-2017-5130.log

2025-09-08 16:32:30,745 - INFO - detecting CVE-2017-5130 xmlMallocLoc__internal_alias
2025-09-08 16:32:30,745 - INFO - cmd: python main.py --detect --cve_id CVE-2017-5130 --target_bin /binaries/target/libxml2/libxml2-2.9.3-o2-libxml2 --vul_func_name xmlMallocLoc__internal_alias --project libxml2
2025-09-08 16:32:36,580 - INFO - success CVE-2017-5130,details in cve_test/CVE-2017-5130.log

2025-09-08 16:32:36,581 - INFO - detecting CVE-2017-5130 xmlMallocLoc__internal_alias
2025-09-08 16:32:36,582 - INFO - cmd: python main.py --detect --cve_id CVE-2017-5130 --target_bin /binaries/target/libxml2/libxml2-2.9.2-o2-libxml2 --vul_func_name xmlMallocLoc__internal_alias --project libxml2
2025-09-08 16:32:43,329 - INFO - success CVE-2017-5130,details in cve_test/CVE-2017-5130.log

2025-09-08 16:32:43,330 - INFO - detecting CVE-2017-5130 xmlMallocLoc__internal_alias
2025-09-08 16:32:43,333 - INFO - cmd: python main.py --detect --cve_id CVE-2017-5130 --target_bin /binaries/target/libxml2/libxml2-2.9.5-rc1-o2-libxml2 --vul_func_name xmlMallocLoc__internal_alias --project libxml2
2025-09-08 16:32:48,346 - INFO - success CVE-2017-5130,details in cve_test/CVE-2017-5130.log

2025-09-08 16:32:48,347 - INFO - detecting CVE-2017-5130 xmlMallocLoc__internal_alias
2025-09-08 16:32:48,347 - INFO - cmd: python main.py --detect --cve_id CVE-2017-5130 --target_bin /binaries/target/libxml2/libxml2-2.9.5-rc2-o2-libxml2 --vul_func_name xmlMallocLoc__internal_alias --project libxml2
2025-09-08 16:32:53,718 - INFO - success CVE-2017-5130,details in cve_test/CVE-2017-5130.log

2025-09-08 16:32:53,719 - INFO - detecting CVE-2017-5130 xmlMallocLoc__internal_alias
2025-09-08 16:32:53,720 - INFO - cmd: python main.py --detect --cve_id CVE-2017-5130 --target_bin /binaries/target/libxml2/libxml2-2.9.5-o2-libxml2 --vul_func_name xmlMallocLoc__internal_alias --project libxml2
2025-09-08 16:32:59,342 - INFO - success CVE-2017-5130,details in cve_test/CVE-2017-5130.log

2025-09-08 16:32:59,343 - INFO - detecting CVE-2017-5130 xmlMemStrdupLoc__internal_alias
2025-09-08 16:32:59,343 - INFO - cmd: python main.py --detect --cve_id CVE-2017-5130 --target_bin /binaries/target/libxml2/libxml2-2.9.4-o2-libxml2 --vul_func_name xmlMemStrdupLoc__internal_alias --project libxml2
2025-09-08 16:33:07,091 - INFO - success CVE-2017-5130,details in cve_test/CVE-2017-5130.log

2025-09-08 16:33:07,093 - INFO - detecting CVE-2017-5130 xmlMemStrdupLoc__internal_alias
2025-09-08 16:33:07,093 - INFO - cmd: python main.py --detect --cve_id CVE-2017-5130 --target_bin /binaries/target/libxml2/libxml2-2.9.3-o2-libxml2 --vul_func_name xmlMemStrdupLoc__internal_alias --project libxml2
2025-09-08 16:33:15,839 - INFO - success CVE-2017-5130,details in cve_test/CVE-2017-5130.log

2025-09-08 16:33:15,839 - INFO - detecting CVE-2017-5130 xmlMemStrdupLoc__internal_alias
2025-09-08 16:33:15,840 - INFO - cmd: python main.py --detect --cve_id CVE-2017-5130 --target_bin /binaries/target/libxml2/libxml2-2.9.2-o2-libxml2 --vul_func_name xmlMemStrdupLoc__internal_alias --project libxml2
2025-09-08 16:33:23,513 - INFO - success CVE-2017-5130,details in cve_test/CVE-2017-5130.log

2025-09-08 16:33:23,514 - INFO - detecting CVE-2017-5130 xmlMemStrdupLoc__internal_alias
2025-09-08 16:33:23,514 - INFO - cmd: python main.py --detect --cve_id CVE-2017-5130 --target_bin /binaries/target/libxml2/libxml2-2.9.5-rc1-o2-libxml2 --vul_func_name xmlMemStrdupLoc__internal_alias --project libxml2
2025-09-08 16:33:31,328 - INFO - success CVE-2017-5130,details in cve_test/CVE-2017-5130.log

2025-09-08 16:33:31,329 - INFO - detecting CVE-2017-5130 xmlMemStrdupLoc__internal_alias
2025-09-08 16:33:31,329 - INFO - cmd: python main.py --detect --cve_id CVE-2017-5130 --target_bin /binaries/target/libxml2/libxml2-2.9.5-rc2-o2-libxml2 --vul_func_name xmlMemStrdupLoc__internal_alias --project libxml2
2025-09-08 16:33:40,345 - INFO - success CVE-2017-5130,details in cve_test/CVE-2017-5130.log

2025-09-08 16:33:40,346 - INFO - detecting CVE-2017-5130 xmlMemStrdupLoc__internal_alias
2025-09-08 16:33:40,347 - INFO - cmd: python main.py --detect --cve_id CVE-2017-5130 --target_bin /binaries/target/libxml2/libxml2-2.9.5-o2-libxml2 --vul_func_name xmlMemStrdupLoc__internal_alias --project libxml2
2025-09-08 16:33:48,823 - INFO - success CVE-2017-5130,details in cve_test/CVE-2017-5130.log

2025-09-08 16:33:48,824 - INFO - detecting CVE-2022-23308 xmlValidCtxtNormalizeAttributeValue__internal_alias
2025-09-08 16:33:48,824 - INFO - cmd: python main.py --detect --cve_id CVE-2022-23308 --target_bin /binaries/target/libxml2/libxml2-2.9.11-o2-libxml2 --vul_func_name xmlValidCtxtNormalizeAttributeValue__internal_alias --project libxml2
2025-09-08 16:33:55,219 - INFO - success CVE-2022-23308,details in cve_test/CVE-2022-23308.log

2025-09-08 16:33:55,220 - INFO - detecting CVE-2022-23308 xmlValidCtxtNormalizeAttributeValue__internal_alias
2025-09-08 16:33:55,220 - INFO - cmd: python main.py --detect --cve_id CVE-2022-23308 --target_bin /binaries/target/libxml2/libxml2-2.9.12-o2-libxml2 --vul_func_name xmlValidCtxtNormalizeAttributeValue__internal_alias --project libxml2
2025-09-08 16:34:01,198 - INFO - success CVE-2022-23308,details in cve_test/CVE-2022-23308.log

2025-09-08 16:34:01,199 - INFO - detecting CVE-2022-23308 xmlValidCtxtNormalizeAttributeValue__internal_alias
2025-09-08 16:34:01,199 - INFO - cmd: python main.py --detect --cve_id CVE-2022-23308 --target_bin /binaries/target/libxml2/libxml2-2.9.10-o2-libxml2 --vul_func_name xmlValidCtxtNormalizeAttributeValue__internal_alias --project libxml2
2025-09-08 16:34:06,891 - INFO - success CVE-2022-23308,details in cve_test/CVE-2022-23308.log

2025-09-08 16:34:06,892 - INFO - detecting CVE-2022-23308 xmlValidCtxtNormalizeAttributeValue__internal_alias
2025-09-08 16:34:06,892 - INFO - cmd: python main.py --detect --cve_id CVE-2022-23308 --target_bin /binaries/target/libxml2/libxml2-2.9.13-o2-libxml2 --vul_func_name xmlValidCtxtNormalizeAttributeValue__internal_alias --project libxml2
2025-09-08 16:34:13,022 - INFO - success CVE-2022-23308,details in cve_test/CVE-2022-23308.log

2025-09-08 16:34:13,023 - INFO - detecting CVE-2022-23308 xmlValidCtxtNormalizeAttributeValue__internal_alias
2025-09-08 16:34:13,024 - INFO - cmd: python main.py --detect --cve_id CVE-2022-23308 --target_bin /binaries/target/libxml2/libxml2-2.9.14-o2-libxml2 --vul_func_name xmlValidCtxtNormalizeAttributeValue__internal_alias --project libxml2
2025-09-08 16:34:18,890 - INFO - success CVE-2022-23308,details in cve_test/CVE-2022-23308.log

2025-09-08 16:34:18,891 - INFO - detecting CVE-2022-23308 xmlValidCtxtNormalizeAttributeValue__internal_alias
2025-09-08 16:34:18,892 - INFO - cmd: python main.py --detect --cve_id CVE-2022-23308 --target_bin /binaries/target/libxml2/libxml2-2.10.0-o2-libxml2 --vul_func_name xmlValidCtxtNormalizeAttributeValue__internal_alias --project libxml2
2025-09-08 16:34:24,064 - ERROR - fail CVE-2022-23308 ,details1

2025-09-08 16:34:24,065 - INFO - detecting CVE-2022-23308 xmlValidNormalizeAttributeValue__internal_alias
2025-09-08 16:34:24,066 - INFO - cmd: python main.py --detect --cve_id CVE-2022-23308 --target_bin /binaries/target/libxml2/libxml2-2.9.11-o2-libxml2 --vul_func_name xmlValidNormalizeAttributeValue__internal_alias --project libxml2
2025-09-08 16:34:29,942 - INFO - success CVE-2022-23308,details in cve_test/CVE-2022-23308.log

2025-09-08 16:34:29,943 - INFO - detecting CVE-2022-23308 xmlValidNormalizeAttributeValue__internal_alias
2025-09-08 16:34:29,944 - INFO - cmd: python main.py --detect --cve_id CVE-2022-23308 --target_bin /binaries/target/libxml2/libxml2-2.9.12-o2-libxml2 --vul_func_name xmlValidNormalizeAttributeValue__internal_alias --project libxml2
2025-09-08 16:34:35,618 - INFO - success CVE-2022-23308,details in cve_test/CVE-2022-23308.log

2025-09-08 16:34:35,619 - INFO - detecting CVE-2022-23308 xmlValidNormalizeAttributeValue__internal_alias
2025-09-08 16:34:35,620 - INFO - cmd: python main.py --detect --cve_id CVE-2022-23308 --target_bin /binaries/target/libxml2/libxml2-2.9.10-o2-libxml2 --vul_func_name xmlValidNormalizeAttributeValue__internal_alias --project libxml2
2025-09-08 16:34:40,862 - INFO - success CVE-2022-23308,details in cve_test/CVE-2022-23308.log

2025-09-08 16:34:40,863 - INFO - detecting CVE-2022-23308 xmlValidNormalizeAttributeValue__internal_alias
2025-09-08 16:34:40,863 - INFO - cmd: python main.py --detect --cve_id CVE-2022-23308 --target_bin /binaries/target/libxml2/libxml2-2.9.13-o2-libxml2 --vul_func_name xmlValidNormalizeAttributeValue__internal_alias --project libxml2
2025-09-08 16:34:46,651 - INFO - success CVE-2022-23308,details in cve_test/CVE-2022-23308.log

2025-09-08 16:34:46,652 - INFO - detecting CVE-2022-23308 xmlValidNormalizeAttributeValue__internal_alias
2025-09-08 16:34:46,653 - INFO - cmd: python main.py --detect --cve_id CVE-2022-23308 --target_bin /binaries/target/libxml2/libxml2-2.9.14-o2-libxml2 --vul_func_name xmlValidNormalizeAttributeValue__internal_alias --project libxml2
2025-09-08 16:34:52,356 - INFO - success CVE-2022-23308,details in cve_test/CVE-2022-23308.log

2025-09-08 16:34:52,357 - INFO - detecting CVE-2022-23308 xmlValidNormalizeAttributeValue__internal_alias
2025-09-08 16:34:52,358 - INFO - cmd: python main.py --detect --cve_id CVE-2022-23308 --target_bin /binaries/target/libxml2/libxml2-2.10.0-o2-libxml2 --vul_func_name xmlValidNormalizeAttributeValue__internal_alias --project libxml2
2025-09-08 16:34:57,826 - ERROR - fail CVE-2022-23308 ,details1

2025-09-08 16:34:57,827 - INFO - detecting CVE-2022-29824 xmlBufferCreateSize__internal_alias
2025-09-08 16:34:57,828 - INFO - cmd: python main.py --detect --cve_id CVE-2022-29824 --target_bin /binaries/target/libxml2/libxml2-2.9.13-o2-libxml2 --vul_func_name xmlBufferCreateSize__internal_alias --project libxml2
2025-09-08 16:35:05,022 - INFO - success CVE-2022-29824,details in cve_test/CVE-2022-29824.log

2025-09-08 16:35:05,025 - INFO - detecting CVE-2022-29824 xmlBufferCreateSize__internal_alias
2025-09-08 16:35:05,025 - INFO - cmd: python main.py --detect --cve_id CVE-2022-29824 --target_bin /binaries/target/libxml2/libxml2-2.9.11-o2-libxml2 --vul_func_name xmlBufferCreateSize__internal_alias --project libxml2
2025-09-08 16:35:12,080 - INFO - success CVE-2022-29824,details in cve_test/CVE-2022-29824.log

2025-09-08 16:35:12,081 - INFO - detecting CVE-2022-29824 xmlBufferCreateSize__internal_alias
2025-09-08 16:35:12,082 - INFO - cmd: python main.py --detect --cve_id CVE-2022-29824 --target_bin /binaries/target/libxml2/libxml2-2.9.12-o2-libxml2 --vul_func_name xmlBufferCreateSize__internal_alias --project libxml2
2025-09-08 16:35:19,804 - INFO - success CVE-2022-29824,details in cve_test/CVE-2022-29824.log

2025-09-08 16:35:19,805 - INFO - detecting CVE-2022-29824 xmlBufferCreateSize__internal_alias
2025-09-08 16:35:19,805 - INFO - cmd: python main.py --detect --cve_id CVE-2022-29824 --target_bin /binaries/target/libxml2/libxml2-2.10.0-o2-libxml2 --vul_func_name xmlBufferCreateSize__internal_alias --project libxml2
2025-09-08 16:35:25,343 - ERROR - fail CVE-2022-29824 ,details1

2025-09-08 16:35:25,344 - INFO - detecting CVE-2022-29824 xmlBufferCreateSize__internal_alias
2025-09-08 16:35:25,344 - INFO - cmd: python main.py --detect --cve_id CVE-2022-29824 --target_bin /binaries/target/libxml2/libxml2-2.10.1-o2-libxml2 --vul_func_name xmlBufferCreateSize__internal_alias --project libxml2
2025-09-08 16:35:31,130 - ERROR - fail CVE-2022-29824 ,details1

2025-09-08 16:35:31,131 - INFO - detecting CVE-2022-29824 xmlBufferCreateSize__internal_alias
2025-09-08 16:35:31,133 - INFO - cmd: python main.py --detect --cve_id CVE-2022-29824 --target_bin /binaries/target/libxml2/libxml2-2.10.2-o2-libxml2 --vul_func_name xmlBufferCreateSize__internal_alias --project libxml2
2025-09-08 16:35:36,943 - ERROR - fail CVE-2022-29824 ,details1

2025-09-08 16:35:36,944 - INFO - detecting CVE-2022-29824 xmlBufCreateSize
2025-09-08 16:35:36,944 - INFO - cmd: python main.py --detect --cve_id CVE-2022-29824 --target_bin /binaries/target/libxml2/libxml2-2.9.13-o2-libxml2 --vul_func_name xmlBufCreateSize --project libxml2
2025-09-08 16:35:43,898 - INFO - success CVE-2022-29824,details in cve_test/CVE-2022-29824.log

2025-09-08 16:35:43,899 - INFO - detecting CVE-2022-29824 xmlBufCreateSize
2025-09-08 16:35:43,900 - INFO - cmd: python main.py --detect --cve_id CVE-2022-29824 --target_bin /binaries/target/libxml2/libxml2-2.9.11-o2-libxml2 --vul_func_name xmlBufCreateSize --project libxml2
2025-09-08 16:35:51,259 - INFO - success CVE-2022-29824,details in cve_test/CVE-2022-29824.log

2025-09-08 16:35:51,260 - INFO - detecting CVE-2022-29824 xmlBufCreateSize
2025-09-08 16:35:51,260 - INFO - cmd: python main.py --detect --cve_id CVE-2022-29824 --target_bin /binaries/target/libxml2/libxml2-2.9.12-o2-libxml2 --vul_func_name xmlBufCreateSize --project libxml2
2025-09-08 16:35:57,927 - INFO - success CVE-2022-29824,details in cve_test/CVE-2022-29824.log

2025-09-08 16:35:57,927 - INFO - detecting CVE-2022-29824 xmlBufCreateSize
2025-09-08 16:35:57,928 - INFO - cmd: python main.py --detect --cve_id CVE-2022-29824 --target_bin /binaries/target/libxml2/libxml2-2.10.0-o2-libxml2 --vul_func_name xmlBufCreateSize --project libxml2
2025-09-08 16:36:03,386 - INFO - success CVE-2022-29824,details in cve_test/CVE-2022-29824.log

2025-09-08 16:36:03,387 - INFO - detecting CVE-2022-29824 xmlBufCreateSize
2025-09-08 16:36:03,387 - INFO - cmd: python main.py --detect --cve_id CVE-2022-29824 --target_bin /binaries/target/libxml2/libxml2-2.10.1-o2-libxml2 --vul_func_name xmlBufCreateSize --project libxml2
2025-09-08 16:36:10,064 - INFO - success CVE-2022-29824,details in cve_test/CVE-2022-29824.log

2025-09-08 16:36:10,065 - INFO - detecting CVE-2022-29824 xmlBufCreateSize
2025-09-08 16:36:10,066 - INFO - cmd: python main.py --detect --cve_id CVE-2022-29824 --target_bin /binaries/target/libxml2/libxml2-2.10.2-o2-libxml2 --vul_func_name xmlBufCreateSize --project libxml2
2025-09-08 16:36:16,054 - INFO - success CVE-2022-29824,details in cve_test/CVE-2022-29824.log

2025-09-08 16:36:16,055 - INFO - detecting CVE-2022-40303 xmlParseCDSect
2025-09-08 16:36:16,055 - INFO - cmd: python main.py --detect --cve_id CVE-2022-40303 --target_bin /binaries/target/libxml2/libxml2-2.10.2-o2-libxml2 --vul_func_name xmlParseCDSect --project libxml2
2025-09-08 16:36:24,082 - INFO - success CVE-2022-40303,details in cve_test/CVE-2022-40303.log

2025-09-08 16:36:24,084 - INFO - detecting CVE-2022-40303 xmlParseCDSect
2025-09-08 16:36:24,084 - INFO - cmd: python main.py --detect --cve_id CVE-2022-40303 --target_bin /binaries/target/libxml2/libxml2-2.10.1-o2-libxml2 --vul_func_name xmlParseCDSect --project libxml2
2025-09-08 16:36:32,163 - INFO - success CVE-2022-40303,details in cve_test/CVE-2022-40303.log

2025-09-08 16:36:32,164 - INFO - detecting CVE-2022-40303 xmlParseCDSect
2025-09-08 16:36:32,164 - INFO - cmd: python main.py --detect --cve_id CVE-2022-40303 --target_bin /binaries/target/libxml2/libxml2-2.10.0-o2-libxml2 --vul_func_name xmlParseCDSect --project libxml2
2025-09-08 16:36:40,127 - INFO - success CVE-2022-40303,details in cve_test/CVE-2022-40303.log

2025-09-08 16:36:40,128 - INFO - detecting CVE-2022-40303 xmlParseCDSect
2025-09-08 16:36:40,131 - INFO - cmd: python main.py --detect --cve_id CVE-2022-40303 --target_bin /binaries/target/libxml2/libxml2-2.10.4-o2-libxml2 --vul_func_name xmlParseCDSect --project libxml2
2025-09-08 16:36:48,543 - INFO - success CVE-2022-40303,details in cve_test/CVE-2022-40303.log

2025-09-08 16:36:48,544 - INFO - detecting CVE-2022-40303 xmlParseCDSect
2025-09-08 16:36:48,545 - INFO - cmd: python main.py --detect --cve_id CVE-2022-40303 --target_bin /binaries/target/libxml2/libxml2-2.11.0-o2-libxml2 --vul_func_name xmlParseCDSect --project libxml2
2025-09-08 16:36:56,143 - INFO - success CVE-2022-40303,details in cve_test/CVE-2022-40303.log

2025-09-08 16:36:56,143 - INFO - detecting CVE-2022-40303 xmlParseCDSect
2025-09-08 16:36:56,144 - INFO - cmd: python main.py --detect --cve_id CVE-2022-40303 --target_bin /binaries/target/libxml2/libxml2-2.11.1-o2-libxml2 --vul_func_name xmlParseCDSect --project libxml2
2025-09-08 16:37:04,257 - INFO - success CVE-2022-40303,details in cve_test/CVE-2022-40303.log

2025-09-08 16:37:04,258 - INFO - detecting CVE-2022-40303 xmlParseStringName
2025-09-08 16:37:04,258 - INFO - cmd: python main.py --detect --cve_id CVE-2022-40303 --target_bin /binaries/target/libxml2/libxml2-2.10.2-o2-libxml2 --vul_func_name xmlParseStringName --project libxml2
2025-09-08 16:37:14,331 - INFO - success CVE-2022-40303,details in cve_test/CVE-2022-40303.log

2025-09-08 16:37:14,332 - INFO - detecting CVE-2022-40303 xmlParseStringName
2025-09-08 16:37:14,332 - INFO - cmd: python main.py --detect --cve_id CVE-2022-40303 --target_bin /binaries/target/libxml2/libxml2-2.10.1-o2-libxml2 --vul_func_name xmlParseStringName --project libxml2
2025-09-08 16:37:25,284 - INFO - success CVE-2022-40303,details in cve_test/CVE-2022-40303.log

2025-09-08 16:37:25,285 - INFO - detecting CVE-2022-40303 xmlParseStringName
2025-09-08 16:37:25,286 - INFO - cmd: python main.py --detect --cve_id CVE-2022-40303 --target_bin /binaries/target/libxml2/libxml2-2.10.0-o2-libxml2 --vul_func_name xmlParseStringName --project libxml2
2025-09-08 16:37:35,873 - INFO - success CVE-2022-40303,details in cve_test/CVE-2022-40303.log

2025-09-08 16:37:35,874 - INFO - detecting CVE-2022-40303 xmlParseStringName
2025-09-08 16:37:35,874 - INFO - cmd: python main.py --detect --cve_id CVE-2022-40303 --target_bin /binaries/target/libxml2/libxml2-2.10.4-o2-libxml2 --vul_func_name xmlParseStringName --project libxml2
2025-09-08 16:37:46,678 - INFO - success CVE-2022-40303,details in cve_test/CVE-2022-40303.log

2025-09-08 16:37:46,679 - INFO - detecting CVE-2022-40303 xmlParseStringName
2025-09-08 16:37:46,679 - INFO - cmd: python main.py --detect --cve_id CVE-2022-40303 --target_bin /binaries/target/libxml2/libxml2-2.11.0-o2-libxml2 --vul_func_name xmlParseStringName --project libxml2
2025-09-08 16:37:57,701 - INFO - success CVE-2022-40303,details in cve_test/CVE-2022-40303.log

2025-09-08 16:37:57,702 - INFO - detecting CVE-2022-40303 xmlParseStringName
2025-09-08 16:37:57,703 - INFO - cmd: python main.py --detect --cve_id CVE-2022-40303 --target_bin /binaries/target/libxml2/libxml2-2.11.1-o2-libxml2 --vul_func_name xmlParseStringName --project libxml2
2025-09-08 16:38:08,082 - INFO - success CVE-2022-40303,details in cve_test/CVE-2022-40303.log

2025-09-08 16:38:08,084 - INFO - detecting CVE-2022-40303 xmlParseEntityValue
2025-09-08 16:38:08,084 - INFO - cmd: python main.py --detect --cve_id CVE-2022-40303 --target_bin /binaries/target/libxml2/libxml2-2.10.2-o2-libxml2 --vul_func_name xmlParseEntityValue --project libxml2
2025-09-08 16:38:15,682 - INFO - success CVE-2022-40303,details in cve_test/CVE-2022-40303.log

2025-09-08 16:38:15,683 - INFO - detecting CVE-2022-40303 xmlParseEntityValue
2025-09-08 16:38:15,683 - INFO - cmd: python main.py --detect --cve_id CVE-2022-40303 --target_bin /binaries/target/libxml2/libxml2-2.10.1-o2-libxml2 --vul_func_name xmlParseEntityValue --project libxml2
2025-09-08 16:38:24,500 - INFO - success CVE-2022-40303,details in cve_test/CVE-2022-40303.log

2025-09-08 16:38:24,500 - INFO - detecting CVE-2022-40303 xmlParseEntityValue
2025-09-08 16:38:24,501 - INFO - cmd: python main.py --detect --cve_id CVE-2022-40303 --target_bin /binaries/target/libxml2/libxml2-2.10.0-o2-libxml2 --vul_func_name xmlParseEntityValue --project libxml2
2025-09-08 16:38:32,168 - INFO - success CVE-2022-40303,details in cve_test/CVE-2022-40303.log

2025-09-08 16:38:32,169 - INFO - detecting CVE-2022-40303 xmlParseEntityValue
2025-09-08 16:38:32,169 - INFO - cmd: python main.py --detect --cve_id CVE-2022-40303 --target_bin /binaries/target/libxml2/libxml2-2.10.4-o2-libxml2 --vul_func_name xmlParseEntityValue --project libxml2
2025-09-08 16:38:41,199 - INFO - success CVE-2022-40303,details in cve_test/CVE-2022-40303.log

2025-09-08 16:38:41,199 - INFO - detecting CVE-2022-40303 xmlParseEntityValue
2025-09-08 16:38:41,200 - INFO - cmd: python main.py --detect --cve_id CVE-2022-40303 --target_bin /binaries/target/libxml2/libxml2-2.11.0-o2-libxml2 --vul_func_name xmlParseEntityValue --project libxml2
2025-09-08 16:38:49,885 - INFO - success CVE-2022-40303,details in cve_test/CVE-2022-40303.log

2025-09-08 16:38:49,886 - INFO - detecting CVE-2022-40303 xmlParseEntityValue
2025-09-08 16:38:49,886 - INFO - cmd: python main.py --detect --cve_id CVE-2022-40303 --target_bin /binaries/target/libxml2/libxml2-2.11.1-o2-libxml2 --vul_func_name xmlParseEntityValue --project libxml2
2025-09-08 16:38:57,922 - INFO - success CVE-2022-40303,details in cve_test/CVE-2022-40303.log

2025-09-08 16:38:57,923 - INFO - detecting CVE-2022-40303 xmlParseNCNameComplex
2025-09-08 16:38:57,923 - INFO - cmd: python main.py --detect --cve_id CVE-2022-40303 --target_bin /binaries/target/libxml2/libxml2-2.10.2-o2-libxml2 --vul_func_name xmlParseNCNameComplex --project libxml2
2025-09-08 16:39:03,364 - ERROR - fail CVE-2022-40303 ,details1

2025-09-08 16:39:03,365 - INFO - detecting CVE-2022-40303 xmlParseNCNameComplex
2025-09-08 16:39:03,365 - INFO - cmd: python main.py --detect --cve_id CVE-2022-40303 --target_bin /binaries/target/libxml2/libxml2-2.10.1-o2-libxml2 --vul_func_name xmlParseNCNameComplex --project libxml2
2025-09-08 16:39:08,378 - ERROR - fail CVE-2022-40303 ,details1

2025-09-08 16:39:08,379 - INFO - detecting CVE-2022-40303 xmlParseNCNameComplex
2025-09-08 16:39:08,379 - INFO - cmd: python main.py --detect --cve_id CVE-2022-40303 --target_bin /binaries/target/libxml2/libxml2-2.10.0-o2-libxml2 --vul_func_name xmlParseNCNameComplex --project libxml2
2025-09-08 16:39:13,300 - ERROR - fail CVE-2022-40303 ,details1

2025-09-08 16:39:13,301 - INFO - detecting CVE-2022-40303 xmlParseNCNameComplex
2025-09-08 16:39:13,301 - INFO - cmd: python main.py --detect --cve_id CVE-2022-40303 --target_bin /binaries/target/libxml2/libxml2-2.10.4-o2-libxml2 --vul_func_name xmlParseNCNameComplex --project libxml2
2025-09-08 16:39:18,674 - ERROR - fail CVE-2022-40303 ,details1

2025-09-08 16:39:18,675 - INFO - detecting CVE-2022-40303 xmlParseNCNameComplex
2025-09-08 16:39:18,676 - INFO - cmd: python main.py --detect --cve_id CVE-2022-40303 --target_bin /binaries/target/libxml2/libxml2-2.11.0-o2-libxml2 --vul_func_name xmlParseNCNameComplex --project libxml2
2025-09-08 16:39:24,118 - ERROR - fail CVE-2022-40303 ,details1

2025-09-08 16:39:24,119 - INFO - detecting CVE-2022-40303 xmlParseNCNameComplex
2025-09-08 16:39:24,119 - INFO - cmd: python main.py --detect --cve_id CVE-2022-40303 --target_bin /binaries/target/libxml2/libxml2-2.11.1-o2-libxml2 --vul_func_name xmlParseNCNameComplex --project libxml2
2025-09-08 16:39:29,575 - ERROR - fail CVE-2022-40303 ,details1

2025-09-08 16:39:29,576 - INFO - detecting CVE-2022-40303 xmlParseNameComplex
2025-09-08 16:39:29,576 - INFO - cmd: python main.py --detect --cve_id CVE-2022-40303 --target_bin /binaries/target/libxml2/libxml2-2.10.2-o2-libxml2 --vul_func_name xmlParseNameComplex --project libxml2
2025-09-08 16:39:34,633 - ERROR - fail CVE-2022-40303 ,details1

2025-09-08 16:39:34,634 - INFO - detecting CVE-2022-40303 xmlParseNameComplex
2025-09-08 16:39:34,634 - INFO - cmd: python main.py --detect --cve_id CVE-2022-40303 --target_bin /binaries/target/libxml2/libxml2-2.10.1-o2-libxml2 --vul_func_name xmlParseNameComplex --project libxml2
2025-09-08 16:39:40,027 - ERROR - fail CVE-2022-40303 ,details1

2025-09-08 16:39:40,028 - INFO - detecting CVE-2022-40303 xmlParseNameComplex
2025-09-08 16:39:40,028 - INFO - cmd: python main.py --detect --cve_id CVE-2022-40303 --target_bin /binaries/target/libxml2/libxml2-2.10.0-o2-libxml2 --vul_func_name xmlParseNameComplex --project libxml2
2025-09-08 16:39:45,525 - ERROR - fail CVE-2022-40303 ,details1

2025-09-08 16:39:45,525 - INFO - detecting CVE-2022-40303 xmlParseNameComplex
2025-09-08 16:39:45,526 - INFO - cmd: python main.py --detect --cve_id CVE-2022-40303 --target_bin /binaries/target/libxml2/libxml2-2.10.4-o2-libxml2 --vul_func_name xmlParseNameComplex --project libxml2
2025-09-08 16:39:51,295 - ERROR - fail CVE-2022-40303 ,details1

2025-09-08 16:39:51,295 - INFO - detecting CVE-2022-40303 xmlParseNameComplex
2025-09-08 16:39:51,296 - INFO - cmd: python main.py --detect --cve_id CVE-2022-40303 --target_bin /binaries/target/libxml2/libxml2-2.11.0-o2-libxml2 --vul_func_name xmlParseNameComplex --project libxml2
2025-09-08 16:39:56,730 - ERROR - fail CVE-2022-40303 ,details1

2025-09-08 16:39:56,731 - INFO - detecting CVE-2022-40303 xmlParseNameComplex
2025-09-08 16:39:56,731 - INFO - cmd: python main.py --detect --cve_id CVE-2022-40303 --target_bin /binaries/target/libxml2/libxml2-2.11.1-o2-libxml2 --vul_func_name xmlParseNameComplex --project libxml2
2025-09-08 16:40:02,062 - ERROR - fail CVE-2022-40303 ,details1

2025-09-08 16:40:02,063 - INFO - detecting CVE-2022-40303 xmlParseSystemLiteral
2025-09-08 16:40:02,064 - INFO - cmd: python main.py --detect --cve_id CVE-2022-40303 --target_bin /binaries/target/libxml2/libxml2-2.10.2-o2-libxml2 --vul_func_name xmlParseSystemLiteral --project libxml2
2025-09-08 16:40:13,795 - INFO - success CVE-2022-40303,details in cve_test/CVE-2022-40303.log

2025-09-08 16:40:13,796 - INFO - detecting CVE-2022-40303 xmlParseSystemLiteral
2025-09-08 16:40:13,796 - INFO - cmd: python main.py --detect --cve_id CVE-2022-40303 --target_bin /binaries/target/libxml2/libxml2-2.10.1-o2-libxml2 --vul_func_name xmlParseSystemLiteral --project libxml2
2025-09-08 16:40:24,781 - INFO - success CVE-2022-40303,details in cve_test/CVE-2022-40303.log

2025-09-08 16:40:24,784 - INFO - detecting CVE-2022-40303 xmlParseSystemLiteral
2025-09-08 16:40:24,784 - INFO - cmd: python main.py --detect --cve_id CVE-2022-40303 --target_bin /binaries/target/libxml2/libxml2-2.10.0-o2-libxml2 --vul_func_name xmlParseSystemLiteral --project libxml2
2025-09-08 16:40:35,707 - INFO - success CVE-2022-40303,details in cve_test/CVE-2022-40303.log

2025-09-08 16:40:35,708 - INFO - detecting CVE-2022-40303 xmlParseSystemLiteral
2025-09-08 16:40:35,708 - INFO - cmd: python main.py --detect --cve_id CVE-2022-40303 --target_bin /binaries/target/libxml2/libxml2-2.10.4-o2-libxml2 --vul_func_name xmlParseSystemLiteral --project libxml2
2025-09-08 16:40:47,152 - INFO - success CVE-2022-40303,details in cve_test/CVE-2022-40303.log

2025-09-08 16:40:47,153 - INFO - detecting CVE-2022-40303 xmlParseSystemLiteral
2025-09-08 16:40:47,153 - INFO - cmd: python main.py --detect --cve_id CVE-2022-40303 --target_bin /binaries/target/libxml2/libxml2-2.11.0-o2-libxml2 --vul_func_name xmlParseSystemLiteral --project libxml2
2025-09-08 16:40:56,623 - INFO - success CVE-2022-40303,details in cve_test/CVE-2022-40303.log

2025-09-08 16:40:56,624 - INFO - detecting CVE-2022-40303 xmlParseSystemLiteral
2025-09-08 16:40:56,624 - INFO - cmd: python main.py --detect --cve_id CVE-2022-40303 --target_bin /binaries/target/libxml2/libxml2-2.11.1-o2-libxml2 --vul_func_name xmlParseSystemLiteral --project libxml2
2025-09-08 16:41:05,899 - INFO - success CVE-2022-40303,details in cve_test/CVE-2022-40303.log

2025-09-08 16:41:05,900 - INFO - detecting CVE-2022-40303 xmlParseAttValueInternal
2025-09-08 16:41:05,901 - INFO - cmd: python main.py --detect --cve_id CVE-2022-40303 --target_bin /binaries/target/libxml2/libxml2-2.10.2-o2-libxml2 --vul_func_name xmlParseAttValueInternal --project libxml2
2025-09-08 16:41:17,758 - INFO - success CVE-2022-40303,details in cve_test/CVE-2022-40303.log

2025-09-08 16:41:17,759 - INFO - detecting CVE-2022-40303 xmlParseAttValueInternal
2025-09-08 16:41:17,759 - INFO - cmd: python main.py --detect --cve_id CVE-2022-40303 --target_bin /binaries/target/libxml2/libxml2-2.10.1-o2-libxml2 --vul_func_name xmlParseAttValueInternal --project libxml2
2025-09-08 16:41:29,257 - INFO - success CVE-2022-40303,details in cve_test/CVE-2022-40303.log

2025-09-08 16:41:29,258 - INFO - detecting CVE-2022-40303 xmlParseAttValueInternal
2025-09-08 16:41:29,258 - INFO - cmd: python main.py --detect --cve_id CVE-2022-40303 --target_bin /binaries/target/libxml2/libxml2-2.10.0-o2-libxml2 --vul_func_name xmlParseAttValueInternal --project libxml2
2025-09-08 16:41:42,292 - INFO - success CVE-2022-40303,details in cve_test/CVE-2022-40303.log

2025-09-08 16:41:42,293 - INFO - detecting CVE-2022-40303 xmlParseAttValueInternal
2025-09-08 16:41:42,293 - INFO - cmd: python main.py --detect --cve_id CVE-2022-40303 --target_bin /binaries/target/libxml2/libxml2-2.10.4-o2-libxml2 --vul_func_name xmlParseAttValueInternal --project libxml2
2025-09-08 16:41:54,350 - INFO - success CVE-2022-40303,details in cve_test/CVE-2022-40303.log

2025-09-08 16:41:54,351 - INFO - detecting CVE-2022-40303 xmlParseAttValueInternal
2025-09-08 16:41:54,351 - INFO - cmd: python main.py --detect --cve_id CVE-2022-40303 --target_bin /binaries/target/libxml2/libxml2-2.11.0-o2-libxml2 --vul_func_name xmlParseAttValueInternal --project libxml2
2025-09-08 16:42:03,983 - INFO - success CVE-2022-40303,details in cve_test/CVE-2022-40303.log

2025-09-08 16:42:03,983 - INFO - detecting CVE-2022-40303 xmlParseAttValueInternal
2025-09-08 16:42:03,984 - INFO - cmd: python main.py --detect --cve_id CVE-2022-40303 --target_bin /binaries/target/libxml2/libxml2-2.11.1-o2-libxml2 --vul_func_name xmlParseAttValueInternal --project libxml2
2025-09-08 16:42:14,725 - INFO - success CVE-2022-40303,details in cve_test/CVE-2022-40303.log

2025-09-08 16:42:14,726 - INFO - detecting CVE-2022-40303 xmlParseAttValueComplex
2025-09-08 16:42:14,726 - INFO - cmd: python main.py --detect --cve_id CVE-2022-40303 --target_bin /binaries/target/libxml2/libxml2-2.10.2-o2-libxml2 --vul_func_name xmlParseAttValueComplex --project libxml2
2025-09-08 16:42:20,477 - ERROR - fail CVE-2022-40303 ,details1

2025-09-08 16:42:20,478 - INFO - detecting CVE-2022-40303 xmlParseAttValueComplex
2025-09-08 16:42:20,478 - INFO - cmd: python main.py --detect --cve_id CVE-2022-40303 --target_bin /binaries/target/libxml2/libxml2-2.10.1-o2-libxml2 --vul_func_name xmlParseAttValueComplex --project libxml2
2025-09-08 16:42:25,276 - ERROR - fail CVE-2022-40303 ,details1

2025-09-08 16:42:25,277 - INFO - detecting CVE-2022-40303 xmlParseAttValueComplex
2025-09-08 16:42:25,277 - INFO - cmd: python main.py --detect --cve_id CVE-2022-40303 --target_bin /binaries/target/libxml2/libxml2-2.10.0-o2-libxml2 --vul_func_name xmlParseAttValueComplex --project libxml2
2025-09-08 16:42:29,952 - ERROR - fail CVE-2022-40303 ,details1

2025-09-08 16:42:29,952 - INFO - detecting CVE-2022-40303 xmlParseAttValueComplex
2025-09-08 16:42:29,953 - INFO - cmd: python main.py --detect --cve_id CVE-2022-40303 --target_bin /binaries/target/libxml2/libxml2-2.10.4-o2-libxml2 --vul_func_name xmlParseAttValueComplex --project libxml2
2025-09-08 16:42:34,850 - ERROR - fail CVE-2022-40303 ,details1

2025-09-08 16:42:34,851 - INFO - detecting CVE-2022-40303 xmlParseAttValueComplex
2025-09-08 16:42:34,851 - INFO - cmd: python main.py --detect --cve_id CVE-2022-40303 --target_bin /binaries/target/libxml2/libxml2-2.11.0-o2-libxml2 --vul_func_name xmlParseAttValueComplex --project libxml2
2025-09-08 16:42:39,965 - ERROR - fail CVE-2022-40303 ,details1

2025-09-08 16:42:39,966 - INFO - detecting CVE-2022-40303 xmlParseAttValueComplex
2025-09-08 16:42:39,966 - INFO - cmd: python main.py --detect --cve_id CVE-2022-40303 --target_bin /binaries/target/libxml2/libxml2-2.11.1-o2-libxml2 --vul_func_name xmlParseAttValueComplex --project libxml2
2025-09-08 16:42:45,382 - ERROR - fail CVE-2022-40303 ,details1

2025-09-08 16:42:45,383 - INFO - detecting CVE-2022-40303 xmlParseNCName
2025-09-08 16:42:45,383 - INFO - cmd: python main.py --detect --cve_id CVE-2022-40303 --target_bin /binaries/target/libxml2/libxml2-2.10.2-o2-libxml2 --vul_func_name xmlParseNCName --project libxml2
2025-09-08 16:42:55,930 - INFO - success CVE-2022-40303,details in cve_test/CVE-2022-40303.log

2025-09-08 16:42:55,931 - INFO - detecting CVE-2022-40303 xmlParseNCName
2025-09-08 16:42:55,931 - INFO - cmd: python main.py --detect --cve_id CVE-2022-40303 --target_bin /binaries/target/libxml2/libxml2-2.10.1-o2-libxml2 --vul_func_name xmlParseNCName --project libxml2
2025-09-08 16:43:05,666 - INFO - success CVE-2022-40303,details in cve_test/CVE-2022-40303.log

2025-09-08 16:43:05,667 - INFO - detecting CVE-2022-40303 xmlParseNCName
2025-09-08 16:43:05,667 - INFO - cmd: python main.py --detect --cve_id CVE-2022-40303 --target_bin /binaries/target/libxml2/libxml2-2.10.0-o2-libxml2 --vul_func_name xmlParseNCName --project libxml2
2025-09-08 16:43:17,683 - INFO - success CVE-2022-40303,details in cve_test/CVE-2022-40303.log

2025-09-08 16:43:17,684 - INFO - detecting CVE-2022-40303 xmlParseNCName
2025-09-08 16:43:17,684 - INFO - cmd: python main.py --detect --cve_id CVE-2022-40303 --target_bin /binaries/target/libxml2/libxml2-2.10.4-o2-libxml2 --vul_func_name xmlParseNCName --project libxml2
2025-09-08 16:43:27,815 - INFO - success CVE-2022-40303,details in cve_test/CVE-2022-40303.log

2025-09-08 16:43:27,815 - INFO - detecting CVE-2022-40303 xmlParseNCName
2025-09-08 16:43:27,815 - INFO - cmd: python main.py --detect --cve_id CVE-2022-40303 --target_bin /binaries/target/libxml2/libxml2-2.11.0-o2-libxml2 --vul_func_name xmlParseNCName --project libxml2
2025-09-08 16:43:37,309 - INFO - success CVE-2022-40303,details in cve_test/CVE-2022-40303.log

2025-09-08 16:43:37,310 - INFO - detecting CVE-2022-40303 xmlParseNCName
2025-09-08 16:43:37,310 - INFO - cmd: python main.py --detect --cve_id CVE-2022-40303 --target_bin /binaries/target/libxml2/libxml2-2.11.1-o2-libxml2 --vul_func_name xmlParseNCName --project libxml2
2025-09-08 16:43:47,729 - INFO - success CVE-2022-40303,details in cve_test/CVE-2022-40303.log

2025-09-08 16:43:47,730 - INFO - detecting CVE-2022-40303 xmlParseName
2025-09-08 16:43:47,730 - INFO - cmd: python main.py --detect --cve_id CVE-2022-40303 --target_bin /binaries/target/libxml2/libxml2-2.10.2-o2-libxml2 --vul_func_name xmlParseName --project libxml2
2025-09-08 16:43:59,023 - INFO - success CVE-2022-40303,details in cve_test/CVE-2022-40303.log

2025-09-08 16:43:59,024 - INFO - detecting CVE-2022-40303 xmlParseName
2025-09-08 16:43:59,024 - INFO - cmd: python main.py --detect --cve_id CVE-2022-40303 --target_bin /binaries/target/libxml2/libxml2-2.10.1-o2-libxml2 --vul_func_name xmlParseName --project libxml2
2025-09-08 16:44:09,576 - INFO - success CVE-2022-40303,details in cve_test/CVE-2022-40303.log

2025-09-08 16:44:09,576 - INFO - detecting CVE-2022-40303 xmlParseName
2025-09-08 16:44:09,576 - INFO - cmd: python main.py --detect --cve_id CVE-2022-40303 --target_bin /binaries/target/libxml2/libxml2-2.10.0-o2-libxml2 --vul_func_name xmlParseName --project libxml2
2025-09-08 16:44:20,707 - INFO - success CVE-2022-40303,details in cve_test/CVE-2022-40303.log

2025-09-08 16:44:20,708 - INFO - detecting CVE-2022-40303 xmlParseName
2025-09-08 16:44:20,708 - INFO - cmd: python main.py --detect --cve_id CVE-2022-40303 --target_bin /binaries/target/libxml2/libxml2-2.10.4-o2-libxml2 --vul_func_name xmlParseName --project libxml2
2025-09-08 16:44:31,441 - INFO - success CVE-2022-40303,details in cve_test/CVE-2022-40303.log

2025-09-08 16:44:31,442 - INFO - detecting CVE-2022-40303 xmlParseName
2025-09-08 16:44:31,442 - INFO - cmd: python main.py --detect --cve_id CVE-2022-40303 --target_bin /binaries/target/libxml2/libxml2-2.11.0-o2-libxml2 --vul_func_name xmlParseName --project libxml2
2025-09-08 16:44:41,717 - INFO - success CVE-2022-40303,details in cve_test/CVE-2022-40303.log

2025-09-08 16:44:41,718 - INFO - detecting CVE-2022-40303 xmlParseName
2025-09-08 16:44:41,718 - INFO - cmd: python main.py --detect --cve_id CVE-2022-40303 --target_bin /binaries/target/libxml2/libxml2-2.11.1-o2-libxml2 --vul_func_name xmlParseName --project libxml2
2025-09-08 16:44:51,821 - INFO - success CVE-2022-40303,details in cve_test/CVE-2022-40303.log

2025-09-08 16:44:51,821 - INFO - detecting CVE-2022-40303 xmlParsePI
2025-09-08 16:44:51,822 - INFO - cmd: python main.py --detect --cve_id CVE-2022-40303 --target_bin /binaries/target/libxml2/libxml2-2.10.2-o2-libxml2 --vul_func_name xmlParsePI --project libxml2
2025-09-08 16:44:59,071 - INFO - success CVE-2022-40303,details in cve_test/CVE-2022-40303.log

2025-09-08 16:44:59,072 - INFO - detecting CVE-2022-40303 xmlParsePI
2025-09-08 16:44:59,073 - INFO - cmd: python main.py --detect --cve_id CVE-2022-40303 --target_bin /binaries/target/libxml2/libxml2-2.10.1-o2-libxml2 --vul_func_name xmlParsePI --project libxml2
2025-09-08 16:45:07,135 - INFO - success CVE-2022-40303,details in cve_test/CVE-2022-40303.log

2025-09-08 16:45:07,136 - INFO - detecting CVE-2022-40303 xmlParsePI
2025-09-08 16:45:07,136 - INFO - cmd: python main.py --detect --cve_id CVE-2022-40303 --target_bin /binaries/target/libxml2/libxml2-2.10.0-o2-libxml2 --vul_func_name xmlParsePI --project libxml2
2025-09-08 16:45:15,038 - INFO - success CVE-2022-40303,details in cve_test/CVE-2022-40303.log

2025-09-08 16:45:15,040 - INFO - detecting CVE-2022-40303 xmlParsePI
2025-09-08 16:45:15,040 - INFO - cmd: python main.py --detect --cve_id CVE-2022-40303 --target_bin /binaries/target/libxml2/libxml2-2.10.4-o2-libxml2 --vul_func_name xmlParsePI --project libxml2
2025-09-08 16:45:23,834 - INFO - success CVE-2022-40303,details in cve_test/CVE-2022-40303.log

2025-09-08 16:45:23,835 - INFO - detecting CVE-2022-40303 xmlParsePI
2025-09-08 16:45:23,835 - INFO - cmd: python main.py --detect --cve_id CVE-2022-40303 --target_bin /binaries/target/libxml2/libxml2-2.11.0-o2-libxml2 --vul_func_name xmlParsePI --project libxml2
2025-09-08 16:45:32,007 - INFO - success CVE-2022-40303,details in cve_test/CVE-2022-40303.log

2025-09-08 16:45:32,008 - INFO - detecting CVE-2022-40303 xmlParsePI
2025-09-08 16:45:32,009 - INFO - cmd: python main.py --detect --cve_id CVE-2022-40303 --target_bin /binaries/target/libxml2/libxml2-2.11.1-o2-libxml2 --vul_func_name xmlParsePI --project libxml2
2025-09-08 16:45:40,678 - INFO - success CVE-2022-40303,details in cve_test/CVE-2022-40303.log

2025-09-08 16:45:40,679 - INFO - detecting CVE-2022-40303 xmlParseNmtoken
2025-09-08 16:45:40,679 - INFO - cmd: python main.py --detect --cve_id CVE-2022-40303 --target_bin /binaries/target/libxml2/libxml2-2.10.2-o2-libxml2 --vul_func_name xmlParseNmtoken --project libxml2
2025-09-08 16:45:50,388 - INFO - success CVE-2022-40303,details in cve_test/CVE-2022-40303.log

2025-09-08 16:45:50,389 - INFO - detecting CVE-2022-40303 xmlParseNmtoken
2025-09-08 16:45:50,389 - INFO - cmd: python main.py --detect --cve_id CVE-2022-40303 --target_bin /binaries/target/libxml2/libxml2-2.10.1-o2-libxml2 --vul_func_name xmlParseNmtoken --project libxml2
2025-09-08 16:46:01,042 - INFO - success CVE-2022-40303,details in cve_test/CVE-2022-40303.log

2025-09-08 16:46:01,043 - INFO - detecting CVE-2022-40303 xmlParseNmtoken
2025-09-08 16:46:01,044 - INFO - cmd: python main.py --detect --cve_id CVE-2022-40303 --target_bin /binaries/target/libxml2/libxml2-2.10.0-o2-libxml2 --vul_func_name xmlParseNmtoken --project libxml2
2025-09-08 16:46:10,434 - INFO - success CVE-2022-40303,details in cve_test/CVE-2022-40303.log

2025-09-08 16:46:10,435 - INFO - detecting CVE-2022-40303 xmlParseNmtoken
2025-09-08 16:46:10,435 - INFO - cmd: python main.py --detect --cve_id CVE-2022-40303 --target_bin /binaries/target/libxml2/libxml2-2.10.4-o2-libxml2 --vul_func_name xmlParseNmtoken --project libxml2
2025-09-08 16:46:20,704 - INFO - success CVE-2022-40303,details in cve_test/CVE-2022-40303.log

2025-09-08 16:46:20,705 - INFO - detecting CVE-2022-40303 xmlParseNmtoken
2025-09-08 16:46:20,706 - INFO - cmd: python main.py --detect --cve_id CVE-2022-40303 --target_bin /binaries/target/libxml2/libxml2-2.11.0-o2-libxml2 --vul_func_name xmlParseNmtoken --project libxml2
2025-09-08 16:46:30,448 - INFO - success CVE-2022-40303,details in cve_test/CVE-2022-40303.log

2025-09-08 16:46:30,448 - INFO - detecting CVE-2022-40303 xmlParseNmtoken
2025-09-08 16:46:30,449 - INFO - cmd: python main.py --detect --cve_id CVE-2022-40303 --target_bin /binaries/target/libxml2/libxml2-2.11.1-o2-libxml2 --vul_func_name xmlParseNmtoken --project libxml2
2025-09-08 16:46:39,655 - INFO - success CVE-2022-40303,details in cve_test/CVE-2022-40303.log

2025-09-08 16:46:39,656 - INFO - detecting CVE-2022-40303 xmlParsePubidLiteral
2025-09-08 16:46:39,656 - INFO - cmd: python main.py --detect --cve_id CVE-2022-40303 --target_bin /binaries/target/libxml2/libxml2-2.10.2-o2-libxml2 --vul_func_name xmlParsePubidLiteral --project libxml2
2025-09-08 16:46:51,546 - INFO - success CVE-2022-40303,details in cve_test/CVE-2022-40303.log

2025-09-08 16:46:51,546 - INFO - detecting CVE-2022-40303 xmlParsePubidLiteral
2025-09-08 16:46:51,547 - INFO - cmd: python main.py --detect --cve_id CVE-2022-40303 --target_bin /binaries/target/libxml2/libxml2-2.10.1-o2-libxml2 --vul_func_name xmlParsePubidLiteral --project libxml2
2025-09-08 16:47:04,653 - INFO - success CVE-2022-40303,details in cve_test/CVE-2022-40303.log

2025-09-08 16:47:04,654 - INFO - detecting CVE-2022-40303 xmlParsePubidLiteral
2025-09-08 16:47:04,654 - INFO - cmd: python main.py --detect --cve_id CVE-2022-40303 --target_bin /binaries/target/libxml2/libxml2-2.10.0-o2-libxml2 --vul_func_name xmlParsePubidLiteral --project libxml2
2025-09-08 16:47:16,710 - INFO - success CVE-2022-40303,details in cve_test/CVE-2022-40303.log

2025-09-08 16:47:16,711 - INFO - detecting CVE-2022-40303 xmlParsePubidLiteral
2025-09-08 16:47:16,711 - INFO - cmd: python main.py --detect --cve_id CVE-2022-40303 --target_bin /binaries/target/libxml2/libxml2-2.10.4-o2-libxml2 --vul_func_name xmlParsePubidLiteral --project libxml2
2025-09-08 16:47:32,091 - INFO - success CVE-2022-40303,details in cve_test/CVE-2022-40303.log

2025-09-08 16:47:32,093 - INFO - detecting CVE-2022-40303 xmlParsePubidLiteral
2025-09-08 16:47:32,093 - INFO - cmd: python main.py --detect --cve_id CVE-2022-40303 --target_bin /binaries/target/libxml2/libxml2-2.11.0-o2-libxml2 --vul_func_name xmlParsePubidLiteral --project libxml2
2025-09-08 16:47:42,326 - INFO - success CVE-2022-40303,details in cve_test/CVE-2022-40303.log

2025-09-08 16:47:42,327 - INFO - detecting CVE-2022-40303 xmlParsePubidLiteral
2025-09-08 16:47:42,328 - INFO - cmd: python main.py --detect --cve_id CVE-2022-40303 --target_bin /binaries/target/libxml2/libxml2-2.11.1-o2-libxml2 --vul_func_name xmlParsePubidLiteral --project libxml2
2025-09-08 16:47:51,895 - INFO - success CVE-2022-40303,details in cve_test/CVE-2022-40303.log

2025-09-08 16:47:51,896 - INFO - detecting CVE-2022-40303 xmlParseComment
2025-09-08 16:47:51,896 - INFO - cmd: python main.py --detect --cve_id CVE-2022-40303 --target_bin /binaries/target/libxml2/libxml2-2.10.2-o2-libxml2 --vul_func_name xmlParseComment --project libxml2
2025-09-08 16:47:59,780 - INFO - success CVE-2022-40303,details in cve_test/CVE-2022-40303.log

2025-09-08 16:47:59,781 - INFO - detecting CVE-2022-40303 xmlParseComment
2025-09-08 16:47:59,781 - INFO - cmd: python main.py --detect --cve_id CVE-2022-40303 --target_bin /binaries/target/libxml2/libxml2-2.10.1-o2-libxml2 --vul_func_name xmlParseComment --project libxml2
2025-09-08 16:48:07,275 - INFO - success CVE-2022-40303,details in cve_test/CVE-2022-40303.log

2025-09-08 16:48:07,275 - INFO - detecting CVE-2022-40303 xmlParseComment
2025-09-08 16:48:07,276 - INFO - cmd: python main.py --detect --cve_id CVE-2022-40303 --target_bin /binaries/target/libxml2/libxml2-2.10.0-o2-libxml2 --vul_func_name xmlParseComment --project libxml2
2025-09-08 16:48:14,929 - INFO - success CVE-2022-40303,details in cve_test/CVE-2022-40303.log

2025-09-08 16:48:14,930 - INFO - detecting CVE-2022-40303 xmlParseComment
2025-09-08 16:48:14,930 - INFO - cmd: python main.py --detect --cve_id CVE-2022-40303 --target_bin /binaries/target/libxml2/libxml2-2.10.4-o2-libxml2 --vul_func_name xmlParseComment --project libxml2
2025-09-08 16:48:22,243 - INFO - success CVE-2022-40303,details in cve_test/CVE-2022-40303.log

2025-09-08 16:48:22,243 - INFO - detecting CVE-2022-40303 xmlParseComment
2025-09-08 16:48:22,244 - INFO - cmd: python main.py --detect --cve_id CVE-2022-40303 --target_bin /binaries/target/libxml2/libxml2-2.11.0-o2-libxml2 --vul_func_name xmlParseComment --project libxml2
2025-09-08 16:48:29,642 - INFO - success CVE-2022-40303,details in cve_test/CVE-2022-40303.log

2025-09-08 16:48:29,643 - INFO - detecting CVE-2022-40303 xmlParseComment
2025-09-08 16:48:29,643 - INFO - cmd: python main.py --detect --cve_id CVE-2022-40303 --target_bin /binaries/target/libxml2/libxml2-2.11.1-o2-libxml2 --vul_func_name xmlParseComment --project libxml2
2025-09-08 16:48:36,664 - INFO - success CVE-2022-40303,details in cve_test/CVE-2022-40303.log

2025-09-08 16:48:36,665 - INFO - detecting CVE-2022-40303 xmlParseCommentComplex
2025-09-08 16:48:36,666 - INFO - cmd: python main.py --detect --cve_id CVE-2022-40303 --target_bin /binaries/target/libxml2/libxml2-2.10.2-o2-libxml2 --vul_func_name xmlParseCommentComplex --project libxml2
2025-09-08 16:48:41,305 - ERROR - fail CVE-2022-40303 ,details1

2025-09-08 16:48:41,306 - INFO - detecting CVE-2022-40303 xmlParseCommentComplex
2025-09-08 16:48:41,306 - INFO - cmd: python main.py --detect --cve_id CVE-2022-40303 --target_bin /binaries/target/libxml2/libxml2-2.10.1-o2-libxml2 --vul_func_name xmlParseCommentComplex --project libxml2
2025-09-08 16:48:45,860 - ERROR - fail CVE-2022-40303 ,details1

2025-09-08 16:48:45,861 - INFO - detecting CVE-2022-40303 xmlParseCommentComplex
2025-09-08 16:48:45,862 - INFO - cmd: python main.py --detect --cve_id CVE-2022-40303 --target_bin /binaries/target/libxml2/libxml2-2.10.0-o2-libxml2 --vul_func_name xmlParseCommentComplex --project libxml2
2025-09-08 16:48:50,942 - ERROR - fail CVE-2022-40303 ,details1

2025-09-08 16:48:50,943 - INFO - detecting CVE-2022-40303 xmlParseCommentComplex
2025-09-08 16:48:50,943 - INFO - cmd: python main.py --detect --cve_id CVE-2022-40303 --target_bin /binaries/target/libxml2/libxml2-2.10.4-o2-libxml2 --vul_func_name xmlParseCommentComplex --project libxml2
2025-09-08 16:48:55,735 - ERROR - fail CVE-2022-40303 ,details1

2025-09-08 16:48:55,735 - INFO - detecting CVE-2022-40303 xmlParseCommentComplex
2025-09-08 16:48:55,736 - INFO - cmd: python main.py --detect --cve_id CVE-2022-40303 --target_bin /binaries/target/libxml2/libxml2-2.11.0-o2-libxml2 --vul_func_name xmlParseCommentComplex --project libxml2
2025-09-08 16:49:01,246 - ERROR - fail CVE-2022-40303 ,details1

2025-09-08 16:49:01,247 - INFO - detecting CVE-2022-40303 xmlParseCommentComplex
2025-09-08 16:49:01,247 - INFO - cmd: python main.py --detect --cve_id CVE-2022-40303 --target_bin /binaries/target/libxml2/libxml2-2.11.1-o2-libxml2 --vul_func_name xmlParseCommentComplex --project libxml2
2025-09-08 16:49:06,206 - ERROR - fail CVE-2022-40303 ,details1
