--------------------------------------------
CVE ID: CVE-2016-10506
Target Binary: /binaries/target/openjpeg/openjpeg-2.1.2-o2-openjpeg
Vulnerable Function Name: opj_pi_next_cprl
Overall Score is: -0.253
--------------------------------------------
CVE ID: CVE-2016-10506
Target Binary: /binaries/target/openjpeg/openjpeg-2.1.1-o2-openjpeg
Vulnerable Function Name: opj_pi_next_cprl
Overall Score is: -0.253
--------------------------------------------
CVE ID: CVE-2016-10506
Target Binary: /binaries/target/openjpeg/openjpeg-2.0-o2-openjpeg
Vulnerable Function Name: opj_pi_next_cprl
Overall Score is: -0.327
--------------------------------------------
CVE ID: CVE-2016-10506
Target Binary: /binaries/target/openjpeg/openjpeg-2.2.0-o2-openjpeg
Vulnerable Function Name: opj_pi_next_cprl
Overall Score is: 0.728
--------------------------------------------
CVE ID: CVE-2016-10506
Target Binary: /binaries/target/openjpeg/openjpeg-2.3.0-o2-openjpeg
Vulnerable Function Name: opj_pi_next_cprl
Overall Score is: 0.728
--------------------------------------------
CVE ID: CVE-2016-10506
Target Binary: /binaries/target/openjpeg/openjpeg-2.3.1-o2-openjpeg
Vulnerable Function Name: opj_pi_next_cprl
Overall Score is: 0.728
--------------------------------------------
CVE ID: CVE-2016-10504
Target Binary: /binaries/target/openjpeg/openjpeg-2.1.2-o2-openjpeg
Vulnerable Function Name: opj_tcd_code_block_enc_allocate_data
Overall Score is: -0.594
--------------------------------------------
CVE ID: CVE-2016-10504
Target Binary: /binaries/target/openjpeg/openjpeg-2.1.1-o2-openjpeg
Vulnerable Function Name: opj_tcd_code_block_enc_allocate_data
Overall Score is: -0.594
--------------------------------------------
CVE ID: CVE-2016-10504
Target Binary: /binaries/target/openjpeg/openjpeg-2.2.0-o2-openjpeg
Vulnerable Function Name: opj_tcd_code_block_enc_allocate_data
Overall Score is: 0.960
--------------------------------------------
CVE ID: CVE-2016-10504
Target Binary: /binaries/target/openjpeg/openjpeg-2.3.0-o2-openjpeg
Vulnerable Function Name: opj_tcd_code_block_enc_allocate_data
Overall Score is: 0.960
--------------------------------------------
CVE ID: CVE-2016-10504
Target Binary: /binaries/target/openjpeg/openjpeg-2.3.1-o2-openjpeg
Vulnerable Function Name: opj_tcd_code_block_enc_allocate_data
Overall Score is: 0.960
--------------------------------------------
CVE ID: CVE-2017-14152
Target Binary: /binaries/target/openjpeg/openjpeg-2.2.0-o2-openjpeg
Vulnerable Function Name: opj_j2k_set_cinema_parameters
Overall Score is: -0.009
--------------------------------------------
CVE ID: CVE-2017-14152
Target Binary: /binaries/target/openjpeg/openjpeg-2.3.0-o2-openjpeg
Vulnerable Function Name: opj_j2k_set_cinema_parameters
Overall Score is: 0.474
--------------------------------------------
CVE ID: CVE-2017-14152
Target Binary: /binaries/target/openjpeg/openjpeg-2.3.1-o2-openjpeg
Vulnerable Function Name: opj_j2k_set_cinema_parameters
Overall Score is: 0.474
--------------------------------------------
CVE ID: CVE-2017-14152
Target Binary: /binaries/target/openjpeg/openjpeg-2.4.0-o2-openjpeg
Vulnerable Function Name: opj_j2k_set_cinema_parameters
Overall Score is: 0.474
--------------------------------------------
CVE ID: CVE-2017-14164
Target Binary: /binaries/target/openjpeg/openjpeg-2.2.0-o2-openjpeg
Vulnerable Function Name: opj_j2k_write_all_tile_parts
Overall Score is: -0.061
--------------------------------------------
CVE ID: CVE-2017-14164
Target Binary: /binaries/target/openjpeg/openjpeg-2.1.2-o2-openjpeg
Vulnerable Function Name: opj_j2k_write_all_tile_parts
Overall Score is: -0.062
--------------------------------------------
CVE ID: CVE-2017-14164
Target Binary: /binaries/target/openjpeg/openjpeg-2.1.1-o2-openjpeg
Vulnerable Function Name: opj_j2k_write_all_tile_parts
Overall Score is: -0.062
--------------------------------------------
CVE ID: CVE-2017-14164
Target Binary: /binaries/target/openjpeg/openjpeg-2.3.0-o2-openjpeg
Vulnerable Function Name: opj_j2k_write_all_tile_parts
Overall Score is: 0.516
--------------------------------------------
CVE ID: CVE-2017-14164
Target Binary: /binaries/target/openjpeg/openjpeg-2.3.1-o2-openjpeg
Vulnerable Function Name: opj_j2k_write_all_tile_parts
Overall Score is: 0.516
--------------------------------------------
CVE ID: CVE-2017-14164
Target Binary: /binaries/target/openjpeg/openjpeg-2.4.0-o2-openjpeg
Vulnerable Function Name: opj_j2k_write_all_tile_parts
Overall Score is: 0.485