2025-09-08 16:36:56,883 - INFO - detecting CVE-2014-3572 ssl3_get_key_exchange
2025-09-08 16:36:56,883 - INFO - cmd: python main.py --detect --cve_id CVE-2014-3572 --target_bin /binaries/target/openssl/openssl-OpenSSL_1_0_1j-o2-libssl --vul_func_name ssl3_get_key_exchange --project openssl
2025-09-08 16:37:04,721 - INFO - success CVE-2014-3572,details in cve_test/CVE-2014-3572.log

2025-09-08 16:37:04,722 - INFO - detecting CVE-2014-3572 ssl3_get_key_exchange
2025-09-08 16:37:04,722 - INFO - cmd: python main.py --detect --cve_id CVE-2014-3572 --target_bin /binaries/target/openssl/openssl-OpenSSL_0_9_8zc-o2-openssl --vul_func_name ssl3_get_key_exchange --project openssl
2025-09-08 16:37:12,440 - INFO - success CVE-2014-3572,details in cve_test/CVE-2014-3572.log

2025-09-08 16:37:12,441 - INFO - detecting CVE-2014-3572 ssl3_get_key_exchange
2025-09-08 16:37:12,442 - INFO - cmd: python main.py --detect --cve_id CVE-2014-3572 --target_bin /binaries/target/openssl/openssl-OpenSSL_1_0_0o-o2-libssl --vul_func_name ssl3_get_key_exchange --project openssl
2025-09-08 16:37:18,334 - INFO - success CVE-2014-3572,details in cve_test/CVE-2014-3572.log

2025-09-08 16:37:18,335 - INFO - detecting CVE-2014-3572 ssl3_get_key_exchange
2025-09-08 16:37:18,336 - INFO - cmd: python main.py --detect --cve_id CVE-2014-3572 --target_bin /binaries/target/openssl/openssl-OpenSSL_1_0_0p-o2-libssl --vul_func_name ssl3_get_key_exchange --project openssl
2025-09-08 16:37:21,437 - ERROR - fail CVE-2014-3572 ,details1

2025-09-08 16:37:21,438 - INFO - detecting CVE-2014-3572 ssl3_get_key_exchange
2025-09-08 16:37:21,439 - INFO - cmd: python main.py --detect --cve_id CVE-2014-3572 --target_bin /binaries/target/openssl/openssl-OpenSSL_0_9_8zd-o2-openssl --vul_func_name ssl3_get_key_exchange --project openssl
2025-09-08 16:37:28,521 - INFO - success CVE-2014-3572,details in cve_test/CVE-2014-3572.log

2025-09-08 16:37:28,522 - INFO - detecting CVE-2014-3572 ssl3_get_key_exchange
2025-09-08 16:37:28,522 - INFO - cmd: python main.py --detect --cve_id CVE-2014-3572 --target_bin /binaries/target/openssl/openssl-OpenSSL_1_0_1k-o2-libssl --vul_func_name ssl3_get_key_exchange --project openssl
2025-09-08 16:37:36,129 - INFO - success CVE-2014-3572,details in cve_test/CVE-2014-3572.log

2025-09-08 16:37:36,130 - INFO - detecting CVE-2015-0206 dtls1_buffer_record
2025-09-08 16:37:36,131 - INFO - cmd: python main.py --detect --cve_id CVE-2015-0206 --target_bin /binaries/target/openssl/openssl-OpenSSL_1_0_1j-o2-libssl --vul_func_name dtls1_buffer_record --project openssl
2025-09-08 16:37:45,962 - INFO - success CVE-2015-0206,details in cve_test/CVE-2015-0206.log

2025-09-08 16:37:45,963 - INFO - detecting CVE-2015-0206 dtls1_buffer_record
2025-09-08 16:37:45,964 - INFO - cmd: python main.py --detect --cve_id CVE-2015-0206 --target_bin /binaries/target/openssl/openssl-OpenSSL_1_0_0o-o2-libssl --vul_func_name dtls1_buffer_record --project openssl
2025-09-08 16:37:56,261 - INFO - success CVE-2015-0206,details in cve_test/CVE-2015-0206.log

2025-09-08 16:37:56,263 - INFO - detecting CVE-2015-0206 dtls1_buffer_record
2025-09-08 16:37:56,263 - INFO - cmd: python main.py --detect --cve_id CVE-2015-0206 --target_bin /binaries/target/openssl/openssl-OpenSSL_0_9_8ze-o2-openssl --vul_func_name dtls1_buffer_record --project openssl
2025-09-08 16:38:07,783 - INFO - success CVE-2015-0206,details in cve_test/CVE-2015-0206.log

2025-09-08 16:38:07,784 - INFO - detecting CVE-2015-1791 ssl3_get_new_session_ticket
2025-09-08 16:38:07,784 - INFO - cmd: python main.py --detect --cve_id CVE-2015-1791 --target_bin /binaries/target/openssl/openssl-OpenSSL_0_9_8zf-o2-openssl --vul_func_name ssl3_get_new_session_ticket --project openssl
2025-09-08 16:38:14,474 - INFO - success CVE-2015-1791,details in cve_test/CVE-2015-1791.log

2025-09-08 16:38:14,476 - INFO - detecting CVE-2015-1791 ssl3_get_new_session_ticket
2025-09-08 16:38:14,476 - INFO - cmd: python main.py --detect --cve_id CVE-2015-1791 --target_bin /binaries/target/openssl/openssl-OpenSSL_1_0_0s-o2-libssl --vul_func_name ssl3_get_new_session_ticket --project openssl
2025-09-08 16:38:21,766 - INFO - success CVE-2015-1791,details in cve_test/CVE-2015-1791.log

2025-09-08 16:38:21,768 - INFO - detecting CVE-2015-1791 ssl3_get_new_session_ticket
2025-09-08 16:38:21,768 - INFO - cmd: python main.py --detect --cve_id CVE-2015-1791 --target_bin /binaries/target/openssl/openssl-OpenSSL_1_0_2b-o2-libcrypto --vul_func_name ssl3_get_new_session_ticket --project openssl
2025-09-08 16:38:25,987 - ERROR - fail CVE-2015-1791 ,details1

2025-09-08 16:38:25,988 - INFO - detecting CVE-2015-1791 ssl3_get_new_session_ticket
2025-09-08 16:38:25,988 - INFO - cmd: python main.py --detect --cve_id CVE-2015-1791 --target_bin /binaries/target/openssl/openssl-OpenSSL_1_0_1n-o2-libssl --vul_func_name ssl3_get_new_session_ticket --project openssl
2025-09-08 16:38:33,458 - INFO - success CVE-2015-1791,details in cve_test/CVE-2015-1791.log

2025-09-08 16:38:33,459 - INFO - detecting CVE-2015-1789 X509_cmp_time
2025-09-08 16:38:33,460 - INFO - cmd: python main.py --detect --cve_id CVE-2015-1789 --target_bin /binaries/target/openssl/openssl-OpenSSL_1_0_0r-o2-libcrypto --vul_func_name X509_cmp_time --project openssl
2025-09-08 16:38:36,522 - ERROR - fail CVE-2015-1789 ,details1

2025-09-08 16:38:36,523 - INFO - detecting CVE-2015-1789 X509_cmp_time
2025-09-08 16:38:36,523 - INFO - cmd: python main.py --detect --cve_id CVE-2015-1789 --target_bin /binaries/target/openssl/openssl-OpenSSL_0_9_8zf-o2-openssl --vul_func_name X509_cmp_time --project openssl
2025-09-08 16:38:42,523 - INFO - success CVE-2015-1789,details in cve_test/CVE-2015-1789.log

2025-09-08 16:38:42,524 - INFO - detecting CVE-2015-1789 X509_cmp_time
2025-09-08 16:38:42,525 - INFO - cmd: python main.py --detect --cve_id CVE-2015-1789 --target_bin /binaries/target/openssl/ openssl-OpenSSL_1_0_1o-o2-libssl --vul_func_name X509_cmp_time --project openssl
2025-09-08 16:38:46,276 - ERROR - fail CVE-2015-1789 ,details1

2025-09-08 16:38:46,316 - INFO - detecting CVE-2015-1789 X509_cmp_time
2025-09-08 16:38:46,317 - INFO - cmd: python main.py --detect --cve_id CVE-2015-1789 --target_bin /binaries/target/openssl/openssl-OpenSSL_1_0_2d-o2-openssl --vul_func_name X509_cmp_time --project openssl
2025-09-08 16:38:54,067 - INFO - success CVE-2015-1789,details in cve_test/CVE-2015-1789.log

2025-09-08 16:38:54,069 - INFO - detecting CVE-2015-3195 ASN1_item_ex_d2i
2025-09-08 16:38:54,069 - INFO - cmd: python main.py --detect --cve_id CVE-2015-3195 --target_bin /binaries/target/openssl/openssl-OpenSSL_1_0_2d-o2-openssl --vul_func_name ASN1_item_ex_d2i --project openssl
2025-09-08 16:39:27,143 - INFO - success CVE-2015-3195,details in cve_test/CVE-2015-3195.log

2025-09-08 16:39:27,144 - INFO - detecting CVE-2015-3195 ASN1_item_ex_d2i
2025-09-08 16:39:27,145 - INFO - cmd: python main.py --detect --cve_id CVE-2015-3195 --target_bin /binaries/target/openssl/openssl-OpenSSL_1_0_1p-o2-openssl --vul_func_name ASN1_item_ex_d2i --project openssl
2025-09-08 16:39:58,115 - INFO - success CVE-2015-3195,details in cve_test/CVE-2015-3195.log

2025-09-08 16:39:58,117 - INFO - detecting CVE-2015-3195 ASN1_item_ex_d2i
2025-09-08 16:39:58,117 - INFO - cmd: python main.py --detect --cve_id CVE-2015-3195 --target_bin /binaries/target/openssl/ openssl-OpenSSL_1_0_1o-o2-libssl --vul_func_name ASN1_item_ex_d2i --project openssl
2025-09-08 16:40:01,888 - ERROR - fail CVE-2015-3195 ,details1

2025-09-08 16:40:01,889 - INFO - detecting CVE-2015-3195 ASN1_item_ex_d2i
2025-09-08 16:40:01,890 - INFO - cmd: python main.py --detect --cve_id CVE-2015-3195 --target_bin /binaries/target/openssl/openssl-OpenSSL_1_0_1r-o2-openssl --vul_func_name ASN1_item_ex_d2i --project openssl
2025-09-08 16:40:32,820 - INFO - success CVE-2015-3195,details in cve_test/CVE-2015-3195.log

2025-09-08 16:40:32,821 - INFO - detecting CVE-2015-3195 ASN1_item_ex_d2i
2025-09-08 16:40:32,821 - INFO - cmd: python main.py --detect --cve_id CVE-2015-3195 --target_bin /binaries/target/openssl/openssl-OpenSSL_1_0_2f-o2-openssl --vul_func_name ASN1_item_ex_d2i --project openssl
2025-09-08 16:41:03,860 - INFO - success CVE-2015-3195,details in cve_test/CVE-2015-3195.log

2025-09-08 16:41:03,861 - INFO - detecting CVE-2015-3195 ASN1_item_ex_d2i
2025-09-08 16:41:03,861 - INFO - cmd: python main.py --detect --cve_id CVE-2015-3195 --target_bin /binaries/target/openssl/openssl-OpenSSL-fips-2_0_12-o2-openssl --vul_func_name ASN1_item_ex_d2i --project openssl
2025-09-08 16:41:07,028 - ERROR - fail CVE-2015-3195 ,details1

2025-09-08 16:41:07,030 - INFO - detecting CVE-2015-3197 get_client_hello
2025-09-08 16:41:07,030 - INFO - cmd: python main.py --detect --cve_id CVE-2015-3197 --target_bin /binaries/target/openssl/openssl-OpenSSL_1_0_1q-o2-openssl --vul_func_name get_client_hello --project openssl
2025-09-08 16:41:14,922 - INFO - success CVE-2015-3197,details in cve_test/CVE-2015-3197.log

2025-09-08 16:41:14,923 - INFO - detecting CVE-2015-3197 get_client_hello
2025-09-08 16:41:14,924 - INFO - cmd: python main.py --detect --cve_id CVE-2015-3197 --target_bin /binaries/target/openssl/openssl-OpenSSL_1_0_2e-o2-openssl --vul_func_name get_client_hello --project openssl
2025-09-08 16:41:23,976 - INFO - success CVE-2015-3197,details in cve_test/CVE-2015-3197.log

2025-09-08 16:41:23,977 - INFO - detecting CVE-2015-3197 get_client_hello
2025-09-08 16:41:23,984 - INFO - cmd: python main.py --detect --cve_id CVE-2015-3197 --target_bin /binaries/target/openssl/openssl-OpenSSL_1_0_1p-o2-openssl --vul_func_name get_client_hello --project openssl
2025-09-08 16:41:31,165 - INFO - success CVE-2015-3197,details in cve_test/CVE-2015-3197.log

2025-09-08 16:41:31,166 - INFO - detecting CVE-2015-3197 get_client_hello
2025-09-08 16:41:31,167 - INFO - cmd: python main.py --detect --cve_id CVE-2015-3197 --target_bin /binaries/target/openssl/openssl-OpenSSL-fips-2_0_12-o2-openssl --vul_func_name get_client_hello --project openssl
2025-09-08 16:41:34,736 - ERROR - fail CVE-2015-3197 ,details1

2025-09-08 16:41:34,737 - INFO - detecting CVE-2015-3197 get_client_hello
2025-09-08 16:41:34,737 - INFO - cmd: python main.py --detect --cve_id CVE-2015-3197 --target_bin /binaries/target/openssl/openssl-OpenSSL-fips-2_0_10-o2-openssl --vul_func_name get_client_hello --project openssl
2025-09-08 16:41:37,837 - ERROR - fail CVE-2015-3197 ,details1

2025-09-08 16:41:37,838 - INFO - detecting CVE-2015-3197 get_client_hello
2025-09-08 16:41:37,839 - INFO - cmd: python main.py --detect --cve_id CVE-2015-3197 --target_bin /binaries/target/openssl/openssl-OpenSSL-fips-2_0_11-o2-openssl --vul_func_name get_client_hello --project openssl
2025-09-08 16:41:40,955 - ERROR - fail CVE-2015-3197 ,details1

2025-09-08 16:41:40,956 - INFO - detecting CVE-2016-0705 dsa_priv_decode
2025-09-08 16:41:40,956 - INFO - cmd: python main.py --detect --cve_id CVE-2016-0705 --target_bin /binaries/target/openssl/openssl-OpenSSL_1_0_2f-o2-openssl --vul_func_name dsa_priv_decode --project openssl
2025-09-08 16:41:47,905 - INFO - success CVE-2016-0705,details in cve_test/CVE-2016-0705.log

2025-09-08 16:41:47,906 - INFO - detecting CVE-2016-0705 dsa_priv_decode
2025-09-08 16:41:47,907 - INFO - cmd: python main.py --detect --cve_id CVE-2016-0705 --target_bin /binaries/target/openssl/openssl-OpenSSL_1_0_1r-o2-openssl --vul_func_name dsa_priv_decode --project openssl
2025-09-08 16:41:54,503 - INFO - success CVE-2016-0705,details in cve_test/CVE-2016-0705.log

2025-09-08 16:41:54,504 - INFO - detecting CVE-2016-0705 dsa_priv_decode
2025-09-08 16:41:54,504 - INFO - cmd: python main.py --detect --cve_id CVE-2016-0705 --target_bin /binaries/target/openssl/openssl-OpenSSL_1_0_1q-o2-openssl --vul_func_name dsa_priv_decode --project openssl
2025-09-08 16:42:01,508 - INFO - success CVE-2016-0705,details in cve_test/CVE-2016-0705.log

2025-09-08 16:42:01,510 - INFO - detecting CVE-2016-0705 dsa_priv_decode
2025-09-08 16:42:01,510 - INFO - cmd: python main.py --detect --cve_id CVE-2016-0705 --target_bin /binaries/target/openssl/openssl-OpenSSL_1_0_2g-o2-openssl --vul_func_name dsa_priv_decode --project openssl
2025-09-08 16:42:10,760 - INFO - success CVE-2016-0705,details in cve_test/CVE-2016-0705.log

2025-09-08 16:42:10,761 - INFO - detecting CVE-2016-0705 dsa_priv_decode
2025-09-08 16:42:10,761 - INFO - cmd: python main.py --detect --cve_id CVE-2016-0705 --target_bin /binaries/target/openssl/openssl-OpenSSL_1_0_1s-o2-openssl --vul_func_name dsa_priv_decode --project openssl
2025-09-08 16:42:21,231 - INFO - success CVE-2016-0705,details in cve_test/CVE-2016-0705.log

2025-09-08 16:42:21,232 - INFO - detecting CVE-2016-0705 dsa_priv_decode
2025-09-08 16:42:21,232 - INFO - cmd: python main.py --detect --cve_id CVE-2016-0705 --target_bin /binaries/target/openssl/openssl-OpenSSL_1_0_2h-o2-openssl --vul_func_name dsa_priv_decode --project openssl
2025-09-08 16:42:32,545 - INFO - success CVE-2016-0705,details in cve_test/CVE-2016-0705.log

2025-09-08 16:42:32,546 - INFO - detecting CVE-2016-0798 init_ssl_connection
2025-09-08 16:42:32,547 - INFO - cmd: python main.py --detect --cve_id CVE-2016-0798 --target_bin /binaries/target/openssl/openssl-OpenSSL_1_0_2f-o2-openssl --vul_func_name init_ssl_connection --project openssl
2025-09-08 16:42:42,456 - INFO - success CVE-2016-0798,details in cve_test/CVE-2016-0798.log

2025-09-08 16:42:42,457 - INFO - detecting CVE-2016-0798 init_ssl_connection
2025-09-08 16:42:42,457 - INFO - cmd: python main.py --detect --cve_id CVE-2016-0798 --target_bin /binaries/target/openssl/openssl-OpenSSL_1_0_1r-o2-openssl --vul_func_name init_ssl_connection --project openssl
2025-09-08 16:42:51,004 - INFO - success CVE-2016-0798,details in cve_test/CVE-2016-0798.log

2025-09-08 16:42:51,005 - INFO - detecting CVE-2016-0798 init_ssl_connection
2025-09-08 16:42:51,006 - INFO - cmd: python main.py --detect --cve_id CVE-2016-0798 --target_bin /binaries/target/openssl/openssl-OpenSSL_1_0_1q-o2-openssl --vul_func_name init_ssl_connection --project openssl
2025-09-08 16:42:59,396 - INFO - success CVE-2016-0798,details in cve_test/CVE-2016-0798.log

2025-09-08 16:42:59,398 - INFO - detecting CVE-2016-0798 init_ssl_connection
2025-09-08 16:42:59,399 - INFO - cmd: python main.py --detect --cve_id CVE-2016-0798 --target_bin /binaries/target/openssl/openssl-OpenSSL_1_0_2g-o2-openssl --vul_func_name init_ssl_connection --project openssl
2025-09-08 16:43:19,311 - INFO - success CVE-2016-0798,details in cve_test/CVE-2016-0798.log

2025-09-08 16:43:19,312 - INFO - detecting CVE-2016-0798 init_ssl_connection
2025-09-08 16:43:19,312 - INFO - cmd: python main.py --detect --cve_id CVE-2016-0798 --target_bin /binaries/target/openssl/openssl-OpenSSL_1_0_1s-o2-openssl --vul_func_name init_ssl_connection --project openssl
2025-09-08 16:43:39,891 - INFO - success CVE-2016-0798,details in cve_test/CVE-2016-0798.log

2025-09-08 16:43:39,892 - INFO - detecting CVE-2016-0798 init_ssl_connection
2025-09-08 16:43:39,893 - INFO - cmd: python main.py --detect --cve_id CVE-2016-0798 --target_bin /binaries/target/openssl/openssl-OpenSSL_1_0_2h-o2-openssl --vul_func_name init_ssl_connection --project openssl
2025-09-08 16:44:01,708 - INFO - success CVE-2016-0798,details in cve_test/CVE-2016-0798.log

2025-09-08 16:44:01,709 - INFO - detecting CVE-2016-0799 BIO_vprintf
2025-09-08 16:44:01,709 - INFO - cmd: python main.py --detect --cve_id CVE-2016-0799 --target_bin /binaries/target/openssl/openssl-OpenSSL_1_0_2f-o2-openssl --vul_func_name BIO_vprintf --project openssl
2025-09-08 16:44:07,595 - INFO - success CVE-2016-0799,details in cve_test/CVE-2016-0799.log

2025-09-08 16:44:07,597 - INFO - detecting CVE-2016-0799 BIO_vprintf
2025-09-08 16:44:07,597 - INFO - cmd: python main.py --detect --cve_id CVE-2016-0799 --target_bin /binaries/target/openssl/openssl-OpenSSL_1_0_1r-o2-openssl --vul_func_name BIO_vprintf --project openssl
2025-09-08 16:44:14,457 - INFO - success CVE-2016-0799,details in cve_test/CVE-2016-0799.log

2025-09-08 16:44:14,458 - INFO - detecting CVE-2016-0799 BIO_vprintf
2025-09-08 16:44:14,458 - INFO - cmd: python main.py --detect --cve_id CVE-2016-0799 --target_bin /binaries/target/openssl/openssl-OpenSSL_1_0_1q-o2-openssl --vul_func_name BIO_vprintf --project openssl
2025-09-08 16:44:20,987 - INFO - success CVE-2016-0799,details in cve_test/CVE-2016-0799.log

2025-09-08 16:44:20,988 - INFO - detecting CVE-2016-0799 BIO_vprintf
2025-09-08 16:44:20,988 - INFO - cmd: python main.py --detect --cve_id CVE-2016-0799 --target_bin /binaries/target/openssl/openssl-OpenSSL_1_0_2g-o2-openssl --vul_func_name BIO_vprintf --project openssl
2025-09-08 16:44:27,029 - INFO - success CVE-2016-0799,details in cve_test/CVE-2016-0799.log

2025-09-08 16:44:27,030 - INFO - detecting CVE-2016-0799 BIO_vprintf
2025-09-08 16:44:27,031 - INFO - cmd: python main.py --detect --cve_id CVE-2016-0799 --target_bin /binaries/target/openssl/openssl-OpenSSL_1_0_1s-o2-openssl --vul_func_name BIO_vprintf --project openssl
2025-09-08 16:44:32,862 - INFO - success CVE-2016-0799,details in cve_test/CVE-2016-0799.log

2025-09-08 16:44:32,863 - INFO - detecting CVE-2016-0799 BIO_vprintf
2025-09-08 16:44:32,864 - INFO - cmd: python main.py --detect --cve_id CVE-2016-0799 --target_bin /binaries/target/openssl/openssl-OpenSSL_1_0_2h-o2-openssl --vul_func_name BIO_vprintf --project openssl
2025-09-08 16:44:39,101 - INFO - success CVE-2016-0799,details in cve_test/CVE-2016-0799.log

2025-09-08 16:44:39,102 - INFO - detecting CVE-2016-2842 BIO_vsnprintf
2025-09-08 16:44:39,103 - INFO - cmd: python main.py --detect --cve_id CVE-2016-2842 --target_bin /binaries/target/openssl/openssl-OpenSSL_1_0_2f-o2-openssl --vul_func_name BIO_vsnprintf --project openssl
2025-09-08 16:44:44,797 - INFO - success CVE-2016-2842,details in cve_test/CVE-2016-2842.log

2025-09-08 16:44:44,798 - INFO - detecting CVE-2016-2842 BIO_vsnprintf
2025-09-08 16:44:44,798 - INFO - cmd: python main.py --detect --cve_id CVE-2016-2842 --target_bin /binaries/target/openssl/openssl-OpenSSL_1_0_1r-o2-openssl --vul_func_name BIO_vsnprintf --project openssl
2025-09-08 16:44:50,554 - INFO - success CVE-2016-2842,details in cve_test/CVE-2016-2842.log

2025-09-08 16:44:50,555 - INFO - detecting CVE-2016-2842 BIO_vsnprintf
2025-09-08 16:44:50,556 - INFO - cmd: python main.py --detect --cve_id CVE-2016-2842 --target_bin /binaries/target/openssl/openssl-OpenSSL_1_0_1q-o2-openssl --vul_func_name BIO_vsnprintf --project openssl
2025-09-08 16:44:56,758 - INFO - success CVE-2016-2842,details in cve_test/CVE-2016-2842.log

2025-09-08 16:44:56,759 - INFO - detecting CVE-2016-2842 BIO_vsnprintf
2025-09-08 16:44:56,760 - INFO - cmd: python main.py --detect --cve_id CVE-2016-2842 --target_bin /binaries/target/openssl/openssl-OpenSSL_1_0_2g-o2-openssl --vul_func_name BIO_vsnprintf --project openssl
2025-09-08 16:45:02,587 - INFO - success CVE-2016-2842,details in cve_test/CVE-2016-2842.log

2025-09-08 16:45:02,588 - INFO - detecting CVE-2016-2842 BIO_vsnprintf
2025-09-08 16:45:02,589 - INFO - cmd: python main.py --detect --cve_id CVE-2016-2842 --target_bin /binaries/target/openssl/openssl-OpenSSL_1_0_1s-o2-openssl --vul_func_name BIO_vsnprintf --project openssl
2025-09-08 16:45:08,374 - INFO - success CVE-2016-2842,details in cve_test/CVE-2016-2842.log

2025-09-08 16:45:08,375 - INFO - detecting CVE-2016-2842 BIO_vsnprintf
2025-09-08 16:45:08,375 - INFO - cmd: python main.py --detect --cve_id CVE-2016-2842 --target_bin /binaries/target/openssl/openssl-OpenSSL_1_0_2h-o2-openssl --vul_func_name BIO_vsnprintf --project openssl
2025-09-08 16:45:14,244 - INFO - success CVE-2016-2842,details in cve_test/CVE-2016-2842.log

2025-09-08 16:45:14,244 - INFO - detecting CVE-2016-2842 BIO_vprintf
2025-09-08 16:45:14,245 - INFO - cmd: python main.py --detect --cve_id CVE-2016-2842 --target_bin /binaries/target/openssl/openssl-OpenSSL_1_0_2f-o2-openssl --vul_func_name BIO_vprintf --project openssl
2025-09-08 16:45:20,311 - INFO - success CVE-2016-2842,details in cve_test/CVE-2016-2842.log

2025-09-08 16:45:20,312 - INFO - detecting CVE-2016-2842 BIO_vprintf
2025-09-08 16:45:20,313 - INFO - cmd: python main.py --detect --cve_id CVE-2016-2842 --target_bin /binaries/target/openssl/openssl-OpenSSL_1_0_1r-o2-openssl --vul_func_name BIO_vprintf --project openssl
2025-09-08 16:45:26,698 - INFO - success CVE-2016-2842,details in cve_test/CVE-2016-2842.log

2025-09-08 16:45:26,699 - INFO - detecting CVE-2016-2842 BIO_vprintf
2025-09-08 16:45:26,699 - INFO - cmd: python main.py --detect --cve_id CVE-2016-2842 --target_bin /binaries/target/openssl/openssl-OpenSSL_1_0_1q-o2-openssl --vul_func_name BIO_vprintf --project openssl
2025-09-08 16:45:33,464 - INFO - success CVE-2016-2842,details in cve_test/CVE-2016-2842.log

2025-09-08 16:45:33,465 - INFO - detecting CVE-2016-2842 BIO_vprintf
2025-09-08 16:45:33,465 - INFO - cmd: python main.py --detect --cve_id CVE-2016-2842 --target_bin /binaries/target/openssl/openssl-OpenSSL_1_0_2g-o2-openssl --vul_func_name BIO_vprintf --project openssl
2025-09-08 16:45:39,601 - INFO - success CVE-2016-2842,details in cve_test/CVE-2016-2842.log

2025-09-08 16:45:39,602 - INFO - detecting CVE-2016-2842 BIO_vprintf
2025-09-08 16:45:39,603 - INFO - cmd: python main.py --detect --cve_id CVE-2016-2842 --target_bin /binaries/target/openssl/openssl-OpenSSL_1_0_1s-o2-openssl --vul_func_name BIO_vprintf --project openssl
2025-09-08 16:45:45,540 - INFO - success CVE-2016-2842,details in cve_test/CVE-2016-2842.log

2025-09-08 16:45:45,541 - INFO - detecting CVE-2016-2842 BIO_vprintf
2025-09-08 16:45:45,542 - INFO - cmd: python main.py --detect --cve_id CVE-2016-2842 --target_bin /binaries/target/openssl/openssl-OpenSSL_1_0_2h-o2-openssl --vul_func_name BIO_vprintf --project openssl
2025-09-08 16:45:51,514 - INFO - success CVE-2016-2842,details in cve_test/CVE-2016-2842.log

2025-09-08 16:45:51,515 - INFO - detecting CVE-2016-2842 doapr_outch
2025-09-08 16:45:51,515 - INFO - cmd: python main.py --detect --cve_id CVE-2016-2842 --target_bin /binaries/target/openssl/openssl-OpenSSL_1_0_2f-o2-openssl --vul_func_name doapr_outch --project openssl
2025-09-08 16:45:57,697 - INFO - success CVE-2016-2842,details in cve_test/CVE-2016-2842.log

2025-09-08 16:45:57,698 - INFO - detecting CVE-2016-2842 doapr_outch
2025-09-08 16:45:57,698 - INFO - cmd: python main.py --detect --cve_id CVE-2016-2842 --target_bin /binaries/target/openssl/openssl-OpenSSL_1_0_1r-o2-openssl --vul_func_name doapr_outch --project openssl
2025-09-08 16:46:03,449 - INFO - success CVE-2016-2842,details in cve_test/CVE-2016-2842.log

2025-09-08 16:46:03,450 - INFO - detecting CVE-2016-2842 doapr_outch
2025-09-08 16:46:03,450 - INFO - cmd: python main.py --detect --cve_id CVE-2016-2842 --target_bin /binaries/target/openssl/openssl-OpenSSL_1_0_1q-o2-openssl --vul_func_name doapr_outch --project openssl
2025-09-08 16:46:09,124 - INFO - success CVE-2016-2842,details in cve_test/CVE-2016-2842.log

2025-09-08 16:46:09,125 - INFO - detecting CVE-2016-2842 doapr_outch
2025-09-08 16:46:09,126 - INFO - cmd: python main.py --detect --cve_id CVE-2016-2842 --target_bin /binaries/target/openssl/openssl-OpenSSL_1_0_2g-o2-openssl --vul_func_name doapr_outch --project openssl
2025-09-08 16:46:15,572 - INFO - success CVE-2016-2842,details in cve_test/CVE-2016-2842.log

2025-09-08 16:46:15,573 - INFO - detecting CVE-2016-2842 doapr_outch
2025-09-08 16:46:15,573 - INFO - cmd: python main.py --detect --cve_id CVE-2016-2842 --target_bin /binaries/target/openssl/openssl-OpenSSL_1_0_1s-o2-openssl --vul_func_name doapr_outch --project openssl
2025-09-08 16:46:21,242 - INFO - success CVE-2016-2842,details in cve_test/CVE-2016-2842.log

2025-09-08 16:46:21,243 - INFO - detecting CVE-2016-2842 doapr_outch
2025-09-08 16:46:21,244 - INFO - cmd: python main.py --detect --cve_id CVE-2016-2842 --target_bin /binaries/target/openssl/openssl-OpenSSL_1_0_2h-o2-openssl --vul_func_name doapr_outch --project openssl
2025-09-08 16:46:27,632 - INFO - success CVE-2016-2842,details in cve_test/CVE-2016-2842.log

2025-09-08 16:46:27,633 - INFO - detecting CVE-2016-0702 MOD_EXP_CTIME_COPY_TO_PREBUF
2025-09-08 16:46:27,633 - INFO - cmd: python main.py --detect --cve_id CVE-2016-0702 --target_bin /binaries/target/openssl/openssl-OpenSSL_1_0_2f-o2-openssl --vul_func_name MOD_EXP_CTIME_COPY_TO_PREBUF --project openssl
2025-09-08 16:46:36,447 - INFO - success CVE-2016-0702,details in cve_test/CVE-2016-0702.log

2025-09-08 16:46:36,448 - INFO - detecting CVE-2016-0702 MOD_EXP_CTIME_COPY_TO_PREBUF
2025-09-08 16:46:36,448 - INFO - cmd: python main.py --detect --cve_id CVE-2016-0702 --target_bin /binaries/target/openssl/openssl-OpenSSL_1_0_1r-o2-openssl --vul_func_name MOD_EXP_CTIME_COPY_TO_PREBUF --project openssl
2025-09-08 16:46:44,529 - INFO - success CVE-2016-0702,details in cve_test/CVE-2016-0702.log

2025-09-08 16:46:44,530 - INFO - detecting CVE-2016-0702 MOD_EXP_CTIME_COPY_TO_PREBUF
2025-09-08 16:46:44,531 - INFO - cmd: python main.py --detect --cve_id CVE-2016-0702 --target_bin /binaries/target/openssl/openssl-OpenSSL_1_0_1q-o2-openssl --vul_func_name MOD_EXP_CTIME_COPY_TO_PREBUF --project openssl
2025-09-08 16:46:53,183 - INFO - success CVE-2016-0702,details in cve_test/CVE-2016-0702.log

2025-09-08 16:46:53,184 - INFO - detecting CVE-2016-0702 MOD_EXP_CTIME_COPY_TO_PREBUF
2025-09-08 16:46:53,185 - INFO - cmd: python main.py --detect --cve_id CVE-2016-0702 --target_bin /binaries/target/openssl/openssl-OpenSSL_1_0_2h-o2-openssl --vul_func_name MOD_EXP_CTIME_COPY_TO_PREBUF --project openssl
2025-09-08 16:47:00,236 - INFO - success CVE-2016-0702,details in cve_test/CVE-2016-0702.log

2025-09-08 16:47:00,237 - INFO - detecting CVE-2016-0702 MOD_EXP_CTIME_COPY_TO_PREBUF
2025-09-08 16:47:00,238 - INFO - cmd: python main.py --detect --cve_id CVE-2016-0702 --target_bin /binaries/target/openssl/openssl-OpenSSL_1_0_1t-o2-openssl --vul_func_name MOD_EXP_CTIME_COPY_TO_PREBUF --project openssl
2025-09-08 16:47:07,341 - INFO - success CVE-2016-0702,details in cve_test/CVE-2016-0702.log

2025-09-08 16:47:07,343 - INFO - detecting CVE-2016-0702 MOD_EXP_CTIME_COPY_TO_PREBUF
2025-09-08 16:47:07,343 - INFO - cmd: python main.py --detect --cve_id CVE-2016-0702 --target_bin /binaries/target/openssl/openssl-OpenSSL_1_0_2i-o2-openssl --vul_func_name MOD_EXP_CTIME_COPY_TO_PREBUF --project openssl
2025-09-08 16:47:15,001 - INFO - success CVE-2016-0702,details in cve_test/CVE-2016-0702.log

2025-09-08 16:47:15,002 - INFO - detecting CVE-2016-2109 asn1_d2i_read_bio
2025-09-08 16:47:15,002 - INFO - cmd: python main.py --detect --cve_id CVE-2016-2109 --target_bin /binaries/target/openssl/openssl-OpenSSL_1_0_2g-o2-libcrypto --vul_func_name asn1_d2i_read_bio --project openssl
2025-09-08 16:47:22,406 - INFO - success CVE-2016-2109,details in cve_test/CVE-2016-2109.log

2025-09-08 16:47:22,407 - INFO - detecting CVE-2016-2109 asn1_d2i_read_bio
2025-09-08 16:47:22,407 - INFO - cmd: python main.py --detect --cve_id CVE-2016-2109 --target_bin /binaries/target/openssl/openssl-OpenSSL_1_0_1s-o2-libcrypto --vul_func_name asn1_d2i_read_bio --project openssl
2025-09-08 16:47:32,108 - INFO - success CVE-2016-2109,details in cve_test/CVE-2016-2109.log

2025-09-08 16:47:32,108 - INFO - detecting CVE-2016-2109 asn1_d2i_read_bio
2025-09-08 16:47:32,109 - INFO - cmd: python main.py --detect --cve_id CVE-2016-2109 --target_bin /binaries/target/openssl/openssl-OpenSSL_1_0_2f-o2-libcrypto --vul_func_name asn1_d2i_read_bio --project openssl
2025-09-08 16:47:39,656 - INFO - success CVE-2016-2109,details in cve_test/CVE-2016-2109.log

2025-09-08 16:47:39,657 - INFO - detecting CVE-2016-2109 asn1_d2i_read_bio
2025-09-08 16:47:39,658 - INFO - cmd: python main.py --detect --cve_id CVE-2016-2109 --target_bin /binaries/target/openssl/openssl-OpenSSL_1_0_2h-o2-libcrypto --vul_func_name asn1_d2i_read_bio --project openssl
2025-09-08 16:47:47,098 - INFO - success CVE-2016-2109,details in cve_test/CVE-2016-2109.log

2025-09-08 16:47:47,100 - INFO - detecting CVE-2016-2109 asn1_d2i_read_bio
2025-09-08 16:47:47,100 - INFO - cmd: python main.py --detect --cve_id CVE-2016-2109 --target_bin /binaries/target/openssl/openssl-OpenSSL_1_0_1t-o2-libcrypto --vul_func_name asn1_d2i_read_bio --project openssl
2025-09-08 16:47:54,744 - INFO - success CVE-2016-2109,details in cve_test/CVE-2016-2109.log

2025-09-08 16:47:54,745 - INFO - detecting CVE-2016-2109 asn1_d2i_read_bio
2025-09-08 16:47:54,745 - INFO - cmd: python main.py --detect --cve_id CVE-2016-2109 --target_bin /binaries/target/openssl/openssl-OpenSSL_1_0_2i-o2-libcrypto --vul_func_name asn1_d2i_read_bio --project openssl
2025-09-08 16:48:01,394 - INFO - success CVE-2016-2109,details in cve_test/CVE-2016-2109.log

2025-09-08 16:48:01,395 - INFO - detecting CVE-2016-6306 ssl3_get_certificate_request
2025-09-08 16:48:01,395 - INFO - cmd: python main.py --detect --cve_id CVE-2016-6306 --target_bin /binaries/target/openssl/openssl-OpenSSL_1_0_2h-o2-openssl --vul_func_name ssl3_get_certificate_request --project openssl
2025-09-08 16:48:07,628 - INFO - success CVE-2016-6306,details in cve_test/CVE-2016-6306.log

2025-09-08 16:48:07,629 - INFO - detecting CVE-2016-6306 ssl3_get_certificate_request
2025-09-08 16:48:07,630 - INFO - cmd: python main.py --detect --cve_id CVE-2016-6306 --target_bin /binaries/target/openssl/openssl-OpenSSL_1_0_1t-o2-openssl --vul_func_name ssl3_get_certificate_request --project openssl
2025-09-08 16:48:31,128 - INFO - success CVE-2016-6306,details in cve_test/CVE-2016-6306.log

2025-09-08 16:48:31,129 - INFO - detecting CVE-2016-6306 ssl3_get_certificate_request
2025-09-08 16:48:31,130 - INFO - cmd: python main.py --detect --cve_id CVE-2016-6306 --target_bin /binaries/target/openssl/openssl-OpenSSL_1_0_1s-o2-openssl --vul_func_name ssl3_get_certificate_request --project openssl
2025-09-08 16:48:55,978 - INFO - success CVE-2016-6306,details in cve_test/CVE-2016-6306.log

2025-09-08 16:48:55,979 - INFO - detecting CVE-2016-6306 ssl3_get_certificate_request
2025-09-08 16:48:55,979 - INFO - cmd: python main.py --detect --cve_id CVE-2016-6306 --target_bin /binaries/target/openssl/openssl-OpenSSL_1_0_2i-o2-openssl --vul_func_name ssl3_get_certificate_request --project openssl
2025-09-08 16:49:02,396 - INFO - success CVE-2016-6306,details in cve_test/CVE-2016-6306.log

2025-09-08 16:49:02,397 - INFO - detecting CVE-2016-6306 ssl3_get_certificate_request
2025-09-08 16:49:02,397 - INFO - cmd: python main.py --detect --cve_id CVE-2016-6306 --target_bin /binaries/target/openssl/openssl-OpenSSL_1_0_1u-o2-openssl --vul_func_name ssl3_get_certificate_request --project openssl
2025-09-08 16:49:27,159 - INFO - success CVE-2016-6306,details in cve_test/CVE-2016-6306.log

2025-09-08 16:49:27,160 - INFO - detecting CVE-2016-6306 ssl3_get_certificate_request
2025-09-08 16:49:27,160 - INFO - cmd: python main.py --detect --cve_id CVE-2016-6306 --target_bin /binaries/target/openssl/openssl-OpenSSL_1_0_2j-o2-openssl --vul_func_name ssl3_get_certificate_request --project openssl
2025-09-08 16:49:33,895 - INFO - success CVE-2016-6306,details in cve_test/CVE-2016-6306.log

2025-09-08 16:49:33,896 - INFO - detecting CVE-2018-0732 generate_key
2025-09-08 16:49:33,897 - INFO - cmd: python main.py --detect --cve_id CVE-2018-0732 --target_bin /binaries/target/openssl/openssl-OpenSSL_1_1_0h-o2-openssl --vul_func_name generate_key --project openssl
2025-09-08 16:49:39,227 - ERROR - fail CVE-2018-0732 ,details1

2025-09-08 16:49:39,228 - INFO - detecting CVE-2018-0732 generate_key
2025-09-08 16:49:39,229 - INFO - cmd: python main.py --detect --cve_id CVE-2018-0732 --target_bin /binaries/target/openssl/openssl-OpenSSL_1_0_2o-o2-openssl --vul_func_name generate_key --project openssl
2025-09-08 16:50:06,029 - INFO - success CVE-2018-0732,details in cve_test/CVE-2018-0732.log

2025-09-08 16:50:06,030 - INFO - detecting CVE-2018-0732 generate_key
2025-09-08 16:50:06,031 - INFO - cmd: python main.py --detect --cve_id CVE-2018-0732 --target_bin /binaries/target/openssl/openssl-OpenSSL_1_0_2n-o2-openssl --vul_func_name generate_key --project openssl
2025-09-08 16:50:33,024 - INFO - success CVE-2018-0732,details in cve_test/CVE-2018-0732.log

2025-09-08 16:50:33,025 - INFO - detecting CVE-2018-0732 generate_key
2025-09-08 16:50:33,026 - INFO - cmd: python main.py --detect --cve_id CVE-2018-0732 --target_bin /binaries/target/openssl/openssl-OpenSSL_1_0_2p-o2-openssl --vul_func_name generate_key --project openssl
2025-09-08 16:50:59,065 - INFO - success CVE-2018-0732,details in cve_test/CVE-2018-0732.log

2025-09-08 16:50:59,067 - INFO - detecting CVE-2018-0732 generate_key
2025-09-08 16:50:59,067 - INFO - cmd: python main.py --detect --cve_id CVE-2018-0732 --target_bin /binaries/target/openssl/openssl-OpenSSL_1_1_0i-o2-openssl --vul_func_name generate_key --project openssl
2025-09-08 16:51:03,955 - ERROR - fail CVE-2018-0732 ,details1

2025-09-08 16:51:03,956 - INFO - detecting CVE-2018-0732 generate_key
2025-09-08 16:51:03,957 - INFO - cmd: python main.py --detect --cve_id CVE-2018-0732 --target_bin /binaries/target/openssl/openssl-OpenSSL_1_1_1-o2-openssl --vul_func_name generate_key --project openssl
2025-09-08 16:51:09,795 - ERROR - fail CVE-2018-0732 ,details1

2025-09-08 16:51:09,795 - INFO - detecting CVE-2019-1563 pkcs7_decrypt_rinfo
2025-09-08 16:51:09,796 - INFO - cmd: python main.py --detect --cve_id CVE-2019-1563 --target_bin /binaries/target/openssl/openssl-OpenSSL_1_1_0k-o2-libcrypto --vul_func_name pkcs7_decrypt_rinfo --project openssl
2025-09-08 16:51:16,323 - INFO - success CVE-2019-1563,details in cve_test/CVE-2019-1563.log

2025-09-08 16:51:16,324 - INFO - detecting CVE-2019-1563 pkcs7_decrypt_rinfo
2025-09-08 16:51:16,324 - INFO - cmd: python main.py --detect --cve_id CVE-2019-1563 --target_bin /binaries/target/openssl/openssl-OpenSSL_1_1_1c-o2-libcrypto --vul_func_name pkcs7_decrypt_rinfo --project openssl
2025-09-08 16:51:23,235 - INFO - success CVE-2019-1563,details in cve_test/CVE-2019-1563.log

2025-09-08 16:51:23,236 - INFO - detecting CVE-2019-1563 pkcs7_decrypt_rinfo
2025-09-08 16:51:23,236 - INFO - cmd: python main.py --detect --cve_id CVE-2019-1563 --target_bin /binaries/target/openssl/openssl-OpenSSL_1_0_2s-o2-libcrypto --vul_func_name pkcs7_decrypt_rinfo --project openssl
2025-09-08 16:51:29,405 - INFO - success CVE-2019-1563,details in cve_test/CVE-2019-1563.log

2025-09-08 16:51:29,406 - INFO - detecting CVE-2019-1563 pkcs7_decrypt_rinfo
2025-09-08 16:51:29,406 - INFO - cmd: python main.py --detect --cve_id CVE-2019-1563 --target_bin /binaries/target/openssl/openssl-OpenSSL_1_0_2u-o2-libcrypto --vul_func_name pkcs7_decrypt_rinfo --project openssl
2025-09-08 16:51:36,277 - INFO - success CVE-2019-1563,details in cve_test/CVE-2019-1563.log

2025-09-08 16:51:36,278 - INFO - detecting CVE-2019-1563 pkcs7_decrypt_rinfo
2025-09-08 16:51:36,278 - INFO - cmd: python main.py --detect --cve_id CVE-2019-1563 --target_bin /binaries/target/openssl/openssl-OpenSSL_1_1_1e-o2-libcrypto --vul_func_name pkcs7_decrypt_rinfo --project openssl
2025-09-08 16:51:42,892 - INFO - success CVE-2019-1563,details in cve_test/CVE-2019-1563.log

2025-09-08 16:51:42,893 - INFO - detecting CVE-2019-1563 pkcs7_decrypt_rinfo
2025-09-08 16:51:42,894 - INFO - cmd: python main.py --detect --cve_id CVE-2019-1563 --target_bin /binaries/target/openssl/openssl-OpenSSL_1_1_1f-o2-libcrypto --vul_func_name pkcs7_decrypt_rinfo --project openssl
2025-09-08 16:51:49,937 - INFO - success CVE-2019-1563,details in cve_test/CVE-2019-1563.log

2025-09-08 16:51:49,938 - INFO - detecting CVE-2019-1563 cms_RecipientInfo_ktri_decrypt
2025-09-08 16:51:49,938 - INFO - cmd: python main.py --detect --cve_id CVE-2019-1563 --target_bin /binaries/target/openssl/openssl-OpenSSL_1_1_0k-o2-libcrypto --vul_func_name cms_RecipientInfo_ktri_decrypt --project openssl
2025-09-08 16:51:58,323 - INFO - success CVE-2019-1563,details in cve_test/CVE-2019-1563.log

2025-09-08 16:51:58,324 - INFO - detecting CVE-2019-1563 cms_RecipientInfo_ktri_decrypt
2025-09-08 16:51:58,324 - INFO - cmd: python main.py --detect --cve_id CVE-2019-1563 --target_bin /binaries/target/openssl/openssl-OpenSSL_1_1_1c-o2-libcrypto --vul_func_name cms_RecipientInfo_ktri_decrypt --project openssl
2025-09-08 16:52:06,774 - INFO - success CVE-2019-1563,details in cve_test/CVE-2019-1563.log

2025-09-08 16:52:06,775 - INFO - detecting CVE-2019-1563 cms_RecipientInfo_ktri_decrypt
2025-09-08 16:52:06,775 - INFO - cmd: python main.py --detect --cve_id CVE-2019-1563 --target_bin /binaries/target/openssl/openssl-OpenSSL_1_0_2s-o2-libcrypto --vul_func_name cms_RecipientInfo_ktri_decrypt --project openssl
2025-09-08 16:52:15,492 - INFO - success CVE-2019-1563,details in cve_test/CVE-2019-1563.log

2025-09-08 16:52:15,493 - INFO - detecting CVE-2019-1563 cms_RecipientInfo_ktri_decrypt
2025-09-08 16:52:15,493 - INFO - cmd: python main.py --detect --cve_id CVE-2019-1563 --target_bin /binaries/target/openssl/openssl-OpenSSL_1_0_2u-o2-libcrypto --vul_func_name cms_RecipientInfo_ktri_decrypt --project openssl
2025-09-08 16:52:23,816 - INFO - success CVE-2019-1563,details in cve_test/CVE-2019-1563.log

2025-09-08 16:52:23,817 - INFO - detecting CVE-2019-1563 cms_RecipientInfo_ktri_decrypt
2025-09-08 16:52:23,817 - INFO - cmd: python main.py --detect --cve_id CVE-2019-1563 --target_bin /binaries/target/openssl/openssl-OpenSSL_1_1_1e-o2-libcrypto --vul_func_name cms_RecipientInfo_ktri_decrypt --project openssl
2025-09-08 16:52:32,156 - INFO - success CVE-2019-1563,details in cve_test/CVE-2019-1563.log

2025-09-08 16:52:32,156 - INFO - detecting CVE-2019-1563 cms_RecipientInfo_ktri_decrypt
2025-09-08 16:52:32,157 - INFO - cmd: python main.py --detect --cve_id CVE-2019-1563 --target_bin /binaries/target/openssl/openssl-OpenSSL_1_1_1f-o2-libcrypto --vul_func_name cms_RecipientInfo_ktri_decrypt --project openssl
2025-09-08 16:52:41,015 - INFO - success CVE-2019-1563,details in cve_test/CVE-2019-1563.log

2025-09-08 16:52:41,016 - INFO - detecting CVE-2022-3358 evp_cipher_init_internal
2025-09-08 16:52:41,017 - INFO - cmd: python main.py --detect --cve_id CVE-2022-3358 --target_bin /binaries/target/openssl/openssl-openssl-3.0.5-o2-libcrypto --vul_func_name evp_cipher_init_internal --project openssl
2025-09-08 16:52:48,105 - INFO - success CVE-2022-3358,details in cve_test/CVE-2022-3358.log

2025-09-08 16:52:48,105 - INFO - detecting CVE-2022-3358 evp_cipher_init_internal
2025-09-08 16:52:48,106 - INFO - cmd: python main.py --detect --cve_id CVE-2022-3358 --target_bin /binaries/target/openssl/openssl-openssl-3.0.4-o2-libcrypto --vul_func_name evp_cipher_init_internal --project openssl
2025-09-08 16:52:54,063 - INFO - success CVE-2022-3358,details in cve_test/CVE-2022-3358.log

2025-09-08 16:52:54,064 - INFO - detecting CVE-2022-3358 evp_cipher_init_internal
2025-09-08 16:52:54,065 - INFO - cmd: python main.py --detect --cve_id CVE-2022-3358 --target_bin /binaries/target/openssl/openssl-openssl-3.0.3-o2-libcrypto --vul_func_name evp_cipher_init_internal --project openssl
2025-09-08 16:53:00,300 - INFO - success CVE-2022-3358,details in cve_test/CVE-2022-3358.log

2025-09-08 16:53:00,301 - INFO - detecting CVE-2022-3358 evp_cipher_init_internal
2025-09-08 16:53:00,302 - INFO - cmd: python main.py --detect --cve_id CVE-2022-3358 --target_bin /binaries/target/openssl/openssl-OpenSSL_1_1_1r-o2-libcrypto --vul_func_name evp_cipher_init_internal --project openssl
2025-09-08 16:53:04,840 - ERROR - fail CVE-2022-3358 ,details1

2025-09-08 16:53:04,843 - INFO - detecting CVE-2022-3358 evp_cipher_init_internal
2025-09-08 16:53:04,844 - INFO - cmd: python main.py --detect --cve_id CVE-2022-3358 --target_bin /binaries/target/openssl/openssl-openssl-3.0.6-o2-libcrypto --vul_func_name evp_cipher_init_internal --project openssl
2025-09-08 16:53:11,985 - INFO - success CVE-2022-3358,details in cve_test/CVE-2022-3358.log

2025-09-08 16:53:11,986 - INFO - detecting CVE-2022-3358 evp_cipher_init_internal
2025-09-08 16:53:11,986 - INFO - cmd: python main.py --detect --cve_id CVE-2022-3358 --target_bin /binaries/target/openssl/openssl-openssl-3.0.7-o2-libcrypto --vul_func_name evp_cipher_init_internal --project openssl
2025-09-08 16:53:18,599 - INFO - success CVE-2022-3358,details in cve_test/CVE-2022-3358.log

2025-09-08 16:53:18,600 - INFO - detecting CVE-2022-3786 ossl_a2ulabel
2025-09-08 16:53:18,600 - INFO - cmd: python main.py --detect --cve_id CVE-2022-3786 --target_bin /binaries/target/openssl/openssl-openssl-3.0.6-o2-libcrypto --vul_func_name ossl_a2ulabel --project openssl
2025-09-08 16:53:25,214 - INFO - success CVE-2022-3786,details in cve_test/CVE-2022-3786.log

2025-09-08 16:53:25,215 - INFO - detecting CVE-2022-3786 ossl_a2ulabel
2025-09-08 16:53:25,215 - INFO - cmd: python main.py --detect --cve_id CVE-2022-3786 --target_bin /binaries/target/openssl/openssl-openssl-3.0.5-o2-libcrypto --vul_func_name ossl_a2ulabel --project openssl
2025-09-08 16:53:32,036 - INFO - success CVE-2022-3786,details in cve_test/CVE-2022-3786.log

2025-09-08 16:53:32,038 - INFO - detecting CVE-2022-3786 ossl_a2ulabel
2025-09-08 16:53:32,038 - INFO - cmd: python main.py --detect --cve_id CVE-2022-3786 --target_bin /binaries/target/openssl/openssl-openssl-3.0.4-o2-libcrypto --vul_func_name ossl_a2ulabel --project openssl
2025-09-08 16:53:38,593 - INFO - success CVE-2022-3786,details in cve_test/CVE-2022-3786.log

2025-09-08 16:53:38,594 - INFO - detecting CVE-2022-3786 ossl_a2ulabel
2025-09-08 16:53:38,594 - INFO - cmd: python main.py --detect --cve_id CVE-2022-3786 --target_bin /binaries/target/openssl/openssl-openssl-3.1.0-alpha1-o2-libcrypto --vul_func_name ossl_a2ulabel --project openssl
2025-09-08 16:53:48,621 - INFO - success CVE-2022-3786,details in cve_test/CVE-2022-3786.log

2025-09-08 16:53:48,622 - INFO - detecting CVE-2022-3786 ossl_a2ulabel
2025-09-08 16:53:48,622 - INFO - cmd: python main.py --detect --cve_id CVE-2022-3786 --target_bin /binaries/target/openssl/openssl-openssl-3.1.0-beta1-o2-libcrypto --vul_func_name ossl_a2ulabel --project openssl
2025-09-08 16:53:58,363 - INFO - success CVE-2022-3786,details in cve_test/CVE-2022-3786.log

2025-09-08 16:53:58,364 - INFO - detecting CVE-2022-3786 ossl_a2ulabel
2025-09-08 16:53:58,365 - INFO - cmd: python main.py --detect --cve_id CVE-2022-3786 --target_bin /binaries/target/openssl/openssl-openssl-3.0.8-o2-libcrypto --vul_func_name ossl_a2ulabel --project openssl
2025-09-08 16:54:04,906 - INFO - success CVE-2022-3786,details in cve_test/CVE-2022-3786.log

2025-09-08 16:54:04,907 - INFO - detecting CVE-2022-3996 ossl_policy_cache_set_mapping
2025-09-08 16:54:04,907 - INFO - cmd: python main.py --detect --cve_id CVE-2022-3996 --target_bin /binaries/target/openssl/openssl-openssl-3.0.7-o2-libcrypto --vul_func_name ossl_policy_cache_set_mapping --project openssl
2025-09-08 16:54:11,910 - INFO - success CVE-2022-3996,details in cve_test/CVE-2022-3996.log

2025-09-08 16:54:11,911 - INFO - detecting CVE-2022-3996 ossl_policy_cache_set_mapping
2025-09-08 16:54:11,912 - INFO - cmd: python main.py --detect --cve_id CVE-2022-3996 --target_bin /binaries/target/openssl/openssl-openssl-3.0.6-o2-libcrypto --vul_func_name ossl_policy_cache_set_mapping --project openssl
2025-09-08 16:54:18,805 - INFO - success CVE-2022-3996,details in cve_test/CVE-2022-3996.log

2025-09-08 16:54:18,806 - INFO - detecting CVE-2022-3996 ossl_policy_cache_set_mapping
2025-09-08 16:54:18,807 - INFO - cmd: python main.py --detect --cve_id CVE-2022-3996 --target_bin /binaries/target/openssl/openssl-openssl-3.0.5-o2-libcrypto --vul_func_name ossl_policy_cache_set_mapping --project openssl
2025-09-08 16:54:25,273 - INFO - success CVE-2022-3996,details in cve_test/CVE-2022-3996.log

2025-09-08 16:54:25,273 - INFO - detecting CVE-2022-3996 ossl_policy_cache_set_mapping
2025-09-08 16:54:25,273 - INFO - cmd: python main.py --detect --cve_id CVE-2022-3996 --target_bin /binaries/target/openssl/openssl-openssl-3.1.0-beta1-o2-libcrypto --vul_func_name ossl_policy_cache_set_mapping --project openssl
2025-09-08 16:54:32,296 - INFO - success CVE-2022-3996,details in cve_test/CVE-2022-3996.log

2025-09-08 16:54:32,297 - INFO - detecting CVE-2022-3996 ossl_policy_cache_set_mapping
2025-09-08 16:54:32,297 - INFO - cmd: python main.py --detect --cve_id CVE-2022-3996 --target_bin /binaries/target/openssl/openssl-openssl-3.0.8-o2-libcrypto --vul_func_name ossl_policy_cache_set_mapping --project openssl
2025-09-08 16:54:39,112 - INFO - success CVE-2022-3996,details in cve_test/CVE-2022-3996.log

2025-09-08 16:54:39,113 - INFO - detecting CVE-2022-3996 ossl_policy_cache_set_mapping
2025-09-08 16:54:39,113 - INFO - cmd: python main.py --detect --cve_id CVE-2022-3996 --target_bin /binaries/target/openssl/openssl-OpenSSL_1_1_1t-o2-libcrypto --vul_func_name ossl_policy_cache_set_mapping --project openssl
2025-09-08 16:54:43,634 - ERROR - fail CVE-2022-3996 ,details1

2025-09-08 16:54:43,635 - INFO - detecting CVE-2022-4203 nc_match
2025-09-08 16:54:43,635 - INFO - cmd: python main.py --detect --cve_id CVE-2022-4203 --target_bin /binaries/target/openssl/openssl-openssl-3.0.7-o2-libcrypto --vul_func_name nc_match --project openssl
2025-09-08 16:54:52,452 - INFO - success CVE-2022-4203,details in cve_test/CVE-2022-4203.log

2025-09-08 16:54:52,453 - INFO - detecting CVE-2022-4203 nc_match
2025-09-08 16:54:52,453 - INFO - cmd: python main.py --detect --cve_id CVE-2022-4203 --target_bin /binaries/target/openssl/openssl-openssl-3.0.6-o2-libcrypto --vul_func_name nc_match --project openssl
2025-09-08 16:55:01,246 - INFO - success CVE-2022-4203,details in cve_test/CVE-2022-4203.log

2025-09-08 16:55:01,247 - INFO - detecting CVE-2022-4203 nc_match
2025-09-08 16:55:01,247 - INFO - cmd: python main.py --detect --cve_id CVE-2022-4203 --target_bin /binaries/target/openssl/openssl-openssl-3.0.5-o2-libcrypto --vul_func_name nc_match --project openssl
2025-09-08 16:55:10,314 - INFO - success CVE-2022-4203,details in cve_test/CVE-2022-4203.log

2025-09-08 16:55:10,315 - INFO - detecting CVE-2022-4203 nc_match
2025-09-08 16:55:10,315 - INFO - cmd: python main.py --detect --cve_id CVE-2022-4203 --target_bin /binaries/target/openssl/openssl-openssl-3.0.8-o2-libcrypto --vul_func_name nc_match --project openssl
2025-09-08 16:55:21,391 - INFO - success CVE-2022-4203,details in cve_test/CVE-2022-4203.log

2025-09-08 16:55:21,392 - INFO - detecting CVE-2022-4203 nc_match
2025-09-08 16:55:21,392 - INFO - cmd: python main.py --detect --cve_id CVE-2022-4203 --target_bin /binaries/target/openssl/openssl-OpenSSL_1_1_1t-o2-libcrypto --vul_func_name nc_match --project openssl
2025-09-08 16:55:30,233 - INFO - success CVE-2022-4203,details in cve_test/CVE-2022-4203.log

2025-09-08 16:55:30,234 - INFO - detecting CVE-2022-4203 nc_match
2025-09-08 16:55:30,234 - INFO - cmd: python main.py --detect --cve_id CVE-2022-4203 --target_bin /binaries/target/openssl/openssl-openssl-3.1.0-o2-libcrypto --vul_func_name nc_match --project openssl
2025-09-08 16:55:40,637 - INFO - success CVE-2022-4203,details in cve_test/CVE-2022-4203.log

2025-09-08 16:55:40,638 - INFO - detecting CVE-2023-0215 BIO_new_NDEF
2025-09-08 16:55:40,639 - INFO - cmd: python main.py --detect --cve_id CVE-2023-0215 --target_bin /binaries/target/openssl/openssl-OpenSSL_1_1_1s-o2-libcrypto --vul_func_name BIO_new_NDEF --project openssl
2025-09-08 16:55:48,541 - INFO - success CVE-2023-0215,details in cve_test/CVE-2023-0215.log

2025-09-08 16:55:48,541 - INFO - detecting CVE-2023-0215 BIO_new_NDEF
2025-09-08 16:55:48,542 - INFO - cmd: python main.py --detect --cve_id CVE-2023-0215 --target_bin /binaries/target/openssl/openssl-openssl-3.0.7-o2-libcrypto --vul_func_name BIO_new_NDEF --project openssl
2025-09-08 16:55:56,665 - INFO - success CVE-2023-0215,details in cve_test/CVE-2023-0215.log

2025-09-08 16:55:56,666 - INFO - detecting CVE-2023-0215 BIO_new_NDEF
2025-09-08 16:55:56,666 - INFO - cmd: python main.py --detect --cve_id CVE-2023-0215 --target_bin /binaries/target/openssl/openssl-OpenSSL_1_1_1r-o2-libcrypto --vul_func_name BIO_new_NDEF --project openssl
2025-09-08 16:56:04,313 - INFO - success CVE-2023-0215,details in cve_test/CVE-2023-0215.log

2025-09-08 16:56:04,314 - INFO - detecting CVE-2023-0215 BIO_new_NDEF
2025-09-08 16:56:04,315 - INFO - cmd: python main.py --detect --cve_id CVE-2023-0215 --target_bin /binaries/target/openssl/openssl-openssl-3.0.8-o2-libcrypto --vul_func_name BIO_new_NDEF --project openssl
2025-09-08 16:56:12,108 - INFO - success CVE-2023-0215,details in cve_test/CVE-2023-0215.log

2025-09-08 16:56:12,109 - INFO - detecting CVE-2023-0215 BIO_new_NDEF
2025-09-08 16:56:12,109 - INFO - cmd: python main.py --detect --cve_id CVE-2023-0215 --target_bin /binaries/target/openssl/openssl-OpenSSL_1_1_1t-o2-libcrypto --vul_func_name BIO_new_NDEF --project openssl
2025-09-08 16:56:19,895 - INFO - success CVE-2023-0215,details in cve_test/CVE-2023-0215.log

2025-09-08 16:56:19,896 - INFO - detecting CVE-2023-0215 BIO_new_NDEF
2025-09-08 16:56:19,897 - INFO - cmd: python main.py --detect --cve_id CVE-2023-0215 --target_bin /binaries/target/openssl/openssl-openssl-3.1.0-o2-libcrypto --vul_func_name BIO_new_NDEF --project openssl
2025-09-08 16:56:28,305 - INFO - success CVE-2023-0215,details in cve_test/CVE-2023-0215.log

2025-09-08 16:56:28,306 - INFO - detecting CVE-2023-0401 pkcs7_bio_add_digest
2025-09-08 16:56:28,306 - INFO - cmd: python main.py --detect --cve_id CVE-2023-0401 --target_bin /binaries/target/openssl/openssl-openssl-3.0.7-o2-libcrypto --vul_func_name pkcs7_bio_add_digest --project openssl
2025-09-08 16:56:37,462 - INFO - success CVE-2023-0401,details in cve_test/CVE-2023-0401.log

2025-09-08 16:56:37,463 - INFO - detecting CVE-2023-0401 pkcs7_bio_add_digest
2025-09-08 16:56:37,463 - INFO - cmd: python main.py --detect --cve_id CVE-2023-0401 --target_bin /binaries/target/openssl/openssl-openssl-3.0.6-o2-libcrypto --vul_func_name pkcs7_bio_add_digest --project openssl
2025-09-08 16:56:45,567 - INFO - success CVE-2023-0401,details in cve_test/CVE-2023-0401.log

2025-09-08 16:56:45,570 - INFO - detecting CVE-2023-0401 pkcs7_bio_add_digest
2025-09-08 16:56:45,570 - INFO - cmd: python main.py --detect --cve_id CVE-2023-0401 --target_bin /binaries/target/openssl/openssl-openssl-3.0.5-o2-libcrypto --vul_func_name pkcs7_bio_add_digest --project openssl
2025-09-08 16:56:53,390 - INFO - success CVE-2023-0401,details in cve_test/CVE-2023-0401.log

2025-09-08 16:56:53,391 - INFO - detecting CVE-2023-0401 pkcs7_bio_add_digest
2025-09-08 16:56:53,391 - INFO - cmd: python main.py --detect --cve_id CVE-2023-0401 --target_bin /binaries/target/openssl/openssl-openssl-3.0.8-o2-libcrypto --vul_func_name pkcs7_bio_add_digest --project openssl
2025-09-08 16:57:02,627 - INFO - success CVE-2023-0401,details in cve_test/CVE-2023-0401.log

2025-09-08 16:57:02,628 - INFO - detecting CVE-2023-0401 pkcs7_bio_add_digest
2025-09-08 16:57:02,629 - INFO - cmd: python main.py --detect --cve_id CVE-2023-0401 --target_bin /binaries/target/openssl/openssl-OpenSSL_1_1_1t-o2-libcrypto --vul_func_name pkcs7_bio_add_digest --project openssl
2025-09-08 16:57:07,287 - ERROR - fail CVE-2023-0401 ,details1

2025-09-08 16:57:07,287 - INFO - detecting CVE-2023-0401 pkcs7_bio_add_digest
2025-09-08 16:57:07,288 - INFO - cmd: python main.py --detect --cve_id CVE-2023-0401 --target_bin /binaries/target/openssl/openssl-openssl-3.1.0-o2-libcrypto --vul_func_name pkcs7_bio_add_digest --project openssl
2025-09-08 16:57:16,594 - INFO - success CVE-2023-0401,details in cve_test/CVE-2023-0401.log

2025-09-08 16:57:16,595 - INFO - detecting CVE-2023-2975 siv_cipher
2025-09-08 16:57:16,595 - INFO - cmd: python main.py --detect --cve_id CVE-2023-2975 --target_bin /binaries/target/openssl/openssl-openssl-3.1.1-o2-libcrypto --vul_func_name siv_cipher --project openssl
2025-09-08 16:57:22,656 - INFO - success CVE-2023-2975,details in cve_test/CVE-2023-2975.log

2025-09-08 16:57:22,659 - INFO - detecting CVE-2023-2975 siv_cipher
2025-09-08 16:57:22,659 - INFO - cmd: python main.py --detect --cve_id CVE-2023-2975 --target_bin /binaries/target/openssl/openssl-openssl-3.0.9-o2-libcrypto --vul_func_name siv_cipher --project openssl
2025-09-08 16:57:28,704 - INFO - success CVE-2023-2975,details in cve_test/CVE-2023-2975.log

2025-09-08 16:57:28,704 - INFO - detecting CVE-2023-2975 siv_cipher
2025-09-08 16:57:28,705 - INFO - cmd: python main.py --detect --cve_id CVE-2023-2975 --target_bin /binaries/target/openssl/openssl-openssl-3.1.0-o2-libcrypto --vul_func_name siv_cipher --project openssl
2025-09-08 16:57:34,310 - INFO - success CVE-2023-2975,details in cve_test/CVE-2023-2975.log

2025-09-08 16:57:34,311 - INFO - detecting CVE-2023-2975 siv_cipher
2025-09-08 16:57:34,311 - INFO - cmd: python main.py --detect --cve_id CVE-2023-2975 --target_bin /binaries/target/openssl/openssl-openssl-3.0.10-o2-libcrypto --vul_func_name siv_cipher --project openssl
2025-09-08 16:57:40,838 - INFO - success CVE-2023-2975,details in cve_test/CVE-2023-2975.log

2025-09-08 16:57:40,839 - INFO - detecting CVE-2023-2975 siv_cipher
2025-09-08 16:57:40,840 - INFO - cmd: python main.py --detect --cve_id CVE-2023-2975 --target_bin /binaries/target/openssl/openssl-OpenSSL_1_1_1v-o2-libcrypto --vul_func_name siv_cipher --project openssl
2025-09-08 16:57:46,511 - ERROR - fail CVE-2023-2975 ,details1

2025-09-08 16:57:46,512 - INFO - detecting CVE-2023-2975 siv_cipher
2025-09-08 16:57:46,512 - INFO - cmd: python main.py --detect --cve_id CVE-2023-2975 --target_bin /binaries/target/openssl/openssl-openssl-3.1.2-o2-libcrypto --vul_func_name siv_cipher --project openssl
2025-09-08 16:57:53,466 - INFO - success CVE-2023-2975,details in cve_test/CVE-2023-2975.log

2025-09-08 16:57:53,467 - INFO - detecting CVE-2023-5363 evp_cipher_init_internal
2025-09-08 16:57:53,468 - INFO - cmd: python main.py --detect --cve_id CVE-2023-5363 --target_bin /binaries/target/openssl/openssl-openssl-3.1.3-o2-libcrypto --vul_func_name evp_cipher_init_internal --project openssl
2025-09-08 16:58:00,799 - INFO - success CVE-2023-5363,details in cve_test/CVE-2023-5363.log

2025-09-08 16:58:00,800 - INFO - detecting CVE-2023-5363 evp_cipher_init_internal
2025-09-08 16:58:00,800 - INFO - cmd: python main.py --detect --cve_id CVE-2023-5363 --target_bin /binaries/target/openssl/openssl-openssl-3.0.11-o2-libcrypto --vul_func_name evp_cipher_init_internal --project openssl
2025-09-08 16:58:08,415 - INFO - success CVE-2023-5363,details in cve_test/CVE-2023-5363.log

2025-09-08 16:58:08,416 - INFO - detecting CVE-2023-5363 evp_cipher_init_internal
2025-09-08 16:58:08,417 - INFO - cmd: python main.py --detect --cve_id CVE-2023-5363 --target_bin /binaries/target/openssl/openssl-openssl-3.0.10-o2-libcrypto --vul_func_name evp_cipher_init_internal --project openssl
2025-09-08 16:58:14,951 - INFO - success CVE-2023-5363,details in cve_test/CVE-2023-5363.log

2025-09-08 16:58:14,952 - INFO - detecting CVE-2023-5363 evp_cipher_init_internal
2025-09-08 16:58:14,952 - INFO - cmd: python main.py --detect --cve_id CVE-2023-5363 --target_bin /binaries/target/openssl/openssl-openssl-3.2.0-beta1-o2-libcrypto --vul_func_name evp_cipher_init_internal --project openssl
2025-09-08 16:58:22,057 - INFO - success CVE-2023-5363,details in cve_test/CVE-2023-5363.log

2025-09-08 16:58:22,058 - INFO - detecting CVE-2023-5363 evp_cipher_init_internal
2025-09-08 16:58:22,059 - INFO - cmd: python main.py --detect --cve_id CVE-2023-5363 --target_bin /binaries/target/openssl/openssl-openssl-3.2.0-o2-libcrypto --vul_func_name evp_cipher_init_internal --project openssl
2025-09-08 16:58:29,331 - INFO - success CVE-2023-5363,details in cve_test/CVE-2023-5363.log

2025-09-08 16:58:29,332 - INFO - detecting CVE-2023-5363 evp_cipher_init_internal
2025-09-08 16:58:29,332 - INFO - cmd: python main.py --detect --cve_id CVE-2023-5363 --target_bin /binaries/target/openssl/openssl-openssl-3.0.13-o2-libcrypto --vul_func_name evp_cipher_init_internal --project openssl
2025-09-08 16:58:36,405 - INFO - success CVE-2023-5363,details in cve_test/CVE-2023-5363.log

2025-09-08 16:58:36,406 - INFO - detecting CVE-2023-5363 evp_cipher_init_internal
2025-09-08 16:58:36,406 - INFO - cmd: python main.py --detect --cve_id CVE-2023-5363 --target_bin /binaries/target/openssl/openssl-openssl-3.1.3-o2-libcrypto --vul_func_name evp_cipher_init_internal --project openssl
2025-09-08 16:58:43,594 - INFO - success CVE-2023-5363,details in cve_test/CVE-2023-5363.log

2025-09-08 16:58:43,594 - INFO - detecting CVE-2023-5363 evp_cipher_init_internal
2025-09-08 16:58:43,595 - INFO - cmd: python main.py --detect --cve_id CVE-2023-5363 --target_bin /binaries/target/openssl/openssl-openssl-3.0.11-o2-libcrypto --vul_func_name evp_cipher_init_internal --project openssl
2025-09-08 16:58:50,700 - INFO - success CVE-2023-5363,details in cve_test/CVE-2023-5363.log

2025-09-08 16:58:50,701 - INFO - detecting CVE-2023-5363 evp_cipher_init_internal
2025-09-08 16:58:50,701 - INFO - cmd: python main.py --detect --cve_id CVE-2023-5363 --target_bin /binaries/target/openssl/openssl-openssl-3.0.10-o2-libcrypto --vul_func_name evp_cipher_init_internal --project openssl
2025-09-08 16:58:57,349 - INFO - success CVE-2023-5363,details in cve_test/CVE-2023-5363.log

2025-09-08 16:58:57,350 - INFO - detecting CVE-2023-5363 evp_cipher_init_internal
2025-09-08 16:58:57,351 - INFO - cmd: python main.py --detect --cve_id CVE-2023-5363 --target_bin /binaries/target/openssl/openssl-openssl-3.2.0-beta1-o2-libcrypto --vul_func_name evp_cipher_init_internal --project openssl
2025-09-08 16:59:04,755 - INFO - success CVE-2023-5363,details in cve_test/CVE-2023-5363.log

2025-09-08 16:59:04,756 - INFO - detecting CVE-2023-5363 evp_cipher_init_internal
2025-09-08 16:59:04,756 - INFO - cmd: python main.py --detect --cve_id CVE-2023-5363 --target_bin /binaries/target/openssl/openssl-openssl-3.2.0-o2-libcrypto --vul_func_name evp_cipher_init_internal --project openssl
2025-09-08 16:59:11,769 - INFO - success CVE-2023-5363,details in cve_test/CVE-2023-5363.log

2025-09-08 16:59:11,770 - INFO - detecting CVE-2023-5363 evp_cipher_init_internal
2025-09-08 16:59:11,770 - INFO - cmd: python main.py --detect --cve_id CVE-2023-5363 --target_bin /binaries/target/openssl/openssl-openssl-3.0.13-o2-libcrypto --vul_func_name evp_cipher_init_internal --project openssl
2025-09-08 16:59:18,690 - INFO - success CVE-2023-5363,details in cve_test/CVE-2023-5363.log

2025-09-08 16:59:18,691 - INFO - detecting CVE-2023-5678 generate_key
2025-09-08 16:59:18,692 - INFO - cmd: python main.py --detect --cve_id CVE-2023-5678 --target_bin /binaries/target/openssl/openssl-openssl-3.0.12-o2-libcrypto --vul_func_name generate_key --project openssl
2025-09-08 16:59:28,037 - INFO - success CVE-2023-5678,details in cve_test/CVE-2023-5678.log

2025-09-08 16:59:28,039 - INFO - detecting CVE-2023-5678 generate_key
2025-09-08 16:59:28,039 - INFO - cmd: python main.py --detect --cve_id CVE-2023-5678 --target_bin /binaries/target/openssl/openssl-openssl-3.1.4-o2-libcrypto --vul_func_name generate_key --project openssl
2025-09-08 16:59:37,456 - INFO - success CVE-2023-5678,details in cve_test/CVE-2023-5678.log

2025-09-08 16:59:37,457 - INFO - detecting CVE-2023-5678 generate_key
2025-09-08 16:59:37,457 - INFO - cmd: python main.py --detect --cve_id CVE-2023-5678 --target_bin /binaries/target/openssl/openssl-openssl-3.1.3-o2-libcrypto --vul_func_name generate_key --project openssl
2025-09-08 16:59:48,042 - INFO - success CVE-2023-5678,details in cve_test/CVE-2023-5678.log

2025-09-08 16:59:48,043 - INFO - detecting CVE-2023-5678 generate_key
2025-09-08 16:59:48,044 - INFO - cmd: python main.py --detect --cve_id CVE-2023-5678 --target_bin /binaries/target/openssl/openssl-openssl-3.2.0-o2-libcrypto --vul_func_name generate_key --project openssl
2025-09-08 16:59:57,618 - INFO - success CVE-2023-5678,details in cve_test/CVE-2023-5678.log

2025-09-08 16:59:57,619 - INFO - detecting CVE-2023-5678 generate_key
2025-09-08 16:59:57,619 - INFO - cmd: python main.py --detect --cve_id CVE-2023-5678 --target_bin /binaries/target/openssl/openssl-openssl-3.1.5-o2-libcrypto --vul_func_name generate_key --project openssl
2025-09-08 17:00:08,682 - INFO - success CVE-2023-5678,details in cve_test/CVE-2023-5678.log

2025-09-08 17:00:08,682 - INFO - detecting CVE-2023-5678 generate_key
2025-09-08 17:00:08,683 - INFO - cmd: python main.py --detect --cve_id CVE-2023-5678 --target_bin /binaries/target/openssl/openssl-openssl-3.2.1-o2-libcrypto --vul_func_name generate_key --project openssl
2025-09-08 17:00:18,908 - INFO - success CVE-2023-5678,details in cve_test/CVE-2023-5678.log

2025-09-08 17:00:18,908 - INFO - detecting CVE-2023-5678 ossl_dh_compute_key
2025-09-08 17:00:18,909 - INFO - cmd: python main.py --detect --cve_id CVE-2023-5678 --target_bin /binaries/target/openssl/openssl-openssl-3.0.12-o2-libcrypto --vul_func_name ossl_dh_compute_key --project openssl
2025-09-08 17:00:34,707 - INFO - success CVE-2023-5678,details in cve_test/CVE-2023-5678.log

2025-09-08 17:00:34,708 - INFO - detecting CVE-2023-5678 ossl_dh_compute_key
2025-09-08 17:00:34,709 - INFO - cmd: python main.py --detect --cve_id CVE-2023-5678 --target_bin /binaries/target/openssl/openssl-openssl-3.1.4-o2-libcrypto --vul_func_name ossl_dh_compute_key --project openssl
2025-09-08 17:00:50,406 - INFO - success CVE-2023-5678,details in cve_test/CVE-2023-5678.log

2025-09-08 17:00:50,407 - INFO - detecting CVE-2023-5678 ossl_dh_compute_key
2025-09-08 17:00:50,407 - INFO - cmd: python main.py --detect --cve_id CVE-2023-5678 --target_bin /binaries/target/openssl/openssl-openssl-3.1.3-o2-libcrypto --vul_func_name ossl_dh_compute_key --project openssl
2025-09-08 17:01:04,448 - INFO - success CVE-2023-5678,details in cve_test/CVE-2023-5678.log

2025-09-08 17:01:04,449 - INFO - detecting CVE-2023-5678 ossl_dh_compute_key
2025-09-08 17:01:04,449 - INFO - cmd: python main.py --detect --cve_id CVE-2023-5678 --target_bin /binaries/target/openssl/openssl-openssl-3.2.0-o2-libcrypto --vul_func_name ossl_dh_compute_key --project openssl
2025-09-08 17:01:20,088 - INFO - success CVE-2023-5678,details in cve_test/CVE-2023-5678.log

2025-09-08 17:01:20,089 - INFO - detecting CVE-2023-5678 ossl_dh_compute_key
2025-09-08 17:01:20,090 - INFO - cmd: python main.py --detect --cve_id CVE-2023-5678 --target_bin /binaries/target/openssl/openssl-openssl-3.1.5-o2-libcrypto --vul_func_name ossl_dh_compute_key --project openssl
2025-09-08 17:01:34,716 - INFO - success CVE-2023-5678,details in cve_test/CVE-2023-5678.log

2025-09-08 17:01:34,716 - INFO - detecting CVE-2023-5678 ossl_dh_compute_key
2025-09-08 17:01:34,717 - INFO - cmd: python main.py --detect --cve_id CVE-2023-5678 --target_bin /binaries/target/openssl/openssl-openssl-3.2.1-o2-libcrypto --vul_func_name ossl_dh_compute_key --project openssl
2025-09-08 17:01:51,857 - INFO - success CVE-2023-5678,details in cve_test/CVE-2023-5678.log

2025-09-08 17:01:51,858 - INFO - detecting CVE-2024-0727 newpass_p12
2025-09-08 17:01:51,859 - INFO - cmd: python main.py --detect --cve_id CVE-2024-0727 --target_bin /binaries/target/openssl/openssl-openssl-3.2.0-o2-libcrypto --vul_func_name newpass_p12 --project openssl
2025-09-08 17:02:17,714 - INFO - success CVE-2024-0727,details in cve_test/CVE-2024-0727.log

2025-09-08 17:02:17,715 - INFO - detecting CVE-2024-0727 newpass_p12
2025-09-08 17:02:17,716 - INFO - cmd: python main.py --detect --cve_id CVE-2024-0727 --target_bin /binaries/target/openssl/openssl-openssl-3.0.12-o2-libcrypto --vul_func_name newpass_p12 --project openssl
2025-09-08 17:02:45,502 - INFO - success CVE-2024-0727,details in cve_test/CVE-2024-0727.log

2025-09-08 17:02:45,503 - INFO - detecting CVE-2024-0727 newpass_p12
2025-09-08 17:02:45,503 - INFO - cmd: python main.py --detect --cve_id CVE-2024-0727 --target_bin /binaries/target/openssl/openssl-openssl-3.1.4-o2-libcrypto --vul_func_name newpass_p12 --project openssl
2025-09-08 17:03:12,696 - INFO - success CVE-2024-0727,details in cve_test/CVE-2024-0727.log

2025-09-08 17:03:12,697 - INFO - detecting CVE-2024-0727 newpass_p12
2025-09-08 17:03:12,697 - INFO - cmd: python main.py --detect --cve_id CVE-2024-0727 --target_bin /binaries/target/openssl/openssl-openssl-3.1.5-o2-libcrypto --vul_func_name newpass_p12 --project openssl
2025-09-08 17:03:39,736 - INFO - success CVE-2024-0727,details in cve_test/CVE-2024-0727.log

2025-09-08 17:03:39,737 - INFO - detecting CVE-2024-0727 newpass_p12
2025-09-08 17:03:39,737 - INFO - cmd: python main.py --detect --cve_id CVE-2024-0727 --target_bin /binaries/target/openssl/openssl-openssl-3.2.1-o2-libcrypto --vul_func_name newpass_p12 --project openssl
2025-09-08 17:04:08,437 - INFO - success CVE-2024-0727,details in cve_test/CVE-2024-0727.log

2025-09-08 17:04:08,438 - INFO - detecting CVE-2024-0727 newpass_p12
2025-09-08 17:04:08,438 - INFO - cmd: python main.py --detect --cve_id CVE-2024-0727 --target_bin /binaries/target/openssl/openssl-openssl-3.0.13-o2-libcrypto --vul_func_name newpass_p12 --project openssl
2025-09-08 17:04:35,884 - INFO - success CVE-2024-0727,details in cve_test/CVE-2024-0727.log

2025-09-08 17:04:35,884 - INFO - detecting CVE-2024-0727 SMIME_write_PKCS7
2025-09-08 17:04:35,884 - INFO - cmd: python main.py --detect --cve_id CVE-2024-0727 --target_bin /binaries/target/openssl/openssl-openssl-3.2.0-o2-libcrypto --vul_func_name SMIME_write_PKCS7 --project openssl
2025-09-08 17:04:44,680 - INFO - success CVE-2024-0727,details in cve_test/CVE-2024-0727.log

2025-09-08 17:04:44,681 - INFO - detecting CVE-2024-0727 SMIME_write_PKCS7
2025-09-08 17:04:44,682 - INFO - cmd: python main.py --detect --cve_id CVE-2024-0727 --target_bin /binaries/target/openssl/openssl-openssl-3.0.12-o2-libcrypto --vul_func_name SMIME_write_PKCS7 --project openssl
2025-09-08 17:04:54,503 - INFO - success CVE-2024-0727,details in cve_test/CVE-2024-0727.log

2025-09-08 17:04:54,504 - INFO - detecting CVE-2024-0727 SMIME_write_PKCS7
2025-09-08 17:04:54,505 - INFO - cmd: python main.py --detect --cve_id CVE-2024-0727 --target_bin /binaries/target/openssl/openssl-openssl-3.1.4-o2-libcrypto --vul_func_name SMIME_write_PKCS7 --project openssl
2025-09-08 17:05:03,608 - INFO - success CVE-2024-0727,details in cve_test/CVE-2024-0727.log

2025-09-08 17:05:03,609 - INFO - detecting CVE-2024-0727 SMIME_write_PKCS7
2025-09-08 17:05:03,609 - INFO - cmd: python main.py --detect --cve_id CVE-2024-0727 --target_bin /binaries/target/openssl/openssl-openssl-3.1.5-o2-libcrypto --vul_func_name SMIME_write_PKCS7 --project openssl
2025-09-08 17:05:11,166 - INFO - success CVE-2024-0727,details in cve_test/CVE-2024-0727.log

2025-09-08 17:05:11,167 - INFO - detecting CVE-2024-0727 SMIME_write_PKCS7
2025-09-08 17:05:11,168 - INFO - cmd: python main.py --detect --cve_id CVE-2024-0727 --target_bin /binaries/target/openssl/openssl-openssl-3.2.1-o2-libcrypto --vul_func_name SMIME_write_PKCS7 --project openssl
2025-09-08 17:05:19,227 - INFO - success CVE-2024-0727,details in cve_test/CVE-2024-0727.log

2025-09-08 17:05:19,228 - INFO - detecting CVE-2024-0727 SMIME_write_PKCS7
2025-09-08 17:05:19,228 - INFO - cmd: python main.py --detect --cve_id CVE-2024-0727 --target_bin /binaries/target/openssl/openssl-openssl-3.0.13-o2-libcrypto --vul_func_name SMIME_write_PKCS7 --project openssl
2025-09-08 17:05:26,410 - INFO - success CVE-2024-0727,details in cve_test/CVE-2024-0727.log

2025-09-08 17:05:26,411 - INFO - detecting CVE-2024-0727 pkcs12_gen_mac
2025-09-08 17:05:26,412 - INFO - cmd: python main.py --detect --cve_id CVE-2024-0727 --target_bin /binaries/target/openssl/openssl-openssl-3.2.0-o2-libcrypto --vul_func_name pkcs12_gen_mac --project openssl
2025-09-08 17:05:35,887 - INFO - success CVE-2024-0727,details in cve_test/CVE-2024-0727.log

2025-09-08 17:05:35,888 - INFO - detecting CVE-2024-0727 pkcs12_gen_mac
2025-09-08 17:05:35,888 - INFO - cmd: python main.py --detect --cve_id CVE-2024-0727 --target_bin /binaries/target/openssl/openssl-openssl-3.0.12-o2-libcrypto --vul_func_name pkcs12_gen_mac --project openssl
2025-09-08 17:05:45,948 - INFO - success CVE-2024-0727,details in cve_test/CVE-2024-0727.log

2025-09-08 17:05:45,949 - INFO - detecting CVE-2024-0727 pkcs12_gen_mac
2025-09-08 17:05:45,949 - INFO - cmd: python main.py --detect --cve_id CVE-2024-0727 --target_bin /binaries/target/openssl/openssl-openssl-3.1.4-o2-libcrypto --vul_func_name pkcs12_gen_mac --project openssl
2025-09-08 17:05:57,023 - INFO - success CVE-2024-0727,details in cve_test/CVE-2024-0727.log

2025-09-08 17:05:57,024 - INFO - detecting CVE-2024-0727 pkcs12_gen_mac
2025-09-08 17:05:57,025 - INFO - cmd: python main.py --detect --cve_id CVE-2024-0727 --target_bin /binaries/target/openssl/openssl-openssl-3.1.5-o2-libcrypto --vul_func_name pkcs12_gen_mac --project openssl
2025-09-08 17:06:06,496 - INFO - success CVE-2024-0727,details in cve_test/CVE-2024-0727.log

2025-09-08 17:06:06,497 - INFO - detecting CVE-2024-0727 pkcs12_gen_mac
2025-09-08 17:06:06,498 - INFO - cmd: python main.py --detect --cve_id CVE-2024-0727 --target_bin /binaries/target/openssl/openssl-openssl-3.2.1-o2-libcrypto --vul_func_name pkcs12_gen_mac --project openssl
2025-09-08 17:06:15,846 - INFO - success CVE-2024-0727,details in cve_test/CVE-2024-0727.log

2025-09-08 17:06:15,847 - INFO - detecting CVE-2024-0727 pkcs12_gen_mac
2025-09-08 17:06:15,847 - INFO - cmd: python main.py --detect --cve_id CVE-2024-0727 --target_bin /binaries/target/openssl/openssl-openssl-3.0.13-o2-libcrypto --vul_func_name pkcs12_gen_mac --project openssl
2025-09-08 17:06:25,120 - INFO - success CVE-2024-0727,details in cve_test/CVE-2024-0727.log

2025-09-08 17:06:25,121 - INFO - detecting CVE-2024-0727 PKCS12_unpack_p7encdata
2025-09-08 17:06:25,121 - INFO - cmd: python main.py --detect --cve_id CVE-2024-0727 --target_bin /binaries/target/openssl/openssl-openssl-3.2.0-o2-libcrypto --vul_func_name PKCS12_unpack_p7encdata --project openssl
2025-09-08 17:06:32,457 - INFO - success CVE-2024-0727,details in cve_test/CVE-2024-0727.log

2025-09-08 17:06:32,458 - INFO - detecting CVE-2024-0727 PKCS12_unpack_p7encdata
2025-09-08 17:06:32,458 - INFO - cmd: python main.py --detect --cve_id CVE-2024-0727 --target_bin /binaries/target/openssl/openssl-openssl-3.0.12-o2-libcrypto --vul_func_name PKCS12_unpack_p7encdata --project openssl
2025-09-08 17:06:39,333 - INFO - success CVE-2024-0727,details in cve_test/CVE-2024-0727.log

2025-09-08 17:06:39,334 - INFO - detecting CVE-2024-0727 PKCS12_unpack_p7encdata
2025-09-08 17:06:39,335 - INFO - cmd: python main.py --detect --cve_id CVE-2024-0727 --target_bin /binaries/target/openssl/openssl-openssl-3.1.4-o2-libcrypto --vul_func_name PKCS12_unpack_p7encdata --project openssl
2025-09-08 17:06:46,720 - INFO - success CVE-2024-0727,details in cve_test/CVE-2024-0727.log

2025-09-08 17:06:46,721 - INFO - detecting CVE-2024-0727 PKCS12_unpack_p7encdata
2025-09-08 17:06:46,721 - INFO - cmd: python main.py --detect --cve_id CVE-2024-0727 --target_bin /binaries/target/openssl/openssl-openssl-3.1.5-o2-libcrypto --vul_func_name PKCS12_unpack_p7encdata --project openssl
2025-09-08 17:06:53,249 - INFO - success CVE-2024-0727,details in cve_test/CVE-2024-0727.log

2025-09-08 17:06:53,250 - INFO - detecting CVE-2024-0727 PKCS12_unpack_p7encdata
2025-09-08 17:06:53,250 - INFO - cmd: python main.py --detect --cve_id CVE-2024-0727 --target_bin /binaries/target/openssl/openssl-openssl-3.2.1-o2-libcrypto --vul_func_name PKCS12_unpack_p7encdata --project openssl
2025-09-08 17:07:00,178 - INFO - success CVE-2024-0727,details in cve_test/CVE-2024-0727.log

2025-09-08 17:07:00,179 - INFO - detecting CVE-2024-0727 PKCS12_unpack_p7encdata
2025-09-08 17:07:00,179 - INFO - cmd: python main.py --detect --cve_id CVE-2024-0727 --target_bin /binaries/target/openssl/openssl-openssl-3.0.13-o2-libcrypto --vul_func_name PKCS12_unpack_p7encdata --project openssl
2025-09-08 17:07:06,752 - INFO - success CVE-2024-0727,details in cve_test/CVE-2024-0727.log

2025-09-08 17:07:06,753 - INFO - detecting CVE-2024-0727 PKCS12_unpack_authsafes
2025-09-08 17:07:06,753 - INFO - cmd: python main.py --detect --cve_id CVE-2024-0727 --target_bin /binaries/target/openssl/openssl-openssl-3.2.0-o2-libcrypto --vul_func_name PKCS12_unpack_authsafes --project openssl
2025-09-08 17:07:16,899 - INFO - success CVE-2024-0727,details in cve_test/CVE-2024-0727.log

2025-09-08 17:07:16,900 - INFO - detecting CVE-2024-0727 PKCS12_unpack_authsafes
2025-09-08 17:07:16,900 - INFO - cmd: python main.py --detect --cve_id CVE-2024-0727 --target_bin /binaries/target/openssl/openssl-openssl-3.0.12-o2-libcrypto --vul_func_name PKCS12_unpack_authsafes --project openssl
2025-09-08 17:07:23,786 - INFO - success CVE-2024-0727,details in cve_test/CVE-2024-0727.log

2025-09-08 17:07:23,787 - INFO - detecting CVE-2024-0727 PKCS12_unpack_authsafes
2025-09-08 17:07:23,787 - INFO - cmd: python main.py --detect --cve_id CVE-2024-0727 --target_bin /binaries/target/openssl/openssl-openssl-3.1.4-o2-libcrypto --vul_func_name PKCS12_unpack_authsafes --project openssl
2025-09-08 17:07:31,557 - INFO - success CVE-2024-0727,details in cve_test/CVE-2024-0727.log

2025-09-08 17:07:31,558 - INFO - detecting CVE-2024-0727 PKCS12_unpack_authsafes
2025-09-08 17:07:31,559 - INFO - cmd: python main.py --detect --cve_id CVE-2024-0727 --target_bin /binaries/target/openssl/openssl-openssl-3.1.5-o2-libcrypto --vul_func_name PKCS12_unpack_authsafes --project openssl
2025-09-08 17:07:38,163 - INFO - success CVE-2024-0727,details in cve_test/CVE-2024-0727.log

2025-09-08 17:07:38,164 - INFO - detecting CVE-2024-0727 PKCS12_unpack_authsafes
2025-09-08 17:07:38,164 - INFO - cmd: python main.py --detect --cve_id CVE-2024-0727 --target_bin /binaries/target/openssl/openssl-openssl-3.2.1-o2-libcrypto --vul_func_name PKCS12_unpack_authsafes --project openssl
2025-09-08 17:07:45,254 - INFO - success CVE-2024-0727,details in cve_test/CVE-2024-0727.log

2025-09-08 17:07:45,255 - INFO - detecting CVE-2024-0727 PKCS12_unpack_authsafes
2025-09-08 17:07:45,255 - INFO - cmd: python main.py --detect --cve_id CVE-2024-0727 --target_bin /binaries/target/openssl/openssl-openssl-3.0.13-o2-libcrypto --vul_func_name PKCS12_unpack_authsafes --project openssl
2025-09-08 17:07:52,193 - INFO - success CVE-2024-0727,details in cve_test/CVE-2024-0727.log