2025-09-08 16:15:05,725 - INFO - detecting CVE-2016-6153 unixGetTempname
2025-09-08 16:15:05,726 - INFO - cmd: python main.py --detect --cve_id CVE-2016-6153 --target_bin /binaries/target/sqlite/sqlite-3.12.2-o2-sqlite3 --vul_func_name unixGetTempname --project sqlite
2025-09-08 16:15:11,897 - INFO - success CVE-2016-6153,details in cve_test/CVE-2016-6153.log

2025-09-08 16:15:11,898 - INFO - detecting CVE-2016-6153 unixGetTempname
2025-09-08 16:15:11,899 - INFO - cmd: python main.py --detect --cve_id CVE-2016-6153 --target_bin /binaries/target/sqlite/sqlite-3.12.1-o2-sqlite3 --vul_func_name unixGetTempname --project sqlite
2025-09-08 16:15:16,803 - INFO - success CVE-2016-6153,details in cve_test/CVE-2016-6153.log

2025-09-08 16:15:16,804 - INFO - detecting CVE-2016-6153 unixGetTempname
2025-09-08 16:15:16,805 - INFO - cmd: python main.py --detect --cve_id CVE-2016-6153 --target_bin /binaries/target/sqlite/sqlite-3.9.3-o2-sqlite3 --vul_func_name unixGetTempname --project sqlite
2025-09-08 16:15:20,978 - ERROR - fail CVE-2016-6153 ,details1

2025-09-08 16:15:20,979 - INFO - detecting CVE-2016-6153 unixGetTempname
2025-09-08 16:15:20,979 - INFO - cmd: python main.py --detect --cve_id CVE-2016-6153 --target_bin /binaries/target/sqlite/sqlite-3.13.0-o2-sqlite3 --vul_func_name unixGetTempname --project sqlite
2025-09-08 16:15:27,371 - INFO - success CVE-2016-6153,details in cve_test/CVE-2016-6153.log

2025-09-08 16:15:27,372 - INFO - detecting CVE-2016-6153 unixGetTempname
2025-09-08 16:15:27,372 - INFO - cmd: python main.py --detect --cve_id CVE-2016-6153 --target_bin /binaries/target/sqlite/sqlite-3.14.1-o2-sqlite3 --vul_func_name unixGetTempname --project sqlite
2025-09-08 16:15:33,956 - INFO - success CVE-2016-6153,details in cve_test/CVE-2016-6153.log

2025-09-08 16:15:33,958 - INFO - detecting CVE-2016-6153 unixGetTempname
2025-09-08 16:15:33,958 - INFO - cmd: python main.py --detect --cve_id CVE-2016-6153 --target_bin /binaries/target/sqlite/sqlite-3.14.2-o2-sqlite3 --vul_func_name unixGetTempname --project sqlite
2025-09-08 16:15:41,065 - INFO - success CVE-2016-6153,details in cve_test/CVE-2016-6153.log

2025-09-08 16:15:41,066 - INFO - detecting CVE-2018-20346 fts3SegReaderNext
2025-09-08 16:15:41,066 - INFO - cmd: python main.py --detect --cve_id CVE-2018-20346 --target_bin /binaries/target/sqlite/sqlite-3.25.2-o2-sqlite3 --vul_func_name fts3SegReaderNext --project sqlite
2025-09-08 16:15:49,325 - INFO - success CVE-2018-20346,details in cve_test/CVE-2018-20346.log

2025-09-08 16:15:49,326 - INFO - detecting CVE-2018-20346 fts3SegReaderNext
2025-09-08 16:15:49,327 - INFO - cmd: python main.py --detect --cve_id CVE-2018-20346 --target_bin /binaries/target/sqlite/sqlite-3.25.1-o2-sqlite3 --vul_func_name fts3SegReaderNext --project sqlite
2025-09-08 16:15:56,851 - INFO - success CVE-2018-20346,details in cve_test/CVE-2018-20346.log

2025-09-08 16:15:56,852 - INFO - detecting CVE-2018-20346 fts3SegReaderNext
2025-09-08 16:15:56,853 - INFO - cmd: python main.py --detect --cve_id CVE-2018-20346 --target_bin /binaries/target/sqlite/sqlite-3.25.0-o2-sqlite3 --vul_func_name fts3SegReaderNext --project sqlite
2025-09-08 16:16:05,421 - INFO - success CVE-2018-20346,details in cve_test/CVE-2018-20346.log

2025-09-08 16:16:05,422 - INFO - detecting CVE-2018-20346 fts3SegReaderNext
2025-09-08 16:16:05,423 - INFO - cmd: python main.py --detect --cve_id CVE-2018-20346 --target_bin /binaries/target/sqlite/sqlite-3.25.3-o2-sqlite3 --vul_func_name fts3SegReaderNext --project sqlite
2025-09-08 16:16:13,490 - INFO - success CVE-2018-20346,details in cve_test/CVE-2018-20346.log

2025-09-08 16:16:13,492 - INFO - detecting CVE-2018-20346 fts3SegReaderNext
2025-09-08 16:16:13,492 - INFO - cmd: python main.py --detect --cve_id CVE-2018-20346 --target_bin /binaries/target/sqlite/sqlite-3.26.0-o2-sqlite3 --vul_func_name fts3SegReaderNext --project sqlite
2025-09-08 16:16:21,841 - INFO - success CVE-2018-20346,details in cve_test/CVE-2018-20346.log

2025-09-08 16:16:21,842 - INFO - detecting CVE-2018-20346 fts3SegReaderNext
2025-09-08 16:16:21,842 - INFO - cmd: python main.py --detect --cve_id CVE-2018-20346 --target_bin /binaries/target/sqlite/sqlite-3.27.0-o2-sqlite3 --vul_func_name fts3SegReaderNext --project sqlite
2025-09-08 16:16:30,838 - INFO - success CVE-2018-20346,details in cve_test/CVE-2018-20346.log

2025-09-08 16:16:30,840 - INFO - detecting CVE-2018-20346 fts3ScanInteriorNode
2025-09-08 16:16:30,840 - INFO - cmd: python main.py --detect --cve_id CVE-2018-20346 --target_bin /binaries/target/sqlite/sqlite-3.25.2-o2-sqlite3 --vul_func_name fts3ScanInteriorNode --project sqlite
2025-09-08 16:16:37,608 - INFO - success CVE-2018-20346,details in cve_test/CVE-2018-20346.log

2025-09-08 16:16:37,609 - INFO - detecting CVE-2018-20346 fts3ScanInteriorNode
2025-09-08 16:16:37,609 - INFO - cmd: python main.py --detect --cve_id CVE-2018-20346 --target_bin /binaries/target/sqlite/sqlite-3.25.1-o2-sqlite3 --vul_func_name fts3ScanInteriorNode --project sqlite
2025-09-08 16:16:43,790 - INFO - success CVE-2018-20346,details in cve_test/CVE-2018-20346.log

2025-09-08 16:16:43,803 - INFO - detecting CVE-2018-20346 fts3ScanInteriorNode
2025-09-08 16:16:43,803 - INFO - cmd: python main.py --detect --cve_id CVE-2018-20346 --target_bin /binaries/target/sqlite/sqlite-3.25.0-o2-sqlite3 --vul_func_name fts3ScanInteriorNode --project sqlite
2025-09-08 16:16:50,646 - INFO - success CVE-2018-20346,details in cve_test/CVE-2018-20346.log

2025-09-08 16:16:50,647 - INFO - detecting CVE-2018-20346 fts3ScanInteriorNode
2025-09-08 16:16:50,648 - INFO - cmd: python main.py --detect --cve_id CVE-2018-20346 --target_bin /binaries/target/sqlite/sqlite-3.25.3-o2-sqlite3 --vul_func_name fts3ScanInteriorNode --project sqlite
2025-09-08 16:16:57,835 - INFO - success CVE-2018-20346,details in cve_test/CVE-2018-20346.log

2025-09-08 16:16:57,836 - INFO - detecting CVE-2018-20346 fts3ScanInteriorNode
2025-09-08 16:16:57,836 - INFO - cmd: python main.py --detect --cve_id CVE-2018-20346 --target_bin /binaries/target/sqlite/sqlite-3.26.0-o2-sqlite3 --vul_func_name fts3ScanInteriorNode --project sqlite
2025-09-08 16:17:04,160 - INFO - success CVE-2018-20346,details in cve_test/CVE-2018-20346.log

2025-09-08 16:17:04,161 - INFO - detecting CVE-2018-20346 fts3ScanInteriorNode
2025-09-08 16:17:04,162 - INFO - cmd: python main.py --detect --cve_id CVE-2018-20346 --target_bin /binaries/target/sqlite/sqlite-3.27.0-o2-sqlite3 --vul_func_name fts3ScanInteriorNode --project sqlite
2025-09-08 16:17:10,997 - INFO - success CVE-2018-20346,details in cve_test/CVE-2018-20346.log

2025-09-08 16:17:10,998 - INFO - detecting CVE-2019-19645 renameTableFunc
2025-09-08 16:17:10,999 - INFO - cmd: python main.py --detect --cve_id CVE-2019-19645 --target_bin /binaries/target/sqlite/sqlite-3.30.1-o2-sqlite3 --vul_func_name renameTableFunc --project sqlite
2025-09-08 16:17:22,000 - INFO - success CVE-2019-19645,details in cve_test/CVE-2019-19645.log

2025-09-08 16:17:22,001 - INFO - detecting CVE-2019-19645 renameTableFunc
2025-09-08 16:17:22,001 - INFO - cmd: python main.py --detect --cve_id CVE-2019-19645 --target_bin /binaries/target/sqlite/sqlite-3.30.0-o2-sqlite3 --vul_func_name renameTableFunc --project sqlite
2025-09-08 16:17:31,477 - INFO - success CVE-2019-19645,details in cve_test/CVE-2019-19645.log

2025-09-08 16:17:31,479 - INFO - detecting CVE-2019-19645 renameTableFunc
2025-09-08 16:17:31,479 - INFO - cmd: python main.py --detect --cve_id CVE-2019-19645 --target_bin /binaries/target/sqlite/sqlite-3.29.0-o2-sqlite3 --vul_func_name renameTableFunc --project sqlite
2025-09-08 16:17:41,371 - INFO - success CVE-2019-19645,details in cve_test/CVE-2019-19645.log

2025-09-08 16:17:41,372 - INFO - detecting CVE-2019-19645 renameTableFunc
2025-09-08 16:17:41,373 - INFO - cmd: python main.py --detect --cve_id CVE-2019-19645 --target_bin /binaries/target/sqlite/sqlite-3.31.0-o2-sqlite3 --vul_func_name renameTableFunc --project sqlite
2025-09-08 16:17:50,356 - INFO - success CVE-2019-19645,details in cve_test/CVE-2019-19645.log

2025-09-08 16:17:50,358 - INFO - detecting CVE-2019-19645 renameTableFunc
2025-09-08 16:17:50,358 - INFO - cmd: python main.py --detect --cve_id CVE-2019-19645 --target_bin /binaries/target/sqlite/sqlite-3.31.1-o2-sqlite3 --vul_func_name renameTableFunc --project sqlite
2025-09-08 16:17:58,224 - INFO - success CVE-2019-19645,details in cve_test/CVE-2019-19645.log

2025-09-08 16:17:58,225 - INFO - detecting CVE-2019-19645 renameTableFunc
2025-09-08 16:17:58,226 - INFO - cmd: python main.py --detect --cve_id CVE-2019-19645 --target_bin /binaries/target/sqlite/sqlite-3.32.0-o2-sqlite3 --vul_func_name renameTableFunc --project sqlite
2025-09-08 16:18:05,316 - INFO - success CVE-2019-19645,details in cve_test/CVE-2019-19645.log

2025-09-08 16:18:05,317 - INFO - detecting CVE-2019-19645 renameUnmapSelectCb
2025-09-08 16:18:05,318 - INFO - cmd: python main.py --detect --cve_id CVE-2019-19645 --target_bin /binaries/target/sqlite/sqlite-3.30.1-o2-sqlite3 --vul_func_name renameUnmapSelectCb --project sqlite
2025-09-08 16:18:12,766 - INFO - success CVE-2019-19645,details in cve_test/CVE-2019-19645.log

2025-09-08 16:18:12,768 - INFO - detecting CVE-2019-19645 renameUnmapSelectCb
2025-09-08 16:18:12,768 - INFO - cmd: python main.py --detect --cve_id CVE-2019-19645 --target_bin /binaries/target/sqlite/sqlite-3.30.0-o2-sqlite3 --vul_func_name renameUnmapSelectCb --project sqlite
2025-09-08 16:18:19,930 - INFO - success CVE-2019-19645,details in cve_test/CVE-2019-19645.log

2025-09-08 16:18:19,931 - INFO - detecting CVE-2019-19645 renameUnmapSelectCb
2025-09-08 16:18:19,932 - INFO - cmd: python main.py --detect --cve_id CVE-2019-19645 --target_bin /binaries/target/sqlite/sqlite-3.29.0-o2-sqlite3 --vul_func_name renameUnmapSelectCb --project sqlite
2025-09-08 16:18:26,805 - INFO - success CVE-2019-19645,details in cve_test/CVE-2019-19645.log

2025-09-08 16:18:26,806 - INFO - detecting CVE-2019-19645 renameUnmapSelectCb
2025-09-08 16:18:26,807 - INFO - cmd: python main.py --detect --cve_id CVE-2019-19645 --target_bin /binaries/target/sqlite/sqlite-3.31.0-o2-sqlite3 --vul_func_name renameUnmapSelectCb --project sqlite
2025-09-08 16:18:33,934 - INFO - success CVE-2019-19645,details in cve_test/CVE-2019-19645.log

2025-09-08 16:18:33,935 - INFO - detecting CVE-2019-19645 renameUnmapSelectCb
2025-09-08 16:18:33,936 - INFO - cmd: python main.py --detect --cve_id CVE-2019-19645 --target_bin /binaries/target/sqlite/sqlite-3.31.1-o2-sqlite3 --vul_func_name renameUnmapSelectCb --project sqlite
2025-09-08 16:18:42,872 - INFO - success CVE-2019-19645,details in cve_test/CVE-2019-19645.log

2025-09-08 16:18:42,873 - INFO - detecting CVE-2019-19645 renameUnmapSelectCb
2025-09-08 16:18:42,874 - INFO - cmd: python main.py --detect --cve_id CVE-2019-19645 --target_bin /binaries/target/sqlite/sqlite-3.32.0-o2-sqlite3 --vul_func_name renameUnmapSelectCb --project sqlite
2025-09-08 16:18:51,527 - INFO - success CVE-2019-19645,details in cve_test/CVE-2019-19645.log

2025-09-08 16:18:51,529 - INFO - detecting CVE-2019-19645 renameColumnSelectCb
2025-09-08 16:18:51,529 - INFO - cmd: python main.py --detect --cve_id CVE-2019-19645 --target_bin /binaries/target/sqlite/sqlite-3.30.1-o2-sqlite3 --vul_func_name renameColumnSelectCb --project sqlite
2025-09-08 16:18:58,031 - INFO - success CVE-2019-19645,details in cve_test/CVE-2019-19645.log

2025-09-08 16:18:58,032 - INFO - detecting CVE-2019-19645 renameColumnSelectCb
2025-09-08 16:18:58,033 - INFO - cmd: python main.py --detect --cve_id CVE-2019-19645 --target_bin /binaries/target/sqlite/sqlite-3.30.0-o2-sqlite3 --vul_func_name renameColumnSelectCb --project sqlite
2025-09-08 16:19:05,041 - INFO - success CVE-2019-19645,details in cve_test/CVE-2019-19645.log

2025-09-08 16:19:05,042 - INFO - detecting CVE-2019-19645 renameColumnSelectCb
2025-09-08 16:19:05,043 - INFO - cmd: python main.py --detect --cve_id CVE-2019-19645 --target_bin /binaries/target/sqlite/sqlite-3.29.0-o2-sqlite3 --vul_func_name renameColumnSelectCb --project sqlite
2025-09-08 16:19:11,494 - INFO - success CVE-2019-19645,details in cve_test/CVE-2019-19645.log

2025-09-08 16:19:11,496 - INFO - detecting CVE-2019-19645 renameColumnSelectCb
2025-09-08 16:19:11,496 - INFO - cmd: python main.py --detect --cve_id CVE-2019-19645 --target_bin /binaries/target/sqlite/sqlite-3.31.0-o2-sqlite3 --vul_func_name renameColumnSelectCb --project sqlite
2025-09-08 16:19:19,637 - INFO - success CVE-2019-19645,details in cve_test/CVE-2019-19645.log

2025-09-08 16:19:19,638 - INFO - detecting CVE-2019-19645 renameColumnSelectCb
2025-09-08 16:19:19,639 - INFO - cmd: python main.py --detect --cve_id CVE-2019-19645 --target_bin /binaries/target/sqlite/sqlite-3.31.1-o2-sqlite3 --vul_func_name renameColumnSelectCb --project sqlite
2025-09-08 16:19:27,237 - INFO - success CVE-2019-19645,details in cve_test/CVE-2019-19645.log

2025-09-08 16:19:27,238 - INFO - detecting CVE-2019-19645 renameColumnSelectCb
2025-09-08 16:19:27,238 - INFO - cmd: python main.py --detect --cve_id CVE-2019-19645 --target_bin /binaries/target/sqlite/sqlite-3.32.0-o2-sqlite3 --vul_func_name renameColumnSelectCb --project sqlite
2025-09-08 16:19:35,709 - INFO - success CVE-2019-19645,details in cve_test/CVE-2019-19645.log

2025-09-08 16:19:35,710 - INFO - detecting CVE-2019-19645 renameTableSelectCb
2025-09-08 16:19:35,710 - INFO - cmd: python main.py --detect --cve_id CVE-2019-19645 --target_bin /binaries/target/sqlite/sqlite-3.30.1-o2-sqlite3 --vul_func_name renameTableSelectCb --project sqlite
2025-09-08 16:19:43,287 - INFO - success CVE-2019-19645,details in cve_test/CVE-2019-19645.log

2025-09-08 16:19:43,289 - INFO - detecting CVE-2019-19645 renameTableSelectCb
2025-09-08 16:19:43,289 - INFO - cmd: python main.py --detect --cve_id CVE-2019-19645 --target_bin /binaries/target/sqlite/sqlite-3.30.0-o2-sqlite3 --vul_func_name renameTableSelectCb --project sqlite
2025-09-08 16:19:50,615 - INFO - success CVE-2019-19645,details in cve_test/CVE-2019-19645.log

2025-09-08 16:19:50,616 - INFO - detecting CVE-2019-19645 renameTableSelectCb
2025-09-08 16:19:50,617 - INFO - cmd: python main.py --detect --cve_id CVE-2019-19645 --target_bin /binaries/target/sqlite/sqlite-3.29.0-o2-sqlite3 --vul_func_name renameTableSelectCb --project sqlite
2025-09-08 16:19:59,206 - INFO - success CVE-2019-19645,details in cve_test/CVE-2019-19645.log

2025-09-08 16:19:59,207 - INFO - detecting CVE-2019-19645 renameTableSelectCb
2025-09-08 16:19:59,208 - INFO - cmd: python main.py --detect --cve_id CVE-2019-19645 --target_bin /binaries/target/sqlite/sqlite-3.31.0-o2-sqlite3 --vul_func_name renameTableSelectCb --project sqlite
2025-09-08 16:20:08,272 - INFO - success CVE-2019-19645,details in cve_test/CVE-2019-19645.log

2025-09-08 16:20:08,274 - INFO - detecting CVE-2019-19645 renameTableSelectCb
2025-09-08 16:20:08,274 - INFO - cmd: python main.py --detect --cve_id CVE-2019-19645 --target_bin /binaries/target/sqlite/sqlite-3.31.1-o2-sqlite3 --vul_func_name renameTableSelectCb --project sqlite
2025-09-08 16:20:16,901 - INFO - success CVE-2019-19645,details in cve_test/CVE-2019-19645.log

2025-09-08 16:20:16,903 - INFO - detecting CVE-2019-19645 renameTableSelectCb
2025-09-08 16:20:16,903 - INFO - cmd: python main.py --detect --cve_id CVE-2019-19645 --target_bin /binaries/target/sqlite/sqlite-3.32.0-o2-sqlite3 --vul_func_name renameTableSelectCb --project sqlite
2025-09-08 16:20:26,096 - INFO - success CVE-2019-19645,details in cve_test/CVE-2019-19645.log

2025-09-08 16:20:26,097 - INFO - detecting CVE-2019-19646 sqlite3CreateColumnExpr
2025-09-08 16:20:26,098 - INFO - cmd: python main.py --detect --cve_id CVE-2019-19646 --target_bin /binaries/target/sqlite/sqlite-3.30.1-o2-sqlite3 --vul_func_name sqlite3CreateColumnExpr --project sqlite
2025-09-08 16:20:33,537 - INFO - success CVE-2019-19646,details in cve_test/CVE-2019-19646.log

2025-09-08 16:20:33,538 - INFO - detecting CVE-2019-19646 sqlite3CreateColumnExpr
2025-09-08 16:20:33,539 - INFO - cmd: python main.py --detect --cve_id CVE-2019-19646 --target_bin /binaries/target/sqlite/sqlite-3.30.0-o2-sqlite3 --vul_func_name sqlite3CreateColumnExpr --project sqlite
2025-09-08 16:20:40,954 - INFO - success CVE-2019-19646,details in cve_test/CVE-2019-19646.log

2025-09-08 16:20:40,955 - INFO - detecting CVE-2019-19646 sqlite3CreateColumnExpr
2025-09-08 16:20:40,955 - INFO - cmd: python main.py --detect --cve_id CVE-2019-19646 --target_bin /binaries/target/sqlite/sqlite-3.29.0-o2-sqlite3 --vul_func_name sqlite3CreateColumnExpr --project sqlite
2025-09-08 16:20:48,571 - INFO - success CVE-2019-19646,details in cve_test/CVE-2019-19646.log

2025-09-08 16:20:48,572 - INFO - detecting CVE-2019-19646 sqlite3CreateColumnExpr
2025-09-08 16:20:48,573 - INFO - cmd: python main.py --detect --cve_id CVE-2019-19646 --target_bin /binaries/target/sqlite/sqlite-3.31.0-o2-sqlite3 --vul_func_name sqlite3CreateColumnExpr --project sqlite
2025-09-08 16:20:56,460 - INFO - success CVE-2019-19646,details in cve_test/CVE-2019-19646.log

2025-09-08 16:20:56,461 - INFO - detecting CVE-2019-19646 sqlite3CreateColumnExpr
2025-09-08 16:20:56,462 - INFO - cmd: python main.py --detect --cve_id CVE-2019-19646 --target_bin /binaries/target/sqlite/sqlite-3.31.1-o2-sqlite3 --vul_func_name sqlite3CreateColumnExpr --project sqlite
2025-09-08 16:21:03,389 - INFO - success CVE-2019-19646,details in cve_test/CVE-2019-19646.log

2025-09-08 16:21:03,390 - INFO - detecting CVE-2019-19646 sqlite3CreateColumnExpr
2025-09-08 16:21:03,391 - INFO - cmd: python main.py --detect --cve_id CVE-2019-19646 --target_bin /binaries/target/sqlite/sqlite-3.32.0-o2-sqlite3 --vul_func_name sqlite3CreateColumnExpr --project sqlite
2025-09-08 16:21:10,901 - INFO - success CVE-2019-19646,details in cve_test/CVE-2019-19646.log

2025-09-08 16:21:10,902 - INFO - detecting CVE-2019-19924 codeCompare
2025-09-08 16:21:10,903 - INFO - cmd: python main.py --detect --cve_id CVE-2019-19924 --target_bin /binaries/target/sqlite/sqlite-3.30.1-o2-sqlite3 --vul_func_name codeCompare --project sqlite
2025-09-08 16:21:16,842 - INFO - success CVE-2019-19924,details in cve_test/CVE-2019-19924.log

2025-09-08 16:21:16,843 - INFO - detecting CVE-2019-19924 codeCompare
2025-09-08 16:21:16,844 - INFO - cmd: python main.py --detect --cve_id CVE-2019-19924 --target_bin /binaries/target/sqlite/sqlite-3.31.0-o2-sqlite3 --vul_func_name codeCompare --project sqlite
2025-09-08 16:21:24,243 - INFO - success CVE-2019-19924,details in cve_test/CVE-2019-19924.log

2025-09-08 16:21:24,245 - INFO - detecting CVE-2019-19924 codeCompare
2025-09-08 16:21:24,245 - INFO - cmd: python main.py --detect --cve_id CVE-2019-19924 --target_bin /binaries/target/sqlite/sqlite-3.31.1-o2-sqlite3 --vul_func_name codeCompare --project sqlite
2025-09-08 16:21:32,250 - INFO - success CVE-2019-19924,details in cve_test/CVE-2019-19924.log

2025-09-08 16:21:32,251 - INFO - detecting CVE-2019-19924 codeCompare
2025-09-08 16:21:32,252 - INFO - cmd: python main.py --detect --cve_id CVE-2019-19924 --target_bin /binaries/target/sqlite/sqlite-3.32.0-o2-sqlite3 --vul_func_name codeCompare --project sqlite
2025-09-08 16:21:39,155 - INFO - success CVE-2019-19924,details in cve_test/CVE-2019-19924.log

2025-09-08 16:21:39,156 - INFO - detecting CVE-2019-19924 sqlite3WindowRewrite
2025-09-08 16:21:39,157 - INFO - cmd: python main.py --detect --cve_id CVE-2019-19924 --target_bin /binaries/target/sqlite/sqlite-3.30.1-o2-sqlite3 --vul_func_name sqlite3WindowRewrite --project sqlite
2025-09-08 16:21:46,109 - INFO - success CVE-2019-19924,details in cve_test/CVE-2019-19924.log

2025-09-08 16:21:46,111 - INFO - detecting CVE-2019-19924 sqlite3WindowRewrite
2025-09-08 16:21:46,111 - INFO - cmd: python main.py --detect --cve_id CVE-2019-19924 --target_bin /binaries/target/sqlite/sqlite-3.31.0-o2-sqlite3 --vul_func_name sqlite3WindowRewrite --project sqlite
2025-09-08 16:21:53,502 - INFO - success CVE-2019-19924,details in cve_test/CVE-2019-19924.log

2025-09-08 16:21:53,503 - INFO - detecting CVE-2019-19924 sqlite3WindowRewrite
2025-09-08 16:21:53,503 - INFO - cmd: python main.py --detect --cve_id CVE-2019-19924 --target_bin /binaries/target/sqlite/sqlite-3.31.1-o2-sqlite3 --vul_func_name sqlite3WindowRewrite --project sqlite
2025-09-08 16:22:00,892 - INFO - success CVE-2019-19924,details in cve_test/CVE-2019-19924.log

2025-09-08 16:22:00,894 - INFO - detecting CVE-2019-19924 sqlite3WindowRewrite
2025-09-08 16:22:00,898 - INFO - cmd: python main.py --detect --cve_id CVE-2019-19924 --target_bin /binaries/target/sqlite/sqlite-3.32.0-o2-sqlite3 --vul_func_name sqlite3WindowRewrite --project sqlite
2025-09-08 16:22:07,560 - INFO - success CVE-2019-19924,details in cve_test/CVE-2019-19924.log

2025-09-08 16:22:07,561 - INFO - detecting CVE-2019-8457 rtreenode
2025-09-08 16:22:07,562 - INFO - cmd: python main.py --detect --cve_id CVE-2019-8457 --target_bin /binaries/target/sqlite/sqlite-3.27.2-o2-sqlite3 --vul_func_name rtreenode --project sqlite
2025-09-08 16:22:18,473 - INFO - success CVE-2019-8457,details in cve_test/CVE-2019-8457.log

2025-09-08 16:22:18,474 - INFO - detecting CVE-2019-8457 rtreenode
2025-09-08 16:22:18,474 - INFO - cmd: python main.py --detect --cve_id CVE-2019-8457 --target_bin /binaries/target/sqlite/sqlite-3.27.1-o2-sqlite3 --vul_func_name rtreenode --project sqlite
2025-09-08 16:22:29,111 - INFO - success CVE-2019-8457,details in cve_test/CVE-2019-8457.log

2025-09-08 16:22:29,112 - INFO - detecting CVE-2019-8457 rtreenode
2025-09-08 16:22:29,112 - INFO - cmd: python main.py --detect --cve_id CVE-2019-8457 --target_bin /binaries/target/sqlite/sqlite-3.27.0-o2-sqlite3 --vul_func_name rtreenode --project sqlite
2025-09-08 16:22:38,835 - INFO - success CVE-2019-8457,details in cve_test/CVE-2019-8457.log

2025-09-08 16:22:38,836 - INFO - detecting CVE-2019-8457 rtreenode
2025-09-08 16:22:38,837 - INFO - cmd: python main.py --detect --cve_id CVE-2019-8457 --target_bin /binaries/target/sqlite/sqlite-3.28.0-o2-sqlite3 --vul_func_name rtreenode --project sqlite
2025-09-08 16:22:45,689 - INFO - success CVE-2019-8457,details in cve_test/CVE-2019-8457.log

2025-09-08 16:22:45,690 - INFO - detecting CVE-2019-8457 rtreenode
2025-09-08 16:22:45,690 - INFO - cmd: python main.py --detect --cve_id CVE-2019-8457 --target_bin /binaries/target/sqlite/sqlite-3.29.0-o2-sqlite3 --vul_func_name rtreenode --project sqlite
2025-09-08 16:22:52,058 - INFO - success CVE-2019-8457,details in cve_test/CVE-2019-8457.log

2025-09-08 16:22:52,059 - INFO - detecting CVE-2019-8457 rtreenode
2025-09-08 16:22:52,059 - INFO - cmd: python main.py --detect --cve_id CVE-2019-8457 --target_bin /binaries/target/sqlite/sqlite-3.30.0-o2-sqlite3 --vul_func_name rtreenode --project sqlite
2025-09-08 16:22:59,049 - INFO - success CVE-2019-8457,details in cve_test/CVE-2019-8457.log

2025-09-08 16:22:59,050 - INFO - detecting CVE-2020-13632 fts3ExprLHits
2025-09-08 16:22:59,050 - INFO - cmd: python main.py --detect --cve_id CVE-2020-13632 --target_bin /binaries/target/sqlite/sqlite-3.31.1-o2-sqlite3 --vul_func_name fts3ExprLHits --project sqlite
2025-09-08 16:23:09,988 - INFO - success CVE-2020-13632,details in cve_test/CVE-2020-13632.log

2025-09-08 16:23:09,989 - INFO - detecting CVE-2020-13632 fts3ExprLHits
2025-09-08 16:23:09,989 - INFO - cmd: python main.py --detect --cve_id CVE-2020-13632 --target_bin /binaries/target/sqlite/sqlite-3.31.0-o2-sqlite3 --vul_func_name fts3ExprLHits --project sqlite
2025-09-08 16:23:21,005 - INFO - success CVE-2020-13632,details in cve_test/CVE-2020-13632.log

2025-09-08 16:23:21,006 - INFO - detecting CVE-2020-13632 fts3ExprLHits
2025-09-08 16:23:21,007 - INFO - cmd: python main.py --detect --cve_id CVE-2020-13632 --target_bin /binaries/target/sqlite/sqlite-3.30.1-o2-sqlite3 --vul_func_name fts3ExprLHits --project sqlite
2025-09-08 16:23:31,838 - INFO - success CVE-2020-13632,details in cve_test/CVE-2020-13632.log

2025-09-08 16:23:31,839 - INFO - detecting CVE-2020-13632 fts3ExprLHits
2025-09-08 16:23:31,840 - INFO - cmd: python main.py --detect --cve_id CVE-2020-13632 --target_bin /binaries/target/sqlite/sqlite-3.32.0-o2-sqlite3 --vul_func_name fts3ExprLHits --project sqlite
2025-09-08 16:23:41,654 - INFO - success CVE-2020-13632,details in cve_test/CVE-2020-13632.log

2025-09-08 16:23:41,655 - INFO - detecting CVE-2020-13632 fts3ExprLHits
2025-09-08 16:23:41,655 - INFO - cmd: python main.py --detect --cve_id CVE-2020-13632 --target_bin /binaries/target/sqlite/sqlite-3.32.1-o2-sqlite3 --vul_func_name fts3ExprLHits --project sqlite
2025-09-08 16:23:51,152 - INFO - success CVE-2020-13632,details in cve_test/CVE-2020-13632.log

2025-09-08 16:23:51,153 - INFO - detecting CVE-2020-13632 fts3ExprLHits
2025-09-08 16:23:51,153 - INFO - cmd: python main.py --detect --cve_id CVE-2020-13632 --target_bin /binaries/target/sqlite/sqlite-3.32.2-o2-sqlite3 --vul_func_name fts3ExprLHits --project sqlite
2025-09-08 16:24:00,309 - INFO - success CVE-2020-13632,details in cve_test/CVE-2020-13632.log

2025-09-08 16:24:00,310 - INFO - detecting CVE-2021-36690 idxGetTableInfo
2025-09-08 16:24:00,310 - INFO - cmd: python main.py --detect --cve_id CVE-2021-36690 --target_bin /binaries/target/sqlite/sqlite-3.36.0-o2-sqlite3 --vul_func_name idxGetTableInfo --project sqlite
2025-09-08 16:24:10,128 - INFO - success CVE-2021-36690,details in cve_test/CVE-2021-36690.log

2025-09-08 16:24:10,129 - INFO - detecting CVE-2021-36690 idxGetTableInfo
2025-09-08 16:24:10,129 - INFO - cmd: python main.py --detect --cve_id CVE-2021-36690 --target_bin /binaries/target/sqlite/sqlite-3.37.0-o2-sqlite3 --vul_func_name idxGetTableInfo --project sqlite
2025-09-08 16:24:19,877 - INFO - success CVE-2021-36690,details in cve_test/CVE-2021-36690.log

2025-09-08 16:24:19,879 - INFO - detecting CVE-2021-36690 idxGetTableInfo
2025-09-08 16:24:19,879 - INFO - cmd: python main.py --detect --cve_id CVE-2021-36690 --target_bin /binaries/target/sqlite/sqlite-3.37.1-o2-sqlite3 --vul_func_name idxGetTableInfo --project sqlite
2025-09-08 16:24:29,923 - INFO - success CVE-2021-36690,details in cve_test/CVE-2021-36690.log

2025-09-08 16:24:29,924 - INFO - detecting CVE-2021-36690 idxGetTableInfo
2025-09-08 16:24:29,924 - INFO - cmd: python main.py --detect --cve_id CVE-2021-36690 --target_bin /binaries/target/sqlite/sqlite-3.37.2-o2-sqlite3 --vul_func_name idxGetTableInfo --project sqlite
2025-09-08 16:24:39,342 - INFO - success CVE-2021-36690,details in cve_test/CVE-2021-36690.log