2025-09-08 16:19:55,823 - INFO - detecting CVE-2017-12896 isakmp_rfc3948_print
2025-09-08 16:19:55,824 - INFO - cmd: python main.py --detect --cve_id CVE-2017-12896 --target_bin /binaries/target/tcpdump/tcpdump-4.9.1-o2-tcpdump --vul_func_name isakmp_rfc3948_print --project tcpdump
2025-09-08 16:20:02,969 - INFO - success CVE-2017-12896,details in cve_test/CVE-2017-12896.log

2025-09-08 16:20:02,970 - INFO - detecting CVE-2017-12896 isakmp_rfc3948_print
2025-09-08 16:20:02,971 - INFO - cmd: python main.py --detect --cve_id CVE-2017-12896 --target_bin /binaries/target/tcpdump/tcpdump-4.9.0-o2-tcpdump --vul_func_name isakmp_rfc3948_print --project tcpdump
2025-09-08 16:20:09,891 - INFO - success CVE-2017-12896,details in cve_test/CVE-2017-12896.log

2025-09-08 16:20:09,893 - INFO - detecting CVE-2017-12896 isakmp_rfc3948_print
2025-09-08 16:20:09,893 - INFO - cmd: python main.py --detect --cve_id CVE-2017-12896 --target_bin /binaries/target/tcpdump/tcpdump-4.8.1-o2-tcpdump --vul_func_name isakmp_rfc3948_print --project tcpdump
2025-09-08 16:20:16,864 - INFO - success CVE-2017-12896,details in cve_test/CVE-2017-12896.log

2025-09-08 16:20:16,866 - INFO - detecting CVE-2017-12896 isakmp_rfc3948_print
2025-09-08 16:20:16,866 - INFO - cmd: python main.py --detect --cve_id CVE-2017-12896 --target_bin /binaries/target/tcpdump/tcpdump-4.9.3-o2-tcpdump --vul_func_name isakmp_rfc3948_print --project tcpdump
2025-09-08 16:20:24,231 - INFO - success CVE-2017-12896,details in cve_test/CVE-2017-12896.log

2025-09-08 16:20:24,232 - INFO - detecting CVE-2017-12896 isakmp_rfc3948_print
2025-09-08 16:20:24,233 - INFO - cmd: python main.py --detect --cve_id CVE-2017-12896 --target_bin /binaries/target/tcpdump/tcpdump-4.99.0-bp-o2-tcpdump --vul_func_name isakmp_rfc3948_print --project tcpdump
2025-09-08 16:20:30,515 - INFO - success CVE-2017-12896,details in cve_test/CVE-2017-12896.log

2025-09-08 16:20:30,517 - INFO - detecting CVE-2017-12896 isakmp_rfc3948_print
2025-09-08 16:20:30,517 - INFO - cmd: python main.py --detect --cve_id CVE-2017-12896 --target_bin /binaries/target/tcpdump/tcpdump-4.99-bp-o2-tcpdump --vul_func_name isakmp_rfc3948_print --project tcpdump
2025-09-08 16:20:36,386 - INFO - success CVE-2017-12896,details in cve_test/CVE-2017-12896.log

2025-09-08 16:20:36,388 - INFO - detecting CVE-2017-12992 ripng_print
2025-09-08 16:20:36,388 - INFO - cmd: python main.py --detect --cve_id CVE-2017-12992 --target_bin /binaries/target/tcpdump/tcpdump-4.9.1-o2-tcpdump --vul_func_name ripng_print --project tcpdump
2025-09-08 16:20:42,949 - INFO - success CVE-2017-12992,details in cve_test/CVE-2017-12992.log

2025-09-08 16:20:42,951 - INFO - detecting CVE-2017-12992 ripng_print
2025-09-08 16:20:42,955 - INFO - cmd: python main.py --detect --cve_id CVE-2017-12992 --target_bin /binaries/target/tcpdump/tcpdump-4.9.0-o2-tcpdump --vul_func_name ripng_print --project tcpdump
2025-09-08 16:20:49,642 - INFO - success CVE-2017-12992,details in cve_test/CVE-2017-12992.log

2025-09-08 16:20:49,643 - INFO - detecting CVE-2017-12992 ripng_print
2025-09-08 16:20:49,643 - INFO - cmd: python main.py --detect --cve_id CVE-2017-12992 --target_bin /binaries/target/tcpdump/tcpdump-4.8.1-o2-tcpdump --vul_func_name ripng_print --project tcpdump
2025-09-08 16:20:56,706 - INFO - success CVE-2017-12992,details in cve_test/CVE-2017-12992.log

2025-09-08 16:20:56,714 - INFO - detecting CVE-2017-12992 ripng_print
2025-09-08 16:20:56,715 - INFO - cmd: python main.py --detect --cve_id CVE-2017-12992 --target_bin /binaries/target/tcpdump/tcpdump-4.9.3-o2-tcpdump --vul_func_name ripng_print --project tcpdump
2025-09-08 16:21:04,060 - INFO - success CVE-2017-12992,details in cve_test/CVE-2017-12992.log

2025-09-08 16:21:04,061 - INFO - detecting CVE-2017-12992 ripng_print
2025-09-08 16:21:04,061 - INFO - cmd: python main.py --detect --cve_id CVE-2017-12992 --target_bin /binaries/target/tcpdump/tcpdump-4.99.0-bp-o2-tcpdump --vul_func_name ripng_print --project tcpdump
2025-09-08 16:21:10,017 - INFO - success CVE-2017-12992,details in cve_test/CVE-2017-12992.log

2025-09-08 16:21:10,018 - INFO - detecting CVE-2017-12992 ripng_print
2025-09-08 16:21:10,019 - INFO - cmd: python main.py --detect --cve_id CVE-2017-12992 --target_bin /binaries/target/tcpdump/tcpdump-4.99-bp-o2-tcpdump --vul_func_name ripng_print --project tcpdump
2025-09-08 16:21:16,771 - INFO - success CVE-2017-12992,details in cve_test/CVE-2017-12992.log

2025-09-08 16:21:16,772 - INFO - detecting CVE-2017-12993 juniper_atm1_print
2025-09-08 16:21:16,772 - INFO - cmd: python main.py --detect --cve_id CVE-2017-12993 --target_bin /binaries/target/tcpdump/tcpdump-4.9.1-o2-tcpdump --vul_func_name juniper_atm1_print --project tcpdump
2025-09-08 16:21:24,838 - INFO - success CVE-2017-12993,details in cve_test/CVE-2017-12993.log

2025-09-08 16:21:24,839 - INFO - detecting CVE-2017-12993 juniper_atm1_print
2025-09-08 16:21:24,840 - INFO - cmd: python main.py --detect --cve_id CVE-2017-12993 --target_bin /binaries/target/tcpdump/tcpdump-4.9.0-o2-tcpdump --vul_func_name juniper_atm1_print --project tcpdump
2025-09-08 16:21:32,540 - INFO - success CVE-2017-12993,details in cve_test/CVE-2017-12993.log

2025-09-08 16:21:32,541 - INFO - detecting CVE-2017-12993 juniper_atm1_print
2025-09-08 16:21:32,542 - INFO - cmd: python main.py --detect --cve_id CVE-2017-12993 --target_bin /binaries/target/tcpdump/tcpdump-4.8.1-o2-tcpdump --vul_func_name juniper_atm1_print --project tcpdump
2025-09-08 16:21:40,056 - INFO - success CVE-2017-12993,details in cve_test/CVE-2017-12993.log

2025-09-08 16:21:40,057 - INFO - detecting CVE-2017-12993 juniper_atm1_print
2025-09-08 16:21:40,057 - INFO - cmd: python main.py --detect --cve_id CVE-2017-12993 --target_bin /binaries/target/tcpdump/tcpdump-4.9.3-o2-tcpdump --vul_func_name juniper_atm1_print --project tcpdump
2025-09-08 16:21:48,406 - INFO - success CVE-2017-12993,details in cve_test/CVE-2017-12993.log

2025-09-08 16:21:48,407 - INFO - detecting CVE-2017-12993 juniper_atm1_print
2025-09-08 16:21:48,407 - INFO - cmd: python main.py --detect --cve_id CVE-2017-12993 --target_bin /binaries/target/tcpdump/tcpdump-4.99.0-bp-o2-tcpdump --vul_func_name juniper_atm1_print --project tcpdump
2025-09-08 16:21:53,184 - ERROR - fail CVE-2017-12993 ,details1

2025-09-08 16:21:53,185 - INFO - detecting CVE-2017-12993 juniper_atm1_print
2025-09-08 16:21:53,186 - INFO - cmd: python main.py --detect --cve_id CVE-2017-12993 --target_bin /binaries/target/tcpdump/tcpdump-4.99-bp-o2-tcpdump --vul_func_name juniper_atm1_print --project tcpdump
2025-09-08 16:21:58,035 - ERROR - fail CVE-2017-12993 ,details1

2025-09-08 16:21:58,036 - INFO - detecting CVE-2017-12995 ns_nprint
2025-09-08 16:21:58,036 - INFO - cmd: python main.py --detect --cve_id CVE-2017-12995 --target_bin /binaries/target/tcpdump/tcpdump-4.9.1-o2-tcpdump --vul_func_name ns_nprint --project tcpdump
2025-09-08 16:22:04,982 - INFO - success CVE-2017-12995,details in cve_test/CVE-2017-12995.log

2025-09-08 16:22:04,983 - INFO - detecting CVE-2017-12995 ns_nprint
2025-09-08 16:22:04,983 - INFO - cmd: python main.py --detect --cve_id CVE-2017-12995 --target_bin /binaries/target/tcpdump/tcpdump-4.9.0-o2-tcpdump --vul_func_name ns_nprint --project tcpdump
2025-09-08 16:22:11,126 - INFO - success CVE-2017-12995,details in cve_test/CVE-2017-12995.log

2025-09-08 16:22:11,127 - INFO - detecting CVE-2017-12995 ns_nprint
2025-09-08 16:22:11,127 - INFO - cmd: python main.py --detect --cve_id CVE-2017-12995 --target_bin /binaries/target/tcpdump/tcpdump-4.8.1-o2-tcpdump --vul_func_name ns_nprint --project tcpdump
2025-09-08 16:22:17,071 - INFO - success CVE-2017-12995,details in cve_test/CVE-2017-12995.log

2025-09-08 16:22:17,072 - INFO - detecting CVE-2017-12995 ns_nprint
2025-09-08 16:22:17,076 - INFO - cmd: python main.py --detect --cve_id CVE-2017-12995 --target_bin /binaries/target/tcpdump/tcpdump-4.9.3-o2-tcpdump --vul_func_name ns_nprint --project tcpdump
2025-09-08 16:22:24,240 - INFO - success CVE-2017-12995,details in cve_test/CVE-2017-12995.log

2025-09-08 16:22:24,241 - INFO - detecting CVE-2017-12995 ns_nprint
2025-09-08 16:22:24,242 - INFO - cmd: python main.py --detect --cve_id CVE-2017-12995 --target_bin /binaries/target/tcpdump/tcpdump-4.99.0-bp-o2-tcpdump --vul_func_name ns_nprint --project tcpdump
2025-09-08 16:22:29,203 - ERROR - fail CVE-2017-12995 ,details1

2025-09-08 16:22:29,204 - INFO - detecting CVE-2017-12995 ns_nprint
2025-09-08 16:22:29,205 - INFO - cmd: python main.py --detect --cve_id CVE-2017-12995 --target_bin /binaries/target/tcpdump/tcpdump-4.99-bp-o2-tcpdump --vul_func_name ns_nprint --project tcpdump
2025-09-08 16:22:33,966 - ERROR - fail CVE-2017-12995 ,details1

2025-09-08 16:22:33,967 - INFO - detecting CVE-2017-13001 nfs_printfh
2025-09-08 16:22:33,967 - INFO - cmd: python main.py --detect --cve_id CVE-2017-13001 --target_bin /binaries/target/tcpdump/tcpdump-4.9.1-o2-tcpdump --vul_func_name nfs_printfh --project tcpdump
2025-09-08 16:22:41,646 - INFO - success CVE-2017-13001,details in cve_test/CVE-2017-13001.log

2025-09-08 16:22:41,647 - INFO - detecting CVE-2017-13001 nfs_printfh
2025-09-08 16:22:41,648 - INFO - cmd: python main.py --detect --cve_id CVE-2017-13001 --target_bin /binaries/target/tcpdump/tcpdump-4.9.0-o2-tcpdump --vul_func_name nfs_printfh --project tcpdump
2025-09-08 16:22:48,938 - INFO - success CVE-2017-13001,details in cve_test/CVE-2017-13001.log

2025-09-08 16:22:48,939 - INFO - detecting CVE-2017-13001 nfs_printfh
2025-09-08 16:22:48,940 - INFO - cmd: python main.py --detect --cve_id CVE-2017-13001 --target_bin /binaries/target/tcpdump/tcpdump-4.8.1-o2-tcpdump --vul_func_name nfs_printfh --project tcpdump
2025-09-08 16:22:57,456 - INFO - success CVE-2017-13001,details in cve_test/CVE-2017-13001.log

2025-09-08 16:22:57,457 - INFO - detecting CVE-2017-13001 nfs_printfh
2025-09-08 16:22:57,457 - INFO - cmd: python main.py --detect --cve_id CVE-2017-13001 --target_bin /binaries/target/tcpdump/tcpdump-4.9.3-o2-tcpdump --vul_func_name nfs_printfh --project tcpdump
2025-09-08 16:23:05,435 - INFO - success CVE-2017-13001,details in cve_test/CVE-2017-13001.log

2025-09-08 16:23:05,436 - INFO - detecting CVE-2017-13001 nfs_printfh
2025-09-08 16:23:05,437 - INFO - cmd: python main.py --detect --cve_id CVE-2017-13001 --target_bin /binaries/target/tcpdump/tcpdump-4.99.0-bp-o2-tcpdump --vul_func_name nfs_printfh --project tcpdump
2025-09-08 16:23:12,559 - INFO - success CVE-2017-13001,details in cve_test/CVE-2017-13001.log

2025-09-08 16:23:12,560 - INFO - detecting CVE-2017-13001 nfs_printfh
2025-09-08 16:23:12,561 - INFO - cmd: python main.py --detect --cve_id CVE-2017-13001 --target_bin /binaries/target/tcpdump/tcpdump-4.99-bp-o2-tcpdump --vul_func_name nfs_printfh --project tcpdump
2025-09-08 16:23:19,884 - INFO - success CVE-2017-13001,details in cve_test/CVE-2017-13001.log

2025-09-08 16:23:19,885 - INFO - detecting CVE-2017-13002 aodv_extension
2025-09-08 16:23:19,885 - INFO - cmd: python main.py --detect --cve_id CVE-2017-13002 --target_bin /binaries/target/tcpdump/tcpdump-4.9.1-o2-tcpdump --vul_func_name aodv_extension --project tcpdump
2025-09-08 16:23:26,825 - INFO - success CVE-2017-13002,details in cve_test/CVE-2017-13002.log

2025-09-08 16:23:26,826 - INFO - detecting CVE-2017-13002 aodv_extension
2025-09-08 16:23:26,827 - INFO - cmd: python main.py --detect --cve_id CVE-2017-13002 --target_bin /binaries/target/tcpdump/tcpdump-4.9.0-o2-tcpdump --vul_func_name aodv_extension --project tcpdump
2025-09-08 16:23:34,364 - INFO - success CVE-2017-13002,details in cve_test/CVE-2017-13002.log

2025-09-08 16:23:34,365 - INFO - detecting CVE-2017-13002 aodv_extension
2025-09-08 16:23:34,366 - INFO - cmd: python main.py --detect --cve_id CVE-2017-13002 --target_bin /binaries/target/tcpdump/tcpdump-4.8.1-o2-tcpdump --vul_func_name aodv_extension --project tcpdump
2025-09-08 16:23:41,954 - INFO - success CVE-2017-13002,details in cve_test/CVE-2017-13002.log

2025-09-08 16:23:41,955 - INFO - detecting CVE-2017-13002 aodv_extension
2025-09-08 16:23:41,956 - INFO - cmd: python main.py --detect --cve_id CVE-2017-13002 --target_bin /binaries/target/tcpdump/tcpdump-4.9.3-o2-tcpdump --vul_func_name aodv_extension --project tcpdump
2025-09-08 16:23:49,099 - INFO - success CVE-2017-13002,details in cve_test/CVE-2017-13002.log

2025-09-08 16:23:49,100 - INFO - detecting CVE-2017-13002 aodv_extension
2025-09-08 16:23:49,100 - INFO - cmd: python main.py --detect --cve_id CVE-2017-13002 --target_bin /binaries/target/tcpdump/tcpdump-4.99.0-bp-o2-tcpdump --vul_func_name aodv_extension --project tcpdump
2025-09-08 16:23:55,672 - INFO - success CVE-2017-13002,details in cve_test/CVE-2017-13002.log

2025-09-08 16:23:55,673 - INFO - detecting CVE-2017-13002 aodv_extension
2025-09-08 16:23:55,674 - INFO - cmd: python main.py --detect --cve_id CVE-2017-13002 --target_bin /binaries/target/tcpdump/tcpdump-4.99-bp-o2-tcpdump --vul_func_name aodv_extension --project tcpdump
2025-09-08 16:24:02,522 - INFO - success CVE-2017-13002,details in cve_test/CVE-2017-13002.log

2025-09-08 16:24:02,523 - INFO - detecting CVE-2017-13003 lmp_print
2025-09-08 16:24:02,523 - INFO - cmd: python main.py --detect --cve_id CVE-2017-13003 --target_bin /binaries/target/tcpdump/tcpdump-4.9.1-o2-tcpdump --vul_func_name lmp_print --project tcpdump
2025-09-08 16:24:09,082 - INFO - success CVE-2017-13003,details in cve_test/CVE-2017-13003.log

2025-09-08 16:24:09,085 - INFO - detecting CVE-2017-13003 lmp_print
2025-09-08 16:24:09,086 - INFO - cmd: python main.py --detect --cve_id CVE-2017-13003 --target_bin /binaries/target/tcpdump/tcpdump-4.9.0-o2-tcpdump --vul_func_name lmp_print --project tcpdump
2025-09-08 16:24:16,741 - INFO - success CVE-2017-13003,details in cve_test/CVE-2017-13003.log

2025-09-08 16:24:16,742 - INFO - detecting CVE-2017-13003 lmp_print
2025-09-08 16:24:16,742 - INFO - cmd: python main.py --detect --cve_id CVE-2017-13003 --target_bin /binaries/target/tcpdump/tcpdump-4.8.1-o2-tcpdump --vul_func_name lmp_print --project tcpdump
2025-09-08 16:24:23,601 - INFO - success CVE-2017-13003,details in cve_test/CVE-2017-13003.log

2025-09-08 16:24:23,603 - INFO - detecting CVE-2017-13003 lmp_print
2025-09-08 16:24:23,603 - INFO - cmd: python main.py --detect --cve_id CVE-2017-13003 --target_bin /binaries/target/tcpdump/tcpdump-4.9.3-o2-tcpdump --vul_func_name lmp_print --project tcpdump
2025-09-08 16:24:30,600 - INFO - success CVE-2017-13003,details in cve_test/CVE-2017-13003.log

2025-09-08 16:24:30,601 - INFO - detecting CVE-2017-13003 lmp_print
2025-09-08 16:24:30,601 - INFO - cmd: python main.py --detect --cve_id CVE-2017-13003 --target_bin /binaries/target/tcpdump/tcpdump-4.99.0-bp-o2-tcpdump --vul_func_name lmp_print --project tcpdump
2025-09-08 16:24:36,980 - INFO - success CVE-2017-13003,details in cve_test/CVE-2017-13003.log

2025-09-08 16:24:36,981 - INFO - detecting CVE-2017-13003 lmp_print
2025-09-08 16:24:36,981 - INFO - cmd: python main.py --detect --cve_id CVE-2017-13003 --target_bin /binaries/target/tcpdump/tcpdump-4.99-bp-o2-tcpdump --vul_func_name lmp_print --project tcpdump
2025-09-08 16:24:43,712 - INFO - success CVE-2017-13003,details in cve_test/CVE-2017-13003.log

2025-09-08 16:24:43,713 - INFO - detecting CVE-2017-13007 pktap_if_print
2025-09-08 16:24:43,713 - INFO - cmd: python main.py --detect --cve_id CVE-2017-13007 --target_bin /binaries/target/tcpdump/tcpdump-4.9.1-o2-tcpdump --vul_func_name pktap_if_print --project tcpdump
2025-09-08 16:24:51,948 - INFO - success CVE-2017-13007,details in cve_test/CVE-2017-13007.log

2025-09-08 16:24:51,950 - INFO - detecting CVE-2017-13007 pktap_if_print
2025-09-08 16:24:51,950 - INFO - cmd: python main.py --detect --cve_id CVE-2017-13007 --target_bin /binaries/target/tcpdump/tcpdump-4.9.0-o2-tcpdump --vul_func_name pktap_if_print --project tcpdump
2025-09-08 16:24:59,963 - INFO - success CVE-2017-13007,details in cve_test/CVE-2017-13007.log

2025-09-08 16:24:59,964 - INFO - detecting CVE-2017-13007 pktap_if_print
2025-09-08 16:24:59,965 - INFO - cmd: python main.py --detect --cve_id CVE-2017-13007 --target_bin /binaries/target/tcpdump/tcpdump-4.8.1-o2-tcpdump --vul_func_name pktap_if_print --project tcpdump
2025-09-08 16:25:06,846 - INFO - success CVE-2017-13007,details in cve_test/CVE-2017-13007.log

2025-09-08 16:25:06,847 - INFO - detecting CVE-2017-13007 pktap_if_print
2025-09-08 16:25:06,848 - INFO - cmd: python main.py --detect --cve_id CVE-2017-13007 --target_bin /binaries/target/tcpdump/tcpdump-4.9.3-o2-tcpdump --vul_func_name pktap_if_print --project tcpdump
2025-09-08 16:25:13,706 - INFO - success CVE-2017-13007,details in cve_test/CVE-2017-13007.log

2025-09-08 16:25:13,707 - INFO - detecting CVE-2017-13007 pktap_if_print
2025-09-08 16:25:13,708 - INFO - cmd: python main.py --detect --cve_id CVE-2017-13007 --target_bin /binaries/target/tcpdump/tcpdump-4.99.0-bp-o2-tcpdump --vul_func_name pktap_if_print --project tcpdump
2025-09-08 16:25:20,688 - INFO - success CVE-2017-13007,details in cve_test/CVE-2017-13007.log

2025-09-08 16:25:20,690 - INFO - detecting CVE-2017-13007 pktap_if_print
2025-09-08 16:25:20,691 - INFO - cmd: python main.py --detect --cve_id CVE-2017-13007 --target_bin /binaries/target/tcpdump/tcpdump-4.99-bp-o2-tcpdump --vul_func_name pktap_if_print --project tcpdump
2025-09-08 16:25:29,129 - INFO - success CVE-2017-13007,details in cve_test/CVE-2017-13007.log

2025-09-08 16:25:29,131 - INFO - detecting CVE-2017-13030 cisco_autorp_print
2025-09-08 16:25:29,131 - INFO - cmd: python main.py --detect --cve_id CVE-2017-13030 --target_bin /binaries/target/tcpdump/tcpdump-4.9.1-o2-tcpdump --vul_func_name cisco_autorp_print --project tcpdump
2025-09-08 16:25:36,066 - INFO - success CVE-2017-13030,details in cve_test/CVE-2017-13030.log

2025-09-08 16:25:36,067 - INFO - detecting CVE-2017-13030 cisco_autorp_print
2025-09-08 16:25:36,068 - INFO - cmd: python main.py --detect --cve_id CVE-2017-13030 --target_bin /binaries/target/tcpdump/tcpdump-4.9.0-o2-tcpdump --vul_func_name cisco_autorp_print --project tcpdump
2025-09-08 16:25:43,746 - INFO - success CVE-2017-13030,details in cve_test/CVE-2017-13030.log

2025-09-08 16:25:43,748 - INFO - detecting CVE-2017-13030 cisco_autorp_print
2025-09-08 16:25:43,748 - INFO - cmd: python main.py --detect --cve_id CVE-2017-13030 --target_bin /binaries/target/tcpdump/tcpdump-4.8.1-o2-tcpdump --vul_func_name cisco_autorp_print --project tcpdump
2025-09-08 16:25:51,406 - INFO - success CVE-2017-13030,details in cve_test/CVE-2017-13030.log

2025-09-08 16:25:51,407 - INFO - detecting CVE-2017-13030 cisco_autorp_print
2025-09-08 16:25:51,408 - INFO - cmd: python main.py --detect --cve_id CVE-2017-13030 --target_bin /binaries/target/tcpdump/tcpdump-4.9.3-o2-tcpdump --vul_func_name cisco_autorp_print --project tcpdump
2025-09-08 16:25:57,839 - INFO - success CVE-2017-13030,details in cve_test/CVE-2017-13030.log

2025-09-08 16:25:57,840 - INFO - detecting CVE-2017-13030 cisco_autorp_print
2025-09-08 16:25:57,841 - INFO - cmd: python main.py --detect --cve_id CVE-2017-13030 --target_bin /binaries/target/tcpdump/tcpdump-4.99.0-bp-o2-tcpdump --vul_func_name cisco_autorp_print --project tcpdump
2025-09-08 16:26:03,833 - INFO - success CVE-2017-13030,details in cve_test/CVE-2017-13030.log

2025-09-08 16:26:03,834 - INFO - detecting CVE-2017-13030 cisco_autorp_print
2025-09-08 16:26:03,835 - INFO - cmd: python main.py --detect --cve_id CVE-2017-13030 --target_bin /binaries/target/tcpdump/tcpdump-4.99-bp-o2-tcpdump --vul_func_name cisco_autorp_print --project tcpdump
2025-09-08 16:26:09,842 - INFO - success CVE-2017-13030,details in cve_test/CVE-2017-13030.log

2025-09-08 16:26:09,843 - INFO - detecting CVE-2017-13031 frag6_print
2025-09-08 16:26:09,843 - INFO - cmd: python main.py --detect --cve_id CVE-2017-13031 --target_bin /binaries/target/tcpdump/tcpdump-4.9.1-o2-tcpdump --vul_func_name frag6_print --project tcpdump
2025-09-08 16:26:16,930 - INFO - success CVE-2017-13031,details in cve_test/CVE-2017-13031.log

2025-09-08 16:26:16,932 - INFO - detecting CVE-2017-13031 frag6_print
2025-09-08 16:26:16,932 - INFO - cmd: python main.py --detect --cve_id CVE-2017-13031 --target_bin /binaries/target/tcpdump/tcpdump-4.9.0-o2-tcpdump --vul_func_name frag6_print --project tcpdump
2025-09-08 16:26:23,874 - INFO - success CVE-2017-13031,details in cve_test/CVE-2017-13031.log

2025-09-08 16:26:23,876 - INFO - detecting CVE-2017-13031 frag6_print
2025-09-08 16:26:23,876 - INFO - cmd: python main.py --detect --cve_id CVE-2017-13031 --target_bin /binaries/target/tcpdump/tcpdump-4.8.1-o2-tcpdump --vul_func_name frag6_print --project tcpdump
2025-09-08 16:26:31,193 - INFO - success CVE-2017-13031,details in cve_test/CVE-2017-13031.log

2025-09-08 16:26:31,194 - INFO - detecting CVE-2017-13031 frag6_print
2025-09-08 16:26:31,195 - INFO - cmd: python main.py --detect --cve_id CVE-2017-13031 --target_bin /binaries/target/tcpdump/tcpdump-4.9.3-o2-tcpdump --vul_func_name frag6_print --project tcpdump
2025-09-08 16:26:37,163 - INFO - success CVE-2017-13031,details in cve_test/CVE-2017-13031.log

2025-09-08 16:26:37,164 - INFO - detecting CVE-2017-13031 frag6_print
2025-09-08 16:26:37,165 - INFO - cmd: python main.py --detect --cve_id CVE-2017-13031 --target_bin /binaries/target/tcpdump/tcpdump-4.99.0-bp-o2-tcpdump --vul_func_name frag6_print --project tcpdump
2025-09-08 16:26:43,574 - INFO - success CVE-2017-13031,details in cve_test/CVE-2017-13031.log

2025-09-08 16:26:43,576 - INFO - detecting CVE-2017-13031 frag6_print
2025-09-08 16:26:43,576 - INFO - cmd: python main.py --detect --cve_id CVE-2017-13031 --target_bin /binaries/target/tcpdump/tcpdump-4.99-bp-o2-tcpdump --vul_func_name frag6_print --project tcpdump
2025-09-08 16:26:51,228 - INFO - success CVE-2017-13031,details in cve_test/CVE-2017-13031.log

2025-09-08 16:26:51,230 - INFO - detecting CVE-2017-13035 isis_print_id
2025-09-08 16:26:51,230 - INFO - cmd: python main.py --detect --cve_id CVE-2017-13035 --target_bin /binaries/target/tcpdump/tcpdump-4.9.1-o2-tcpdump --vul_func_name isis_print_id --project tcpdump
2025-09-08 16:27:02,512 - INFO - success CVE-2017-13035,details in cve_test/CVE-2017-13035.log

2025-09-08 16:27:02,513 - INFO - detecting CVE-2017-13035 isis_print_id
2025-09-08 16:27:02,514 - INFO - cmd: python main.py --detect --cve_id CVE-2017-13035 --target_bin /binaries/target/tcpdump/tcpdump-4.9.0-o2-tcpdump --vul_func_name isis_print_id --project tcpdump
2025-09-08 16:27:13,836 - INFO - success CVE-2017-13035,details in cve_test/CVE-2017-13035.log

2025-09-08 16:27:13,837 - INFO - detecting CVE-2017-13035 isis_print_id
2025-09-08 16:27:13,838 - INFO - cmd: python main.py --detect --cve_id CVE-2017-13035 --target_bin /binaries/target/tcpdump/tcpdump-4.8.1-o2-tcpdump --vul_func_name isis_print_id --project tcpdump
2025-09-08 16:27:23,982 - INFO - success CVE-2017-13035,details in cve_test/CVE-2017-13035.log

2025-09-08 16:27:23,984 - INFO - detecting CVE-2017-13035 isis_print_id
2025-09-08 16:27:23,984 - INFO - cmd: python main.py --detect --cve_id CVE-2017-13035 --target_bin /binaries/target/tcpdump/tcpdump-4.9.3-o2-tcpdump --vul_func_name isis_print_id --project tcpdump
2025-09-08 16:27:30,988 - INFO - success CVE-2017-13035,details in cve_test/CVE-2017-13035.log

2025-09-08 16:27:30,990 - INFO - detecting CVE-2017-13035 isis_print_id
2025-09-08 16:27:30,990 - INFO - cmd: python main.py --detect --cve_id CVE-2017-13035 --target_bin /binaries/target/tcpdump/tcpdump-4.99.0-bp-o2-tcpdump --vul_func_name isis_print_id --project tcpdump
2025-09-08 16:27:38,260 - INFO - success CVE-2017-13035,details in cve_test/CVE-2017-13035.log

2025-09-08 16:27:38,262 - INFO - detecting CVE-2017-13035 isis_print_id
2025-09-08 16:27:38,262 - INFO - cmd: python main.py --detect --cve_id CVE-2017-13035 --target_bin /binaries/target/tcpdump/tcpdump-4.99-bp-o2-tcpdump --vul_func_name isis_print_id --project tcpdump
2025-09-08 16:27:45,865 - INFO - success CVE-2017-13035,details in cve_test/CVE-2017-13035.log

2025-09-08 16:27:45,866 - INFO - detecting CVE-2017-13039 ikev1_attrmap_print
2025-09-08 16:27:45,867 - INFO - cmd: python main.py --detect --cve_id CVE-2017-13039 --target_bin /binaries/target/tcpdump/tcpdump-4.9.1-o2-tcpdump --vul_func_name ikev1_attrmap_print --project tcpdump
2025-09-08 16:27:54,298 - INFO - success CVE-2017-13039,details in cve_test/CVE-2017-13039.log

2025-09-08 16:27:54,300 - INFO - detecting CVE-2017-13039 ikev1_attrmap_print
2025-09-08 16:27:54,300 - INFO - cmd: python main.py --detect --cve_id CVE-2017-13039 --target_bin /binaries/target/tcpdump/tcpdump-4.9.0-o2-tcpdump --vul_func_name ikev1_attrmap_print --project tcpdump
2025-09-08 16:28:02,529 - INFO - success CVE-2017-13039,details in cve_test/CVE-2017-13039.log

2025-09-08 16:28:02,531 - INFO - detecting CVE-2017-13039 ikev1_attrmap_print
2025-09-08 16:28:02,531 - INFO - cmd: python main.py --detect --cve_id CVE-2017-13039 --target_bin /binaries/target/tcpdump/tcpdump-4.8.1-o2-tcpdump --vul_func_name ikev1_attrmap_print --project tcpdump
2025-09-08 16:28:09,543 - INFO - success CVE-2017-13039,details in cve_test/CVE-2017-13039.log

2025-09-08 16:28:09,544 - INFO - detecting CVE-2017-13039 ikev1_attrmap_print
2025-09-08 16:28:09,545 - INFO - cmd: python main.py --detect --cve_id CVE-2017-13039 --target_bin /binaries/target/tcpdump/tcpdump-4.9.3-o2-tcpdump --vul_func_name ikev1_attrmap_print --project tcpdump
2025-09-08 16:28:17,191 - INFO - success CVE-2017-13039,details in cve_test/CVE-2017-13039.log

2025-09-08 16:28:17,193 - INFO - detecting CVE-2017-13039 ikev1_attrmap_print
2025-09-08 16:28:17,193 - INFO - cmd: python main.py --detect --cve_id CVE-2017-13039 --target_bin /binaries/target/tcpdump/tcpdump-4.99.0-bp-o2-tcpdump --vul_func_name ikev1_attrmap_print --project tcpdump
2025-09-08 16:28:24,549 - INFO - success CVE-2017-13039,details in cve_test/CVE-2017-13039.log

2025-09-08 16:28:24,551 - INFO - detecting CVE-2017-13039 ikev1_attrmap_print
2025-09-08 16:28:24,551 - INFO - cmd: python main.py --detect --cve_id CVE-2017-13039 --target_bin /binaries/target/tcpdump/tcpdump-4.99-bp-o2-tcpdump --vul_func_name ikev1_attrmap_print --project tcpdump
2025-09-08 16:28:32,558 - INFO - success CVE-2017-13039,details in cve_test/CVE-2017-13039.log

2025-09-08 16:28:32,559 - INFO - detecting CVE-2017-13050 rpki_rtr_pdu_print
2025-09-08 16:28:32,560 - INFO - cmd: python main.py --detect --cve_id CVE-2017-13050 --target_bin /binaries/target/tcpdump/tcpdump-4.9.1-o2-tcpdump --vul_func_name rpki_rtr_pdu_print --project tcpdump
2025-09-08 16:28:41,288 - INFO - success CVE-2017-13050,details in cve_test/CVE-2017-13050.log

2025-09-08 16:28:41,289 - INFO - detecting CVE-2017-13050 rpki_rtr_pdu_print
2025-09-08 16:28:41,289 - INFO - cmd: python main.py --detect --cve_id CVE-2017-13050 --target_bin /binaries/target/tcpdump/tcpdump-4.9.0-o2-tcpdump --vul_func_name rpki_rtr_pdu_print --project tcpdump
2025-09-08 16:28:50,304 - INFO - success CVE-2017-13050,details in cve_test/CVE-2017-13050.log

2025-09-08 16:28:50,305 - INFO - detecting CVE-2017-13050 rpki_rtr_pdu_print
2025-09-08 16:28:50,306 - INFO - cmd: python main.py --detect --cve_id CVE-2017-13050 --target_bin /binaries/target/tcpdump/tcpdump-4.8.1-o2-tcpdump --vul_func_name rpki_rtr_pdu_print --project tcpdump
2025-09-08 16:28:59,482 - INFO - success CVE-2017-13050,details in cve_test/CVE-2017-13050.log

2025-09-08 16:28:59,483 - INFO - detecting CVE-2017-13050 rpki_rtr_pdu_print
2025-09-08 16:28:59,483 - INFO - cmd: python main.py --detect --cve_id CVE-2017-13050 --target_bin /binaries/target/tcpdump/tcpdump-4.9.3-o2-tcpdump --vul_func_name rpki_rtr_pdu_print --project tcpdump
2025-09-08 16:29:05,495 - INFO - success CVE-2017-13050,details in cve_test/CVE-2017-13050.log

2025-09-08 16:29:05,496 - INFO - detecting CVE-2017-13050 rpki_rtr_pdu_print
2025-09-08 16:29:05,497 - INFO - cmd: python main.py --detect --cve_id CVE-2017-13050 --target_bin /binaries/target/tcpdump/tcpdump-4.99.0-bp-o2-tcpdump --vul_func_name rpki_rtr_pdu_print --project tcpdump
2025-09-08 16:29:11,455 - INFO - success CVE-2017-13050,details in cve_test/CVE-2017-13050.log

2025-09-08 16:29:11,456 - INFO - detecting CVE-2017-13050 rpki_rtr_pdu_print
2025-09-08 16:29:11,457 - INFO - cmd: python main.py --detect --cve_id CVE-2017-13050 --target_bin /binaries/target/tcpdump/tcpdump-4.99-bp-o2-tcpdump --vul_func_name rpki_rtr_pdu_print --project tcpdump
2025-09-08 16:29:19,097 - INFO - success CVE-2017-13050,details in cve_test/CVE-2017-13050.log

2025-09-08 16:29:19,099 - INFO - detecting CVE-2017-13052 cfm_network_addr_print
2025-09-08 16:29:19,099 - INFO - cmd: python main.py --detect --cve_id CVE-2017-13052 --target_bin /binaries/target/tcpdump/tcpdump-4.9.1-o2-tcpdump --vul_func_name cfm_network_addr_print --project tcpdump
2025-09-08 16:29:23,110 - ERROR - fail CVE-2017-13052 ,details1

2025-09-08 16:29:23,111 - INFO - detecting CVE-2017-13052 cfm_network_addr_print
2025-09-08 16:29:23,111 - INFO - cmd: python main.py --detect --cve_id CVE-2017-13052 --target_bin /binaries/target/tcpdump/tcpdump-4.9.0-o2-tcpdump --vul_func_name cfm_network_addr_print --project tcpdump
2025-09-08 16:29:27,853 - ERROR - fail CVE-2017-13052 ,details1

2025-09-08 16:29:27,854 - INFO - detecting CVE-2017-13052 cfm_network_addr_print
2025-09-08 16:29:27,855 - INFO - cmd: python main.py --detect --cve_id CVE-2017-13052 --target_bin /binaries/target/tcpdump/tcpdump-4.8.1-o2-tcpdump --vul_func_name cfm_network_addr_print --project tcpdump
2025-09-08 16:29:32,120 - ERROR - fail CVE-2017-13052 ,details1

2025-09-08 16:29:32,121 - INFO - detecting CVE-2017-13052 cfm_network_addr_print
2025-09-08 16:29:32,122 - INFO - cmd: python main.py --detect --cve_id CVE-2017-13052 --target_bin /binaries/target/tcpdump/tcpdump-4.9.3-o2-tcpdump --vul_func_name cfm_network_addr_print --project tcpdump
2025-09-08 16:29:36,559 - ERROR - fail CVE-2017-13052 ,details1

2025-09-08 16:29:36,560 - INFO - detecting CVE-2017-13052 cfm_network_addr_print
2025-09-08 16:29:36,561 - INFO - cmd: python main.py --detect --cve_id CVE-2017-13052 --target_bin /binaries/target/tcpdump/tcpdump-4.99.0-bp-o2-tcpdump --vul_func_name cfm_network_addr_print --project tcpdump
2025-09-08 16:29:40,609 - ERROR - fail CVE-2017-13052 ,details1

2025-09-08 16:29:40,610 - INFO - detecting CVE-2017-13052 cfm_network_addr_print
2025-09-08 16:29:40,611 - INFO - cmd: python main.py --detect --cve_id CVE-2017-13052 --target_bin /binaries/target/tcpdump/tcpdump-4.99-bp-o2-tcpdump --vul_func_name cfm_network_addr_print --project tcpdump
2025-09-08 16:29:44,872 - ERROR - fail CVE-2017-13052 ,details1

2025-09-08 16:29:44,874 - INFO - detecting CVE-2017-13053 decode_rt_routing_info
2025-09-08 16:29:44,874 - INFO - cmd: python main.py --detect --cve_id CVE-2017-13053 --target_bin /binaries/target/tcpdump/tcpdump-4.9.1-o2-tcpdump --vul_func_name decode_rt_routing_info --project tcpdump
2025-09-08 16:29:49,723 - ERROR - fail CVE-2017-13053 ,details1

2025-09-08 16:29:49,724 - INFO - detecting CVE-2017-13053 decode_rt_routing_info
2025-09-08 16:29:49,725 - INFO - cmd: python main.py --detect --cve_id CVE-2017-13053 --target_bin /binaries/target/tcpdump/tcpdump-4.9.0-o2-tcpdump --vul_func_name decode_rt_routing_info --project tcpdump
2025-09-08 16:29:54,313 - ERROR - fail CVE-2017-13053 ,details1

2025-09-08 16:29:54,314 - INFO - detecting CVE-2017-13053 decode_rt_routing_info
2025-09-08 16:29:54,315 - INFO - cmd: python main.py --detect --cve_id CVE-2017-13053 --target_bin /binaries/target/tcpdump/tcpdump-4.8.1-o2-tcpdump --vul_func_name decode_rt_routing_info --project tcpdump
2025-09-08 16:29:58,922 - ERROR - fail CVE-2017-13053 ,details1

2025-09-08 16:29:58,924 - INFO - detecting CVE-2017-13053 decode_rt_routing_info
2025-09-08 16:29:58,924 - INFO - cmd: python main.py --detect --cve_id CVE-2017-13053 --target_bin /binaries/target/tcpdump/tcpdump-4.9.3-o2-tcpdump --vul_func_name decode_rt_routing_info --project tcpdump
2025-09-08 16:30:03,300 - ERROR - fail CVE-2017-13053 ,details1

2025-09-08 16:30:03,301 - INFO - detecting CVE-2017-13053 decode_rt_routing_info
2025-09-08 16:30:03,301 - INFO - cmd: python main.py --detect --cve_id CVE-2017-13053 --target_bin /binaries/target/tcpdump/tcpdump-4.99.0-bp-o2-tcpdump --vul_func_name decode_rt_routing_info --project tcpdump
2025-09-08 16:30:07,733 - ERROR - fail CVE-2017-13053 ,details1

2025-09-08 16:30:07,734 - INFO - detecting CVE-2017-13053 decode_rt_routing_info
2025-09-08 16:30:07,735 - INFO - cmd: python main.py --detect --cve_id CVE-2017-13053 --target_bin /binaries/target/tcpdump/tcpdump-4.99-bp-o2-tcpdump --vul_func_name decode_rt_routing_info --project tcpdump
2025-09-08 16:30:12,519 - ERROR - fail CVE-2017-13053 ,details1

2025-09-08 16:30:12,520 - INFO - detecting CVE-2017-13687 chdlc_print
2025-09-08 16:30:12,521 - INFO - cmd: python main.py --detect --cve_id CVE-2017-13687 --target_bin /binaries/target/tcpdump/tcpdump-4.9.1-o2-tcpdump --vul_func_name chdlc_print --project tcpdump
2025-09-08 16:30:20,825 - INFO - success CVE-2017-13687,details in cve_test/CVE-2017-13687.log

2025-09-08 16:30:20,827 - INFO - detecting CVE-2017-13687 chdlc_print
2025-09-08 16:30:20,827 - INFO - cmd: python main.py --detect --cve_id CVE-2017-13687 --target_bin /binaries/target/tcpdump/tcpdump-4.9.0-o2-tcpdump --vul_func_name chdlc_print --project tcpdump
2025-09-08 16:30:28,568 - INFO - success CVE-2017-13687,details in cve_test/CVE-2017-13687.log

2025-09-08 16:30:28,569 - INFO - detecting CVE-2017-13687 chdlc_print
2025-09-08 16:30:28,570 - INFO - cmd: python main.py --detect --cve_id CVE-2017-13687 --target_bin /binaries/target/tcpdump/tcpdump-4.8.1-o2-tcpdump --vul_func_name chdlc_print --project tcpdump
2025-09-08 16:30:36,297 - INFO - success CVE-2017-13687,details in cve_test/CVE-2017-13687.log

2025-09-08 16:30:36,298 - INFO - detecting CVE-2017-13687 chdlc_print
2025-09-08 16:30:36,298 - INFO - cmd: python main.py --detect --cve_id CVE-2017-13687 --target_bin /binaries/target/tcpdump/tcpdump-4.9.3-o2-tcpdump --vul_func_name chdlc_print --project tcpdump
2025-09-08 16:30:42,104 - INFO - success CVE-2017-13687,details in cve_test/CVE-2017-13687.log

2025-09-08 16:30:42,106 - INFO - detecting CVE-2017-13687 chdlc_print
2025-09-08 16:30:42,106 - INFO - cmd: python main.py --detect --cve_id CVE-2017-13687 --target_bin /binaries/target/tcpdump/tcpdump-4.99.0-bp-o2-tcpdump --vul_func_name chdlc_print --project tcpdump
2025-09-08 16:30:48,531 - INFO - success CVE-2017-13687,details in cve_test/CVE-2017-13687.log

2025-09-08 16:30:48,532 - INFO - detecting CVE-2017-13687 chdlc_print
2025-09-08 16:30:48,533 - INFO - cmd: python main.py --detect --cve_id CVE-2017-13687 --target_bin /binaries/target/tcpdump/tcpdump-4.99-bp-o2-tcpdump --vul_func_name chdlc_print --project tcpdump
2025-09-08 16:30:55,025 - INFO - success CVE-2017-13687,details in cve_test/CVE-2017-13687.log

2025-09-08 16:30:55,027 - INFO - detecting CVE-2017-13690 ikev2_ID_print
2025-09-08 16:30:55,028 - INFO - cmd: python main.py --detect --cve_id CVE-2017-13690 --target_bin /binaries/target/tcpdump/tcpdump-4.9.1-o2-tcpdump --vul_func_name ikev2_ID_print --project tcpdump
2025-09-08 16:31:03,504 - INFO - success CVE-2017-13690,details in cve_test/CVE-2017-13690.log

2025-09-08 16:31:03,506 - INFO - detecting CVE-2017-13690 ikev2_ID_print
2025-09-08 16:31:03,506 - INFO - cmd: python main.py --detect --cve_id CVE-2017-13690 --target_bin /binaries/target/tcpdump/tcpdump-4.9.0-o2-tcpdump --vul_func_name ikev2_ID_print --project tcpdump
2025-09-08 16:31:11,735 - INFO - success CVE-2017-13690,details in cve_test/CVE-2017-13690.log

2025-09-08 16:31:11,737 - INFO - detecting CVE-2017-13690 ikev2_ID_print
2025-09-08 16:31:11,737 - INFO - cmd: python main.py --detect --cve_id CVE-2017-13690 --target_bin /binaries/target/tcpdump/tcpdump-4.8.1-o2-tcpdump --vul_func_name ikev2_ID_print --project tcpdump
2025-09-08 16:31:19,546 - INFO - success CVE-2017-13690,details in cve_test/CVE-2017-13690.log

2025-09-08 16:31:19,547 - INFO - detecting CVE-2017-13690 ikev2_ID_print
2025-09-08 16:31:19,548 - INFO - cmd: python main.py --detect --cve_id CVE-2017-13690 --target_bin /binaries/target/tcpdump/tcpdump-4.9.3-o2-tcpdump --vul_func_name ikev2_ID_print --project tcpdump
2025-09-08 16:31:28,136 - INFO - success CVE-2017-13690,details in cve_test/CVE-2017-13690.log

2025-09-08 16:31:28,138 - INFO - detecting CVE-2017-13690 ikev2_ID_print
2025-09-08 16:31:28,138 - INFO - cmd: python main.py --detect --cve_id CVE-2017-13690 --target_bin /binaries/target/tcpdump/tcpdump-4.99.0-bp-o2-tcpdump --vul_func_name ikev2_ID_print --project tcpdump
2025-09-08 16:31:36,237 - INFO - success CVE-2017-13690,details in cve_test/CVE-2017-13690.log

2025-09-08 16:31:36,238 - INFO - detecting CVE-2017-13690 ikev2_ID_print
2025-09-08 16:31:36,239 - INFO - cmd: python main.py --detect --cve_id CVE-2017-13690 --target_bin /binaries/target/tcpdump/tcpdump-4.99-bp-o2-tcpdump --vul_func_name ikev2_ID_print --project tcpdump
2025-09-08 16:31:44,641 - INFO - success CVE-2017-13690,details in cve_test/CVE-2017-13690.log

2025-09-08 16:31:44,649 - INFO - detecting CVE-2017-13725 rt6_print
2025-09-08 16:31:44,649 - INFO - cmd: python main.py --detect --cve_id CVE-2017-13725 --target_bin /binaries/target/tcpdump/tcpdump-4.9.1-o2-tcpdump --vul_func_name rt6_print --project tcpdump
2025-09-08 16:31:52,897 - INFO - success CVE-2017-13725,details in cve_test/CVE-2017-13725.log

2025-09-08 16:31:52,898 - INFO - detecting CVE-2017-13725 rt6_print
2025-09-08 16:31:52,899 - INFO - cmd: python main.py --detect --cve_id CVE-2017-13725 --target_bin /binaries/target/tcpdump/tcpdump-4.9.0-o2-tcpdump --vul_func_name rt6_print --project tcpdump
2025-09-08 16:32:00,443 - INFO - success CVE-2017-13725,details in cve_test/CVE-2017-13725.log

2025-09-08 16:32:00,444 - INFO - detecting CVE-2017-13725 rt6_print
2025-09-08 16:32:00,445 - INFO - cmd: python main.py --detect --cve_id CVE-2017-13725 --target_bin /binaries/target/tcpdump/tcpdump-4.8.1-o2-tcpdump --vul_func_name rt6_print --project tcpdump
2025-09-08 16:32:08,291 - INFO - success CVE-2017-13725,details in cve_test/CVE-2017-13725.log

2025-09-08 16:32:08,292 - INFO - detecting CVE-2017-13725 rt6_print
2025-09-08 16:32:08,293 - INFO - cmd: python main.py --detect --cve_id CVE-2017-13725 --target_bin /binaries/target/tcpdump/tcpdump-4.9.3-o2-tcpdump --vul_func_name rt6_print --project tcpdump
2025-09-08 16:32:14,610 - INFO - success CVE-2017-13725,details in cve_test/CVE-2017-13725.log

2025-09-08 16:32:14,611 - INFO - detecting CVE-2017-13725 rt6_print
2025-09-08 16:32:14,611 - INFO - cmd: python main.py --detect --cve_id CVE-2017-13725 --target_bin /binaries/target/tcpdump/tcpdump-4.99.0-bp-o2-tcpdump --vul_func_name rt6_print --project tcpdump
2025-09-08 16:32:20,641 - INFO - success CVE-2017-13725,details in cve_test/CVE-2017-13725.log

2025-09-08 16:32:20,642 - INFO - detecting CVE-2017-13725 rt6_print
2025-09-08 16:32:20,642 - INFO - cmd: python main.py --detect --cve_id CVE-2017-13725 --target_bin /binaries/target/tcpdump/tcpdump-4.99-bp-o2-tcpdump --vul_func_name rt6_print --project tcpdump
2025-09-08 16:32:26,942 - INFO - success CVE-2017-13725,details in cve_test/CVE-2017-13725.log

2025-09-08 16:32:26,943 - INFO - detecting CVE-2018-16228 print_prefix
2025-09-08 16:32:26,943 - INFO - cmd: python main.py --detect --cve_id CVE-2018-16228 --target_bin /binaries/target/tcpdump/tcpdump-4.9.2-o2-tcpdump --vul_func_name print_prefix --project tcpdump
2025-09-08 16:32:35,024 - INFO - success CVE-2018-16228,details in cve_test/CVE-2018-16228.log

2025-09-08 16:32:35,025 - INFO - detecting CVE-2018-16228 print_prefix
2025-09-08 16:32:35,026 - INFO - cmd: python main.py --detect --cve_id CVE-2018-16228 --target_bin /binaries/target/tcpdump/tcpdump-4.9.1-o2-tcpdump --vul_func_name print_prefix --project tcpdump
2025-09-08 16:32:43,262 - INFO - success CVE-2018-16228,details in cve_test/CVE-2018-16228.log

2025-09-08 16:32:43,271 - INFO - detecting CVE-2018-16228 print_prefix
2025-09-08 16:32:43,271 - INFO - cmd: python main.py --detect --cve_id CVE-2018-16228 --target_bin /binaries/target/tcpdump/tcpdump-4.9.0-o2-tcpdump --vul_func_name print_prefix --project tcpdump
2025-09-08 16:32:51,870 - INFO - success CVE-2018-16228,details in cve_test/CVE-2018-16228.log

2025-09-08 16:32:51,871 - INFO - detecting CVE-2018-16228 print_prefix
2025-09-08 16:32:51,871 - INFO - cmd: python main.py --detect --cve_id CVE-2018-16228 --target_bin /binaries/target/tcpdump/tcpdump-4.9.3-o2-tcpdump --vul_func_name print_prefix --project tcpdump
2025-09-08 16:32:58,958 - INFO - success CVE-2018-16228,details in cve_test/CVE-2018-16228.log

2025-09-08 16:32:58,959 - INFO - detecting CVE-2018-16228 print_prefix
2025-09-08 16:32:58,960 - INFO - cmd: python main.py --detect --cve_id CVE-2018-16228 --target_bin /binaries/target/tcpdump/tcpdump-4.99.0-bp-o2-tcpdump --vul_func_name print_prefix --project tcpdump
2025-09-08 16:33:05,717 - INFO - success CVE-2018-16228,details in cve_test/CVE-2018-16228.log

2025-09-08 16:33:05,719 - INFO - detecting CVE-2018-16228 print_prefix
2025-09-08 16:33:05,719 - INFO - cmd: python main.py --detect --cve_id CVE-2018-16228 --target_bin /binaries/target/tcpdump/tcpdump-4.99-bp-o2-tcpdump --vul_func_name print_prefix --project tcpdump
2025-09-08 16:33:13,197 - INFO - success CVE-2018-16228,details in cve_test/CVE-2018-16228.log

2025-09-08 16:33:13,199 - INFO - detecting CVE-2018-16300 bgp_attr_print
2025-09-08 16:33:13,199 - INFO - cmd: python main.py --detect --cve_id CVE-2018-16300 --target_bin /binaries/target/tcpdump/tcpdump-4.9.2-o2-tcpdump --vul_func_name bgp_attr_print --project tcpdump
2025-09-08 16:33:22,178 - INFO - success CVE-2018-16300,details in cve_test/CVE-2018-16300.log

2025-09-08 16:33:22,181 - INFO - detecting CVE-2018-16300 bgp_attr_print
2025-09-08 16:33:22,181 - INFO - cmd: python main.py --detect --cve_id CVE-2018-16300 --target_bin /binaries/target/tcpdump/tcpdump-4.9.1-o2-tcpdump --vul_func_name bgp_attr_print --project tcpdump
2025-09-08 16:33:30,493 - INFO - success CVE-2018-16300,details in cve_test/CVE-2018-16300.log

2025-09-08 16:33:30,494 - INFO - detecting CVE-2018-16300 bgp_attr_print
2025-09-08 16:33:30,494 - INFO - cmd: python main.py --detect --cve_id CVE-2018-16300 --target_bin /binaries/target/tcpdump/tcpdump-4.9.0-o2-tcpdump --vul_func_name bgp_attr_print --project tcpdump
2025-09-08 16:33:38,945 - INFO - success CVE-2018-16300,details in cve_test/CVE-2018-16300.log

2025-09-08 16:33:38,946 - INFO - detecting CVE-2018-16300 bgp_attr_print
2025-09-08 16:33:38,947 - INFO - cmd: python main.py --detect --cve_id CVE-2018-16300 --target_bin /binaries/target/tcpdump/tcpdump-4.9.3-o2-tcpdump --vul_func_name bgp_attr_print --project tcpdump
2025-09-08 16:33:47,990 - INFO - success CVE-2018-16300,details in cve_test/CVE-2018-16300.log

2025-09-08 16:33:47,992 - INFO - detecting CVE-2018-16300 bgp_attr_print
2025-09-08 16:33:47,992 - INFO - cmd: python main.py --detect --cve_id CVE-2018-16300 --target_bin /binaries/target/tcpdump/tcpdump-4.99.0-bp-o2-tcpdump --vul_func_name bgp_attr_print --project tcpdump
2025-09-08 16:33:55,712 - INFO - success CVE-2018-16300,details in cve_test/CVE-2018-16300.log

2025-09-08 16:33:55,714 - INFO - detecting CVE-2018-16300 bgp_attr_print
2025-09-08 16:33:55,714 - INFO - cmd: python main.py --detect --cve_id CVE-2018-16300 --target_bin /binaries/target/tcpdump/tcpdump-4.99-bp-o2-tcpdump --vul_func_name bgp_attr_print --project tcpdump
2025-09-08 16:34:04,249 - INFO - success CVE-2018-16300,details in cve_test/CVE-2018-16300.log